[Kaggle] raw_dir  → /kaggle/working/input/dunnhumby
[Kaggle] results  → /kaggle/working/results
Config: experiments/configs/extension3_lstm_dynamic_dunnhumby_v4_soft.yaml
Run: extension3_lstm_dynamic_dunnhumby_v4_soft_seed42_expected
Device: cuda
Loading dataset: dunnhumby ...
[pipeline] freq_cap=10 (auto q=0.99) → freq_bins=[0, 1, 2, 3]... (n_classes=11)
  Train customers: 2249, Val: 249, Inference: 2498
[dunnhumby] Customers with 0 calibration transactions: 0 / 2498
  top-bin decode: class_values[-1] = 13.099 (max_trans = 10)
Model: lstm — 103,697 parameters

Training for up to 100 epochs ...
/kaggle/working/thesis-code/src/training/trainer.py:116: FutureWarning: `torch.cuda.amp.GradScaler(args...)` is deprecated. Please use `torch.amp.GradScaler('cuda', args...)` instead.
  self.scaler = torch.cuda.amp.GradScaler(enabled=self.amp_enabled)
[Kendall] log_vars frozen for 5 warm-up epochs.
Epoch   1/100 — train_loss: 1.6882  val_loss: 1.7019  freq: 3.1513  spend: 0.2526  w_freq: 0.500  w_spend: 0.500
Epoch   2/100 — train_loss: 1.6601  val_loss: 1.6533  freq: 3.0578  spend: 0.2489  w_freq: 0.500  w_spend: 0.500
Epoch   3/100 — train_loss: 1.5910  val_loss: 1.5336  freq: 2.8280  spend: 0.2392  w_freq: 0.500  w_spend: 0.500
Epoch   4/100 — train_loss: 1.3849  val_loss: 1.1388  freq: 2.0774  spend: 0.2002  w_freq: 0.500  w_spend: 0.500
Epoch   5/100 — train_loss: 0.9935  val_loss: 0.8903  freq: 1.6333  spend: 0.1474  w_freq: 0.500  w_spend: 0.500
[Kendall] log_vars unfrozen at epoch 6.
[spend-norm] frozen at 0.2314 (absolute val-loss magnitude shifts accordingly; early stopping is relative so this is safe)
Epoch   6/100 — train_loss: 1.1844  val_loss: 1.0824  freq: 1.4995  spend: 0.6688  w_freq: 0.499  w_spend: 0.501
Epoch   7/100 — train_loss: 1.1008  val_loss: 1.0338  freq: 1.4779  spend: 0.5969  w_freq: 0.497  w_spend: 0.503
Epoch   8/100 — train_loss: 1.0534  val_loss: 0.9692  freq: 1.4177  spend: 0.5319  w_freq: 0.495  w_spend: 0.505
Epoch   9/100 — train_loss: 0.9738  val_loss: 0.8537  freq: 1.3593  spend: 0.3651  w_freq: 0.493  w_spend: 0.508
Epoch  10/100 — train_loss: 0.8739  val_loss: 0.7611  freq: 1.3556  spend: 0.1915  w_freq: 0.491  w_spend: 0.510
Epoch  11/100 — train_loss: 0.8119  val_loss: 0.7037  freq: 1.3429  spend: 0.0962  w_freq: 0.489  w_spend: 0.512
Epoch  12/100 — train_loss: 0.7566  val_loss: 0.6589  freq: 1.3362  spend: 0.0204  w_freq: 0.488  w_spend: 0.515
Epoch  13/100 — train_loss: 0.7065  val_loss: 0.6138  freq: 1.3422  spend: -0.0667  w_freq: 0.487  w_spend: 0.517
Epoch  14/100 — train_loss: 0.6650  val_loss: 0.6042  freq: 1.3494  spend: -0.0865  w_freq: 0.485  w_spend: 0.519
Epoch  15/100 — train_loss: 0.6551  val_loss: 0.5798  freq: 1.3501  spend: -0.1285  w_freq: 0.484  w_spend: 0.522
Epoch  16/100 — train_loss: 0.6360  val_loss: 0.5622  freq: 1.3420  spend: -0.1500  w_freq: 0.483  w_spend: 0.524
Epoch  17/100 — train_loss: 0.6143  val_loss: 0.5411  freq: 1.3419  spend: -0.1852  w_freq: 0.482  w_spend: 0.526
Epoch  18/100 — train_loss: 0.5976  val_loss: 0.5232  freq: 1.3347  spend: -0.2065  w_freq: 0.481  w_spend: 0.528
Epoch  19/100 — train_loss: 0.5785  val_loss: 0.5268  freq: 1.3346  spend: -0.1914  w_freq: 0.480  w_spend: 0.531
Epoch  20/100 — train_loss: 0.5673  val_loss: 0.4976  freq: 1.3189  spend: -0.2251  w_freq: 0.478  w_spend: 0.534
Epoch  21/100 — train_loss: 0.5588  val_loss: 0.4846  freq: 1.3126  spend: -0.2376  w_freq: 0.477  w_spend: 0.537
Epoch  22/100 — train_loss: 0.5513  val_loss: 0.4928  freq: 1.3125  spend: -0.2168  w_freq: 0.475  w_spend: 0.539
Epoch  23/100 — train_loss: 0.5491  val_loss: 0.4793  freq: 1.3036  spend: -0.2293  w_freq: 0.474  w_spend: 0.541
Epoch  24/100 — train_loss: 0.5416  val_loss: 0.4810  freq: 1.3028  spend: -0.2217  w_freq: 0.473  w_spend: 0.543
Epoch  25/100 — train_loss: 0.5377  val_loss: 0.4800  freq: 1.2995  spend: -0.2172  w_freq: 0.473  w_spend: 0.545
Epoch  26/100 — train_loss: 0.5300  val_loss: 0.4587  freq: 1.2954  spend: -0.2489  w_freq: 0.472  w_spend: 0.546
Epoch  27/100 — train_loss: 0.5225  val_loss: 0.4555  freq: 1.2914  spend: -0.2453  w_freq: 0.471  w_spend: 0.548
Epoch  28/100 — train_loss: 0.5134  val_loss: 0.4428  freq: 1.2884  spend: -0.2599  w_freq: 0.470  w_spend: 0.551
Epoch  29/100 — train_loss: 0.5063  val_loss: 0.4372  freq: 1.2833  spend: -0.2596  w_freq: 0.468  w_spend: 0.554
Epoch  30/100 — train_loss: 0.4993  val_loss: 0.4504  freq: 1.2811  spend: -0.2289  w_freq: 0.467  w_spend: 0.556
Epoch  31/100 — train_loss: 0.5077  val_loss: 0.4285  freq: 1.2809  spend: -0.2639  w_freq: 0.466  w_spend: 0.558
Epoch  32/100 — train_loss: 0.4979  val_loss: 0.4297  freq: 1.2786  spend: -0.2562  w_freq: 0.465  w_spend: 0.560
Epoch  33/100 — train_loss: 0.4953  val_loss: 0.4248  freq: 1.2754  spend: -0.2588  w_freq: 0.464  w_spend: 0.562
Epoch  34/100 — train_loss: 0.4936  val_loss: 0.4282  freq: 1.2734  spend: -0.2473  w_freq: 0.464  w_spend: 0.563
Epoch  35/100 — train_loss: 0.4890  val_loss: 0.4357  freq: 1.2738  spend: -0.2314  w_freq: 0.463  w_spend: 0.565
Epoch  36/100 — train_loss: 0.4822  val_loss: 0.4130  freq: 1.2726  spend: -0.2671  w_freq: 0.462  w_spend: 0.566
Epoch  37/100 — train_loss: 0.4820  val_loss: 0.4066  freq: 1.2687  spend: -0.2717  w_freq: 0.462  w_spend: 0.568
Epoch  38/100 — train_loss: 0.4765  val_loss: 0.4135  freq: 1.2668  spend: -0.2551  w_freq: 0.461  w_spend: 0.569
Epoch  39/100 — train_loss: 0.4738  val_loss: 0.4025  freq: 1.2665  spend: -0.2714  w_freq: 0.460  w_spend: 0.571
Epoch  40/100 — train_loss: 0.4726  val_loss: 0.4057  freq: 1.2662  spend: -0.2631  w_freq: 0.460  w_spend: 0.572
Epoch  41/100 — train_loss: 0.4692  val_loss: 0.4051  freq: 1.2639  spend: -0.2589  w_freq: 0.459  w_spend: 0.573
Epoch  42/100 — train_loss: 0.4710  val_loss: 0.3988  freq: 1.2655  spend: -0.2679  w_freq: 0.459  w_spend: 0.575
Epoch  43/100 — train_loss: 0.4686  val_loss: 0.3894  freq: 1.2614  spend: -0.2778  w_freq: 0.458  w_spend: 0.576
Epoch  44/100 — train_loss: 0.4635  val_loss: 0.3993  freq: 1.2614  spend: -0.2570  w_freq: 0.457  w_spend: 0.578
Epoch  45/100 — train_loss: 0.4660  val_loss: 0.3860  freq: 1.2621  spend: -0.2773  w_freq: 0.457  w_spend: 0.580
Epoch  46/100 — train_loss: 0.4646  val_loss: 0.3881  freq: 1.2594  spend: -0.2688  w_freq: 0.456  w_spend: 0.581
Epoch  47/100 — train_loss: 0.4588  val_loss: 0.3866  freq: 1.2578  spend: -0.2673  w_freq: 0.455  w_spend: 0.582
Epoch  48/100 — train_loss: 0.4522  val_loss: 0.3789  freq: 1.2564  spend: -0.2762  w_freq: 0.455  w_spend: 0.584
Epoch  49/100 — train_loss: 0.4532  val_loss: 0.3744  freq: 1.2560  spend: -0.2797  w_freq: 0.454  w_spend: 0.586
Epoch  50/100 — train_loss: 0.4501  val_loss: 0.3713  freq: 1.2579  spend: -0.2829  w_freq: 0.453  w_spend: 0.587
Epoch  51/100 — train_loss: 0.4480  val_loss: 0.3755  freq: 1.2580  spend: -0.2721  w_freq: 0.453  w_spend: 0.589
Epoch  52/100 — train_loss: 0.4448  val_loss: 0.3673  freq: 1.2521  spend: -0.2784  w_freq: 0.452  w_spend: 0.591
Epoch  53/100 — train_loss: 0.4371  val_loss: 0.3617  freq: 1.2512  spend: -0.2841  w_freq: 0.451  w_spend: 0.592
Epoch  54/100 — train_loss: 0.4363  val_loss: 0.3727  freq: 1.2510  spend: -0.2624  w_freq: 0.450  w_spend: 0.594
Epoch  55/100 — train_loss: 0.4320  val_loss: 0.3608  freq: 1.2500  spend: -0.2785  w_freq: 0.450  w_spend: 0.596
Epoch  56/100 — train_loss: 0.4352  val_loss: 0.3639  freq: 1.2497  spend: -0.2701  w_freq: 0.449  w_spend: 0.597
Epoch  57/100 — train_loss: 0.4337  val_loss: 0.3515  freq: 1.2484  spend: -0.2875  w_freq: 0.449  w_spend: 0.599
Epoch  58/100 — train_loss: 0.4386  val_loss: 0.3616  freq: 1.2488  spend: -0.2691  w_freq: 0.448  w_spend: 0.600
Epoch  59/100 — train_loss: 0.4384  val_loss: 0.3537  freq: 1.2488  spend: -0.2807  w_freq: 0.448  w_spend: 0.600
Epoch  60/100 — train_loss: 0.4274  val_loss: 0.3493  freq: 1.2482  spend: -0.2858  w_freq: 0.447  w_spend: 0.601
Epoch  61/100 — train_loss: 0.4252  val_loss: 0.3498  freq: 1.2472  spend: -0.2820  w_freq: 0.447  w_spend: 0.602
Epoch  62/100 — train_loss: 0.4284  val_loss: 0.3518  freq: 1.2462  spend: -0.2757  w_freq: 0.447  w_spend: 0.604
Epoch  63/100 — train_loss: 0.4238  val_loss: 0.3437  freq: 1.2479  spend: -0.2881  w_freq: 0.446  w_spend: 0.605
Epoch  64/100 — train_loss: 0.4251  val_loss: 0.3514  freq: 1.2460  spend: -0.2720  w_freq: 0.446  w_spend: 0.606
Epoch  65/100 — train_loss: 0.4268  val_loss: 0.3403  freq: 1.2457  spend: -0.2887  w_freq: 0.445  w_spend: 0.607
Epoch  66/100 — train_loss: 0.4244  val_loss: 0.3453  freq: 1.2453  spend: -0.2786  w_freq: 0.445  w_spend: 0.607
Epoch  67/100 — train_loss: 0.4187  val_loss: 0.3458  freq: 1.2453  spend: -0.2761  w_freq: 0.445  w_spend: 0.608
Epoch  68/100 — train_loss: 0.4200  val_loss: 0.3368  freq: 1.2450  spend: -0.2889  w_freq: 0.444  w_spend: 0.609
Epoch  69/100 — train_loss: 0.4280  val_loss: 0.3418  freq: 1.2449  spend: -0.2794  w_freq: 0.444  w_spend: 0.610
Epoch  70/100 — train_loss: 0.4224  val_loss: 0.3408  freq: 1.2445  spend: -0.2795  w_freq: 0.444  w_spend: 0.611
Epoch  71/100 — train_loss: 0.4214  val_loss: 0.3402  freq: 1.2445  spend: -0.2791  w_freq: 0.443  w_spend: 0.611
Epoch  72/100 — train_loss: 0.4175  val_loss: 0.3365  freq: 1.2441  spend: -0.2834  w_freq: 0.443  w_spend: 0.612
Epoch  73/100 — train_loss: 0.4210  val_loss: 0.3375  freq: 1.2447  spend: -0.2809  w_freq: 0.443  w_spend: 0.613
Epoch  74/100 — train_loss: 0.4173  val_loss: 0.3334  freq: 1.2430  spend: -0.2853  w_freq: 0.442  w_spend: 0.614
Epoch  75/100 — train_loss: 0.4173  val_loss: 0.3370  freq: 1.2444  spend: -0.2793  w_freq: 0.442  w_spend: 0.614
Epoch  76/100 — train_loss: 0.4171  val_loss: 0.3345  freq: 1.2426  spend: -0.2811  w_freq: 0.442  w_spend: 0.615
Epoch  77/100 — train_loss: 0.4211  val_loss: 0.3341  freq: 1.2435  spend: -0.2818  w_freq: 0.442  w_spend: 0.615
Epoch  78/100 — train_loss: 0.4193  val_loss: 0.3404  freq: 1.2434  spend: -0.2710  w_freq: 0.442  w_spend: 0.615
Epoch  79/100 — train_loss: 0.4193  val_loss: 0.3410  freq: 1.2431  spend: -0.2690  w_freq: 0.441  w_spend: 0.616
Epoch  80/100 — train_loss: 0.4128  val_loss: 0.3431  freq: 1.2429  spend: -0.2647  w_freq: 0.441  w_spend: 0.616
Epoch  81/100 — train_loss: 0.4196  val_loss: 0.3454  freq: 1.2433  spend: -0.2608  w_freq: 0.441  w_spend: 0.616
Epoch  82/100 — train_loss: 0.4182  val_loss: 0.3379  freq: 1.2433  spend: -0.2724  w_freq: 0.441  w_spend: 0.617
Epoch  83/100 — train_loss: 0.4202  val_loss: 0.3369  freq: 1.2430  spend: -0.2733  w_freq: 0.441  w_spend: 0.617
Epoch  84/100 — train_loss: 0.4216  val_loss: 0.3421  freq: 1.2433  spend: -0.2646  w_freq: 0.441  w_spend: 0.617
Epoch  85/100 — train_loss: 0.4158  val_loss: 0.3388  freq: 1.2426  spend: -0.2691  w_freq: 0.441  w_spend: 0.618
Epoch  86/100 — train_loss: 0.4203  val_loss: 0.3358  freq: 1.2429  spend: -0.2738  w_freq: 0.441  w_spend: 0.618
Epoch  87/100 — train_loss: 0.4174  val_loss: 0.3430  freq: 1.2429  spend: -0.2618  w_freq: 0.440  w_spend: 0.618
Epoch  88/100 — train_loss: 0.4192  val_loss: 0.3399  freq: 1.2427  spend: -0.2664  w_freq: 0.440  w_spend: 0.618
Epoch  89/100 — train_loss: 0.4228  val_loss: 0.3380  freq: 1.2427  spend: -0.2693  w_freq: 0.440  w_spend: 0.618
Epoch  90/100 — train_loss: 0.4209  val_loss: 0.3433  freq: 1.2429  spend: -0.2608  w_freq: 0.440  w_spend: 0.618
Epoch  91/100 — train_loss: 0.4255  val_loss: 0.3455  freq: 1.2430  spend: -0.2569  w_freq: 0.440  w_spend: 0.618
Epoch  92/100 — train_loss: 0.4250  val_loss: 0.3454  freq: 1.2430  spend: -0.2571  w_freq: 0.440  w_spend: 0.619
Epoch  93/100 — train_loss: 0.4228  val_loss: 0.3430  freq: 1.2428  spend: -0.2607  w_freq: 0.440  w_spend: 0.619
Epoch  94/100 — train_loss: 0.4300  val_loss: 0.3468  freq: 1.2429  spend: -0.2545  w_freq: 0.440  w_spend: 0.619
Early stopping triggered at epoch 94.

Checkpoint saved: /kaggle/working/results/checkpoints/extension3_lstm_dynamic_dunnhumby_v4_soft_seed42_expected.pt
Validation-fitted softmax temperature: 0.9000

Duan's smearing factor (val): 1.4406
Validation aggregate calibration: freq_factor=1.0456, spend_factor=0.9910

Running autoregressive inference on holdout period ...
  inference mode: expected  n_scenarios: 1  temperature: 0.9000

=== Prediction Diagnostics ===
  Mean predicted freq/week:    0.9718
  Mean actual freq/week:       1.1882
  Over-prediction ratio:       0.818x
  Customers predicted as zero total:  0.098
  Customers actually zero total:      0.188
  Non-zero rate (pred, avg > 0.05):  1.000
  Non-zero rate (true):               0.542

Metrics saved: /kaggle/working/results/tables/extension3_lstm_dynamic_dunnhumby_v4_soft_seed42_expected_metrics.json
Array artifacts saved: /kaggle/working/results/tables/extension3_lstm_dynamic_dunnhumby_v4_soft_seed42_expected_arrays.npz

=== Holdout Evaluation ===
  metric_definition_version: valendin_aggregate_mape_v1
  freq_rmse: 3.9560
  freq_mae: 2.1294
  freq_normalized_gini: 0.8404
  freq_calibration_factor: 1.0456
  freq_horizon_abs_bias_pct: 14.4748
  bias_pct: -14.4748
  freq_weekly_mae: 429.6119
  freq_weekly_total_true: 11872.0000
  freq_weekly_total_pred: 10153.5524
  freq_valendin_mape: 14.4748
  freq_horizon_bias_pct: -14.4748
  freq_weekly_mean_pct_mape: 14.4743
  freq_weekly_mean_pct_bias_pct: -14.4743
  freq_weekly_bias_pct: -14.4748
  freq_weekly_mape: 14.4748
  freq_mape: 14.4748
  freq_mase: 0.9976
  freq_mase_scale: 0.8235
  smearing_factor: 1.4406
  spend_calibration_factor: 0.9910
  spend_mae_raw: 63.7290
  spend_rmse_raw: 102.7754
  spend_normalized_gini: 0.8312
  spend_mae_log: 1.0557
  spend_rmse_log: 1.5143
  spend_r2_log: 0.4791
  spend_bias_pct: -2.9672
  spend_weekly_mae: 3763.5558
  spend_weekly_total_true: 347125.7605
  spend_weekly_total_pred: 336825.7943
  spend_valendin_mape: 4.3368
  spend_horizon_abs_bias_pct: 2.9672
  spend_horizon_bias_pct: -2.9672
  spend_weekly_mean_pct_mape: 4.2515
  spend_weekly_mean_pct_bias_pct: -2.8207
  spend_weekly_bias_pct: -2.9672
  spend_weekly_mape: 4.3368
  spend_mase: 0.9750
  spend_mase_scale: 27.5152
  clv_mae: 63.5581
  clv_rmse: 102.4940
  clv_spearman: 0.7928
  clv_decile_lift: 3.4131
  clv_normalized_gini: 0.8313
  clv_total_true: 346205.2188
  clv_total_pred: 335923.0625
  calibration_temperature_source: rolling_origin_autoregressive
  validation_temperature: 0.9000
  smearing_source: rolling_origin_autoregressive
  calibration_source: rolling_origin_autoregressive
  validation_freq_true_total: 2215.0000
  validation_freq_pred_total: 1873.0556
  validation_spend_true_total: 63355.4414
  validation_spend_pred_total: 65710.0312
  validation_freq_calibration_factor: 1.0456
  validation_spend_calibration_factor: 0.9910
  validation_rolling_origin_count: 2
  protocol_name: dunnhumby_configured_80x4
  cohort_size: 2498
  calibration_weeks: 80
  holdout_weeks: 4
  inference_mode: expected
  n_scenarios: 1
  final_manifest_version: 2026-05-20-results-recovery-protocol
  final_manifest_run_name: extension3_lstm_dynamic_dunnhumby_v4_soft_seed42_expected
  final_manifest_config: experiments/configs/extension3_lstm_dynamic_dunnhumby_v4_soft.yaml
  final_manifest_config_hash: 061bc06a2909
  final_manifest_actual_config_hash: 25c1be1636c3
  final_manifest_seed: 42
  final_manifest_epochs: 100
  final_manifest_inference_mode: expected
  final_manifest_n_scenarios: 1
  run_valid: True
  run_invalid_reason: 
  run_warning: expected inference mode is diagnostic-only for Valendin-style reporting
  diagnostic_only: True
  epochs_completed: 94
  max_epochs_configured: 100
History saved: /kaggle/working/results/tables/extension3_lstm_dynamic_dunnhumby_v4_soft_seed42_expected_history.json
