[Kaggle] raw_dir  → /kaggle/working/input/dunnhumby
[Kaggle] results  → /kaggle/working/results
Config: experiments/configs/extension3_lstm_static_dunnhumby_v4_soft.yaml
Run: extension3_lstm_static_dunnhumby_v4_soft_seed42_expected
Device: cuda
Loading dataset: dunnhumby ...
[pipeline] freq_cap=10 (auto q=0.99) → freq_bins=[0, 1, 2, 3]... (n_classes=11)
  Train customers: 2249, Val: 249, Inference: 2498
[dunnhumby] Customers with 0 calibration transactions: 0 / 2498
  top-bin decode: class_values[-1] = 13.099 (max_trans = 10)
Model: lstm — 103,697 parameters

Training for up to 100 epochs ...
/kaggle/working/thesis-code/src/training/trainer.py:116: FutureWarning: `torch.cuda.amp.GradScaler(args...)` is deprecated. Please use `torch.amp.GradScaler('cuda', args...)` instead.
  self.scaler = torch.cuda.amp.GradScaler(enabled=self.amp_enabled)
[Kendall] log_vars frozen for 5 warm-up epochs.
Epoch   1/100 — train_loss: 1.6883  val_loss: 1.7020  freq: 3.1513  spend: 0.2527  w_freq: 0.500  w_spend: 0.500
Epoch   2/100 — train_loss: 1.6601  val_loss: 1.6532  freq: 3.0574  spend: 0.2490  w_freq: 0.500  w_spend: 0.500
Epoch   3/100 — train_loss: 1.5907  val_loss: 1.5329  freq: 2.8265  spend: 0.2392  w_freq: 0.500  w_spend: 0.500
Epoch   4/100 — train_loss: 1.3833  val_loss: 1.1359  freq: 2.0718  spend: 0.2000  w_freq: 0.500  w_spend: 0.500
Epoch   5/100 — train_loss: 0.9921  val_loss: 0.8898  freq: 1.6323  spend: 0.1474  w_freq: 0.500  w_spend: 0.500
[Kendall] log_vars unfrozen at epoch 6.
[spend-norm] frozen at 0.2312 (absolute val-loss magnitude shifts accordingly; early stopping is relative so this is safe)
Epoch   6/100 — train_loss: 1.1831  val_loss: 1.0812  freq: 1.4997  spend: 0.6661  w_freq: 0.499  w_spend: 0.501
Epoch   7/100 — train_loss: 1.1017  val_loss: 1.0375  freq: 1.4812  spend: 0.6009  w_freq: 0.497  w_spend: 0.503
Epoch   8/100 — train_loss: 1.0559  val_loss: 0.9698  freq: 1.4198  spend: 0.5310  w_freq: 0.495  w_spend: 0.505
Epoch   9/100 — train_loss: 0.9718  val_loss: 0.8467  freq: 1.3583  spend: 0.3523  w_freq: 0.493  w_spend: 0.507
Epoch  10/100 — train_loss: 0.8609  val_loss: 0.7364  freq: 1.3507  spend: 0.1478  w_freq: 0.491  w_spend: 0.510
Epoch  11/100 — train_loss: 0.7817  val_loss: 0.6727  freq: 1.3428  spend: 0.0367  w_freq: 0.489  w_spend: 0.512
Epoch  12/100 — train_loss: 0.7137  val_loss: 0.6191  freq: 1.3488  spend: -0.0664  w_freq: 0.488  w_spend: 0.515
Epoch  13/100 — train_loss: 0.6643  val_loss: 0.5843  freq: 1.3586  spend: -0.1363  w_freq: 0.486  w_spend: 0.518
Epoch  14/100 — train_loss: 0.6533  val_loss: 0.5652  freq: 1.3588  spend: -0.1673  w_freq: 0.485  w_spend: 0.521
Epoch  15/100 — train_loss: 0.6522  val_loss: 0.5653  freq: 1.3501  spend: -0.1549  w_freq: 0.483  w_spend: 0.523
Epoch  16/100 — train_loss: 0.6376  val_loss: 0.5884  freq: 1.3444  spend: -0.1024  w_freq: 0.483  w_spend: 0.524
Epoch  17/100 — train_loss: 0.6181  val_loss: 0.5427  freq: 1.3480  spend: -0.1890  w_freq: 0.482  w_spend: 0.526
Epoch  18/100 — train_loss: 0.5979  val_loss: 0.5223  freq: 1.3356  spend: -0.2118  w_freq: 0.481  w_spend: 0.527
Epoch  19/100 — train_loss: 0.5861  val_loss: 0.5117  freq: 1.3307  spend: -0.2216  w_freq: 0.480  w_spend: 0.529
Epoch  20/100 — train_loss: 0.5715  val_loss: 0.5100  freq: 1.3234  spend: -0.2127  w_freq: 0.479  w_spend: 0.532
Epoch  21/100 — train_loss: 0.5628  val_loss: 0.4981  freq: 1.3212  spend: -0.2267  w_freq: 0.478  w_spend: 0.534
Epoch  22/100 — train_loss: 0.5495  val_loss: 0.4825  freq: 1.3117  spend: -0.2410  w_freq: 0.477  w_spend: 0.537
Epoch  23/100 — train_loss: 0.5445  val_loss: 0.4732  freq: 1.3059  spend: -0.2470  w_freq: 0.475  w_spend: 0.539
Epoch  24/100 — train_loss: 0.5359  val_loss: 0.4740  freq: 1.3008  spend: -0.2368  w_freq: 0.474  w_spend: 0.541
Epoch  25/100 — train_loss: 0.5324  val_loss: 0.4658  freq: 1.3012  spend: -0.2483  w_freq: 0.473  w_spend: 0.543
Epoch  26/100 — train_loss: 0.5253  val_loss: 0.4645  freq: 1.2949  spend: -0.2418  w_freq: 0.473  w_spend: 0.545
Epoch  27/100 — train_loss: 0.5253  val_loss: 0.4590  freq: 1.2969  spend: -0.2501  w_freq: 0.472  w_spend: 0.546
Epoch  28/100 — train_loss: 0.5173  val_loss: 0.4543  freq: 1.2920  spend: -0.2508  w_freq: 0.471  w_spend: 0.548
Epoch  29/100 — train_loss: 0.5140  val_loss: 0.4495  freq: 1.2907  spend: -0.2551  w_freq: 0.471  w_spend: 0.549
Epoch  30/100 — train_loss: 0.5092  val_loss: 0.4475  freq: 1.2885  spend: -0.2531  w_freq: 0.470  w_spend: 0.551
Epoch  31/100 — train_loss: 0.5043  val_loss: 0.4388  freq: 1.2855  spend: -0.2616  w_freq: 0.469  w_spend: 0.553
Epoch  32/100 — train_loss: 0.4975  val_loss: 0.4345  freq: 1.2823  spend: -0.2606  w_freq: 0.468  w_spend: 0.555
Epoch  33/100 — train_loss: 0.4995  val_loss: 0.4413  freq: 1.2786  spend: -0.2405  w_freq: 0.467  w_spend: 0.557
Epoch  34/100 — train_loss: 0.4961  val_loss: 0.4246  freq: 1.2791  spend: -0.2667  w_freq: 0.466  w_spend: 0.559
Epoch  35/100 — train_loss: 0.4894  val_loss: 0.4259  freq: 1.2791  spend: -0.2599  w_freq: 0.465  w_spend: 0.561
Epoch  36/100 — train_loss: 0.4823  val_loss: 0.4244  freq: 1.2765  spend: -0.2562  w_freq: 0.464  w_spend: 0.563
Epoch  37/100 — train_loss: 0.4784  val_loss: 0.4183  freq: 1.2713  spend: -0.2582  w_freq: 0.464  w_spend: 0.565
Epoch  38/100 — train_loss: 0.4762  val_loss: 0.4140  freq: 1.2722  spend: -0.2618  w_freq: 0.463  w_spend: 0.568
Epoch  39/100 — train_loss: 0.4738  val_loss: 0.4100  freq: 1.2700  spend: -0.2632  w_freq: 0.462  w_spend: 0.570
Epoch  40/100 — train_loss: 0.4663  val_loss: 0.4029  freq: 1.2699  spend: -0.2719  w_freq: 0.461  w_spend: 0.571
Epoch  41/100 — train_loss: 0.4677  val_loss: 0.3974  freq: 1.2644  spend: -0.2730  w_freq: 0.460  w_spend: 0.573
Epoch  42/100 — train_loss: 0.4625  val_loss: 0.3985  freq: 1.2634  spend: -0.2659  w_freq: 0.459  w_spend: 0.575
Epoch  43/100 — train_loss: 0.4625  val_loss: 0.3849  freq: 1.2628  spend: -0.2851  w_freq: 0.459  w_spend: 0.577
Epoch  44/100 — train_loss: 0.4548  val_loss: 0.3828  freq: 1.2637  spend: -0.2861  w_freq: 0.458  w_spend: 0.579
Epoch  45/100 — train_loss: 0.4509  val_loss: 0.3766  freq: 1.2592  spend: -0.2897  w_freq: 0.457  w_spend: 0.580
Epoch  46/100 — train_loss: 0.4529  val_loss: 0.3798  freq: 1.2601  spend: -0.2817  w_freq: 0.457  w_spend: 0.582
Epoch  47/100 — train_loss: 0.4485  val_loss: 0.3766  freq: 1.2585  spend: -0.2826  w_freq: 0.456  w_spend: 0.584
Epoch  48/100 — train_loss: 0.4430  val_loss: 0.3687  freq: 1.2559  spend: -0.2905  w_freq: 0.455  w_spend: 0.585
Epoch  49/100 — train_loss: 0.4440  val_loss: 0.3717  freq: 1.2561  spend: -0.2819  w_freq: 0.455  w_spend: 0.587
Epoch  50/100 — train_loss: 0.4428  val_loss: 0.3681  freq: 1.2559  spend: -0.2847  w_freq: 0.454  w_spend: 0.589
Epoch  51/100 — train_loss: 0.4396  val_loss: 0.3644  freq: 1.2538  spend: -0.2861  w_freq: 0.453  w_spend: 0.590
Epoch  52/100 — train_loss: 0.4349  val_loss: 0.3630  freq: 1.2525  spend: -0.2841  w_freq: 0.452  w_spend: 0.592
Epoch  53/100 — train_loss: 0.4294  val_loss: 0.3617  freq: 1.2517  spend: -0.2829  w_freq: 0.452  w_spend: 0.594
Epoch  54/100 — train_loss: 0.4269  val_loss: 0.3622  freq: 1.2511  spend: -0.2783  w_freq: 0.451  w_spend: 0.595
Epoch  55/100 — train_loss: 0.4236  val_loss: 0.3553  freq: 1.2501  spend: -0.2859  w_freq: 0.451  w_spend: 0.597
Epoch  56/100 — train_loss: 0.4261  val_loss: 0.3571  freq: 1.2502  spend: -0.2800  w_freq: 0.450  w_spend: 0.598
Epoch  57/100 — train_loss: 0.4239  val_loss: 0.3459  freq: 1.2481  spend: -0.2943  w_freq: 0.449  w_spend: 0.600
Epoch  58/100 — train_loss: 0.4234  val_loss: 0.3628  freq: 1.2505  spend: -0.2656  w_freq: 0.449  w_spend: 0.601
Epoch  59/100 — train_loss: 0.4247  val_loss: 0.3467  freq: 1.2473  spend: -0.2880  w_freq: 0.448  w_spend: 0.602
Epoch  60/100 — train_loss: 0.4187  val_loss: 0.3419  freq: 1.2479  spend: -0.2946  w_freq: 0.448  w_spend: 0.603
Epoch  61/100 — train_loss: 0.4182  val_loss: 0.3439  freq: 1.2472  spend: -0.2893  w_freq: 0.448  w_spend: 0.604
Epoch  62/100 — train_loss: 0.4204  val_loss: 0.3589  freq: 1.2475  spend: -0.2632  w_freq: 0.447  w_spend: 0.605
Epoch  63/100 — train_loss: 0.4160  val_loss: 0.3418  freq: 1.2476  spend: -0.2898  w_freq: 0.447  w_spend: 0.606
Epoch  64/100 — train_loss: 0.4150  val_loss: 0.3405  freq: 1.2458  spend: -0.2890  w_freq: 0.447  w_spend: 0.606
Epoch  65/100 — train_loss: 0.4176  val_loss: 0.3370  freq: 1.2471  spend: -0.2939  w_freq: 0.446  w_spend: 0.607
Epoch  66/100 — train_loss: 0.4181  val_loss: 0.3358  freq: 1.2453  spend: -0.2933  w_freq: 0.446  w_spend: 0.608
Epoch  67/100 — train_loss: 0.4127  val_loss: 0.3407  freq: 1.2465  spend: -0.2849  w_freq: 0.446  w_spend: 0.609
Epoch  68/100 — train_loss: 0.4112  val_loss: 0.3440  freq: 1.2455  spend: -0.2775  w_freq: 0.445  w_spend: 0.609
Epoch  69/100 — train_loss: 0.4171  val_loss: 0.3409  freq: 1.2465  spend: -0.2822  w_freq: 0.445  w_spend: 0.610
Epoch  70/100 — train_loss: 0.4154  val_loss: 0.3355  freq: 1.2446  spend: -0.2885  w_freq: 0.445  w_spend: 0.611
Epoch  71/100 — train_loss: 0.4129  val_loss: 0.3385  freq: 1.2454  spend: -0.2828  w_freq: 0.445  w_spend: 0.611
Epoch  72/100 — train_loss: 0.4104  val_loss: 0.3308  freq: 1.2443  spend: -0.2932  w_freq: 0.444  w_spend: 0.612
Epoch  73/100 — train_loss: 0.4139  val_loss: 0.3315  freq: 1.2454  spend: -0.2915  w_freq: 0.444  w_spend: 0.613
Epoch  74/100 — train_loss: 0.4083  val_loss: 0.3320  freq: 1.2445  spend: -0.2889  w_freq: 0.444  w_spend: 0.614
Epoch  75/100 — train_loss: 0.4105  val_loss: 0.3328  freq: 1.2446  spend: -0.2865  w_freq: 0.443  w_spend: 0.614
Epoch  76/100 — train_loss: 0.4088  val_loss: 0.3316  freq: 1.2441  spend: -0.2871  w_freq: 0.443  w_spend: 0.615
Epoch  77/100 — train_loss: 0.4117  val_loss: 0.3326  freq: 1.2446  spend: -0.2850  w_freq: 0.443  w_spend: 0.615
Epoch  78/100 — train_loss: 0.4096  val_loss: 0.3372  freq: 1.2442  spend: -0.2763  w_freq: 0.443  w_spend: 0.616
Epoch  79/100 — train_loss: 0.4110  val_loss: 0.3369  freq: 1.2446  spend: -0.2764  w_freq: 0.443  w_spend: 0.616
Epoch  80/100 — train_loss: 0.4052  val_loss: 0.3326  freq: 1.2436  spend: -0.2820  w_freq: 0.442  w_spend: 0.617
Epoch  81/100 — train_loss: 0.4107  val_loss: 0.3438  freq: 1.2446  spend: -0.2640  w_freq: 0.442  w_spend: 0.617
Epoch  82/100 — train_loss: 0.4099  val_loss: 0.3352  freq: 1.2442  spend: -0.2771  w_freq: 0.442  w_spend: 0.617
Epoch  83/100 — train_loss: 0.4116  val_loss: 0.3313  freq: 1.2439  spend: -0.2828  w_freq: 0.442  w_spend: 0.617
Epoch  84/100 — train_loss: 0.4125  val_loss: 0.3391  freq: 1.2445  spend: -0.2701  w_freq: 0.442  w_spend: 0.618
Epoch  85/100 — train_loss: 0.4076  val_loss: 0.3378  freq: 1.2441  spend: -0.2715  w_freq: 0.442  w_spend: 0.618
Epoch  86/100 — train_loss: 0.4116  val_loss: 0.3329  freq: 1.2442  spend: -0.2791  w_freq: 0.442  w_spend: 0.618
Epoch  87/100 — train_loss: 0.4088  val_loss: 0.3390  freq: 1.2445  spend: -0.2691  w_freq: 0.442  w_spend: 0.618
Epoch  88/100 — train_loss: 0.4104  val_loss: 0.3390  freq: 1.2441  spend: -0.2686  w_freq: 0.442  w_spend: 0.618
Epoch  89/100 — train_loss: 0.4157  val_loss: 0.3356  freq: 1.2440  spend: -0.2739  w_freq: 0.441  w_spend: 0.619
Epoch  90/100 — train_loss: 0.4114  val_loss: 0.3387  freq: 1.2441  spend: -0.2686  w_freq: 0.441  w_spend: 0.619
Epoch  91/100 — train_loss: 0.4159  val_loss: 0.3413  freq: 1.2439  spend: -0.2641  w_freq: 0.441  w_spend: 0.619
Epoch  92/100 — train_loss: 0.4160  val_loss: 0.3413  freq: 1.2440  spend: -0.2640  w_freq: 0.441  w_spend: 0.619
Early stopping triggered at epoch 92.

Checkpoint saved: /kaggle/working/results/checkpoints/extension3_lstm_static_dunnhumby_v4_soft_seed42_expected.pt
Validation-fitted softmax temperature: 0.9000

Duan's smearing factor (val): 1.4378
Validation aggregate calibration: freq_factor=1.0452, spend_factor=0.9889

Running autoregressive inference on holdout period ...
  inference mode: expected  n_scenarios: 1  temperature: 0.9000

=== Prediction Diagnostics ===
  Mean predicted freq/week:    0.9812
  Mean actual freq/week:       1.1882
  Over-prediction ratio:       0.826x
  Customers predicted as zero total:  0.099
  Customers actually zero total:      0.188
  Non-zero rate (pred, avg > 0.05):  0.996
  Non-zero rate (true):               0.542

Metrics saved: /kaggle/working/results/tables/extension3_lstm_static_dunnhumby_v4_soft_seed42_expected_metrics.json
Array artifacts saved: /kaggle/working/results/tables/extension3_lstm_static_dunnhumby_v4_soft_seed42_expected_arrays.npz

=== Holdout Evaluation ===
  metric_definition_version: valendin_aggregate_mape_v1
  freq_rmse: 4.0261
  freq_mae: 2.1568
  freq_normalized_gini: 0.8364
  freq_calibration_factor: 1.0452
  freq_horizon_abs_bias_pct: 13.6887
  bias_pct: -13.6887
  freq_weekly_mae: 406.2814
  freq_weekly_total_true: 11872.0000
  freq_weekly_total_pred: 10246.8743
  freq_valendin_mape: 13.6887
  freq_horizon_bias_pct: -13.6887
  freq_weekly_mean_pct_mape: 13.6873
  freq_weekly_mean_pct_bias_pct: -13.6873
  freq_weekly_bias_pct: -13.6887
  freq_weekly_mape: 13.6887
  freq_mape: 13.6887
  freq_mase: 1.0026
  freq_mase_scale: 0.8235
  smearing_factor: 1.4378
  spend_calibration_factor: 0.9889
  spend_mae_raw: 64.0480
  spend_rmse_raw: 101.9055
  spend_normalized_gini: 0.8319
  spend_mae_log: 1.0582
  spend_rmse_log: 1.5156
  spend_r2_log: 0.4783
  spend_bias_pct: -0.8475
  spend_weekly_mae: 2693.5481
  spend_weekly_total_true: 347125.7605
  spend_weekly_total_pred: 344184.0294
  spend_valendin_mape: 3.1038
  spend_horizon_abs_bias_pct: 0.8475
  spend_horizon_bias_pct: -0.8475
  spend_weekly_mean_pct_mape: 3.0427
  spend_weekly_mean_pct_bias_pct: -0.6967
  spend_weekly_bias_pct: -0.8475
  spend_weekly_mape: 3.1038
  spend_mase: 0.9812
  spend_mase_scale: 27.5152
  clv_mae: 63.8778
  clv_rmse: 101.6298
  clv_spearman: 0.7926
  clv_decile_lift: 3.3737
  clv_normalized_gini: 0.8319
  clv_total_true: 346205.2188
  clv_total_pred: 343257.2500
  calibration_temperature_source: rolling_origin_autoregressive
  validation_temperature: 0.9000
  smearing_source: rolling_origin_autoregressive
  calibration_source: rolling_origin_autoregressive
  validation_freq_true_total: 2215.0000
  validation_freq_pred_total: 1875.8575
  validation_spend_true_total: 63355.4414
  validation_spend_pred_total: 66296.4355
  validation_freq_calibration_factor: 1.0452
  validation_spend_calibration_factor: 0.9889
  validation_rolling_origin_count: 2
  protocol_name: dunnhumby_configured_80x4
  cohort_size: 2498
  calibration_weeks: 80
  holdout_weeks: 4
  inference_mode: expected
  n_scenarios: 1
  final_manifest_version: 2026-05-20-results-recovery-protocol
  final_manifest_run_name: extension3_lstm_static_dunnhumby_v4_soft_seed42_expected
  final_manifest_config: experiments/configs/extension3_lstm_static_dunnhumby_v4_soft.yaml
  final_manifest_config_hash: d22c96fc901a
  final_manifest_actual_config_hash: 5145aad2f33a
  final_manifest_seed: 42
  final_manifest_epochs: 100
  final_manifest_inference_mode: expected
  final_manifest_n_scenarios: 1
  run_valid: True
  run_invalid_reason: 
  run_warning: expected inference mode is diagnostic-only for Valendin-style reporting
  diagnostic_only: True
  epochs_completed: 92
  max_epochs_configured: 100
History saved: /kaggle/working/results/tables/extension3_lstm_static_dunnhumby_v4_soft_seed42_expected_history.json
