[Kaggle] raw_dir  → /kaggle/working/input/dunnhumby
[Kaggle] results  → /kaggle/working/results
Config: experiments/configs/extension3_transformer_dynamic_dunnhumby_v4_soft.yaml
Run: extension3_transformer_dynamic_dunnhumby_v4_soft_seed42_expected
Device: cuda
Loading dataset: dunnhumby ...
[pipeline] freq_cap=10 (auto q=0.99) → freq_bins=[0, 1, 2, 3]... (n_classes=11)
  Train customers: 2249, Val: 249, Inference: 2498
[dunnhumby] Customers with 0 calibration transactions: 0 / 2498
  top-bin decode: class_values[-1] = 13.099 (max_trans = 10)
Model: transformer — 102,761 parameters

Training for up to 100 epochs ...
/kaggle/working/thesis-code/src/training/trainer.py:116: FutureWarning: `torch.cuda.amp.GradScaler(args...)` is deprecated. Please use `torch.amp.GradScaler('cuda', args...)` instead.
  self.scaler = torch.cuda.amp.GradScaler(enabled=self.amp_enabled)
[Kendall] log_vars frozen for 5 warm-up epochs.
Epoch   1/100 — train_loss: 1.7630  val_loss: 1.5671  freq: 2.9180  spend: 0.2161  w_freq: 0.500  w_spend: 0.500
Epoch   2/100 — train_loss: 1.4590  val_loss: 1.1522  freq: 2.1136  spend: 0.1908  w_freq: 0.500  w_spend: 0.500
Epoch   3/100 — train_loss: 1.0571  val_loss: 0.8485  freq: 1.5550  spend: 0.1420  w_freq: 0.500  w_spend: 0.500
Epoch   4/100 — train_loss: 0.8712  val_loss: 0.7723  freq: 1.4559  spend: 0.0888  w_freq: 0.500  w_spend: 0.500
Epoch   5/100 — train_loss: 0.8061  val_loss: 0.7211  freq: 1.3857  spend: 0.0566  w_freq: 0.500  w_spend: 0.500
[Kendall] log_vars unfrozen at epoch 6.
[spend-norm] frozen at 0.1655 (absolute val-loss magnitude shifts accordingly; early stopping is relative so this is safe)
Epoch   6/100 — train_loss: 0.9363  val_loss: 0.7707  freq: 1.3788  spend: 0.1678  w_freq: 0.499  w_spend: 0.501
Epoch   7/100 — train_loss: 0.8549  val_loss: 0.6861  freq: 1.3479  spend: 0.0354  w_freq: 0.497  w_spend: 0.503
Epoch   8/100 — train_loss: 0.7748  val_loss: 0.6011  freq: 1.3395  spend: -0.1187  w_freq: 0.495  w_spend: 0.505
Epoch   9/100 — train_loss: 0.7069  val_loss: 0.5501  freq: 1.3358  spend: -0.2094  w_freq: 0.493  w_spend: 0.507
Epoch  10/100 — train_loss: 0.6576  val_loss: 0.5027  freq: 1.3292  spend: -0.2881  w_freq: 0.491  w_spend: 0.510
Epoch  11/100 — train_loss: 0.6248  val_loss: 0.5075  freq: 1.3209  spend: -0.2628  w_freq: 0.489  w_spend: 0.513
Epoch  12/100 — train_loss: 0.6046  val_loss: 0.4913  freq: 1.3141  spend: -0.2810  w_freq: 0.487  w_spend: 0.515
Epoch  13/100 — train_loss: 0.5941  val_loss: 0.4648  freq: 1.3083  spend: -0.3210  w_freq: 0.486  w_spend: 0.518
Epoch  14/100 — train_loss: 0.5746  val_loss: 0.4485  freq: 1.3043  spend: -0.3419  w_freq: 0.484  w_spend: 0.520
Epoch  15/100 — train_loss: 0.5598  val_loss: 0.4348  freq: 1.3001  spend: -0.3572  w_freq: 0.482  w_spend: 0.522
Epoch  16/100 — train_loss: 0.5450  val_loss: 0.4269  freq: 1.2942  spend: -0.3588  w_freq: 0.481  w_spend: 0.525
Epoch  17/100 — train_loss: 0.5298  val_loss: 0.4095  freq: 1.2911  spend: -0.3818  w_freq: 0.479  w_spend: 0.528
Epoch  18/100 — train_loss: 0.5149  val_loss: 0.4002  freq: 1.2849  spend: -0.3862  w_freq: 0.477  w_spend: 0.530
Epoch  19/100 — train_loss: 0.5114  val_loss: 0.3855  freq: 1.2839  spend: -0.4069  w_freq: 0.475  w_spend: 0.533
Epoch  20/100 — train_loss: 0.4994  val_loss: 0.3764  freq: 1.2782  spend: -0.4136  w_freq: 0.474  w_spend: 0.535
Epoch  21/100 — train_loss: 0.4822  val_loss: 0.3687  freq: 1.2775  spend: -0.4215  w_freq: 0.473  w_spend: 0.537
Epoch  22/100 — train_loss: 0.4816  val_loss: 0.3581  freq: 1.2732  spend: -0.4313  w_freq: 0.472  w_spend: 0.539
Epoch  23/100 — train_loss: 0.4659  val_loss: 0.3616  freq: 1.2720  spend: -0.4178  w_freq: 0.470  w_spend: 0.541
Epoch  24/100 — train_loss: 0.4597  val_loss: 0.3544  freq: 1.2687  spend: -0.4231  w_freq: 0.469  w_spend: 0.543
Epoch  25/100 — train_loss: 0.4488  val_loss: 0.3459  freq: 1.2667  spend: -0.4315  w_freq: 0.468  w_spend: 0.545
Epoch  26/100 — train_loss: 0.4433  val_loss: 0.3468  freq: 1.2660  spend: -0.4245  w_freq: 0.467  w_spend: 0.547
Epoch  27/100 — train_loss: 0.4377  val_loss: 0.3259  freq: 1.2641  spend: -0.4568  w_freq: 0.466  w_spend: 0.549
Epoch  28/100 — train_loss: 0.4263  val_loss: 0.3241  freq: 1.2621  spend: -0.4528  w_freq: 0.465  w_spend: 0.550
Epoch  29/100 — train_loss: 0.4183  val_loss: 0.3083  freq: 1.2611  spend: -0.4740  w_freq: 0.464  w_spend: 0.553
Epoch  30/100 — train_loss: 0.4093  val_loss: 0.3074  freq: 1.2588  spend: -0.4665  w_freq: 0.462  w_spend: 0.555
Epoch  31/100 — train_loss: 0.4044  val_loss: 0.3086  freq: 1.2560  spend: -0.4552  w_freq: 0.461  w_spend: 0.558
Epoch  32/100 — train_loss: 0.3953  val_loss: 0.2916  freq: 1.2571  spend: -0.4805  w_freq: 0.460  w_spend: 0.561
Epoch  33/100 — train_loss: 0.3873  val_loss: 0.2916  freq: 1.2537  spend: -0.4715  w_freq: 0.458  w_spend: 0.563
Epoch  34/100 — train_loss: 0.3868  val_loss: 0.2869  freq: 1.2531  spend: -0.4735  w_freq: 0.457  w_spend: 0.565
Epoch  35/100 — train_loss: 0.3730  val_loss: 0.2900  freq: 1.2521  spend: -0.4610  w_freq: 0.456  w_spend: 0.568
Epoch  36/100 — train_loss: 0.3710  val_loss: 0.2833  freq: 1.2518  spend: -0.4665  w_freq: 0.455  w_spend: 0.570
Epoch  37/100 — train_loss: 0.3648  val_loss: 0.2764  freq: 1.2495  spend: -0.4716  w_freq: 0.454  w_spend: 0.572
Epoch  38/100 — train_loss: 0.3633  val_loss: 0.2650  freq: 1.2484  spend: -0.4857  w_freq: 0.453  w_spend: 0.574
Epoch  39/100 — train_loss: 0.3603  val_loss: 0.2675  freq: 1.2477  spend: -0.4765  w_freq: 0.452  w_spend: 0.576
Epoch  40/100 — train_loss: 0.3564  val_loss: 0.2632  freq: 1.2477  spend: -0.4804  w_freq: 0.451  w_spend: 0.578
Epoch  41/100 — train_loss: 0.3451  val_loss: 0.2617  freq: 1.2464  spend: -0.4780  w_freq: 0.450  w_spend: 0.579
Epoch  42/100 — train_loss: 0.3504  val_loss: 0.2537  freq: 1.2461  spend: -0.4879  w_freq: 0.450  w_spend: 0.581
Epoch  43/100 — train_loss: 0.3382  val_loss: 0.2535  freq: 1.2453  spend: -0.4828  w_freq: 0.449  w_spend: 0.583
Epoch  44/100 — train_loss: 0.3365  val_loss: 0.2552  freq: 1.2459  spend: -0.4754  w_freq: 0.448  w_spend: 0.585
Epoch  45/100 — train_loss: 0.3352  val_loss: 0.2520  freq: 1.2448  spend: -0.4756  w_freq: 0.447  w_spend: 0.587
Epoch  46/100 — train_loss: 0.3316  val_loss: 0.2534  freq: 1.2446  spend: -0.4691  w_freq: 0.446  w_spend: 0.589
Epoch  47/100 — train_loss: 0.3267  val_loss: 0.2419  freq: 1.2431  spend: -0.4844  w_freq: 0.446  w_spend: 0.590
Epoch  48/100 — train_loss: 0.3255  val_loss: 0.2390  freq: 1.2420  spend: -0.4849  w_freq: 0.445  w_spend: 0.591
Epoch  49/100 — train_loss: 0.3201  val_loss: 0.2405  freq: 1.2422  spend: -0.4790  w_freq: 0.445  w_spend: 0.593
Epoch  50/100 — train_loss: 0.3216  val_loss: 0.2444  freq: 1.2443  spend: -0.4704  w_freq: 0.444  w_spend: 0.594
Epoch  51/100 — train_loss: 0.3187  val_loss: 0.2394  freq: 1.2420  spend: -0.4736  w_freq: 0.443  w_spend: 0.596
Epoch  52/100 — train_loss: 0.3193  val_loss: 0.2358  freq: 1.2420  spend: -0.4765  w_freq: 0.443  w_spend: 0.598
Epoch  53/100 — train_loss: 0.3123  val_loss: 0.2308  freq: 1.2412  spend: -0.4816  w_freq: 0.442  w_spend: 0.599
Epoch  54/100 — train_loss: 0.3119  val_loss: 0.2302  freq: 1.2420  spend: -0.4804  w_freq: 0.442  w_spend: 0.600
Epoch  55/100 — train_loss: 0.3092  val_loss: 0.2286  freq: 1.2410  spend: -0.4791  w_freq: 0.441  w_spend: 0.601
Epoch  56/100 — train_loss: 0.3015  val_loss: 0.2231  freq: 1.2405  spend: -0.4848  w_freq: 0.441  w_spend: 0.603
Epoch  57/100 — train_loss: 0.3028  val_loss: 0.2267  freq: 1.2408  spend: -0.4761  w_freq: 0.440  w_spend: 0.604
Epoch  58/100 — train_loss: 0.2985  val_loss: 0.2227  freq: 1.2395  spend: -0.4788  w_freq: 0.439  w_spend: 0.605
Epoch  59/100 — train_loss: 0.3006  val_loss: 0.2224  freq: 1.2398  spend: -0.4766  w_freq: 0.439  w_spend: 0.607
Epoch  60/100 — train_loss: 0.2950  val_loss: 0.2162  freq: 1.2394  spend: -0.4837  w_freq: 0.438  w_spend: 0.608
Epoch  61/100 — train_loss: 0.2976  val_loss: 0.2159  freq: 1.2389  spend: -0.4811  w_freq: 0.438  w_spend: 0.609
Epoch  62/100 — train_loss: 0.2924  val_loss: 0.2204  freq: 1.2384  spend: -0.4709  w_freq: 0.437  w_spend: 0.611
Epoch  63/100 — train_loss: 0.2939  val_loss: 0.2161  freq: 1.2388  spend: -0.4761  w_freq: 0.437  w_spend: 0.612
Epoch  64/100 — train_loss: 0.2895  val_loss: 0.2115  freq: 1.2384  spend: -0.4812  w_freq: 0.437  w_spend: 0.613
Epoch  65/100 — train_loss: 0.2932  val_loss: 0.2141  freq: 1.2386  spend: -0.4751  w_freq: 0.436  w_spend: 0.613
Epoch  66/100 — train_loss: 0.2859  val_loss: 0.2124  freq: 1.2382  spend: -0.4759  w_freq: 0.436  w_spend: 0.614
Epoch  67/100 — train_loss: 0.2893  val_loss: 0.2118  freq: 1.2382  spend: -0.4750  w_freq: 0.436  w_spend: 0.615
Epoch  68/100 — train_loss: 0.2869  val_loss: 0.2136  freq: 1.2384  spend: -0.4704  w_freq: 0.435  w_spend: 0.616
Epoch  69/100 — train_loss: 0.2789  val_loss: 0.2099  freq: 1.2382  spend: -0.4745  w_freq: 0.435  w_spend: 0.617
Epoch  70/100 — train_loss: 0.2893  val_loss: 0.2102  freq: 1.2375  spend: -0.4721  w_freq: 0.435  w_spend: 0.618
Epoch  71/100 — train_loss: 0.2852  val_loss: 0.2130  freq: 1.2376  spend: -0.4663  w_freq: 0.434  w_spend: 0.618
Epoch  72/100 — train_loss: 0.2815  val_loss: 0.2032  freq: 1.2368  spend: -0.4801  w_freq: 0.434  w_spend: 0.619
Epoch  73/100 — train_loss: 0.2794  val_loss: 0.2115  freq: 1.2373  spend: -0.4657  w_freq: 0.434  w_spend: 0.620
Epoch  74/100 — train_loss: 0.2808  val_loss: 0.2050  freq: 1.2368  spend: -0.4746  w_freq: 0.434  w_spend: 0.620
Epoch  75/100 — train_loss: 0.2833  val_loss: 0.2078  freq: 1.2366  spend: -0.4689  w_freq: 0.433  w_spend: 0.621
Epoch  76/100 — train_loss: 0.2807  val_loss: 0.2067  freq: 1.2371  spend: -0.4699  w_freq: 0.433  w_spend: 0.621
Epoch  77/100 — train_loss: 0.2808  val_loss: 0.2084  freq: 1.2370  spend: -0.4660  w_freq: 0.433  w_spend: 0.622
Epoch  78/100 — train_loss: 0.2820  val_loss: 0.2044  freq: 1.2369  spend: -0.4713  w_freq: 0.433  w_spend: 0.622
Epoch  79/100 — train_loss: 0.2713  val_loss: 0.2057  freq: 1.2369  spend: -0.4684  w_freq: 0.433  w_spend: 0.623
Epoch  80/100 — train_loss: 0.2788  val_loss: 0.2063  freq: 1.2366  spend: -0.4665  w_freq: 0.433  w_spend: 0.623
Epoch  81/100 — train_loss: 0.2775  val_loss: 0.2089  freq: 1.2368  spend: -0.4619  w_freq: 0.432  w_spend: 0.623
Epoch  82/100 — train_loss: 0.2742  val_loss: 0.2058  freq: 1.2369  spend: -0.4662  w_freq: 0.432  w_spend: 0.624
Epoch  83/100 — train_loss: 0.2733  val_loss: 0.2067  freq: 1.2367  spend: -0.4640  w_freq: 0.432  w_spend: 0.624
Epoch  84/100 — train_loss: 0.2745  val_loss: 0.2063  freq: 1.2368  spend: -0.4642  w_freq: 0.432  w_spend: 0.624
Epoch  85/100 — train_loss: 0.2768  val_loss: 0.2050  freq: 1.2367  spend: -0.4657  w_freq: 0.432  w_spend: 0.625
Epoch  86/100 — train_loss: 0.2796  val_loss: 0.2060  freq: 1.2367  spend: -0.4638  w_freq: 0.432  w_spend: 0.625
Epoch  87/100 — train_loss: 0.2790  val_loss: 0.2070  freq: 1.2367  spend: -0.4619  w_freq: 0.432  w_spend: 0.625
Epoch  88/100 — train_loss: 0.2806  val_loss: 0.2076  freq: 1.2369  spend: -0.4606  w_freq: 0.432  w_spend: 0.625
Epoch  89/100 — train_loss: 0.2792  val_loss: 0.2073  freq: 1.2371  spend: -0.4611  w_freq: 0.432  w_spend: 0.625
Epoch  90/100 — train_loss: 0.2775  val_loss: 0.2068  freq: 1.2368  spend: -0.4615  w_freq: 0.432  w_spend: 0.625
Epoch  91/100 — train_loss: 0.2794  val_loss: 0.2074  freq: 1.2368  spend: -0.4604  w_freq: 0.432  w_spend: 0.625
Epoch  92/100 — train_loss: 0.2799  val_loss: 0.2078  freq: 1.2369  spend: -0.4597  w_freq: 0.432  w_spend: 0.626
Early stopping triggered at epoch 92.

Checkpoint saved: /kaggle/working/results/checkpoints/extension3_transformer_dynamic_dunnhumby_v4_soft_seed42_expected.pt
Validation-fitted softmax temperature: 0.7500

Duan's smearing factor (val): 1.4335
Validation aggregate calibration: freq_factor=1.0654, spend_factor=0.9975

Running autoregressive inference on holdout period ...
  inference mode: expected  n_scenarios: 1  temperature: 0.7500

=== Prediction Diagnostics ===
  Mean predicted freq/week:    0.9869
  Mean actual freq/week:       1.1882
  Over-prediction ratio:       0.831x
  Customers predicted as zero total:  0.134
  Customers actually zero total:      0.188
  Non-zero rate (pred, avg > 0.05):  0.915
  Non-zero rate (true):               0.542

Metrics saved: /kaggle/working/results/tables/extension3_transformer_dynamic_dunnhumby_v4_soft_seed42_expected_metrics.json
Array artifacts saved: /kaggle/working/results/tables/extension3_transformer_dynamic_dunnhumby_v4_soft_seed42_expected_arrays.npz

=== Holdout Evaluation ===
  metric_definition_version: valendin_aggregate_mape_v1
  freq_rmse: 3.9546
  freq_mae: 2.1531
  freq_normalized_gini: 0.8371
  freq_calibration_factor: 1.0654
  freq_horizon_abs_bias_pct: 11.5014
  bias_pct: -11.5014
  freq_weekly_mae: 341.3623
  freq_weekly_total_true: 11872.0000
  freq_weekly_total_pred: 10506.5509
  freq_valendin_mape: 11.5014
  freq_horizon_bias_pct: -11.5014
  freq_weekly_mean_pct_mape: 11.4984
  freq_weekly_mean_pct_bias_pct: -11.4984
  freq_weekly_bias_pct: -11.5014
  freq_weekly_mape: 11.5014
  freq_mape: 11.5014
  freq_mase: 0.9892
  freq_mase_scale: 0.8235
  smearing_factor: 1.4335
  spend_calibration_factor: 0.9975
  spend_mae_raw: 66.7953
  spend_rmse_raw: 107.6774
  spend_normalized_gini: 0.8202
  spend_mae_log: 0.9932
  spend_rmse_log: 1.4750
  spend_r2_log: 0.5058
  spend_bias_pct: 0.5121
  spend_weekly_mae: 2648.7472
  spend_weekly_total_true: 347125.7605
  spend_weekly_total_pred: 348903.2259
  spend_valendin_mape: 3.0522
  spend_horizon_abs_bias_pct: 0.5121
  spend_horizon_bias_pct: 0.5121
  spend_weekly_mean_pct_mape: 3.0173
  spend_weekly_mean_pct_bias_pct: 0.6343
  spend_weekly_bias_pct: 0.5121
  spend_weekly_mape: 3.0522
  spend_mase: 0.9885
  spend_mase_scale: 27.5152
  clv_mae: 66.6179
  clv_rmse: 107.3851
  clv_spearman: 0.7832
  clv_decile_lift: 3.4033
  clv_normalized_gini: 0.8202
  clv_total_true: 346205.2188
  clv_total_pred: 347961.3125
  calibration_temperature_source: rolling_origin_autoregressive
  validation_temperature: 0.7500
  smearing_source: rolling_origin_autoregressive
  calibration_source: rolling_origin_autoregressive
  validation_freq_true_total: 2215.0000
  validation_freq_pred_total: 1755.4950
  validation_spend_true_total: 63355.4414
  validation_spend_pred_total: 63996.1953
  validation_freq_calibration_factor: 1.0654
  validation_spend_calibration_factor: 0.9975
  validation_rolling_origin_count: 2
  protocol_name: dunnhumby_configured_80x4
  cohort_size: 2498
  calibration_weeks: 80
  holdout_weeks: 4
  inference_mode: expected
  n_scenarios: 1
  final_manifest_version: 2026-05-20-results-recovery-protocol
  final_manifest_run_name: extension3_transformer_dynamic_dunnhumby_v4_soft_seed42_expected
  final_manifest_config: experiments/configs/extension3_transformer_dynamic_dunnhumby_v4_soft.yaml
  final_manifest_config_hash: 0dcffef7ecbe
  final_manifest_actual_config_hash: 0bed6ce813d6
  final_manifest_seed: 42
  final_manifest_epochs: 100
  final_manifest_inference_mode: expected
  final_manifest_n_scenarios: 1
  run_valid: True
  run_invalid_reason: 
  run_warning: expected inference mode is diagnostic-only for Valendin-style reporting
  diagnostic_only: True
  epochs_completed: 92
  max_epochs_configured: 100
History saved: /kaggle/working/results/tables/extension3_transformer_dynamic_dunnhumby_v4_soft_seed42_expected_history.json
