[Kaggle] raw_dir  → /kaggle/working/input/cdnow-dataset
[Kaggle] results  → /kaggle/working/results
Config: experiments/configs/lstm_base_cdnow_v6.yaml
Run: lstm_base_cdnow_v6_seed2024_sample
Device: cuda
Loading dataset: cdnow ...
[pipeline] freq_bins from config: [0, 1, 2, 3]
  Train customers: 2115, Val: 234, Inference: 2349
[cdnow] Customers with 0 calibration transactions: 0 / 2349
  top-bin decode: class_values[-1] = 4.071 (max_trans = 3)
Model: lstm — 89,132 parameters

Training for up to 100 epochs ...
/kaggle/working/thesis-code/src/training/trainer.py:116: FutureWarning: `torch.cuda.amp.GradScaler(args...)` is deprecated. Please use `torch.amp.GradScaler('cuda', args...)` instead.
  self.scaler = torch.cuda.amp.GradScaler(enabled=self.amp_enabled)
Epoch   1/100 — train_loss: 7.1236  val_loss: 7.1785
Epoch   2/100 — train_loss: 7.0178  val_loss: 7.0355
Epoch   3/100 — train_loss: 6.9305  val_loss: 6.7315
Epoch   4/100 — train_loss: 6.5220  val_loss: 5.7885
Epoch   5/100 — train_loss: 3.8147  val_loss: 0.9132
Epoch   6/100 — train_loss: 0.3521  val_loss: 0.1944
Epoch   7/100 — train_loss: 0.1865  val_loss: 0.1494
Epoch   8/100 — train_loss: 0.1693  val_loss: 0.1480
Epoch   9/100 — train_loss: 0.1554  val_loss: 0.1505
Epoch  10/100 — train_loss: 0.1602  val_loss: 0.1472
Epoch  11/100 — train_loss: 0.1577  val_loss: 0.1463
Epoch  12/100 — train_loss: 0.1540  val_loss: 0.1565
Epoch  13/100 — train_loss: 0.1582  val_loss: 0.1450
Epoch  14/100 — train_loss: 0.1568  val_loss: 0.1450
Epoch  15/100 — train_loss: 0.1547  val_loss: 0.1488
Epoch  16/100 — train_loss: 0.1540  val_loss: 0.1449
Epoch  17/100 — train_loss: 0.1585  val_loss: 0.1457
Epoch  18/100 — train_loss: 0.1626  val_loss: 0.1438
Epoch  19/100 — train_loss: 0.1542  val_loss: 0.1452
Epoch  20/100 — train_loss: 0.1513  val_loss: 0.1436
Epoch  21/100 — train_loss: 0.1552  val_loss: 0.1435
Epoch  22/100 — train_loss: 0.1564  val_loss: 0.1436
Epoch  23/100 — train_loss: 0.1479  val_loss: 0.1444
Epoch  24/100 — train_loss: 0.1470  val_loss: 0.1429
Epoch  25/100 — train_loss: 0.1475  val_loss: 0.1428
Epoch  26/100 — train_loss: 0.1488  val_loss: 0.1474
Epoch  27/100 — train_loss: 0.1533  val_loss: 0.1475
Epoch  28/100 — train_loss: 0.1717  val_loss: 0.1425
Epoch  29/100 — train_loss: 0.1514  val_loss: 0.1429
Epoch  30/100 — train_loss: 0.1550  val_loss: 0.1428
Epoch  31/100 — train_loss: 0.1554  val_loss: 0.1523
Epoch  32/100 — train_loss: 0.1569  val_loss: 0.1441
Epoch  33/100 — train_loss: 0.1489  val_loss: 0.1425
Epoch  34/100 — train_loss: 0.1490  val_loss: 0.1429
Epoch  35/100 — train_loss: 0.1485  val_loss: 0.1424
Epoch  36/100 — train_loss: 0.1572  val_loss: 0.1424
Epoch  37/100 — train_loss: 0.1490  val_loss: 0.1480
Epoch  38/100 — train_loss: 0.1531  val_loss: 0.1420
Epoch  39/100 — train_loss: 0.1494  val_loss: 0.1434
Epoch  40/100 — train_loss: 0.1533  val_loss: 0.1423
Epoch  41/100 — train_loss: 0.1496  val_loss: 0.1453
Epoch  42/100 — train_loss: 0.1520  val_loss: 0.1427
Epoch  43/100 — train_loss: 0.1466  val_loss: 0.1460
Epoch  44/100 — train_loss: 0.1484  val_loss: 0.1441
Epoch  45/100 — train_loss: 0.1461  val_loss: 0.1417
Epoch  46/100 — train_loss: 0.1496  val_loss: 0.1418
Epoch  47/100 — train_loss: 0.1471  val_loss: 0.1426
Epoch  48/100 — train_loss: 0.1571  val_loss: 0.1502
Epoch  49/100 — train_loss: 0.1500  val_loss: 0.1439
Epoch  50/100 — train_loss: 0.1543  val_loss: 0.1426
Epoch  51/100 — train_loss: 0.1513  val_loss: 0.1427
Epoch  52/100 — train_loss: 0.1408  val_loss: 0.1422
Epoch  53/100 — train_loss: 0.1433  val_loss: 0.1418
Epoch  54/100 — train_loss: 0.1449  val_loss: 0.1433
Epoch  55/100 — train_loss: 0.1454  val_loss: 0.1418
Epoch  56/100 — train_loss: 0.1486  val_loss: 0.1415
Epoch  57/100 — train_loss: 0.1444  val_loss: 0.1428
Epoch  58/100 — train_loss: 0.1520  val_loss: 0.1424
Epoch  59/100 — train_loss: 0.1551  val_loss: 0.1419
Epoch  60/100 — train_loss: 0.1465  val_loss: 0.1428
Epoch  61/100 — train_loss: 0.1447  val_loss: 0.1416
Epoch  62/100 — train_loss: 0.1453  val_loss: 0.1412
Epoch  63/100 — train_loss: 0.1591  val_loss: 0.1425
Epoch  64/100 — train_loss: 0.1510  val_loss: 0.1413
Epoch  65/100 — train_loss: 0.1465  val_loss: 0.1449
Epoch  66/100 — train_loss: 0.1493  val_loss: 0.1436
Epoch  67/100 — train_loss: 0.1560  val_loss: 0.1411
Epoch  68/100 — train_loss: 0.1490  val_loss: 0.1411
Epoch  69/100 — train_loss: 0.1491  val_loss: 0.1411
Epoch  70/100 — train_loss: 0.1481  val_loss: 0.1413
Epoch  71/100 — train_loss: 0.1515  val_loss: 0.1442
Epoch  72/100 — train_loss: 0.1478  val_loss: 0.1411
Epoch  73/100 — train_loss: 0.1466  val_loss: 0.1411
Epoch  74/100 — train_loss: 0.1438  val_loss: 0.1423
Epoch  75/100 — train_loss: 0.1513  val_loss: 0.1452
Epoch  76/100 — train_loss: 0.1499  val_loss: 0.1414
Epoch  77/100 — train_loss: 0.1483  val_loss: 0.1410
Epoch  78/100 — train_loss: 0.1473  val_loss: 0.1414
Epoch  79/100 — train_loss: 0.1476  val_loss: 0.1415
Epoch  80/100 — train_loss: 0.1438  val_loss: 0.1416
Epoch  81/100 — train_loss: 0.1468  val_loss: 0.1415
Epoch  82/100 — train_loss: 0.1527  val_loss: 0.1413
Epoch  83/100 — train_loss: 0.1452  val_loss: 0.1411
Epoch  84/100 — train_loss: 0.1456  val_loss: 0.1417
Epoch  85/100 — train_loss: 0.1473  val_loss: 0.1412
Epoch  86/100 — train_loss: 0.1447  val_loss: 0.1412
Epoch  87/100 — train_loss: 0.1443  val_loss: 0.1415
Epoch  88/100 — train_loss: 0.1429  val_loss: 0.1415
Epoch  89/100 — train_loss: 0.1468  val_loss: 0.1415
Epoch  90/100 — train_loss: 0.1510  val_loss: 0.1414
Epoch  91/100 — train_loss: 0.1494  val_loss: 0.1415
Epoch  92/100 — train_loss: 0.1490  val_loss: 0.1413
Epoch  93/100 — train_loss: 0.1466  val_loss: 0.1413
Epoch  94/100 — train_loss: 0.1464  val_loss: 0.1412
Epoch  95/100 — train_loss: 0.1449  val_loss: 0.1412
Epoch  96/100 — train_loss: 0.1520  val_loss: 0.1412
Epoch  97/100 — train_loss: 0.1479  val_loss: 0.1412
Early stopping triggered at epoch 97.

Checkpoint saved: /kaggle/working/results/checkpoints/lstm_base_cdnow_v6_seed2024_sample.pt
Validation-fitted softmax temperature: 0.7500
Validation aggregate calibration: freq_factor=2.8175, spend_factor=1.0000

Running autoregressive inference on holdout period ...
  inference mode: sample  n_scenarios: 30  temperature: 0.7500

=== Prediction Diagnostics ===
  Mean predicted freq/week:    0.0068
  Mean actual freq/week:       0.0196
  Over-prediction ratio:       0.350x
  Customers predicted as zero total:  1.000
  Customers actually zero total:      0.781
  Non-zero rate (pred, avg > 0.05):  0.022
  Non-zero rate (true):               0.018

Metrics saved: /kaggle/working/results/tables/lstm_base_cdnow_v6_seed2024_sample_metrics.json
Array artifacts saved: /kaggle/working/results/tables/lstm_base_cdnow_v6_seed2024_sample_arrays.npz

=== Holdout Evaluation ===
  metric_definition_version: valendin_aggregate_mape_v1
  freq_rmse: 1.4611
  freq_mae: 0.7959
  freq_normalized_gini: -0.0656
  freq_calibration_factor: 2.8175
  freq_horizon_abs_bias_pct: 1.4939
  bias_pct: -1.4939
  freq_weekly_mae: 11.1569
  freq_weekly_total_true: 1196.0000
  freq_weekly_total_pred: 1178.1334
  freq_valendin_mape: 24.2542
  freq_horizon_bias_pct: -1.4939
  freq_weekly_mean_pct_mape: 25.3186
  freq_weekly_mean_pct_bias_pct: 5.2409
  freq_weekly_bias_pct: -1.4939
  freq_weekly_mape: 24.2542
  freq_mape: 24.2542
  freq_mase: 0.4579
  freq_mase_scale: 0.0834
  calibration_temperature_source: rolling_origin_autoregressive
  validation_temperature: 0.7500
  calibration_source: rolling_origin_autoregressive
  validation_freq_true_total: 120.0000
  validation_freq_pred_total: 42.5906
  validation_spend_true_total: 0.0000
  validation_spend_pred_total: 0.0000
  validation_freq_calibration_factor: 2.8175
  validation_spend_calibration_factor: 1.0000
  validation_rolling_origin_count: 2
  protocol_name: cdnow_sample_52x26
  cohort_size: 2349
  calibration_weeks: 52
  holdout_weeks: 26
  inference_mode: sample
  n_scenarios: 30
  final_manifest_version: 2026-05-20-results-recovery-protocol
  final_manifest_run_name: lstm_base_cdnow_v6_seed2024_sample
  final_manifest_config: experiments/configs/lstm_base_cdnow_v6.yaml
  final_manifest_config_hash: 952d421f84f9
  final_manifest_actual_config_hash: bdb68b1142f4
  final_manifest_seed: 2024
  final_manifest_epochs: 100
  final_manifest_inference_mode: sample
  final_manifest_n_scenarios: 30
  run_valid: True
  run_invalid_reason: 
  run_warning: 
  epochs_completed: 97
  max_epochs_configured: 100
History saved: /kaggle/working/results/tables/lstm_base_cdnow_v6_seed2024_sample_history.json
