[Kaggle] raw_dir  → /kaggle/working/input/dunnhumby
[Kaggle] results  → /kaggle/working/results
Config: experiments/configs/lstm_base_dunnhumby_v4_soft.yaml
Run: lstm_base_dunnhumby_v4_soft_seed42_expected
Device: cuda
Loading dataset: dunnhumby ...
[pipeline] freq_cap=10 (auto q=0.99) → freq_bins=[0, 1, 2, 3]... (n_classes=11)
  Train customers: 2249, Val: 249, Inference: 2498
[dunnhumby] Customers with 0 calibration transactions: 0 / 2498
  top-bin decode: class_values[-1] = 13.099 (max_trans = 10)
Model: lstm — 91,095 parameters

Training for up to 100 epochs ...
/kaggle/working/thesis-code/src/training/trainer.py:116: FutureWarning: `torch.cuda.amp.GradScaler(args...)` is deprecated. Please use `torch.amp.GradScaler('cuda', args...)` instead.
  self.scaler = torch.cuda.amp.GradScaler(enabled=self.amp_enabled)
Epoch   1/100 — train_loss: 3.1343  val_loss: 3.1679
Epoch   2/100 — train_loss: 3.0956  val_loss: 3.0902
Epoch   3/100 — train_loss: 2.9476  val_loss: 2.7296
Epoch   4/100 — train_loss: 2.0487  val_loss: 1.6551
Epoch   5/100 — train_loss: 1.6917  val_loss: 1.5833
Epoch   6/100 — train_loss: 1.6173  val_loss: 1.5226
Epoch   7/100 — train_loss: 1.5891  val_loss: 1.4881
Epoch   8/100 — train_loss: 1.5262  val_loss: 1.4068
Epoch   9/100 — train_loss: 1.4582  val_loss: 1.3629
Epoch  10/100 — train_loss: 1.4049  val_loss: 1.3160
Epoch  11/100 — train_loss: 1.3610  val_loss: 1.2886
Epoch  12/100 — train_loss: 1.3425  val_loss: 1.2842
Epoch  13/100 — train_loss: 1.3333  val_loss: 1.2731
Epoch  14/100 — train_loss: 1.3266  val_loss: 1.2734
Epoch  15/100 — train_loss: 1.3194  val_loss: 1.2555
Epoch  16/100 — train_loss: 1.3135  val_loss: 1.2435
Epoch  17/100 — train_loss: 1.3063  val_loss: 1.2394
Epoch  18/100 — train_loss: 1.3030  val_loss: 1.2408
Epoch  19/100 — train_loss: 1.3005  val_loss: 1.2381
Epoch  20/100 — train_loss: 1.2960  val_loss: 1.2302
Epoch  21/100 — train_loss: 1.2899  val_loss: 1.2268
Epoch  22/100 — train_loss: 1.2874  val_loss: 1.2245
Epoch  23/100 — train_loss: 1.2858  val_loss: 1.2229
Epoch  24/100 — train_loss: 1.2828  val_loss: 1.2211
Epoch  25/100 — train_loss: 1.2814  val_loss: 1.2173
Epoch  26/100 — train_loss: 1.2799  val_loss: 1.2160
Epoch  27/100 — train_loss: 1.2791  val_loss: 1.2149
Epoch  28/100 — train_loss: 1.2769  val_loss: 1.2124
Epoch  29/100 — train_loss: 1.2763  val_loss: 1.2163
Epoch  30/100 — train_loss: 1.2784  val_loss: 1.2136
Epoch  31/100 — train_loss: 1.2757  val_loss: 1.2131
Epoch  32/100 — train_loss: 1.2754  val_loss: 1.2082
Epoch  33/100 — train_loss: 1.2748  val_loss: 1.2078
Epoch  34/100 — train_loss: 1.2739  val_loss: 1.2078
Epoch  35/100 — train_loss: 1.2725  val_loss: 1.2074
Epoch  36/100 — train_loss: 1.2751  val_loss: 1.2060
Epoch  37/100 — train_loss: 1.2730  val_loss: 1.2052
Epoch  38/100 — train_loss: 1.2764  val_loss: 1.2053
Epoch  39/100 — train_loss: 1.2739  val_loss: 1.2066
Epoch  40/100 — train_loss: 1.2726  val_loss: 1.2050
Epoch  41/100 — train_loss: 1.2726  val_loss: 1.2039
Epoch  42/100 — train_loss: 1.2712  val_loss: 1.2035
Epoch  43/100 — train_loss: 1.2738  val_loss: 1.2044
Epoch  44/100 — train_loss: 1.2750  val_loss: 1.2037
Epoch  45/100 — train_loss: 1.2734  val_loss: 1.2036
Epoch  46/100 — train_loss: 1.2730  val_loss: 1.2042
Epoch  47/100 — train_loss: 1.2740  val_loss: 1.2036
Epoch  48/100 — train_loss: 1.2741  val_loss: 1.2023
Epoch  49/100 — train_loss: 1.2737  val_loss: 1.2032
Epoch  50/100 — train_loss: 1.2767  val_loss: 1.2017
Epoch  51/100 — train_loss: 1.2740  val_loss: 1.2021
Epoch  52/100 — train_loss: 1.2743  val_loss: 1.2027
Epoch  53/100 — train_loss: 1.2782  val_loss: 1.2024
Epoch  54/100 — train_loss: 1.2771  val_loss: 1.2039
Epoch  55/100 — train_loss: 1.2759  val_loss: 1.2013
Epoch  56/100 — train_loss: 1.2755  val_loss: 1.2032
Epoch  57/100 — train_loss: 1.2785  val_loss: 1.2010
Epoch  58/100 — train_loss: 1.2766  val_loss: 1.2011
Epoch  59/100 — train_loss: 1.2784  val_loss: 1.2026
Epoch  60/100 — train_loss: 1.2786  val_loss: 1.2011
Epoch  61/100 — train_loss: 1.2810  val_loss: 1.2010
Epoch  62/100 — train_loss: 1.2791  val_loss: 1.2007
Epoch  63/100 — train_loss: 1.2784  val_loss: 1.2023
Epoch  64/100 — train_loss: 1.2765  val_loss: 1.2006
Epoch  65/100 — train_loss: 1.2787  val_loss: 1.2004
Epoch  66/100 — train_loss: 1.2802  val_loss: 1.2010
Epoch  67/100 — train_loss: 1.2821  val_loss: 1.2017
Epoch  68/100 — train_loss: 1.2803  val_loss: 1.2004
Epoch  69/100 — train_loss: 1.2790  val_loss: 1.2004
Epoch  70/100 — train_loss: 1.2833  val_loss: 1.2008
Epoch  71/100 — train_loss: 1.2837  val_loss: 1.2004
Epoch  72/100 — train_loss: 1.2819  val_loss: 1.2004
Epoch  73/100 — train_loss: 1.2815  val_loss: 1.2003
Epoch  74/100 — train_loss: 1.2831  val_loss: 1.2004
Epoch  75/100 — train_loss: 1.2852  val_loss: 1.2002
Epoch  76/100 — train_loss: 1.2859  val_loss: 1.2003
Epoch  77/100 — train_loss: 1.2861  val_loss: 1.2001
Epoch  78/100 — train_loss: 1.2858  val_loss: 1.2005
Epoch  79/100 — train_loss: 1.2882  val_loss: 1.2006
Epoch  80/100 — train_loss: 1.2860  val_loss: 1.2010
Epoch  81/100 — train_loss: 1.2875  val_loss: 1.2012
Epoch  82/100 — train_loss: 1.2864  val_loss: 1.2003
Epoch  83/100 — train_loss: 1.2881  val_loss: 1.2011
Epoch  84/100 — train_loss: 1.2895  val_loss: 1.2002
Epoch  85/100 — train_loss: 1.2923  val_loss: 1.2004
Epoch  86/100 — train_loss: 1.2911  val_loss: 1.2006
Epoch  87/100 — train_loss: 1.2920  val_loss: 1.2006
Epoch  88/100 — train_loss: 1.2921  val_loss: 1.2004
Epoch  89/100 — train_loss: 1.2927  val_loss: 1.2005
Epoch  90/100 — train_loss: 1.2950  val_loss: 1.2007
Epoch  91/100 — train_loss: 1.2967  val_loss: 1.2008
Epoch  92/100 — train_loss: 1.2937  val_loss: 1.2005
Epoch  93/100 — train_loss: 1.2970  val_loss: 1.2007
Epoch  94/100 — train_loss: 1.2979  val_loss: 1.2009
Epoch  95/100 — train_loss: 1.2971  val_loss: 1.2007
Epoch  96/100 — train_loss: 1.2986  val_loss: 1.2006
Epoch  97/100 — train_loss: 1.3012  val_loss: 1.2007
Early stopping triggered at epoch 97.

Checkpoint saved: /kaggle/working/results/checkpoints/lstm_base_dunnhumby_v4_soft_seed42_expected.pt
Validation-fitted softmax temperature: 1.0000
Validation aggregate calibration: freq_factor=1.0938, spend_factor=1.0000

Running autoregressive inference on holdout period ...
  inference mode: expected  n_scenarios: 1  temperature: 1.0000

=== Prediction Diagnostics ===
  Mean predicted freq/week:    0.7405
  Mean actual freq/week:       1.1447
  Over-prediction ratio:       0.647x
  Customers predicted as zero total:  0.000
  Customers actually zero total:      0.036
  Non-zero rate (pred, avg > 0.05):  1.000
  Non-zero rate (true):               0.532

Metrics saved: /kaggle/working/results/tables/lstm_base_dunnhumby_v4_soft_seed42_expected_metrics.json
Array artifacts saved: /kaggle/working/results/tables/lstm_base_dunnhumby_v4_soft_seed42_expected_arrays.npz

=== Holdout Evaluation ===
  metric_definition_version: valendin_aggregate_mape_v1
  freq_rmse: 21.4153
  freq_mae: 11.2349
  freq_normalized_gini: 0.8313
  freq_calibration_factor: 1.0938
  freq_horizon_abs_bias_pct: 29.2460
  bias_pct: -29.2460
  freq_weekly_mae: 864.1514
  freq_weekly_total_true: 62910.0000
  freq_weekly_total_pred: 44511.3460
  freq_valendin_mape: 30.2199
  freq_horizon_bias_pct: -29.2460
  freq_weekly_mean_pct_mape: 29.7752
  freq_weekly_mean_pct_bias_pct: -28.8381
  freq_weekly_bias_pct: -29.2460
  freq_weekly_mape: 30.2199
  freq_mape: 30.2199
  freq_mase: 1.0924
  freq_mase_scale: 0.8235
  calibration_temperature_source: rolling_origin_autoregressive
  validation_temperature: 1.0000
  calibration_source: rolling_origin_autoregressive
  validation_freq_true_total: 6257.0000
  validation_freq_pred_total: 4549.4202
  validation_spend_true_total: 0.0000
  validation_spend_pred_total: 0.0000
  validation_freq_calibration_factor: 1.0938
  validation_spend_calibration_factor: 1.0000
  validation_rolling_origin_count: 2
  protocol_name: dunnhumby_configured_80x22
  cohort_size: 2498
  calibration_weeks: 80
  holdout_weeks: 22
  inference_mode: expected
  n_scenarios: 1
  final_manifest_version: 2026-05-20-results-recovery-protocol
  final_manifest_run_name: lstm_base_dunnhumby_v4_soft_seed42_expected
  final_manifest_config: experiments/configs/lstm_base_dunnhumby_v4_soft.yaml
  final_manifest_config_hash: 756bafb1cb53
  final_manifest_actual_config_hash: 8981564c8bfd
  final_manifest_seed: 42
  final_manifest_epochs: 100
  final_manifest_inference_mode: expected
  final_manifest_n_scenarios: 1
  run_valid: False
  run_invalid_reason: absolute frequency bias -29.2% exceeds 15.0%
  run_warning: large frequency bias (-29.2%); expected inference mode is diagnostic-only for Valendin-style reporting
  diagnostic_only: True
  epochs_completed: 97
  max_epochs_configured: 100
History saved: /kaggle/working/results/tables/lstm_base_dunnhumby_v4_soft_seed42_expected_history.json
