[Kaggle] raw_dir  → /kaggle/working/input/dunnhumby
[Kaggle] results  → /kaggle/working/results
Config: experiments/configs/lstm_base_dunnhumby_v6.yaml
Run: lstm_base_dunnhumby_v6_seed42_sample
Device: cuda
Loading dataset: dunnhumby ...
[pipeline] freq_cap=10 (auto q=0.99) → freq_bins=[0, 1, 2, 3]... (n_classes=11)
  Train customers: 2249, Val: 249, Inference: 2498
[dunnhumby] Customers with 0 calibration transactions: 0 / 2498
  top-bin decode: class_values[-1] = 13.099 (max_trans = 10)
Model: lstm — 91,095 parameters

Training for up to 100 epochs ...
/kaggle/working/thesis-code/src/training/trainer.py:116: FutureWarning: `torch.cuda.amp.GradScaler(args...)` is deprecated. Please use `torch.amp.GradScaler('cuda', args...)` instead.
  self.scaler = torch.cuda.amp.GradScaler(enabled=self.amp_enabled)
Epoch   1/100 — train_loss: 3.1376  val_loss: 3.1797
Epoch   2/100 — train_loss: 3.1213  val_loss: 3.1454
Epoch   3/100 — train_loss: 3.0701  val_loss: 3.0710
Epoch   4/100 — train_loss: 2.9464  val_loss: 2.8016
Epoch   5/100 — train_loss: 2.2353  val_loss: 1.5816
Epoch   6/100 — train_loss: 1.6900  val_loss: 1.5520
Epoch   7/100 — train_loss: 1.6262  val_loss: 1.5415
Epoch   8/100 — train_loss: 1.5996  val_loss: 1.5124
Epoch   9/100 — train_loss: 1.5652  val_loss: 1.4629
Epoch  10/100 — train_loss: 1.5080  val_loss: 1.4017
Epoch  11/100 — train_loss: 1.4552  val_loss: 1.3768
Epoch  12/100 — train_loss: 1.4250  val_loss: 1.3351
Epoch  13/100 — train_loss: 1.3875  val_loss: 1.3081
Epoch  14/100 — train_loss: 1.3684  val_loss: 1.3229
Epoch  15/100 — train_loss: 1.3703  val_loss: 1.2926
Epoch  16/100 — train_loss: 1.3510  val_loss: 1.2818
Epoch  17/100 — train_loss: 1.3451  val_loss: 1.2798
Epoch  18/100 — train_loss: 1.3368  val_loss: 1.2703
Epoch  19/100 — train_loss: 1.3333  val_loss: 1.2623
Epoch  20/100 — train_loss: 1.3263  val_loss: 1.2567
Epoch  21/100 — train_loss: 1.3226  val_loss: 1.2522
Epoch  22/100 — train_loss: 1.3188  val_loss: 1.2490
Epoch  23/100 — train_loss: 1.3166  val_loss: 1.2509
Epoch  24/100 — train_loss: 1.3112  val_loss: 1.2434
Epoch  25/100 — train_loss: 1.3125  val_loss: 1.2414
Epoch  26/100 — train_loss: 1.3080  val_loss: 1.2388
Epoch  27/100 — train_loss: 1.3093  val_loss: 1.2412
Epoch  28/100 — train_loss: 1.3071  val_loss: 1.2401
Epoch  29/100 — train_loss: 1.3034  val_loss: 1.2362
Epoch  30/100 — train_loss: 1.3041  val_loss: 1.2346
Epoch  31/100 — train_loss: 1.3009  val_loss: 1.2338
Epoch  32/100 — train_loss: 1.2991  val_loss: 1.2308
Epoch  33/100 — train_loss: 1.2973  val_loss: 1.2282
Epoch  34/100 — train_loss: 1.2958  val_loss: 1.2271
Epoch  35/100 — train_loss: 1.2930  val_loss: 1.2258
Epoch  36/100 — train_loss: 1.2951  val_loss: 1.2247
Epoch  37/100 — train_loss: 1.2942  val_loss: 1.2249
Epoch  38/100 — train_loss: 1.2956  val_loss: 1.2231
Epoch  39/100 — train_loss: 1.2922  val_loss: 1.2238
Epoch  40/100 — train_loss: 1.2900  val_loss: 1.2223
Epoch  41/100 — train_loss: 1.2920  val_loss: 1.2257
Epoch  42/100 — train_loss: 1.2895  val_loss: 1.2211
Epoch  43/100 — train_loss: 1.2909  val_loss: 1.2247
Epoch  44/100 — train_loss: 1.2921  val_loss: 1.2202
Epoch  45/100 — train_loss: 1.2882  val_loss: 1.2179
Epoch  46/100 — train_loss: 1.2882  val_loss: 1.2179
Epoch  47/100 — train_loss: 1.2869  val_loss: 1.2181
Epoch  48/100 — train_loss: 1.2879  val_loss: 1.2158
Epoch  49/100 — train_loss: 1.2873  val_loss: 1.2164
Epoch  50/100 — train_loss: 1.2888  val_loss: 1.2146
Epoch  51/100 — train_loss: 1.2862  val_loss: 1.2140
Epoch  52/100 — train_loss: 1.2866  val_loss: 1.2133
Epoch  53/100 — train_loss: 1.2893  val_loss: 1.2136
Epoch  54/100 — train_loss: 1.2893  val_loss: 1.2154
Epoch  55/100 — train_loss: 1.2874  val_loss: 1.2124
Epoch  56/100 — train_loss: 1.2867  val_loss: 1.2144
Epoch  57/100 — train_loss: 1.2903  val_loss: 1.2116
Epoch  58/100 — train_loss: 1.2884  val_loss: 1.2116
Epoch  59/100 — train_loss: 1.2902  val_loss: 1.2147
Epoch  60/100 — train_loss: 1.2906  val_loss: 1.2117
Epoch  61/100 — train_loss: 1.2917  val_loss: 1.2118
Epoch  62/100 — train_loss: 1.2913  val_loss: 1.2106
Epoch  63/100 — train_loss: 1.2910  val_loss: 1.2115
Epoch  64/100 — train_loss: 1.2879  val_loss: 1.2102
Epoch  65/100 — train_loss: 1.2886  val_loss: 1.2106
Epoch  66/100 — train_loss: 1.2898  val_loss: 1.2105
Epoch  67/100 — train_loss: 1.2920  val_loss: 1.2100
Epoch  68/100 — train_loss: 1.2901  val_loss: 1.2092
Epoch  69/100 — train_loss: 1.2889  val_loss: 1.2095
Epoch  70/100 — train_loss: 1.2939  val_loss: 1.2093
Epoch  71/100 — train_loss: 1.2940  val_loss: 1.2094
Epoch  72/100 — train_loss: 1.2927  val_loss: 1.2093
Epoch  73/100 — train_loss: 1.2911  val_loss: 1.2088
Epoch  74/100 — train_loss: 1.2921  val_loss: 1.2090
Epoch  75/100 — train_loss: 1.2948  val_loss: 1.2086
Epoch  76/100 — train_loss: 1.2949  val_loss: 1.2086
Epoch  77/100 — train_loss: 1.2965  val_loss: 1.2086
Epoch  78/100 — train_loss: 1.2951  val_loss: 1.2084
Epoch  79/100 — train_loss: 1.2982  val_loss: 1.2086
Epoch  80/100 — train_loss: 1.2957  val_loss: 1.2095
Epoch  81/100 — train_loss: 1.2974  val_loss: 1.2091
Epoch  82/100 — train_loss: 1.2959  val_loss: 1.2083
Epoch  83/100 — train_loss: 1.2965  val_loss: 1.2089
Epoch  84/100 — train_loss: 1.2991  val_loss: 1.2083
Epoch  85/100 — train_loss: 1.3010  val_loss: 1.2083
Epoch  86/100 — train_loss: 1.3001  val_loss: 1.2085
Epoch  87/100 — train_loss: 1.3006  val_loss: 1.2086
Epoch  88/100 — train_loss: 1.3022  val_loss: 1.2081
Epoch  89/100 — train_loss: 1.3019  val_loss: 1.2084
Epoch  90/100 — train_loss: 1.3031  val_loss: 1.2085
Epoch  91/100 — train_loss: 1.3050  val_loss: 1.2085
Epoch  92/100 — train_loss: 1.3031  val_loss: 1.2083
Epoch  93/100 — train_loss: 1.3052  val_loss: 1.2085
Epoch  94/100 — train_loss: 1.3071  val_loss: 1.2087
Epoch  95/100 — train_loss: 1.3066  val_loss: 1.2085
Epoch  96/100 — train_loss: 1.3075  val_loss: 1.2084
Epoch  97/100 — train_loss: 1.3109  val_loss: 1.2085
Epoch  98/100 — train_loss: 1.3085  val_loss: 1.2085
Epoch  99/100 — train_loss: 1.3101  val_loss: 1.2085
Epoch 100/100 — train_loss: 1.3136  val_loss: 1.2085

Checkpoint saved: /kaggle/working/results/checkpoints/lstm_base_dunnhumby_v6_seed42_sample.pt
Validation-fitted softmax temperature: 0.9000
Validation aggregate calibration: freq_factor=1.1432, spend_factor=1.0000

Running autoregressive inference on holdout period ...
  inference mode: sample  n_scenarios: 30  temperature: 0.9000

=== Prediction Diagnostics ===
  Mean predicted freq/week:    1.1193
  Mean actual freq/week:       1.1882
  Over-prediction ratio:       0.942x
  Customers predicted as zero total:  0.095
  Customers actually zero total:      0.188
  Non-zero rate (pred, avg > 0.05):  0.964
  Non-zero rate (true):               0.542

Metrics saved: /kaggle/working/results/tables/lstm_base_dunnhumby_v6_seed42_sample_metrics.json
Array artifacts saved: /kaggle/working/results/tables/lstm_base_dunnhumby_v6_seed42_sample_arrays.npz

=== Holdout Evaluation ===
  metric_definition_version: valendin_aggregate_mape_v1
  freq_rmse: 3.3031
  freq_mae: 2.0713
  freq_normalized_gini: 0.8544
  freq_calibration_factor: 1.1432
  freq_horizon_abs_bias_pct: 7.6973
  bias_pct: 7.6973
  freq_weekly_mae: 228.4573
  freq_weekly_total_true: 11872.0000
  freq_weekly_total_pred: 12785.8292
  freq_valendin_mape: 7.6973
  freq_horizon_bias_pct: 7.6973
  freq_weekly_mean_pct_mape: 7.7156
  freq_weekly_mean_pct_bias_pct: 7.7156
  freq_weekly_bias_pct: 7.6973
  freq_weekly_mape: 7.6973
  freq_mape: 7.6973
  freq_mase: 0.9988
  freq_mase_scale: 0.8235
  calibration_temperature_source: rolling_origin_autoregressive
  validation_temperature: 0.9000
  calibration_source: rolling_origin_autoregressive
  validation_freq_true_total: 2215.0000
  validation_freq_pred_total: 1937.5786
  validation_spend_true_total: 0.0000
  validation_spend_pred_total: 0.0000
  validation_freq_calibration_factor: 1.1432
  validation_spend_calibration_factor: 1.0000
  validation_rolling_origin_count: 2
  protocol_name: dunnhumby_configured_80x4
  cohort_size: 2498
  calibration_weeks: 80
  holdout_weeks: 4
  inference_mode: sample
  n_scenarios: 30
  final_manifest_version: 2026-05-20-results-recovery-protocol
  final_manifest_run_name: lstm_base_dunnhumby_v6_seed42_sample
  final_manifest_config: experiments/configs/lstm_base_dunnhumby_v6.yaml
  final_manifest_config_hash: 23188946df06
  final_manifest_actual_config_hash: 31de8dd56b12
  final_manifest_seed: 42
  final_manifest_epochs: 100
  final_manifest_inference_mode: sample
  final_manifest_n_scenarios: 30
  run_valid: True
  run_invalid_reason: 
  run_warning: 
  epochs_completed: 100
  max_epochs_configured: 100
History saved: /kaggle/working/results/tables/lstm_base_dunnhumby_v6_seed42_sample_history.json
