[Kaggle] raw_dir  → /kaggle/working/input/cdnow-dataset
[Kaggle] results  → /kaggle/working/results
Config: experiments/configs/lstm_base_cdnow_v6.yaml
Run: lstm_base_cdnow_v6_seed7_sample
Device: cuda
Loading dataset: cdnow ...
[pipeline] freq_bins from config: [0, 1, 2, 3]
  Train customers: 2115, Val: 234, Inference: 2349
[cdnow] Customers with 0 calibration transactions: 0 / 2349
  top-bin decode: class_values[-1] = 4.071 (max_trans = 3)
Model: lstm — 89,132 parameters

Training for up to 100 epochs ...
/kaggle/working/thesis-code/src/training/trainer.py:116: FutureWarning: `torch.cuda.amp.GradScaler(args...)` is deprecated. Please use `torch.amp.GradScaler('cuda', args...)` instead.
  self.scaler = torch.cuda.amp.GradScaler(enabled=self.amp_enabled)
Epoch   1/100 — train_loss: 6.9959  val_loss: 7.0383
Epoch   2/100 — train_loss: 6.9789  val_loss: 6.8013
Epoch   3/100 — train_loss: 6.4892  val_loss: 6.2590
Epoch   4/100 — train_loss: 5.6574  val_loss: 4.4031
Epoch   5/100 — train_loss: 2.0973  val_loss: 0.2962
Epoch   6/100 — train_loss: 0.2126  val_loss: 0.1902
Epoch   7/100 — train_loss: 0.1729  val_loss: 0.1995
Epoch   8/100 — train_loss: 0.2143  val_loss: 0.1484
Epoch   9/100 — train_loss: 0.1677  val_loss: 0.1537
Epoch  10/100 — train_loss: 0.1564  val_loss: 0.1497
Epoch  11/100 — train_loss: 0.1504  val_loss: 0.1489
Epoch  12/100 — train_loss: 0.1549  val_loss: 0.1456
Epoch  13/100 — train_loss: 0.1538  val_loss: 0.1491
Epoch  14/100 — train_loss: 0.1516  val_loss: 0.1447
Epoch  15/100 — train_loss: 0.1634  val_loss: 0.1475
Epoch  16/100 — train_loss: 0.1511  val_loss: 0.1461
Epoch  17/100 — train_loss: 0.1631  val_loss: 0.1442
Epoch  18/100 — train_loss: 0.1526  val_loss: 0.1437
Epoch  19/100 — train_loss: 0.1498  val_loss: 0.1444
Epoch  20/100 — train_loss: 0.1481  val_loss: 0.1446
Epoch  21/100 — train_loss: 0.1579  val_loss: 0.1445
Epoch  22/100 — train_loss: 0.1516  val_loss: 0.1433
Epoch  23/100 — train_loss: 0.1498  val_loss: 0.1439
Epoch  24/100 — train_loss: 0.1505  val_loss: 0.1439
Epoch  25/100 — train_loss: 0.1498  val_loss: 0.1459
Epoch  26/100 — train_loss: 0.1502  val_loss: 0.1443
Epoch  27/100 — train_loss: 0.1507  val_loss: 0.1451
Epoch  28/100 — train_loss: 0.1506  val_loss: 0.1494
Epoch  29/100 — train_loss: 0.1494  val_loss: 0.1483
Epoch  30/100 — train_loss: 0.1534  val_loss: 0.1460
Epoch  31/100 — train_loss: 0.1496  val_loss: 0.1437
Epoch  32/100 — train_loss: 0.1506  val_loss: 0.1450
Epoch  33/100 — train_loss: 0.1509  val_loss: 0.1418
Epoch  34/100 — train_loss: 0.1449  val_loss: 0.1444
Epoch  35/100 — train_loss: 0.1539  val_loss: 0.1439
Epoch  36/100 — train_loss: 0.1494  val_loss: 0.1458
Epoch  37/100 — train_loss: 0.1514  val_loss: 0.1430
Epoch  38/100 — train_loss: 0.1532  val_loss: 0.1427
Epoch  39/100 — train_loss: 0.1491  val_loss: 0.1523
Epoch  40/100 — train_loss: 0.1523  val_loss: 0.1418
Epoch  41/100 — train_loss: 0.1531  val_loss: 0.1416
Epoch  42/100 — train_loss: 0.1461  val_loss: 0.1444
Epoch  43/100 — train_loss: 0.1462  val_loss: 0.1425
Epoch  44/100 — train_loss: 0.1533  val_loss: 0.1417
Epoch  45/100 — train_loss: 0.1466  val_loss: 0.1413
Epoch  46/100 — train_loss: 0.1552  val_loss: 0.1458
Epoch  47/100 — train_loss: 0.1464  val_loss: 0.1411
Epoch  48/100 — train_loss: 0.1492  val_loss: 0.1412
Epoch  49/100 — train_loss: 0.1459  val_loss: 0.1415
Epoch  50/100 — train_loss: 0.1501  val_loss: 0.1421
Epoch  51/100 — train_loss: 0.1466  val_loss: 0.1410
Epoch  52/100 — train_loss: 0.1541  val_loss: 0.1415
Epoch  53/100 — train_loss: 0.1552  val_loss: 0.1427
Epoch  54/100 — train_loss: 0.1497  val_loss: 0.1432
Epoch  55/100 — train_loss: 0.1484  val_loss: 0.1407
Epoch  56/100 — train_loss: 0.1453  val_loss: 0.1421
Epoch  57/100 — train_loss: 0.1447  val_loss: 0.1406
Epoch  58/100 — train_loss: 0.1487  val_loss: 0.1410
Epoch  59/100 — train_loss: 0.1427  val_loss: 0.1408
Epoch  60/100 — train_loss: 0.1449  val_loss: 0.1416
Epoch  61/100 — train_loss: 0.1429  val_loss: 0.1407
Epoch  62/100 — train_loss: 0.1458  val_loss: 0.1405
Epoch  63/100 — train_loss: 0.1439  val_loss: 0.1419
Epoch  64/100 — train_loss: 0.1441  val_loss: 0.1405
Epoch  65/100 — train_loss: 0.1469  val_loss: 0.1405
Epoch  66/100 — train_loss: 0.1534  val_loss: 0.1403
Epoch  67/100 — train_loss: 0.1478  val_loss: 0.1403
Epoch  68/100 — train_loss: 0.1432  val_loss: 0.1414
Epoch  69/100 — train_loss: 0.1487  val_loss: 0.1430
Epoch  70/100 — train_loss: 0.1462  val_loss: 0.1411
Epoch  71/100 — train_loss: 0.1448  val_loss: 0.1413
Epoch  72/100 — train_loss: 0.1493  val_loss: 0.1402
Epoch  73/100 — train_loss: 0.1477  val_loss: 0.1401
Epoch  74/100 — train_loss: 0.1431  val_loss: 0.1418
Epoch  75/100 — train_loss: 0.1460  val_loss: 0.1413
Epoch  76/100 — train_loss: 0.1490  val_loss: 0.1413
Epoch  77/100 — train_loss: 0.1444  val_loss: 0.1401
Epoch  78/100 — train_loss: 0.1470  val_loss: 0.1402
Epoch  79/100 — train_loss: 0.1452  val_loss: 0.1412
Epoch  80/100 — train_loss: 0.1498  val_loss: 0.1421
Epoch  81/100 — train_loss: 0.1454  val_loss: 0.1404
Epoch  82/100 — train_loss: 0.1442  val_loss: 0.1402
Epoch  83/100 — train_loss: 0.1472  val_loss: 0.1408
Epoch  84/100 — train_loss: 0.1469  val_loss: 0.1407
Epoch  85/100 — train_loss: 0.1443  val_loss: 0.1407
Epoch  86/100 — train_loss: 0.1504  val_loss: 0.1409
Epoch  87/100 — train_loss: 0.1451  val_loss: 0.1406
Epoch  88/100 — train_loss: 0.1483  val_loss: 0.1403
Epoch  89/100 — train_loss: 0.1500  val_loss: 0.1403
Epoch  90/100 — train_loss: 0.1444  val_loss: 0.1401
Epoch  91/100 — train_loss: 0.1459  val_loss: 0.1401
Epoch  92/100 — train_loss: 0.1421  val_loss: 0.1401
Epoch  93/100 — train_loss: 0.1421  val_loss: 0.1402
Epoch  94/100 — train_loss: 0.1490  val_loss: 0.1402
Epoch  95/100 — train_loss: 0.1492  val_loss: 0.1402
Epoch  96/100 — train_loss: 0.1437  val_loss: 0.1402
Epoch  97/100 — train_loss: 0.1513  val_loss: 0.1402
Early stopping triggered at epoch 97.

Checkpoint saved: /kaggle/working/results/checkpoints/lstm_base_cdnow_v6_seed7_sample.pt
Validation-fitted softmax temperature: 0.7500
Validation aggregate calibration: freq_factor=3.2675, spend_factor=1.0000

Running autoregressive inference on holdout period ...
  inference mode: sample  n_scenarios: 30  temperature: 0.7500

=== Prediction Diagnostics ===
  Mean predicted freq/week:    0.0075
  Mean actual freq/week:       0.0196
  Over-prediction ratio:       0.381x
  Customers predicted as zero total:  0.999
  Customers actually zero total:      0.781
  Non-zero rate (pred, avg > 0.05):  0.026
  Non-zero rate (true):               0.018

Metrics saved: /kaggle/working/results/tables/lstm_base_cdnow_v6_seed7_sample_metrics.json
Array artifacts saved: /kaggle/working/results/tables/lstm_base_cdnow_v6_seed7_sample_arrays.npz

=== Holdout Evaluation ===
  metric_definition_version: valendin_aggregate_mape_v1
  freq_rmse: 1.4689
  freq_mae: 0.8728
  freq_normalized_gini: -0.0026
  freq_calibration_factor: 3.2675
  freq_horizon_abs_bias_pct: 24.5841
  bias_pct: 24.5841
  freq_weekly_mae: 17.2754
  freq_weekly_total_true: 1196.0000
  freq_weekly_total_pred: 1490.0257
  freq_valendin_mape: 37.5552
  freq_horizon_bias_pct: 24.5841
  freq_weekly_mean_pct_mape: 43.3862
  freq_weekly_mean_pct_bias_pct: 32.6343
  freq_weekly_bias_pct: 24.5841
  freq_weekly_mape: 37.5552
  freq_mape: 37.5552
  freq_mase: 0.5174
  freq_mase_scale: 0.0834
  calibration_temperature_source: rolling_origin_autoregressive
  validation_temperature: 0.7500
  calibration_source: rolling_origin_autoregressive
  validation_freq_true_total: 120.0000
  validation_freq_pred_total: 36.7257
  validation_spend_true_total: 0.0000
  validation_spend_pred_total: 0.0000
  validation_freq_calibration_factor: 3.2675
  validation_spend_calibration_factor: 1.0000
  validation_rolling_origin_count: 2
  protocol_name: cdnow_sample_52x26
  cohort_size: 2349
  calibration_weeks: 52
  holdout_weeks: 26
  inference_mode: sample
  n_scenarios: 30
  final_manifest_version: 2026-05-20-results-recovery-protocol
  final_manifest_run_name: lstm_base_cdnow_v6_seed7_sample
  final_manifest_config: experiments/configs/lstm_base_cdnow_v6.yaml
  final_manifest_config_hash: 952d421f84f9
  final_manifest_actual_config_hash: d3a0bf33ee4b
  final_manifest_seed: 7
  final_manifest_epochs: 100
  final_manifest_inference_mode: sample
  final_manifest_n_scenarios: 30
  run_valid: False
  run_invalid_reason: absolute frequency bias 24.6% exceeds 15.0%
  run_warning: large frequency bias (24.6%)
  epochs_completed: 97
  max_epochs_configured: 100
History saved: /kaggle/working/results/tables/lstm_base_cdnow_v6_seed7_sample_history.json
