[Kaggle] raw_dir  → /kaggle/working/input/uci-retail
[Kaggle] results  → /kaggle/working/results
Config: experiments/configs/lstm_base_uci_v6.yaml
Run: lstm_base_uci_v6_seed2024_sample
Device: cuda
Loading dataset: uci ...
[pipeline] freq_cap=4 (auto q=0.99) → freq_bins=[0, 1, 2, 3]... (n_classes=5)
  Train customers: 4437, Val: 493, Inference: 4930
[uci] Customers with 0 calibration transactions: 0 / 4930
  top-bin decode: class_values[-1] = 5.515 (max_trans = 4)
Model: lstm — 89,780 parameters

Training for up to 100 epochs ...
/kaggle/working/thesis-code/src/training/trainer.py:116: FutureWarning: `torch.cuda.amp.GradScaler(args...)` is deprecated. Please use `torch.amp.GradScaler('cuda', args...)` instead.
  self.scaler = torch.cuda.amp.GradScaler(enabled=self.amp_enabled)
Epoch   1/100 — train_loss: 4.4024  val_loss: 4.5554
Epoch   2/100 — train_loss: 4.2790  val_loss: 4.3347
Epoch   3/100 — train_loss: 3.7146  val_loss: 2.2716
Epoch   4/100 — train_loss: 0.6811  val_loss: 0.3372
Epoch   5/100 — train_loss: 0.3383  val_loss: 0.3020
Epoch   6/100 — train_loss: 0.3214  val_loss: 0.2960
Epoch   7/100 — train_loss: 0.3153  val_loss: 0.3225
Epoch   8/100 — train_loss: 0.3178  val_loss: 0.3149
Epoch   9/100 — train_loss: 0.3211  val_loss: 0.3190
Epoch  10/100 — train_loss: 0.3108  val_loss: 0.2912
Epoch  11/100 — train_loss: 0.3099  val_loss: 0.2927
Epoch  12/100 — train_loss: 0.3073  val_loss: 0.2909
Epoch  13/100 — train_loss: 0.3114  val_loss: 0.2889
Epoch  14/100 — train_loss: 0.3099  val_loss: 0.2873
Epoch  15/100 — train_loss: 0.3064  val_loss: 0.2864
Epoch  16/100 — train_loss: 0.3038  val_loss: 0.2872
Epoch  17/100 — train_loss: 0.3037  val_loss: 0.2827
Epoch  18/100 — train_loss: 0.3028  val_loss: 0.2889
Epoch  19/100 — train_loss: 0.3017  val_loss: 0.2820
Epoch  20/100 — train_loss: 0.3005  val_loss: 0.2860
Epoch  21/100 — train_loss: 0.2930  val_loss: 0.2729
Epoch  22/100 — train_loss: 0.2925  val_loss: 0.2751
Epoch  23/100 — train_loss: 0.3007  val_loss: 0.2902
Epoch  24/100 — train_loss: 0.2934  val_loss: 0.2683
Epoch  25/100 — train_loss: 0.2780  val_loss: 0.3193
Epoch  26/100 — train_loss: 0.2990  val_loss: 0.2669
Epoch  27/100 — train_loss: 0.2796  val_loss: 0.2686
Epoch  28/100 — train_loss: 0.2915  val_loss: 0.2909
Epoch  29/100 — train_loss: 0.2851  val_loss: 0.2640
Epoch  30/100 — train_loss: 0.2736  val_loss: 0.2581
Epoch  31/100 — train_loss: 0.2810  val_loss: 0.2596
Epoch  32/100 — train_loss: 0.2769  val_loss: 0.2569
Epoch  33/100 — train_loss: 0.2720  val_loss: 0.2562
Epoch  34/100 — train_loss: 0.2695  val_loss: 0.2562
Epoch  35/100 — train_loss: 0.2766  val_loss: 0.2727
Epoch  36/100 — train_loss: 0.2774  val_loss: 0.2575
Epoch  37/100 — train_loss: 0.2695  val_loss: 0.2551
Epoch  38/100 — train_loss: 0.2672  val_loss: 0.2642
Epoch  39/100 — train_loss: 0.2701  val_loss: 0.2544
Epoch  40/100 — train_loss: 0.2743  val_loss: 0.3033
Epoch  41/100 — train_loss: 0.2756  val_loss: 0.2568
Epoch  42/100 — train_loss: 0.2743  val_loss: 0.2572
Epoch  43/100 — train_loss: 0.2714  val_loss: 0.2553
Epoch  44/100 — train_loss: 0.2662  val_loss: 0.2568
Epoch  45/100 — train_loss: 0.2691  val_loss: 0.2715
Epoch  46/100 — train_loss: 0.2735  val_loss: 0.2578
Epoch  47/100 — train_loss: 0.2703  val_loss: 0.2547
Epoch  48/100 — train_loss: 0.2741  val_loss: 0.2620
Epoch  49/100 — train_loss: 0.2692  val_loss: 0.2584
Epoch  50/100 — train_loss: 0.2666  val_loss: 0.2539
Epoch  51/100 — train_loss: 0.2688  val_loss: 0.2542
Epoch  52/100 — train_loss: 0.2692  val_loss: 0.2538
Epoch  53/100 — train_loss: 0.2689  val_loss: 0.2619
Epoch  54/100 — train_loss: 0.2719  val_loss: 0.2539
Epoch  55/100 — train_loss: 0.2670  val_loss: 0.2537
Epoch  56/100 — train_loss: 0.2684  val_loss: 0.2576
Epoch  57/100 — train_loss: 0.2662  val_loss: 0.2534
Epoch  58/100 — train_loss: 0.2676  val_loss: 0.2540
Epoch  59/100 — train_loss: 0.2651  val_loss: 0.2542
Epoch  60/100 — train_loss: 0.2678  val_loss: 0.2531
Epoch  61/100 — train_loss: 0.2684  val_loss: 0.2836
Epoch  62/100 — train_loss: 0.2802  val_loss: 0.2539
Epoch  63/100 — train_loss: 0.2681  val_loss: 0.2600
Epoch  64/100 — train_loss: 0.2658  val_loss: 0.2530
Epoch  65/100 — train_loss: 0.2667  val_loss: 0.2538
Epoch  66/100 — train_loss: 0.2648  val_loss: 0.2528
Epoch  67/100 — train_loss: 0.2652  val_loss: 0.2528
Epoch  68/100 — train_loss: 0.2662  val_loss: 0.2528
Epoch  69/100 — train_loss: 0.2671  val_loss: 0.2536
Epoch  70/100 — train_loss: 0.2668  val_loss: 0.2546
Epoch  71/100 — train_loss: 0.2644  val_loss: 0.2529
Epoch  72/100 — train_loss: 0.2667  val_loss: 0.2552
Epoch  73/100 — train_loss: 0.2663  val_loss: 0.2564
Epoch  74/100 — train_loss: 0.2674  val_loss: 0.2528
Epoch  75/100 — train_loss: 0.2661  val_loss: 0.2527
Epoch  76/100 — train_loss: 0.2688  val_loss: 0.2531
Epoch  77/100 — train_loss: 0.2659  val_loss: 0.2534
Epoch  78/100 — train_loss: 0.2664  val_loss: 0.2573
Epoch  79/100 — train_loss: 0.2690  val_loss: 0.2528
Epoch  80/100 — train_loss: 0.2658  val_loss: 0.2529
Epoch  81/100 — train_loss: 0.2667  val_loss: 0.2530
Epoch  82/100 — train_loss: 0.2665  val_loss: 0.2529
Epoch  83/100 — train_loss: 0.2671  val_loss: 0.2528
Epoch  84/100 — train_loss: 0.2656  val_loss: 0.2527
Epoch  85/100 — train_loss: 0.2676  val_loss: 0.2531
Epoch  86/100 — train_loss: 0.2660  val_loss: 0.2542
Epoch  87/100 — train_loss: 0.2695  val_loss: 0.2535
Epoch  88/100 — train_loss: 0.2678  val_loss: 0.2537
Epoch  89/100 — train_loss: 0.2654  val_loss: 0.2527
Epoch  90/100 — train_loss: 0.2663  val_loss: 0.2530
Epoch  91/100 — train_loss: 0.2688  val_loss: 0.2530
Epoch  92/100 — train_loss: 0.2686  val_loss: 0.2533
Epoch  93/100 — train_loss: 0.2680  val_loss: 0.2529
Epoch  94/100 — train_loss: 0.2663  val_loss: 0.2530
Epoch  95/100 — train_loss: 0.2666  val_loss: 0.2529
Early stopping triggered at epoch 95.

Checkpoint saved: /kaggle/working/results/checkpoints/lstm_base_uci_v6_seed2024_sample.pt
Validation-fitted softmax temperature: 0.7500
Validation aggregate calibration: freq_factor=2.9937, spend_factor=1.0000

Running autoregressive inference on holdout period ...
  inference mode: sample  n_scenarios: 30  temperature: 0.7500

=== Prediction Diagnostics ===
  Mean predicted freq/week:    0.0204
  Mean actual freq/week:       0.0656
  Over-prediction ratio:       0.311x
  Customers predicted as zero total:  0.820
  Customers actually zero total:      0.484
  Non-zero rate (pred, avg > 0.05):  0.100
  Non-zero rate (true):               0.055

Metrics saved: /kaggle/working/results/tables/lstm_base_uci_v6_seed2024_sample_metrics.json
Array artifacts saved: /kaggle/working/results/tables/lstm_base_uci_v6_seed2024_sample_arrays.npz

=== Holdout Evaluation ===
  metric_definition_version: valendin_aggregate_mape_v1
  freq_rmse: 3.1675
  freq_mae: 1.4041
  freq_normalized_gini: 0.6456
  freq_calibration_factor: 2.9937
  freq_horizon_abs_bias_pct: 7.0036
  bias_pct: -7.0036
  freq_weekly_mae: 68.4539
  freq_weekly_total_true: 8413.0000
  freq_weekly_total_pred: 7823.7858
  freq_valendin_mape: 21.1554
  freq_horizon_bias_pct: -7.0036
  freq_weekly_mean_pct_mape: 20.3703
  freq_weekly_mean_pct_bias_pct: -2.8256
  freq_weekly_bias_pct: -7.0036
  freq_weekly_mape: 21.1554
  freq_mape: 21.1554
  freq_mase: 0.9092
  freq_mase_scale: 0.1146
  calibration_temperature_source: rolling_origin_autoregressive
  validation_temperature: 0.7500
  calibration_source: rolling_origin_autoregressive
  validation_freq_true_total: 662.0000
  validation_freq_pred_total: 221.1344
  validation_spend_true_total: 0.0000
  validation_spend_pred_total: 0.0000
  validation_freq_calibration_factor: 2.9937
  validation_spend_calibration_factor: 1.0000
  validation_rolling_origin_count: 2
  protocol_name: uci_configured_78x26
  cohort_size: 4930
  calibration_weeks: 78
  holdout_weeks: 26
  inference_mode: sample
  n_scenarios: 30
  final_manifest_version: 2026-05-20-results-recovery-protocol
  final_manifest_run_name: lstm_base_uci_v6_seed2024_sample
  final_manifest_config: experiments/configs/lstm_base_uci_v6.yaml
  final_manifest_config_hash: 62c30f13f3aa
  final_manifest_actual_config_hash: 6536c2ed0c12
  final_manifest_seed: 2024
  final_manifest_epochs: 100
  final_manifest_inference_mode: sample
  final_manifest_n_scenarios: 30
  run_valid: True
  run_invalid_reason: 
  run_warning: 
  epochs_completed: 95
  max_epochs_configured: 100
History saved: /kaggle/working/results/tables/lstm_base_uci_v6_seed2024_sample_history.json
