[Kaggle] raw_dir  → /kaggle/working/input/dunnhumby
[Kaggle] results  → /kaggle/working/results
Config: experiments/configs/lstm_joint_dunnhumby_v4_soft.yaml
Run: lstm_joint_dunnhumby_v4_soft_seed42_expected
Device: cuda
Loading dataset: dunnhumby ...
[pipeline] freq_cap=10 (auto q=0.99) → freq_bins=[0, 1, 2, 3]... (n_classes=11)
  Train customers: 2249, Val: 249, Inference: 2498
[dunnhumby] Customers with 0 calibration transactions: 0 / 2498
  top-bin decode: class_values[-1] = 13.099 (max_trans = 10)
Model: lstm — 99,577 parameters

Training for up to 100 epochs ...
/kaggle/working/thesis-code/src/training/trainer.py:116: FutureWarning: `torch.cuda.amp.GradScaler(args...)` is deprecated. Please use `torch.amp.GradScaler('cuda', args...)` instead.
  self.scaler = torch.cuda.amp.GradScaler(enabled=self.amp_enabled)
[Kendall] log_vars frozen for 5 warm-up epochs.
Epoch   1/100 — train_loss: 1.6969  val_loss: 1.7069  freq: 3.1654  spend: 0.2484  w_freq: 0.500  w_spend: 0.500
Epoch   2/100 — train_loss: 1.6601  val_loss: 1.6411  freq: 3.0387  spend: 0.2435  w_freq: 0.500  w_spend: 0.500
Epoch   3/100 — train_loss: 1.5561  val_loss: 1.4458  freq: 2.6681  spend: 0.2235  w_freq: 0.500  w_spend: 0.500
Epoch   4/100 — train_loss: 1.2004  val_loss: 0.9192  freq: 1.6683  spend: 0.1700  w_freq: 0.500  w_spend: 0.500
Epoch   5/100 — train_loss: 0.9611  val_loss: 0.8508  freq: 1.5254  spend: 0.1763  w_freq: 0.500  w_spend: 0.500
[Kendall] log_vars unfrozen at epoch 6.
[spend-norm] frozen at 0.2220 (absolute val-loss magnitude shifts accordingly; early stopping is relative so this is safe)
Epoch   6/100 — train_loss: 1.1624  val_loss: 1.0921  freq: 1.5359  spend: 0.6515  w_freq: 0.499  w_spend: 0.500
Epoch   7/100 — train_loss: 1.1126  val_loss: 1.0480  freq: 1.4622  spend: 0.6393  w_freq: 0.496  w_spend: 0.500
Epoch   8/100 — train_loss: 1.0594  val_loss: 0.9629  freq: 1.4132  spend: 0.5200  w_freq: 0.493  w_spend: 0.500
Epoch   9/100 — train_loss: 0.9349  val_loss: 0.7876  freq: 1.3654  spend: 0.2184  w_freq: 0.490  w_spend: 0.500
Epoch  10/100 — train_loss: 0.8425  val_loss: 0.7204  freq: 1.3380  spend: 0.1121  w_freq: 0.487  w_spend: 0.500
Epoch  11/100 — train_loss: 0.7444  val_loss: 0.6296  freq: 1.3409  spend: -0.0709  w_freq: 0.485  w_spend: 0.500
Epoch  12/100 — train_loss: 0.6847  val_loss: 0.6129  freq: 1.3518  spend: -0.1135  w_freq: 0.482  w_spend: 0.500
Epoch  13/100 — train_loss: 0.6601  val_loss: 0.5902  freq: 1.3557  spend: -0.1617  w_freq: 0.481  w_spend: 0.500
Epoch  14/100 — train_loss: 0.6545  val_loss: 0.6155  freq: 1.3485  spend: -0.1031  w_freq: 0.479  w_spend: 0.500
Epoch  15/100 — train_loss: 0.6496  val_loss: 0.6153  freq: 1.3665  spend: -0.1198  w_freq: 0.477  w_spend: 0.500
Epoch  16/100 — train_loss: 0.6428  val_loss: 0.5798  freq: 1.3402  spend: -0.1651  w_freq: 0.476  w_spend: 0.500
Epoch  17/100 — train_loss: 0.6305  val_loss: 0.5761  freq: 1.3507  spend: -0.1818  w_freq: 0.475  w_spend: 0.500
Epoch  18/100 — train_loss: 0.6254  val_loss: 0.5552  freq: 1.3326  spend: -0.2058  w_freq: 0.474  w_spend: 0.500
Epoch  19/100 — train_loss: 0.6170  val_loss: 0.5642  freq: 1.3385  spend: -0.1928  w_freq: 0.473  w_spend: 0.500
Epoch  20/100 — train_loss: 0.6099  val_loss: 0.5478  freq: 1.3230  spend: -0.2105  w_freq: 0.472  w_spend: 0.500
Epoch  21/100 — train_loss: 0.6058  val_loss: 0.5504  freq: 1.3224  spend: -0.2041  w_freq: 0.471  w_spend: 0.500
Epoch  22/100 — train_loss: 0.5997  val_loss: 0.5254  freq: 1.3085  spend: -0.2404  w_freq: 0.469  w_spend: 0.500
Epoch  23/100 — train_loss: 0.5881  val_loss: 0.5381  freq: 1.3051  spend: -0.2110  w_freq: 0.468  w_spend: 0.500
Epoch  24/100 — train_loss: 0.5916  val_loss: 0.5238  freq: 1.2993  spend: -0.2335  w_freq: 0.466  w_spend: 0.500
Epoch  25/100 — train_loss: 0.5839  val_loss: 0.5155  freq: 1.2973  spend: -0.2477  w_freq: 0.465  w_spend: 0.500
Epoch  26/100 — train_loss: 0.5756  val_loss: 0.5231  freq: 1.2873  spend: -0.2226  w_freq: 0.463  w_spend: 0.500
Epoch  27/100 — train_loss: 0.5673  val_loss: 0.4981  freq: 1.2835  spend: -0.2685  w_freq: 0.462  w_spend: 0.500
Epoch  28/100 — train_loss: 0.5635  val_loss: 0.4989  freq: 1.2776  spend: -0.2609  w_freq: 0.461  w_spend: 0.500
Epoch  29/100 — train_loss: 0.5537  val_loss: 0.4862  freq: 1.2718  spend: -0.2802  w_freq: 0.459  w_spend: 0.500
Epoch  30/100 — train_loss: 0.5492  val_loss: 0.4823  freq: 1.2636  spend: -0.2799  w_freq: 0.457  w_spend: 0.500
Epoch  31/100 — train_loss: 0.5453  val_loss: 0.4794  freq: 1.2603  spend: -0.2821  w_freq: 0.455  w_spend: 0.500
Epoch  32/100 — train_loss: 0.5430  val_loss: 0.4807  freq: 1.2585  spend: -0.2775  w_freq: 0.453  w_spend: 0.500
Epoch  33/100 — train_loss: 0.5432  val_loss: 0.5016  freq: 1.2612  spend: -0.2376  w_freq: 0.452  w_spend: 0.500
Epoch  34/100 — train_loss: 0.5478  val_loss: 0.4814  freq: 1.2535  spend: -0.2706  w_freq: 0.451  w_spend: 0.500
Epoch  35/100 — train_loss: 0.5421  val_loss: 0.4782  freq: 1.2527  spend: -0.2761  w_freq: 0.450  w_spend: 0.500
Epoch  36/100 — train_loss: 0.5432  val_loss: 0.4919  freq: 1.2519  spend: -0.2478  w_freq: 0.449  w_spend: 0.500
Epoch  37/100 — train_loss: 0.5408  val_loss: 0.4709  freq: 1.2515  spend: -0.2891  w_freq: 0.448  w_spend: 0.500
Epoch  38/100 — train_loss: 0.5318  val_loss: 0.4755  freq: 1.2499  spend: -0.2781  w_freq: 0.447  w_spend: 0.500
Epoch  39/100 — train_loss: 0.5346  val_loss: 0.4759  freq: 1.2481  spend: -0.2755  w_freq: 0.445  w_spend: 0.500
Epoch  40/100 — train_loss: 0.5341  val_loss: 0.4650  freq: 1.2452  spend: -0.2945  w_freq: 0.444  w_spend: 0.500
Epoch  41/100 — train_loss: 0.5352  val_loss: 0.4736  freq: 1.2459  spend: -0.2777  w_freq: 0.443  w_spend: 0.500
Epoch  42/100 — train_loss: 0.5333  val_loss: 0.4644  freq: 1.2452  spend: -0.2952  w_freq: 0.442  w_spend: 0.500
Epoch  43/100 — train_loss: 0.5297  val_loss: 0.4601  freq: 1.2434  spend: -0.3021  w_freq: 0.442  w_spend: 0.500
Epoch  44/100 — train_loss: 0.5293  val_loss: 0.4652  freq: 1.2466  spend: -0.2944  w_freq: 0.441  w_spend: 0.500
Epoch  45/100 — train_loss: 0.5311  val_loss: 0.4576  freq: 1.2418  spend: -0.3052  w_freq: 0.440  w_spend: 0.500
Epoch  46/100 — train_loss: 0.5272  val_loss: 0.4610  freq: 1.2407  spend: -0.2972  w_freq: 0.439  w_spend: 0.500
Epoch  47/100 — train_loss: 0.5313  val_loss: 0.4647  freq: 1.2395  spend: -0.2888  w_freq: 0.438  w_spend: 0.500
Epoch  48/100 — train_loss: 0.5294  val_loss: 0.4547  freq: 1.2392  spend: -0.3083  w_freq: 0.437  w_spend: 0.500
Epoch  49/100 — train_loss: 0.5260  val_loss: 0.4561  freq: 1.2379  spend: -0.3042  w_freq: 0.437  w_spend: 0.500
Epoch  50/100 — train_loss: 0.5392  val_loss: 0.4594  freq: 1.2406  spend: -0.2998  w_freq: 0.436  w_spend: 0.500
Epoch  51/100 — train_loss: 0.5285  val_loss: 0.4615  freq: 1.2422  spend: -0.2970  w_freq: 0.435  w_spend: 0.500
Epoch  52/100 — train_loss: 0.5257  val_loss: 0.4684  freq: 1.2427  spend: -0.2835  w_freq: 0.435  w_spend: 0.500
Epoch  53/100 — train_loss: 0.5239  val_loss: 0.4588  freq: 1.2421  spend: -0.3020  w_freq: 0.434  w_spend: 0.500
Epoch  54/100 — train_loss: 0.5239  val_loss: 0.4540  freq: 1.2404  spend: -0.3100  w_freq: 0.433  w_spend: 0.500
Epoch  55/100 — train_loss: 0.5281  val_loss: 0.4532  freq: 1.2356  spend: -0.3073  w_freq: 0.432  w_spend: 0.500
Epoch  56/100 — train_loss: 0.5338  val_loss: 0.4481  freq: 1.2361  spend: -0.3178  w_freq: 0.432  w_spend: 0.500
Epoch  57/100 — train_loss: 0.5308  val_loss: 0.4606  freq: 1.2391  spend: -0.2954  w_freq: 0.431  w_spend: 0.500
Epoch  58/100 — train_loss: 0.5315  val_loss: 0.4620  freq: 1.2345  spend: -0.2886  w_freq: 0.431  w_spend: 0.500
Epoch  59/100 — train_loss: 0.5237  val_loss: 0.4624  freq: 1.2345  spend: -0.2876  w_freq: 0.430  w_spend: 0.500
Epoch  60/100 — train_loss: 0.5223  val_loss: 0.4500  freq: 1.2350  spend: -0.3128  w_freq: 0.430  w_spend: 0.500
Epoch  61/100 — train_loss: 0.5195  val_loss: 0.4520  freq: 1.2347  spend: -0.3084  w_freq: 0.429  w_spend: 0.500
Epoch  62/100 — train_loss: 0.5187  val_loss: 0.4519  freq: 1.2351  spend: -0.3090  w_freq: 0.428  w_spend: 0.500
Epoch  63/100 — train_loss: 0.5237  val_loss: 0.4546  freq: 1.2319  spend: -0.3007  w_freq: 0.428  w_spend: 0.500
Epoch  64/100 — train_loss: 0.5249  val_loss: 0.4541  freq: 1.2326  spend: -0.3022  w_freq: 0.427  w_spend: 0.500
Epoch  65/100 — train_loss: 0.5246  val_loss: 0.4460  freq: 1.2307  spend: -0.3167  w_freq: 0.427  w_spend: 0.500
Epoch  66/100 — train_loss: 0.5252  val_loss: 0.4501  freq: 1.2313  spend: -0.3090  w_freq: 0.426  w_spend: 0.500
Epoch  67/100 — train_loss: 0.5238  val_loss: 0.4537  freq: 1.2315  spend: -0.3020  w_freq: 0.426  w_spend: 0.500
Epoch  68/100 — train_loss: 0.5206  val_loss: 0.4497  freq: 1.2333  spend: -0.3113  w_freq: 0.426  w_spend: 0.500
Epoch  69/100 — train_loss: 0.5223  val_loss: 0.4497  freq: 1.2302  spend: -0.3088  w_freq: 0.425  w_spend: 0.500
Epoch  70/100 — train_loss: 0.5242  val_loss: 0.4470  freq: 1.2295  spend: -0.3136  w_freq: 0.425  w_spend: 0.500
Epoch  71/100 — train_loss: 0.5231  val_loss: 0.4509  freq: 1.2302  spend: -0.3063  w_freq: 0.424  w_spend: 0.500
Epoch  72/100 — train_loss: 0.5236  val_loss: 0.4489  freq: 1.2287  spend: -0.3089  w_freq: 0.424  w_spend: 0.500
Epoch  73/100 — train_loss: 0.5283  val_loss: 0.4504  freq: 1.2301  spend: -0.3070  w_freq: 0.423  w_spend: 0.500
Epoch  74/100 — train_loss: 0.5255  val_loss: 0.4485  freq: 1.2288  spend: -0.3098  w_freq: 0.423  w_spend: 0.500
Epoch  75/100 — train_loss: 0.5263  val_loss: 0.4472  freq: 1.2293  spend: -0.3129  w_freq: 0.423  w_spend: 0.500
Epoch  76/100 — train_loss: 0.5247  val_loss: 0.4500  freq: 1.2297  spend: -0.3076  w_freq: 0.423  w_spend: 0.500
Epoch  77/100 — train_loss: 0.5255  val_loss: 0.4498  freq: 1.2286  spend: -0.3071  w_freq: 0.423  w_spend: 0.500
Epoch  78/100 — train_loss: 0.5253  val_loss: 0.4506  freq: 1.2289  spend: -0.3056  w_freq: 0.422  w_spend: 0.500
Epoch  79/100 — train_loss: 0.5268  val_loss: 0.4492  freq: 1.2284  spend: -0.3079  w_freq: 0.422  w_spend: 0.500
Epoch  80/100 — train_loss: 0.5272  val_loss: 0.4493  freq: 1.2280  spend: -0.3074  w_freq: 0.422  w_spend: 0.500
Epoch  81/100 — train_loss: 0.5249  val_loss: 0.4542  freq: 1.2287  spend: -0.2981  w_freq: 0.422  w_spend: 0.500
Epoch  82/100 — train_loss: 0.5277  val_loss: 0.4544  freq: 1.2280  spend: -0.2972  w_freq: 0.422  w_spend: 0.500
Epoch  83/100 — train_loss: 0.5284  val_loss: 0.4555  freq: 1.2291  spend: -0.2958  w_freq: 0.421  w_spend: 0.500
Epoch  84/100 — train_loss: 0.5272  val_loss: 0.4512  freq: 1.2278  spend: -0.3033  w_freq: 0.421  w_spend: 0.500
Epoch  85/100 — train_loss: 0.5307  val_loss: 0.4586  freq: 1.2292  spend: -0.2897  w_freq: 0.421  w_spend: 0.500
Early stopping triggered at epoch 85.

Checkpoint saved: /kaggle/working/results/checkpoints/lstm_joint_dunnhumby_v4_soft_seed42_expected.pt
Validation-fitted softmax temperature: 1.1000

Duan's smearing factor (val): 1.3281
Validation aggregate calibration: freq_factor=1.0441, spend_factor=1.0025

Running autoregressive inference on holdout period ...
  inference mode: expected  n_scenarios: 1  temperature: 1.1000

=== Prediction Diagnostics ===
  Mean predicted freq/week:    0.9169
  Mean actual freq/week:       1.1447
  Over-prediction ratio:       0.801x
  Customers predicted as zero total:  0.000
  Customers actually zero total:      0.036
  Non-zero rate (pred, avg > 0.05):  1.000
  Non-zero rate (true):               0.532

Metrics saved: /kaggle/working/results/tables/lstm_joint_dunnhumby_v4_soft_seed42_expected_metrics.json
Array artifacts saved: /kaggle/working/results/tables/lstm_joint_dunnhumby_v4_soft_seed42_expected_arrays.npz

=== Holdout Evaluation ===
  metric_definition_version: valendin_aggregate_mape_v1
  freq_rmse: 20.4570
  freq_mae: 11.7150
  freq_normalized_gini: 0.8189
  freq_calibration_factor: 1.0441
  freq_horizon_abs_bias_pct: 16.3713
  bias_pct: -16.3713
  freq_weekly_mae: 544.6934
  freq_weekly_total_true: 62910.0000
  freq_weekly_total_pred: 52610.8431
  freq_valendin_mape: 19.0483
  freq_horizon_bias_pct: -16.3713
  freq_weekly_mean_pct_mape: 19.3246
  freq_weekly_mean_pct_bias_pct: -15.4260
  freq_weekly_bias_pct: -16.3713
  freq_weekly_mape: 19.0483
  freq_mape: 19.0483
  freq_mase: 1.1272
  freq_mase_scale: 0.8235
  smearing_factor: 1.3281
  spend_calibration_factor: 1.0025
  spend_mae_raw: 313.1486
  spend_rmse_raw: 460.3025
  spend_normalized_gini: 0.8348
  spend_mae_log: 0.8219
  spend_rmse_log: 1.3868
  spend_r2_log: 0.3475
  spend_bias_pct: -1.5152
  spend_weekly_mae: 6479.5540
  spend_weekly_total_true: 1965992.3000
  spend_weekly_total_pred: 1936204.5973
  spend_valendin_mape: 7.2508
  spend_horizon_abs_bias_pct: 1.5151
  spend_horizon_bias_pct: -1.5151
  spend_weekly_mean_pct_mape: 8.4854
  spend_weekly_mean_pct_bias_pct: 0.5313
  spend_weekly_bias_pct: -1.5151
  spend_weekly_mape: 7.2508
  spend_mase: 1.1422
  spend_mase_scale: 27.5152
  clv_mae: 306.6555
  clv_rmse: 451.0338
  clv_spearman: 0.7748
  clv_decile_lift: 3.2800
  clv_normalized_gini: 0.8355
  clv_total_true: 1929812.7500
  clv_total_pred: 1899786.2500
  calibration_temperature_source: rolling_origin_autoregressive
  validation_temperature: 1.1000
  smearing_source: rolling_origin_autoregressive
  calibration_source: rolling_origin_autoregressive
  validation_freq_true_total: 6257.0000
  validation_freq_pred_total: 5319.5203
  validation_spend_true_total: 181327.5781
  validation_spend_pred_total: 179538.6562
  validation_freq_calibration_factor: 1.0441
  validation_spend_calibration_factor: 1.0025
  validation_rolling_origin_count: 2
  protocol_name: dunnhumby_configured_80x22
  cohort_size: 2498
  calibration_weeks: 80
  holdout_weeks: 22
  inference_mode: expected
  n_scenarios: 1
  final_manifest_version: 2026-05-20-results-recovery-protocol
  final_manifest_run_name: lstm_joint_dunnhumby_v4_soft_seed42_expected
  final_manifest_config: experiments/configs/lstm_joint_dunnhumby_v4_soft.yaml
  final_manifest_config_hash: c46d54c139c4
  final_manifest_actual_config_hash: e2d31a421d20
  final_manifest_seed: 42
  final_manifest_epochs: 100
  final_manifest_inference_mode: expected
  final_manifest_n_scenarios: 1
  run_valid: False
  run_invalid_reason: absolute frequency bias -16.4% exceeds 15.0%
  run_warning: large frequency bias (-16.4%); expected inference mode is diagnostic-only for Valendin-style reporting
  diagnostic_only: True
  epochs_completed: 85
  max_epochs_configured: 100
History saved: /kaggle/working/results/tables/lstm_joint_dunnhumby_v4_soft_seed42_expected_history.json
