[Kaggle] raw_dir  → /kaggle/working/input/uci-retail
[Kaggle] results  → /kaggle/working/results
Config: experiments/configs/lstm_joint_uci_v4_soft.yaml
Run: lstm_joint_uci_v4_soft_seed42_expected
Device: cuda
Loading dataset: uci ...
[pipeline] freq_cap=4 (auto q=0.99) → freq_bins=[0, 1, 2, 3]... (n_classes=5)
  Train customers: 4437, Val: 493, Inference: 4930
[uci] Customers with 0 calibration transactions: 0 / 4930
  top-bin decode: class_values[-1] = 5.515 (max_trans = 4)
Model: lstm — 98,262 parameters

Training for up to 100 epochs ...
/kaggle/working/thesis-code/src/training/trainer.py:116: FutureWarning: `torch.cuda.amp.GradScaler(args...)` is deprecated. Please use `torch.amp.GradScaler('cuda', args...)` instead.
  self.scaler = torch.cuda.amp.GradScaler(enabled=self.amp_enabled)
[Kendall] log_vars frozen for 5 warm-up epochs.
Epoch   1/100 — train_loss: 13.8476  val_loss: 14.3691  freq: 28.3183  spend: 0.4199  w_freq: 0.500  w_spend: 0.500
Epoch   2/100 — train_loss: 12.1611  val_loss: 11.1773  freq: 21.9391  spend: 0.4155  w_freq: 0.500  w_spend: 0.500
Epoch   3/100 — train_loss: 7.0994  val_loss: 2.7134  freq: 5.0187  spend: 0.4080  w_freq: 0.500  w_spend: 0.500
Epoch   4/100 — train_loss: 0.8176  val_loss: 0.4842  freq: 0.5535  spend: 0.4149  w_freq: 0.500  w_spend: 0.500
Epoch   5/100 — train_loss: 0.4389  val_loss: 0.3723  freq: 0.3226  spend: 0.4220  w_freq: 0.500  w_spend: 0.500
[Kendall] log_vars unfrozen at epoch 6.
[spend-norm] frozen at 0.4346 (absolute val-loss magnitude shifts accordingly; early stopping is relative so this is safe)
Epoch   6/100 — train_loss: 0.6204  val_loss: 0.5968  freq: 0.2284  spend: 0.9717  w_freq: 0.502  w_spend: 0.501
Epoch   7/100 — train_loss: 0.6418  val_loss: 0.5626  freq: 0.2052  spend: 0.9332  w_freq: 0.506  w_spend: 0.501
Epoch   8/100 — train_loss: 0.5952  val_loss: 0.5845  freq: 0.2341  spend: 0.9539  w_freq: 0.510  w_spend: 0.503
Epoch   9/100 — train_loss: 0.5919  val_loss: 0.5472  freq: 0.2063  spend: 0.9139  w_freq: 0.514  w_spend: 0.504
Epoch  10/100 — train_loss: 0.5651  val_loss: 0.5341  freq: 0.1877  spend: 0.9135  w_freq: 0.518  w_spend: 0.505
Epoch  11/100 — train_loss: 0.5377  val_loss: 0.5173  freq: 0.2069  spend: 0.8686  w_freq: 0.523  w_spend: 0.506
Epoch  12/100 — train_loss: 0.5118  val_loss: 0.4719  freq: 0.1872  spend: 0.8074  w_freq: 0.528  w_spend: 0.508
Epoch  13/100 — train_loss: 0.4613  val_loss: 0.4109  freq: 0.2092  spend: 0.6722  w_freq: 0.532  w_spend: 0.511
Epoch  14/100 — train_loss: 0.3983  val_loss: 0.4148  freq: 0.1980  spend: 0.6977  w_freq: 0.536  w_spend: 0.514
Epoch  15/100 — train_loss: 0.3849  val_loss: 0.3163  freq: 0.1951  spend: 0.5161  w_freq: 0.538  w_spend: 0.518
Epoch  16/100 — train_loss: 0.3131  val_loss: 0.3603  freq: 0.2122  spend: 0.5901  w_freq: 0.540  w_spend: 0.522
Epoch  17/100 — train_loss: 0.3291  val_loss: 0.2875  freq: 0.1974  spend: 0.4727  w_freq: 0.543  w_spend: 0.527
Epoch  18/100 — train_loss: 0.3077  val_loss: 0.3023  freq: 0.1765  spend: 0.5275  w_freq: 0.544  w_spend: 0.530
Epoch  19/100 — train_loss: 0.3002  val_loss: 0.2541  freq: 0.1784  spend: 0.4433  w_freq: 0.547  w_spend: 0.534
Epoch  20/100 — train_loss: 0.2490  val_loss: 0.2355  freq: 0.2158  spend: 0.3801  w_freq: 0.549  w_spend: 0.540
Epoch  21/100 — train_loss: 0.2612  val_loss: 0.2197  freq: 0.1714  spend: 0.4030  w_freq: 0.552  w_spend: 0.545
Epoch  22/100 — train_loss: 0.2264  val_loss: 0.2081  freq: 0.1777  spend: 0.3824  w_freq: 0.554  w_spend: 0.549
Epoch  23/100 — train_loss: 0.2340  val_loss: 0.2097  freq: 0.1789  spend: 0.3914  w_freq: 0.557  w_spend: 0.554
Epoch  24/100 — train_loss: 0.2109  val_loss: 0.1990  freq: 0.1717  spend: 0.3870  w_freq: 0.559  w_spend: 0.558
Epoch  25/100 — train_loss: 0.2166  val_loss: 0.1883  freq: 0.1742  spend: 0.3732  w_freq: 0.562  w_spend: 0.562
Epoch  26/100 — train_loss: 0.2084  val_loss: 0.1872  freq: 0.1750  spend: 0.3777  w_freq: 0.565  w_spend: 0.567
Epoch  27/100 — train_loss: 0.2118  val_loss: 0.2501  freq: 0.2308  spend: 0.4385  w_freq: 0.567  w_spend: 0.571
Epoch  28/100 — train_loss: 0.2012  val_loss: 0.1584  freq: 0.1701  spend: 0.3444  w_freq: 0.569  w_spend: 0.575
Epoch  29/100 — train_loss: 0.2170  val_loss: 0.1815  freq: 0.1806  spend: 0.3794  w_freq: 0.572  w_spend: 0.578
Epoch  30/100 — train_loss: 0.1832  val_loss: 0.1803  freq: 0.1814  spend: 0.3815  w_freq: 0.574  w_spend: 0.581
Epoch  31/100 — train_loss: 0.1643  val_loss: 0.1467  freq: 0.1699  spend: 0.3422  w_freq: 0.576  w_spend: 0.585
Epoch  32/100 — train_loss: 0.1533  val_loss: 0.1379  freq: 0.1697  spend: 0.3369  w_freq: 0.579  w_spend: 0.590
Epoch  33/100 — train_loss: 0.1513  val_loss: 0.1947  freq: 0.1724  spend: 0.4379  w_freq: 0.583  w_spend: 0.595
Epoch  34/100 — train_loss: 0.1580  val_loss: 0.1522  freq: 0.1714  spend: 0.3730  w_freq: 0.586  w_spend: 0.600
Epoch  35/100 — train_loss: 0.1445  val_loss: 0.1540  freq: 0.1993  spend: 0.3537  w_freq: 0.588  w_spend: 0.603
Epoch  36/100 — train_loss: 0.1447  val_loss: 0.1702  freq: 0.2668  spend: 0.3197  w_freq: 0.591  w_spend: 0.606
Epoch  37/100 — train_loss: 0.1588  val_loss: 0.1295  freq: 0.1698  spend: 0.3516  w_freq: 0.593  w_spend: 0.609
Epoch  38/100 — train_loss: 0.0984  val_loss: 0.1170  freq: 0.1804  spend: 0.3274  w_freq: 0.595  w_spend: 0.612
Epoch  39/100 — train_loss: 0.1348  val_loss: 0.1066  freq: 0.1728  spend: 0.3261  w_freq: 0.599  w_spend: 0.617
Epoch  40/100 — train_loss: 0.0987  val_loss: 0.0945  freq: 0.1720  spend: 0.3154  w_freq: 0.603  w_spend: 0.623
Epoch  41/100 — train_loss: 0.0874  val_loss: 0.1087  freq: 0.1705  spend: 0.3463  w_freq: 0.606  w_spend: 0.627
Epoch  42/100 — train_loss: 0.0783  val_loss: 0.1670  freq: 0.2772  spend: 0.3418  w_freq: 0.609  w_spend: 0.632
Epoch  43/100 — train_loss: 0.0822  val_loss: 0.0790  freq: 0.1698  spend: 0.3124  w_freq: 0.613  w_spend: 0.636
Epoch  44/100 — train_loss: 0.0694  val_loss: 0.0738  freq: 0.1689  spend: 0.3098  w_freq: 0.615  w_spend: 0.639
Epoch  45/100 — train_loss: 0.0548  val_loss: 0.0875  freq: 0.2002  spend: 0.3065  w_freq: 0.618  w_spend: 0.643
Epoch  46/100 — train_loss: 0.0761  val_loss: 0.0720  freq: 0.1714  spend: 0.3147  w_freq: 0.621  w_spend: 0.646
Epoch  47/100 — train_loss: 0.0733  val_loss: 0.0629  freq: 0.1690  spend: 0.3079  w_freq: 0.623  w_spend: 0.649
Epoch  48/100 — train_loss: 0.0531  val_loss: 0.0736  freq: 0.1825  spend: 0.3169  w_freq: 0.626  w_spend: 0.653
Epoch  49/100 — train_loss: 0.0441  val_loss: 0.0743  freq: 0.1700  spend: 0.3348  w_freq: 0.629  w_spend: 0.657
Epoch  50/100 — train_loss: 0.0458  val_loss: 0.0673  freq: 0.1680  spend: 0.3312  w_freq: 0.631  w_spend: 0.660
Epoch  51/100 — train_loss: 0.0370  val_loss: 0.0800  freq: 0.2005  spend: 0.3249  w_freq: 0.634  w_spend: 0.664
Epoch  52/100 — train_loss: 0.0396  val_loss: 0.0605  freq: 0.1766  spend: 0.3232  w_freq: 0.637  w_spend: 0.668
Epoch  53/100 — train_loss: 0.0276  val_loss: 0.0568  freq: 0.1695  spend: 0.3281  w_freq: 0.640  w_spend: 0.671
Epoch  54/100 — train_loss: 0.0303  val_loss: 0.0547  freq: 0.1713  spend: 0.3269  w_freq: 0.642  w_spend: 0.674
Epoch  55/100 — train_loss: 0.0254  val_loss: 0.0579  freq: 0.1716  spend: 0.3347  w_freq: 0.644  w_spend: 0.677
Epoch  56/100 — train_loss: 0.0167  val_loss: 0.0460  freq: 0.1691  spend: 0.3234  w_freq: 0.646  w_spend: 0.679
Epoch  57/100 — train_loss: 0.0069  val_loss: 0.0415  freq: 0.1708  spend: 0.3191  w_freq: 0.649  w_spend: 0.682
Epoch  58/100 — train_loss: 0.0049  val_loss: 0.0379  freq: 0.1750  spend: 0.3134  w_freq: 0.651  w_spend: 0.685
Epoch  59/100 — train_loss: 0.0007  val_loss: 0.0764  freq: 0.2124  spend: 0.3374  w_freq: 0.653  w_spend: 0.688
Epoch  60/100 — train_loss: -0.0029  val_loss: 0.0378  freq: 0.1691  spend: 0.3256  w_freq: 0.655  w_spend: 0.691
Epoch  61/100 — train_loss: -0.0040  val_loss: 0.0449  freq: 0.1838  spend: 0.3245  w_freq: 0.657  w_spend: 0.693
Epoch  62/100 — train_loss: -0.0181  val_loss: 0.0497  freq: 0.1763  spend: 0.3411  w_freq: 0.659  w_spend: 0.695
Epoch  63/100 — train_loss: -0.0028  val_loss: 0.0271  freq: 0.1683  spend: 0.3192  w_freq: 0.661  w_spend: 0.697
Epoch  64/100 — train_loss: -0.0143  val_loss: 0.0250  freq: 0.1689  spend: 0.3182  w_freq: 0.662  w_spend: 0.700
Epoch  65/100 — train_loss: -0.0172  val_loss: 0.0393  freq: 0.1785  spend: 0.3319  w_freq: 0.664  w_spend: 0.702
Epoch  66/100 — train_loss: -0.0221  val_loss: 0.0328  freq: 0.1920  spend: 0.3120  w_freq: 0.666  w_spend: 0.703
Epoch  67/100 — train_loss: -0.0033  val_loss: 0.0196  freq: 0.1708  spend: 0.3153  w_freq: 0.667  w_spend: 0.705
Epoch  68/100 — train_loss: -0.0322  val_loss: 0.0284  freq: 0.1849  spend: 0.3165  w_freq: 0.668  w_spend: 0.707
Epoch  69/100 — train_loss: -0.0160  val_loss: 0.0421  freq: 0.1894  spend: 0.3337  w_freq: 0.670  w_spend: 0.708
Epoch  70/100 — train_loss: -0.0276  val_loss: 0.0248  freq: 0.1705  spend: 0.3289  w_freq: 0.671  w_spend: 0.710
Epoch  71/100 — train_loss: -0.0184  val_loss: 0.0378  freq: 0.1890  spend: 0.3311  w_freq: 0.672  w_spend: 0.711
Epoch  72/100 — train_loss: -0.0158  val_loss: 0.0200  freq: 0.1769  spend: 0.3189  w_freq: 0.673  w_spend: 0.712
Epoch  73/100 — train_loss: -0.0066  val_loss: 0.0124  freq: 0.1675  spend: 0.3189  w_freq: 0.674  w_spend: 0.714
Epoch  74/100 — train_loss: -0.0419  val_loss: 0.0399  freq: 0.2039  spend: 0.3245  w_freq: 0.675  w_spend: 0.715
Epoch  75/100 — train_loss: -0.0394  val_loss: 0.0204  freq: 0.1733  spend: 0.3273  w_freq: 0.676  w_spend: 0.716
Epoch  76/100 — train_loss: -0.0286  val_loss: 0.0178  freq: 0.1772  spend: 0.3215  w_freq: 0.677  w_spend: 0.717
Epoch  77/100 — train_loss: -0.0265  val_loss: 0.0133  freq: 0.1791  spend: 0.3148  w_freq: 0.678  w_spend: 0.718
Epoch  78/100 — train_loss: -0.0364  val_loss: 0.0111  freq: 0.1720  spend: 0.3194  w_freq: 0.679  w_spend: 0.719
Epoch  79/100 — train_loss: -0.0275  val_loss: 0.0118  freq: 0.1711  spend: 0.3221  w_freq: 0.680  w_spend: 0.720
Epoch  80/100 — train_loss: -0.0310  val_loss: 0.0158  freq: 0.1788  spend: 0.3212  w_freq: 0.681  w_spend: 0.721
Epoch  81/100 — train_loss: -0.0253  val_loss: 0.0253  freq: 0.1868  spend: 0.3276  w_freq: 0.681  w_spend: 0.722
Epoch  82/100 — train_loss: -0.0364  val_loss: 0.0180  freq: 0.1833  spend: 0.3214  w_freq: 0.682  w_spend: 0.722
Epoch  83/100 — train_loss: -0.0376  val_loss: 0.0199  freq: 0.1825  spend: 0.3255  w_freq: 0.682  w_spend: 0.723
Epoch  84/100 — train_loss: -0.0215  val_loss: 0.0123  freq: 0.1788  spend: 0.3189  w_freq: 0.683  w_spend: 0.723
Epoch  85/100 — train_loss: -0.0277  val_loss: 0.0180  freq: 0.1877  spend: 0.3190  w_freq: 0.683  w_spend: 0.724
Epoch  86/100 — train_loss: -0.0298  val_loss: 0.0139  freq: 0.1789  spend: 0.3221  w_freq: 0.683  w_spend: 0.724
Epoch  87/100 — train_loss: -0.0405  val_loss: 0.0187  freq: 0.1831  spend: 0.3250  w_freq: 0.684  w_spend: 0.724
Epoch  88/100 — train_loss: -0.0196  val_loss: 0.0195  freq: 0.1833  spend: 0.3263  w_freq: 0.684  w_spend: 0.725
Epoch  89/100 — train_loss: -0.0252  val_loss: 0.0175  freq: 0.1846  spend: 0.3227  w_freq: 0.684  w_spend: 0.725
Epoch  90/100 — train_loss: -0.0389  val_loss: 0.0143  freq: 0.1803  spend: 0.3225  w_freq: 0.684  w_spend: 0.725
Epoch  91/100 — train_loss: -0.0323  val_loss: 0.0205  freq: 0.1881  spend: 0.3239  w_freq: 0.685  w_spend: 0.725
Epoch  92/100 — train_loss: -0.0347  val_loss: 0.0247  freq: 0.1877  spend: 0.3302  w_freq: 0.685  w_spend: 0.725
Epoch  93/100 — train_loss: -0.0298  val_loss: 0.0275  freq: 0.1889  spend: 0.3329  w_freq: 0.685  w_spend: 0.725
Epoch  94/100 — train_loss: -0.0205  val_loss: 0.0265  freq: 0.1884  spend: 0.3322  w_freq: 0.685  w_spend: 0.726
Epoch  95/100 — train_loss: -0.0235  val_loss: 0.0256  freq: 0.1869  spend: 0.3325  w_freq: 0.685  w_spend: 0.726
Epoch  96/100 — train_loss: -0.0181  val_loss: 0.0292  freq: 0.1914  spend: 0.3332  w_freq: 0.685  w_spend: 0.726
Epoch  97/100 — train_loss: -0.0162  val_loss: 0.0276  freq: 0.1893  spend: 0.3330  w_freq: 0.685  w_spend: 0.726
Epoch  98/100 — train_loss: -0.0110  val_loss: 0.0274  freq: 0.1889  spend: 0.3331  w_freq: 0.685  w_spend: 0.726
Early stopping triggered at epoch 98.

Checkpoint saved: /kaggle/working/results/checkpoints/lstm_joint_uci_v4_soft_seed42_expected.pt
Validation-fitted softmax temperature: 0.7500

Duan's smearing factor (val): 1.2592
Validation aggregate calibration: freq_factor=1.5200, spend_factor=1.4149

Running autoregressive inference on holdout period ...
  inference mode: expected  n_scenarios: 1  temperature: 0.7500

=== Prediction Diagnostics ===
  Mean predicted freq/week:    0.0090
  Mean actual freq/week:       0.0656
  Over-prediction ratio:       0.138x
  Customers predicted as zero total:  0.953
  Customers actually zero total:      0.484
  Non-zero rate (pred, avg > 0.05):  0.010
  Non-zero rate (true):               0.055

Metrics saved: /kaggle/working/results/tables/lstm_joint_uci_v4_soft_seed42_expected_metrics.json
Array artifacts saved: /kaggle/working/results/tables/lstm_joint_uci_v4_soft_seed42_expected_arrays.npz

=== Holdout Evaluation ===
  metric_definition_version: valendin_aggregate_mape_v1
  freq_rmse: 3.7343
  freq_mae: 1.5747
  freq_normalized_gini: 0.6486
  freq_calibration_factor: 1.5200
  freq_horizon_abs_bias_pct: 79.0747
  bias_pct: -79.0747
  freq_weekly_mae: 255.8674
  freq_weekly_total_true: 8413.0000
  freq_weekly_total_pred: 1760.4472
  freq_valendin_mape: 79.0747
  freq_horizon_bias_pct: -79.0747
  freq_weekly_mean_pct_mape: 77.6456
  freq_weekly_mean_pct_bias_pct: -77.6456
  freq_weekly_bias_pct: -79.0747
  freq_weekly_mape: 79.0747
  freq_mape: 79.0747
  freq_mase: 0.6494
  freq_mase_scale: 0.1146
  smearing_factor: 1.2592
  spend_calibration_factor: 1.4149
  spend_mae_raw: 743.5049
  spend_rmse_raw: 3606.8137
  spend_normalized_gini: 0.8151
  spend_mae_log: 2.9166
  spend_rmse_log: 3.1669
  spend_r2_log: 0.1112
  spend_bias_pct: -74.8746
  spend_weekly_mae: 122878.7081
  spend_weekly_total_true: 4266929.6797
  spend_weekly_total_pred: 1072083.2693
  spend_valendin_mape: 74.8746
  spend_horizon_abs_bias_pct: 74.8746
  spend_horizon_bias_pct: -74.8746
  spend_weekly_mean_pct_mape: 72.3327
  spend_weekly_mean_pct_bias_pct: -72.3327
  spend_weekly_bias_pct: -74.8746
  spend_weekly_mape: 74.8746
  spend_mase: 1.0092
  spend_mase_scale: 36.7368
  clv_mae: 724.2606
  clv_rmse: 3514.1953
  clv_spearman: 0.4844
  clv_decile_lift: 5.9918
  clv_normalized_gini: 0.8157
  clv_total_true: 4160751.5000
  clv_total_pred: 1050317.7500
  calibration_temperature_source: rolling_origin_autoregressive
  validation_temperature: 0.7500
  smearing_source: rolling_origin_autoregressive
  calibration_source: rolling_origin_autoregressive
  validation_freq_true_total: 662.0000
  validation_freq_pred_total: 214.9421
  validation_spend_true_total: 287846.2422
  validation_spend_pred_total: 108236.0273
  validation_freq_calibration_factor: 1.5200
  validation_spend_calibration_factor: 1.4149
  validation_rolling_origin_count: 2
  protocol_name: uci_configured_78x26
  cohort_size: 4930
  calibration_weeks: 78
  holdout_weeks: 26
  inference_mode: expected
  n_scenarios: 1
  final_manifest_version: 2026-05-20-results-recovery-protocol
  final_manifest_run_name: lstm_joint_uci_v4_soft_seed42_expected
  final_manifest_config: experiments/configs/lstm_joint_uci_v4_soft.yaml
  final_manifest_config_hash: cc6f41f6da5c
  final_manifest_actual_config_hash: 104f9c0f27a9
  final_manifest_seed: 42
  final_manifest_epochs: 100
  final_manifest_inference_mode: expected
  final_manifest_n_scenarios: 1
  run_valid: False
  run_invalid_reason: absolute frequency bias -79.1% exceeds 15.0%; freq_calibration_factor 1.520 outside [0.670, 1.500]; absolute spend bias -74.9% exceeds 50.0%
  run_warning: large frequency bias (-79.1%); large spend bias (-74.9%); expected inference mode is diagnostic-only for Valendin-style reporting
  diagnostic_only: True
  epochs_completed: 98
  max_epochs_configured: 100
History saved: /kaggle/working/results/tables/lstm_joint_uci_v4_soft_seed42_expected_history.json
