[Kaggle] raw_dir  → /kaggle/working/input/cdnow-dataset
[Kaggle] results  → /kaggle/working/results
Config: experiments/configs/lstm_base_cdnow_v4_soft.yaml
Run: lstm_base_cdnow_v4_soft_seed42_expected
Device: cuda
Loading dataset: cdnow ...
[pipeline] freq_bins from config: [0, 1, 2, 3]
  Train customers: 2115, Val: 234, Inference: 2349
[cdnow] Customers with 0 calibration transactions: 0 / 2349
  top-bin decode: class_values[-1] = 4.071 (max_trans = 3)
Model: lstm — 89,132 parameters

Training for up to 100 epochs ...
/kaggle/working/thesis-code/src/training/trainer.py:116: FutureWarning: `torch.cuda.amp.GradScaler(args...)` is deprecated. Please use `torch.amp.GradScaler('cuda', args...)` instead.
  self.scaler = torch.cuda.amp.GradScaler(enabled=self.amp_enabled)
Epoch   1/100 — train_loss: 58.3753  val_loss: 58.4599
Epoch   2/100 — train_loss: 61.7610  val_loss: 56.3086
Epoch   3/100 — train_loss: 53.4421  val_loss: 50.0550
Epoch   4/100 — train_loss: 33.5572  val_loss: 6.5936
Epoch   5/100 — train_loss: 1.7758  val_loss: 0.5006
Epoch   6/100 — train_loss: 0.3259  val_loss: 0.2963
Epoch   7/100 — train_loss: 0.4297  val_loss: 0.1057
Epoch   8/100 — train_loss: 0.2145  val_loss: 0.1225
Epoch   9/100 — train_loss: 0.2050  val_loss: 0.1114
Epoch  10/100 — train_loss: 0.1969  val_loss: 0.1117
Epoch  11/100 — train_loss: 0.1589  val_loss: 0.1414
Epoch  12/100 — train_loss: 0.1835  val_loss: 0.1012
Epoch  13/100 — train_loss: 0.1545  val_loss: 0.1437
Epoch  14/100 — train_loss: 0.1671  val_loss: 0.1099
Epoch  15/100 — train_loss: 0.1552  val_loss: 0.1016
Epoch  16/100 — train_loss: 0.1755  val_loss: 0.0987
Epoch  17/100 — train_loss: 0.2156  val_loss: 0.1011
Epoch  18/100 — train_loss: 0.2140  val_loss: 0.1011
Epoch  19/100 — train_loss: 0.3332  val_loss: 0.1031
Epoch  20/100 — train_loss: 0.1682  val_loss: 0.0969
Epoch  21/100 — train_loss: 0.1498  val_loss: 0.0981
Epoch  22/100 — train_loss: 0.1726  val_loss: 0.1085
Epoch  23/100 — train_loss: 0.1769  val_loss: 0.0995
Epoch  24/100 — train_loss: 0.2594  val_loss: 0.0959
Epoch  25/100 — train_loss: 0.1192  val_loss: 0.0949
Epoch  26/100 — train_loss: 0.1469  val_loss: 0.0929
Epoch  27/100 — train_loss: 0.2151  val_loss: 0.0988
Epoch  28/100 — train_loss: 0.1693  val_loss: 0.0946
Epoch  29/100 — train_loss: 0.1509  val_loss: 0.0943
Epoch  30/100 — train_loss: 0.2079  val_loss: 0.1808
Epoch  31/100 — train_loss: 0.1537  val_loss: 0.0990
Epoch  32/100 — train_loss: 0.1351  val_loss: 0.0931
Epoch  33/100 — train_loss: 0.2352  val_loss: 0.1508
Epoch  34/100 — train_loss: 0.1511  val_loss: 0.1035
Epoch  35/100 — train_loss: 0.1728  val_loss: 0.1112
Epoch  36/100 — train_loss: 0.1564  val_loss: 0.0927
Epoch  37/100 — train_loss: 0.2499  val_loss: 0.1257
Epoch  38/100 — train_loss: 0.1554  val_loss: 0.1191
Epoch  39/100 — train_loss: 0.1319  val_loss: 0.0987
Epoch  40/100 — train_loss: 0.1875  val_loss: 0.1650
Epoch  41/100 — train_loss: 0.1690  val_loss: 0.0936
Epoch  42/100 — train_loss: 0.1276  val_loss: 0.0919
Epoch  43/100 — train_loss: 0.1423  val_loss: 0.1061
Epoch  44/100 — train_loss: 0.1358  val_loss: 0.0941
Epoch  45/100 — train_loss: 0.1577  val_loss: 0.1072
Epoch  46/100 — train_loss: 0.1495  val_loss: 0.1097
Epoch  47/100 — train_loss: 0.1624  val_loss: 0.1394
Epoch  48/100 — train_loss: 0.1821  val_loss: 0.1171
Epoch  49/100 — train_loss: 0.1522  val_loss: 0.1342
Epoch  50/100 — train_loss: 0.1989  val_loss: 0.1473
Epoch  51/100 — train_loss: 0.1764  val_loss: 0.0956
Epoch  52/100 — train_loss: 0.1950  val_loss: 0.1470
Epoch  53/100 — train_loss: 0.2387  val_loss: 0.1269
Epoch  54/100 — train_loss: 0.2158  val_loss: 0.0939
Epoch  55/100 — train_loss: 0.1766  val_loss: 0.0910
Epoch  56/100 — train_loss: 0.1233  val_loss: 0.1053
Epoch  57/100 — train_loss: 0.1605  val_loss: 0.0930
Epoch  58/100 — train_loss: 0.1670  val_loss: 0.0908
Epoch  59/100 — train_loss: 0.1339  val_loss: 0.1190
Epoch  60/100 — train_loss: 0.1351  val_loss: 0.0961
Epoch  61/100 — train_loss: 0.2108  val_loss: 0.0950
Epoch  62/100 — train_loss: 0.1531  val_loss: 0.0961
Epoch  63/100 — train_loss: 0.1448  val_loss: 0.0977
Epoch  64/100 — train_loss: 0.1612  val_loss: 0.0913
Epoch  65/100 — train_loss: 0.1682  val_loss: 0.0992
Epoch  66/100 — train_loss: 0.1812  val_loss: 0.0955
Epoch  67/100 — train_loss: 0.1349  val_loss: 0.0914
Epoch  68/100 — train_loss: 0.1534  val_loss: 0.0946
Epoch  69/100 — train_loss: 0.1367  val_loss: 0.1038
Epoch  70/100 — train_loss: 0.1346  val_loss: 0.0912
Epoch  71/100 — train_loss: 0.1840  val_loss: 0.0898
Epoch  72/100 — train_loss: 0.1698  val_loss: 0.0930
Epoch  73/100 — train_loss: 0.1341  val_loss: 0.1082
Epoch  74/100 — train_loss: 0.1414  val_loss: 0.0950
Epoch  75/100 — train_loss: 0.1375  val_loss: 0.0984
Epoch  76/100 — train_loss: 0.1187  val_loss: 0.0900
Epoch  77/100 — train_loss: 0.1308  val_loss: 0.0952
Epoch  78/100 — train_loss: 0.1122  val_loss: 0.0974
Epoch  79/100 — train_loss: 0.1165  val_loss: 0.0922
Epoch  80/100 — train_loss: 0.1168  val_loss: 0.0909
Epoch  81/100 — train_loss: 0.1399  val_loss: 0.0902
Epoch  82/100 — train_loss: 0.1310  val_loss: 0.0967
Epoch  83/100 — train_loss: 0.1582  val_loss: 0.0958
Epoch  84/100 — train_loss: 0.1405  val_loss: 0.0969
Epoch  85/100 — train_loss: 0.1484  val_loss: 0.0916
Epoch  86/100 — train_loss: 0.1401  val_loss: 0.0932
Epoch  87/100 — train_loss: 0.1533  val_loss: 0.0960
Epoch  88/100 — train_loss: 0.1105  val_loss: 0.0950
Epoch  89/100 — train_loss: 0.1683  val_loss: 0.0925
Epoch  90/100 — train_loss: 0.1484  val_loss: 0.0931
Epoch  91/100 — train_loss: 0.1274  val_loss: 0.0940
Early stopping triggered at epoch 91.

Checkpoint saved: /kaggle/working/results/checkpoints/lstm_base_cdnow_v4_soft_seed42_expected.pt
Validation-fitted softmax temperature: 0.7500
Validation aggregate calibration: freq_factor=2.1747, spend_factor=1.0000

Running autoregressive inference on holdout period ...
  inference mode: expected  n_scenarios: 1  temperature: 0.7500

=== Prediction Diagnostics ===
  Mean predicted freq/week:    0.0034
  Mean actual freq/week:       0.0196
  Over-prediction ratio:       0.173x
  Customers predicted as zero total:  1.000
  Customers actually zero total:      0.781
  Non-zero rate (pred, avg > 0.05):  0.000
  Non-zero rate (true):               0.018

Metrics saved: /kaggle/working/results/tables/lstm_base_cdnow_v4_soft_seed42_expected_metrics.json
Array artifacts saved: /kaggle/working/results/tables/lstm_base_cdnow_v4_soft_seed42_expected_arrays.npz

=== Holdout Evaluation ===
  metric_definition_version: valendin_aggregate_mape_v1
  freq_rmse: 1.4718
  freq_mae: 0.6166
  freq_normalized_gini: 0.4863
  freq_calibration_factor: 2.1747
  freq_horizon_abs_bias_pct: 62.4317
  bias_pct: -62.4317
  freq_weekly_mae: 28.7186
  freq_weekly_total_true: 1196.0000
  freq_weekly_total_pred: 449.3166
  freq_valendin_mape: 62.4317
  freq_horizon_bias_pct: -62.4317
  freq_weekly_mean_pct_mape: 59.6364
  freq_weekly_mean_pct_bias_pct: -59.6364
  freq_weekly_bias_pct: -62.4317
  freq_weekly_mape: 62.4317
  freq_mape: 62.4317
  freq_mase: 0.3199
  freq_mase_scale: 0.0834
  calibration_temperature_source: rolling_origin_autoregressive
  validation_temperature: 0.7500
  calibration_source: rolling_origin_autoregressive
  validation_freq_true_total: 120.0000
  validation_freq_pred_total: 21.0573
  validation_spend_true_total: 0.0000
  validation_spend_pred_total: 0.0000
  validation_freq_calibration_factor: 2.1747
  validation_spend_calibration_factor: 1.0000
  validation_rolling_origin_count: 2
  protocol_name: cdnow_sample_52x26
  cohort_size: 2349
  calibration_weeks: 52
  holdout_weeks: 26
  inference_mode: expected
  n_scenarios: 1
  final_manifest_version: 2026-05-20-results-recovery-protocol
  final_manifest_run_name: lstm_base_cdnow_v4_soft_seed42_expected
  final_manifest_config: experiments/configs/lstm_base_cdnow_v4_soft.yaml
  final_manifest_config_hash: 979357317783
  final_manifest_actual_config_hash: e4284f61c240
  final_manifest_seed: 42
  final_manifest_epochs: 100
  final_manifest_inference_mode: expected
  final_manifest_n_scenarios: 1
  run_valid: False
  run_invalid_reason: absolute frequency bias -62.4% exceeds 15.0%; freq_calibration_factor 2.175 outside [0.670, 1.500]
  run_warning: large frequency bias (-62.4%); expected inference mode is diagnostic-only for Valendin-style reporting
  diagnostic_only: True
  epochs_completed: 91
  max_epochs_configured: 100
History saved: /kaggle/working/results/tables/lstm_base_cdnow_v4_soft_seed42_expected_history.json
