[Kaggle] raw_dir  → /kaggle/working/input/cdnow-dataset
[Kaggle] results  → /kaggle/working/results
Config: experiments/configs/lstm_joint_cdnow_v4_soft.yaml
Run: lstm_joint_cdnow_v4_soft_seed42_expected
Device: cuda
Loading dataset: cdnow ...
[pipeline] freq_bins from config: [0, 1, 2, 3]
  Train customers: 2115, Val: 234, Inference: 2349
[cdnow] Customers with 0 calibration transactions: 0 / 2349
  top-bin decode: class_values[-1] = 4.071 (max_trans = 3)
Model: lstm — 97,614 parameters

Training for up to 100 epochs ...
/kaggle/working/thesis-code/src/training/trainer.py:116: FutureWarning: `torch.cuda.amp.GradScaler(args...)` is deprecated. Please use `torch.amp.GradScaler('cuda', args...)` instead.
  self.scaler = torch.cuda.amp.GradScaler(enabled=self.amp_enabled)
[Kendall] log_vars frozen for 5 warm-up epochs.
Epoch   1/100 — train_loss: 27.4010  val_loss: 27.1960  freq: 54.1734  spend: 0.2186  w_freq: 0.500  w_spend: 0.500
Epoch   2/100 — train_loss: 25.1429  val_loss: 23.2191  freq: 46.2277  spend: 0.2105  w_freq: 0.500  w_spend: 0.500
Epoch   3/100 — train_loss: 20.5316  val_loss: 15.3254  freq: 30.4689  spend: 0.1820  w_freq: 0.500  w_spend: 0.500
Epoch   4/100 — train_loss: 9.8278  val_loss: 3.0688  freq: 6.0365  spend: 0.1011  w_freq: 0.500  w_spend: 0.500
Epoch   5/100 — train_loss: 0.9716  val_loss: 0.3279  freq: 0.5707  spend: 0.0851  w_freq: 0.500  w_spend: 0.500
[Kendall] log_vars unfrozen at epoch 6.
[spend-norm] frozen at 0.2226 (absolute val-loss magnitude shifts accordingly; early stopping is relative so this is safe)
Epoch   6/100 — train_loss: 0.6701  val_loss: 0.5499  freq: 0.6205  spend: 0.4841  w_freq: 0.501  w_spend: 0.501
Epoch   7/100 — train_loss: 0.6156  val_loss: 0.3003  freq: 0.2390  spend: 0.3762  w_freq: 0.504  w_spend: 0.503
Epoch   8/100 — train_loss: 0.4633  val_loss: 0.2992  freq: 0.1698  spend: 0.4512  w_freq: 0.507  w_spend: 0.506
Epoch   9/100 — train_loss: 0.4132  val_loss: 0.2376  freq: 0.1150  spend: 0.3942  w_freq: 0.511  w_spend: 0.508
Epoch  10/100 — train_loss: 0.4322  val_loss: 0.2377  freq: 0.1085  spend: 0.4096  w_freq: 0.514  w_spend: 0.511
Epoch  11/100 — train_loss: 0.4317  val_loss: 0.2242  freq: 0.1029  spend: 0.3974  w_freq: 0.518  w_spend: 0.514
Epoch  12/100 — train_loss: 0.3471  val_loss: 0.2197  freq: 0.0973  spend: 0.4021  w_freq: 0.521  w_spend: 0.516
Epoch  13/100 — train_loss: 0.4192  val_loss: 0.2138  freq: 0.0960  spend: 0.4002  w_freq: 0.524  w_spend: 0.518
Epoch  14/100 — train_loss: 0.3867  val_loss: 0.1946  freq: 0.0938  spend: 0.3730  w_freq: 0.527  w_spend: 0.521
Epoch  15/100 — train_loss: 0.3818  val_loss: 0.2079  freq: 0.0944  spend: 0.4039  w_freq: 0.530  w_spend: 0.523
Epoch  16/100 — train_loss: 0.3956  val_loss: 0.2071  freq: 0.1189  spend: 0.3836  w_freq: 0.533  w_spend: 0.525
Epoch  17/100 — train_loss: 0.5276  val_loss: 0.2031  freq: 0.1299  spend: 0.3720  w_freq: 0.535  w_spend: 0.527
Epoch  18/100 — train_loss: 0.4203  val_loss: 0.1951  freq: 0.0919  spend: 0.4026  w_freq: 0.538  w_spend: 0.529
Epoch  19/100 — train_loss: 0.3405  val_loss: 0.1748  freq: 0.0934  spend: 0.3702  w_freq: 0.541  w_spend: 0.532
Epoch  20/100 — train_loss: 0.3471  val_loss: 0.1873  freq: 0.1097  spend: 0.3844  w_freq: 0.544  w_spend: 0.534
Epoch  21/100 — train_loss: 0.3445  val_loss: 0.1654  freq: 0.0919  spend: 0.3695  w_freq: 0.548  w_spend: 0.537
Epoch  22/100 — train_loss: 0.3375  val_loss: 0.1539  freq: 0.0937  spend: 0.3546  w_freq: 0.551  w_spend: 0.539
Epoch  23/100 — train_loss: 0.3188  val_loss: 0.1591  freq: 0.1010  spend: 0.3642  w_freq: 0.554  w_spend: 0.542
Epoch  24/100 — train_loss: 0.4051  val_loss: 0.1385  freq: 0.0937  spend: 0.3404  w_freq: 0.557  w_spend: 0.545
Epoch  25/100 — train_loss: 0.2869  val_loss: 0.1459  freq: 0.0887  spend: 0.3648  w_freq: 0.560  w_spend: 0.547
Epoch  26/100 — train_loss: 0.3317  val_loss: 0.0914  freq: 0.0886  spend: 0.2711  w_freq: 0.562  w_spend: 0.549
Epoch  27/100 — train_loss: 0.2243  val_loss: 0.0413  freq: 0.0907  spend: 0.1834  w_freq: 0.565  w_spend: 0.551
Epoch  28/100 — train_loss: 0.2074  val_loss: 0.0041  freq: 0.0874  spend: 0.1251  w_freq: 0.567  w_spend: 0.553
Epoch  29/100 — train_loss: 0.1923  val_loss: -0.0149  freq: 0.0884  spend: 0.0947  w_freq: 0.569  w_spend: 0.555
Epoch  30/100 — train_loss: 0.2263  val_loss: 0.0350  freq: 0.0862  spend: 0.1906  w_freq: 0.570  w_spend: 0.556
Epoch  31/100 — train_loss: 0.1947  val_loss: -0.0283  freq: 0.0960  spend: 0.0702  w_freq: 0.571  w_spend: 0.558
Epoch  32/100 — train_loss: 0.1943  val_loss: -0.0401  freq: 0.0863  spend: 0.0629  w_freq: 0.572  w_spend: 0.559
Epoch  33/100 — train_loss: 0.1762  val_loss: -0.0433  freq: 0.0862  spend: 0.0614  w_freq: 0.574  w_spend: 0.561
Epoch  34/100 — train_loss: 0.1254  val_loss: -0.0649  freq: 0.0864  spend: 0.0275  w_freq: 0.575  w_spend: 0.562
Epoch  35/100 — train_loss: 0.1657  val_loss: -0.0831  freq: 0.0904  spend: -0.0034  w_freq: 0.576  w_spend: 0.564
Epoch  36/100 — train_loss: 0.2320  val_loss: 0.0067  freq: 0.1039  spend: 0.1455  w_freq: 0.578  w_spend: 0.566
Epoch  37/100 — train_loss: 0.1249  val_loss: -0.0558  freq: 0.0859  spend: 0.0581  w_freq: 0.579  w_spend: 0.568
Epoch  38/100 — train_loss: 0.1809  val_loss: 0.0011  freq: 0.0860  spend: 0.1620  w_freq: 0.580  w_spend: 0.570
Epoch  39/100 — train_loss: 0.1198  val_loss: -0.0160  freq: 0.0857  spend: 0.1361  w_freq: 0.582  w_spend: 0.572
Epoch  40/100 — train_loss: 0.1133  val_loss: -0.1392  freq: 0.0870  spend: -0.0757  w_freq: 0.583  w_spend: 0.573
Epoch  41/100 — train_loss: 0.0746  val_loss: -0.1513  freq: 0.0848  spend: -0.0890  w_freq: 0.584  w_spend: 0.575
Epoch  42/100 — train_loss: 0.0139  val_loss: -0.1833  freq: 0.0905  spend: -0.1436  w_freq: 0.586  w_spend: 0.578
Epoch  43/100 — train_loss: 0.0366  val_loss: -0.1776  freq: 0.0883  spend: -0.1248  w_freq: 0.587  w_spend: 0.580
Epoch  44/100 — train_loss: 0.0975  val_loss: -0.1671  freq: 0.1193  spend: -0.1310  w_freq: 0.589  w_spend: 0.583
Epoch  45/100 — train_loss: 0.0841  val_loss: -0.1844  freq: 0.0835  spend: -0.1186  w_freq: 0.591  w_spend: 0.586
Epoch  46/100 — train_loss: 0.0400  val_loss: -0.1745  freq: 0.0950  spend: -0.1092  w_freq: 0.592  w_spend: 0.588
Epoch  47/100 — train_loss: 0.0081  val_loss: -0.2101  freq: 0.0833  spend: -0.1524  w_freq: 0.593  w_spend: 0.590
Epoch  48/100 — train_loss: 0.0713  val_loss: -0.1873  freq: 0.0855  spend: -0.1098  w_freq: 0.595  w_spend: 0.592
Epoch  49/100 — train_loss: -0.0197  val_loss: -0.2193  freq: 0.0873  spend: -0.1595  w_freq: 0.596  w_spend: 0.594
Epoch  50/100 — train_loss: -0.0093  val_loss: -0.2129  freq: 0.0961  spend: -0.1518  w_freq: 0.598  w_spend: 0.597
Epoch  51/100 — train_loss: 0.0267  val_loss: -0.2152  freq: 0.0829  spend: -0.1376  w_freq: 0.599  w_spend: 0.599
Epoch  52/100 — train_loss: -0.0778  val_loss: -0.1239  freq: 0.0901  spend: 0.0120  w_freq: 0.601  w_spend: 0.601
Epoch  53/100 — train_loss: -0.0115  val_loss: -0.2405  freq: 0.0826  spend: -0.1693  w_freq: 0.602  w_spend: 0.603
Epoch  54/100 — train_loss: -0.0281  val_loss: -0.2461  freq: 0.0832  spend: -0.1745  w_freq: 0.603  w_spend: 0.605
Epoch  55/100 — train_loss: -0.0115  val_loss: -0.1956  freq: 0.0981  spend: -0.1015  w_freq: 0.605  w_spend: 0.607
Epoch  56/100 — train_loss: -0.0205  val_loss: -0.1793  freq: 0.0826  spend: -0.0553  w_freq: 0.606  w_spend: 0.608
Epoch  57/100 — train_loss: -0.0491  val_loss: -0.2381  freq: 0.0824  spend: -0.1476  w_freq: 0.607  w_spend: 0.610
Epoch  58/100 — train_loss: -0.0301  val_loss: -0.2357  freq: 0.0822  spend: -0.1389  w_freq: 0.608  w_spend: 0.612
Epoch  59/100 — train_loss: -0.0435  val_loss: -0.1833  freq: 0.0829  spend: -0.0501  w_freq: 0.610  w_spend: 0.614
Epoch  60/100 — train_loss: -0.0244  val_loss: -0.2495  freq: 0.0903  spend: -0.1615  w_freq: 0.611  w_spend: 0.615
Epoch  61/100 — train_loss: -0.0105  val_loss: -0.2625  freq: 0.0873  spend: -0.1764  w_freq: 0.612  w_spend: 0.617
Epoch  62/100 — train_loss: 0.0152  val_loss: -0.2041  freq: 0.0885  spend: -0.0801  w_freq: 0.613  w_spend: 0.618
Epoch  63/100 — train_loss: 0.0004  val_loss: -0.2616  freq: 0.0814  spend: -0.1630  w_freq: 0.614  w_spend: 0.619
Epoch  64/100 — train_loss: -0.0222  val_loss: -0.1917  freq: 0.0825  spend: -0.0496  w_freq: 0.615  w_spend: 0.620
Epoch  65/100 — train_loss: -0.0996  val_loss: -0.2678  freq: 0.0819  spend: -0.1690  w_freq: 0.615  w_spend: 0.621
Epoch  66/100 — train_loss: -0.0144  val_loss: -0.2859  freq: 0.0818  spend: -0.1952  w_freq: 0.616  w_spend: 0.622
Epoch  67/100 — train_loss: -0.1208  val_loss: -0.2460  freq: 0.0923  spend: -0.1388  w_freq: 0.617  w_spend: 0.624
Epoch  68/100 — train_loss: -0.0669  val_loss: -0.2705  freq: 0.0883  spend: -0.1711  w_freq: 0.618  w_spend: 0.625
Epoch  69/100 — train_loss: -0.0685  val_loss: -0.2866  freq: 0.0875  spend: -0.1922  w_freq: 0.619  w_spend: 0.626
Epoch  70/100 — train_loss: -0.0483  val_loss: -0.2813  freq: 0.0908  spend: -0.1839  w_freq: 0.620  w_spend: 0.628
Epoch  71/100 — train_loss: -0.0819  val_loss: -0.2790  freq: 0.0811  spend: -0.1679  w_freq: 0.621  w_spend: 0.629
Epoch  72/100 — train_loss: -0.0997  val_loss: -0.2965  freq: 0.0891  spend: -0.2003  w_freq: 0.622  w_spend: 0.630
Epoch  73/100 — train_loss: -0.1194  val_loss: -0.2737  freq: 0.0880  spend: -0.1604  w_freq: 0.623  w_spend: 0.631
Epoch  74/100 — train_loss: -0.0662  val_loss: -0.2900  freq: 0.0841  spend: -0.1804  w_freq: 0.623  w_spend: 0.632
Epoch  75/100 — train_loss: -0.0835  val_loss: -0.2747  freq: 0.0810  spend: -0.1512  w_freq: 0.624  w_spend: 0.633
Epoch  76/100 — train_loss: -0.1030  val_loss: -0.3077  freq: 0.0813  spend: -0.2017  w_freq: 0.625  w_spend: 0.634
Epoch  77/100 — train_loss: -0.0808  val_loss: -0.2894  freq: 0.0848  spend: -0.1745  w_freq: 0.625  w_spend: 0.635
Epoch  78/100 — train_loss: -0.0707  val_loss: -0.3012  freq: 0.0808  spend: -0.1876  w_freq: 0.626  w_spend: 0.635
Epoch  79/100 — train_loss: -0.0272  val_loss: -0.3080  freq: 0.0811  spend: -0.1972  w_freq: 0.626  w_spend: 0.636
Epoch  80/100 — train_loss: -0.0662  val_loss: -0.2917  freq: 0.0813  spend: -0.1705  w_freq: 0.627  w_spend: 0.637
Epoch  81/100 — train_loss: -0.0630  val_loss: -0.2964  freq: 0.0841  spend: -0.1795  w_freq: 0.627  w_spend: 0.637
Epoch  82/100 — train_loss: -0.0907  val_loss: -0.2958  freq: 0.0907  spend: -0.1837  w_freq: 0.628  w_spend: 0.637
Epoch  83/100 — train_loss: -0.0957  val_loss: -0.2821  freq: 0.0890  spend: -0.1597  w_freq: 0.628  w_spend: 0.638
Epoch  84/100 — train_loss: -0.1645  val_loss: -0.2941  freq: 0.0841  spend: -0.1728  w_freq: 0.628  w_spend: 0.638
Epoch  85/100 — train_loss: -0.0931  val_loss: -0.3048  freq: 0.0822  spend: -0.1872  w_freq: 0.629  w_spend: 0.639
Epoch  86/100 — train_loss: -0.1402  val_loss: -0.2974  freq: 0.0826  spend: -0.1753  w_freq: 0.629  w_spend: 0.639
Epoch  87/100 — train_loss: -0.1773  val_loss: -0.3059  freq: 0.0851  spend: -0.1903  w_freq: 0.629  w_spend: 0.639
Epoch  88/100 — train_loss: -0.0055  val_loss: -0.3041  freq: 0.0831  spend: -0.1851  w_freq: 0.629  w_spend: 0.639
Epoch  89/100 — train_loss: -0.0650  val_loss: -0.3071  freq: 0.0846  spend: -0.1909  w_freq: 0.629  w_spend: 0.640
Epoch  90/100 — train_loss: -0.1440  val_loss: -0.3037  freq: 0.0863  spend: -0.1869  w_freq: 0.630  w_spend: 0.640
Epoch  91/100 — train_loss: -0.0523  val_loss: -0.2979  freq: 0.0868  spend: -0.1782  w_freq: 0.630  w_spend: 0.640
Epoch  92/100 — train_loss: -0.0946  val_loss: -0.2948  freq: 0.0891  spend: -0.1753  w_freq: 0.630  w_spend: 0.640
Epoch  93/100 — train_loss: -0.1059  val_loss: -0.2942  freq: 0.0870  spend: -0.1721  w_freq: 0.630  w_spend: 0.640
Epoch  94/100 — train_loss: -0.0129  val_loss: -0.2947  freq: 0.0858  spend: -0.1716  w_freq: 0.630  w_spend: 0.640
Epoch  95/100 — train_loss: -0.0644  val_loss: -0.2957  freq: 0.0857  spend: -0.1730  w_freq: 0.630  w_spend: 0.640
Epoch  96/100 — train_loss: -0.0686  val_loss: -0.2979  freq: 0.0854  spend: -0.1761  w_freq: 0.630  w_spend: 0.640
Epoch  97/100 — train_loss: -0.0854  val_loss: -0.2992  freq: 0.0857  spend: -0.1784  w_freq: 0.630  w_spend: 0.640
Epoch  98/100 — train_loss: -0.0419  val_loss: -0.2992  freq: 0.0856  spend: -0.1783  w_freq: 0.630  w_spend: 0.640
Epoch  99/100 — train_loss: -0.0658  val_loss: -0.2992  freq: 0.0856  spend: -0.1782  w_freq: 0.630  w_spend: 0.640
Early stopping triggered at epoch 99.

Checkpoint saved: /kaggle/working/results/checkpoints/lstm_joint_cdnow_v4_soft_seed42_expected.pt
Validation-fitted softmax temperature: 0.7500

Duan's smearing factor (val): 1.2238
Validation aggregate calibration: freq_factor=3.7598, spend_factor=3.6835

Running autoregressive inference on holdout period ...
  inference mode: expected  n_scenarios: 1  temperature: 0.7500

=== Prediction Diagnostics ===
  Mean predicted freq/week:    0.0013
  Mean actual freq/week:       0.0196
  Over-prediction ratio:       0.065x
  Customers predicted as zero total:  1.000
  Customers actually zero total:      0.781
  Non-zero rate (pred, avg > 0.05):  0.000
  Non-zero rate (true):               0.018

Metrics saved: /kaggle/working/results/tables/lstm_joint_cdnow_v4_soft_seed42_expected_metrics.json
Array artifacts saved: /kaggle/working/results/tables/lstm_joint_cdnow_v4_soft_seed42_expected_arrays.npz

=== Holdout Evaluation ===
  metric_definition_version: valendin_aggregate_mape_v1
  freq_rmse: 1.4472
  freq_mae: 0.5508
  freq_normalized_gini: 0.5747
  freq_calibration_factor: 3.7598
  freq_horizon_abs_bias_pct: 75.4632
  bias_pct: -75.4632
  freq_weekly_mae: 34.7131
  freq_weekly_total_true: 1196.0000
  freq_weekly_total_pred: 293.4601
  freq_valendin_mape: 75.4632
  freq_horizon_bias_pct: -75.4632
  freq_weekly_mean_pct_mape: 73.9641
  freq_weekly_mean_pct_bias_pct: -73.9641
  freq_weekly_bias_pct: -75.4632
  freq_weekly_mape: 75.4632
  freq_mape: 75.4632
  freq_mase: 0.2877
  freq_mase_scale: 0.0834
  smearing_factor: 1.2238
  spend_calibration_factor: 3.6835
  spend_mae_raw: 19.4660
  spend_rmse_raw: 56.7274
  spend_normalized_gini: 0.6304
  spend_mae_log: 1.5709
  spend_rmse_log: 1.6763
  spend_r2_log: 0.0306
  spend_bias_pct: -75.8860
  spend_weekly_mae: 1258.0575
  spend_weekly_total_true: 43103.4400
  spend_weekly_total_pred: 10393.9452
  spend_valendin_mape: 75.8860
  spend_horizon_abs_bias_pct: 75.8860
  spend_horizon_bias_pct: -75.8860
  spend_weekly_mean_pct_mape: 73.7422
  spend_weekly_mean_pct_bias_pct: -73.7422
  spend_weekly_bias_pct: -75.8860
  spend_weekly_mape: 75.8860
  spend_mase: 0.4861
  spend_mase_scale: 1.7675
  clv_mae: 19.0564
  clv_rmse: 55.5531
  clv_spearman: 0.3110
  clv_decile_lift: 5.0578
  clv_normalized_gini: 0.6319
  clv_total_true: 42218.7344
  clv_total_pred: 10204.0947
  calibration_temperature_source: rolling_origin_autoregressive
  validation_temperature: 0.7500
  smearing_source: rolling_origin_autoregressive
  calibration_source: rolling_origin_autoregressive
  validation_freq_true_total: 120.0000
  validation_freq_pred_total: 9.9675
  validation_spend_true_total: 4587.6401
  validation_spend_pred_total: 390.9675
  validation_freq_calibration_factor: 3.7598
  validation_spend_calibration_factor: 3.6835
  validation_rolling_origin_count: 2
  protocol_name: cdnow_sample_52x26
  cohort_size: 2349
  calibration_weeks: 52
  holdout_weeks: 26
  inference_mode: expected
  n_scenarios: 1
  final_manifest_version: 2026-05-20-results-recovery-protocol
  final_manifest_run_name: lstm_joint_cdnow_v4_soft_seed42_expected
  final_manifest_config: experiments/configs/lstm_joint_cdnow_v4_soft.yaml
  final_manifest_config_hash: 13ba84819dee
  final_manifest_actual_config_hash: e44b988bc665
  final_manifest_seed: 42
  final_manifest_epochs: 100
  final_manifest_inference_mode: expected
  final_manifest_n_scenarios: 1
  run_valid: False
  run_invalid_reason: absolute frequency bias -75.5% exceeds 15.0%; freq_calibration_factor 3.760 outside [0.670, 1.500]; spend_calibration_factor 3.684 outside [0.670, 1.500]; absolute spend bias -75.9% exceeds 50.0%
  run_warning: large frequency bias (-75.5%); large spend bias (-75.9%); expected inference mode is diagnostic-only for Valendin-style reporting
  diagnostic_only: True
  epochs_completed: 99
  max_epochs_configured: 100
History saved: /kaggle/working/results/tables/lstm_joint_cdnow_v4_soft_seed42_expected_history.json
