[Kaggle] raw_dir  → /kaggle/working/input/dunnhumby
[Kaggle] results  → /kaggle/working/results
Config: experiments/configs/transformer_joint_dunnhumby_v4_soft.yaml
Run: transformer_joint_dunnhumby_v4_soft_seed42_expected
Device: cuda
Loading dataset: dunnhumby ...
[pipeline] freq_cap=10 (auto q=0.99) → freq_bins=[0, 1, 2, 3]... (n_classes=11)
  Train customers: 2249, Val: 249, Inference: 2498
[dunnhumby] Customers with 0 calibration transactions: 0 / 2498
  top-bin decode: class_values[-1] = 13.099 (max_trans = 10)
Model: transformer — 102,569 parameters

Training for up to 100 epochs ...
/kaggle/working/thesis-code/src/training/trainer.py:116: FutureWarning: `torch.cuda.amp.GradScaler(args...)` is deprecated. Please use `torch.amp.GradScaler('cuda', args...)` instead.
  self.scaler = torch.cuda.amp.GradScaler(enabled=self.amp_enabled)
[Kendall] log_vars frozen for 5 warm-up epochs.
Epoch   1/100 — train_loss: 3.0716  val_loss: 2.7087  freq: 5.1995  spend: 0.2179  w_freq: 0.500  w_spend: 0.500
Epoch   2/100 — train_loss: 2.5307  val_loss: 1.9097  freq: 3.6290  spend: 0.1904  w_freq: 0.500  w_spend: 0.500
Epoch   3/100 — train_loss: 1.7207  val_loss: 1.1608  freq: 2.1858  spend: 0.1358  w_freq: 0.500  w_spend: 0.500
Epoch   4/100 — train_loss: 1.1311  val_loss: 0.8387  freq: 1.5769  spend: 0.1005  w_freq: 0.500  w_spend: 0.500
Epoch   5/100 — train_loss: 0.8498  val_loss: 0.7312  freq: 1.4060  spend: 0.0565  w_freq: 0.500  w_spend: 0.500
[Kendall] log_vars unfrozen at epoch 6.
[spend-norm] frozen at 0.1685 (absolute val-loss magnitude shifts accordingly; early stopping is relative so this is safe)
Epoch   6/100 — train_loss: 0.9204  val_loss: 0.7266  freq: 1.3742  spend: 0.0812  w_freq: 0.499  w_spend: 0.500
Epoch   7/100 — train_loss: 0.7811  val_loss: 0.5889  freq: 1.3593  spend: -0.1773  w_freq: 0.496  w_spend: 0.500
Epoch   8/100 — train_loss: 0.6880  val_loss: 0.5517  freq: 1.3432  spend: -0.2338  w_freq: 0.493  w_spend: 0.500
Epoch   9/100 — train_loss: 0.6519  val_loss: 0.5152  freq: 1.3204  spend: -0.2828  w_freq: 0.490  w_spend: 0.500
Epoch  10/100 — train_loss: 0.6196  val_loss: 0.4939  freq: 1.3038  spend: -0.3077  w_freq: 0.487  w_spend: 0.500
Epoch  11/100 — train_loss: 0.5944  val_loss: 0.4708  freq: 1.2924  spend: -0.3414  w_freq: 0.484  w_spend: 0.500
Epoch  12/100 — train_loss: 0.5745  val_loss: 0.4667  freq: 1.2865  spend: -0.3424  w_freq: 0.481  w_spend: 0.500
Epoch  13/100 — train_loss: 0.5579  val_loss: 0.4393  freq: 1.2765  spend: -0.3865  w_freq: 0.479  w_spend: 0.500
Epoch  14/100 — train_loss: 0.5474  val_loss: 0.4331  freq: 1.2703  spend: -0.3921  w_freq: 0.477  w_spend: 0.500
Epoch  15/100 — train_loss: 0.5341  val_loss: 0.4218  freq: 1.2666  spend: -0.4104  w_freq: 0.475  w_spend: 0.500
Epoch  16/100 — train_loss: 0.5225  val_loss: 0.4197  freq: 1.2626  spend: -0.4099  w_freq: 0.473  w_spend: 0.500
Epoch  17/100 — train_loss: 0.5120  val_loss: 0.4055  freq: 1.2585  spend: -0.4339  w_freq: 0.471  w_spend: 0.500
Epoch  18/100 — train_loss: 0.5013  val_loss: 0.3963  freq: 1.2558  spend: -0.4491  w_freq: 0.469  w_spend: 0.500
Epoch  19/100 — train_loss: 0.4926  val_loss: 0.3881  freq: 1.2549  spend: -0.4639  w_freq: 0.467  w_spend: 0.500
Epoch  20/100 — train_loss: 0.4849  val_loss: 0.3836  freq: 1.2503  spend: -0.4680  w_freq: 0.465  w_spend: 0.500
Epoch  21/100 — train_loss: 0.4776  val_loss: 0.3848  freq: 1.2501  spend: -0.4647  w_freq: 0.464  w_spend: 0.500
Epoch  22/100 — train_loss: 0.4786  val_loss: 0.3858  freq: 1.2479  spend: -0.4602  w_freq: 0.462  w_spend: 0.500
Epoch  23/100 — train_loss: 0.4724  val_loss: 0.3786  freq: 1.2458  spend: -0.4721  w_freq: 0.460  w_spend: 0.500
Epoch  24/100 — train_loss: 0.4670  val_loss: 0.3730  freq: 1.2454  spend: -0.4825  w_freq: 0.459  w_spend: 0.500
Epoch  25/100 — train_loss: 0.4596  val_loss: 0.3749  freq: 1.2424  spend: -0.4753  w_freq: 0.457  w_spend: 0.500
Epoch  26/100 — train_loss: 0.4581  val_loss: 0.3698  freq: 1.2416  spend: -0.4842  w_freq: 0.455  w_spend: 0.500
Epoch  27/100 — train_loss: 0.4490  val_loss: 0.3717  freq: 1.2404  spend: -0.4791  w_freq: 0.453  w_spend: 0.500
Epoch  28/100 — train_loss: 0.4520  val_loss: 0.3672  freq: 1.2403  spend: -0.4874  w_freq: 0.452  w_spend: 0.500
Epoch  29/100 — train_loss: 0.4469  val_loss: 0.3689  freq: 1.2396  spend: -0.4829  w_freq: 0.450  w_spend: 0.500
Epoch  30/100 — train_loss: 0.4399  val_loss: 0.3647  freq: 1.2371  spend: -0.4887  w_freq: 0.449  w_spend: 0.500
Epoch  31/100 — train_loss: 0.4417  val_loss: 0.3670  freq: 1.2360  spend: -0.4828  w_freq: 0.447  w_spend: 0.500
Epoch  32/100 — train_loss: 0.4398  val_loss: 0.3655  freq: 1.2361  spend: -0.4855  w_freq: 0.445  w_spend: 0.500
Epoch  33/100 — train_loss: 0.4363  val_loss: 0.3675  freq: 1.2333  spend: -0.4788  w_freq: 0.444  w_spend: 0.500
Epoch  34/100 — train_loss: 0.4390  val_loss: 0.3713  freq: 1.2338  spend: -0.4715  w_freq: 0.443  w_spend: 0.500
Epoch  35/100 — train_loss: 0.4385  val_loss: 0.3671  freq: 1.2354  spend: -0.4810  w_freq: 0.442  w_spend: 0.500
Epoch  36/100 — train_loss: 0.4320  val_loss: 0.3713  freq: 1.2341  spend: -0.4712  w_freq: 0.441  w_spend: 0.500
Epoch  37/100 — train_loss: 0.4306  val_loss: 0.3670  freq: 1.2333  spend: -0.4789  w_freq: 0.439  w_spend: 0.500
Epoch  38/100 — train_loss: 0.4321  val_loss: 0.3742  freq: 1.2342  spend: -0.4651  w_freq: 0.438  w_spend: 0.500
Epoch  39/100 — train_loss: 0.4313  val_loss: 0.3670  freq: 1.2304  spend: -0.4760  w_freq: 0.437  w_spend: 0.500
Epoch  40/100 — train_loss: 0.4268  val_loss: 0.3619  freq: 1.2297  spend: -0.4854  w_freq: 0.437  w_spend: 0.500
Epoch  41/100 — train_loss: 0.4332  val_loss: 0.3666  freq: 1.2290  spend: -0.4754  w_freq: 0.436  w_spend: 0.500
Epoch  42/100 — train_loss: 0.4273  val_loss: 0.3640  freq: 1.2288  spend: -0.4803  w_freq: 0.435  w_spend: 0.500
Epoch  43/100 — train_loss: 0.4246  val_loss: 0.3648  freq: 1.2286  spend: -0.4784  w_freq: 0.434  w_spend: 0.500
Epoch  44/100 — train_loss: 0.4233  val_loss: 0.3618  freq: 1.2272  spend: -0.4829  w_freq: 0.433  w_spend: 0.500
Epoch  45/100 — train_loss: 0.4196  val_loss: 0.3617  freq: 1.2263  spend: -0.4824  w_freq: 0.432  w_spend: 0.500
Epoch  46/100 — train_loss: 0.4305  val_loss: 0.3581  freq: 1.2255  spend: -0.4886  w_freq: 0.432  w_spend: 0.500
Epoch  47/100 — train_loss: 0.4240  val_loss: 0.3630  freq: 1.2243  spend: -0.4777  w_freq: 0.431  w_spend: 0.500
Epoch  48/100 — train_loss: 0.4252  val_loss: 0.3628  freq: 1.2263  spend: -0.4797  w_freq: 0.430  w_spend: 0.500
Epoch  49/100 — train_loss: 0.4205  val_loss: 0.3625  freq: 1.2238  spend: -0.4783  w_freq: 0.429  w_spend: 0.500
Epoch  50/100 — train_loss: 0.4229  val_loss: 0.3632  freq: 1.2250  spend: -0.4778  w_freq: 0.429  w_spend: 0.500
Epoch  51/100 — train_loss: 0.4169  val_loss: 0.3614  freq: 1.2248  spend: -0.4811  w_freq: 0.428  w_spend: 0.500
Epoch  52/100 — train_loss: 0.4216  val_loss: 0.3633  freq: 1.2239  spend: -0.4764  w_freq: 0.427  w_spend: 0.500
Epoch  53/100 — train_loss: 0.4169  val_loss: 0.3633  freq: 1.2232  spend: -0.4758  w_freq: 0.427  w_spend: 0.500
Epoch  54/100 — train_loss: 0.4135  val_loss: 0.3620  freq: 1.2229  spend: -0.4780  w_freq: 0.426  w_spend: 0.500
Epoch  55/100 — train_loss: 0.4220  val_loss: 0.3577  freq: 1.2222  spend: -0.4861  w_freq: 0.426  w_spend: 0.500
Epoch  56/100 — train_loss: 0.4176  val_loss: 0.3590  freq: 1.2221  spend: -0.4833  w_freq: 0.425  w_spend: 0.500
Epoch  57/100 — train_loss: 0.4149  val_loss: 0.3674  freq: 1.2212  spend: -0.4655  w_freq: 0.425  w_spend: 0.500
Epoch  58/100 — train_loss: 0.4175  val_loss: 0.3609  freq: 1.2224  spend: -0.4796  w_freq: 0.424  w_spend: 0.500
Epoch  59/100 — train_loss: 0.4178  val_loss: 0.3605  freq: 1.2201  spend: -0.4784  w_freq: 0.424  w_spend: 0.500
Epoch  60/100 — train_loss: 0.4139  val_loss: 0.3567  freq: 1.2204  spend: -0.4863  w_freq: 0.423  w_spend: 0.500
Epoch  61/100 — train_loss: 0.4142  val_loss: 0.3670  freq: 1.2198  spend: -0.4652  w_freq: 0.423  w_spend: 0.500
Epoch  62/100 — train_loss: 0.4222  val_loss: 0.3605  freq: 1.2195  spend: -0.4779  w_freq: 0.422  w_spend: 0.500
Epoch  63/100 — train_loss: 0.4189  val_loss: 0.3569  freq: 1.2189  spend: -0.4845  w_freq: 0.422  w_spend: 0.500
Epoch  64/100 — train_loss: 0.4137  val_loss: 0.3673  freq: 1.2202  spend: -0.4647  w_freq: 0.421  w_spend: 0.500
Epoch  65/100 — train_loss: 0.4170  val_loss: 0.3597  freq: 1.2193  spend: -0.4793  w_freq: 0.421  w_spend: 0.500
Epoch  66/100 — train_loss: 0.4122  val_loss: 0.3611  freq: 1.2188  spend: -0.4761  w_freq: 0.420  w_spend: 0.500
Epoch  67/100 — train_loss: 0.4161  val_loss: 0.3624  freq: 1.2189  spend: -0.4734  w_freq: 0.420  w_spend: 0.500
Epoch  68/100 — train_loss: 0.4210  val_loss: 0.3621  freq: 1.2187  spend: -0.4739  w_freq: 0.420  w_spend: 0.500
Epoch  69/100 — train_loss: 0.4181  val_loss: 0.3659  freq: 1.2178  spend: -0.4655  w_freq: 0.419  w_spend: 0.500
Epoch  70/100 — train_loss: 0.4161  val_loss: 0.3611  freq: 1.2190  spend: -0.4761  w_freq: 0.419  w_spend: 0.500
Epoch  71/100 — train_loss: 0.4162  val_loss: 0.3660  freq: 1.2175  spend: -0.4649  w_freq: 0.419  w_spend: 0.500
Epoch  72/100 — train_loss: 0.4172  val_loss: 0.3624  freq: 1.2176  spend: -0.4722  w_freq: 0.418  w_spend: 0.500
Epoch  73/100 — train_loss: 0.4158  val_loss: 0.3615  freq: 1.2180  spend: -0.4743  w_freq: 0.418  w_spend: 0.500
Epoch  74/100 — train_loss: 0.4179  val_loss: 0.3637  freq: 1.2180  spend: -0.4699  w_freq: 0.418  w_spend: 0.500
Epoch  75/100 — train_loss: 0.4158  val_loss: 0.3630  freq: 1.2181  spend: -0.4714  w_freq: 0.417  w_spend: 0.500
Epoch  76/100 — train_loss: 0.4166  val_loss: 0.3614  freq: 1.2162  spend: -0.4731  w_freq: 0.417  w_spend: 0.500
Epoch  77/100 — train_loss: 0.4169  val_loss: 0.3613  freq: 1.2183  spend: -0.4751  w_freq: 0.417  w_spend: 0.500
Epoch  78/100 — train_loss: 0.4152  val_loss: 0.3645  freq: 1.2168  spend: -0.4674  w_freq: 0.417  w_spend: 0.500
Epoch  79/100 — train_loss: 0.4174  val_loss: 0.3632  freq: 1.2164  spend: -0.4696  w_freq: 0.416  w_spend: 0.500
Epoch  80/100 — train_loss: 0.4225  val_loss: 0.3652  freq: 1.2175  spend: -0.4665  w_freq: 0.416  w_spend: 0.500
Early stopping triggered at epoch 80.

Checkpoint saved: /kaggle/working/results/checkpoints/transformer_joint_dunnhumby_v4_soft_seed42_expected.pt
Validation-fitted softmax temperature: 1.0000

Duan's smearing factor (val): 1.4004
Validation aggregate calibration: freq_factor=1.0257, spend_factor=0.9935

Running autoregressive inference on holdout period ...
  inference mode: expected  n_scenarios: 1  temperature: 1.0000

=== Prediction Diagnostics ===
  Mean predicted freq/week:    1.2969
  Mean actual freq/week:       1.1447
  Over-prediction ratio:       1.133x
  Customers predicted as zero total:  0.050
  Customers actually zero total:      0.036
  Non-zero rate (pred, avg > 0.05):  0.926
  Non-zero rate (true):               0.532

Metrics saved: /kaggle/working/results/tables/transformer_joint_dunnhumby_v4_soft_seed42_expected_metrics.json
Array artifacts saved: /kaggle/working/results/tables/transformer_joint_dunnhumby_v4_soft_seed42_expected_arrays.npz

=== Holdout Evaluation ===
  metric_definition_version: valendin_aggregate_mape_v1
  freq_rmse: 18.5081
  freq_mae: 10.8728
  freq_normalized_gini: 0.8562
  freq_calibration_factor: 1.0257
  freq_horizon_abs_bias_pct: 16.2035
  bias_pct: 16.2035
  freq_weekly_mae: 475.2310
  freq_weekly_total_true: 62910.0000
  freq_weekly_total_pred: 73103.6033
  freq_valendin_mape: 16.6191
  freq_horizon_bias_pct: 16.2035
  freq_weekly_mean_pct_mape: 19.1984
  freq_weekly_mean_pct_bias_pct: 18.8093
  freq_weekly_bias_pct: 16.2035
  freq_weekly_mape: 16.6191
  freq_mape: 16.6191
  freq_mase: 1.1281
  freq_mase_scale: 0.8235
  smearing_factor: 1.4004
  spend_calibration_factor: 0.9935
  spend_mae_raw: 315.2386
  spend_rmse_raw: 495.5350
  spend_normalized_gini: 0.8502
  spend_mae_log: 0.8028
  spend_rmse_log: 1.3500
  spend_r2_log: 0.3816
  spend_bias_pct: 7.2232
  spend_weekly_mae: 8980.0809
  spend_weekly_total_true: 1965992.3000
  spend_weekly_total_pred: 2108000.5280
  spend_valendin_mape: 10.0490
  spend_horizon_abs_bias_pct: 7.2232
  spend_horizon_bias_pct: 7.2232
  spend_weekly_mean_pct_mape: 12.4657
  spend_weekly_mean_pct_bias_pct: 9.9084
  spend_weekly_bias_pct: 7.2232
  spend_weekly_mape: 10.0490
  spend_mase: 1.1362
  spend_mase_scale: 27.5152
  clv_mae: 308.8376
  clv_rmse: 485.5909
  clv_spearman: 0.8023
  clv_decile_lift: 3.2777
  clv_normalized_gini: 0.8506
  clv_total_true: 1929812.7500
  clv_total_pred: 2067383.3750
  calibration_temperature_source: rolling_origin_autoregressive
  validation_temperature: 1.0000
  smearing_source: rolling_origin_autoregressive
  calibration_source: rolling_origin_autoregressive
  validation_freq_true_total: 6257.0000
  validation_freq_pred_total: 5674.6040
  validation_spend_true_total: 181327.5781
  validation_spend_pred_total: 186134.5625
  validation_freq_calibration_factor: 1.0257
  validation_spend_calibration_factor: 0.9935
  validation_rolling_origin_count: 2
  protocol_name: dunnhumby_configured_80x22
  cohort_size: 2498
  calibration_weeks: 80
  holdout_weeks: 22
  inference_mode: expected
  n_scenarios: 1
  final_manifest_version: 2026-05-20-results-recovery-protocol
  final_manifest_run_name: transformer_joint_dunnhumby_v4_soft_seed42_expected
  final_manifest_config: experiments/configs/transformer_joint_dunnhumby_v4_soft.yaml
  final_manifest_config_hash: 0bf68d4f8c75
  final_manifest_actual_config_hash: 8e1310145194
  final_manifest_seed: 42
  final_manifest_epochs: 100
  final_manifest_inference_mode: expected
  final_manifest_n_scenarios: 1
  run_valid: False
  run_invalid_reason: absolute frequency bias 16.2% exceeds 15.0%
  run_warning: large frequency bias (16.2%); expected inference mode is diagnostic-only for Valendin-style reporting
  diagnostic_only: True
  epochs_completed: 80
  max_epochs_configured: 100
History saved: /kaggle/working/results/tables/transformer_joint_dunnhumby_v4_soft_seed42_expected_history.json
