[Kaggle] raw_dir  → /kaggle/working/input/uci-retail
[Kaggle] results  → /kaggle/working/results
Config: experiments/configs/transformer_joint_uci_v4_soft.yaml
Run: transformer_joint_uci_v4_soft_seed42_expected
Device: cuda
Loading dataset: uci ...
[pipeline] freq_cap=4 (auto q=0.99) → freq_bins=[0, 1, 2, 3]... (n_classes=5)
  Train customers: 4437, Val: 493, Inference: 4930
[uci] Customers with 0 calibration transactions: 0 / 4930
  top-bin decode: class_values[-1] = 5.515 (max_trans = 4)
Model: transformer — 102,086 parameters

Training for up to 100 epochs ...
/kaggle/working/thesis-code/src/training/trainer.py:116: FutureWarning: `torch.cuda.amp.GradScaler(args...)` is deprecated. Please use `torch.amp.GradScaler('cuda', args...)` instead.
  self.scaler = torch.cuda.amp.GradScaler(enabled=self.amp_enabled)
[Kendall] log_vars frozen for 5 warm-up epochs.
Epoch   1/100 — train_loss: 20.3697  val_loss: 16.9804  freq: 33.4821  spend: 0.4787  w_freq: 0.500  w_spend: 0.500
Epoch   2/100 — train_loss: 11.5202  val_loss: 3.6853  freq: 6.9153  spend: 0.4553  w_freq: 0.500  w_spend: 0.500
Epoch   3/100 — train_loss: 1.5838  val_loss: 0.5370  freq: 0.6505  spend: 0.4235  w_freq: 0.500  w_spend: 0.500
Epoch   4/100 — train_loss: 0.4016  val_loss: 0.3436  freq: 0.2728  spend: 0.4143  w_freq: 0.500  w_spend: 0.500
Epoch   5/100 — train_loss: 0.3458  val_loss: 0.3698  freq: 0.3221  spend: 0.4175  w_freq: 0.500  w_spend: 0.500
[Kendall] log_vars unfrozen at epoch 6.
[spend-norm] frozen at 0.4841 (absolute val-loss magnitude shifts accordingly; early stopping is relative so this is safe)
Epoch   6/100 — train_loss: 0.5360  val_loss: 0.5660  freq: 0.3778  spend: 0.7607  w_freq: 0.502  w_spend: 0.501
Epoch   7/100 — train_loss: 0.5212  val_loss: 0.4535  freq: 0.2575  spend: 0.6663  w_freq: 0.506  w_spend: 0.504
Epoch   8/100 — train_loss: 0.4237  val_loss: 0.3895  freq: 0.3534  spend: 0.4545  w_freq: 0.511  w_spend: 0.508
Epoch   9/100 — train_loss: 0.3452  val_loss: 0.4019  freq: 0.4307  spend: 0.4116  w_freq: 0.516  w_spend: 0.513
Epoch  10/100 — train_loss: 0.3360  val_loss: 0.2806  freq: 0.2274  spend: 0.3913  w_freq: 0.520  w_spend: 0.519
Epoch  11/100 — train_loss: 0.2938  val_loss: 0.3172  freq: 0.3178  spend: 0.3813  w_freq: 0.524  w_spend: 0.523
Epoch  12/100 — train_loss: 0.2879  val_loss: 0.3357  freq: 0.3427  spend: 0.4018  w_freq: 0.528  w_spend: 0.529
Epoch  13/100 — train_loss: 0.2742  val_loss: 0.2906  freq: 0.2585  spend: 0.4100  w_freq: 0.532  w_spend: 0.533
Epoch  14/100 — train_loss: 0.2576  val_loss: 0.2611  freq: 0.2501  spend: 0.3731  w_freq: 0.536  w_spend: 0.538
Epoch  15/100 — train_loss: 0.2267  val_loss: 0.2555  freq: 0.2962  spend: 0.3276  w_freq: 0.540  w_spend: 0.542
Epoch  16/100 — train_loss: 0.2267  val_loss: 0.2629  freq: 0.2873  spend: 0.3592  w_freq: 0.544  w_spend: 0.548
Epoch  17/100 — train_loss: 0.1887  val_loss: 0.2625  freq: 0.3489  spend: 0.3064  w_freq: 0.548  w_spend: 0.552
Epoch  18/100 — train_loss: 0.2017  val_loss: 0.1802  freq: 0.2265  spend: 0.2901  w_freq: 0.552  w_spend: 0.557
Epoch  19/100 — train_loss: 0.1655  val_loss: 0.2332  freq: 0.3386  spend: 0.2839  w_freq: 0.556  w_spend: 0.562
Epoch  20/100 — train_loss: 0.1643  val_loss: 0.2878  freq: 0.4315  spend: 0.2968  w_freq: 0.560  w_spend: 0.567
Epoch  21/100 — train_loss: 0.1848  val_loss: 0.2006  freq: 0.2556  spend: 0.3235  w_freq: 0.563  w_spend: 0.571
Epoch  22/100 — train_loss: 0.1519  val_loss: 0.2419  freq: 0.3674  spend: 0.2925  w_freq: 0.566  w_spend: 0.575
Epoch  23/100 — train_loss: 0.1564  val_loss: 0.1308  freq: 0.1922  spend: 0.2805  w_freq: 0.570  w_spend: 0.579
Epoch  24/100 — train_loss: 0.1271  val_loss: 0.1493  freq: 0.2490  spend: 0.2653  w_freq: 0.573  w_spend: 0.583
Epoch  25/100 — train_loss: 0.1400  val_loss: 0.1131  freq: 0.2095  spend: 0.2526  w_freq: 0.578  w_spend: 0.588
Epoch  26/100 — train_loss: 0.1189  val_loss: 0.1945  freq: 0.3372  spend: 0.2725  w_freq: 0.581  w_spend: 0.593
Epoch  27/100 — train_loss: 0.1072  val_loss: 0.1066  freq: 0.2175  spend: 0.2512  w_freq: 0.585  w_spend: 0.598
Epoch  28/100 — train_loss: 0.1265  val_loss: 0.0892  freq: 0.1937  spend: 0.2533  w_freq: 0.589  w_spend: 0.602
Epoch  29/100 — train_loss: 0.0924  val_loss: 0.1325  freq: 0.2672  spend: 0.2604  w_freq: 0.592  w_spend: 0.607
Epoch  30/100 — train_loss: 0.0780  val_loss: 0.1303  freq: 0.2834  spend: 0.2482  w_freq: 0.596  w_spend: 0.611
Epoch  31/100 — train_loss: 0.0780  val_loss: 0.1323  freq: 0.2353  spend: 0.3070  w_freq: 0.600  w_spend: 0.616
Epoch  32/100 — train_loss: 0.0627  val_loss: 0.0920  freq: 0.2201  spend: 0.2637  w_freq: 0.604  w_spend: 0.621
Epoch  33/100 — train_loss: 0.0686  val_loss: 0.1623  freq: 0.3623  spend: 0.2450  w_freq: 0.607  w_spend: 0.625
Epoch  34/100 — train_loss: 0.0523  val_loss: 0.0864  freq: 0.2418  spend: 0.2472  w_freq: 0.611  w_spend: 0.629
Epoch  35/100 — train_loss: 0.0595  val_loss: 0.0935  freq: 0.2615  spend: 0.2450  w_freq: 0.614  w_spend: 0.633
Epoch  36/100 — train_loss: 0.0454  val_loss: 0.0680  freq: 0.1984  spend: 0.2730  w_freq: 0.617  w_spend: 0.636
Epoch  37/100 — train_loss: 0.0326  val_loss: 0.0651  freq: 0.2223  spend: 0.2526  w_freq: 0.621  w_spend: 0.641
Epoch  38/100 — train_loss: 0.0221  val_loss: 0.0257  freq: 0.1779  spend: 0.2419  w_freq: 0.625  w_spend: 0.646
Epoch  39/100 — train_loss: 0.0246  val_loss: 0.0578  freq: 0.2250  spend: 0.2519  w_freq: 0.628  w_spend: 0.650
Epoch  40/100 — train_loss: 0.0106  val_loss: 0.0799  freq: 0.2721  spend: 0.2463  w_freq: 0.632  w_spend: 0.654
Epoch  41/100 — train_loss: 0.0131  val_loss: 0.0843  freq: 0.2559  spend: 0.2733  w_freq: 0.635  w_spend: 0.657
Epoch  42/100 — train_loss: -0.0102  val_loss: 0.0163  freq: 0.1709  spend: 0.2569  w_freq: 0.637  w_spend: 0.660
Epoch  43/100 — train_loss: 0.0280  val_loss: 0.0529  freq: 0.2294  spend: 0.2603  w_freq: 0.640  w_spend: 0.664
Epoch  44/100 — train_loss: -0.0231  val_loss: 0.0399  freq: 0.2090  spend: 0.2649  w_freq: 0.643  w_spend: 0.667
Epoch  45/100 — train_loss: -0.0265  val_loss: 0.0192  freq: 0.2080  spend: 0.2398  w_freq: 0.645  w_spend: 0.670
Epoch  46/100 — train_loss: -0.0259  val_loss: -0.0024  freq: 0.1804  spend: 0.2400  w_freq: 0.648  w_spend: 0.674
Epoch  47/100 — train_loss: -0.0317  val_loss: 0.0400  freq: 0.2533  spend: 0.2385  w_freq: 0.652  w_spend: 0.678
Epoch  48/100 — train_loss: -0.0358  val_loss: 0.0197  freq: 0.2133  spend: 0.2525  w_freq: 0.655  w_spend: 0.682
Epoch  49/100 — train_loss: -0.0536  val_loss: -0.0082  freq: 0.1941  spend: 0.2349  w_freq: 0.659  w_spend: 0.685
Epoch  50/100 — train_loss: -0.0632  val_loss: 0.0166  freq: 0.2212  spend: 0.2499  w_freq: 0.662  w_spend: 0.689
Epoch  51/100 — train_loss: -0.0318  val_loss: 0.0285  freq: 0.2580  spend: 0.2361  w_freq: 0.665  w_spend: 0.692
Epoch  52/100 — train_loss: -0.0586  val_loss: 0.0160  freq: 0.2422  spend: 0.2370  w_freq: 0.667  w_spend: 0.695
Epoch  53/100 — train_loss: -0.0705  val_loss: -0.0217  freq: 0.1881  spend: 0.2392  w_freq: 0.670  w_spend: 0.698
Epoch  54/100 — train_loss: -0.0618  val_loss: -0.0194  freq: 0.2021  spend: 0.2337  w_freq: 0.673  w_spend: 0.701
Epoch  55/100 — train_loss: -0.0730  val_loss: 0.0085  freq: 0.2484  spend: 0.2330  w_freq: 0.676  w_spend: 0.705
Epoch  56/100 — train_loss: -0.0706  val_loss: -0.0204  freq: 0.2069  spend: 0.2351  w_freq: 0.678  w_spend: 0.707
Epoch  57/100 — train_loss: -0.0744  val_loss: -0.0312  freq: 0.1909  spend: 0.2393  w_freq: 0.680  w_spend: 0.710
Epoch  58/100 — train_loss: -0.0867  val_loss: 0.0227  freq: 0.2589  spend: 0.2535  w_freq: 0.683  w_spend: 0.713
Epoch  59/100 — train_loss: -0.0857  val_loss: -0.0200  freq: 0.2058  spend: 0.2475  w_freq: 0.685  w_spend: 0.716
Epoch  60/100 — train_loss: -0.1042  val_loss: -0.0148  freq: 0.2077  spend: 0.2554  w_freq: 0.687  w_spend: 0.718
Epoch  61/100 — train_loss: -0.1016  val_loss: -0.0294  freq: 0.1956  spend: 0.2491  w_freq: 0.689  w_spend: 0.720
Epoch  62/100 — train_loss: -0.1025  val_loss: -0.0367  freq: 0.1961  spend: 0.2412  w_freq: 0.691  w_spend: 0.722
Epoch  63/100 — train_loss: -0.0993  val_loss: 0.0110  freq: 0.2749  spend: 0.2342  w_freq: 0.693  w_spend: 0.724
Epoch  64/100 — train_loss: -0.0938  val_loss: -0.0431  freq: 0.1913  spend: 0.2423  w_freq: 0.694  w_spend: 0.726
Epoch  65/100 — train_loss: -0.1273  val_loss: -0.0614  freq: 0.1709  spend: 0.2392  w_freq: 0.696  w_spend: 0.728
Epoch  66/100 — train_loss: -0.1220  val_loss: -0.0230  freq: 0.2359  spend: 0.2323  w_freq: 0.698  w_spend: 0.730
Epoch  67/100 — train_loss: -0.1018  val_loss: -0.0673  freq: 0.1834  spend: 0.2244  w_freq: 0.700  w_spend: 0.732
Epoch  68/100 — train_loss: -0.1287  val_loss: -0.0335  freq: 0.2204  spend: 0.2370  w_freq: 0.701  w_spend: 0.734
Epoch  69/100 — train_loss: -0.1098  val_loss: -0.0510  freq: 0.1823  spend: 0.2515  w_freq: 0.703  w_spend: 0.736
Epoch  70/100 — train_loss: -0.1120  val_loss: -0.0447  freq: 0.2054  spend: 0.2399  w_freq: 0.704  w_spend: 0.737
Epoch  71/100 — train_loss: -0.1228  val_loss: -0.0357  freq: 0.2249  spend: 0.2353  w_freq: 0.706  w_spend: 0.739
Epoch  72/100 — train_loss: -0.1361  val_loss: -0.0404  freq: 0.2279  spend: 0.2277  w_freq: 0.707  w_spend: 0.740
Epoch  73/100 — train_loss: -0.1220  val_loss: -0.0520  freq: 0.1898  spend: 0.2503  w_freq: 0.708  w_spend: 0.742
Epoch  74/100 — train_loss: -0.1268  val_loss: -0.0646  freq: 0.1775  spend: 0.2465  w_freq: 0.710  w_spend: 0.743
Epoch  75/100 — train_loss: -0.1411  val_loss: -0.0701  freq: 0.1830  spend: 0.2351  w_freq: 0.711  w_spend: 0.744
Epoch  76/100 — train_loss: -0.1526  val_loss: -0.0837  freq: 0.1641  spend: 0.2363  w_freq: 0.712  w_spend: 0.745
Epoch  77/100 — train_loss: -0.1241  val_loss: -0.0836  freq: 0.1718  spend: 0.2302  w_freq: 0.713  w_spend: 0.746
Epoch  78/100 — train_loss: -0.1381  val_loss: -0.0844  freq: 0.1754  spend: 0.2271  w_freq: 0.713  w_spend: 0.747
Epoch  79/100 — train_loss: -0.1417  val_loss: -0.0811  freq: 0.1786  spend: 0.2296  w_freq: 0.714  w_spend: 0.748
Epoch  80/100 — train_loss: -0.1500  val_loss: -0.0654  freq: 0.2001  spend: 0.2310  w_freq: 0.715  w_spend: 0.749
Epoch  81/100 — train_loss: -0.1303  val_loss: -0.0875  freq: 0.1623  spend: 0.2384  w_freq: 0.716  w_spend: 0.750
Epoch  82/100 — train_loss: -0.1380  val_loss: -0.0715  freq: 0.1915  spend: 0.2327  w_freq: 0.717  w_spend: 0.751
Epoch  83/100 — train_loss: -0.1277  val_loss: -0.0828  freq: 0.1789  spend: 0.2302  w_freq: 0.717  w_spend: 0.751
Epoch  84/100 — train_loss: -0.1370  val_loss: -0.0876  freq: 0.1687  spend: 0.2342  w_freq: 0.718  w_spend: 0.752
Epoch  85/100 — train_loss: -0.1294  val_loss: -0.0781  freq: 0.1833  spend: 0.2335  w_freq: 0.718  w_spend: 0.752
Epoch  86/100 — train_loss: -0.1278  val_loss: -0.0835  freq: 0.1738  spend: 0.2359  w_freq: 0.718  w_spend: 0.753
Epoch  87/100 — train_loss: -0.1390  val_loss: -0.0843  freq: 0.1710  spend: 0.2380  w_freq: 0.719  w_spend: 0.753
Epoch  88/100 — train_loss: -0.1357  val_loss: -0.0802  freq: 0.1801  spend: 0.2352  w_freq: 0.719  w_spend: 0.753
Epoch  89/100 — train_loss: -0.1582  val_loss: -0.0819  freq: 0.1777  spend: 0.2356  w_freq: 0.719  w_spend: 0.754
Epoch  90/100 — train_loss: -0.1438  val_loss: -0.0859  freq: 0.1739  spend: 0.2341  w_freq: 0.720  w_spend: 0.754
Epoch  91/100 — train_loss: -0.1559  val_loss: -0.0809  freq: 0.1816  spend: 0.2337  w_freq: 0.720  w_spend: 0.754
Epoch  92/100 — train_loss: -0.1491  val_loss: -0.0840  freq: 0.1765  spend: 0.2347  w_freq: 0.720  w_spend: 0.754
Epoch  93/100 — train_loss: -0.1414  val_loss: -0.0899  freq: 0.1715  spend: 0.2318  w_freq: 0.720  w_spend: 0.755
Epoch  94/100 — train_loss: -0.1539  val_loss: -0.0877  freq: 0.1748  spend: 0.2317  w_freq: 0.720  w_spend: 0.755
Epoch  95/100 — train_loss: -0.1372  val_loss: -0.0879  freq: 0.1734  spend: 0.2328  w_freq: 0.720  w_spend: 0.755
Epoch  96/100 — train_loss: -0.1301  val_loss: -0.0879  freq: 0.1729  spend: 0.2332  w_freq: 0.720  w_spend: 0.755
Epoch  97/100 — train_loss: -0.1374  val_loss: -0.0881  freq: 0.1728  spend: 0.2332  w_freq: 0.720  w_spend: 0.755
Epoch  98/100 — train_loss: -0.1328  val_loss: -0.0882  freq: 0.1728  spend: 0.2330  w_freq: 0.720  w_spend: 0.755
Epoch  99/100 — train_loss: -0.1408  val_loss: -0.0883  freq: 0.1729  spend: 0.2330  w_freq: 0.720  w_spend: 0.755
Epoch 100/100 — train_loss: -0.1189  val_loss: -0.0882  freq: 0.1729  spend: 0.2330  w_freq: 0.720  w_spend: 0.755

Checkpoint saved: /kaggle/working/results/checkpoints/transformer_joint_uci_v4_soft_seed42_expected.pt
Validation-fitted softmax temperature: 0.9000

Duan's smearing factor (val): 1.2131
Validation aggregate calibration: freq_factor=1.1782, spend_factor=1.1611

Running autoregressive inference on holdout period ...
  inference mode: expected  n_scenarios: 1  temperature: 0.9000

=== Prediction Diagnostics ===
  Mean predicted freq/week:    0.0292
  Mean actual freq/week:       0.0656
  Over-prediction ratio:       0.444x
  Customers predicted as zero total:  0.751
  Customers actually zero total:      0.484
  Non-zero rate (pred, avg > 0.05):  0.137
  Non-zero rate (true):               0.055

Metrics saved: /kaggle/working/results/tables/transformer_joint_uci_v4_soft_seed42_expected_metrics.json
Array artifacts saved: /kaggle/working/results/tables/transformer_joint_uci_v4_soft_seed42_expected_arrays.npz

=== Holdout Evaluation ===
  metric_definition_version: valendin_aggregate_mape_v1
  freq_rmse: 2.9348
  freq_mae: 1.2513
  freq_normalized_gini: 0.7398
  freq_calibration_factor: 1.1782
  freq_horizon_abs_bias_pct: 47.6449
  bias_pct: -47.6449
  freq_weekly_mae: 154.1681
  freq_weekly_total_true: 8413.0000
  freq_weekly_total_pred: 4404.6306
  freq_valendin_mape: 47.6449
  freq_horizon_bias_pct: -47.6449
  freq_weekly_mean_pct_mape: 44.8517
  freq_weekly_mean_pct_bias_pct: -44.8517
  freq_weekly_bias_pct: -47.6449
  freq_weekly_mape: 47.6449
  freq_mape: 47.6449
  freq_mase: 0.7231
  freq_mase_scale: 0.1146
  smearing_factor: 1.2131
  spend_calibration_factor: 1.1611
  spend_mae_raw: 589.2219
  spend_rmse_raw: 3230.5322
  spend_normalized_gini: 0.8195
  spend_mae_log: 2.0462
  spend_rmse_log: 2.9292
  spend_r2_log: 0.2397
  spend_bias_pct: -50.1704
  spend_weekly_mae: 82335.9272
  spend_weekly_total_true: 4266929.6797
  spend_weekly_total_pred: 2126195.5714
  spend_valendin_mape: 50.1704
  spend_horizon_abs_bias_pct: 50.1704
  spend_horizon_bias_pct: -50.1704
  spend_weekly_mean_pct_mape: 45.7947
  spend_weekly_mean_pct_bias_pct: -45.7947
  spend_weekly_bias_pct: -50.1704
  spend_weekly_mape: 50.1704
  spend_mase: 1.1092
  spend_mase_scale: 36.7368
  clv_mae: 573.7703
  clv_rmse: 3150.0747
  clv_spearman: 0.5884
  clv_decile_lift: 6.0992
  clv_normalized_gini: 0.8200
  clv_total_true: 4160751.5000
  clv_total_pred: 2081316.2500
  calibration_temperature_source: rolling_origin_autoregressive
  validation_temperature: 0.9000
  smearing_source: rolling_origin_autoregressive
  calibration_source: rolling_origin_autoregressive
  validation_freq_true_total: 662.0000
  validation_freq_pred_total: 386.4814
  validation_spend_true_total: 287846.2422
  validation_spend_pred_total: 175040.9219
  validation_freq_calibration_factor: 1.1782
  validation_spend_calibration_factor: 1.1611
  validation_rolling_origin_count: 2
  protocol_name: uci_configured_78x26
  cohort_size: 4930
  calibration_weeks: 78
  holdout_weeks: 26
  inference_mode: expected
  n_scenarios: 1
  final_manifest_version: 2026-05-20-results-recovery-protocol
  final_manifest_run_name: transformer_joint_uci_v4_soft_seed42_expected
  final_manifest_config: experiments/configs/transformer_joint_uci_v4_soft.yaml
  final_manifest_config_hash: 206ba0659243
  final_manifest_actual_config_hash: d4de3d8f3af7
  final_manifest_seed: 42
  final_manifest_epochs: 100
  final_manifest_inference_mode: expected
  final_manifest_n_scenarios: 1
  run_valid: False
  run_invalid_reason: absolute frequency bias -47.6% exceeds 15.0%; absolute spend bias -50.2% exceeds 50.0%
  run_warning: large frequency bias (-47.6%); large spend bias (-50.2%); expected inference mode is diagnostic-only for Valendin-style reporting
  diagnostic_only: True
  epochs_completed: 100
  max_epochs_configured: 100
History saved: /kaggle/working/results/tables/transformer_joint_uci_v4_soft_seed42_expected_history.json
