[Kaggle] raw_dir  → /kaggle/working/input/uci-retail
[Kaggle] results  → /kaggle/working/results
Config: experiments/configs/transformer_joint_uci_v6b.yaml
Run: transformer_joint_uci_v6b_seed7_sample
Device: cuda
Loading dataset: uci ...
[pipeline] freq_cap=4 (auto q=0.99) → freq_bins=[0, 1, 2, 3]... (n_classes=5)
  Train customers: 4437, Val: 493, Inference: 4930
[uci] Customers with 0 calibration transactions: 0 / 4930
  top-bin decode: class_values[-1] = 5.515 (max_trans = 4)
Model: transformer — 102,086 parameters

Training for up to 100 epochs ...
/kaggle/working/thesis-code/src/training/trainer.py:116: FutureWarning: `torch.cuda.amp.GradScaler(args...)` is deprecated. Please use `torch.amp.GradScaler('cuda', args...)` instead.
  self.scaler = torch.cuda.amp.GradScaler(enabled=self.amp_enabled)
[Kendall] log_vars frozen for 10 warm-up epochs.
Epoch   1/100 — train_loss: 7.9366  val_loss: 7.1282  freq: 13.8289  spend: 0.4274  w_freq: 0.500  w_spend: 0.500
Epoch   2/100 — train_loss: 5.1105  val_loss: 2.4634  freq: 4.4680  spend: 0.4589  w_freq: 0.500  w_spend: 0.500
Epoch   3/100 — train_loss: 1.1483  val_loss: 0.5290  freq: 0.6552  spend: 0.4027  w_freq: 0.500  w_spend: 0.500
Epoch   4/100 — train_loss: 0.4627  val_loss: 0.3893  freq: 0.3844  spend: 0.3943  w_freq: 0.500  w_spend: 0.500
Epoch   5/100 — train_loss: 0.4094  val_loss: 0.3637  freq: 0.3349  spend: 0.3925  w_freq: 0.500  w_spend: 0.500
Epoch   6/100 — train_loss: 0.3816  val_loss: 0.3382  freq: 0.3687  spend: 0.3076  w_freq: 0.500  w_spend: 0.500
Epoch   7/100 — train_loss: 0.3373  val_loss: 0.2851  freq: 0.3422  spend: 0.2280  w_freq: 0.500  w_spend: 0.500
Epoch   8/100 — train_loss: 0.2961  val_loss: 0.2649  freq: 0.3331  spend: 0.1968  w_freq: 0.500  w_spend: 0.500
Epoch   9/100 — train_loss: 0.2732  val_loss: 0.2644  freq: 0.3540  spend: 0.1747  w_freq: 0.500  w_spend: 0.500
Epoch  10/100 — train_loss: 0.2640  val_loss: 0.2475  freq: 0.3216  spend: 0.1733  w_freq: 0.500  w_spend: 0.500
[Kendall] log_vars unfrozen at epoch 11.
[spend-norm] frozen at 0.3644 (absolute val-loss magnitude shifts accordingly; early stopping is relative so this is safe)
Epoch  11/100 — train_loss: 0.3963  val_loss: 0.3900  freq: 0.3078  spend: 0.4814  w_freq: 0.502  w_spend: 0.502
Epoch  12/100 — train_loss: 0.3856  val_loss: 0.3728  freq: 0.3110  spend: 0.4523  w_freq: 0.506  w_spend: 0.505
Epoch  13/100 — train_loss: 0.3511  val_loss: 0.3615  freq: 0.3139  spend: 0.4366  w_freq: 0.509  w_spend: 0.509
Epoch  14/100 — train_loss: 0.3309  val_loss: 0.3395  freq: 0.3128  spend: 0.4037  w_freq: 0.513  w_spend: 0.513
Epoch  15/100 — train_loss: 0.2997  val_loss: 0.3403  freq: 0.3078  spend: 0.4206  w_freq: 0.517  w_spend: 0.517
Epoch  16/100 — train_loss: 0.2995  val_loss: 0.3049  freq: 0.2979  spend: 0.3717  w_freq: 0.522  w_spend: 0.521
Epoch  17/100 — train_loss: 0.2761  val_loss: 0.3061  freq: 0.2869  spend: 0.3918  w_freq: 0.525  w_spend: 0.524
Epoch  18/100 — train_loss: 0.2863  val_loss: 0.3190  freq: 0.2951  spend: 0.4136  w_freq: 0.528  w_spend: 0.527
Epoch  19/100 — train_loss: 0.2660  val_loss: 0.2721  freq: 0.2868  spend: 0.3390  w_freq: 0.530  w_spend: 0.529
Epoch  20/100 — train_loss: 0.2647  val_loss: 0.2929  freq: 0.2943  spend: 0.3799  w_freq: 0.533  w_spend: 0.533
Epoch  21/100 — train_loss: 0.2289  val_loss: 0.2661  freq: 0.2844  spend: 0.3481  w_freq: 0.537  w_spend: 0.537
Epoch  22/100 — train_loss: 0.2246  val_loss: 0.2937  freq: 0.3016  spend: 0.3904  w_freq: 0.541  w_spend: 0.540
Epoch  23/100 — train_loss: 0.2241  val_loss: 0.2781  freq: 0.2864  spend: 0.3846  w_freq: 0.544  w_spend: 0.544
Epoch  24/100 — train_loss: 0.2214  val_loss: 0.2598  freq: 0.2786  spend: 0.3668  w_freq: 0.548  w_spend: 0.548
Epoch  25/100 — train_loss: 0.2011  val_loss: 0.2510  freq: 0.2875  spend: 0.3508  w_freq: 0.552  w_spend: 0.552
Epoch  26/100 — train_loss: 0.1902  val_loss: 0.2406  freq: 0.2773  spend: 0.3511  w_freq: 0.556  w_spend: 0.556
Epoch  27/100 — train_loss: 0.2067  val_loss: 0.2588  freq: 0.2774  spend: 0.3901  w_freq: 0.560  w_spend: 0.560
Epoch  28/100 — train_loss: 0.1971  val_loss: 0.2522  freq: 0.2779  spend: 0.3838  w_freq: 0.563  w_spend: 0.563
Epoch  29/100 — train_loss: 0.1685  val_loss: 0.2196  freq: 0.2729  spend: 0.3383  w_freq: 0.566  w_spend: 0.566
Epoch  30/100 — train_loss: 0.1627  val_loss: 0.2199  freq: 0.2787  spend: 0.3417  w_freq: 0.570  w_spend: 0.570
Epoch  31/100 — train_loss: 0.1476  val_loss: 0.2401  freq: 0.2786  spend: 0.3849  w_freq: 0.574  w_spend: 0.575
Epoch  32/100 — train_loss: 0.1505  val_loss: 0.2134  freq: 0.2726  spend: 0.3520  w_freq: 0.578  w_spend: 0.579
Epoch  33/100 — train_loss: 0.1394  val_loss: 0.2454  freq: 0.2758  spend: 0.4110  w_freq: 0.582  w_spend: 0.583
Epoch  34/100 — train_loss: 0.1332  val_loss: 0.2055  freq: 0.2760  spend: 0.3495  w_freq: 0.585  w_spend: 0.587
Epoch  35/100 — train_loss: 0.1215  val_loss: 0.2251  freq: 0.2850  spend: 0.3789  w_freq: 0.589  w_spend: 0.591
Epoch  36/100 — train_loss: 0.1166  val_loss: 0.2434  freq: 0.2830  spend: 0.4168  w_freq: 0.591  w_spend: 0.594
Epoch  37/100 — train_loss: 0.1138  val_loss: 0.2084  freq: 0.2730  spend: 0.3747  w_freq: 0.595  w_spend: 0.597
Epoch  38/100 — train_loss: 0.1153  val_loss: 0.2128  freq: 0.2711  spend: 0.3893  w_freq: 0.598  w_spend: 0.601
Epoch  39/100 — train_loss: 0.0929  val_loss: 0.1857  freq: 0.2711  spend: 0.3497  w_freq: 0.601  w_spend: 0.604
Epoch  40/100 — train_loss: 0.0922  val_loss: 0.1965  freq: 0.2712  spend: 0.3724  w_freq: 0.604  w_spend: 0.607
Epoch  41/100 — train_loss: 0.0950  val_loss: 0.1779  freq: 0.2686  spend: 0.3500  w_freq: 0.607  w_spend: 0.611
Epoch  42/100 — train_loss: 0.0762  val_loss: 0.1775  freq: 0.2720  spend: 0.3519  w_freq: 0.610  w_spend: 0.614
Epoch  43/100 — train_loss: 0.0730  val_loss: 0.1821  freq: 0.2773  spend: 0.3597  w_freq: 0.614  w_spend: 0.618
Epoch  44/100 — train_loss: 0.0567  val_loss: 0.1883  freq: 0.2731  spend: 0.3790  w_freq: 0.617  w_spend: 0.622
Epoch  45/100 — train_loss: 0.0634  val_loss: 0.1730  freq: 0.2696  spend: 0.3630  w_freq: 0.620  w_spend: 0.625
Epoch  46/100 — train_loss: 0.0548  val_loss: 0.2012  freq: 0.2677  spend: 0.4143  w_freq: 0.623  w_spend: 0.629
Epoch  47/100 — train_loss: 0.0432  val_loss: 0.1458  freq: 0.2682  spend: 0.3320  w_freq: 0.627  w_spend: 0.632
Epoch  48/100 — train_loss: 0.0258  val_loss: 0.1576  freq: 0.2662  spend: 0.3573  w_freq: 0.630  w_spend: 0.636
Epoch  49/100 — train_loss: 0.0523  val_loss: 0.1665  freq: 0.2677  spend: 0.3745  w_freq: 0.633  w_spend: 0.639
Epoch  50/100 — train_loss: 0.0387  val_loss: 0.1640  freq: 0.2654  spend: 0.3770  w_freq: 0.636  w_spend: 0.642
Epoch  51/100 — train_loss: 0.0253  val_loss: 0.1913  freq: 0.2680  spend: 0.4204  w_freq: 0.639  w_spend: 0.645
Epoch  52/100 — train_loss: 0.0307  val_loss: 0.1926  freq: 0.2658  spend: 0.4276  w_freq: 0.641  w_spend: 0.648
Epoch  53/100 — train_loss: 0.0197  val_loss: 0.1625  freq: 0.2646  spend: 0.3870  w_freq: 0.644  w_spend: 0.651
Epoch  54/100 — train_loss: 0.0240  val_loss: 0.1370  freq: 0.2652  spend: 0.3512  w_freq: 0.647  w_spend: 0.654
Epoch  55/100 — train_loss: 0.0208  val_loss: 0.1501  freq: 0.2718  spend: 0.3679  w_freq: 0.649  w_spend: 0.657
Epoch  56/100 — train_loss: 0.0144  val_loss: 0.1496  freq: 0.2650  spend: 0.3773  w_freq: 0.652  w_spend: 0.659
Epoch  57/100 — train_loss: 0.0061  val_loss: 0.1379  freq: 0.2650  spend: 0.3626  w_freq: 0.654  w_spend: 0.662
Epoch  58/100 — train_loss: 0.0047  val_loss: 0.1371  freq: 0.2655  spend: 0.3646  w_freq: 0.656  w_spend: 0.664
Epoch  59/100 — train_loss: -0.0175  val_loss: 0.1495  freq: 0.2645  spend: 0.3868  w_freq: 0.659  w_spend: 0.667
Epoch  60/100 — train_loss: 0.0003  val_loss: 0.1340  freq: 0.2681  spend: 0.3633  w_freq: 0.661  w_spend: 0.669
Epoch  61/100 — train_loss: -0.0232  val_loss: 0.1557  freq: 0.2650  spend: 0.4009  w_freq: 0.663  w_spend: 0.671
Epoch  62/100 — train_loss: -0.0027  val_loss: 0.1481  freq: 0.2650  spend: 0.3919  w_freq: 0.665  w_spend: 0.673
Epoch  63/100 — train_loss: -0.0071  val_loss: 0.1382  freq: 0.2637  spend: 0.3806  w_freq: 0.667  w_spend: 0.675
Epoch  64/100 — train_loss: -0.0147  val_loss: 0.1261  freq: 0.2638  spend: 0.3643  w_freq: 0.668  w_spend: 0.677
Epoch  65/100 — train_loss: -0.0261  val_loss: 0.1479  freq: 0.2664  spend: 0.3959  w_freq: 0.669  w_spend: 0.678
Epoch  66/100 — train_loss: -0.0264  val_loss: 0.1733  freq: 0.2636  spend: 0.4379  w_freq: 0.671  w_spend: 0.680
Epoch  67/100 — train_loss: -0.0276  val_loss: 0.1314  freq: 0.2629  spend: 0.3788  w_freq: 0.672  w_spend: 0.681
Epoch  68/100 — train_loss: -0.0387  val_loss: 0.1348  freq: 0.2638  spend: 0.3848  w_freq: 0.674  w_spend: 0.683
Epoch  69/100 — train_loss: -0.0345  val_loss: 0.1187  freq: 0.2633  spend: 0.3636  w_freq: 0.675  w_spend: 0.684
Epoch  70/100 — train_loss: -0.0329  val_loss: 0.1312  freq: 0.2629  spend: 0.3838  w_freq: 0.677  w_spend: 0.686
Epoch  71/100 — train_loss: -0.0362  val_loss: 0.1215  freq: 0.2628  spend: 0.3714  w_freq: 0.678  w_spend: 0.687
Epoch  72/100 — train_loss: -0.0330  val_loss: 0.1203  freq: 0.2630  spend: 0.3710  w_freq: 0.679  w_spend: 0.689
Epoch  73/100 — train_loss: -0.0387  val_loss: 0.1427  freq: 0.2636  spend: 0.4041  w_freq: 0.680  w_spend: 0.690
Epoch  74/100 — train_loss: -0.0356  val_loss: 0.1123  freq: 0.2629  spend: 0.3623  w_freq: 0.682  w_spend: 0.691
Epoch  75/100 — train_loss: -0.0476  val_loss: 0.1357  freq: 0.2642  spend: 0.3960  w_freq: 0.683  w_spend: 0.692
Epoch  76/100 — train_loss: -0.0583  val_loss: 0.1325  freq: 0.2635  spend: 0.3931  w_freq: 0.684  w_spend: 0.693
Epoch  77/100 — train_loss: -0.0515  val_loss: 0.1320  freq: 0.2628  spend: 0.3940  w_freq: 0.684  w_spend: 0.694
Epoch  78/100 — train_loss: -0.0352  val_loss: 0.1299  freq: 0.2626  spend: 0.3920  w_freq: 0.685  w_spend: 0.695
Epoch  79/100 — train_loss: -0.0269  val_loss: 0.1134  freq: 0.2629  spend: 0.3690  w_freq: 0.686  w_spend: 0.696
Epoch  80/100 — train_loss: -0.0428  val_loss: 0.1136  freq: 0.2625  spend: 0.3706  w_freq: 0.687  w_spend: 0.697
Epoch  81/100 — train_loss: -0.0492  val_loss: 0.1257  freq: 0.2638  spend: 0.3876  w_freq: 0.688  w_spend: 0.697
Epoch  82/100 — train_loss: -0.0470  val_loss: 0.1276  freq: 0.2632  spend: 0.3914  w_freq: 0.688  w_spend: 0.698
Epoch  83/100 — train_loss: -0.0406  val_loss: 0.1239  freq: 0.2629  spend: 0.3868  w_freq: 0.689  w_spend: 0.698
Epoch  84/100 — train_loss: -0.0445  val_loss: 0.1166  freq: 0.2626  spend: 0.3771  w_freq: 0.689  w_spend: 0.699
Epoch  85/100 — train_loss: -0.0343  val_loss: 0.1199  freq: 0.2630  spend: 0.3820  w_freq: 0.689  w_spend: 0.699
Epoch  86/100 — train_loss: -0.0535  val_loss: 0.1155  freq: 0.2627  spend: 0.3764  w_freq: 0.690  w_spend: 0.700
Epoch  87/100 — train_loss: -0.0361  val_loss: 0.1157  freq: 0.2631  spend: 0.3767  w_freq: 0.690  w_spend: 0.700
Epoch  88/100 — train_loss: -0.0480  val_loss: 0.1209  freq: 0.2630  spend: 0.3846  w_freq: 0.691  w_spend: 0.700
Epoch  89/100 — train_loss: -0.0252  val_loss: 0.1175  freq: 0.2629  spend: 0.3801  w_freq: 0.691  w_spend: 0.701
Epoch  90/100 — train_loss: -0.0374  val_loss: 0.1196  freq: 0.2629  spend: 0.3833  w_freq: 0.691  w_spend: 0.701
Epoch  91/100 — train_loss: -0.0296  val_loss: 0.1194  freq: 0.2627  spend: 0.3834  w_freq: 0.691  w_spend: 0.701
Epoch  92/100 — train_loss: -0.0484  val_loss: 0.1176  freq: 0.2632  spend: 0.3804  w_freq: 0.691  w_spend: 0.701
Epoch  93/100 — train_loss: -0.0451  val_loss: 0.1186  freq: 0.2629  spend: 0.3823  w_freq: 0.691  w_spend: 0.701
Epoch  94/100 — train_loss: -0.0478  val_loss: 0.1194  freq: 0.2629  spend: 0.3835  w_freq: 0.692  w_spend: 0.701
Early stopping triggered at epoch 94.

Checkpoint saved: /kaggle/working/results/checkpoints/transformer_joint_uci_v6b_seed7_sample.pt
Validation-fitted softmax temperature: 0.7500

Duan's smearing factor (val): 1.1960
Validation aggregate calibration: freq_factor=1.9794, spend_factor=1.7279

Running autoregressive inference on holdout period ...
  inference mode: sample  n_scenarios: 30  temperature: 0.7500

=== Prediction Diagnostics ===
  Mean predicted freq/week:    0.0191
  Mean actual freq/week:       0.0656
  Over-prediction ratio:       0.292x
  Customers predicted as zero total:  0.786
  Customers actually zero total:      0.484
  Non-zero rate (pred, avg > 0.05):  0.106
  Non-zero rate (true):               0.055

Metrics saved: /kaggle/working/results/tables/transformer_joint_uci_v6b_seed7_sample_metrics.json
Array artifacts saved: /kaggle/working/results/tables/transformer_joint_uci_v6b_seed7_sample_arrays.npz

=== Holdout Evaluation ===
  metric_definition_version: valendin_aggregate_mape_v1
  freq_rmse: 2.7564
  freq_mae: 1.1892
  freq_normalized_gini: 0.7350
  freq_calibration_factor: 1.9794
  freq_horizon_abs_bias_pct: 42.2867
  bias_pct: -42.2867
  freq_weekly_mae: 140.2792
  freq_weekly_total_true: 8413.0000
  freq_weekly_total_pred: 4855.4200
  freq_valendin_mape: 43.3527
  freq_horizon_bias_pct: -42.2867
  freq_weekly_mean_pct_mape: 39.6500
  freq_weekly_mean_pct_bias_pct: -38.3163
  freq_weekly_bias_pct: -42.2867
  freq_weekly_mape: 43.3527
  freq_mape: 43.3527
  freq_mase: 0.7417
  freq_mase_scale: 0.1146
  smearing_factor: 1.1960
  spend_calibration_factor: 1.7279
  spend_mae_raw: 574.3889
  spend_rmse_raw: 3269.4243
  spend_normalized_gini: 0.8049
  spend_mae_log: 1.9740
  spend_rmse_log: 3.0313
  spend_r2_log: 0.1857
  spend_bias_pct: -47.6377
  spend_weekly_mae: 79694.6336
  spend_weekly_total_true: 4266929.6797
  spend_weekly_total_pred: 2234261.8277
  spend_valendin_mape: 48.5609
  spend_horizon_abs_bias_pct: 47.6377
  spend_horizon_bias_pct: -47.6377
  spend_weekly_mean_pct_mape: 43.8925
  spend_weekly_mean_pct_bias_pct: -42.4701
  spend_weekly_bias_pct: -47.6377
  spend_weekly_mape: 48.5609
  spend_mase: 1.1239
  spend_mase_scale: 36.7368
  clv_mae: 559.3398
  clv_rmse: 3186.0842
  clv_spearman: 0.5842
  clv_decile_lift: 6.1275
  clv_normalized_gini: 0.8053
  clv_total_true: 4160751.5000
  clv_total_pred: 2188886.7500
  calibration_temperature_source: rolling_origin_autoregressive
  validation_temperature: 0.7500
  smearing_source: rolling_origin_autoregressive
  calibration_source: rolling_origin_autoregressive
  validation_freq_true_total: 662.0000
  validation_freq_pred_total: 334.4453
  validation_spend_true_total: 287846.2422
  validation_spend_pred_total: 166585.1562
  validation_freq_calibration_factor: 1.9794
  validation_spend_calibration_factor: 1.7279
  validation_rolling_origin_count: 2
  protocol_name: uci_configured_78x26
  cohort_size: 4930
  calibration_weeks: 78
  holdout_weeks: 26
  inference_mode: sample
  n_scenarios: 30
  final_manifest_version: 2026-05-20-results-recovery-protocol
  final_manifest_run_name: transformer_joint_uci_v6b_seed7_sample
  final_manifest_config: experiments/configs/transformer_joint_uci_v6b.yaml
  final_manifest_config_hash: 4f57320cbc5d
  final_manifest_actual_config_hash: cf049144dd59
  final_manifest_seed: 7
  final_manifest_epochs: 100
  final_manifest_inference_mode: sample
  final_manifest_n_scenarios: 30
  run_valid: False
  run_invalid_reason: absolute frequency bias -42.3% exceeds 15.0%
  run_warning: large frequency bias (-42.3%); large spend bias (-47.6%)
  epochs_completed: 94
  max_epochs_configured: 100
History saved: /kaggle/working/results/tables/transformer_joint_uci_v6b_seed7_sample_history.json
