[Kaggle] raw_dir  → /kaggle/working/input/dunnhumby
[Kaggle] results  → /kaggle/working/results
Config: experiments/configs/extension3_transformer_full_dunnhumby.yaml
Run: extension3_transformer_full_dunnhumby_final_seed42_sample
Device: cuda
Loading dataset: dunnhumby ...
[pipeline] freq_cap=10 (auto q=0.99) → freq_bins=[0, 1, 2, 3]... (n_classes=11)
  Train customers: 2249, Val: 249, Inference: 2498
[dunnhumby] Customers with 0 calibration transactions: 0 / 2498
  top-bin decode: class_values[-1] = 13.099 (max_trans = 10)
Model: transformer — 102,953 parameters

Training for up to 100 epochs ...
/kaggle/working/thesis-code/src/training/trainer.py:104: FutureWarning: `torch.cuda.amp.GradScaler(args...)` is deprecated. Please use `torch.amp.GradScaler('cuda', args...)` instead.
  self.scaler = torch.cuda.amp.GradScaler(enabled=self.amp_enabled)
[Kendall] log_vars frozen for 5 warm-up epochs.
Epoch   1/100 — train_loss: 2.2930  val_loss: 2.0063  freq: 3.7078  spend: 0.3048  w_freq: 0.500  w_spend: 0.500
Epoch   2/100 — train_loss: 1.9978  val_loss: 1.5899  freq: 2.9446  spend: 0.2353  w_freq: 0.500  w_spend: 0.500
Epoch   3/100 — train_loss: 1.5700  val_loss: 1.1919  freq: 2.2071  spend: 0.1767  w_freq: 0.500  w_spend: 0.500
Epoch   4/100 — train_loss: 1.2376  val_loss: 0.9550  freq: 1.7768  spend: 0.1333  w_freq: 0.500  w_spend: 0.500
Epoch   5/100 — train_loss: 1.0181  val_loss: 0.7869  freq: 1.4706  spend: 0.1032  w_freq: 0.500  w_spend: 0.500
[Kendall] log_vars unfrozen at epoch 6.
Epoch   6/100 — train_loss: 0.8943  val_loss: 0.7171  freq: 1.3552  spend: 0.0846  w_freq: 0.499  w_spend: 0.501
Epoch   7/100 — train_loss: 0.8235  val_loss: 0.6686  freq: 1.2791  spend: 0.0688  w_freq: 0.497  w_spend: 0.503
Epoch   8/100 — train_loss: 0.7786  val_loss: 0.6465  freq: 1.2473  spend: 0.0616  w_freq: 0.495  w_spend: 0.506
Epoch   9/100 — train_loss: 0.7446  val_loss: 0.6300  freq: 1.2295  spend: 0.0513  w_freq: 0.493  w_spend: 0.508
Epoch  10/100 — train_loss: 0.7184  val_loss: 0.6151  freq: 1.2142  spend: 0.0420  w_freq: 0.491  w_spend: 0.510
Epoch  11/100 — train_loss: 0.6990  val_loss: 0.6059  freq: 1.2038  spend: 0.0386  w_freq: 0.489  w_spend: 0.513
Epoch  12/100 — train_loss: 0.6824  val_loss: 0.5977  freq: 1.1962  spend: 0.0349  w_freq: 0.487  w_spend: 0.515
Epoch  13/100 — train_loss: 0.6694  val_loss: 0.5888  freq: 1.1894  spend: 0.0291  w_freq: 0.486  w_spend: 0.517
Epoch  14/100 — train_loss: 0.6558  val_loss: 0.5821  freq: 1.1863  spend: 0.0241  w_freq: 0.484  w_spend: 0.520
Epoch  15/100 — train_loss: 0.6447  val_loss: 0.5723  freq: 1.1813  spend: 0.0150  w_freq: 0.483  w_spend: 0.522
Epoch  16/100 — train_loss: 0.6342  val_loss: 0.5642  freq: 1.1787  spend: 0.0069  w_freq: 0.481  w_spend: 0.525
Epoch  17/100 — train_loss: 0.6229  val_loss: 0.5548  freq: 1.1760  spend: -0.0034  w_freq: 0.480  w_spend: 0.527
Epoch  18/100 — train_loss: 0.6141  val_loss: 0.5457  freq: 1.1733  spend: -0.0130  w_freq: 0.478  w_spend: 0.530
Epoch  19/100 — train_loss: 0.6023  val_loss: 0.5381  freq: 1.1737  spend: -0.0226  w_freq: 0.477  w_spend: 0.533
Epoch  20/100 — train_loss: 0.5936  val_loss: 0.5317  freq: 1.1718  spend: -0.0277  w_freq: 0.475  w_spend: 0.535
Epoch  21/100 — train_loss: 0.5862  val_loss: 0.5253  freq: 1.1688  spend: -0.0322  w_freq: 0.474  w_spend: 0.538
Epoch  22/100 — train_loss: 0.5784  val_loss: 0.5204  freq: 1.1671  spend: -0.0354  w_freq: 0.472  w_spend: 0.540
Epoch  23/100 — train_loss: 0.5742  val_loss: 0.5151  freq: 1.1652  spend: -0.0393  w_freq: 0.471  w_spend: 0.543
Epoch  24/100 — train_loss: 0.5670  val_loss: 0.5111  freq: 1.1645  spend: -0.0418  w_freq: 0.470  w_spend: 0.545
Epoch  25/100 — train_loss: 0.5622  val_loss: 0.5057  freq: 1.1617  spend: -0.0452  w_freq: 0.469  w_spend: 0.547
Epoch  26/100 — train_loss: 0.5578  val_loss: 0.5022  freq: 1.1610  spend: -0.0468  w_freq: 0.468  w_spend: 0.550
Epoch  27/100 — train_loss: 0.5533  val_loss: 0.4988  freq: 1.1595  spend: -0.0476  w_freq: 0.467  w_spend: 0.552
Epoch  28/100 — train_loss: 0.5489  val_loss: 0.4949  freq: 1.1581  spend: -0.0497  w_freq: 0.466  w_spend: 0.554
Epoch  29/100 — train_loss: 0.5440  val_loss: 0.4920  freq: 1.1566  spend: -0.0496  w_freq: 0.465  w_spend: 0.556
Epoch  30/100 — train_loss: 0.5404  val_loss: 0.4881  freq: 1.1566  spend: -0.0524  w_freq: 0.464  w_spend: 0.559
Epoch  31/100 — train_loss: 0.5352  val_loss: 0.4862  freq: 1.1561  spend: -0.0517  w_freq: 0.463  w_spend: 0.561
Epoch  32/100 — train_loss: 0.5336  val_loss: 0.4825  freq: 1.1537  spend: -0.0527  w_freq: 0.462  w_spend: 0.563
Epoch  33/100 — train_loss: 0.5290  val_loss: 0.4796  freq: 1.1534  spend: -0.0537  w_freq: 0.461  w_spend: 0.565
Epoch  34/100 — train_loss: 0.5247  val_loss: 0.4766  freq: 1.1514  spend: -0.0534  w_freq: 0.460  w_spend: 0.567
Epoch  35/100 — train_loss: 0.5215  val_loss: 0.4736  freq: 1.1509  spend: -0.0547  w_freq: 0.459  w_spend: 0.570
Epoch  36/100 — train_loss: 0.5178  val_loss: 0.4717  freq: 1.1501  spend: -0.0541  w_freq: 0.458  w_spend: 0.572
Epoch  37/100 — train_loss: 0.5159  val_loss: 0.4698  freq: 1.1492  spend: -0.0533  w_freq: 0.457  w_spend: 0.574
Epoch  38/100 — train_loss: 0.5112  val_loss: 0.4650  freq: 1.1485  spend: -0.0578  w_freq: 0.457  w_spend: 0.576
Epoch  39/100 — train_loss: 0.5071  val_loss: 0.4629  freq: 1.1471  spend: -0.0569  w_freq: 0.456  w_spend: 0.578
Epoch  40/100 — train_loss: 0.5052  val_loss: 0.4607  freq: 1.1475  spend: -0.0576  w_freq: 0.455  w_spend: 0.580
Epoch  41/100 — train_loss: 0.5017  val_loss: 0.4583  freq: 1.1472  spend: -0.0587  w_freq: 0.454  w_spend: 0.582
Epoch  42/100 — train_loss: 0.4985  val_loss: 0.4562  freq: 1.1462  spend: -0.0589  w_freq: 0.454  w_spend: 0.584
Epoch  43/100 — train_loss: 0.4984  val_loss: 0.4539  freq: 1.1447  spend: -0.0591  w_freq: 0.453  w_spend: 0.585
Epoch  44/100 — train_loss: 0.4958  val_loss: 0.4524  freq: 1.1452  spend: -0.0597  w_freq: 0.453  w_spend: 0.587
Epoch  45/100 — train_loss: 0.4933  val_loss: 0.4510  freq: 1.1446  spend: -0.0591  w_freq: 0.452  w_spend: 0.588
Epoch  46/100 — train_loss: 0.4907  val_loss: 0.4481  freq: 1.1443  spend: -0.0611  w_freq: 0.452  w_spend: 0.590
Epoch  47/100 — train_loss: 0.4889  val_loss: 0.4467  freq: 1.1432  spend: -0.0600  w_freq: 0.451  w_spend: 0.592
Epoch  48/100 — train_loss: 0.4863  val_loss: 0.4461  freq: 1.1442  spend: -0.0594  w_freq: 0.451  w_spend: 0.593
Epoch  49/100 — train_loss: 0.4852  val_loss: 0.4431  freq: 1.1427  spend: -0.0609  w_freq: 0.450  w_spend: 0.595
Epoch  50/100 — train_loss: 0.4821  val_loss: 0.4415  freq: 1.1438  spend: -0.0620  w_freq: 0.450  w_spend: 0.596
Epoch  51/100 — train_loss: 0.4800  val_loss: 0.4391  freq: 1.1426  spend: -0.0626  w_freq: 0.449  w_spend: 0.598
Epoch  52/100 — train_loss: 0.4779  val_loss: 0.4373  freq: 1.1418  spend: -0.0626  w_freq: 0.449  w_spend: 0.600
Epoch  53/100 — train_loss: 0.4757  val_loss: 0.4369  freq: 1.1422  spend: -0.0612  w_freq: 0.448  w_spend: 0.601
Epoch  54/100 — train_loss: 0.4732  val_loss: 0.4342  freq: 1.1418  spend: -0.0632  w_freq: 0.448  w_spend: 0.603
Epoch  55/100 — train_loss: 0.4719  val_loss: 0.4329  freq: 1.1414  spend: -0.0630  w_freq: 0.447  w_spend: 0.604
Epoch  56/100 — train_loss: 0.4691  val_loss: 0.4327  freq: 1.1413  spend: -0.0611  w_freq: 0.447  w_spend: 0.606
Epoch  57/100 — train_loss: 0.4688  val_loss: 0.4308  freq: 1.1408  spend: -0.0622  w_freq: 0.447  w_spend: 0.607
Epoch  58/100 — train_loss: 0.4673  val_loss: 0.4293  freq: 1.1408  spend: -0.0630  w_freq: 0.446  w_spend: 0.608
Epoch  59/100 — train_loss: 0.4654  val_loss: 0.4280  freq: 1.1406  spend: -0.0634  w_freq: 0.446  w_spend: 0.609
Epoch  60/100 — train_loss: 0.4639  val_loss: 0.4273  freq: 1.1405  spend: -0.0628  w_freq: 0.446  w_spend: 0.610
Epoch  61/100 — train_loss: 0.4635  val_loss: 0.4249  freq: 1.1403  spend: -0.0649  w_freq: 0.445  w_spend: 0.611
Epoch  62/100 — train_loss: 0.4623  val_loss: 0.4239  freq: 1.1403  spend: -0.0650  w_freq: 0.445  w_spend: 0.612
Epoch  63/100 — train_loss: 0.4589  val_loss: 0.4229  freq: 1.1401  spend: -0.0650  w_freq: 0.445  w_spend: 0.614
Epoch  64/100 — train_loss: 0.4600  val_loss: 0.4219  freq: 1.1400  spend: -0.0651  w_freq: 0.444  w_spend: 0.615
Epoch  65/100 — train_loss: 0.4581  val_loss: 0.4205  freq: 1.1397  spend: -0.0659  w_freq: 0.444  w_spend: 0.616
Epoch  66/100 — train_loss: 0.4578  val_loss: 0.4198  freq: 1.1402  spend: -0.0661  w_freq: 0.444  w_spend: 0.616
Epoch  67/100 — train_loss: 0.4557  val_loss: 0.4187  freq: 1.1398  spend: -0.0664  w_freq: 0.444  w_spend: 0.617
Epoch  68/100 — train_loss: 0.4557  val_loss: 0.4179  freq: 1.1396  spend: -0.0663  w_freq: 0.443  w_spend: 0.618
Epoch  69/100 — train_loss: 0.4530  val_loss: 0.4179  freq: 1.1393  spend: -0.0651  w_freq: 0.443  w_spend: 0.619
Epoch  70/100 — train_loss: 0.4537  val_loss: 0.4165  freq: 1.1391  spend: -0.0662  w_freq: 0.443  w_spend: 0.620
Epoch  71/100 — train_loss: 0.4523  val_loss: 0.4154  freq: 1.1392  spend: -0.0670  w_freq: 0.443  w_spend: 0.620
Epoch  72/100 — train_loss: 0.4515  val_loss: 0.4150  freq: 1.1394  spend: -0.0670  w_freq: 0.443  w_spend: 0.621
Epoch  73/100 — train_loss: 0.4516  val_loss: 0.4147  freq: 1.1389  spend: -0.0663  w_freq: 0.442  w_spend: 0.622
Epoch  74/100 — train_loss: 0.4488  val_loss: 0.4138  freq: 1.1391  spend: -0.0671  w_freq: 0.442  w_spend: 0.622
Epoch  75/100 — train_loss: 0.4492  val_loss: 0.4136  freq: 1.1390  spend: -0.0666  w_freq: 0.442  w_spend: 0.623
Epoch  76/100 — train_loss: 0.4494  val_loss: 0.4126  freq: 1.1388  spend: -0.0674  w_freq: 0.442  w_spend: 0.623
Epoch  77/100 — train_loss: 0.4488  val_loss: 0.4124  freq: 1.1389  spend: -0.0671  w_freq: 0.442  w_spend: 0.624
Epoch  78/100 — train_loss: 0.4460  val_loss: 0.4121  freq: 1.1388  spend: -0.0670  w_freq: 0.442  w_spend: 0.624
Epoch  79/100 — train_loss: 0.4469  val_loss: 0.4115  freq: 1.1388  spend: -0.0673  w_freq: 0.442  w_spend: 0.625
Epoch  80/100 — train_loss: 0.4457  val_loss: 0.4114  freq: 1.1388  spend: -0.0670  w_freq: 0.442  w_spend: 0.625
Epoch  81/100 — train_loss: 0.4456  val_loss: 0.4108  freq: 1.1388  spend: -0.0675  w_freq: 0.441  w_spend: 0.625
Epoch  82/100 — train_loss: 0.4459  val_loss: 0.4109  freq: 1.1387  spend: -0.0669  w_freq: 0.441  w_spend: 0.626
Epoch  83/100 — train_loss: 0.4454  val_loss: 0.4102  freq: 1.1387  spend: -0.0676  w_freq: 0.441  w_spend: 0.626
Epoch  84/100 — train_loss: 0.4446  val_loss: 0.4101  freq: 1.1388  spend: -0.0676  w_freq: 0.441  w_spend: 0.626
Epoch  85/100 — train_loss: 0.4457  val_loss: 0.4101  freq: 1.1387  spend: -0.0672  w_freq: 0.441  w_spend: 0.626
Epoch  86/100 — train_loss: 0.4454  val_loss: 0.4096  freq: 1.1385  spend: -0.0677  w_freq: 0.441  w_spend: 0.627
Epoch  87/100 — train_loss: 0.4451  val_loss: 0.4094  freq: 1.1385  spend: -0.0678  w_freq: 0.441  w_spend: 0.627
Epoch  88/100 — train_loss: 0.4450  val_loss: 0.4095  freq: 1.1385  spend: -0.0674  w_freq: 0.441  w_spend: 0.627
Epoch  89/100 — train_loss: 0.4444  val_loss: 0.4093  freq: 1.1386  spend: -0.0676  w_freq: 0.441  w_spend: 0.627
Epoch  90/100 — train_loss: 0.4438  val_loss: 0.4092  freq: 1.1385  spend: -0.0676  w_freq: 0.441  w_spend: 0.627
Epoch  91/100 — train_loss: 0.4437  val_loss: 0.4091  freq: 1.1386  spend: -0.0677  w_freq: 0.441  w_spend: 0.627
Epoch  92/100 — train_loss: 0.4439  val_loss: 0.4090  freq: 1.1386  spend: -0.0678  w_freq: 0.441  w_spend: 0.627
Epoch  93/100 — train_loss: 0.4442  val_loss: 0.4090  freq: 1.1386  spend: -0.0677  w_freq: 0.441  w_spend: 0.627
Epoch  94/100 — train_loss: 0.4446  val_loss: 0.4090  freq: 1.1386  spend: -0.0676  w_freq: 0.441  w_spend: 0.627
Epoch  95/100 — train_loss: 0.4438  val_loss: 0.4089  freq: 1.1385  spend: -0.0677  w_freq: 0.441  w_spend: 0.627
Epoch  96/100 — train_loss: 0.4439  val_loss: 0.4089  freq: 1.1385  spend: -0.0677  w_freq: 0.441  w_spend: 0.627
Epoch  97/100 — train_loss: 0.4440  val_loss: 0.4089  freq: 1.1385  spend: -0.0677  w_freq: 0.441  w_spend: 0.627
Epoch  98/100 — train_loss: 0.4440  val_loss: 0.4089  freq: 1.1385  spend: -0.0677  w_freq: 0.441  w_spend: 0.627
Epoch  99/100 — train_loss: 0.4450  val_loss: 0.4089  freq: 1.1385  spend: -0.0677  w_freq: 0.441  w_spend: 0.627
Epoch 100/100 — train_loss: 0.4448  val_loss: 0.4089  freq: 1.1385  spend: -0.0677  w_freq: 0.441  w_spend: 0.627

Checkpoint saved: /kaggle/working/results/checkpoints/extension3_transformer_full_dunnhumby_final_seed42_sample.pt
Validation-fitted softmax temperature: 0.7500

Duan's smearing factor (val): 1.3907
Validation aggregate calibration: freq_factor=1.1076, spend_factor=1.0098

Running autoregressive inference on holdout period ...
  inference mode: sample  n_scenarios: 30  temperature: 0.7500

=== Prediction Diagnostics ===
  Mean predicted freq/week:    1.0055
  Mean actual freq/week:       1.1882
  Over-prediction ratio:       0.846x
  Customers predicted as zero total:  0.130
  Customers actually zero total:      0.188
  Non-zero rate (pred, avg > 0.05):  0.917
  Non-zero rate (true):               0.542

Metrics saved: /kaggle/working/results/tables/extension3_transformer_full_dunnhumby_final_seed42_sample_metrics.json
Array artifacts saved: /kaggle/working/results/tables/extension3_transformer_full_dunnhumby_final_seed42_sample_arrays.npz

=== Holdout Evaluation ===
  metric_definition_version: valendin_aggregate_mape_v1
  freq_rmse: 3.8156
  freq_mae: 2.1917
  freq_normalized_gini: 0.8372
  freq_calibration_factor: 1.1076
  freq_horizon_abs_bias_pct: 6.2650
  bias_pct: -6.2650
  freq_weekly_mae: 185.9455
  freq_weekly_total_true: 11872.0000
  freq_weekly_total_pred: 11128.2179
  freq_valendin_mape: 6.2650
  freq_horizon_bias_pct: -6.2650
  freq_weekly_mean_pct_mape: 6.2491
  freq_weekly_mean_pct_bias_pct: -6.2491
  freq_weekly_bias_pct: -6.2650
  freq_weekly_mape: 6.2650
  freq_mape: 6.2650
  freq_mase: 1.0082
  freq_mase_scale: 0.8235
  smearing_factor: 1.3907
  spend_calibration_factor: 1.0098
  spend_mae_raw: 68.1223
  spend_rmse_raw: 108.9665
  spend_normalized_gini: 0.8157
  spend_mae_log: 1.0050
  spend_rmse_log: 1.4702
  spend_r2_log: 0.5091
  spend_bias_pct: 0.7818
  spend_weekly_mae: 3615.0044
  spend_weekly_total_true: 347125.7605
  spend_weekly_total_pred: 349839.5385
  spend_valendin_mape: 4.1656
  spend_horizon_abs_bias_pct: 0.7818
  spend_horizon_bias_pct: 0.7818
  spend_weekly_mean_pct_mape: 4.1091
  spend_weekly_mean_pct_bias_pct: 0.9345
  spend_weekly_bias_pct: 0.7818
  spend_weekly_mape: 4.1656
  spend_mase: 0.9993
  spend_mase_scale: 27.5152
  clv_mae: 67.9413
  clv_rmse: 108.6768
  clv_spearman: 0.7844
  clv_decile_lift: 3.3417
  clv_normalized_gini: 0.8157
  clv_total_true: 346205.2188
  clv_total_pred: 348885.9375
  calibration_temperature_source: rolling_origin_autoregressive
  validation_temperature: 0.7500
  smearing_source: rolling_origin_autoregressive
  calibration_source: rolling_origin_autoregressive
  validation_freq_true_total: 2215.0000
  validation_freq_pred_total: 1822.8102
  validation_spend_true_total: 63355.4414
  validation_spend_pred_total: 62135.0234
  validation_freq_calibration_factor: 1.1076
  validation_spend_calibration_factor: 1.0098
  validation_rolling_origin_count: 2
  protocol_name: dunnhumby_configured_80x4
  cohort_size: 2498
  calibration_weeks: 80
  holdout_weeks: 4
  inference_mode: sample
  n_scenarios: 30
  final_manifest_version: 2026-05-20-results-recovery-protocol
  final_manifest_run_name: extension3_transformer_full_dunnhumby_final_seed42_sample
  final_manifest_config: experiments/configs/extension3_transformer_full_dunnhumby.yaml
  final_manifest_config_hash: b9cbe08630d1
  final_manifest_actual_config_hash: 72589ef2875f
  final_manifest_seed: 42
  final_manifest_epochs: 100
  final_manifest_inference_mode: sample
  final_manifest_n_scenarios: 30
  run_valid: True
  run_invalid_reason: 
  run_warning: 
  epochs_completed: 100
  max_epochs_configured: 100
History saved: /kaggle/working/results/tables/extension3_transformer_full_dunnhumby_final_seed42_sample_history.json
