[Kaggle] raw_dir  → /kaggle/working/input/cdnow-dataset
[Kaggle] results  → /kaggle/working/results
Config: experiments/configs/lstm_base_cdnow_v3.yaml
Run: lstm_base_cdnow_v3_seed42_sample
Device: cuda
Loading dataset: cdnow ...
[pipeline] freq_bins from config: [0, 1, 2, 3]
  Train customers: 2115, Val: 234, Inference: 2349
[cdnow] Customers with 0 calibration transactions: 0 / 2349
  top-bin decode: class_values[-1] = 4.071 (max_trans = 3)
Model: lstm — 89,132 parameters

Training for up to 300 epochs ...
/kaggle/working/thesis-code/src/training/trainer.py:104: FutureWarning: `torch.cuda.amp.GradScaler(args...)` is deprecated. Please use `torch.amp.GradScaler('cuda', args...)` instead.
  self.scaler = torch.cuda.amp.GradScaler(enabled=self.amp_enabled)
Epoch   1/300 — train_loss: 1.3787  val_loss: 1.3726
Epoch   2/300 — train_loss: 1.3635  val_loss: 1.3491
Epoch   3/300 — train_loss: 1.3323  val_loss: 1.3065
Epoch   4/300 — train_loss: 1.2750  val_loss: 1.2225
Epoch   5/300 — train_loss: 1.1403  val_loss: 0.9787
Epoch   6/300 — train_loss: 0.6111  val_loss: 0.2082
Epoch   7/300 — train_loss: 0.1950  val_loss: 0.2013
Epoch   8/300 — train_loss: 0.1891  val_loss: 0.1664
Epoch   9/300 — train_loss: 0.1551  val_loss: 0.1476
Epoch  10/300 — train_loss: 0.1462  val_loss: 0.1413
Epoch  11/300 — train_loss: 0.1400  val_loss: 0.1417
Epoch  12/300 — train_loss: 0.1423  val_loss: 0.1386
Epoch  13/300 — train_loss: 0.1408  val_loss: 0.1379
Epoch  14/300 — train_loss: 0.1415  val_loss: 0.1376
Epoch  15/300 — train_loss: 0.1378  val_loss: 0.1370
Epoch  16/300 — train_loss: 0.1374  val_loss: 0.1368
Epoch  17/300 — train_loss: 0.1387  val_loss: 0.1363
Epoch  18/300 — train_loss: 0.1399  val_loss: 0.1361
Epoch  19/300 — train_loss: 0.1336  val_loss: 0.1358
Epoch  20/300 — train_loss: 0.1392  val_loss: 0.1358
Epoch  21/300 — train_loss: 0.1389  val_loss: 0.1354
Epoch  22/300 — train_loss: 0.1411  val_loss: 0.1353
Epoch  23/300 — train_loss: 0.1342  val_loss: 0.1353
Epoch  24/300 — train_loss: 0.1326  val_loss: 0.1351
Epoch  25/300 — train_loss: 0.1370  val_loss: 0.1349
Epoch  26/300 — train_loss: 0.1376  val_loss: 0.1347
Epoch  27/300 — train_loss: 0.1365  val_loss: 0.1346
Epoch  28/300 — train_loss: 0.1319  val_loss: 0.1345
Epoch  29/300 — train_loss: 0.1340  val_loss: 0.1344
Epoch  30/300 — train_loss: 0.1358  val_loss: 0.1343
Epoch  31/300 — train_loss: 0.1362  val_loss: 0.1342
Epoch  32/300 — train_loss: 0.1349  val_loss: 0.1341
Epoch  33/300 — train_loss: 0.1305  val_loss: 0.1343
Epoch  34/300 — train_loss: 0.1331  val_loss: 0.1339
Epoch  35/300 — train_loss: 0.1372  val_loss: 0.1337
Epoch  36/300 — train_loss: 0.1373  val_loss: 0.1336
Epoch  37/300 — train_loss: 0.1372  val_loss: 0.1335
Epoch  38/300 — train_loss: 0.1327  val_loss: 0.1333
Epoch  39/300 — train_loss: 0.1346  val_loss: 0.1333
Epoch  40/300 — train_loss: 0.1328  val_loss: 0.1330
Epoch  41/300 — train_loss: 0.1341  val_loss: 0.1331
Epoch  42/300 — train_loss: 0.1355  val_loss: 0.1330
Epoch  43/300 — train_loss: 0.1324  val_loss: 0.1327
Epoch  44/300 — train_loss: 0.1344  val_loss: 0.1322
Epoch  45/300 — train_loss: 0.1328  val_loss: 0.1317
Epoch  46/300 — train_loss: 0.1310  val_loss: 0.1318
Epoch  47/300 — train_loss: 0.1309  val_loss: 0.1316
Epoch  48/300 — train_loss: 0.1315  val_loss: 0.1331
Epoch  49/300 — train_loss: 0.1339  val_loss: 0.1320
Epoch  50/300 — train_loss: 0.1352  val_loss: 0.1316
Epoch  51/300 — train_loss: 0.1315  val_loss: 0.1323
Epoch  52/300 — train_loss: 0.1350  val_loss: 0.1309
Epoch  53/300 — train_loss: 0.1277  val_loss: 0.1302
Epoch  54/300 — train_loss: 0.1345  val_loss: 0.1302
Epoch  55/300 — train_loss: 0.1314  val_loss: 0.1273
Epoch  56/300 — train_loss: 0.1298  val_loss: 0.1275
Epoch  57/300 — train_loss: 0.1277  val_loss: 0.1273
Epoch  58/300 — train_loss: 0.1239  val_loss: 0.1239
Epoch  59/300 — train_loss: 0.1380  val_loss: 0.1300
Epoch  60/300 — train_loss: 0.1308  val_loss: 0.1313
Epoch  61/300 — train_loss: 0.1308  val_loss: 0.1296
Epoch  62/300 — train_loss: 0.1316  val_loss: 0.1269
Epoch  63/300 — train_loss: 0.1296  val_loss: 0.1260
Epoch  64/300 — train_loss: 0.1298  val_loss: 0.1234
Epoch  65/300 — train_loss: 0.1260  val_loss: 0.1226
Epoch  66/300 — train_loss: 0.1236  val_loss: 0.1229
Epoch  67/300 — train_loss: 0.1231  val_loss: 0.1214
Epoch  68/300 — train_loss: 0.1219  val_loss: 0.1207
Epoch  69/300 — train_loss: 0.1225  val_loss: 0.1210
Epoch  70/300 — train_loss: 0.1230  val_loss: 0.1211
Epoch  71/300 — train_loss: 0.1197  val_loss: 0.1199
Epoch  72/300 — train_loss: 0.1193  val_loss: 0.1209
Epoch  73/300 — train_loss: 0.1230  val_loss: 0.1215
Epoch  74/300 — train_loss: 0.1182  val_loss: 0.1227
Epoch  75/300 — train_loss: 0.1233  val_loss: 0.1242
Epoch  76/300 — train_loss: 0.1207  val_loss: 0.1208
Epoch  77/300 — train_loss: 0.1228  val_loss: 0.1203
Epoch  78/300 — train_loss: 0.1198  val_loss: 0.1195
Epoch  79/300 — train_loss: 0.1217  val_loss: 0.1196
Epoch  80/300 — train_loss: 0.1211  val_loss: 0.1193
Epoch  81/300 — train_loss: 0.1188  val_loss: 0.1191
Epoch  82/300 — train_loss: 0.1204  val_loss: 0.1195
Epoch  83/300 — train_loss: 0.1187  val_loss: 0.1191
Epoch  84/300 — train_loss: 0.1211  val_loss: 0.1201
Epoch  85/300 — train_loss: 0.1199  val_loss: 0.1193
Epoch  86/300 — train_loss: 0.1203  val_loss: 0.1199
Epoch  87/300 — train_loss: 0.1237  val_loss: 0.1251
Epoch  88/300 — train_loss: 0.1218  val_loss: 0.1229
Epoch  89/300 — train_loss: 0.1206  val_loss: 0.1208
Epoch  90/300 — train_loss: 0.1247  val_loss: 0.1199
Epoch  91/300 — train_loss: 0.1206  val_loss: 0.1197
Epoch  92/300 — train_loss: 0.1195  val_loss: 0.1194
Epoch  93/300 — train_loss: 0.1184  val_loss: 0.1195
Epoch  94/300 — train_loss: 0.1160  val_loss: 0.1217
Epoch  95/300 — train_loss: 0.1178  val_loss: 0.1193
Epoch  96/300 — train_loss: 0.1174  val_loss: 0.1190
Epoch  97/300 — train_loss: 0.1209  val_loss: 0.1190
Epoch  98/300 — train_loss: 0.1216  val_loss: 0.1191
Epoch  99/300 — train_loss: 0.1182  val_loss: 0.1191
Epoch 100/300 — train_loss: 0.1192  val_loss: 0.1193
Epoch 101/300 — train_loss: 0.1209  val_loss: 0.1187
Epoch 102/300 — train_loss: 0.1159  val_loss: 0.1186
Epoch 103/300 — train_loss: 0.1228  val_loss: 0.1203
Epoch 104/300 — train_loss: 0.1178  val_loss: 0.1194
Epoch 105/300 — train_loss: 0.1193  val_loss: 0.1190
Epoch 106/300 — train_loss: 0.1196  val_loss: 0.1191
Epoch 107/300 — train_loss: 0.1207  val_loss: 0.1187
Epoch 108/300 — train_loss: 0.1193  val_loss: 0.1190
Epoch 109/300 — train_loss: 0.1190  val_loss: 0.1187
Epoch 110/300 — train_loss: 0.1173  val_loss: 0.1187
Epoch 111/300 — train_loss: 0.1184  val_loss: 0.1186
Epoch 112/300 — train_loss: 0.1209  val_loss: 0.1186
Epoch 113/300 — train_loss: 0.1179  val_loss: 0.1185
Epoch 114/300 — train_loss: 0.1172  val_loss: 0.1185
Epoch 115/300 — train_loss: 0.1181  val_loss: 0.1186
Epoch 116/300 — train_loss: 0.1180  val_loss: 0.1187
Epoch 117/300 — train_loss: 0.1184  val_loss: 0.1187
Epoch 118/300 — train_loss: 0.1189  val_loss: 0.1193
Epoch 119/300 — train_loss: 0.1172  val_loss: 0.1186
Epoch 120/300 — train_loss: 0.1185  val_loss: 0.1191
Epoch 121/300 — train_loss: 0.1199  val_loss: 0.1187
Epoch 122/300 — train_loss: 0.1214  val_loss: 0.1194
Epoch 123/300 — train_loss: 0.1195  val_loss: 0.1191
Epoch 124/300 — train_loss: 0.1204  val_loss: 0.1196
Epoch 125/300 — train_loss: 0.1187  val_loss: 0.1188
Epoch 126/300 — train_loss: 0.1198  val_loss: 0.1194
Epoch 127/300 — train_loss: 0.1200  val_loss: 0.1192
Epoch 128/300 — train_loss: 0.1193  val_loss: 0.1186
Epoch 129/300 — train_loss: 0.1186  val_loss: 0.1186
Epoch 130/300 — train_loss: 0.1182  val_loss: 0.1186
Epoch 131/300 — train_loss: 0.1209  val_loss: 0.1188
Epoch 132/300 — train_loss: 0.1189  val_loss: 0.1190
Epoch 133/300 — train_loss: 0.1204  val_loss: 0.1193
Early stopping triggered at epoch 133.

Checkpoint saved: /kaggle/working/results/checkpoints/lstm_base_cdnow_v3_seed42_sample.pt
Validation-fitted softmax temperature: 0.7500
Validation aggregate calibration: freq_factor=2.2338, spend_factor=1.0000

Running autoregressive inference on holdout period ...
  inference mode: sample  n_scenarios: 200  temperature: 0.7500

=== Prediction Diagnostics ===
  Mean predicted freq/week:    0.0026
  Mean actual freq/week:       0.0196
  Over-prediction ratio:       0.131x
  Customers predicted as zero total:  0.981
  Customers actually zero total:      0.781
  Non-zero rate (pred, avg > 0.05):  0.004
  Non-zero rate (true):               0.018

Metrics saved: /kaggle/working/results/tables/lstm_base_cdnow_v3_seed42_sample_metrics.json
Array artifacts saved: /kaggle/working/results/tables/lstm_base_cdnow_v3_seed42_sample_arrays.npz

=== Holdout Evaluation ===
  metric_definition_version: valendin_aggregate_mape_v1
  freq_rmse: 1.3372
  freq_mae: 0.5059
  freq_normalized_gini: 0.6448
  freq_calibration_factor: 2.2338
  freq_horizon_abs_bias_pct: 70.7853
  bias_pct: -70.7853
  freq_weekly_mae: 32.5612
  freq_weekly_total_true: 1196.0000
  freq_weekly_total_pred: 349.4082
  freq_valendin_mape: 70.7853
  freq_horizon_bias_pct: -70.7853
  freq_weekly_mean_pct_mape: 70.0398
  freq_weekly_mean_pct_bias_pct: -70.0398
  freq_weekly_bias_pct: -70.7853
  freq_weekly_mape: 70.7853
  freq_mape: 70.7853
  freq_mase: 0.2922
  freq_mase_scale: 0.0834
  calibration_temperature_source: rolling_origin_autoregressive
  validation_temperature: 0.7500
  calibration_source: rolling_origin_autoregressive
  validation_freq_true_total: 120.0000
  validation_freq_pred_total: 34.6063
  validation_spend_true_total: 0.0000
  validation_spend_pred_total: 0.0000
  validation_freq_calibration_factor: 2.2338
  validation_spend_calibration_factor: 1.0000
  validation_rolling_origin_count: 2
  protocol_name: cdnow_sample_52x26
  cohort_size: 2349
  calibration_weeks: 52
  holdout_weeks: 26
  inference_mode: sample
  n_scenarios: 200
  run_valid: True
  run_invalid_reason: 
  run_warning: 
  epochs_completed: 133
  max_epochs_configured: 300
History saved: /kaggle/working/results/tables/lstm_base_cdnow_v3_seed42_sample_history.json
