[Kaggle] raw_dir  → /kaggle/working/input/uci-retail
[Kaggle] results  → /kaggle/working/results
Config: experiments/configs/lstm_joint_uci_v3.yaml
Run: lstm_joint_uci_v3_seed42_sample
Device: cuda
Loading dataset: uci ...
[pipeline] freq_cap=4 (auto q=0.99) → freq_bins=[0, 1, 2, 3]... (n_classes=5)
  Train customers: 4437, Val: 493, Inference: 4930
[uci] Customers with 0 calibration transactions: 0 / 4930
  top-bin decode: class_values[-1] = 5.515 (max_trans = 4)
Model: lstm — 98,262 parameters

Training for up to 300 epochs ...
/kaggle/working/thesis-code/src/training/trainer.py:104: FutureWarning: `torch.cuda.amp.GradScaler(args...)` is deprecated. Please use `torch.amp.GradScaler('cuda', args...)` instead.
  self.scaler = torch.cuda.amp.GradScaler(enabled=self.amp_enabled)
[Kendall] log_vars frozen for 5 warm-up epochs.
Epoch   1/300 — train_loss: 1.0392  val_loss: 0.9954  freq: 1.5707  spend: 0.4202  w_freq: 0.500  w_spend: 0.500
Epoch   2/300 — train_loss: 0.9461  val_loss: 0.8542  freq: 1.2907  spend: 0.4177  w_freq: 0.500  w_spend: 0.500
Epoch   3/300 — train_loss: 0.7385  val_loss: 0.5533  freq: 0.6987  spend: 0.4080  w_freq: 0.500  w_spend: 0.500
Epoch   4/300 — train_loss: 0.4462  val_loss: 0.3633  freq: 0.3141  spend: 0.4125  w_freq: 0.500  w_spend: 0.500
Epoch   5/300 — train_loss: 0.3649  val_loss: 0.3443  freq: 0.2811  spend: 0.4075  w_freq: 0.500  w_spend: 0.500
[Kendall] log_vars unfrozen at epoch 6.
Epoch   6/300 — train_loss: 0.3487  val_loss: 0.3331  freq: 0.2705  spend: 0.4044  w_freq: 0.502  w_spend: 0.501
Epoch   7/300 — train_loss: 0.3522  val_loss: 0.3214  freq: 0.2652  spend: 0.3968  w_freq: 0.505  w_spend: 0.505
Epoch   8/300 — train_loss: 0.3263  val_loss: 0.3165  freq: 0.2626  spend: 0.4011  w_freq: 0.509  w_spend: 0.509
Epoch   9/300 — train_loss: 0.3021  val_loss: 0.2742  freq: 0.2584  spend: 0.3365  w_freq: 0.514  w_spend: 0.514
Epoch  10/300 — train_loss: 0.2604  val_loss: 0.2208  freq: 0.2575  spend: 0.2497  w_freq: 0.520  w_spend: 0.519

Training failed with a repairable error: FloatingPointError: Non-finite gradients in lstm.weight_ih_l0
Metrics saved: /kaggle/working/results/tables/lstm_joint_uci_v3_seed42_sample_metrics.json
Retrying once as robustness repair (amp_disabled; lr_0.0005; grad_clip_0.5) ...
Config: experiments/configs/lstm_joint_uci_v3.yaml
Run: lstm_joint_uci_v3_seed42_sample_repair
Device: cuda
Loading dataset: uci ...
[pipeline] freq_cap=4 (auto q=0.99) → freq_bins=[0, 1, 2, 3]... (n_classes=5)
  Train customers: 4437, Val: 493, Inference: 4930
[uci] Customers with 0 calibration transactions: 0 / 4930
  top-bin decode: class_values[-1] = 5.515 (max_trans = 4)
Model: lstm — 98,262 parameters

Training for up to 300 epochs ...
/kaggle/working/thesis-code/src/training/trainer.py:104: FutureWarning: `torch.cuda.amp.GradScaler(args...)` is deprecated. Please use `torch.amp.GradScaler('cuda', args...)` instead.
  self.scaler = torch.cuda.amp.GradScaler(enabled=self.amp_enabled)
[Kendall] log_vars frozen for 5 warm-up epochs.
Epoch   1/300 — train_loss: 1.0468  val_loss: 1.0192  freq: 1.6181  spend: 0.4204  w_freq: 0.500  w_spend: 0.500
Epoch   2/300 — train_loss: 0.9973  val_loss: 0.9480  freq: 1.4764  spend: 0.4195  w_freq: 0.500  w_spend: 0.500
Epoch   3/300 — train_loss: 0.8994  val_loss: 0.8163  freq: 1.2158  spend: 0.4168  w_freq: 0.500  w_spend: 0.500
Epoch   4/300 — train_loss: 0.7306  val_loss: 0.5768  freq: 0.7447  spend: 0.4088  w_freq: 0.500  w_spend: 0.500
Epoch   5/300 — train_loss: 0.4652  val_loss: 0.3694  freq: 0.3302  spend: 0.4085  w_freq: 0.500  w_spend: 0.500
[Kendall] log_vars unfrozen at epoch 6.
Epoch   6/300 — train_loss: 0.3734  val_loss: 0.3503  freq: 0.2941  spend: 0.4104  w_freq: 0.501  w_spend: 0.501
Epoch   7/300 — train_loss: 0.3647  val_loss: 0.3347  freq: 0.2768  spend: 0.4017  w_freq: 0.502  w_spend: 0.502
Epoch   8/300 — train_loss: 0.3455  val_loss: 0.3283  freq: 0.2700  spend: 0.4017  w_freq: 0.505  w_spend: 0.504
Epoch   9/300 — train_loss: 0.3336  val_loss: 0.3176  freq: 0.2663  spend: 0.3909  w_freq: 0.507  w_spend: 0.507
Epoch  10/300 — train_loss: 0.3228  val_loss: 0.3078  freq: 0.2629  spend: 0.3827  w_freq: 0.510  w_spend: 0.509
Epoch  11/300 — train_loss: 0.3043  val_loss: 0.2830  freq: 0.2590  spend: 0.3459  w_freq: 0.513  w_spend: 0.512
Epoch  12/300 — train_loss: 0.2714  val_loss: 0.2430  freq: 0.2579  spend: 0.2761  w_freq: 0.516  w_spend: 0.515
Epoch  13/300 — train_loss: 0.2462  val_loss: 0.2304  freq: 0.2578  spend: 0.2570  w_freq: 0.518  w_spend: 0.518
Epoch  14/300 — train_loss: 0.2324  val_loss: 0.2168  freq: 0.2576  spend: 0.2360  w_freq: 0.520  w_spend: 0.520
Epoch  15/300 — train_loss: 0.2230  val_loss: 0.2039  freq: 0.2571  spend: 0.2159  w_freq: 0.521  w_spend: 0.521
Epoch  16/300 — train_loss: 0.2146  val_loss: 0.1937  freq: 0.2569  spend: 0.2003  w_freq: 0.522  w_spend: 0.523
Epoch  17/300 — train_loss: 0.2103  val_loss: 0.1960  freq: 0.2566  spend: 0.2093  w_freq: 0.524  w_spend: 0.524
Epoch  18/300 — train_loss: 0.1965  val_loss: 0.1862  freq: 0.2555  spend: 0.1970  w_freq: 0.525  w_spend: 0.526
Epoch  19/300 — train_loss: 0.1964  val_loss: 0.1781  freq: 0.2554  spend: 0.1880  w_freq: 0.527  w_spend: 0.529
Epoch  20/300 — train_loss: 0.1754  val_loss: 0.1761  freq: 0.2545  spend: 0.1919  w_freq: 0.529  w_spend: 0.531
Epoch  21/300 — train_loss: 0.1689  val_loss: 0.1750  freq: 0.2551  spend: 0.1957  w_freq: 0.531  w_spend: 0.534
Epoch  22/300 — train_loss: 0.1615  val_loss: 0.1517  freq: 0.2536  spend: 0.1615  w_freq: 0.534  w_spend: 0.537
Epoch  23/300 — train_loss: 0.1546  val_loss: 0.1736  freq: 0.2532  spend: 0.2095  w_freq: 0.536  w_spend: 0.540
Epoch  24/300 — train_loss: 0.1500  val_loss: 0.1425  freq: 0.2523  spend: 0.1604  w_freq: 0.538  w_spend: 0.543
Epoch  25/300 — train_loss: 0.1441  val_loss: 0.1497  freq: 0.2530  spend: 0.1806  w_freq: 0.541  w_spend: 0.546
Epoch  26/300 — train_loss: 0.1336  val_loss: 0.1574  freq: 0.2526  spend: 0.2038  w_freq: 0.544  w_spend: 0.550
Epoch  27/300 — train_loss: 0.1339  val_loss: 0.1210  freq: 0.2506  spend: 0.1473  w_freq: 0.547  w_spend: 0.553
Epoch  28/300 — train_loss: 0.1155  val_loss: 0.1097  freq: 0.2502  spend: 0.1373  w_freq: 0.550  w_spend: 0.557
Epoch  29/300 — train_loss: 0.1093  val_loss: 0.1022  freq: 0.2493  spend: 0.1354  w_freq: 0.553  w_spend: 0.562
Epoch  30/300 — train_loss: 0.0996  val_loss: 0.1031  freq: 0.2482  spend: 0.1471  w_freq: 0.557  w_spend: 0.566
Epoch  31/300 — train_loss: 0.0931  val_loss: 0.1074  freq: 0.2480  spend: 0.1632  w_freq: 0.560  w_spend: 0.570
Epoch  32/300 — train_loss: 0.0968  val_loss: 0.0998  freq: 0.2475  spend: 0.1574  w_freq: 0.563  w_spend: 0.574
Epoch  33/300 — train_loss: 0.0922  val_loss: 0.0785  freq: 0.2470  spend: 0.1269  w_freq: 0.565  w_spend: 0.577
Epoch  34/300 — train_loss: 0.0754  val_loss: 0.0755  freq: 0.2464  spend: 0.1315  w_freq: 0.568  w_spend: 0.580
Epoch  35/300 — train_loss: 0.0622  val_loss: 0.0658  freq: 0.2462  spend: 0.1255  w_freq: 0.572  w_spend: 0.585
Epoch  36/300 — train_loss: 0.0597  val_loss: 0.0718  freq: 0.2453  spend: 0.1473  w_freq: 0.576  w_spend: 0.590
Epoch  37/300 — train_loss: 0.0509  val_loss: 0.0569  freq: 0.2449  spend: 0.1313  w_freq: 0.579  w_spend: 0.595
Epoch  38/300 — train_loss: 0.0358  val_loss: 0.0455  freq: 0.2452  spend: 0.1223  w_freq: 0.583  w_spend: 0.599
Epoch  39/300 — train_loss: 0.0440  val_loss: 0.0482  freq: 0.2456  spend: 0.1356  w_freq: 0.587  w_spend: 0.604
Epoch  40/300 — train_loss: 0.0285  val_loss: 0.0358  freq: 0.2450  spend: 0.1261  w_freq: 0.591  w_spend: 0.609
Epoch  41/300 — train_loss: 0.0178  val_loss: 0.0323  freq: 0.2440  spend: 0.1305  w_freq: 0.595  w_spend: 0.614
Epoch  42/300 — train_loss: 0.0059  val_loss: 0.0256  freq: 0.2460  spend: 0.1272  w_freq: 0.599  w_spend: 0.619
Epoch  43/300 — train_loss: 0.0051  val_loss: 0.0164  freq: 0.2438  spend: 0.1238  w_freq: 0.603  w_spend: 0.624
Epoch  44/300 — train_loss: -0.0044  val_loss: 0.0104  freq: 0.2433  spend: 0.1215  w_freq: 0.607  w_spend: 0.629
Epoch  45/300 — train_loss: -0.0083  val_loss: 0.0081  freq: 0.2432  spend: 0.1255  w_freq: 0.610  w_spend: 0.633
Epoch  46/300 — train_loss: -0.0101  val_loss: 0.0021  freq: 0.2440  spend: 0.1247  w_freq: 0.614  w_spend: 0.637
Epoch  47/300 — train_loss: -0.0200  val_loss: -0.0018  freq: 0.2443  spend: 0.1289  w_freq: 0.618  w_spend: 0.643
Epoch  48/300 — train_loss: -0.0345  val_loss: -0.0101  freq: 0.2434  spend: 0.1281  w_freq: 0.624  w_spend: 0.650
Epoch  49/300 — train_loss: -0.0404  val_loss: -0.0188  freq: 0.2428  spend: 0.1254  w_freq: 0.629  w_spend: 0.656
Epoch  50/300 — train_loss: -0.0484  val_loss: -0.0227  freq: 0.2431  spend: 0.1296  w_freq: 0.634  w_spend: 0.662
Epoch  51/300 — train_loss: -0.0513  val_loss: -0.0222  freq: 0.2428  spend: 0.1406  w_freq: 0.639  w_spend: 0.669
Epoch  52/300 — train_loss: -0.0619  val_loss: -0.0365  freq: 0.2433  spend: 0.1278  w_freq: 0.644  w_spend: 0.675
Epoch  53/300 — train_loss: -0.0753  val_loss: -0.0426  freq: 0.2425  spend: 0.1296  w_freq: 0.649  w_spend: 0.681
Epoch  54/300 — train_loss: -0.0799  val_loss: -0.0510  freq: 0.2420  spend: 0.1268  w_freq: 0.654  w_spend: 0.687
Epoch  55/300 — train_loss: -0.0881  val_loss: -0.0591  freq: 0.2423  spend: 0.1235  w_freq: 0.659  w_spend: 0.693
Epoch  56/300 — train_loss: -0.0894  val_loss: -0.0514  freq: 0.2420  spend: 0.1427  w_freq: 0.663  w_spend: 0.699
Epoch  57/300 — train_loss: -0.0972  val_loss: -0.0666  freq: 0.2426  spend: 0.1268  w_freq: 0.667  w_spend: 0.704
Epoch  58/300 — train_loss: -0.1106  val_loss: -0.0729  freq: 0.2420  spend: 0.1269  w_freq: 0.671  w_spend: 0.709
Epoch  59/300 — train_loss: -0.1199  val_loss: -0.0765  freq: 0.2420  spend: 0.1301  w_freq: 0.676  w_spend: 0.715
Epoch  60/300 — train_loss: -0.1274  val_loss: -0.0819  freq: 0.2416  spend: 0.1314  w_freq: 0.681  w_spend: 0.722
Epoch  61/300 — train_loss: -0.1350  val_loss: -0.0797  freq: 0.2419  spend: 0.1418  w_freq: 0.686  w_spend: 0.728
Epoch  62/300 — train_loss: -0.1423  val_loss: -0.0797  freq: 0.2421  spend: 0.1489  w_freq: 0.691  w_spend: 0.734
Epoch  63/300 — train_loss: -0.1482  val_loss: -0.1012  freq: 0.2416  spend: 0.1276  w_freq: 0.695  w_spend: 0.739
Epoch  64/300 — train_loss: -0.1557  val_loss: -0.0981  freq: 0.2427  spend: 0.1380  w_freq: 0.700  w_spend: 0.746
Epoch  65/300 — train_loss: -0.1606  val_loss: -0.0990  freq: 0.2413  spend: 0.1443  w_freq: 0.705  w_spend: 0.751
Epoch  66/300 — train_loss: -0.1718  val_loss: -0.1200  freq: 0.2419  spend: 0.1227  w_freq: 0.709  w_spend: 0.756
Epoch  67/300 — train_loss: -0.1764  val_loss: -0.1194  freq: 0.2412  spend: 0.1318  w_freq: 0.714  w_spend: 0.763
Epoch  68/300 — train_loss: -0.1892  val_loss: -0.1182  freq: 0.2418  spend: 0.1394  w_freq: 0.718  w_spend: 0.769
Epoch  69/300 — train_loss: -0.1853  val_loss: -0.1225  freq: 0.2416  spend: 0.1408  w_freq: 0.723  w_spend: 0.775
Epoch  70/300 — train_loss: -0.1946  val_loss: -0.1211  freq: 0.2411  spend: 0.1488  w_freq: 0.728  w_spend: 0.781
Epoch  71/300 — train_loss: -0.2004  val_loss: -0.1435  freq: 0.2407  spend: 0.1262  w_freq: 0.732  w_spend: 0.786
Epoch  72/300 — train_loss: -0.2069  val_loss: -0.1446  freq: 0.2408  spend: 0.1310  w_freq: 0.736  w_spend: 0.791
Epoch  73/300 — train_loss: -0.2053  val_loss: -0.1461  freq: 0.2407  spend: 0.1356  w_freq: 0.741  w_spend: 0.797
Epoch  74/300 — train_loss: -0.2244  val_loss: -0.1489  freq: 0.2409  spend: 0.1382  w_freq: 0.745  w_spend: 0.804
Epoch  75/300 — train_loss: -0.2295  val_loss: -0.1557  freq: 0.2413  spend: 0.1363  w_freq: 0.750  w_spend: 0.810
Epoch  76/300 — train_loss: -0.2359  val_loss: -0.1708  freq: 0.2410  spend: 0.1244  w_freq: 0.755  w_spend: 0.817
Epoch  77/300 — train_loss: -0.2430  val_loss: -0.1758  freq: 0.2407  spend: 0.1244  w_freq: 0.760  w_spend: 0.823
Epoch  78/300 — train_loss: -0.2454  val_loss: -0.1600  freq: 0.2411  spend: 0.1483  w_freq: 0.765  w_spend: 0.829
Epoch  79/300 — train_loss: -0.2581  val_loss: -0.1664  freq: 0.2406  spend: 0.1469  w_freq: 0.769  w_spend: 0.835
Epoch  80/300 — train_loss: -0.2609  val_loss: -0.1864  freq: 0.2406  spend: 0.1290  w_freq: 0.774  w_spend: 0.841
Epoch  81/300 — train_loss: -0.2706  val_loss: -0.1305  freq: 0.2423  spend: 0.1986  w_freq: 0.779  w_spend: 0.847
Epoch  82/300 — train_loss: -0.2608  val_loss: -0.1904  freq: 0.2414  spend: 0.1334  w_freq: 0.783  w_spend: 0.853
Epoch  83/300 — train_loss: -0.2824  val_loss: -0.1971  freq: 0.2410  spend: 0.1309  w_freq: 0.787  w_spend: 0.858
Epoch  84/300 — train_loss: -0.2789  val_loss: -0.1946  freq: 0.2409  spend: 0.1389  w_freq: 0.791  w_spend: 0.864
Epoch  85/300 — train_loss: -0.2891  val_loss: -0.2118  freq: 0.2406  spend: 0.1247  w_freq: 0.796  w_spend: 0.870
Epoch  86/300 — train_loss: -0.2956  val_loss: -0.2071  freq: 0.2403  spend: 0.1349  w_freq: 0.800  w_spend: 0.876
Epoch  87/300 — train_loss: -0.3024  val_loss: -0.2085  freq: 0.2402  spend: 0.1378  w_freq: 0.804  w_spend: 0.881
Epoch  88/300 — train_loss: -0.3026  val_loss: -0.2180  freq: 0.2404  spend: 0.1311  w_freq: 0.808  w_spend: 0.887
Epoch  89/300 — train_loss: -0.3133  val_loss: -0.2090  freq: 0.2402  spend: 0.1460  w_freq: 0.812  w_spend: 0.892
Epoch  90/300 — train_loss: -0.3226  val_loss: -0.2142  freq: 0.2404  spend: 0.1440  w_freq: 0.816  w_spend: 0.898
Epoch  91/300 — train_loss: -0.3283  val_loss: -0.2437  freq: 0.2402  spend: 0.1162  w_freq: 0.820  w_spend: 0.903
Epoch  92/300 — train_loss: -0.3280  val_loss: -0.2284  freq: 0.2399  spend: 0.1379  w_freq: 0.825  w_spend: 0.910
Epoch  93/300 — train_loss: -0.3378  val_loss: -0.2296  freq: 0.2401  spend: 0.1410  w_freq: 0.829  w_spend: 0.916
Epoch  94/300 — train_loss: -0.3422  val_loss: -0.2435  freq: 0.2406  spend: 0.1296  w_freq: 0.834  w_spend: 0.922
Epoch  95/300 — train_loss: -0.3531  val_loss: -0.2440  freq: 0.2405  spend: 0.1332  w_freq: 0.838  w_spend: 0.928
Epoch  96/300 — train_loss: -0.3571  val_loss: -0.2596  freq: 0.2401  spend: 0.1216  w_freq: 0.842  w_spend: 0.934
Epoch  97/300 — train_loss: -0.3582  val_loss: -0.2616  freq: 0.2402  spend: 0.1239  w_freq: 0.847  w_spend: 0.940
Epoch  98/300 — train_loss: -0.3668  val_loss: -0.2451  freq: 0.2401  spend: 0.1454  w_freq: 0.851  w_spend: 0.947
Epoch  99/300 — train_loss: -0.3816  val_loss: -0.2447  freq: 0.2409  spend: 0.1495  w_freq: 0.856  w_spend: 0.953
Epoch 100/300 — train_loss: -0.3745  val_loss: -0.2374  freq: 0.2399  spend: 0.1616  w_freq: 0.860  w_spend: 0.959
Epoch 101/300 — train_loss: -0.3729  val_loss: -0.2300  freq: 0.2399  spend: 0.1732  w_freq: 0.864  w_spend: 0.965
Epoch 102/300 — train_loss: -0.3917  val_loss: -0.2612  freq: 0.2401  spend: 0.1446  w_freq: 0.869  w_spend: 0.971
Epoch 103/300 — train_loss: -0.3917  val_loss: -0.2575  freq: 0.2403  spend: 0.1517  w_freq: 0.873  w_spend: 0.977
Epoch 104/300 — train_loss: -0.3973  val_loss: -0.2425  freq: 0.2404  spend: 0.1702  w_freq: 0.877  w_spend: 0.983
Epoch 105/300 — train_loss: -0.4146  val_loss: -0.2521  freq: 0.2411  spend: 0.1633  w_freq: 0.881  w_spend: 0.989
Epoch 106/300 — train_loss: -0.4036  val_loss: -0.2601  freq: 0.2408  spend: 0.1591  w_freq: 0.885  w_spend: 0.995
Epoch 107/300 — train_loss: -0.4103  val_loss: -0.2750  freq: 0.2400  spend: 0.1482  w_freq: 0.890  w_spend: 1.001
Epoch 108/300 — train_loss: -0.4205  val_loss: -0.2674  freq: 0.2401  spend: 0.1590  w_freq: 0.894  w_spend: 1.007
Epoch 109/300 — train_loss: -0.4211  val_loss: -0.2729  freq: 0.2400  spend: 0.1571  w_freq: 0.898  w_spend: 1.013
Epoch 110/300 — train_loss: -0.4414  val_loss: -0.2804  freq: 0.2401  spend: 0.1535  w_freq: 0.902  w_spend: 1.019
Epoch 111/300 — train_loss: -0.4303  val_loss: -0.2979  freq: 0.2399  spend: 0.1399  w_freq: 0.907  w_spend: 1.026
Epoch 112/300 — train_loss: -0.4460  val_loss: -0.3016  freq: 0.2398  spend: 0.1397  w_freq: 0.911  w_spend: 1.032
Epoch 113/300 — train_loss: -0.4366  val_loss: -0.2869  freq: 0.2396  spend: 0.1571  w_freq: 0.915  w_spend: 1.038
Epoch 114/300 — train_loss: -0.4483  val_loss: -0.2795  freq: 0.2399  spend: 0.1666  w_freq: 0.919  w_spend: 1.044
Epoch 115/300 — train_loss: -0.4574  val_loss: -0.2832  freq: 0.2395  spend: 0.1662  w_freq: 0.923  w_spend: 1.049
Epoch 116/300 — train_loss: -0.4589  val_loss: -0.3204  freq: 0.2398  spend: 0.1335  w_freq: 0.927  w_spend: 1.055
Epoch 117/300 — train_loss: -0.4628  val_loss: -0.2932  freq: 0.2402  spend: 0.1615  w_freq: 0.931  w_spend: 1.060
Epoch 118/300 — train_loss: -0.4675  val_loss: -0.3054  freq: 0.2400  spend: 0.1528  w_freq: 0.934  w_spend: 1.066
Epoch 119/300 — train_loss: -0.4718  val_loss: -0.2896  freq: 0.2398  spend: 0.1705  w_freq: 0.938  w_spend: 1.072
Epoch 120/300 — train_loss: -0.4825  val_loss: -0.2633  freq: 0.2399  spend: 0.1974  w_freq: 0.942  w_spend: 1.077
Epoch 121/300 — train_loss: -0.4892  val_loss: -0.3089  freq: 0.2400  spend: 0.1579  w_freq: 0.946  w_spend: 1.083
Epoch 122/300 — train_loss: -0.4992  val_loss: -0.2953  freq: 0.2396  spend: 0.1732  w_freq: 0.950  w_spend: 1.089
Epoch 123/300 — train_loss: -0.4938  val_loss: -0.2936  freq: 0.2399  spend: 0.1772  w_freq: 0.954  w_spend: 1.095
Epoch 124/300 — train_loss: -0.5003  val_loss: -0.3350  freq: 0.2399  spend: 0.1422  w_freq: 0.958  w_spend: 1.101
Epoch 125/300 — train_loss: -0.5062  val_loss: -0.3265  freq: 0.2395  spend: 0.1527  w_freq: 0.962  w_spend: 1.107
Epoch 126/300 — train_loss: -0.5111  val_loss: -0.2709  freq: 0.2396  spend: 0.2045  w_freq: 0.965  w_spend: 1.112
Epoch 127/300 — train_loss: -0.5133  val_loss: -0.3357  freq: 0.2398  spend: 0.1484  w_freq: 0.968  w_spend: 1.117
Epoch 128/300 — train_loss: -0.5249  val_loss: -0.2599  freq: 0.2399  spend: 0.2177  w_freq: 0.971  w_spend: 1.122
Epoch 129/300 — train_loss: -0.5079  val_loss: -0.3211  freq: 0.2400  spend: 0.1650  w_freq: 0.974  w_spend: 1.127
Epoch 130/300 — train_loss: -0.5150  val_loss: -0.3363  freq: 0.2394  spend: 0.1543  w_freq: 0.978  w_spend: 1.132
Epoch 131/300 — train_loss: -0.5206  val_loss: -0.3487  freq: 0.2394  spend: 0.1456  w_freq: 0.981  w_spend: 1.137
Epoch 132/300 — train_loss: -0.5314  val_loss: -0.3160  freq: 0.2395  spend: 0.1761  w_freq: 0.985  w_spend: 1.142
Epoch 133/300 — train_loss: -0.5288  val_loss: -0.3214  freq: 0.2397  spend: 0.1735  w_freq: 0.988  w_spend: 1.148
Epoch 134/300 — train_loss: -0.5416  val_loss: -0.2804  freq: 0.2397  spend: 0.2112  w_freq: 0.992  w_spend: 1.153
Epoch 135/300 — train_loss: -0.5423  val_loss: -0.3357  freq: 0.2394  spend: 0.1656  w_freq: 0.996  w_spend: 1.159
Epoch 136/300 — train_loss: -0.5406  val_loss: -0.3023  freq: 0.2393  spend: 0.1960  w_freq: 0.999  w_spend: 1.164
Epoch 137/300 — train_loss: -0.5506  val_loss: -0.3318  freq: 0.2396  spend: 0.1724  w_freq: 1.002  w_spend: 1.169
Epoch 138/300 — train_loss: -0.5542  val_loss: -0.3013  freq: 0.2393  spend: 0.2004  w_freq: 1.005  w_spend: 1.174
Epoch 139/300 — train_loss: -0.5711  val_loss: -0.2658  freq: 0.2392  spend: 0.2322  w_freq: 1.009  w_spend: 1.180
Epoch 140/300 — train_loss: -0.5531  val_loss: -0.3322  freq: 0.2394  spend: 0.1777  w_freq: 1.012  w_spend: 1.185
Epoch 141/300 — train_loss: -0.5712  val_loss: -0.3018  freq: 0.2394  spend: 0.2047  w_freq: 1.015  w_spend: 1.190
Epoch 142/300 — train_loss: -0.5672  val_loss: -0.3230  freq: 0.2396  spend: 0.1885  w_freq: 1.018  w_spend: 1.194
Epoch 143/300 — train_loss: -0.5525  val_loss: -0.2948  freq: 0.2398  spend: 0.2134  w_freq: 1.021  w_spend: 1.200
Epoch 144/300 — train_loss: -0.5648  val_loss: -0.3561  freq: 0.2404  spend: 0.1636  w_freq: 1.025  w_spend: 1.205
Epoch 145/300 — train_loss: -0.5878  val_loss: -0.3249  freq: 0.2399  spend: 0.1914  w_freq: 1.028  w_spend: 1.210
Epoch 146/300 — train_loss: -0.5782  val_loss: -0.2836  freq: 0.2394  spend: 0.2272  w_freq: 1.031  w_spend: 1.215
Epoch 147/300 — train_loss: -0.5837  val_loss: -0.3502  freq: 0.2394  spend: 0.1738  w_freq: 1.033  w_spend: 1.219
Epoch 148/300 — train_loss: -0.5923  val_loss: -0.3584  freq: 0.2394  spend: 0.1688  w_freq: 1.036  w_spend: 1.224
Epoch 149/300 — train_loss: -0.5949  val_loss: -0.3362  freq: 0.2393  spend: 0.1884  w_freq: 1.040  w_spend: 1.229
Epoch 150/300 — train_loss: -0.6010  val_loss: -0.3549  freq: 0.2394  spend: 0.1745  w_freq: 1.042  w_spend: 1.233
Epoch 151/300 — train_loss: -0.6018  val_loss: -0.3232  freq: 0.2392  spend: 0.2015  w_freq: 1.045  w_spend: 1.238
Epoch 152/300 — train_loss: -0.6014  val_loss: -0.3519  freq: 0.2395  spend: 0.1795  w_freq: 1.048  w_spend: 1.242
Epoch 153/300 — train_loss: -0.6083  val_loss: -0.3511  freq: 0.2395  spend: 0.1815  w_freq: 1.051  w_spend: 1.247
Epoch 154/300 — train_loss: -0.6043  val_loss: -0.3537  freq: 0.2398  spend: 0.1806  w_freq: 1.054  w_spend: 1.252
Epoch 155/300 — train_loss: -0.6104  val_loss: -0.3391  freq: 0.2397  spend: 0.1936  w_freq: 1.057  w_spend: 1.256
Epoch 156/300 — train_loss: -0.6046  val_loss: -0.3606  freq: 0.2394  spend: 0.1780  w_freq: 1.059  w_spend: 1.261
Epoch 157/300 — train_loss: -0.6182  val_loss: -0.3262  freq: 0.2391  spend: 0.2067  w_freq: 1.062  w_spend: 1.265
Epoch 158/300 — train_loss: -0.6077  val_loss: -0.3801  freq: 0.2393  spend: 0.1653  w_freq: 1.065  w_spend: 1.270
Epoch 159/300 — train_loss: -0.6212  val_loss: -0.3202  freq: 0.2393  spend: 0.2135  w_freq: 1.068  w_spend: 1.274
Epoch 160/300 — train_loss: -0.6279  val_loss: -0.3610  freq: 0.2393  spend: 0.1827  w_freq: 1.070  w_spend: 1.279
Epoch 161/300 — train_loss: -0.6222  val_loss: -0.3410  freq: 0.2398  spend: 0.1991  w_freq: 1.073  w_spend: 1.283
Epoch 162/300 — train_loss: -0.6319  val_loss: -0.3302  freq: 0.2392  spend: 0.2091  w_freq: 1.076  w_spend: 1.287
Epoch 163/300 — train_loss: -0.6386  val_loss: -0.3205  freq: 0.2393  spend: 0.2176  w_freq: 1.078  w_spend: 1.292
Epoch 164/300 — train_loss: -0.6478  val_loss: -0.3727  freq: 0.2395  spend: 0.1784  w_freq: 1.081  w_spend: 1.297
Epoch 165/300 — train_loss: -0.6231  val_loss: -0.3865  freq: 0.2395  spend: 0.1689  w_freq: 1.084  w_spend: 1.301
Epoch 166/300 — train_loss: -0.6439  val_loss: -0.3265  freq: 0.2390  spend: 0.2163  w_freq: 1.087  w_spend: 1.305
Epoch 167/300 — train_loss: -0.6432  val_loss: -0.3278  freq: 0.2396  spend: 0.2159  w_freq: 1.089  w_spend: 1.310
Epoch 168/300 — train_loss: -0.6500  val_loss: -0.3755  freq: 0.2396  spend: 0.1807  w_freq: 1.092  w_spend: 1.314
Epoch 169/300 — train_loss: -0.6475  val_loss: -0.3793  freq: 0.2394  spend: 0.1789  w_freq: 1.094  w_spend: 1.318
Epoch 170/300 — train_loss: -0.6453  val_loss: -0.3488  freq: 0.2390  spend: 0.2033  w_freq: 1.097  w_spend: 1.323
Epoch 171/300 — train_loss: -0.6631  val_loss: -0.3229  freq: 0.2397  spend: 0.2231  w_freq: 1.099  w_spend: 1.326
Epoch 172/300 — train_loss: -0.6676  val_loss: -0.3950  freq: 0.2392  spend: 0.1703  w_freq: 1.102  w_spend: 1.330
Epoch 173/300 — train_loss: -0.6643  val_loss: -0.3429  freq: 0.2390  spend: 0.2103  w_freq: 1.104  w_spend: 1.334
Epoch 174/300 — train_loss: -0.6610  val_loss: -0.3798  freq: 0.2391  spend: 0.1837  w_freq: 1.106  w_spend: 1.338
Epoch 175/300 — train_loss: -0.6643  val_loss: -0.3841  freq: 0.2392  spend: 0.1814  w_freq: 1.109  w_spend: 1.342
Epoch 176/300 — train_loss: -0.6689  val_loss: -0.3238  freq: 0.2394  spend: 0.2268  w_freq: 1.111  w_spend: 1.346
Epoch 177/300 — train_loss: -0.6772  val_loss: -0.3184  freq: 0.2390  spend: 0.2319  w_freq: 1.114  w_spend: 1.350
Epoch 178/300 — train_loss: -0.6722  val_loss: -0.3430  freq: 0.2390  spend: 0.2145  w_freq: 1.116  w_spend: 1.354
Epoch 179/300 — train_loss: -0.6832  val_loss: -0.3580  freq: 0.2390  spend: 0.2043  w_freq: 1.118  w_spend: 1.358
Epoch 180/300 — train_loss: -0.6881  val_loss: -0.3343  freq: 0.2394  spend: 0.2222  w_freq: 1.121  w_spend: 1.362
Epoch 181/300 — train_loss: -0.6820  val_loss: -0.3847  freq: 0.2389  spend: 0.1865  w_freq: 1.123  w_spend: 1.366
Epoch 182/300 — train_loss: -0.6765  val_loss: -0.3724  freq: 0.2389  spend: 0.1962  w_freq: 1.125  w_spend: 1.370
Epoch 183/300 — train_loss: -0.6818  val_loss: -0.3274  freq: 0.2389  spend: 0.2297  w_freq: 1.127  w_spend: 1.373
Epoch 184/300 — train_loss: -0.6772  val_loss: -0.3142  freq: 0.2390  spend: 0.2399  w_freq: 1.129  w_spend: 1.377
Epoch 185/300 — train_loss: -0.6968  val_loss: -0.3481  freq: 0.2391  spend: 0.2159  w_freq: 1.132  w_spend: 1.381
Epoch 186/300 — train_loss: -0.6977  val_loss: -0.3417  freq: 0.2396  spend: 0.2208  w_freq: 1.134  w_spend: 1.384
Epoch 187/300 — train_loss: -0.6914  val_loss: -0.3452  freq: 0.2389  spend: 0.2194  w_freq: 1.136  w_spend: 1.388
Epoch 188/300 — train_loss: -0.6987  val_loss: -0.3425  freq: 0.2394  spend: 0.2216  w_freq: 1.138  w_spend: 1.391
Epoch 189/300 — train_loss: -0.6861  val_loss: -0.3824  freq: 0.2388  spend: 0.1941  w_freq: 1.140  w_spend: 1.394
Epoch 190/300 — train_loss: -0.7008  val_loss: -0.3711  freq: 0.2391  spend: 0.2025  w_freq: 1.142  w_spend: 1.398
Epoch 191/300 — train_loss: -0.7018  val_loss: -0.3836  freq: 0.2389  spend: 0.1945  w_freq: 1.143  w_spend: 1.401
Epoch 192/300 — train_loss: -0.7052  val_loss: -0.3351  freq: 0.2389  spend: 0.2295  w_freq: 1.145  w_spend: 1.404
Early stopping triggered at epoch 192.

Checkpoint saved: /kaggle/working/results/checkpoints/lstm_joint_uci_v3_seed42_sample_repair.pt
Validation-fitted softmax temperature: 0.7500

Duan's smearing factor (val): 1.1984
Validation aggregate calibration: freq_factor=1.6346, spend_factor=1.4310

Running autoregressive inference on holdout period ...
  inference mode: sample  n_scenarios: 200  temperature: 0.7500

=== Prediction Diagnostics ===
  Mean predicted freq/week:    0.0209
  Mean actual freq/week:       0.0656
  Over-prediction ratio:       0.319x
  Customers predicted as zero total:  0.745
  Customers actually zero total:      0.484
  Non-zero rate (pred, avg > 0.05):  0.093
  Non-zero rate (true):               0.055

Metrics saved: /kaggle/working/results/tables/lstm_joint_uci_v3_seed42_sample_repair_metrics.json
Array artifacts saved: /kaggle/working/results/tables/lstm_joint_uci_v3_seed42_sample_repair_arrays.npz

=== Holdout Evaluation ===
  metric_definition_version: valendin_aggregate_mape_v1
  freq_rmse: 2.7311
  freq_mae: 1.1852
  freq_normalized_gini: 0.7632
  freq_calibration_factor: 1.6346
  freq_horizon_abs_bias_pct: 47.9222
  bias_pct: -47.9222
  freq_weekly_mae: 155.0650
  freq_weekly_total_true: 8413.0000
  freq_weekly_total_pred: 4381.3089
  freq_valendin_mape: 47.9222
  freq_horizon_bias_pct: -47.9222
  freq_weekly_mean_pct_mape: 45.3921
  freq_weekly_mean_pct_bias_pct: -45.3921
  freq_weekly_bias_pct: -47.9222
  freq_weekly_mape: 47.9222
  freq_mape: 47.9222
  freq_mase: 0.7367
  freq_mase_scale: 0.1146
  smearing_factor: 1.1984
  spend_calibration_factor: 1.4310
  spend_mae_raw: 569.9156
  spend_rmse_raw: 3391.7083
  spend_normalized_gini: 0.8565
  spend_mae_log: 2.5407
  spend_rmse_log: 2.9950
  spend_r2_log: 0.2051
  spend_bias_pct: -48.9940
  spend_weekly_mae: 80582.9030
  spend_weekly_total_true: 4266929.6797
  spend_weekly_total_pred: 2176389.1548
  spend_valendin_mape: 49.1022
  spend_horizon_abs_bias_pct: 48.9940
  spend_horizon_bias_pct: -48.9940
  spend_weekly_mean_pct_mape: 46.2827
  spend_weekly_mean_pct_bias_pct: -46.0854
  spend_weekly_bias_pct: -48.9940
  spend_weekly_mape: 49.1022
  spend_mase: 1.1224
  spend_mase_scale: 36.7368
  clv_mae: 555.0594
  clv_rmse: 3308.6807
  clv_spearman: 0.6023
  clv_decile_lift: 6.1639
  clv_normalized_gini: 0.8568
  clv_total_true: 4160751.5000
  clv_total_pred: 2126857.5000
  calibration_temperature_source: rolling_origin_autoregressive
  validation_temperature: 0.7500
  smearing_source: rolling_origin_autoregressive
  calibration_source: rolling_origin_autoregressive
  validation_freq_true_total: 662.0000
  validation_freq_pred_total: 291.7238
  validation_spend_true_total: 287846.2422
  validation_spend_pred_total: 154593.3516
  validation_freq_calibration_factor: 1.6346
  validation_spend_calibration_factor: 1.4310
  validation_rolling_origin_count: 2
  protocol_name: uci_configured_78x26
  cohort_size: 4930
  calibration_weeks: 78
  holdout_weeks: 26
  inference_mode: sample
  n_scenarios: 200
  repair_attempted: True
  repair_strategy: amp_disabled; lr_0.0005; grad_clip_0.5
  repair_source_failure_type: FloatingPointError
  training_lr_after_repair: 0.0005
  training_max_grad_norm_after_repair: 0.5000
  training_amp_enabled_after_repair: False
  run_valid: True
  run_invalid_reason: 
  run_warning: 
  epochs_completed: 192
  max_epochs_configured: 300
History saved: /kaggle/working/results/tables/lstm_joint_uci_v3_seed42_sample_repair_history.json
