[Kaggle] raw_dir  → /kaggle/working/input/cdnow-dataset
[Kaggle] results  → /kaggle/working/results
Config: experiments/configs/lstm_joint_cdnow_v3.yaml
Run: lstm_joint_cdnow_v3_seed42_sample
Device: cuda
Loading dataset: cdnow ...
[pipeline] freq_bins from config: [0, 1, 2, 3]
  Train customers: 2115, Val: 234, Inference: 2349
[cdnow] Customers with 0 calibration transactions: 0 / 2349
  top-bin decode: class_values[-1] = 4.071 (max_trans = 3)
Model: lstm — 97,614 parameters

Training for up to 300 epochs ...
/kaggle/working/thesis-code/src/training/trainer.py:104: FutureWarning: `torch.cuda.amp.GradScaler(args...)` is deprecated. Please use `torch.amp.GradScaler('cuda', args...)` instead.
  self.scaler = torch.cuda.amp.GradScaler(enabled=self.amp_enabled)
[Kendall] log_vars frozen for 5 warm-up epochs.
Epoch   1/300 — train_loss: 0.8265  val_loss: 0.7804  freq: 1.3416  spend: 0.2191  w_freq: 0.500  w_spend: 0.500
Epoch   2/300 — train_loss: 0.7689  val_loss: 0.7115  freq: 1.2080  spend: 0.2149  w_freq: 0.500  w_spend: 0.500
Epoch   3/300 — train_loss: 0.6775  val_loss: 0.6002  freq: 0.9946  spend: 0.2058  w_freq: 0.500  w_spend: 0.500
Epoch   4/300 — train_loss: 0.5437  val_loss: 0.4282  freq: 0.6710  spend: 0.1854  w_freq: 0.500  w_spend: 0.500
Epoch   5/300 — train_loss: 0.3532  val_loss: 0.2241  freq: 0.3083  spend: 0.1400  w_freq: 0.500  w_spend: 0.500
[Kendall] log_vars unfrozen at epoch 6.
Epoch   6/300 — train_loss: 0.1908  val_loss: 0.1289  freq: 0.1742  spend: 0.0894  w_freq: 0.501  w_spend: 0.501
Epoch   7/300 — train_loss: 0.1677  val_loss: 0.1210  freq: 0.1725  spend: 0.0818  w_freq: 0.503  w_spend: 0.503
Epoch   8/300 — train_loss: 0.1546  val_loss: 0.1168  freq: 0.1537  spend: 0.0998  w_freq: 0.505  w_spend: 0.504
Epoch   9/300 — train_loss: 0.1365  val_loss: 0.1022  freq: 0.1401  spend: 0.0936  w_freq: 0.507  w_spend: 0.507
Epoch  10/300 — train_loss: 0.1235  val_loss: 0.0887  freq: 0.1347  spend: 0.0828  w_freq: 0.510  w_spend: 0.510
Epoch  11/300 — train_loss: 0.1239  val_loss: 0.0818  freq: 0.1314  spend: 0.0837  w_freq: 0.513  w_spend: 0.513
Epoch  12/300 — train_loss: 0.1030  val_loss: 0.0757  freq: 0.1288  spend: 0.0866  w_freq: 0.516  w_spend: 0.516
Epoch  13/300 — train_loss: 0.1071  val_loss: 0.0678  freq: 0.1269  spend: 0.0864  w_freq: 0.520  w_spend: 0.520
Epoch  14/300 — train_loss: 0.0894  val_loss: 0.0565  freq: 0.1256  spend: 0.0800  w_freq: 0.524  w_spend: 0.524
Epoch  15/300 — train_loss: 0.0923  val_loss: 0.0558  freq: 0.1243  spend: 0.0943  w_freq: 0.529  w_spend: 0.528
Epoch  16/300 — train_loss: 0.0810  val_loss: 0.0394  freq: 0.1237  spend: 0.0785  w_freq: 0.534  w_spend: 0.533
Epoch  17/300 — train_loss: 0.0987  val_loss: 0.0287  freq: 0.1234  spend: 0.0729  w_freq: 0.538  w_spend: 0.537
Epoch  18/300 — train_loss: 0.0679  val_loss: 0.0280  freq: 0.1227  spend: 0.0865  w_freq: 0.543  w_spend: 0.542
Epoch  19/300 — train_loss: 0.0439  val_loss: 0.0084  freq: 0.1226  spend: 0.0653  w_freq: 0.548  w_spend: 0.546
Epoch  20/300 — train_loss: 0.0319  val_loss: 0.0239  freq: 0.1232  spend: 0.1070  w_freq: 0.553  w_spend: 0.551
Epoch  21/300 — train_loss: 0.0307  val_loss: 0.0007  freq: 0.1221  spend: 0.0784  w_freq: 0.557  w_spend: 0.556
Epoch  22/300 — train_loss: 0.0169  val_loss: -0.0266  freq: 0.1224  spend: 0.0422  w_freq: 0.561  w_spend: 0.560
Epoch  23/300 — train_loss: -0.0050  val_loss: -0.0299  freq: 0.1209  spend: 0.0507  w_freq: 0.566  w_spend: 0.565
Epoch  24/300 — train_loss: -0.0126  val_loss: -0.0615  freq: 0.1210  spend: 0.0069  w_freq: 0.570  w_spend: 0.569
Epoch  25/300 — train_loss: -0.0306  val_loss: -0.0732  freq: 0.1214  spend: -0.0033  w_freq: 0.574  w_spend: 0.573
Epoch  26/300 — train_loss: -0.0360  val_loss: -0.0739  freq: 0.1213  spend: 0.0050  w_freq: 0.578  w_spend: 0.577
Epoch  27/300 — train_loss: -0.0606  val_loss: -0.1007  freq: 0.1210  spend: -0.0297  w_freq: 0.581  w_spend: 0.581
Epoch  28/300 — train_loss: -0.0821  val_loss: -0.1155  freq: 0.1212  spend: -0.0434  w_freq: 0.585  w_spend: 0.585
Epoch  29/300 — train_loss: -0.0778  val_loss: -0.1176  freq: 0.1211  spend: -0.0367  w_freq: 0.589  w_spend: 0.589
Epoch  30/300 — train_loss: -0.0847  val_loss: -0.1171  freq: 0.1212  spend: -0.0246  w_freq: 0.592  w_spend: 0.593
Epoch  31/300 — train_loss: -0.0972  val_loss: -0.1233  freq: 0.1211  spend: -0.0229  w_freq: 0.597  w_spend: 0.598
Epoch  32/300 — train_loss: -0.1016  val_loss: -0.1372  freq: 0.1210  spend: -0.0336  w_freq: 0.601  w_spend: 0.603
Epoch  33/300 — train_loss: -0.1089  val_loss: -0.1373  freq: 0.1206  spend: -0.0220  w_freq: 0.605  w_spend: 0.608
Epoch  34/300 — train_loss: -0.1221  val_loss: -0.1500  freq: 0.1209  spend: -0.0307  w_freq: 0.610  w_spend: 0.612
Epoch  35/300 — train_loss: -0.1127  val_loss: -0.1654  freq: 0.1210  spend: -0.0444  w_freq: 0.614  w_spend: 0.617
Epoch  36/300 — train_loss: -0.1407  val_loss: -0.1555  freq: 0.1210  spend: -0.0165  w_freq: 0.619  w_spend: 0.622
Epoch  37/300 — train_loss: -0.1455  val_loss: -0.1779  freq: 0.1207  spend: -0.0394  w_freq: 0.623  w_spend: 0.628
Epoch  38/300 — train_loss: -0.1433  val_loss: -0.1770  freq: 0.1212  spend: -0.0274  w_freq: 0.628  w_spend: 0.633
Epoch  39/300 — train_loss: -0.1338  val_loss: -0.1895  freq: 0.1207  spend: -0.0370  w_freq: 0.632  w_spend: 0.638
Epoch  40/300 — train_loss: -0.1632  val_loss: -0.1994  freq: 0.1209  spend: -0.0422  w_freq: 0.636  w_spend: 0.642
Epoch  41/300 — train_loss: -0.1785  val_loss: -0.1949  freq: 0.1208  spend: -0.0230  w_freq: 0.641  w_spend: 0.647
Epoch  42/300 — train_loss: -0.1746  val_loss: -0.2154  freq: 0.1207  spend: -0.0443  w_freq: 0.646  w_spend: 0.652
Epoch  43/300 — train_loss: -0.1816  val_loss: -0.2215  freq: 0.1205  spend: -0.0424  w_freq: 0.650  w_spend: 0.657
Epoch  44/300 — train_loss: -0.1960  val_loss: -0.2261  freq: 0.1206  spend: -0.0365  w_freq: 0.655  w_spend: 0.663
Epoch  45/300 — train_loss: -0.1981  val_loss: -0.2375  freq: 0.1206  spend: -0.0401  w_freq: 0.661  w_spend: 0.669
Epoch  46/300 — train_loss: -0.2304  val_loss: -0.2462  freq: 0.1213  spend: -0.0398  w_freq: 0.667  w_spend: 0.676
Epoch  47/300 — train_loss: -0.2176  val_loss: -0.2546  freq: 0.1211  spend: -0.0398  w_freq: 0.673  w_spend: 0.683
Epoch  48/300 — train_loss: -0.2213  val_loss: -0.2662  freq: 0.1216  spend: -0.0444  w_freq: 0.679  w_spend: 0.689
Epoch  49/300 — train_loss: -0.2465  val_loss: -0.2775  freq: 0.1206  spend: -0.0474  w_freq: 0.685  w_spend: 0.696
Epoch  50/300 — train_loss: -0.2443  val_loss: -0.2770  freq: 0.1201  spend: -0.0353  w_freq: 0.690  w_spend: 0.702
Epoch  51/300 — train_loss: -0.2399  val_loss: -0.2822  freq: 0.1206  spend: -0.0335  w_freq: 0.695  w_spend: 0.708
Epoch  52/300 — train_loss: -0.2728  val_loss: -0.2660  freq: 0.1209  spend: -0.0016  w_freq: 0.700  w_spend: 0.713
Epoch  53/300 — train_loss: -0.2714  val_loss: -0.2725  freq: 0.1207  spend: -0.0010  w_freq: 0.705  w_spend: 0.719
Epoch  54/300 — train_loss: -0.2870  val_loss: -0.2841  freq: 0.1205  spend: -0.0069  w_freq: 0.710  w_spend: 0.724
Epoch  55/300 — train_loss: -0.3209  val_loss: -0.3151  freq: 0.1203  spend: -0.0386  w_freq: 0.715  w_spend: 0.730
Epoch  56/300 — train_loss: -0.2917  val_loss: -0.2803  freq: 0.1206  spend: 0.0183  w_freq: 0.721  w_spend: 0.737
Epoch  57/300 — train_loss: -0.3073  val_loss: -0.3329  freq: 0.1203  spend: -0.0436  w_freq: 0.726  w_spend: 0.743
Epoch  58/300 — train_loss: -0.3190  val_loss: -0.3393  freq: 0.1200  spend: -0.0416  w_freq: 0.731  w_spend: 0.748
Epoch  59/300 — train_loss: -0.3351  val_loss: -0.3481  freq: 0.1203  spend: -0.0425  w_freq: 0.737  w_spend: 0.755
Epoch  60/300 — train_loss: -0.3365  val_loss: -0.3472  freq: 0.1203  spend: -0.0304  w_freq: 0.743  w_spend: 0.762
Epoch  61/300 — train_loss: -0.3451  val_loss: -0.3656  freq: 0.1201  spend: -0.0432  w_freq: 0.749  w_spend: 0.769
Epoch  62/300 — train_loss: -0.3436  val_loss: -0.3682  freq: 0.1206  spend: -0.0371  w_freq: 0.755  w_spend: 0.776
Epoch  63/300 — train_loss: -0.3545  val_loss: -0.3735  freq: 0.1201  spend: -0.0340  w_freq: 0.761  w_spend: 0.783
Epoch  64/300 — train_loss: -0.3749  val_loss: -0.3674  freq: 0.1203  spend: -0.0168  w_freq: 0.767  w_spend: 0.789
Epoch  65/300 — train_loss: -0.3874  val_loss: -0.3782  freq: 0.1199  spend: -0.0207  w_freq: 0.773  w_spend: 0.796
Epoch  66/300 — train_loss: -0.3803  val_loss: -0.3740  freq: 0.1200  spend: -0.0060  w_freq: 0.779  w_spend: 0.803
Epoch  67/300 — train_loss: -0.4041  val_loss: -0.3779  freq: 0.1209  spend: -0.0026  w_freq: 0.785  w_spend: 0.810
Epoch  68/300 — train_loss: -0.4035  val_loss: -0.4162  freq: 0.1201  spend: -0.0404  w_freq: 0.790  w_spend: 0.817
Epoch  69/300 — train_loss: -0.4220  val_loss: -0.4149  freq: 0.1202  spend: -0.0294  w_freq: 0.796  w_spend: 0.823
Epoch  70/300 — train_loss: -0.4321  val_loss: -0.4279  freq: 0.1199  spend: -0.0353  w_freq: 0.802  w_spend: 0.831
Epoch  71/300 — train_loss: -0.4351  val_loss: -0.4308  freq: 0.1198  spend: -0.0299  w_freq: 0.809  w_spend: 0.838
Epoch  72/300 — train_loss: -0.4496  val_loss: -0.4443  freq: 0.1199  spend: -0.0377  w_freq: 0.814  w_spend: 0.845
Epoch  73/300 — train_loss: -0.4637  val_loss: -0.4353  freq: 0.1197  spend: -0.0185  w_freq: 0.820  w_spend: 0.852
Epoch  74/300 — train_loss: -0.4628  val_loss: -0.4500  freq: 0.1203  spend: -0.0282  w_freq: 0.826  w_spend: 0.859
Epoch  75/300 — train_loss: -0.4671  val_loss: -0.4663  freq: 0.1196  spend: -0.0385  w_freq: 0.831  w_spend: 0.866
Epoch  76/300 — train_loss: -0.4908  val_loss: -0.4578  freq: 0.1198  spend: -0.0212  w_freq: 0.837  w_spend: 0.872
Epoch  77/300 — train_loss: -0.4948  val_loss: -0.4630  freq: 0.1196  spend: -0.0196  w_freq: 0.843  w_spend: 0.879
Epoch  78/300 — train_loss: -0.4898  val_loss: -0.4724  freq: 0.1197  spend: -0.0232  w_freq: 0.848  w_spend: 0.886
Epoch  79/300 — train_loss: -0.5033  val_loss: -0.4527  freq: 0.1195  spend: 0.0064  w_freq: 0.853  w_spend: 0.892
Epoch  80/300 — train_loss: -0.4833  val_loss: -0.4741  freq: 0.1203  spend: -0.0116  w_freq: 0.859  w_spend: 0.899
Epoch  81/300 — train_loss: -0.5169  val_loss: -0.4781  freq: 0.1200  spend: -0.0087  w_freq: 0.864  w_spend: 0.905
Epoch  82/300 — train_loss: -0.5287  val_loss: -0.4741  freq: 0.1198  spend: 0.0032  w_freq: 0.870  w_spend: 0.912
Epoch  83/300 — train_loss: -0.5552  val_loss: -0.4431  freq: 0.1192  spend: 0.0452  w_freq: 0.876  w_spend: 0.920
Epoch  84/300 — train_loss: -0.5698  val_loss: -0.5043  freq: 0.1192  spend: -0.0141  w_freq: 0.882  w_spend: 0.928
Epoch  85/300 — train_loss: -0.5623  val_loss: -0.4808  freq: 0.1198  spend: 0.0169  w_freq: 0.888  w_spend: 0.934
Epoch  86/300 — train_loss: -0.5788  val_loss: -0.4913  freq: 0.1194  spend: 0.0125  w_freq: 0.893  w_spend: 0.941
Epoch  87/300 — train_loss: -0.5936  val_loss: -0.5204  freq: 0.1194  spend: -0.0112  w_freq: 0.899  w_spend: 0.948
Epoch  88/300 — train_loss: -0.5653  val_loss: -0.5017  freq: 0.1193  spend: 0.0148  w_freq: 0.905  w_spend: 0.956
Epoch  89/300 — train_loss: -0.5800  val_loss: -0.5068  freq: 0.1199  spend: 0.0148  w_freq: 0.910  w_spend: 0.963
Epoch  90/300 — train_loss: -0.6096  val_loss: -0.5049  freq: 0.1194  spend: 0.0232  w_freq: 0.915  w_spend: 0.969
Epoch  91/300 — train_loss: -0.6029  val_loss: -0.4830  freq: 0.1198  spend: 0.0509  w_freq: 0.921  w_spend: 0.976
Epoch  92/300 — train_loss: -0.6320  val_loss: -0.4839  freq: 0.1194  spend: 0.0558  w_freq: 0.926  w_spend: 0.983
Epoch  93/300 — train_loss: -0.6529  val_loss: -0.5053  freq: 0.1196  spend: 0.0393  w_freq: 0.931  w_spend: 0.990
Epoch  94/300 — train_loss: -0.6394  val_loss: -0.5204  freq: 0.1194  spend: 0.0302  w_freq: 0.937  w_spend: 0.997
Epoch  95/300 — train_loss: -0.6683  val_loss: -0.5318  freq: 0.1206  spend: 0.0241  w_freq: 0.943  w_spend: 1.005
Epoch  96/300 — train_loss: -0.6616  val_loss: -0.5344  freq: 0.1201  spend: 0.0277  w_freq: 0.948  w_spend: 1.013
Epoch  97/300 — train_loss: -0.6681  val_loss: -0.5275  freq: 0.1197  spend: 0.0405  w_freq: 0.954  w_spend: 1.021
Epoch  98/300 — train_loss: -0.7045  val_loss: -0.5396  freq: 0.1192  spend: 0.0349  w_freq: 0.960  w_spend: 1.028

Training failed with a repairable error: FloatingPointError: Non-finite gradients in spend_proj.bias, spend_head.weight
Metrics saved: /kaggle/working/results/tables/lstm_joint_cdnow_v3_seed42_sample_metrics.json
Retrying once as robustness repair (amp_disabled; lr_0.0005; grad_clip_0.5) ...
Config: experiments/configs/lstm_joint_cdnow_v3.yaml
Run: lstm_joint_cdnow_v3_seed42_sample_repair
Device: cuda
Loading dataset: cdnow ...
[pipeline] freq_bins from config: [0, 1, 2, 3]
  Train customers: 2115, Val: 234, Inference: 2349
[cdnow] Customers with 0 calibration transactions: 0 / 2349
  top-bin decode: class_values[-1] = 4.071 (max_trans = 3)
Model: lstm — 97,614 parameters

Training for up to 300 epochs ...
/kaggle/working/thesis-code/src/training/trainer.py:104: FutureWarning: `torch.cuda.amp.GradScaler(args...)` is deprecated. Please use `torch.amp.GradScaler('cuda', args...)` instead.
  self.scaler = torch.cuda.amp.GradScaler(enabled=self.amp_enabled)
[Kendall] log_vars frozen for 5 warm-up epochs.
Epoch   1/300 — train_loss: 0.8305  val_loss: 0.7937  freq: 1.3676  spend: 0.2199  w_freq: 0.500  w_spend: 0.500
Epoch   2/300 — train_loss: 0.7952  val_loss: 0.7572  freq: 1.2965  spend: 0.2178  w_freq: 0.500  w_spend: 0.500
Epoch   3/300 — train_loss: 0.7453  val_loss: 0.7008  freq: 1.1876  spend: 0.2141  w_freq: 0.500  w_spend: 0.500
Epoch   4/300 — train_loss: 0.6813  val_loss: 0.6202  freq: 1.0330  spend: 0.2075  w_freq: 0.500  w_spend: 0.500
Epoch   5/300 — train_loss: 0.5870  val_loss: 0.5046  freq: 0.8133  spend: 0.1959  w_freq: 0.500  w_spend: 0.500
[Kendall] log_vars unfrozen at epoch 6.
Epoch   6/300 — train_loss: 0.4550  val_loss: 0.3544  freq: 0.5367  spend: 0.1742  w_freq: 0.500  w_spend: 0.500
Epoch   7/300 — train_loss: 0.3050  val_loss: 0.2054  freq: 0.2836  spend: 0.1332  w_freq: 0.501  w_spend: 0.501
Epoch   8/300 — train_loss: 0.1899  val_loss: 0.1278  freq: 0.1780  spend: 0.0885  w_freq: 0.502  w_spend: 0.502
Epoch   9/300 — train_loss: 0.1567  val_loss: 0.1200  freq: 0.1678  spend: 0.0883  w_freq: 0.504  w_spend: 0.504
Epoch  10/300 — train_loss: 0.1473  val_loss: 0.1102  freq: 0.1563  spend: 0.0854  w_freq: 0.505  w_spend: 0.505
Epoch  11/300 — train_loss: 0.1419  val_loss: 0.1068  freq: 0.1449  spend: 0.0962  w_freq: 0.507  w_spend: 0.507
Epoch  12/300 — train_loss: 0.1224  val_loss: 0.0939  freq: 0.1381  spend: 0.0844  w_freq: 0.509  w_spend: 0.508
Epoch  13/300 — train_loss: 0.1268  val_loss: 0.0880  freq: 0.1336  spend: 0.0848  w_freq: 0.511  w_spend: 0.510
Epoch  14/300 — train_loss: 0.1142  val_loss: 0.0819  freq: 0.1310  spend: 0.0829  w_freq: 0.514  w_spend: 0.513
Epoch  15/300 — train_loss: 0.1168  val_loss: 0.0779  freq: 0.1290  spend: 0.0846  w_freq: 0.516  w_spend: 0.515
Epoch  16/300 — train_loss: 0.1059  val_loss: 0.0735  freq: 0.1272  spend: 0.0859  w_freq: 0.518  w_spend: 0.517
Epoch  17/300 — train_loss: 0.1375  val_loss: 0.0649  freq: 0.1259  spend: 0.0788  w_freq: 0.521  w_spend: 0.519
Epoch  18/300 — train_loss: 0.1045  val_loss: 0.0628  freq: 0.1250  spend: 0.0837  w_freq: 0.523  w_spend: 0.522
Epoch  19/300 — train_loss: 0.0876  val_loss: 0.0564  freq: 0.1242  spend: 0.0803  w_freq: 0.526  w_spend: 0.524
Epoch  20/300 — train_loss: 0.0862  val_loss: 0.0473  freq: 0.1231  spend: 0.0719  w_freq: 0.528  w_spend: 0.526
Epoch  21/300 — train_loss: 0.0713  val_loss: 0.0416  freq: 0.1226  spend: 0.0693  w_freq: 0.531  w_spend: 0.529
Epoch  22/300 — train_loss: 0.0753  val_loss: 0.0355  freq: 0.1225  spend: 0.0659  w_freq: 0.533  w_spend: 0.531
Epoch  23/300 — train_loss: 0.0688  val_loss: 0.0359  freq: 0.1227  spend: 0.0728  w_freq: 0.536  w_spend: 0.534
Epoch  24/300 — train_loss: 0.0795  val_loss: 0.0247  freq: 0.1224  spend: 0.0579  w_freq: 0.537  w_spend: 0.535
Epoch  25/300 — train_loss: 0.0562  val_loss: 0.0253  freq: 0.1229  spend: 0.0646  w_freq: 0.539  w_spend: 0.537
Epoch  26/300 — train_loss: 0.0571  val_loss: 0.0041  freq: 0.1236  spend: 0.0308  w_freq: 0.541  w_spend: 0.539
Epoch  27/300 — train_loss: 0.0374  val_loss: -0.0050  freq: 0.1216  spend: 0.0211  w_freq: 0.543  w_spend: 0.541
Epoch  28/300 — train_loss: 0.0168  val_loss: -0.0152  freq: 0.1226  spend: 0.0063  w_freq: 0.545  w_spend: 0.543
Epoch  29/300 — train_loss: 0.0202  val_loss: -0.0221  freq: 0.1226  spend: -0.0027  w_freq: 0.546  w_spend: 0.544
Epoch  30/300 — train_loss: 0.0260  val_loss: -0.0092  freq: 0.1217  spend: 0.0251  w_freq: 0.547  w_spend: 0.545
Epoch  31/300 — train_loss: 0.0016  val_loss: -0.0221  freq: 0.1217  spend: 0.0049  w_freq: 0.548  w_spend: 0.546
Epoch  32/300 — train_loss: 0.0082  val_loss: -0.0105  freq: 0.1218  spend: 0.0299  w_freq: 0.549  w_spend: 0.548
Epoch  33/300 — train_loss: 0.0132  val_loss: -0.0288  freq: 0.1215  spend: 0.0002  w_freq: 0.551  w_spend: 0.549
Epoch  34/300 — train_loss: -0.0035  val_loss: -0.0214  freq: 0.1227  spend: 0.0165  w_freq: 0.552  w_spend: 0.550
Epoch  35/300 — train_loss: 0.0164  val_loss: -0.0335  freq: 0.1218  spend: -0.0005  w_freq: 0.553  w_spend: 0.551
Epoch  36/300 — train_loss: -0.0012  val_loss: -0.0431  freq: 0.1217  spend: -0.0136  w_freq: 0.554  w_spend: 0.553
Epoch  37/300 — train_loss: -0.0125  val_loss: -0.0540  freq: 0.1214  spend: -0.0287  w_freq: 0.556  w_spend: 0.554
Epoch  38/300 — train_loss: -0.0168  val_loss: -0.0473  freq: 0.1212  spend: -0.0122  w_freq: 0.557  w_spend: 0.556
Epoch  39/300 — train_loss: -0.0272  val_loss: -0.0639  freq: 0.1211  spend: -0.0369  w_freq: 0.558  w_spend: 0.557
Epoch  40/300 — train_loss: -0.0229  val_loss: -0.0647  freq: 0.1211  spend: -0.0335  w_freq: 0.560  w_spend: 0.559
Epoch  41/300 — train_loss: -0.0363  val_loss: -0.0594  freq: 0.1216  spend: -0.0202  w_freq: 0.561  w_spend: 0.560
Epoch  42/300 — train_loss: -0.0303  val_loss: -0.0702  freq: 0.1212  spend: -0.0354  w_freq: 0.563  w_spend: 0.562
Epoch  43/300 — train_loss: -0.0315  val_loss: -0.0689  freq: 0.1212  spend: -0.0286  w_freq: 0.564  w_spend: 0.563
Epoch  44/300 — train_loss: -0.0414  val_loss: -0.0794  freq: 0.1212  spend: -0.0427  w_freq: 0.566  w_spend: 0.565
Epoch  45/300 — train_loss: -0.0330  val_loss: -0.0683  freq: 0.1212  spend: -0.0191  w_freq: 0.567  w_spend: 0.566
Epoch  46/300 — train_loss: -0.0562  val_loss: -0.0749  freq: 0.1216  spend: -0.0259  w_freq: 0.568  w_spend: 0.568
Epoch  47/300 — train_loss: -0.0417  val_loss: -0.0808  freq: 0.1209  spend: -0.0303  w_freq: 0.570  w_spend: 0.570
Epoch  48/300 — train_loss: -0.0389  val_loss: -0.0856  freq: 0.1208  spend: -0.0329  w_freq: 0.572  w_spend: 0.572
Epoch  49/300 — train_loss: -0.0548  val_loss: -0.0948  freq: 0.1214  spend: -0.0448  w_freq: 0.574  w_spend: 0.574
Epoch  50/300 — train_loss: -0.0481  val_loss: -0.0856  freq: 0.1209  spend: -0.0243  w_freq: 0.575  w_spend: 0.575
Epoch  51/300 — train_loss: -0.0491  val_loss: -0.0936  freq: 0.1212  spend: -0.0347  w_freq: 0.576  w_spend: 0.577
Epoch  52/300 — train_loss: -0.0586  val_loss: -0.0820  freq: 0.1212  spend: -0.0109  w_freq: 0.578  w_spend: 0.578
Epoch  53/300 — train_loss: -0.0579  val_loss: -0.0835  freq: 0.1212  spend: -0.0093  w_freq: 0.579  w_spend: 0.579
Epoch  54/300 — train_loss: -0.0684  val_loss: -0.0937  freq: 0.1210  spend: -0.0215  w_freq: 0.581  w_spend: 0.581
Epoch  55/300 — train_loss: -0.0924  val_loss: -0.1101  freq: 0.1211  spend: -0.0440  w_freq: 0.582  w_spend: 0.583
Epoch  56/300 — train_loss: -0.0786  val_loss: -0.1052  freq: 0.1209  spend: -0.0297  w_freq: 0.584  w_spend: 0.585
Epoch  57/300 — train_loss: -0.0889  val_loss: -0.1069  freq: 0.1205  spend: -0.0254  w_freq: 0.586  w_spend: 0.588
Epoch  58/300 — train_loss: -0.0781  val_loss: -0.1105  freq: 0.1215  spend: -0.0268  w_freq: 0.589  w_spend: 0.590
Epoch  59/300 — train_loss: -0.0879  val_loss: -0.1252  freq: 0.1209  spend: -0.0455  w_freq: 0.591  w_spend: 0.592
Epoch  60/300 — train_loss: -0.0974  val_loss: -0.1285  freq: 0.1208  spend: -0.0459  w_freq: 0.592  w_spend: 0.594
Epoch  61/300 — train_loss: -0.0949  val_loss: -0.1267  freq: 0.1209  spend: -0.0379  w_freq: 0.594  w_spend: 0.596
Epoch  62/300 — train_loss: -0.0898  val_loss: -0.1355  freq: 0.1208  spend: -0.0478  w_freq: 0.596  w_spend: 0.598
Epoch  63/300 — train_loss: -0.1000  val_loss: -0.1310  freq: 0.1209  spend: -0.0356  w_freq: 0.598  w_spend: 0.600
Epoch  64/300 — train_loss: -0.1116  val_loss: -0.1307  freq: 0.1207  spend: -0.0290  w_freq: 0.600  w_spend: 0.602
Epoch  65/300 — train_loss: -0.1177  val_loss: -0.1381  freq: 0.1206  spend: -0.0358  w_freq: 0.602  w_spend: 0.604
Epoch  66/300 — train_loss: -0.1094  val_loss: -0.1262  freq: 0.1207  spend: -0.0108  w_freq: 0.604  w_spend: 0.606
Epoch  67/300 — train_loss: -0.1232  val_loss: -0.1251  freq: 0.1208  spend: -0.0038  w_freq: 0.606  w_spend: 0.609
Epoch  68/300 — train_loss: -0.1179  val_loss: -0.1453  freq: 0.1206  spend: -0.0322  w_freq: 0.608  w_spend: 0.611
Epoch  69/300 — train_loss: -0.1277  val_loss: -0.1536  freq: 0.1206  spend: -0.0398  w_freq: 0.609  w_spend: 0.613
Epoch  70/300 — train_loss: -0.1353  val_loss: -0.1600  freq: 0.1206  spend: -0.0438  w_freq: 0.612  w_spend: 0.615
Epoch  71/300 — train_loss: -0.1297  val_loss: -0.1621  freq: 0.1206  spend: -0.0410  w_freq: 0.614  w_spend: 0.618
Epoch  72/300 — train_loss: -0.1421  val_loss: -0.1641  freq: 0.1202  spend: -0.0379  w_freq: 0.616  w_spend: 0.620
Epoch  73/300 — train_loss: -0.1498  val_loss: -0.1631  freq: 0.1206  spend: -0.0310  w_freq: 0.619  w_spend: 0.623
Epoch  74/300 — train_loss: -0.1418  val_loss: -0.1744  freq: 0.1207  spend: -0.0434  w_freq: 0.621  w_spend: 0.625
Epoch  75/300 — train_loss: -0.1423  val_loss: -0.1801  freq: 0.1205  spend: -0.0473  w_freq: 0.623  w_spend: 0.628
Epoch  76/300 — train_loss: -0.1591  val_loss: -0.1779  freq: 0.1205  spend: -0.0387  w_freq: 0.625  w_spend: 0.630
Epoch  77/300 — train_loss: -0.1625  val_loss: -0.1850  freq: 0.1204  spend: -0.0447  w_freq: 0.627  w_spend: 0.632
Epoch  78/300 — train_loss: -0.1540  val_loss: -0.1867  freq: 0.1204  spend: -0.0421  w_freq: 0.629  w_spend: 0.634
Epoch  79/300 — train_loss: -0.1566  val_loss: -0.1848  freq: 0.1204  spend: -0.0340  w_freq: 0.631  w_spend: 0.637
Epoch  80/300 — train_loss: -0.1578  val_loss: -0.1945  freq: 0.1203  spend: -0.0441  w_freq: 0.633  w_spend: 0.639
Epoch  81/300 — train_loss: -0.1693  val_loss: -0.1950  freq: 0.1205  spend: -0.0398  w_freq: 0.635  w_spend: 0.641
Epoch  82/300 — train_loss: -0.1780  val_loss: -0.2009  freq: 0.1204  spend: -0.0433  w_freq: 0.638  w_spend: 0.644
Epoch  83/300 — train_loss: -0.1897  val_loss: -0.1892  freq: 0.1205  spend: -0.0197  w_freq: 0.640  w_spend: 0.646
Epoch  84/300 — train_loss: -0.1992  val_loss: -0.2074  freq: 0.1204  spend: -0.0424  w_freq: 0.642  w_spend: 0.649
Epoch  85/300 — train_loss: -0.1837  val_loss: -0.2034  freq: 0.1204  spend: -0.0315  w_freq: 0.644  w_spend: 0.651
Epoch  86/300 — train_loss: -0.1963  val_loss: -0.2084  freq: 0.1204  spend: -0.0346  w_freq: 0.646  w_spend: 0.653
Epoch  87/300 — train_loss: -0.2025  val_loss: -0.2129  freq: 0.1204  spend: -0.0369  w_freq: 0.648  w_spend: 0.655
Epoch  88/300 — train_loss: -0.1847  val_loss: -0.2068  freq: 0.1206  spend: -0.0232  w_freq: 0.650  w_spend: 0.657
Epoch  89/300 — train_loss: -0.1917  val_loss: -0.1979  freq: 0.1207  spend: -0.0053  w_freq: 0.652  w_spend: 0.660
Epoch  90/300 — train_loss: -0.2090  val_loss: -0.2184  freq: 0.1204  spend: -0.0313  w_freq: 0.654  w_spend: 0.662
Epoch  91/300 — train_loss: -0.1943  val_loss: -0.2134  freq: 0.1205  spend: -0.0189  w_freq: 0.657  w_spend: 0.664
Epoch  92/300 — train_loss: -0.2141  val_loss: -0.2281  freq: 0.1206  spend: -0.0364  w_freq: 0.659  w_spend: 0.666
Epoch  93/300 — train_loss: -0.2153  val_loss: -0.2292  freq: 0.1205  spend: -0.0328  w_freq: 0.661  w_spend: 0.669
Epoch  94/300 — train_loss: -0.2050  val_loss: -0.2392  freq: 0.1203  spend: -0.0429  w_freq: 0.663  w_spend: 0.671
Epoch  95/300 — train_loss: -0.2318  val_loss: -0.2389  freq: 0.1201  spend: -0.0374  w_freq: 0.665  w_spend: 0.674
Epoch  96/300 — train_loss: -0.2242  val_loss: -0.2421  freq: 0.1201  spend: -0.0375  w_freq: 0.667  w_spend: 0.676
Epoch  97/300 — train_loss: -0.2241  val_loss: -0.2157  freq: 0.1201  spend: 0.0055  w_freq: 0.669  w_spend: 0.678
Epoch  98/300 — train_loss: -0.2201  val_loss: -0.2354  freq: 0.1204  spend: -0.0206  w_freq: 0.671  w_spend: 0.680
Epoch  99/300 — train_loss: -0.2242  val_loss: -0.2462  freq: 0.1204  spend: -0.0335  w_freq: 0.673  w_spend: 0.682
Epoch 100/300 — train_loss: -0.2268  val_loss: -0.2607  freq: 0.1202  spend: -0.0505  w_freq: 0.674  w_spend: 0.683
Epoch 101/300 — train_loss: -0.2327  val_loss: -0.2595  freq: 0.1203  spend: -0.0447  w_freq: 0.676  w_spend: 0.686
Epoch 102/300 — train_loss: -0.2335  val_loss: -0.2629  freq: 0.1203  spend: -0.0456  w_freq: 0.678  w_spend: 0.688
Epoch 103/300 — train_loss: -0.2452  val_loss: -0.2687  freq: 0.1203  spend: -0.0505  w_freq: 0.680  w_spend: 0.690
Epoch 104/300 — train_loss: -0.2242  val_loss: -0.2544  freq: 0.1203  spend: -0.0261  w_freq: 0.682  w_spend: 0.692
Epoch 105/300 — train_loss: -0.2499  val_loss: -0.2720  freq: 0.1202  spend: -0.0476  w_freq: 0.683  w_spend: 0.693
Epoch 106/300 — train_loss: -0.2631  val_loss: -0.2812  freq: 0.1202  spend: -0.0569  w_freq: 0.685  w_spend: 0.695
Epoch 107/300 — train_loss: -0.2574  val_loss: -0.2861  freq: 0.1200  spend: -0.0594  w_freq: 0.687  w_spend: 0.698
Epoch 108/300 — train_loss: -0.2583  val_loss: -0.2845  freq: 0.1201  spend: -0.0530  w_freq: 0.689  w_spend: 0.700
Epoch 109/300 — train_loss: -0.2649  val_loss: -0.2823  freq: 0.1202  spend: -0.0461  w_freq: 0.691  w_spend: 0.702
Epoch 110/300 — train_loss: -0.2587  val_loss: -0.2856  freq: 0.1199  spend: -0.0463  w_freq: 0.693  w_spend: 0.704
Epoch 111/300 — train_loss: -0.2511  val_loss: -0.2935  freq: 0.1201  spend: -0.0543  w_freq: 0.695  w_spend: 0.706
Epoch 112/300 — train_loss: -0.2624  val_loss: -0.2819  freq: 0.1200  spend: -0.0346  w_freq: 0.696  w_spend: 0.708
Epoch 113/300 — train_loss: -0.2771  val_loss: -0.2829  freq: 0.1201  spend: -0.0328  w_freq: 0.698  w_spend: 0.710
Epoch 114/300 — train_loss: -0.2679  val_loss: -0.2902  freq: 0.1200  spend: -0.0396  w_freq: 0.700  w_spend: 0.712
Epoch 115/300 — train_loss: -0.2872  val_loss: -0.2774  freq: 0.1200  spend: -0.0183  w_freq: 0.702  w_spend: 0.714
Epoch 116/300 — train_loss: -0.2733  val_loss: -0.3083  freq: 0.1200  spend: -0.0585  w_freq: 0.703  w_spend: 0.715
Epoch 117/300 — train_loss: -0.2704  val_loss: -0.3115  freq: 0.1198  spend: -0.0598  w_freq: 0.705  w_spend: 0.717
Epoch 118/300 — train_loss: -0.2655  val_loss: -0.3110  freq: 0.1197  spend: -0.0559  w_freq: 0.706  w_spend: 0.719
Epoch 119/300 — train_loss: -0.2827  val_loss: -0.2853  freq: 0.1199  spend: -0.0174  w_freq: 0.708  w_spend: 0.721
Epoch 120/300 — train_loss: -0.2875  val_loss: -0.3098  freq: 0.1200  spend: -0.0485  w_freq: 0.709  w_spend: 0.722
Epoch 121/300 — train_loss: -0.2819  val_loss: -0.3107  freq: 0.1201  spend: -0.0463  w_freq: 0.711  w_spend: 0.724
Epoch 122/300 — train_loss: -0.2747  val_loss: -0.2865  freq: 0.1201  spend: -0.0098  w_freq: 0.713  w_spend: 0.726
Epoch 123/300 — train_loss: -0.2912  val_loss: -0.2865  freq: 0.1198  spend: -0.0066  w_freq: 0.714  w_spend: 0.728
Epoch 124/300 — train_loss: -0.2853  val_loss: -0.3223  freq: 0.1197  spend: -0.0532  w_freq: 0.716  w_spend: 0.729
Epoch 125/300 — train_loss: -0.3009  val_loss: -0.3196  freq: 0.1197  spend: -0.0464  w_freq: 0.717  w_spend: 0.731
Epoch 126/300 — train_loss: -0.3125  val_loss: -0.3338  freq: 0.1198  spend: -0.0626  w_freq: 0.719  w_spend: 0.733
Epoch 127/300 — train_loss: -0.3115  val_loss: -0.3353  freq: 0.1196  spend: -0.0616  w_freq: 0.721  w_spend: 0.735
Epoch 128/300 — train_loss: -0.3070  val_loss: -0.3196  freq: 0.1198  spend: -0.0378  w_freq: 0.722  w_spend: 0.736
Epoch 129/300 — train_loss: -0.3076  val_loss: -0.3360  freq: 0.1197  spend: -0.0568  w_freq: 0.724  w_spend: 0.738
Epoch 130/300 — train_loss: -0.3175  val_loss: -0.3259  freq: 0.1198  spend: -0.0399  w_freq: 0.725  w_spend: 0.740
Epoch 131/300 — train_loss: -0.3268  val_loss: -0.3342  freq: 0.1196  spend: -0.0475  w_freq: 0.727  w_spend: 0.742
Epoch 132/300 — train_loss: -0.3242  val_loss: -0.3460  freq: 0.1197  spend: -0.0601  w_freq: 0.729  w_spend: 0.744
Epoch 133/300 — train_loss: -0.3159  val_loss: -0.3463  freq: 0.1195  spend: -0.0569  w_freq: 0.731  w_spend: 0.746
Epoch 134/300 — train_loss: -0.3294  val_loss: -0.3468  freq: 0.1196  spend: -0.0549  w_freq: 0.733  w_spend: 0.748
Epoch 135/300 — train_loss: -0.3091  val_loss: -0.3299  freq: 0.1197  spend: -0.0295  w_freq: 0.734  w_spend: 0.750
Epoch 136/300 — train_loss: -0.3255  val_loss: -0.3410  freq: 0.1197  spend: -0.0416  w_freq: 0.736  w_spend: 0.751
Epoch 137/300 — train_loss: -0.3261  val_loss: -0.3433  freq: 0.1197  spend: -0.0418  w_freq: 0.737  w_spend: 0.753
Epoch 138/300 — train_loss: -0.3358  val_loss: -0.3484  freq: 0.1195  spend: -0.0457  w_freq: 0.739  w_spend: 0.755
Epoch 139/300 — train_loss: -0.3400  val_loss: -0.3460  freq: 0.1196  spend: -0.0400  w_freq: 0.740  w_spend: 0.756
Epoch 140/300 — train_loss: -0.3348  val_loss: -0.3637  freq: 0.1197  spend: -0.0606  w_freq: 0.742  w_spend: 0.758
Epoch 141/300 — train_loss: -0.3418  val_loss: -0.3643  freq: 0.1194  spend: -0.0585  w_freq: 0.743  w_spend: 0.760
Epoch 142/300 — train_loss: -0.3570  val_loss: -0.3583  freq: 0.1197  spend: -0.0482  w_freq: 0.745  w_spend: 0.761
Epoch 143/300 — train_loss: -0.3322  val_loss: -0.3720  freq: 0.1196  spend: -0.0634  w_freq: 0.746  w_spend: 0.763
Epoch 144/300 — train_loss: -0.3584  val_loss: -0.3614  freq: 0.1197  spend: -0.0472  w_freq: 0.748  w_spend: 0.765
Epoch 145/300 — train_loss: -0.3536  val_loss: -0.3477  freq: 0.1194  spend: -0.0264  w_freq: 0.749  w_spend: 0.766
Epoch 146/300 — train_loss: -0.3396  val_loss: -0.3586  freq: 0.1195  spend: -0.0384  w_freq: 0.751  w_spend: 0.768
Epoch 147/300 — train_loss: -0.3562  val_loss: -0.3572  freq: 0.1194  spend: -0.0344  w_freq: 0.752  w_spend: 0.769
Epoch 148/300 — train_loss: -0.3516  val_loss: -0.3751  freq: 0.1195  spend: -0.0555  w_freq: 0.753  w_spend: 0.771
Epoch 149/300 — train_loss: -0.3668  val_loss: -0.3757  freq: 0.1195  spend: -0.0539  w_freq: 0.755  w_spend: 0.772
Epoch 150/300 — train_loss: -0.3666  val_loss: -0.3816  freq: 0.1194  spend: -0.0593  w_freq: 0.756  w_spend: 0.774
Epoch 151/300 — train_loss: -0.3627  val_loss: -0.3854  freq: 0.1194  spend: -0.0622  w_freq: 0.757  w_spend: 0.775
Epoch 152/300 — train_loss: -0.3757  val_loss: -0.3964  freq: 0.1194  spend: -0.0740  w_freq: 0.758  w_spend: 0.777
Epoch 153/300 — train_loss: -0.3649  val_loss: -0.3902  freq: 0.1194  spend: -0.0638  w_freq: 0.760  w_spend: 0.778
Epoch 154/300 — train_loss: -0.3699  val_loss: -0.3862  freq: 0.1194  spend: -0.0564  w_freq: 0.761  w_spend: 0.780
Epoch 155/300 — train_loss: -0.3685  val_loss: -0.3944  freq: 0.1194  spend: -0.0649  w_freq: 0.762  w_spend: 0.781
Epoch 156/300 — train_loss: -0.3632  val_loss: -0.3977  freq: 0.1193  spend: -0.0671  w_freq: 0.763  w_spend: 0.782
Epoch 157/300 — train_loss: -0.3830  val_loss: -0.3912  freq: 0.1195  spend: -0.0571  w_freq: 0.765  w_spend: 0.784
Epoch 158/300 — train_loss: -0.3668  val_loss: -0.3860  freq: 0.1195  spend: -0.0486  w_freq: 0.766  w_spend: 0.785
Epoch 159/300 — train_loss: -0.3759  val_loss: -0.4050  freq: 0.1194  spend: -0.0709  w_freq: 0.767  w_spend: 0.786
Epoch 160/300 — train_loss: -0.3781  val_loss: -0.4001  freq: 0.1193  spend: -0.0626  w_freq: 0.768  w_spend: 0.787
Epoch 161/300 — train_loss: -0.3803  val_loss: -0.3931  freq: 0.1195  spend: -0.0518  w_freq: 0.769  w_spend: 0.789
Epoch 162/300 — train_loss: -0.3878  val_loss: -0.3993  freq: 0.1193  spend: -0.0571  w_freq: 0.770  w_spend: 0.790
Epoch 163/300 — train_loss: -0.3817  val_loss: -0.4105  freq: 0.1192  spend: -0.0688  w_freq: 0.772  w_spend: 0.792
Epoch 164/300 — train_loss: -0.3975  val_loss: -0.4109  freq: 0.1192  spend: -0.0671  w_freq: 0.773  w_spend: 0.793
Epoch 165/300 — train_loss: -0.3953  val_loss: -0.4029  freq: 0.1192  spend: -0.0552  w_freq: 0.775  w_spend: 0.795
Epoch 166/300 — train_loss: -0.3965  val_loss: -0.4022  freq: 0.1192  spend: -0.0526  w_freq: 0.776  w_spend: 0.796
Epoch 167/300 — train_loss: -0.3941  val_loss: -0.4039  freq: 0.1192  spend: -0.0530  w_freq: 0.777  w_spend: 0.797
Epoch 168/300 — train_loss: -0.3917  val_loss: -0.4018  freq: 0.1192  spend: -0.0486  w_freq: 0.778  w_spend: 0.798
Epoch 169/300 — train_loss: -0.4105  val_loss: -0.3889  freq: 0.1194  spend: -0.0307  w_freq: 0.779  w_spend: 0.800
Epoch 170/300 — train_loss: -0.3949  val_loss: -0.3935  freq: 0.1193  spend: -0.0346  w_freq: 0.780  w_spend: 0.801
Epoch 171/300 — train_loss: -0.4070  val_loss: -0.4136  freq: 0.1192  spend: -0.0579  w_freq: 0.781  w_spend: 0.802
Epoch 172/300 — train_loss: -0.4132  val_loss: -0.4138  freq: 0.1191  spend: -0.0564  w_freq: 0.782  w_spend: 0.803
Epoch 173/300 — train_loss: -0.3963  val_loss: -0.4142  freq: 0.1191  spend: -0.0552  w_freq: 0.783  w_spend: 0.805
Epoch 174/300 — train_loss: -0.4177  val_loss: -0.4033  freq: 0.1192  spend: -0.0402  w_freq: 0.784  w_spend: 0.806
Epoch 175/300 — train_loss: -0.4091  val_loss: -0.4170  freq: 0.1193  spend: -0.0559  w_freq: 0.785  w_spend: 0.807
Epoch 176/300 — train_loss: -0.4142  val_loss: -0.4100  freq: 0.1193  spend: -0.0457  w_freq: 0.786  w_spend: 0.808
Epoch 177/300 — train_loss: -0.4317  val_loss: -0.4026  freq: 0.1193  spend: -0.0350  w_freq: 0.787  w_spend: 0.809
Epoch 178/300 — train_loss: -0.4005  val_loss: -0.4249  freq: 0.1191  spend: -0.0608  w_freq: 0.788  w_spend: 0.810
Epoch 179/300 — train_loss: -0.4242  val_loss: -0.4216  freq: 0.1190  spend: -0.0552  w_freq: 0.789  w_spend: 0.811
Epoch 180/300 — train_loss: -0.4170  val_loss: -0.4196  freq: 0.1190  spend: -0.0513  w_freq: 0.790  w_spend: 0.812
Epoch 181/300 — train_loss: -0.4183  val_loss: -0.4227  freq: 0.1190  spend: -0.0537  w_freq: 0.791  w_spend: 0.813
Epoch 182/300 — train_loss: -0.4134  val_loss: -0.4229  freq: 0.1191  spend: -0.0526  w_freq: 0.792  w_spend: 0.814
Epoch 183/300 — train_loss: -0.4244  val_loss: -0.4106  freq: 0.1190  spend: -0.0360  w_freq: 0.793  w_spend: 0.815
Epoch 184/300 — train_loss: -0.4106  val_loss: -0.4204  freq: 0.1192  spend: -0.0467  w_freq: 0.794  w_spend: 0.816
Epoch 185/300 — train_loss: -0.3914  val_loss: -0.4319  freq: 0.1190  spend: -0.0593  w_freq: 0.794  w_spend: 0.817
Epoch 186/300 — train_loss: -0.4155  val_loss: -0.4243  freq: 0.1190  spend: -0.0488  w_freq: 0.795  w_spend: 0.818
Epoch 187/300 — train_loss: -0.4247  val_loss: -0.4243  freq: 0.1193  spend: -0.0477  w_freq: 0.796  w_spend: 0.819
Epoch 188/300 — train_loss: -0.4309  val_loss: -0.4325  freq: 0.1190  spend: -0.0561  w_freq: 0.797  w_spend: 0.820
Epoch 189/300 — train_loss: -0.4263  val_loss: -0.4264  freq: 0.1189  spend: -0.0476  w_freq: 0.798  w_spend: 0.821
Epoch 190/300 — train_loss: -0.4342  val_loss: -0.4311  freq: 0.1191  spend: -0.0525  w_freq: 0.798  w_spend: 0.822
Epoch 191/300 — train_loss: -0.4362  val_loss: -0.4390  freq: 0.1190  spend: -0.0608  w_freq: 0.799  w_spend: 0.823
Epoch 192/300 — train_loss: -0.4379  val_loss: -0.4393  freq: 0.1188  spend: -0.0599  w_freq: 0.800  w_spend: 0.824
Epoch 193/300 — train_loss: -0.4085  val_loss: -0.4394  freq: 0.1189  spend: -0.0590  w_freq: 0.801  w_spend: 0.824
Epoch 194/300 — train_loss: -0.4460  val_loss: -0.4425  freq: 0.1190  spend: -0.0618  w_freq: 0.801  w_spend: 0.825
Epoch 195/300 — train_loss: -0.4237  val_loss: -0.4344  freq: 0.1191  spend: -0.0509  w_freq: 0.802  w_spend: 0.826
Epoch 196/300 — train_loss: -0.4169  val_loss: -0.4425  freq: 0.1190  spend: -0.0596  w_freq: 0.803  w_spend: 0.827
Epoch 197/300 — train_loss: -0.4178  val_loss: -0.4353  freq: 0.1191  spend: -0.0500  w_freq: 0.803  w_spend: 0.828
Epoch 198/300 — train_loss: -0.4467  val_loss: -0.4363  freq: 0.1192  spend: -0.0503  w_freq: 0.804  w_spend: 0.828
Epoch 199/300 — train_loss: -0.4379  val_loss: -0.4337  freq: 0.1192  spend: -0.0460  w_freq: 0.805  w_spend: 0.829
Epoch 200/300 — train_loss: -0.4092  val_loss: -0.4444  freq: 0.1194  spend: -0.0582  w_freq: 0.806  w_spend: 0.830
Epoch 201/300 — train_loss: -0.4504  val_loss: -0.4407  freq: 0.1192  spend: -0.0526  w_freq: 0.806  w_spend: 0.831
Epoch 202/300 — train_loss: -0.4342  val_loss: -0.4322  freq: 0.1192  spend: -0.0415  w_freq: 0.807  w_spend: 0.831
Epoch 203/300 — train_loss: -0.4306  val_loss: -0.4427  freq: 0.1192  spend: -0.0534  w_freq: 0.807  w_spend: 0.832
Epoch 204/300 — train_loss: -0.4416  val_loss: -0.4376  freq: 0.1191  spend: -0.0464  w_freq: 0.808  w_spend: 0.833
Epoch 205/300 — train_loss: -0.4493  val_loss: -0.4352  freq: 0.1190  spend: -0.0424  w_freq: 0.808  w_spend: 0.833
Epoch 206/300 — train_loss: -0.4317  val_loss: -0.4339  freq: 0.1191  spend: -0.0399  w_freq: 0.809  w_spend: 0.834
Epoch 207/300 — train_loss: -0.4481  val_loss: -0.4225  freq: 0.1192  spend: -0.0254  w_freq: 0.810  w_spend: 0.835
Epoch 208/300 — train_loss: -0.4403  val_loss: -0.4463  freq: 0.1191  spend: -0.0529  w_freq: 0.810  w_spend: 0.835
Epoch 209/300 — train_loss: -0.4420  val_loss: -0.4296  freq: 0.1192  spend: -0.0324  w_freq: 0.811  w_spend: 0.836
Epoch 210/300 — train_loss: -0.4485  val_loss: -0.4491  freq: 0.1190  spend: -0.0548  w_freq: 0.811  w_spend: 0.837
Epoch 211/300 — train_loss: -0.4127  val_loss: -0.4399  freq: 0.1190  spend: -0.0430  w_freq: 0.812  w_spend: 0.837
Epoch 212/300 — train_loss: -0.4528  val_loss: -0.4436  freq: 0.1190  spend: -0.0467  w_freq: 0.812  w_spend: 0.838
Epoch 213/300 — train_loss: -0.4461  val_loss: -0.4426  freq: 0.1192  spend: -0.0450  w_freq: 0.813  w_spend: 0.838
Epoch 214/300 — train_loss: -0.4465  val_loss: -0.4509  freq: 0.1191  spend: -0.0539  w_freq: 0.813  w_spend: 0.839
Epoch 215/300 — train_loss: -0.4534  val_loss: -0.4436  freq: 0.1191  spend: -0.0445  w_freq: 0.814  w_spend: 0.840
Epoch 216/300 — train_loss: -0.4440  val_loss: -0.4488  freq: 0.1192  spend: -0.0500  w_freq: 0.815  w_spend: 0.840
Epoch 217/300 — train_loss: -0.4404  val_loss: -0.4492  freq: 0.1192  spend: -0.0498  w_freq: 0.815  w_spend: 0.841
Epoch 218/300 — train_loss: -0.4468  val_loss: -0.4466  freq: 0.1191  spend: -0.0457  w_freq: 0.816  w_spend: 0.841
Epoch 219/300 — train_loss: -0.4541  val_loss: -0.4550  freq: 0.1190  spend: -0.0549  w_freq: 0.816  w_spend: 0.842
Epoch 220/300 — train_loss: -0.4408  val_loss: -0.4513  freq: 0.1191  spend: -0.0499  w_freq: 0.817  w_spend: 0.843
Epoch 221/300 — train_loss: -0.4492  val_loss: -0.4577  freq: 0.1191  spend: -0.0569  w_freq: 0.817  w_spend: 0.843
Epoch 222/300 — train_loss: -0.4592  val_loss: -0.4537  freq: 0.1191  spend: -0.0515  w_freq: 0.817  w_spend: 0.844
Epoch 223/300 — train_loss: -0.4438  val_loss: -0.4550  freq: 0.1190  spend: -0.0522  w_freq: 0.818  w_spend: 0.844
Epoch 224/300 — train_loss: -0.4553  val_loss: -0.4488  freq: 0.1189  spend: -0.0441  w_freq: 0.818  w_spend: 0.845
Epoch 225/300 — train_loss: -0.4595  val_loss: -0.4569  freq: 0.1191  spend: -0.0531  w_freq: 0.819  w_spend: 0.845
Epoch 226/300 — train_loss: -0.4671  val_loss: -0.4463  freq: 0.1193  spend: -0.0402  w_freq: 0.819  w_spend: 0.846
Epoch 227/300 — train_loss: -0.4652  val_loss: -0.4584  freq: 0.1191  spend: -0.0538  w_freq: 0.820  w_spend: 0.846
Epoch 228/300 — train_loss: -0.4586  val_loss: -0.4530  freq: 0.1191  spend: -0.0469  w_freq: 0.820  w_spend: 0.847
Epoch 229/300 — train_loss: -0.4559  val_loss: -0.4565  freq: 0.1191  spend: -0.0504  w_freq: 0.821  w_spend: 0.847
Epoch 230/300 — train_loss: -0.4496  val_loss: -0.4577  freq: 0.1191  spend: -0.0513  w_freq: 0.821  w_spend: 0.847
Epoch 231/300 — train_loss: -0.4651  val_loss: -0.4599  freq: 0.1192  spend: -0.0536  w_freq: 0.821  w_spend: 0.848
Epoch 232/300 — train_loss: -0.4589  val_loss: -0.4626  freq: 0.1191  spend: -0.0562  w_freq: 0.822  w_spend: 0.848
Epoch 233/300 — train_loss: -0.4617  val_loss: -0.4561  freq: 0.1191  spend: -0.0480  w_freq: 0.822  w_spend: 0.849
Epoch 234/300 — train_loss: -0.4439  val_loss: -0.4620  freq: 0.1191  spend: -0.0545  w_freq: 0.822  w_spend: 0.849
Epoch 235/300 — train_loss: -0.4578  val_loss: -0.4593  freq: 0.1192  spend: -0.0510  w_freq: 0.823  w_spend: 0.849
Epoch 236/300 — train_loss: -0.4648  val_loss: -0.4578  freq: 0.1192  spend: -0.0487  w_freq: 0.823  w_spend: 0.850
Epoch 237/300 — train_loss: -0.4575  val_loss: -0.4627  freq: 0.1191  spend: -0.0540  w_freq: 0.823  w_spend: 0.850
Epoch 238/300 — train_loss: -0.4581  val_loss: -0.4615  freq: 0.1191  spend: -0.0521  w_freq: 0.824  w_spend: 0.850
Epoch 239/300 — train_loss: -0.4462  val_loss: -0.4634  freq: 0.1190  spend: -0.0538  w_freq: 0.824  w_spend: 0.851
Epoch 240/300 — train_loss: -0.4755  val_loss: -0.4627  freq: 0.1190  spend: -0.0526  w_freq: 0.824  w_spend: 0.851
Epoch 241/300 — train_loss: -0.4334  val_loss: -0.4676  freq: 0.1190  spend: -0.0579  w_freq: 0.824  w_spend: 0.851
Epoch 242/300 — train_loss: -0.4611  val_loss: -0.4629  freq: 0.1191  spend: -0.0521  w_freq: 0.825  w_spend: 0.852
Epoch 243/300 — train_loss: -0.4518  val_loss: -0.4697  freq: 0.1191  spend: -0.0598  w_freq: 0.825  w_spend: 0.852
Epoch 244/300 — train_loss: -0.4680  val_loss: -0.4671  freq: 0.1190  spend: -0.0563  w_freq: 0.825  w_spend: 0.852
Epoch 245/300 — train_loss: -0.4653  val_loss: -0.4594  freq: 0.1190  spend: -0.0469  w_freq: 0.826  w_spend: 0.853
Epoch 246/300 — train_loss: -0.4646  val_loss: -0.4656  freq: 0.1189  spend: -0.0537  w_freq: 0.826  w_spend: 0.853
Epoch 247/300 — train_loss: -0.4591  val_loss: -0.4674  freq: 0.1189  spend: -0.0556  w_freq: 0.826  w_spend: 0.853
Epoch 248/300 — train_loss: -0.4538  val_loss: -0.4624  freq: 0.1190  spend: -0.0494  w_freq: 0.826  w_spend: 0.853
Epoch 249/300 — train_loss: -0.4445  val_loss: -0.4653  freq: 0.1190  spend: -0.0526  w_freq: 0.826  w_spend: 0.854
Epoch 250/300 — train_loss: -0.4653  val_loss: -0.4650  freq: 0.1191  spend: -0.0519  w_freq: 0.827  w_spend: 0.854
Epoch 251/300 — train_loss: -0.4511  val_loss: -0.4638  freq: 0.1192  spend: -0.0503  w_freq: 0.827  w_spend: 0.854
Epoch 252/300 — train_loss: -0.4435  val_loss: -0.4673  freq: 0.1192  spend: -0.0542  w_freq: 0.827  w_spend: 0.854
Epoch 253/300 — train_loss: -0.4605  val_loss: -0.4682  freq: 0.1191  spend: -0.0550  w_freq: 0.827  w_spend: 0.854
Epoch 254/300 — train_loss: -0.4567  val_loss: -0.4688  freq: 0.1190  spend: -0.0554  w_freq: 0.827  w_spend: 0.855
Epoch 255/300 — train_loss: -0.4556  val_loss: -0.4655  freq: 0.1190  spend: -0.0513  w_freq: 0.828  w_spend: 0.855
Epoch 256/300 — train_loss: -0.4626  val_loss: -0.4662  freq: 0.1190  spend: -0.0519  w_freq: 0.828  w_spend: 0.855
Epoch 257/300 — train_loss: -0.4514  val_loss: -0.4678  freq: 0.1190  spend: -0.0535  w_freq: 0.828  w_spend: 0.855
Epoch 258/300 — train_loss: -0.4618  val_loss: -0.4657  freq: 0.1190  spend: -0.0509  w_freq: 0.828  w_spend: 0.855
Epoch 259/300 — train_loss: -0.4628  val_loss: -0.4657  freq: 0.1190  spend: -0.0506  w_freq: 0.828  w_spend: 0.855
Epoch 260/300 — train_loss: -0.4603  val_loss: -0.4680  freq: 0.1190  spend: -0.0532  w_freq: 0.828  w_spend: 0.856
Epoch 261/300 — train_loss: -0.4644  val_loss: -0.4692  freq: 0.1190  spend: -0.0544  w_freq: 0.828  w_spend: 0.856
Epoch 262/300 — train_loss: -0.4605  val_loss: -0.4710  freq: 0.1190  spend: -0.0562  w_freq: 0.829  w_spend: 0.856
Epoch 263/300 — train_loss: -0.4551  val_loss: -0.4683  freq: 0.1190  spend: -0.0530  w_freq: 0.829  w_spend: 0.856
Epoch 264/300 — train_loss: -0.4432  val_loss: -0.4695  freq: 0.1190  spend: -0.0543  w_freq: 0.829  w_spend: 0.856
Epoch 265/300 — train_loss: -0.4578  val_loss: -0.4708  freq: 0.1190  spend: -0.0556  w_freq: 0.829  w_spend: 0.856
Epoch 266/300 — train_loss: -0.4679  val_loss: -0.4689  freq: 0.1190  spend: -0.0532  w_freq: 0.829  w_spend: 0.856
Epoch 267/300 — train_loss: -0.4396  val_loss: -0.4682  freq: 0.1190  spend: -0.0523  w_freq: 0.829  w_spend: 0.856
Epoch 268/300 — train_loss: -0.4522  val_loss: -0.4671  freq: 0.1190  spend: -0.0509  w_freq: 0.829  w_spend: 0.857
Epoch 269/300 — train_loss: -0.4601  val_loss: -0.4668  freq: 0.1190  spend: -0.0505  w_freq: 0.829  w_spend: 0.857
Epoch 270/300 — train_loss: -0.4573  val_loss: -0.4690  freq: 0.1190  spend: -0.0529  w_freq: 0.829  w_spend: 0.857
Epoch 271/300 — train_loss: -0.4646  val_loss: -0.4695  freq: 0.1190  spend: -0.0534  w_freq: 0.829  w_spend: 0.857
Epoch 272/300 — train_loss: -0.4663  val_loss: -0.4682  freq: 0.1190  spend: -0.0518  w_freq: 0.829  w_spend: 0.857
Epoch 273/300 — train_loss: -0.4211  val_loss: -0.4669  freq: 0.1190  spend: -0.0502  w_freq: 0.830  w_spend: 0.857
Epoch 274/300 — train_loss: -0.4699  val_loss: -0.4688  freq: 0.1190  spend: -0.0523  w_freq: 0.830  w_spend: 0.857
Epoch 275/300 — train_loss: -0.4652  val_loss: -0.4692  freq: 0.1190  spend: -0.0527  w_freq: 0.830  w_spend: 0.857
Epoch 276/300 — train_loss: -0.4599  val_loss: -0.4689  freq: 0.1190  spend: -0.0523  w_freq: 0.830  w_spend: 0.857
Epoch 277/300 — train_loss: -0.4497  val_loss: -0.4699  freq: 0.1190  spend: -0.0535  w_freq: 0.830  w_spend: 0.857
Epoch 278/300 — train_loss: -0.4533  val_loss: -0.4704  freq: 0.1190  spend: -0.0539  w_freq: 0.830  w_spend: 0.857
Epoch 279/300 — train_loss: -0.4686  val_loss: -0.4699  freq: 0.1190  spend: -0.0533  w_freq: 0.830  w_spend: 0.857
Epoch 280/300 — train_loss: -0.4664  val_loss: -0.4685  freq: 0.1190  spend: -0.0516  w_freq: 0.830  w_spend: 0.857
Epoch 281/300 — train_loss: -0.4670  val_loss: -0.4676  freq: 0.1190  spend: -0.0506  w_freq: 0.830  w_spend: 0.857
Epoch 282/300 — train_loss: -0.4393  val_loss: -0.4684  freq: 0.1190  spend: -0.0515  w_freq: 0.830  w_spend: 0.857
Early stopping triggered at epoch 282.

Checkpoint saved: /kaggle/working/results/checkpoints/lstm_joint_cdnow_v3_seed42_sample_repair.pt
Validation-fitted softmax temperature: 0.7500

Duan's smearing factor (val): 1.3050
Validation aggregate calibration: freq_factor=2.3762, spend_factor=2.0046

Running autoregressive inference on holdout period ...
  inference mode: sample  n_scenarios: 200  temperature: 0.7500

=== Prediction Diagnostics ===
  Mean predicted freq/week:    0.0055
  Mean actual freq/week:       0.0196
  Over-prediction ratio:       0.280x
  Customers predicted as zero total:  0.928
  Customers actually zero total:      0.781
  Non-zero rate (pred, avg > 0.05):  0.018
  Non-zero rate (true):               0.018

Metrics saved: /kaggle/working/results/tables/lstm_joint_cdnow_v3_seed42_sample_repair_metrics.json
Array artifacts saved: /kaggle/working/results/tables/lstm_joint_cdnow_v3_seed42_sample_repair_arrays.npz

=== Holdout Evaluation ===
  metric_definition_version: valendin_aggregate_mape_v1
  freq_rmse: 1.1578
  freq_mae: 0.4894
  freq_normalized_gini: 0.6656
  freq_calibration_factor: 2.3762
  freq_horizon_abs_bias_pct: 33.3613
  bias_pct: -33.3613
  freq_weekly_mae: 18.9462
  freq_weekly_total_true: 1196.0000
  freq_weekly_total_pred: 796.9994
  freq_valendin_mape: 41.1875
  freq_horizon_bias_pct: -33.3613
  freq_weekly_mean_pct_mape: 39.6119
  freq_weekly_mean_pct_bias_pct: -30.5525
  freq_weekly_bias_pct: -33.3613
  freq_weekly_mape: 41.1875
  freq_mape: 41.1875
  freq_mase: 0.3608
  freq_mase_scale: 0.0834
  smearing_factor: 1.3050
  spend_calibration_factor: 2.0046
  spend_mae_raw: 17.7717
  spend_rmse_raw: 47.3983
  spend_normalized_gini: 0.6997
  spend_mae_log: 1.4128
  spend_rmse_log: 1.6660
  spend_r2_log: 0.0425
  spend_bias_pct: -33.7982
  spend_weekly_mae: 649.6735
  spend_weekly_total_true: 43103.4400
  spend_weekly_total_pred: 28535.2513
  spend_valendin_mape: 39.1883
  spend_horizon_abs_bias_pct: 33.7982
  spend_horizon_bias_pct: -33.7982
  spend_weekly_mean_pct_mape: 36.8212
  spend_weekly_mean_pct_bias_pct: -28.1414
  spend_weekly_bias_pct: -33.7982
  spend_weekly_mape: 39.1883
  spend_mase: 0.6165
  spend_mase_scale: 1.7675
  clv_mae: 17.4002
  clv_rmse: 46.4012
  clv_spearman: 0.4104
  clv_decile_lift: 5.2602
  clv_normalized_gini: 0.7000
  clv_total_true: 42218.7344
  clv_total_pred: 28007.5664
  calibration_temperature_source: rolling_origin_autoregressive
  validation_temperature: 0.7500
  smearing_source: rolling_origin_autoregressive
  calibration_source: rolling_origin_autoregressive
  validation_freq_true_total: 120.0000
  validation_freq_pred_total: 31.9798
  validation_spend_true_total: 4587.6401
  validation_spend_pred_total: 1524.5574
  validation_freq_calibration_factor: 2.3762
  validation_spend_calibration_factor: 2.0046
  validation_rolling_origin_count: 2
  protocol_name: cdnow_sample_52x26
  cohort_size: 2349
  calibration_weeks: 52
  holdout_weeks: 26
  inference_mode: sample
  n_scenarios: 200
  repair_attempted: True
  repair_strategy: amp_disabled; lr_0.0005; grad_clip_0.5
  repair_source_failure_type: FloatingPointError
  training_lr_after_repair: 0.0005
  training_max_grad_norm_after_repair: 0.5000
  training_amp_enabled_after_repair: False
  run_valid: True
  run_invalid_reason: 
  run_warning: 
  epochs_completed: 282
  max_epochs_configured: 300
History saved: /kaggle/working/results/tables/lstm_joint_cdnow_v3_seed42_sample_repair_history.json
