[Kaggle] raw_dir  → /kaggle/working/input/uci-retail
[Kaggle] results  → /kaggle/working/results
Config: experiments/configs/transformer_joint_uci_v3.yaml
Run: transformer_joint_uci_v3_seed42_sample
Device: cuda
Loading dataset: uci ...
[pipeline] freq_cap=4 (auto q=0.99) → freq_bins=[0, 1, 2, 3]... (n_classes=5)
  Train customers: 4437, Val: 493, Inference: 4930
[uci] Customers with 0 calibration transactions: 0 / 4930
  top-bin decode: class_values[-1] = 5.515 (max_trans = 4)
Model: transformer — 102,086 parameters

Training for up to 300 epochs ...
/kaggle/working/thesis-code/src/training/trainer.py:104: FutureWarning: `torch.cuda.amp.GradScaler(args...)` is deprecated. Please use `torch.amp.GradScaler('cuda', args...)` instead.
  self.scaler = torch.cuda.amp.GradScaler(enabled=self.amp_enabled)
[Kendall] log_vars frozen for 5 warm-up epochs.

Training failed with a repairable error: FloatingPointError: Non-finite gradients in state_proj.weight, freq_head.weight, spend_head.weight
Metrics saved: /kaggle/working/results/tables/transformer_joint_uci_v3_seed42_sample_metrics.json
Retrying once as robustness repair (amp_disabled; lr_0.0005; grad_clip_0.5) ...
Config: experiments/configs/transformer_joint_uci_v3.yaml
Run: transformer_joint_uci_v3_seed42_sample_repair
Device: cuda
Loading dataset: uci ...
[pipeline] freq_cap=4 (auto q=0.99) → freq_bins=[0, 1, 2, 3]... (n_classes=5)
  Train customers: 4437, Val: 493, Inference: 4930
[uci] Customers with 0 calibration transactions: 0 / 4930
  top-bin decode: class_values[-1] = 5.515 (max_trans = 4)
Model: transformer — 102,086 parameters

Training for up to 300 epochs ...
/kaggle/working/thesis-code/src/training/trainer.py:104: FutureWarning: `torch.cuda.amp.GradScaler(args...)` is deprecated. Please use `torch.amp.GradScaler('cuda', args...)` instead.
  self.scaler = torch.cuda.amp.GradScaler(enabled=self.amp_enabled)
[Kendall] log_vars frozen for 5 warm-up epochs.
Epoch   1/300 — train_loss: 2.9472  val_loss: 2.4187  freq: 4.1047  spend: 0.7328  w_freq: 0.500  w_spend: 0.500
Epoch   2/300 — train_loss: 2.3347  val_loss: 1.5435  freq: 2.5530  spend: 0.5341  w_freq: 0.500  w_spend: 0.500
Epoch   3/300 — train_loss: 1.4228  val_loss: 0.7080  freq: 0.9386  spend: 0.4774  w_freq: 0.500  w_spend: 0.500
Epoch   4/300 — train_loss: 0.6887  val_loss: 0.4405  freq: 0.4582  spend: 0.4229  w_freq: 0.500  w_spend: 0.500
Epoch   5/300 — train_loss: 0.4679  val_loss: 0.3891  freq: 0.3603  spend: 0.4179  w_freq: 0.500  w_spend: 0.500
[Kendall] log_vars unfrozen at epoch 6.
Epoch   6/300 — train_loss: 0.4210  val_loss: 0.3640  freq: 0.3367  spend: 0.3952  w_freq: 0.501  w_spend: 0.501
Epoch   7/300 — train_loss: 0.4118  val_loss: 0.3500  freq: 0.3119  spend: 0.3969  w_freq: 0.502  w_spend: 0.502
Epoch   8/300 — train_loss: 0.3790  val_loss: 0.3350  freq: 0.3022  spend: 0.3825  w_freq: 0.505  w_spend: 0.504
Epoch   9/300 — train_loss: 0.3690  val_loss: 0.3295  freq: 0.2955  spend: 0.3847  w_freq: 0.507  w_spend: 0.507
Epoch  10/300 — train_loss: 0.3543  val_loss: 0.3241  freq: 0.2887  spend: 0.3881  w_freq: 0.510  w_spend: 0.509
Epoch  11/300 — train_loss: 0.3394  val_loss: 0.3113  freq: 0.2853  spend: 0.3741  w_freq: 0.513  w_spend: 0.512
Epoch  12/300 — train_loss: 0.3312  val_loss: 0.2984  freq: 0.2763  spend: 0.3673  w_freq: 0.516  w_spend: 0.515
Epoch  13/300 — train_loss: 0.3054  val_loss: 0.2729  freq: 0.2695  spend: 0.3346  w_freq: 0.520  w_spend: 0.519
Epoch  14/300 — train_loss: 0.2852  val_loss: 0.2466  freq: 0.2737  spend: 0.2907  w_freq: 0.524  w_spend: 0.523
Epoch  15/300 — train_loss: 0.2501  val_loss: 0.2209  freq: 0.2684  spend: 0.2574  w_freq: 0.528  w_spend: 0.527
Epoch  16/300 — train_loss: 0.2286  val_loss: 0.1963  freq: 0.2650  spend: 0.2242  w_freq: 0.532  w_spend: 0.531
Epoch  17/300 — train_loss: 0.2070  val_loss: 0.1778  freq: 0.2619  spend: 0.2039  w_freq: 0.535  w_spend: 0.535
Epoch  18/300 — train_loss: 0.1925  val_loss: 0.1668  freq: 0.2613  spend: 0.1950  w_freq: 0.540  w_spend: 0.540
Epoch  19/300 — train_loss: 0.1793  val_loss: 0.1505  freq: 0.2592  spend: 0.1787  w_freq: 0.544  w_spend: 0.544
Epoch  20/300 — train_loss: 0.1632  val_loss: 0.1513  freq: 0.2586  spend: 0.1920  w_freq: 0.548  w_spend: 0.549
Epoch  21/300 — train_loss: 0.1604  val_loss: 0.1343  freq: 0.2579  spend: 0.1716  w_freq: 0.552  w_spend: 0.554
Epoch  22/300 — train_loss: 0.1435  val_loss: 0.1318  freq: 0.2562  spend: 0.1791  w_freq: 0.556  w_spend: 0.558
Epoch  23/300 — train_loss: 0.1328  val_loss: 0.1181  freq: 0.2539  spend: 0.1678  w_freq: 0.560  w_spend: 0.562
Epoch  24/300 — train_loss: 0.1239  val_loss: 0.1047  freq: 0.2530  spend: 0.1573  w_freq: 0.564  w_spend: 0.567
Epoch  25/300 — train_loss: 0.1135  val_loss: 0.0978  freq: 0.2519  spend: 0.1571  w_freq: 0.569  w_spend: 0.573
Epoch  26/300 — train_loss: 0.0980  val_loss: 0.0993  freq: 0.2517  spend: 0.1716  w_freq: 0.573  w_spend: 0.578
Epoch  27/300 — train_loss: 0.0946  val_loss: 0.0839  freq: 0.2512  spend: 0.1569  w_freq: 0.578  w_spend: 0.583
Epoch  28/300 — train_loss: 0.0791  val_loss: 0.0772  freq: 0.2498  spend: 0.1569  w_freq: 0.582  w_spend: 0.588
Epoch  29/300 — train_loss: 0.0721  val_loss: 0.0677  freq: 0.2502  spend: 0.1503  w_freq: 0.587  w_spend: 0.593
Epoch  30/300 — train_loss: 0.0573  val_loss: 0.0566  freq: 0.2486  spend: 0.1436  w_freq: 0.591  w_spend: 0.598
Epoch  31/300 — train_loss: 0.0559  val_loss: 0.0550  freq: 0.2488  spend: 0.1523  w_freq: 0.596  w_spend: 0.603
Epoch  32/300 — train_loss: 0.0451  val_loss: 0.0446  freq: 0.2472  spend: 0.1482  w_freq: 0.601  w_spend: 0.609
Epoch  33/300 — train_loss: 0.0358  val_loss: 0.0375  freq: 0.2464  spend: 0.1498  w_freq: 0.606  w_spend: 0.615
Epoch  34/300 — train_loss: 0.0222  val_loss: 0.0294  freq: 0.2458  spend: 0.1481  w_freq: 0.612  w_spend: 0.622
Epoch  35/300 — train_loss: 0.0142  val_loss: 0.0183  freq: 0.2467  spend: 0.1390  w_freq: 0.616  w_spend: 0.627
Epoch  36/300 — train_loss: 0.0041  val_loss: 0.0202  freq: 0.2463  spend: 0.1524  w_freq: 0.621  w_spend: 0.632
Epoch  37/300 — train_loss: -0.0080  val_loss: 0.0144  freq: 0.2443  spend: 0.1559  w_freq: 0.626  w_spend: 0.638
Epoch  38/300 — train_loss: -0.0183  val_loss: 0.0099  freq: 0.2448  spend: 0.1566  w_freq: 0.631  w_spend: 0.644
Epoch  39/300 — train_loss: -0.0214  val_loss: -0.0001  freq: 0.2445  spend: 0.1491  w_freq: 0.635  w_spend: 0.648
Epoch  40/300 — train_loss: -0.0337  val_loss: -0.0003  freq: 0.2443  spend: 0.1565  w_freq: 0.639  w_spend: 0.653
Epoch  41/300 — train_loss: -0.0440  val_loss: 0.0060  freq: 0.2438  spend: 0.1747  w_freq: 0.643  w_spend: 0.658
Epoch  42/300 — train_loss: -0.0511  val_loss: -0.0085  freq: 0.2438  spend: 0.1598  w_freq: 0.647  w_spend: 0.663
Epoch  43/300 — train_loss: -0.0551  val_loss: -0.0142  freq: 0.2463  spend: 0.1557  w_freq: 0.651  w_spend: 0.667
Epoch  44/300 — train_loss: -0.0644  val_loss: -0.0143  freq: 0.2441  spend: 0.1645  w_freq: 0.655  w_spend: 0.672
Epoch  45/300 — train_loss: -0.0698  val_loss: -0.0257  freq: 0.2436  spend: 0.1553  w_freq: 0.658  w_spend: 0.676
Epoch  46/300 — train_loss: -0.0719  val_loss: -0.0371  freq: 0.2435  spend: 0.1470  w_freq: 0.663  w_spend: 0.681
Epoch  47/300 — train_loss: -0.0827  val_loss: -0.0405  freq: 0.2440  spend: 0.1508  w_freq: 0.668  w_spend: 0.687
Epoch  48/300 — train_loss: -0.0886  val_loss: -0.0541  freq: 0.2432  spend: 0.1410  w_freq: 0.673  w_spend: 0.694
Epoch  49/300 — train_loss: -0.1030  val_loss: -0.0599  freq: 0.2434  spend: 0.1410  w_freq: 0.678  w_spend: 0.700
Epoch  50/300 — train_loss: -0.1117  val_loss: -0.0612  freq: 0.2434  spend: 0.1465  w_freq: 0.683  w_spend: 0.705
Epoch  51/300 — train_loss: -0.1122  val_loss: -0.0716  freq: 0.2427  spend: 0.1399  w_freq: 0.688  w_spend: 0.711
Epoch  52/300 — train_loss: -0.1203  val_loss: -0.0712  freq: 0.2437  spend: 0.1470  w_freq: 0.692  w_spend: 0.716
Epoch  53/300 — train_loss: -0.1334  val_loss: -0.0617  freq: 0.2431  spend: 0.1669  w_freq: 0.697  w_spend: 0.722
Epoch  54/300 — train_loss: -0.1356  val_loss: -0.0776  freq: 0.2434  spend: 0.1523  w_freq: 0.701  w_spend: 0.727
Epoch  55/300 — train_loss: -0.1434  val_loss: -0.0949  freq: 0.2428  spend: 0.1365  w_freq: 0.706  w_spend: 0.733
Epoch  56/300 — train_loss: -0.1554  val_loss: -0.0859  freq: 0.2426  spend: 0.1563  w_freq: 0.711  w_spend: 0.739
Epoch  57/300 — train_loss: -0.1602  val_loss: -0.1005  freq: 0.2430  spend: 0.1434  w_freq: 0.716  w_spend: 0.745
Epoch  58/300 — train_loss: -0.1689  val_loss: -0.0940  freq: 0.2426  spend: 0.1582  w_freq: 0.720  w_spend: 0.750
Epoch  59/300 — train_loss: -0.1733  val_loss: -0.0957  freq: 0.2427  spend: 0.1615  w_freq: 0.724  w_spend: 0.755
Epoch  60/300 — train_loss: -0.1794  val_loss: -0.0982  freq: 0.2423  spend: 0.1650  w_freq: 0.728  w_spend: 0.760
Epoch  61/300 — train_loss: -0.1890  val_loss: -0.1251  freq: 0.2430  spend: 0.1356  w_freq: 0.733  w_spend: 0.766
Epoch  62/300 — train_loss: -0.1944  val_loss: -0.1044  freq: 0.2421  spend: 0.1691  w_freq: 0.737  w_spend: 0.771
Epoch  63/300 — train_loss: -0.1942  val_loss: -0.1198  freq: 0.2422  spend: 0.1546  w_freq: 0.741  w_spend: 0.777
Epoch  64/300 — train_loss: -0.2017  val_loss: -0.1227  freq: 0.2426  spend: 0.1560  w_freq: 0.746  w_spend: 0.782
Epoch  65/300 — train_loss: -0.2162  val_loss: -0.1359  freq: 0.2420  spend: 0.1449  w_freq: 0.750  w_spend: 0.787
Epoch  66/300 — train_loss: -0.2168  val_loss: -0.1468  freq: 0.2420  spend: 0.1376  w_freq: 0.754  w_spend: 0.792
Epoch  67/300 — train_loss: -0.2173  val_loss: -0.1191  freq: 0.2428  spend: 0.1779  w_freq: 0.759  w_spend: 0.799
Epoch  68/300 — train_loss: -0.2360  val_loss: -0.1423  freq: 0.2419  spend: 0.1559  w_freq: 0.764  w_spend: 0.805
Epoch  69/300 — train_loss: -0.2384  val_loss: -0.1164  freq: 0.2423  spend: 0.1934  w_freq: 0.769  w_spend: 0.811
Epoch  70/300 — train_loss: -0.2335  val_loss: -0.1116  freq: 0.2426  spend: 0.2037  w_freq: 0.774  w_spend: 0.817
Epoch  71/300 — train_loss: -0.2472  val_loss: -0.1498  freq: 0.2427  spend: 0.1620  w_freq: 0.778  w_spend: 0.822
Epoch  72/300 — train_loss: -0.2571  val_loss: -0.1520  freq: 0.2417  spend: 0.1655  w_freq: 0.782  w_spend: 0.828
Epoch  73/300 — train_loss: -0.2543  val_loss: -0.1449  freq: 0.2418  spend: 0.1791  w_freq: 0.787  w_spend: 0.834
Epoch  74/300 — train_loss: -0.2646  val_loss: -0.1532  freq: 0.2420  spend: 0.1740  w_freq: 0.791  w_spend: 0.839
Epoch  75/300 — train_loss: -0.2798  val_loss: -0.1693  freq: 0.2413  spend: 0.1610  w_freq: 0.796  w_spend: 0.845
Epoch  76/300 — train_loss: -0.2871  val_loss: -0.1472  freq: 0.2420  spend: 0.1925  w_freq: 0.801  w_spend: 0.852
Epoch  77/300 — train_loss: -0.2945  val_loss: -0.1780  freq: 0.2416  spend: 0.1628  w_freq: 0.807  w_spend: 0.860
Epoch  78/300 — train_loss: -0.3007  val_loss: -0.1463  freq: 0.2416  spend: 0.2049  w_freq: 0.812  w_spend: 0.867
Epoch  79/300 — train_loss: -0.3098  val_loss: -0.1756  freq: 0.2415  spend: 0.1763  w_freq: 0.818  w_spend: 0.873
Epoch  80/300 — train_loss: -0.3148  val_loss: -0.1796  freq: 0.2416  spend: 0.1767  w_freq: 0.823  w_spend: 0.880
Epoch  81/300 — train_loss: -0.3179  val_loss: -0.1138  freq: 0.2420  spend: 0.2551  w_freq: 0.827  w_spend: 0.886
Epoch  82/300 — train_loss: -0.3188  val_loss: -0.1895  freq: 0.2417  spend: 0.1739  w_freq: 0.832  w_spend: 0.892
Epoch  83/300 — train_loss: -0.3303  val_loss: -0.1768  freq: 0.2414  spend: 0.1923  w_freq: 0.836  w_spend: 0.897
Epoch  84/300 — train_loss: -0.3393  val_loss: -0.1848  freq: 0.2418  spend: 0.1876  w_freq: 0.840  w_spend: 0.903
Epoch  85/300 — train_loss: -0.3384  val_loss: -0.2054  freq: 0.2412  spend: 0.1701  w_freq: 0.845  w_spend: 0.910
Epoch  86/300 — train_loss: -0.3368  val_loss: -0.2299  freq: 0.2415  spend: 0.1478  w_freq: 0.850  w_spend: 0.917
Epoch  87/300 — train_loss: -0.3391  val_loss: -0.1917  freq: 0.2414  spend: 0.1932  w_freq: 0.855  w_spend: 0.923
Epoch  88/300 — train_loss: -0.3504  val_loss: -0.1912  freq: 0.2412  spend: 0.1971  w_freq: 0.859  w_spend: 0.928
Epoch  89/300 — train_loss: -0.3728  val_loss: -0.2112  freq: 0.2411  spend: 0.1794  w_freq: 0.863  w_spend: 0.933
Epoch  90/300 — train_loss: -0.3662  val_loss: -0.2216  freq: 0.2414  spend: 0.1723  w_freq: 0.867  w_spend: 0.939
Epoch  91/300 — train_loss: -0.3808  val_loss: -0.2078  freq: 0.2413  spend: 0.1912  w_freq: 0.872  w_spend: 0.946
Epoch  92/300 — train_loss: -0.3831  val_loss: -0.2186  freq: 0.2408  spend: 0.1844  w_freq: 0.877  w_spend: 0.953
Epoch  93/300 — train_loss: -0.3890  val_loss: -0.2151  freq: 0.2413  spend: 0.1918  w_freq: 0.882  w_spend: 0.960
Epoch  94/300 — train_loss: -0.3978  val_loss: -0.2016  freq: 0.2415  spend: 0.2095  w_freq: 0.887  w_spend: 0.967
Epoch  95/300 — train_loss: -0.3966  val_loss: -0.2287  freq: 0.2412  spend: 0.1858  w_freq: 0.892  w_spend: 0.974
Epoch  96/300 — train_loss: -0.4077  val_loss: -0.2354  freq: 0.2412  spend: 0.1827  w_freq: 0.897  w_spend: 0.980
Epoch  97/300 — train_loss: -0.4136  val_loss: -0.2127  freq: 0.2411  spend: 0.2094  w_freq: 0.902  w_spend: 0.987
Epoch  98/300 — train_loss: -0.4139  val_loss: -0.2089  freq: 0.2412  spend: 0.2164  w_freq: 0.907  w_spend: 0.993
Epoch  99/300 — train_loss: -0.4224  val_loss: -0.2071  freq: 0.2411  spend: 0.2211  w_freq: 0.911  w_spend: 0.999
Epoch 100/300 — train_loss: -0.4208  val_loss: -0.2391  freq: 0.2410  spend: 0.1919  w_freq: 0.915  w_spend: 1.004
Epoch 101/300 — train_loss: -0.4509  val_loss: -0.2241  freq: 0.2411  spend: 0.2102  w_freq: 0.919  w_spend: 1.011
Epoch 102/300 — train_loss: -0.4483  val_loss: -0.2505  freq: 0.2407  spend: 0.1880  w_freq: 0.924  w_spend: 1.018
Epoch 103/300 — train_loss: -0.4438  val_loss: -0.2534  freq: 0.2407  spend: 0.1881  w_freq: 0.929  w_spend: 1.024
Epoch 104/300 — train_loss: -0.4599  val_loss: -0.2375  freq: 0.2408  spend: 0.2066  w_freq: 0.933  w_spend: 1.030
Epoch 105/300 — train_loss: -0.4591  val_loss: -0.2250  freq: 0.2408  spend: 0.2212  w_freq: 0.937  w_spend: 1.036
Epoch 106/300 — train_loss: -0.4579  val_loss: -0.2398  freq: 0.2413  spend: 0.2094  w_freq: 0.941  w_spend: 1.042
Epoch 107/300 — train_loss: -0.4751  val_loss: -0.2396  freq: 0.2408  spend: 0.2133  w_freq: 0.946  w_spend: 1.049
Epoch 108/300 — train_loss: -0.4714  val_loss: -0.2471  freq: 0.2406  spend: 0.2087  w_freq: 0.951  w_spend: 1.056
Epoch 109/300 — train_loss: -0.4821  val_loss: -0.2522  freq: 0.2407  spend: 0.2063  w_freq: 0.954  w_spend: 1.061
Epoch 110/300 — train_loss: -0.4896  val_loss: -0.2529  freq: 0.2409  spend: 0.2078  w_freq: 0.958  w_spend: 1.067
Epoch 111/300 — train_loss: -0.4825  val_loss: -0.2689  freq: 0.2405  spend: 0.1954  w_freq: 0.962  w_spend: 1.072
Epoch 112/300 — train_loss: -0.4929  val_loss: -0.2519  freq: 0.2405  spend: 0.2132  w_freq: 0.965  w_spend: 1.077
Epoch 113/300 — train_loss: -0.5060  val_loss: -0.2679  freq: 0.2409  spend: 0.2007  w_freq: 0.969  w_spend: 1.083
Epoch 114/300 — train_loss: -0.5006  val_loss: -0.2675  freq: 0.2410  spend: 0.2033  w_freq: 0.973  w_spend: 1.089
Epoch 115/300 — train_loss: -0.4989  val_loss: -0.2754  freq: 0.2409  spend: 0.1985  w_freq: 0.977  w_spend: 1.094
Epoch 116/300 — train_loss: -0.5114  val_loss: -0.2592  freq: 0.2409  spend: 0.2158  w_freq: 0.981  w_spend: 1.101
Epoch 117/300 — train_loss: -0.5104  val_loss: -0.2746  freq: 0.2410  spend: 0.2042  w_freq: 0.986  w_spend: 1.107
Epoch 118/300 — train_loss: -0.5196  val_loss: -0.2983  freq: 0.2408  spend: 0.1851  w_freq: 0.989  w_spend: 1.113
Epoch 119/300 — train_loss: -0.5250  val_loss: -0.2807  freq: 0.2412  spend: 0.2029  w_freq: 0.993  w_spend: 1.119
Epoch 120/300 — train_loss: -0.5375  val_loss: -0.2250  freq: 0.2412  spend: 0.2545  w_freq: 0.997  w_spend: 1.125
Epoch 121/300 — train_loss: -0.5392  val_loss: -0.2813  freq: 0.2408  spend: 0.2072  w_freq: 1.002  w_spend: 1.131
Epoch 122/300 — train_loss: -0.5379  val_loss: -0.2868  freq: 0.2407  spend: 0.2046  w_freq: 1.005  w_spend: 1.137
Epoch 123/300 — train_loss: -0.5400  val_loss: -0.2754  freq: 0.2409  spend: 0.2164  w_freq: 1.009  w_spend: 1.143
Epoch 124/300 — train_loss: -0.5557  val_loss: -0.2829  freq: 0.2411  spend: 0.2119  w_freq: 1.014  w_spend: 1.149
Epoch 125/300 — train_loss: -0.5580  val_loss: -0.2990  freq: 0.2410  spend: 0.2002  w_freq: 1.018  w_spend: 1.156
Epoch 126/300 — train_loss: -0.5656  val_loss: -0.2543  freq: 0.2413  spend: 0.2403  w_freq: 1.022  w_spend: 1.162
Epoch 127/300 — train_loss: -0.5644  val_loss: -0.2702  freq: 0.2408  spend: 0.2290  w_freq: 1.026  w_spend: 1.168
Epoch 128/300 — train_loss: -0.5768  val_loss: -0.2769  freq: 0.2410  spend: 0.2249  w_freq: 1.030  w_spend: 1.174
Epoch 129/300 — train_loss: -0.5812  val_loss: -0.2797  freq: 0.2409  spend: 0.2242  w_freq: 1.033  w_spend: 1.180
Epoch 130/300 — train_loss: -0.5809  val_loss: -0.2886  freq: 0.2411  spend: 0.2182  w_freq: 1.037  w_spend: 1.185
Epoch 131/300 — train_loss: -0.5787  val_loss: -0.2872  freq: 0.2409  spend: 0.2213  w_freq: 1.040  w_spend: 1.191
Epoch 132/300 — train_loss: -0.5902  val_loss: -0.2764  freq: 0.2410  spend: 0.2321  w_freq: 1.044  w_spend: 1.197
Epoch 133/300 — train_loss: -0.5934  val_loss: -0.2569  freq: 0.2410  spend: 0.2502  w_freq: 1.049  w_spend: 1.204
Epoch 134/300 — train_loss: -0.5879  val_loss: -0.2808  freq: 0.2410  spend: 0.2321  w_freq: 1.053  w_spend: 1.211
Epoch 135/300 — train_loss: -0.5873  val_loss: -0.3042  freq: 0.2407  spend: 0.2148  w_freq: 1.057  w_spend: 1.217
Epoch 136/300 — train_loss: -0.6028  val_loss: -0.2862  freq: 0.2412  spend: 0.2309  w_freq: 1.061  w_spend: 1.223
Epoch 137/300 — train_loss: -0.6199  val_loss: -0.2888  freq: 0.2406  spend: 0.2309  w_freq: 1.065  w_spend: 1.229
Epoch 138/300 — train_loss: -0.6252  val_loss: -0.2846  freq: 0.2410  spend: 0.2356  w_freq: 1.069  w_spend: 1.236
Epoch 139/300 — train_loss: -0.6238  val_loss: -0.3158  freq: 0.2409  spend: 0.2120  w_freq: 1.073  w_spend: 1.242
Epoch 140/300 — train_loss: -0.6287  val_loss: -0.3048  freq: 0.2412  spend: 0.2223  w_freq: 1.077  w_spend: 1.248
Epoch 141/300 — train_loss: -0.6228  val_loss: -0.3300  freq: 0.2407  spend: 0.2041  w_freq: 1.080  w_spend: 1.254
Epoch 142/300 — train_loss: -0.6415  val_loss: -0.2890  freq: 0.2410  spend: 0.2378  w_freq: 1.084  w_spend: 1.260
Epoch 143/300 — train_loss: -0.6378  val_loss: -0.2552  freq: 0.2410  spend: 0.2657  w_freq: 1.087  w_spend: 1.265
Epoch 144/300 — train_loss: -0.6405  val_loss: -0.2959  freq: 0.2410  spend: 0.2348  w_freq: 1.091  w_spend: 1.270
Epoch 145/300 — train_loss: -0.6460  val_loss: -0.3133  freq: 0.2408  spend: 0.2228  w_freq: 1.094  w_spend: 1.276
Epoch 146/300 — train_loss: -0.6418  val_loss: -0.3103  freq: 0.2407  spend: 0.2267  w_freq: 1.098  w_spend: 1.282
Epoch 147/300 — train_loss: -0.6603  val_loss: -0.2720  freq: 0.2409  spend: 0.2574  w_freq: 1.102  w_spend: 1.288
Epoch 148/300 — train_loss: -0.6668  val_loss: -0.2952  freq: 0.2408  spend: 0.2408  w_freq: 1.105  w_spend: 1.294
Epoch 149/300 — train_loss: -0.6638  val_loss: -0.2849  freq: 0.2408  spend: 0.2501  w_freq: 1.109  w_spend: 1.300
Epoch 150/300 — train_loss: -0.6661  val_loss: -0.3009  freq: 0.2408  spend: 0.2391  w_freq: 1.113  w_spend: 1.307
Epoch 151/300 — train_loss: -0.6804  val_loss: -0.2680  freq: 0.2406  spend: 0.2655  w_freq: 1.117  w_spend: 1.313
Epoch 152/300 — train_loss: -0.6783  val_loss: -0.2976  freq: 0.2411  spend: 0.2437  w_freq: 1.120  w_spend: 1.319
Epoch 153/300 — train_loss: -0.6780  val_loss: -0.2954  freq: 0.2407  spend: 0.2469  w_freq: 1.124  w_spend: 1.325
Epoch 154/300 — train_loss: -0.6737  val_loss: -0.3396  freq: 0.2410  spend: 0.2146  w_freq: 1.127  w_spend: 1.331
Epoch 155/300 — train_loss: -0.7022  val_loss: -0.2987  freq: 0.2408  spend: 0.2464  w_freq: 1.131  w_spend: 1.336
Epoch 156/300 — train_loss: -0.6972  val_loss: -0.3129  freq: 0.2407  spend: 0.2369  w_freq: 1.134  w_spend: 1.342
Epoch 157/300 — train_loss: -0.6935  val_loss: -0.2771  freq: 0.2406  spend: 0.2645  w_freq: 1.137  w_spend: 1.347
Epoch 158/300 — train_loss: -0.7071  val_loss: -0.3107  freq: 0.2412  spend: 0.2401  w_freq: 1.140  w_spend: 1.352
Epoch 159/300 — train_loss: -0.7106  val_loss: -0.2527  freq: 0.2408  spend: 0.2841  w_freq: 1.144  w_spend: 1.358
Epoch 160/300 — train_loss: -0.6963  val_loss: -0.3128  freq: 0.2407  spend: 0.2410  w_freq: 1.147  w_spend: 1.364
Epoch 161/300 — train_loss: -0.7016  val_loss: -0.3130  freq: 0.2406  spend: 0.2419  w_freq: 1.150  w_spend: 1.369
Epoch 162/300 — train_loss: -0.7107  val_loss: -0.2843  freq: 0.2404  spend: 0.2638  w_freq: 1.154  w_spend: 1.375
Epoch 163/300 — train_loss: -0.7227  val_loss: -0.3141  freq: 0.2409  spend: 0.2428  w_freq: 1.157  w_spend: 1.380
Epoch 164/300 — train_loss: -0.7218  val_loss: -0.2991  freq: 0.2409  spend: 0.2544  w_freq: 1.160  w_spend: 1.386
Epoch 165/300 — train_loss: -0.7344  val_loss: -0.3150  freq: 0.2409  spend: 0.2438  w_freq: 1.163  w_spend: 1.391
Epoch 166/300 — train_loss: -0.7167  val_loss: -0.2765  freq: 0.2410  spend: 0.2721  w_freq: 1.166  w_spend: 1.396
Epoch 167/300 — train_loss: -0.7277  val_loss: -0.2830  freq: 0.2408  spend: 0.2682  w_freq: 1.169  w_spend: 1.401
Epoch 168/300 — train_loss: -0.7317  val_loss: -0.3091  freq: 0.2407  spend: 0.2505  w_freq: 1.172  w_spend: 1.406
Epoch 169/300 — train_loss: -0.7446  val_loss: -0.2811  freq: 0.2407  spend: 0.2710  w_freq: 1.175  w_spend: 1.411
Epoch 170/300 — train_loss: -0.7449  val_loss: -0.2912  freq: 0.2407  spend: 0.2645  w_freq: 1.178  w_spend: 1.415
Epoch 171/300 — train_loss: -0.7538  val_loss: -0.2815  freq: 0.2409  spend: 0.2718  w_freq: 1.180  w_spend: 1.420
Epoch 172/300 — train_loss: -0.7552  val_loss: -0.2881  freq: 0.2407  spend: 0.2681  w_freq: 1.183  w_spend: 1.425
Epoch 173/300 — train_loss: -0.7517  val_loss: -0.2821  freq: 0.2407  spend: 0.2728  w_freq: 1.186  w_spend: 1.430
Epoch 174/300 — train_loss: -0.7739  val_loss: -0.2773  freq: 0.2406  spend: 0.2769  w_freq: 1.189  w_spend: 1.435
Early stopping triggered at epoch 174.

Checkpoint saved: /kaggle/working/results/checkpoints/transformer_joint_uci_v3_seed42_sample_repair.pt
Validation-fitted softmax temperature: 0.7500

Duan's smearing factor (val): 1.1571
Validation aggregate calibration: freq_factor=1.5794, spend_factor=1.3120

Running autoregressive inference on holdout period ...
  inference mode: sample  n_scenarios: 200  temperature: 0.7500

=== Prediction Diagnostics ===
  Mean predicted freq/week:    0.0287
  Mean actual freq/week:       0.0656
  Over-prediction ratio:       0.437x
  Customers predicted as zero total:  0.679
  Customers actually zero total:      0.484
  Non-zero rate (pred, avg > 0.05):  0.119
  Non-zero rate (true):               0.055

Metrics saved: /kaggle/working/results/tables/transformer_joint_uci_v3_seed42_sample_repair_metrics.json
Array artifacts saved: /kaggle/working/results/tables/transformer_joint_uci_v3_seed42_sample_repair_arrays.npz

=== Holdout Evaluation ===
  metric_definition_version: valendin_aggregate_mape_v1
  freq_rmse: 2.2421
  freq_mae: 1.1350
  freq_normalized_gini: 0.7644
  freq_calibration_factor: 1.5794
  freq_horizon_abs_bias_pct: 30.9536
  bias_pct: -30.9536
  freq_weekly_mae: 104.2200
  freq_weekly_total_true: 8413.0000
  freq_weekly_total_pred: 5808.8735
  freq_valendin_mape: 32.2087
  freq_horizon_bias_pct: -30.9536
  freq_weekly_mean_pct_mape: 30.4672
  freq_weekly_mean_pct_bias_pct: -28.7014
  freq_weekly_bias_pct: -30.9536
  freq_weekly_mape: 32.2087
  freq_mape: 32.2087
  freq_mase: 0.7813
  freq_mase_scale: 0.1146
  smearing_factor: 1.1571
  spend_calibration_factor: 1.3120
  spend_mae_raw: 581.9785
  spend_rmse_raw: 3624.1145
  spend_normalized_gini: 0.8553
  spend_mae_log: 2.5274
  spend_rmse_log: 3.1016
  spend_r2_log: 0.1475
  spend_bias_pct: -42.4908
  spend_weekly_mae: 69732.8174
  spend_weekly_total_true: 4266929.6797
  spend_weekly_total_pred: 2453876.4267
  spend_valendin_mape: 42.4908
  spend_horizon_abs_bias_pct: 42.4908
  spend_horizon_bias_pct: -42.4908
  spend_weekly_mean_pct_mape: 40.1631
  spend_weekly_mean_pct_bias_pct: -40.1631
  spend_weekly_bias_pct: -42.4908
  spend_weekly_mape: 42.4908
  spend_mase: 1.1712
  spend_mase_scale: 36.7368
  clv_mae: 567.1517
  clv_rmse: 3534.5823
  clv_spearman: 0.6084
  clv_decile_lift: 6.1364
  clv_normalized_gini: 0.8556
  clv_total_true: 4160751.5000
  clv_total_pred: 2396393.2500
  calibration_temperature_source: rolling_origin_autoregressive
  validation_temperature: 0.7500
  smearing_source: rolling_origin_autoregressive
  calibration_source: rolling_origin_autoregressive
  validation_freq_true_total: 662.0000
  validation_freq_pred_total: 306.6655
  validation_spend_true_total: 287846.2422
  validation_spend_pred_total: 177242.2188
  validation_freq_calibration_factor: 1.5794
  validation_spend_calibration_factor: 1.3120
  validation_rolling_origin_count: 2
  protocol_name: uci_configured_78x26
  cohort_size: 4930
  calibration_weeks: 78
  holdout_weeks: 26
  inference_mode: sample
  n_scenarios: 200
  repair_attempted: True
  repair_strategy: amp_disabled; lr_0.0005; grad_clip_0.5
  repair_source_failure_type: FloatingPointError
  training_lr_after_repair: 0.0005
  training_max_grad_norm_after_repair: 0.5000
  training_amp_enabled_after_repair: False
  run_valid: True
  run_invalid_reason: 
  run_warning: 
  epochs_completed: 174
  max_epochs_configured: 300
History saved: /kaggle/working/results/tables/transformer_joint_uci_v3_seed42_sample_repair_history.json
