[Kaggle] raw_dir  → /kaggle/working/input/dunnhumby
[Kaggle] results  → /kaggle/working/results
Config: experiments/configs/extension3_lstm_dynamic_dunnhumby.yaml
Run: extension3_lstm_dynamic_dunnhumby_final_seed42_sample
Device: cuda
Loading dataset: dunnhumby ...
[pipeline] freq_cap=10 (auto q=0.99) → freq_bins=[0, 1, 2, 3]... (n_classes=11)
  Train customers: 2249, Val: 249, Inference: 2498
[dunnhumby] Customers with 0 calibration transactions: 0 / 2498
  top-bin decode: class_values[-1] = 13.099 (max_trans = 10)
Model: lstm — 103,697 parameters

Training for up to 100 epochs ...
/kaggle/working/thesis-code/src/training/trainer.py:104: FutureWarning: `torch.cuda.amp.GradScaler(args...)` is deprecated. Please use `torch.amp.GradScaler('cuda', args...)` instead.
  self.scaler = torch.cuda.amp.GradScaler(enabled=self.amp_enabled)
[Kendall] log_vars frozen for 5 warm-up epochs.
Epoch   1/100 — train_loss: 1.3080  val_loss: 1.2995  freq: 2.3465  spend: 0.2526  w_freq: 0.500  w_spend: 0.500
Epoch   2/100 — train_loss: 1.2863  val_loss: 1.2636  freq: 2.2782  spend: 0.2489  w_freq: 0.500  w_spend: 0.500
Epoch   3/100 — train_loss: 1.2356  val_loss: 1.1770  freq: 2.1151  spend: 0.2389  w_freq: 0.500  w_spend: 0.500
Epoch   4/100 — train_loss: 1.0914  val_loss: 0.9182  freq: 1.6380  spend: 0.1984  w_freq: 0.500  w_spend: 0.500
Epoch   5/100 — train_loss: 0.8802  val_loss: 0.7959  freq: 1.4473  spend: 0.1444  w_freq: 0.500  w_spend: 0.500
[Kendall] log_vars unfrozen at epoch 6.
Epoch   6/100 — train_loss: 0.8147  val_loss: 0.7696  freq: 1.3865  spend: 0.1581  w_freq: 0.499  w_spend: 0.501
Epoch   7/100 — train_loss: 0.7809  val_loss: 0.7264  freq: 1.3256  spend: 0.1378  w_freq: 0.497  w_spend: 0.503
Epoch   8/100 — train_loss: 0.7483  val_loss: 0.6977  freq: 1.2812  spend: 0.1299  w_freq: 0.495  w_spend: 0.506
Epoch   9/100 — train_loss: 0.7185  val_loss: 0.6606  freq: 1.2435  spend: 0.0987  w_freq: 0.492  w_spend: 0.508
Epoch  10/100 — train_loss: 0.6889  val_loss: 0.6397  freq: 1.2258  spend: 0.0797  w_freq: 0.490  w_spend: 0.510
Epoch  11/100 — train_loss: 0.6662  val_loss: 0.6181  freq: 1.2144  spend: 0.0539  w_freq: 0.488  w_spend: 0.513
Epoch  12/100 — train_loss: 0.6461  val_loss: 0.5998  freq: 1.2086  spend: 0.0291  w_freq: 0.487  w_spend: 0.516
Epoch  13/100 — train_loss: 0.6290  val_loss: 0.5866  freq: 1.2090  spend: 0.0085  w_freq: 0.485  w_spend: 0.518
Epoch  14/100 — train_loss: 0.6168  val_loss: 0.5755  freq: 1.2123  spend: -0.0110  w_freq: 0.483  w_spend: 0.521
Epoch  15/100 — train_loss: 0.6036  val_loss: 0.5630  freq: 1.2086  spend: -0.0262  w_freq: 0.481  w_spend: 0.523
Epoch  16/100 — train_loss: 0.5921  val_loss: 0.5532  freq: 1.1987  spend: -0.0308  w_freq: 0.480  w_spend: 0.526
Epoch  17/100 — train_loss: 0.5835  val_loss: 0.5496  freq: 1.1906  spend: -0.0260  w_freq: 0.478  w_spend: 0.528
Epoch  18/100 — train_loss: 0.5756  val_loss: 0.5397  freq: 1.1868  spend: -0.0372  w_freq: 0.477  w_spend: 0.530
Epoch  19/100 — train_loss: 0.5678  val_loss: 0.5316  freq: 1.1805  spend: -0.0424  w_freq: 0.476  w_spend: 0.532
Epoch  20/100 — train_loss: 0.5617  val_loss: 0.5278  freq: 1.1775  spend: -0.0427  w_freq: 0.475  w_spend: 0.534
Epoch  21/100 — train_loss: 0.5564  val_loss: 0.5200  freq: 1.1743  spend: -0.0504  w_freq: 0.473  w_spend: 0.536
Epoch  22/100 — train_loss: 0.5507  val_loss: 0.5178  freq: 1.1729  spend: -0.0491  w_freq: 0.472  w_spend: 0.538
Epoch  23/100 — train_loss: 0.5478  val_loss: 0.5122  freq: 1.1699  spend: -0.0530  w_freq: 0.471  w_spend: 0.540
Epoch  24/100 — train_loss: 0.5429  val_loss: 0.5083  freq: 1.1694  spend: -0.0559  w_freq: 0.470  w_spend: 0.543
Epoch  25/100 — train_loss: 0.5401  val_loss: 0.5057  freq: 1.1666  spend: -0.0547  w_freq: 0.469  w_spend: 0.544
Epoch  26/100 — train_loss: 0.5370  val_loss: 0.5012  freq: 1.1653  spend: -0.0580  w_freq: 0.468  w_spend: 0.546
Epoch  27/100 — train_loss: 0.5325  val_loss: 0.4968  freq: 1.1639  spend: -0.0608  w_freq: 0.467  w_spend: 0.548
Epoch  28/100 — train_loss: 0.5289  val_loss: 0.4937  freq: 1.1624  spend: -0.0613  w_freq: 0.466  w_spend: 0.551
Epoch  29/100 — train_loss: 0.5246  val_loss: 0.4897  freq: 1.1604  spend: -0.0626  w_freq: 0.465  w_spend: 0.553
Epoch  30/100 — train_loss: 0.5208  val_loss: 0.4859  freq: 1.1590  spend: -0.0638  w_freq: 0.464  w_spend: 0.555
Epoch  31/100 — train_loss: 0.5189  val_loss: 0.4825  freq: 1.1579  spend: -0.0651  w_freq: 0.463  w_spend: 0.558
Epoch  32/100 — train_loss: 0.5146  val_loss: 0.4822  freq: 1.1566  spend: -0.0609  w_freq: 0.462  w_spend: 0.560
Epoch  33/100 — train_loss: 0.5114  val_loss: 0.4768  freq: 1.1554  spend: -0.0660  w_freq: 0.461  w_spend: 0.562
Epoch  34/100 — train_loss: 0.5086  val_loss: 0.4743  freq: 1.1553  spend: -0.0666  w_freq: 0.460  w_spend: 0.564
Epoch  35/100 — train_loss: 0.5062  val_loss: 0.4720  freq: 1.1533  spend: -0.0654  w_freq: 0.459  w_spend: 0.566
Epoch  36/100 — train_loss: 0.5021  val_loss: 0.4686  freq: 1.1531  spend: -0.0681  w_freq: 0.459  w_spend: 0.568
Epoch  37/100 — train_loss: 0.5001  val_loss: 0.4666  freq: 1.1524  spend: -0.0677  w_freq: 0.458  w_spend: 0.570
Epoch  38/100 — train_loss: 0.4969  val_loss: 0.4643  freq: 1.1512  spend: -0.0674  w_freq: 0.457  w_spend: 0.572
Epoch  39/100 — train_loss: 0.4955  val_loss: 0.4628  freq: 1.1514  spend: -0.0671  w_freq: 0.456  w_spend: 0.574
Epoch  40/100 — train_loss: 0.4925  val_loss: 0.4606  freq: 1.1504  spend: -0.0672  w_freq: 0.456  w_spend: 0.576
Epoch  41/100 — train_loss: 0.4912  val_loss: 0.4584  freq: 1.1499  spend: -0.0680  w_freq: 0.455  w_spend: 0.577
Epoch  42/100 — train_loss: 0.4879  val_loss: 0.4558  freq: 1.1489  spend: -0.0688  w_freq: 0.454  w_spend: 0.579
Epoch  43/100 — train_loss: 0.4878  val_loss: 0.4542  freq: 1.1489  spend: -0.0689  w_freq: 0.454  w_spend: 0.581
Epoch  44/100 — train_loss: 0.4848  val_loss: 0.4526  freq: 1.1486  spend: -0.0690  w_freq: 0.453  w_spend: 0.582
Epoch  45/100 — train_loss: 0.4826  val_loss: 0.4505  freq: 1.1474  spend: -0.0691  w_freq: 0.453  w_spend: 0.584
Epoch  46/100 — train_loss: 0.4816  val_loss: 0.4486  freq: 1.1468  spend: -0.0693  w_freq: 0.452  w_spend: 0.585
Epoch  47/100 — train_loss: 0.4786  val_loss: 0.4470  freq: 1.1466  spend: -0.0692  w_freq: 0.452  w_spend: 0.587
Epoch  48/100 — train_loss: 0.4771  val_loss: 0.4457  freq: 1.1456  spend: -0.0681  w_freq: 0.451  w_spend: 0.589
Epoch  49/100 — train_loss: 0.4744  val_loss: 0.4440  freq: 1.1455  spend: -0.0685  w_freq: 0.451  w_spend: 0.590
Epoch  50/100 — train_loss: 0.4735  val_loss: 0.4417  freq: 1.1452  spend: -0.0699  w_freq: 0.450  w_spend: 0.592
Epoch  51/100 — train_loss: 0.4722  val_loss: 0.4395  freq: 1.1442  spend: -0.0706  w_freq: 0.450  w_spend: 0.593
Epoch  52/100 — train_loss: 0.4689  val_loss: 0.4387  freq: 1.1444  spend: -0.0696  w_freq: 0.449  w_spend: 0.595
Epoch  53/100 — train_loss: 0.4678  val_loss: 0.4360  freq: 1.1436  spend: -0.0715  w_freq: 0.449  w_spend: 0.596
Epoch  54/100 — train_loss: 0.4658  val_loss: 0.4364  freq: 1.1437  spend: -0.0689  w_freq: 0.448  w_spend: 0.597
Epoch  55/100 — train_loss: 0.4644  val_loss: 0.4344  freq: 1.1430  spend: -0.0699  w_freq: 0.448  w_spend: 0.599
Epoch  56/100 — train_loss: 0.4635  val_loss: 0.4324  freq: 1.1427  spend: -0.0711  w_freq: 0.447  w_spend: 0.600
Epoch  57/100 — train_loss: 0.4623  val_loss: 0.4310  freq: 1.1424  spend: -0.0713  w_freq: 0.447  w_spend: 0.601
Epoch  58/100 — train_loss: 0.4597  val_loss: 0.4299  freq: 1.1420  spend: -0.0710  w_freq: 0.447  w_spend: 0.603
Epoch  59/100 — train_loss: 0.4588  val_loss: 0.4287  freq: 1.1417  spend: -0.0710  w_freq: 0.446  w_spend: 0.604
Epoch  60/100 — train_loss: 0.4577  val_loss: 0.4277  freq: 1.1418  spend: -0.0709  w_freq: 0.446  w_spend: 0.605
Epoch  61/100 — train_loss: 0.4556  val_loss: 0.4260  freq: 1.1410  spend: -0.0716  w_freq: 0.446  w_spend: 0.606
Epoch  62/100 — train_loss: 0.4548  val_loss: 0.4249  freq: 1.1409  spend: -0.0718  w_freq: 0.445  w_spend: 0.607
Epoch  63/100 — train_loss: 0.4543  val_loss: 0.4251  freq: 1.1421  spend: -0.0709  w_freq: 0.445  w_spend: 0.608
Epoch  64/100 — train_loss: 0.4529  val_loss: 0.4231  freq: 1.1402  spend: -0.0716  w_freq: 0.445  w_spend: 0.609
Epoch  65/100 — train_loss: 0.4526  val_loss: 0.4233  freq: 1.1399  spend: -0.0700  w_freq: 0.445  w_spend: 0.610
Epoch  66/100 — train_loss: 0.4516  val_loss: 0.4214  freq: 1.1402  spend: -0.0722  w_freq: 0.444  w_spend: 0.610
Epoch  67/100 — train_loss: 0.4501  val_loss: 0.4207  freq: 1.1400  spend: -0.0721  w_freq: 0.444  w_spend: 0.611
Epoch  68/100 — train_loss: 0.4495  val_loss: 0.4200  freq: 1.1400  spend: -0.0722  w_freq: 0.444  w_spend: 0.612
Epoch  69/100 — train_loss: 0.4494  val_loss: 0.4196  freq: 1.1397  spend: -0.0716  w_freq: 0.444  w_spend: 0.613
Epoch  70/100 — train_loss: 0.4487  val_loss: 0.4188  freq: 1.1393  spend: -0.0716  w_freq: 0.444  w_spend: 0.613
Epoch  71/100 — train_loss: 0.4474  val_loss: 0.4179  freq: 1.1394  spend: -0.0723  w_freq: 0.443  w_spend: 0.614
Epoch  72/100 — train_loss: 0.4455  val_loss: 0.4172  freq: 1.1390  spend: -0.0722  w_freq: 0.443  w_spend: 0.615
Epoch  73/100 — train_loss: 0.4454  val_loss: 0.4166  freq: 1.1390  spend: -0.0723  w_freq: 0.443  w_spend: 0.615
Epoch  74/100 — train_loss: 0.4453  val_loss: 0.4160  freq: 1.1389  spend: -0.0725  w_freq: 0.443  w_spend: 0.616
Epoch  75/100 — train_loss: 0.4452  val_loss: 0.4161  freq: 1.1390  spend: -0.0717  w_freq: 0.443  w_spend: 0.616
Epoch  76/100 — train_loss: 0.4435  val_loss: 0.4150  freq: 1.1385  spend: -0.0724  w_freq: 0.443  w_spend: 0.617
Epoch  77/100 — train_loss: 0.4431  val_loss: 0.4146  freq: 1.1385  spend: -0.0724  w_freq: 0.443  w_spend: 0.617
Epoch  78/100 — train_loss: 0.4438  val_loss: 0.4140  freq: 1.1384  spend: -0.0728  w_freq: 0.442  w_spend: 0.618
Epoch  79/100 — train_loss: 0.4417  val_loss: 0.4133  freq: 1.1383  spend: -0.0732  w_freq: 0.442  w_spend: 0.618
Epoch  80/100 — train_loss: 0.4418  val_loss: 0.4134  freq: 1.1385  spend: -0.0727  w_freq: 0.442  w_spend: 0.618
Epoch  81/100 — train_loss: 0.4419  val_loss: 0.4128  freq: 1.1383  spend: -0.0730  w_freq: 0.442  w_spend: 0.619
Epoch  82/100 — train_loss: 0.4414  val_loss: 0.4127  freq: 1.1381  spend: -0.0727  w_freq: 0.442  w_spend: 0.619
Epoch  83/100 — train_loss: 0.4408  val_loss: 0.4125  freq: 1.1381  spend: -0.0727  w_freq: 0.442  w_spend: 0.619
Epoch  84/100 — train_loss: 0.4406  val_loss: 0.4121  freq: 1.1382  spend: -0.0731  w_freq: 0.442  w_spend: 0.620
Epoch  85/100 — train_loss: 0.4403  val_loss: 0.4118  freq: 1.1380  spend: -0.0732  w_freq: 0.442  w_spend: 0.620
Epoch  86/100 — train_loss: 0.4400  val_loss: 0.4118  freq: 1.1380  spend: -0.0728  w_freq: 0.442  w_spend: 0.620
Epoch  87/100 — train_loss: 0.4401  val_loss: 0.4113  freq: 1.1379  spend: -0.0734  w_freq: 0.442  w_spend: 0.620
Epoch  88/100 — train_loss: 0.4401  val_loss: 0.4113  freq: 1.1379  spend: -0.0733  w_freq: 0.442  w_spend: 0.620
Epoch  89/100 — train_loss: 0.4402  val_loss: 0.4112  freq: 1.1379  spend: -0.0732  w_freq: 0.442  w_spend: 0.620
Epoch  90/100 — train_loss: 0.4398  val_loss: 0.4111  freq: 1.1379  spend: -0.0732  w_freq: 0.442  w_spend: 0.621
Epoch  91/100 — train_loss: 0.4396  val_loss: 0.4110  freq: 1.1379  spend: -0.0733  w_freq: 0.442  w_spend: 0.621
Epoch  92/100 — train_loss: 0.4395  val_loss: 0.4109  freq: 1.1378  spend: -0.0733  w_freq: 0.442  w_spend: 0.621
Epoch  93/100 — train_loss: 0.4398  val_loss: 0.4109  freq: 1.1378  spend: -0.0733  w_freq: 0.442  w_spend: 0.621
Epoch  94/100 — train_loss: 0.4384  val_loss: 0.4108  freq: 1.1378  spend: -0.0734  w_freq: 0.442  w_spend: 0.621
Epoch  95/100 — train_loss: 0.4385  val_loss: 0.4108  freq: 1.1378  spend: -0.0733  w_freq: 0.442  w_spend: 0.621
Epoch  96/100 — train_loss: 0.4396  val_loss: 0.4108  freq: 1.1378  spend: -0.0733  w_freq: 0.442  w_spend: 0.621
Epoch  97/100 — train_loss: 0.4394  val_loss: 0.4108  freq: 1.1378  spend: -0.0733  w_freq: 0.442  w_spend: 0.621
Epoch  98/100 — train_loss: 0.4399  val_loss: 0.4108  freq: 1.1378  spend: -0.0733  w_freq: 0.442  w_spend: 0.621
Epoch  99/100 — train_loss: 0.4387  val_loss: 0.4108  freq: 1.1378  spend: -0.0733  w_freq: 0.442  w_spend: 0.621
Epoch 100/100 — train_loss: 0.4394  val_loss: 0.4108  freq: 1.1378  spend: -0.0733  w_freq: 0.442  w_spend: 0.621

Checkpoint saved: /kaggle/working/results/checkpoints/extension3_lstm_dynamic_dunnhumby_final_seed42_sample.pt
Validation-fitted softmax temperature: 0.9000

Duan's smearing factor (val): 1.3546
Validation aggregate calibration: freq_factor=1.0296, spend_factor=0.9819

Running autoregressive inference on holdout period ...
  inference mode: sample  n_scenarios: 30  temperature: 0.9000

=== Prediction Diagnostics ===
  Mean predicted freq/week:    1.0971
  Mean actual freq/week:       1.1882
  Over-prediction ratio:       0.923x
  Customers predicted as zero total:  0.093
  Customers actually zero total:      0.188
  Non-zero rate (pred, avg > 0.05):  0.957
  Non-zero rate (true):               0.542

Metrics saved: /kaggle/working/results/tables/extension3_lstm_dynamic_dunnhumby_final_seed42_sample_metrics.json
Array artifacts saved: /kaggle/working/results/tables/extension3_lstm_dynamic_dunnhumby_final_seed42_sample_arrays.npz

=== Holdout Evaluation ===
  metric_definition_version: valendin_aggregate_mape_v1
  freq_rmse: 3.3201
  freq_mae: 2.0222
  freq_normalized_gini: 0.8486
  freq_calibration_factor: 1.0296
  freq_horizon_abs_bias_pct: 4.9290
  bias_pct: -4.9290
  freq_weekly_mae: 146.2927
  freq_weekly_total_true: 11872.0000
  freq_weekly_total_pred: 11286.8291
  freq_valendin_mape: 4.9290
  freq_horizon_bias_pct: -4.9290
  freq_weekly_mean_pct_mape: 4.9127
  freq_weekly_mean_pct_bias_pct: -4.9127
  freq_weekly_bias_pct: -4.9290
  freq_weekly_mape: 4.9290
  freq_mape: 4.9290
  freq_mase: 0.9764
  freq_mase_scale: 0.8235
  smearing_factor: 1.3546
  spend_calibration_factor: 0.9819
  spend_mae_raw: 63.1403
  spend_rmse_raw: 101.1076
  spend_normalized_gini: 0.8284
  spend_mae_log: 1.0541
  spend_rmse_log: 1.5212
  spend_r2_log: 0.4744
  spend_bias_pct: -5.8972
  spend_weekly_mae: 5117.6521
  spend_weekly_total_true: 347125.7605
  spend_weekly_total_pred: 326655.1520
  spend_valendin_mape: 5.8972
  spend_horizon_abs_bias_pct: 5.8972
  spend_horizon_bias_pct: -5.8972
  spend_weekly_mean_pct_mape: 5.7409
  spend_weekly_mean_pct_bias_pct: -5.7409
  spend_weekly_bias_pct: -5.8972
  spend_weekly_mape: 5.8972
  spend_mase: 0.9690
  spend_mase_scale: 27.5152
  clv_mae: 62.9705
  clv_rmse: 100.8324
  clv_spearman: 0.7931
  clv_decile_lift: 3.3979
  clv_normalized_gini: 0.8284
  clv_total_true: 346205.2188
  clv_total_pred: 325772.8438
  calibration_temperature_source: rolling_origin_autoregressive
  validation_temperature: 0.9000
  smearing_source: rolling_origin_autoregressive
  calibration_source: rolling_origin_autoregressive
  validation_freq_true_total: 2215.0000
  validation_freq_pred_total: 2091.0424
  validation_spend_true_total: 63355.4414
  validation_spend_pred_total: 65738.5000
  validation_freq_calibration_factor: 1.0296
  validation_spend_calibration_factor: 0.9819
  validation_rolling_origin_count: 2
  protocol_name: dunnhumby_configured_80x4
  cohort_size: 2498
  calibration_weeks: 80
  holdout_weeks: 4
  inference_mode: sample
  n_scenarios: 30
  final_manifest_version: 2026-05-20-results-recovery-protocol
  final_manifest_run_name: extension3_lstm_dynamic_dunnhumby_final_seed42_sample
  final_manifest_config: experiments/configs/extension3_lstm_dynamic_dunnhumby.yaml
  final_manifest_config_hash: a02fe15c952b
  final_manifest_actual_config_hash: 4ad47ae471be
  final_manifest_seed: 42
  final_manifest_epochs: 100
  final_manifest_inference_mode: sample
  final_manifest_n_scenarios: 30
  run_valid: True
  run_invalid_reason: 
  run_warning: 
  epochs_completed: 100
  max_epochs_configured: 100
History saved: /kaggle/working/results/tables/extension3_lstm_dynamic_dunnhumby_final_seed42_sample_history.json
