[Kaggle] raw_dir  → /kaggle/working/input/dunnhumby
[Kaggle] results  → /kaggle/working/results
Config: experiments/configs/extension3_lstm_static_dunnhumby.yaml
Run: extension3_lstm_static_dunnhumby_final_seed42_sample
Device: cuda
Loading dataset: dunnhumby ...
[pipeline] freq_cap=10 (auto q=0.99) → freq_bins=[0, 1, 2, 3]... (n_classes=11)
  Train customers: 2249, Val: 249, Inference: 2498
[dunnhumby] Customers with 0 calibration transactions: 0 / 2498
  top-bin decode: class_values[-1] = 13.099 (max_trans = 10)
Model: lstm — 103,697 parameters

Training for up to 100 epochs ...
/kaggle/working/thesis-code/src/training/trainer.py:104: FutureWarning: `torch.cuda.amp.GradScaler(args...)` is deprecated. Please use `torch.amp.GradScaler('cuda', args...)` instead.
  self.scaler = torch.cuda.amp.GradScaler(enabled=self.amp_enabled)
[Kendall] log_vars frozen for 5 warm-up epochs.
Epoch   1/100 — train_loss: 1.3081  val_loss: 1.2996  freq: 2.3464  spend: 0.2527  w_freq: 0.500  w_spend: 0.500
Epoch   2/100 — train_loss: 1.2863  val_loss: 1.2635  freq: 2.2780  spend: 0.2489  w_freq: 0.500  w_spend: 0.500
Epoch   3/100 — train_loss: 1.2354  val_loss: 1.1765  freq: 2.1140  spend: 0.2390  w_freq: 0.500  w_spend: 0.500
Epoch   4/100 — train_loss: 1.0903  val_loss: 0.9166  freq: 1.6350  spend: 0.1982  w_freq: 0.500  w_spend: 0.500
Epoch   5/100 — train_loss: 0.8793  val_loss: 0.7956  freq: 1.4460  spend: 0.1453  w_freq: 0.500  w_spend: 0.500
[Kendall] log_vars unfrozen at epoch 6.
Epoch   6/100 — train_loss: 0.8154  val_loss: 0.7701  freq: 1.3886  spend: 0.1568  w_freq: 0.499  w_spend: 0.501
Epoch   7/100 — train_loss: 0.7820  val_loss: 0.7294  freq: 1.3305  spend: 0.1388  w_freq: 0.497  w_spend: 0.503
Epoch   8/100 — train_loss: 0.7501  val_loss: 0.7005  freq: 1.2842  spend: 0.1325  w_freq: 0.495  w_spend: 0.506
Epoch   9/100 — train_loss: 0.7193  val_loss: 0.6614  freq: 1.2432  spend: 0.1006  w_freq: 0.492  w_spend: 0.508
Epoch  10/100 — train_loss: 0.6883  val_loss: 0.6400  freq: 1.2261  spend: 0.0802  w_freq: 0.490  w_spend: 0.510
Epoch  11/100 — train_loss: 0.6657  val_loss: 0.6171  freq: 1.2157  spend: 0.0506  w_freq: 0.488  w_spend: 0.513
Epoch  12/100 — train_loss: 0.6452  val_loss: 0.5994  freq: 1.2097  spend: 0.0272  w_freq: 0.487  w_spend: 0.516
Epoch  13/100 — train_loss: 0.6276  val_loss: 0.5861  freq: 1.2094  spend: 0.0072  w_freq: 0.485  w_spend: 0.518
Epoch  14/100 — train_loss: 0.6151  val_loss: 0.5741  freq: 1.2114  spend: -0.0125  w_freq: 0.483  w_spend: 0.521
Epoch  15/100 — train_loss: 0.6029  val_loss: 0.5629  freq: 1.2068  spend: -0.0248  w_freq: 0.481  w_spend: 0.523
Epoch  16/100 — train_loss: 0.5917  val_loss: 0.5521  freq: 1.1961  spend: -0.0307  w_freq: 0.480  w_spend: 0.526
Epoch  17/100 — train_loss: 0.5808  val_loss: 0.5438  freq: 1.1865  spend: -0.0330  w_freq: 0.478  w_spend: 0.528
Epoch  18/100 — train_loss: 0.5722  val_loss: 0.5380  freq: 1.1828  spend: -0.0362  w_freq: 0.477  w_spend: 0.530
Epoch  19/100 — train_loss: 0.5640  val_loss: 0.5291  freq: 1.1780  spend: -0.0445  w_freq: 0.476  w_spend: 0.532
Epoch  20/100 — train_loss: 0.5585  val_loss: 0.5256  freq: 1.1754  spend: -0.0446  w_freq: 0.475  w_spend: 0.534
Epoch  21/100 — train_loss: 0.5536  val_loss: 0.5193  freq: 1.1718  spend: -0.0494  w_freq: 0.473  w_spend: 0.536
Epoch  22/100 — train_loss: 0.5473  val_loss: 0.5135  freq: 1.1695  spend: -0.0538  w_freq: 0.472  w_spend: 0.539
Epoch  23/100 — train_loss: 0.5447  val_loss: 0.5099  freq: 1.1669  spend: -0.0539  w_freq: 0.471  w_spend: 0.541
Epoch  24/100 — train_loss: 0.5394  val_loss: 0.5061  freq: 1.1660  spend: -0.0560  w_freq: 0.470  w_spend: 0.543
Epoch  25/100 — train_loss: 0.5354  val_loss: 0.5010  freq: 1.1628  spend: -0.0587  w_freq: 0.469  w_spend: 0.545
Epoch  26/100 — train_loss: 0.5333  val_loss: 0.4982  freq: 1.1619  spend: -0.0594  w_freq: 0.468  w_spend: 0.547
Epoch  27/100 — train_loss: 0.5290  val_loss: 0.4939  freq: 1.1604  spend: -0.0621  w_freq: 0.467  w_spend: 0.549
Epoch  28/100 — train_loss: 0.5250  val_loss: 0.4922  freq: 1.1596  spend: -0.0602  w_freq: 0.466  w_spend: 0.551
Epoch  29/100 — train_loss: 0.5216  val_loss: 0.4881  freq: 1.1581  spend: -0.0622  w_freq: 0.465  w_spend: 0.554
Epoch  30/100 — train_loss: 0.5182  val_loss: 0.4853  freq: 1.1566  spend: -0.0623  w_freq: 0.464  w_spend: 0.556
Epoch  31/100 — train_loss: 0.5158  val_loss: 0.4828  freq: 1.1563  spend: -0.0635  w_freq: 0.463  w_spend: 0.558
Epoch  32/100 — train_loss: 0.5133  val_loss: 0.4799  freq: 1.1543  spend: -0.0639  w_freq: 0.463  w_spend: 0.560
Epoch  33/100 — train_loss: 0.5097  val_loss: 0.4766  freq: 1.1535  spend: -0.0656  w_freq: 0.462  w_spend: 0.561
Epoch  34/100 — train_loss: 0.5070  val_loss: 0.4744  freq: 1.1538  spend: -0.0658  w_freq: 0.461  w_spend: 0.563
Epoch  35/100 — train_loss: 0.5046  val_loss: 0.4709  freq: 1.1514  spend: -0.0664  w_freq: 0.460  w_spend: 0.566
Epoch  36/100 — train_loss: 0.4998  val_loss: 0.4689  freq: 1.1516  spend: -0.0667  w_freq: 0.459  w_spend: 0.568
Epoch  37/100 — train_loss: 0.4978  val_loss: 0.4656  freq: 1.1499  spend: -0.0675  w_freq: 0.458  w_spend: 0.570
Epoch  38/100 — train_loss: 0.4943  val_loss: 0.4629  freq: 1.1488  spend: -0.0679  w_freq: 0.458  w_spend: 0.572
Epoch  39/100 — train_loss: 0.4928  val_loss: 0.4610  freq: 1.1486  spend: -0.0678  w_freq: 0.457  w_spend: 0.574
Epoch  40/100 — train_loss: 0.4894  val_loss: 0.4594  freq: 1.1472  spend: -0.0664  w_freq: 0.456  w_spend: 0.576
Epoch  41/100 — train_loss: 0.4878  val_loss: 0.4562  freq: 1.1466  spend: -0.0685  w_freq: 0.455  w_spend: 0.578
Epoch  42/100 — train_loss: 0.4844  val_loss: 0.4544  freq: 1.1458  spend: -0.0682  w_freq: 0.455  w_spend: 0.579
Epoch  43/100 — train_loss: 0.4845  val_loss: 0.4541  freq: 1.1484  spend: -0.0681  w_freq: 0.454  w_spend: 0.581
Epoch  44/100 — train_loss: 0.4821  val_loss: 0.4538  freq: 1.1451  spend: -0.0634  w_freq: 0.454  w_spend: 0.583
Epoch  45/100 — train_loss: 0.4791  val_loss: 0.4486  freq: 1.1440  spend: -0.0690  w_freq: 0.453  w_spend: 0.584
Epoch  46/100 — train_loss: 0.4784  val_loss: 0.4462  freq: 1.1436  spend: -0.0703  w_freq: 0.453  w_spend: 0.586
Epoch  47/100 — train_loss: 0.4752  val_loss: 0.4471  freq: 1.1433  spend: -0.0659  w_freq: 0.452  w_spend: 0.587
Epoch  48/100 — train_loss: 0.4739  val_loss: 0.4437  freq: 1.1427  spend: -0.0690  w_freq: 0.451  w_spend: 0.589
Epoch  49/100 — train_loss: 0.4708  val_loss: 0.4427  freq: 1.1425  spend: -0.0682  w_freq: 0.451  w_spend: 0.590
Epoch  50/100 — train_loss: 0.4705  val_loss: 0.4408  freq: 1.1419  spend: -0.0687  w_freq: 0.451  w_spend: 0.592
Epoch  51/100 — train_loss: 0.4692  val_loss: 0.4380  freq: 1.1404  spend: -0.0700  w_freq: 0.450  w_spend: 0.593
Epoch  52/100 — train_loss: 0.4656  val_loss: 0.4371  freq: 1.1408  spend: -0.0694  w_freq: 0.450  w_spend: 0.595
Epoch  53/100 — train_loss: 0.4647  val_loss: 0.4349  freq: 1.1400  spend: -0.0706  w_freq: 0.449  w_spend: 0.596
Epoch  54/100 — train_loss: 0.4626  val_loss: 0.4338  freq: 1.1402  spend: -0.0706  w_freq: 0.449  w_spend: 0.598
Epoch  55/100 — train_loss: 0.4608  val_loss: 0.4323  freq: 1.1395  spend: -0.0706  w_freq: 0.448  w_spend: 0.599
Epoch  56/100 — train_loss: 0.4599  val_loss: 0.4305  freq: 1.1395  spend: -0.0714  w_freq: 0.448  w_spend: 0.600
Epoch  57/100 — train_loss: 0.4590  val_loss: 0.4289  freq: 1.1386  spend: -0.0716  w_freq: 0.448  w_spend: 0.602
Epoch  58/100 — train_loss: 0.4563  val_loss: 0.4278  freq: 1.1381  spend: -0.0713  w_freq: 0.447  w_spend: 0.603
Epoch  59/100 — train_loss: 0.4555  val_loss: 0.4268  freq: 1.1383  spend: -0.0713  w_freq: 0.447  w_spend: 0.604
Epoch  60/100 — train_loss: 0.4544  val_loss: 0.4255  freq: 1.1380  spend: -0.0716  w_freq: 0.447  w_spend: 0.605
Epoch  61/100 — train_loss: 0.4523  val_loss: 0.4240  freq: 1.1375  spend: -0.0723  w_freq: 0.446  w_spend: 0.606
Epoch  62/100 — train_loss: 0.4517  val_loss: 0.4235  freq: 1.1373  spend: -0.0715  w_freq: 0.446  w_spend: 0.607
Epoch  63/100 — train_loss: 0.4513  val_loss: 0.4231  freq: 1.1384  spend: -0.0717  w_freq: 0.446  w_spend: 0.608
Epoch  64/100 — train_loss: 0.4499  val_loss: 0.4223  freq: 1.1378  spend: -0.0712  w_freq: 0.446  w_spend: 0.609
Epoch  65/100 — train_loss: 0.4497  val_loss: 0.4224  freq: 1.1368  spend: -0.0693  w_freq: 0.445  w_spend: 0.610
Epoch  66/100 — train_loss: 0.4488  val_loss: 0.4202  freq: 1.1372  spend: -0.0721  w_freq: 0.445  w_spend: 0.610
Epoch  67/100 — train_loss: 0.4473  val_loss: 0.4188  freq: 1.1365  spend: -0.0729  w_freq: 0.445  w_spend: 0.611
Epoch  68/100 — train_loss: 0.4462  val_loss: 0.4184  freq: 1.1369  spend: -0.0726  w_freq: 0.445  w_spend: 0.612
Epoch  69/100 — train_loss: 0.4464  val_loss: 0.4175  freq: 1.1365  spend: -0.0727  w_freq: 0.444  w_spend: 0.613
Epoch  70/100 — train_loss: 0.4459  val_loss: 0.4176  freq: 1.1365  spend: -0.0716  w_freq: 0.444  w_spend: 0.613
Epoch  71/100 — train_loss: 0.4443  val_loss: 0.4160  freq: 1.1360  spend: -0.0730  w_freq: 0.444  w_spend: 0.614
Epoch  72/100 — train_loss: 0.4429  val_loss: 0.4151  freq: 1.1357  spend: -0.0732  w_freq: 0.444  w_spend: 0.615
Epoch  73/100 — train_loss: 0.4425  val_loss: 0.4148  freq: 1.1358  spend: -0.0730  w_freq: 0.444  w_spend: 0.615
Epoch  74/100 — train_loss: 0.4422  val_loss: 0.4148  freq: 1.1357  spend: -0.0722  w_freq: 0.444  w_spend: 0.616
Epoch  75/100 — train_loss: 0.4422  val_loss: 0.4141  freq: 1.1356  spend: -0.0726  w_freq: 0.444  w_spend: 0.616
Epoch  76/100 — train_loss: 0.4404  val_loss: 0.4134  freq: 1.1356  spend: -0.0731  w_freq: 0.443  w_spend: 0.617
Epoch  77/100 — train_loss: 0.4402  val_loss: 0.4132  freq: 1.1354  spend: -0.0725  w_freq: 0.443  w_spend: 0.617
Epoch  78/100 — train_loss: 0.4412  val_loss: 0.4124  freq: 1.1352  spend: -0.0731  w_freq: 0.443  w_spend: 0.618
Epoch  79/100 — train_loss: 0.4388  val_loss: 0.4114  freq: 1.1349  spend: -0.0739  w_freq: 0.443  w_spend: 0.618
Epoch  80/100 — train_loss: 0.4390  val_loss: 0.4115  freq: 1.1351  spend: -0.0733  w_freq: 0.443  w_spend: 0.618
Epoch  81/100 — train_loss: 0.4390  val_loss: 0.4110  freq: 1.1349  spend: -0.0736  w_freq: 0.443  w_spend: 0.619
Epoch  82/100 — train_loss: 0.4382  val_loss: 0.4106  freq: 1.1347  spend: -0.0738  w_freq: 0.443  w_spend: 0.619
Epoch  83/100 — train_loss: 0.4378  val_loss: 0.4106  freq: 1.1349  spend: -0.0735  w_freq: 0.443  w_spend: 0.619
Epoch  84/100 — train_loss: 0.4378  val_loss: 0.4102  freq: 1.1348  spend: -0.0737  w_freq: 0.443  w_spend: 0.620
Epoch  85/100 — train_loss: 0.4375  val_loss: 0.4100  freq: 1.1348  spend: -0.0737  w_freq: 0.443  w_spend: 0.620
Epoch  86/100 — train_loss: 0.4371  val_loss: 0.4100  freq: 1.1348  spend: -0.0735  w_freq: 0.443  w_spend: 0.620
Epoch  87/100 — train_loss: 0.4374  val_loss: 0.4096  freq: 1.1347  spend: -0.0739  w_freq: 0.442  w_spend: 0.620
Epoch  88/100 — train_loss: 0.4373  val_loss: 0.4095  freq: 1.1347  spend: -0.0739  w_freq: 0.442  w_spend: 0.620
Epoch  89/100 — train_loss: 0.4371  val_loss: 0.4094  freq: 1.1346  spend: -0.0739  w_freq: 0.442  w_spend: 0.620
Epoch  90/100 — train_loss: 0.4371  val_loss: 0.4093  freq: 1.1346  spend: -0.0738  w_freq: 0.442  w_spend: 0.621
Epoch  91/100 — train_loss: 0.4369  val_loss: 0.4092  freq: 1.1346  spend: -0.0739  w_freq: 0.442  w_spend: 0.621
Epoch  92/100 — train_loss: 0.4363  val_loss: 0.4091  freq: 1.1345  spend: -0.0740  w_freq: 0.442  w_spend: 0.621
Epoch  93/100 — train_loss: 0.4368  val_loss: 0.4091  freq: 1.1345  spend: -0.0739  w_freq: 0.442  w_spend: 0.621
Epoch  94/100 — train_loss: 0.4355  val_loss: 0.4090  freq: 1.1346  spend: -0.0740  w_freq: 0.442  w_spend: 0.621
Epoch  95/100 — train_loss: 0.4357  val_loss: 0.4090  freq: 1.1346  spend: -0.0739  w_freq: 0.442  w_spend: 0.621
Epoch  96/100 — train_loss: 0.4366  val_loss: 0.4090  freq: 1.1346  spend: -0.0739  w_freq: 0.442  w_spend: 0.621
Epoch  97/100 — train_loss: 0.4366  val_loss: 0.4090  freq: 1.1345  spend: -0.0739  w_freq: 0.442  w_spend: 0.621
Epoch  98/100 — train_loss: 0.4373  val_loss: 0.4089  freq: 1.1345  spend: -0.0739  w_freq: 0.442  w_spend: 0.621
Epoch  99/100 — train_loss: 0.4359  val_loss: 0.4089  freq: 1.1345  spend: -0.0739  w_freq: 0.442  w_spend: 0.621
Epoch 100/100 — train_loss: 0.4365  val_loss: 0.4089  freq: 1.1345  spend: -0.0739  w_freq: 0.442  w_spend: 0.621

Checkpoint saved: /kaggle/working/results/checkpoints/extension3_lstm_static_dunnhumby_final_seed42_sample.pt
Validation-fitted softmax temperature: 0.7500

Duan's smearing factor (val): 1.3575
Validation aggregate calibration: freq_factor=1.0846, spend_factor=0.9997

Running autoregressive inference on holdout period ...
  inference mode: sample  n_scenarios: 30  temperature: 0.7500

=== Prediction Diagnostics ===
  Mean predicted freq/week:    1.0061
  Mean actual freq/week:       1.1882
  Over-prediction ratio:       0.847x
  Customers predicted as zero total:  0.161
  Customers actually zero total:      0.188
  Non-zero rate (pred, avg > 0.05):  0.911
  Non-zero rate (true):               0.542

Metrics saved: /kaggle/working/results/tables/extension3_lstm_static_dunnhumby_final_seed42_sample_metrics.json
Array artifacts saved: /kaggle/working/results/tables/extension3_lstm_static_dunnhumby_final_seed42_sample_arrays.npz

=== Holdout Evaluation ===
  metric_definition_version: valendin_aggregate_mape_v1
  freq_rmse: 3.3702
  freq_mae: 2.0283
  freq_normalized_gini: 0.8529
  freq_calibration_factor: 1.0846
  freq_horizon_abs_bias_pct: 8.1630
  bias_pct: -8.1630
  freq_weekly_mae: 242.2786
  freq_weekly_total_true: 11872.0000
  freq_weekly_total_pred: 10902.8857
  freq_valendin_mape: 8.1630
  freq_horizon_bias_pct: -8.1630
  freq_weekly_mean_pct_mape: 8.1471
  freq_weekly_mean_pct_bias_pct: -8.1471
  freq_weekly_bias_pct: -8.1630
  freq_weekly_mape: 8.1630
  freq_mape: 8.1630
  freq_mase: 0.9580
  freq_mase_scale: 0.8235
  smearing_factor: 1.3575
  spend_calibration_factor: 0.9997
  spend_mae_raw: 62.8898
  spend_rmse_raw: 101.4317
  spend_normalized_gini: 0.8288
  spend_mae_log: 1.0075
  spend_rmse_log: 1.4246
  spend_r2_log: 0.5390
  spend_bias_pct: -6.3560
  spend_weekly_mae: 5515.8487
  spend_weekly_total_true: 347125.7605
  spend_weekly_total_pred: 325062.3658
  spend_valendin_mape: 6.3560
  spend_horizon_abs_bias_pct: 6.3560
  spend_horizon_bias_pct: -6.3560
  spend_weekly_mean_pct_mape: 6.2234
  spend_weekly_mean_pct_bias_pct: -6.2234
  spend_weekly_bias_pct: -6.3560
  spend_weekly_mape: 6.3560
  spend_mase: 0.9533
  spend_mase_scale: 27.5152
  clv_mae: 62.7200
  clv_rmse: 101.1569
  clv_spearman: 0.7970
  clv_decile_lift: 3.3823
  clv_normalized_gini: 0.8288
  clv_total_true: 346205.2188
  clv_total_pred: 324188.1875
  calibration_temperature_source: rolling_origin_autoregressive
  validation_temperature: 0.7500
  smearing_source: rolling_origin_autoregressive
  calibration_source: rolling_origin_autoregressive
  validation_freq_true_total: 2215.0000
  validation_freq_pred_total: 1894.4882
  validation_spend_true_total: 63355.4414
  validation_spend_pred_total: 63393.2500
  validation_freq_calibration_factor: 1.0846
  validation_spend_calibration_factor: 0.9997
  validation_rolling_origin_count: 2
  protocol_name: dunnhumby_configured_80x4
  cohort_size: 2498
  calibration_weeks: 80
  holdout_weeks: 4
  inference_mode: sample
  n_scenarios: 30
  final_manifest_version: 2026-05-20-results-recovery-protocol
  final_manifest_run_name: extension3_lstm_static_dunnhumby_final_seed42_sample
  final_manifest_config: experiments/configs/extension3_lstm_static_dunnhumby.yaml
  final_manifest_config_hash: 5d2bef7fcc34
  final_manifest_actual_config_hash: 450545137349
  final_manifest_seed: 42
  final_manifest_epochs: 100
  final_manifest_inference_mode: sample
  final_manifest_n_scenarios: 30
  run_valid: True
  run_invalid_reason: 
  run_warning: 
  epochs_completed: 100
  max_epochs_configured: 100
History saved: /kaggle/working/results/tables/extension3_lstm_static_dunnhumby_final_seed42_sample_history.json
