[Kaggle] raw_dir  → /kaggle/working/input/cdnow-dataset
[Kaggle] results  → /kaggle/working/results
Config: experiments/configs/transformer_joint_cdnow_v2.yaml
Run: transformer_joint_cdnow_v2_seed42_sample
Device: cuda
Loading dataset: cdnow ...
[pipeline] freq_bins from config: [0, 1, 2, 3]
  Train customers: 2115, Val: 234, Inference: 2349
[cdnow] Customers with 0 calibration transactions: 0 / 2349
  top-bin decode: class_values[-1] = 4.071 (max_trans = 3)
Model: transformer — 101,950 parameters

Training for up to 300 epochs ...
/kaggle/working/thesis-code/src/training/trainer.py:104: FutureWarning: `torch.cuda.amp.GradScaler(args...)` is deprecated. Please use `torch.amp.GradScaler('cuda', args...)` instead.
  self.scaler = torch.cuda.amp.GradScaler(enabled=self.amp_enabled)
[Kendall] log_vars frozen for 5 warm-up epochs.
Epoch   1/300 — train_loss: 2.3468  val_loss: 1.9164  freq: 3.5341  spend: 0.2987  w_freq: 0.500  w_spend: 0.500
Epoch   2/300 — train_loss: 2.0120  val_loss: 1.4289  freq: 2.6575  spend: 0.2002  w_freq: 0.500  w_spend: 0.500
Epoch   3/300 — train_loss: 1.4899  val_loss: 0.8995  freq: 1.6392  spend: 0.1599  w_freq: 0.500  w_spend: 0.500
Epoch   4/300 — train_loss: 0.9628  val_loss: 0.5287  freq: 0.9214  spend: 0.1361  w_freq: 0.500  w_spend: 0.500
Epoch   5/300 — train_loss: 0.5454  val_loss: 0.3016  freq: 0.4923  spend: 0.1109  w_freq: 0.500  w_spend: 0.500
[Kendall] log_vars unfrozen at epoch 6.
Epoch   6/300 — train_loss: 0.3408  val_loss: 0.2157  freq: 0.3357  spend: 0.0981  w_freq: 0.500  w_spend: 0.500
Epoch   7/300 — train_loss: 0.2751  val_loss: 0.1812  freq: 0.2892  spend: 0.0789  w_freq: 0.501  w_spend: 0.501
Epoch   8/300 — train_loss: 0.2396  val_loss: 0.1561  freq: 0.2427  spend: 0.0792  w_freq: 0.502  w_spend: 0.502
Epoch   9/300 — train_loss: 0.2126  val_loss: 0.1287  freq: 0.1856  spend: 0.0862  w_freq: 0.504  w_spend: 0.503
Epoch  10/300 — train_loss: 0.1884  val_loss: 0.1034  freq: 0.1542  spend: 0.0729  w_freq: 0.505  w_spend: 0.505
Epoch  11/300 — train_loss: 0.1617  val_loss: 0.1131  freq: 0.1610  spend: 0.0904  w_freq: 0.507  w_spend: 0.506
Epoch  12/300 — train_loss: 0.1647  val_loss: 0.1002  freq: 0.1569  spend: 0.0750  w_freq: 0.508  w_spend: 0.508
Epoch  13/300 — train_loss: 0.1638  val_loss: 0.0908  freq: 0.1507  spend: 0.0686  w_freq: 0.510  w_spend: 0.509
Epoch  14/300 — train_loss: 0.1659  val_loss: 0.0958  freq: 0.1499  spend: 0.0858  w_freq: 0.512  w_spend: 0.511
Epoch  15/300 — train_loss: 0.1339  val_loss: 0.0908  freq: 0.1469  spend: 0.0852  w_freq: 0.514  w_spend: 0.513
Epoch  16/300 — train_loss: 0.1440  val_loss: 0.0822  freq: 0.1435  spend: 0.0790  w_freq: 0.516  w_spend: 0.515
Epoch  17/300 — train_loss: 0.1318  val_loss: 0.0737  freq: 0.1439  spend: 0.0685  w_freq: 0.518  w_spend: 0.517
Epoch  18/300 — train_loss: 0.1223  val_loss: 0.0733  freq: 0.1406  spend: 0.0772  w_freq: 0.520  w_spend: 0.519
Epoch  19/300 — train_loss: 0.1118  val_loss: 0.0704  freq: 0.1421  spend: 0.0771  w_freq: 0.522  w_spend: 0.521
Epoch  20/300 — train_loss: 0.1177  val_loss: 0.0664  freq: 0.1383  spend: 0.0793  w_freq: 0.524  w_spend: 0.523
Epoch  21/300 — train_loss: 0.1120  val_loss: 0.0603  freq: 0.1372  spend: 0.0750  w_freq: 0.526  w_spend: 0.525
Epoch  22/300 — train_loss: 0.0972  val_loss: 0.0562  freq: 0.1356  spend: 0.0754  w_freq: 0.528  w_spend: 0.526
Epoch  23/300 — train_loss: 0.0995  val_loss: 0.0482  freq: 0.1351  spend: 0.0675  w_freq: 0.530  w_spend: 0.528
Epoch  24/300 — train_loss: 0.0918  val_loss: 0.0489  freq: 0.1342  spend: 0.0777  w_freq: 0.533  w_spend: 0.531
Epoch  25/300 — train_loss: 0.0888  val_loss: 0.0395  freq: 0.1307  spend: 0.0722  w_freq: 0.535  w_spend: 0.533
Epoch  26/300 — train_loss: 0.0797  val_loss: 0.0368  freq: 0.1302  spend: 0.0754  w_freq: 0.538  w_spend: 0.536
Epoch  27/300 — train_loss: 0.0893  val_loss: 0.0394  freq: 0.1311  spend: 0.0871  w_freq: 0.541  w_spend: 0.538
Epoch  28/300 — train_loss: 0.0727  val_loss: 0.0262  freq: 0.1288  spend: 0.0710  w_freq: 0.543  w_spend: 0.541
Epoch  29/300 — train_loss: 0.0610  val_loss: 0.0225  freq: 0.1281  spend: 0.0718  w_freq: 0.545  w_spend: 0.543
Epoch  30/300 — train_loss: 0.0529  val_loss: 0.0099  freq: 0.1265  spend: 0.0580  w_freq: 0.548  w_spend: 0.545
Epoch  31/300 — train_loss: 0.0554  val_loss: 0.0114  freq: 0.1281  spend: 0.0666  w_freq: 0.550  w_spend: 0.548
Epoch  32/300 — train_loss: 0.0544  val_loss: 0.0025  freq: 0.1266  spend: 0.0590  w_freq: 0.553  w_spend: 0.550
Epoch  33/300 — train_loss: 0.0384  val_loss: -0.0074  freq: 0.1242  spend: 0.0501  w_freq: 0.555  w_spend: 0.552
Epoch  34/300 — train_loss: 0.0295  val_loss: -0.0139  freq: 0.1259  spend: 0.0433  w_freq: 0.557  w_spend: 0.554
Epoch  35/300 — train_loss: 0.0292  val_loss: -0.0009  freq: 0.1262  spend: 0.0722  w_freq: 0.560  w_spend: 0.557
Epoch  36/300 — train_loss: 0.0266  val_loss: -0.0188  freq: 0.1242  spend: 0.0464  w_freq: 0.561  w_spend: 0.558
Epoch  37/300 — train_loss: 0.0113  val_loss: -0.0297  freq: 0.1255  spend: 0.0301  w_freq: 0.563  w_spend: 0.560
Epoch  38/300 — train_loss: 0.0021  val_loss: -0.0383  freq: 0.1238  spend: 0.0217  w_freq: 0.565  w_spend: 0.562
Epoch  39/300 — train_loss: 0.0037  val_loss: -0.0511  freq: 0.1240  spend: 0.0039  w_freq: 0.566  w_spend: 0.563
Epoch  40/300 — train_loss: -0.0104  val_loss: -0.0547  freq: 0.1230  spend: 0.0042  w_freq: 0.568  w_spend: 0.565
Epoch  41/300 — train_loss: -0.0193  val_loss: -0.0588  freq: 0.1232  spend: 0.0034  w_freq: 0.570  w_spend: 0.567
Epoch  42/300 — train_loss: -0.0216  val_loss: -0.0675  freq: 0.1250  spend: -0.0072  w_freq: 0.572  w_spend: 0.570
Epoch  43/300 — train_loss: -0.0305  val_loss: -0.0654  freq: 0.1234  spend: 0.0051  w_freq: 0.575  w_spend: 0.572
Epoch  44/300 — train_loss: -0.0246  val_loss: -0.0820  freq: 0.1226  spend: -0.0161  w_freq: 0.577  w_spend: 0.575
Epoch  45/300 — train_loss: -0.0286  val_loss: -0.0838  freq: 0.1237  spend: -0.0142  w_freq: 0.579  w_spend: 0.577
Epoch  46/300 — train_loss: -0.0485  val_loss: -0.0939  freq: 0.1222  spend: -0.0231  w_freq: 0.582  w_spend: 0.579
Epoch  47/300 — train_loss: -0.0571  val_loss: -0.1011  freq: 0.1227  spend: -0.0292  w_freq: 0.584  w_spend: 0.582
Epoch  48/300 — train_loss: -0.0707  val_loss: -0.0994  freq: 0.1216  spend: -0.0182  w_freq: 0.587  w_spend: 0.584
Epoch  49/300 — train_loss: -0.0598  val_loss: -0.0915  freq: 0.1228  spend: -0.0003  w_freq: 0.589  w_spend: 0.587
Epoch  50/300 — train_loss: -0.0574  val_loss: -0.1075  freq: 0.1217  spend: -0.0219  w_freq: 0.591  w_spend: 0.589
Epoch  51/300 — train_loss: -0.0714  val_loss: -0.1046  freq: 0.1220  spend: -0.0133  w_freq: 0.592  w_spend: 0.590
Epoch  52/300 — train_loss: -0.0807  val_loss: -0.1165  freq: 0.1227  spend: -0.0294  w_freq: 0.594  w_spend: 0.592
Epoch  53/300 — train_loss: -0.0805  val_loss: -0.1281  freq: 0.1220  spend: -0.0430  w_freq: 0.596  w_spend: 0.594
Epoch  54/300 — train_loss: -0.0880  val_loss: -0.1219  freq: 0.1212  spend: -0.0266  w_freq: 0.597  w_spend: 0.596
Epoch  55/300 — train_loss: -0.0646  val_loss: -0.1221  freq: 0.1218  spend: -0.0233  w_freq: 0.599  w_spend: 0.598
Epoch  56/300 — train_loss: -0.0967  val_loss: -0.1421  freq: 0.1216  spend: -0.0522  w_freq: 0.601  w_spend: 0.599
Epoch  57/300 — train_loss: -0.0910  val_loss: -0.1360  freq: 0.1211  spend: -0.0369  w_freq: 0.602  w_spend: 0.601
Epoch  58/300 — train_loss: -0.1040  val_loss: -0.1435  freq: 0.1216  spend: -0.0448  w_freq: 0.604  w_spend: 0.603
Epoch  59/300 — train_loss: -0.1099  val_loss: -0.1489  freq: 0.1224  spend: -0.0484  w_freq: 0.606  w_spend: 0.605
Epoch  60/300 — train_loss: -0.1133  val_loss: -0.1545  freq: 0.1220  spend: -0.0493  w_freq: 0.609  w_spend: 0.608
Epoch  61/300 — train_loss: -0.1271  val_loss: -0.1586  freq: 0.1214  spend: -0.0474  w_freq: 0.612  w_spend: 0.611
Epoch  62/300 — train_loss: -0.1289  val_loss: -0.1631  freq: 0.1211  spend: -0.0471  w_freq: 0.614  w_spend: 0.614
Epoch  63/300 — train_loss: -0.1286  val_loss: -0.1623  freq: 0.1209  spend: -0.0393  w_freq: 0.617  w_spend: 0.617
Epoch  64/300 — train_loss: -0.1373  val_loss: -0.1683  freq: 0.1210  spend: -0.0428  w_freq: 0.620  w_spend: 0.620
Epoch  65/300 — train_loss: -0.1407  val_loss: -0.1705  freq: 0.1207  spend: -0.0400  w_freq: 0.622  w_spend: 0.622
Epoch  66/300 — train_loss: -0.1406  val_loss: -0.1729  freq: 0.1211  spend: -0.0375  w_freq: 0.624  w_spend: 0.625
Epoch  67/300 — train_loss: -0.1503  val_loss: -0.1752  freq: 0.1209  spend: -0.0351  w_freq: 0.627  w_spend: 0.628
Epoch  68/300 — train_loss: -0.1591  val_loss: -0.1797  freq: 0.1205  spend: -0.0359  w_freq: 0.629  w_spend: 0.630
Epoch  69/300 — train_loss: -0.1652  val_loss: -0.1811  freq: 0.1220  spend: -0.0337  w_freq: 0.632  w_spend: 0.633
Epoch  70/300 — train_loss: -0.1709  val_loss: -0.1919  freq: 0.1203  spend: -0.0434  w_freq: 0.634  w_spend: 0.635
Epoch  71/300 — train_loss: -0.1762  val_loss: -0.1942  freq: 0.1207  spend: -0.0414  w_freq: 0.636  w_spend: 0.638
Epoch  72/300 — train_loss: -0.1706  val_loss: -0.1988  freq: 0.1205  spend: -0.0426  w_freq: 0.639  w_spend: 0.641
Epoch  73/300 — train_loss: -0.1795  val_loss: -0.2061  freq: 0.1201  spend: -0.0475  w_freq: 0.641  w_spend: 0.643
Epoch  74/300 — train_loss: -0.1879  val_loss: -0.2024  freq: 0.1204  spend: -0.0360  w_freq: 0.644  w_spend: 0.646
Epoch  75/300 — train_loss: -0.1884  val_loss: -0.2062  freq: 0.1209  spend: -0.0365  w_freq: 0.646  w_spend: 0.649
Epoch  76/300 — train_loss: -0.2059  val_loss: -0.2169  freq: 0.1204  spend: -0.0470  w_freq: 0.649  w_spend: 0.651
Epoch  77/300 — train_loss: -0.1790  val_loss: -0.2155  freq: 0.1204  spend: -0.0395  w_freq: 0.651  w_spend: 0.654
Epoch  78/300 — train_loss: -0.2016  val_loss: -0.2146  freq: 0.1206  spend: -0.0325  w_freq: 0.653  w_spend: 0.657
Epoch  79/300 — train_loss: -0.2159  val_loss: -0.2102  freq: 0.1203  spend: -0.0202  w_freq: 0.656  w_spend: 0.659
Epoch  80/300 — train_loss: -0.2122  val_loss: -0.2148  freq: 0.1204  spend: -0.0227  w_freq: 0.658  w_spend: 0.662
Epoch  81/300 — train_loss: -0.2090  val_loss: -0.2197  freq: 0.1205  spend: -0.0263  w_freq: 0.660  w_spend: 0.664
Epoch  82/300 — train_loss: -0.2264  val_loss: -0.2076  freq: 0.1205  spend: -0.0040  w_freq: 0.662  w_spend: 0.666
Epoch  83/300 — train_loss: -0.2295  val_loss: -0.2346  freq: 0.1202  spend: -0.0399  w_freq: 0.663  w_spend: 0.668
Epoch  84/300 — train_loss: -0.2372  val_loss: -0.2358  freq: 0.1204  spend: -0.0371  w_freq: 0.665  w_spend: 0.670
Epoch  85/300 — train_loss: -0.2357  val_loss: -0.2264  freq: 0.1203  spend: -0.0178  w_freq: 0.668  w_spend: 0.673
Epoch  86/300 — train_loss: -0.2309  val_loss: -0.2166  freq: 0.1204  spend: 0.0006  w_freq: 0.670  w_spend: 0.675
Epoch  87/300 — train_loss: -0.2383  val_loss: -0.2389  freq: 0.1202  spend: -0.0281  w_freq: 0.672  w_spend: 0.677
Epoch  88/300 — train_loss: -0.2449  val_loss: -0.2411  freq: 0.1204  spend: -0.0269  w_freq: 0.674  w_spend: 0.679
Epoch  89/300 — train_loss: -0.2646  val_loss: -0.2383  freq: 0.1206  spend: -0.0178  w_freq: 0.676  w_spend: 0.682
Epoch  90/300 — train_loss: -0.2443  val_loss: -0.2353  freq: 0.1203  spend: -0.0085  w_freq: 0.678  w_spend: 0.684
Epoch  91/300 — train_loss: -0.2493  val_loss: -0.2490  freq: 0.1203  spend: -0.0246  w_freq: 0.680  w_spend: 0.687
Epoch  92/300 — train_loss: -0.2634  val_loss: -0.2621  freq: 0.1201  spend: -0.0386  w_freq: 0.682  w_spend: 0.689
Epoch  93/300 — train_loss: -0.2723  val_loss: -0.2591  freq: 0.1203  spend: -0.0293  w_freq: 0.685  w_spend: 0.692
Epoch  94/300 — train_loss: -0.2684  val_loss: -0.2557  freq: 0.1204  spend: -0.0193  w_freq: 0.687  w_spend: 0.694
Epoch  95/300 — train_loss: -0.2746  val_loss: -0.2602  freq: 0.1204  spend: -0.0208  w_freq: 0.690  w_spend: 0.697
Epoch  96/300 — train_loss: -0.2772  val_loss: -0.2716  freq: 0.1205  spend: -0.0323  w_freq: 0.692  w_spend: 0.700
Epoch  97/300 — train_loss: -0.2917  val_loss: -0.2763  freq: 0.1205  spend: -0.0346  w_freq: 0.694  w_spend: 0.702
Epoch  98/300 — train_loss: -0.2813  val_loss: -0.2732  freq: 0.1202  spend: -0.0254  w_freq: 0.696  w_spend: 0.705
Epoch  99/300 — train_loss: -0.2871  val_loss: -0.2789  freq: 0.1200  spend: -0.0293  w_freq: 0.698  w_spend: 0.707
Epoch 100/300 — train_loss: -0.3053  val_loss: -0.2793  freq: 0.1202  spend: -0.0256  w_freq: 0.701  w_spend: 0.710
Epoch 101/300 — train_loss: -0.3136  val_loss: -0.2793  freq: 0.1204  spend: -0.0213  w_freq: 0.703  w_spend: 0.712
Epoch 102/300 — train_loss: -0.3059  val_loss: -0.2801  freq: 0.1203  spend: -0.0177  w_freq: 0.705  w_spend: 0.715
Epoch 103/300 — train_loss: -0.3127  val_loss: -0.2790  freq: 0.1202  spend: -0.0113  w_freq: 0.707  w_spend: 0.717
Epoch 104/300 — train_loss: -0.3179  val_loss: -0.2895  freq: 0.1206  spend: -0.0219  w_freq: 0.710  w_spend: 0.720
Epoch 105/300 — train_loss: -0.3196  val_loss: -0.2810  freq: 0.1205  spend: -0.0061  w_freq: 0.712  w_spend: 0.723
Epoch 106/300 — train_loss: -0.3257  val_loss: -0.2840  freq: 0.1206  spend: -0.0067  w_freq: 0.714  w_spend: 0.725
Epoch 107/300 — train_loss: -0.3292  val_loss: -0.2935  freq: 0.1206  spend: -0.0161  w_freq: 0.716  w_spend: 0.727
Epoch 108/300 — train_loss: -0.3232  val_loss: -0.3034  freq: 0.1205  spend: -0.0256  w_freq: 0.718  w_spend: 0.729
Epoch 109/300 — train_loss: -0.3272  val_loss: -0.2928  freq: 0.1205  spend: -0.0071  w_freq: 0.720  w_spend: 0.732
Epoch 110/300 — train_loss: -0.3456  val_loss: -0.2948  freq: 0.1206  spend: -0.0059  w_freq: 0.722  w_spend: 0.734
Epoch 111/300 — train_loss: -0.3519  val_loss: -0.2856  freq: 0.1205  spend: 0.0105  w_freq: 0.724  w_spend: 0.737
Epoch 112/300 — train_loss: -0.3597  val_loss: -0.2954  freq: 0.1204  spend: 0.0009  w_freq: 0.726  w_spend: 0.739
Epoch 113/300 — train_loss: -0.3385  val_loss: -0.2960  freq: 0.1206  spend: 0.0031  w_freq: 0.728  w_spend: 0.741
Epoch 114/300 — train_loss: -0.3623  val_loss: -0.2905  freq: 0.1205  spend: 0.0141  w_freq: 0.730  w_spend: 0.743
Epoch 115/300 — train_loss: -0.3551  val_loss: -0.2921  freq: 0.1207  spend: 0.0148  w_freq: 0.732  w_spend: 0.746
Epoch 116/300 — train_loss: -0.3633  val_loss: -0.3060  freq: 0.1207  spend: -0.0010  w_freq: 0.733  w_spend: 0.747
Epoch 117/300 — train_loss: -0.3625  val_loss: -0.3088  freq: 0.1207  spend: -0.0020  w_freq: 0.735  w_spend: 0.749
Epoch 118/300 — train_loss: -0.3765  val_loss: -0.2983  freq: 0.1209  spend: 0.0150  w_freq: 0.737  w_spend: 0.751
Epoch 119/300 — train_loss: -0.3734  val_loss: -0.3097  freq: 0.1209  spend: 0.0035  w_freq: 0.739  w_spend: 0.753
Epoch 120/300 — train_loss: -0.3858  val_loss: -0.2972  freq: 0.1209  spend: 0.0236  w_freq: 0.741  w_spend: 0.756
Epoch 121/300 — train_loss: -0.3842  val_loss: -0.3095  freq: 0.1213  spend: 0.0102  w_freq: 0.743  w_spend: 0.758
Epoch 122/300 — train_loss: -0.3922  val_loss: -0.3199  freq: 0.1209  spend: 0.0006  w_freq: 0.745  w_spend: 0.760
Epoch 123/300 — train_loss: -0.3917  val_loss: -0.3141  freq: 0.1208  spend: 0.0113  w_freq: 0.747  w_spend: 0.763
Epoch 124/300 — train_loss: -0.3961  val_loss: -0.3135  freq: 0.1206  spend: 0.0150  w_freq: 0.748  w_spend: 0.765
Epoch 125/300 — train_loss: -0.3966  val_loss: -0.3107  freq: 0.1207  spend: 0.0214  w_freq: 0.750  w_spend: 0.767
Epoch 126/300 — train_loss: -0.4078  val_loss: -0.3244  freq: 0.1209  spend: 0.0066  w_freq: 0.752  w_spend: 0.769
Epoch 127/300 — train_loss: -0.4040  val_loss: -0.3189  freq: 0.1206  spend: 0.0171  w_freq: 0.754  w_spend: 0.771
Epoch 128/300 — train_loss: -0.4149  val_loss: -0.3231  freq: 0.1209  spend: 0.0144  w_freq: 0.755  w_spend: 0.773
Epoch 129/300 — train_loss: -0.4232  val_loss: -0.3215  freq: 0.1206  spend: 0.0196  w_freq: 0.757  w_spend: 0.775
Epoch 130/300 — train_loss: -0.4209  val_loss: -0.3132  freq: 0.1207  spend: 0.0331  w_freq: 0.759  w_spend: 0.777
Epoch 131/300 — train_loss: -0.4207  val_loss: -0.3069  freq: 0.1209  spend: 0.0439  w_freq: 0.761  w_spend: 0.779
Epoch 132/300 — train_loss: -0.4238  val_loss: -0.3270  freq: 0.1204  spend: 0.0214  w_freq: 0.763  w_spend: 0.782
Epoch 133/300 — train_loss: -0.4236  val_loss: -0.3252  freq: 0.1209  spend: 0.0259  w_freq: 0.764  w_spend: 0.783
Epoch 134/300 — train_loss: -0.4147  val_loss: -0.3292  freq: 0.1208  spend: 0.0236  w_freq: 0.766  w_spend: 0.785
Epoch 135/300 — train_loss: -0.4338  val_loss: -0.3324  freq: 0.1207  spend: 0.0224  w_freq: 0.768  w_spend: 0.788
Epoch 136/300 — train_loss: -0.4467  val_loss: -0.3076  freq: 0.1206  spend: 0.0569  w_freq: 0.769  w_spend: 0.790
Epoch 137/300 — train_loss: -0.4427  val_loss: -0.3270  freq: 0.1205  spend: 0.0352  w_freq: 0.771  w_spend: 0.792
Epoch 138/300 — train_loss: -0.4493  val_loss: -0.3327  freq: 0.1206  spend: 0.0308  w_freq: 0.773  w_spend: 0.794
Epoch 139/300 — train_loss: -0.4545  val_loss: -0.3309  freq: 0.1205  spend: 0.0361  w_freq: 0.775  w_spend: 0.796
Epoch 140/300 — train_loss: -0.4436  val_loss: -0.3127  freq: 0.1207  spend: 0.0614  w_freq: 0.777  w_spend: 0.798
Epoch 141/300 — train_loss: -0.4545  val_loss: -0.3369  freq: 0.1204  spend: 0.0338  w_freq: 0.778  w_spend: 0.800
Epoch 142/300 — train_loss: -0.4546  val_loss: -0.3403  freq: 0.1206  spend: 0.0318  w_freq: 0.780  w_spend: 0.802
Epoch 143/300 — train_loss: -0.4482  val_loss: -0.3276  freq: 0.1205  spend: 0.0504  w_freq: 0.782  w_spend: 0.804
Epoch 144/300 — train_loss: -0.4616  val_loss: -0.3255  freq: 0.1205  spend: 0.0555  w_freq: 0.783  w_spend: 0.806
Epoch 145/300 — train_loss: -0.4621  val_loss: -0.3283  freq: 0.1204  spend: 0.0547  w_freq: 0.785  w_spend: 0.808
Epoch 146/300 — train_loss: -0.4582  val_loss: -0.3353  freq: 0.1204  spend: 0.0487  w_freq: 0.787  w_spend: 0.811
Epoch 147/300 — train_loss: -0.4750  val_loss: -0.3386  freq: 0.1203  spend: 0.0472  w_freq: 0.789  w_spend: 0.813
Epoch 148/300 — train_loss: -0.4724  val_loss: -0.3577  freq: 0.1202  spend: 0.0261  w_freq: 0.790  w_spend: 0.815
Epoch 149/300 — train_loss: -0.4893  val_loss: -0.3380  freq: 0.1205  spend: 0.0522  w_freq: 0.792  w_spend: 0.816
Epoch 150/300 — train_loss: -0.4843  val_loss: -0.3421  freq: 0.1204  spend: 0.0497  w_freq: 0.793  w_spend: 0.818
Epoch 151/300 — train_loss: -0.4761  val_loss: -0.3457  freq: 0.1204  spend: 0.0476  w_freq: 0.795  w_spend: 0.820
Epoch 152/300 — train_loss: -0.4787  val_loss: -0.3493  freq: 0.1203  spend: 0.0458  w_freq: 0.797  w_spend: 0.822
Epoch 153/300 — train_loss: -0.4933  val_loss: -0.3374  freq: 0.1204  spend: 0.0624  w_freq: 0.798  w_spend: 0.824
Epoch 154/300 — train_loss: -0.4976  val_loss: -0.3179  freq: 0.1205  spend: 0.0881  w_freq: 0.800  w_spend: 0.826
Epoch 155/300 — train_loss: -0.4980  val_loss: -0.3190  freq: 0.1204  spend: 0.0889  w_freq: 0.801  w_spend: 0.828
Epoch 156/300 — train_loss: -0.5027  val_loss: -0.3286  freq: 0.1204  spend: 0.0793  w_freq: 0.803  w_spend: 0.830
Epoch 157/300 — train_loss: -0.4942  val_loss: -0.3262  freq: 0.1204  spend: 0.0841  w_freq: 0.804  w_spend: 0.832
Epoch 158/300 — train_loss: -0.5074  val_loss: -0.3363  freq: 0.1204  spend: 0.0737  w_freq: 0.806  w_spend: 0.833
Epoch 159/300 — train_loss: -0.5174  val_loss: -0.3349  freq: 0.1203  spend: 0.0774  w_freq: 0.807  w_spend: 0.835
Epoch 160/300 — train_loss: -0.5143  val_loss: -0.3127  freq: 0.1203  spend: 0.1064  w_freq: 0.809  w_spend: 0.837
Epoch 161/300 — train_loss: -0.5106  val_loss: -0.3109  freq: 0.1202  spend: 0.1108  w_freq: 0.810  w_spend: 0.839
Epoch 162/300 — train_loss: -0.5194  val_loss: -0.3114  freq: 0.1203  spend: 0.1118  w_freq: 0.812  w_spend: 0.841
Epoch 163/300 — train_loss: -0.5132  val_loss: -0.3357  freq: 0.1202  spend: 0.0850  w_freq: 0.813  w_spend: 0.843
Epoch 164/300 — train_loss: -0.5153  val_loss: -0.3249  freq: 0.1203  spend: 0.0994  w_freq: 0.815  w_spend: 0.844
Epoch 165/300 — train_loss: -0.5148  val_loss: -0.3421  freq: 0.1202  spend: 0.0809  w_freq: 0.816  w_spend: 0.846
Epoch 166/300 — train_loss: -0.5067  val_loss: -0.3221  freq: 0.1203  spend: 0.1059  w_freq: 0.817  w_spend: 0.847
Epoch 167/300 — train_loss: -0.5208  val_loss: -0.3291  freq: 0.1203  spend: 0.0992  w_freq: 0.819  w_spend: 0.849
Epoch 168/300 — train_loss: -0.5317  val_loss: -0.3085  freq: 0.1202  spend: 0.1252  w_freq: 0.820  w_spend: 0.850
Early stopping triggered at epoch 168.

Checkpoint saved: /kaggle/working/results/checkpoints/transformer_joint_cdnow_v2_seed42_sample.pt
Validation-fitted softmax temperature: 0.7500

Duan's smearing factor (val): 1.2096
Validation aggregate calibration: freq_factor=2.7515, spend_factor=2.3711

Running autoregressive inference on holdout period ...
  inference mode: sample  n_scenarios: 200  temperature: 0.7500

=== Prediction Diagnostics ===
  Mean predicted freq/week:    0.0025
  Mean actual freq/week:       0.0196
  Over-prediction ratio:       0.127x
  Customers predicted as zero total:  0.974
  Customers actually zero total:      0.781
  Non-zero rate (pred, avg > 0.05):  0.003
  Non-zero rate (true):               0.018

Metrics saved: /kaggle/working/results/tables/transformer_joint_cdnow_v2_seed42_sample_metrics.json
Array artifacts saved: /kaggle/working/results/tables/transformer_joint_cdnow_v2_seed42_sample_arrays.npz

=== Holdout Evaluation ===
  metric_definition_version: valendin_aggregate_mape_v1
  freq_rmse: 1.3224
  freq_mae: 0.4759
  freq_normalized_gini: 0.6633
  freq_calibration_factor: 2.7515
  freq_horizon_abs_bias_pct: 64.9395
  bias_pct: -64.9395
  freq_weekly_mae: 29.8721
  freq_weekly_total_true: 1196.0000
  freq_weekly_total_pred: 419.3242
  freq_valendin_mape: 64.9395
  freq_horizon_bias_pct: -64.9395
  freq_weekly_mean_pct_mape: 64.3574
  freq_weekly_mean_pct_bias_pct: -64.3574
  freq_weekly_bias_pct: -64.9395
  freq_weekly_mape: 64.9395
  freq_mape: 64.9395
  freq_mase: 0.3041
  freq_mase_scale: 0.0834
  smearing_factor: 1.2096
  spend_calibration_factor: 2.3711
  spend_mae_raw: 17.0740
  spend_rmse_raw: 51.7167
  spend_normalized_gini: 0.6702
  spend_mae_log: 0.9167
  spend_rmse_log: 1.5014
  spend_r2_log: 0.2223
  spend_bias_pct: -62.4963
  spend_weekly_mae: 1036.0789
  spend_weekly_total_true: 43103.4400
  spend_weekly_total_pred: 16165.3891
  spend_valendin_mape: 62.4963
  spend_horizon_abs_bias_pct: 62.4963
  spend_horizon_bias_pct: -62.4963
  spend_weekly_mean_pct_mape: 61.4710
  spend_weekly_mean_pct_bias_pct: -61.4710
  spend_weekly_bias_pct: -62.4963
  spend_weekly_mape: 62.4963
  spend_mase: 0.5244
  spend_mase_scale: 1.7675
  clv_mae: 16.7183
  clv_rmse: 50.6367
  clv_spearman: 0.4412
  clv_decile_lift: 5.1932
  clv_normalized_gini: 0.6705
  clv_total_true: 42218.7344
  clv_total_pred: 15907.3613
  calibration_temperature_source: rolling_origin_autoregressive
  validation_temperature: 0.7500
  smearing_source: rolling_origin_autoregressive
  calibration_source: rolling_origin_autoregressive
  validation_freq_true_total: 120.0000
  validation_freq_pred_total: 26.6484
  validation_spend_true_total: 4587.6401
  validation_spend_pred_total: 1225.9323
  validation_freq_calibration_factor: 2.7515
  validation_spend_calibration_factor: 2.3711
  validation_rolling_origin_count: 2
  protocol_name: cdnow_sample_52x26
  cohort_size: 2349
  calibration_weeks: 52
  holdout_weeks: 26
  inference_mode: sample
  n_scenarios: 200
  final_manifest_version: 2026-05-20-results-recovery-protocol
  final_manifest_run_name: transformer_joint_cdnow_v2_seed42_sample
  final_manifest_config: experiments/configs/transformer_joint_cdnow_v2.yaml
  final_manifest_config_hash: f75ac41254ad
  final_manifest_actual_config_hash: e80ede3cbe5f
  final_manifest_seed: 42
  final_manifest_epochs: 300
  final_manifest_inference_mode: sample
  final_manifest_n_scenarios: 200
  run_valid: True
  run_invalid_reason: 
  run_warning: 
  epochs_completed: 168
  max_epochs_configured: 300
History saved: /kaggle/working/results/tables/transformer_joint_cdnow_v2_seed42_sample_history.json
