[Kaggle] raw_dir  → /kaggle/working/input/dunnhumby
[Kaggle] results  → /kaggle/working/results
Config: experiments/configs/extension3_transformer_static_dunnhumby.yaml
Run: extension3_transformer_static_dunnhumby_final_seed123_sample
Device: cuda
Loading dataset: dunnhumby ...
[pipeline] freq_cap=10 (auto q=0.99) → freq_bins=[0, 1, 2, 3]... (n_classes=11)
  Train customers: 2249, Val: 249, Inference: 2498
[dunnhumby] Customers with 0 calibration transactions: 0 / 2498
  top-bin decode: class_values[-1] = 13.099 (max_trans = 10)
Model: transformer — 102,761 parameters

Training for up to 100 epochs ...
/kaggle/working/thesis-code/src/training/trainer.py:116: FutureWarning: `torch.cuda.amp.GradScaler(args...)` is deprecated. Please use `torch.amp.GradScaler('cuda', args...)` instead.
  self.scaler = torch.cuda.amp.GradScaler(enabled=self.amp_enabled)
[Kendall] log_vars frozen for 5 warm-up epochs.
Epoch   1/100 — train_loss: 5.0736  val_loss: 4.7378  freq: 9.2054  spend: 0.2702  w_freq: 0.500  w_spend: 0.500
Epoch   2/100 — train_loss: 4.6655  val_loss: 4.0643  freq: 7.9099  spend: 0.2186  w_freq: 0.500  w_spend: 0.500
Epoch   3/100 — train_loss: 3.8805  val_loss: 3.0175  freq: 5.8660  spend: 0.1690  w_freq: 0.500  w_spend: 0.500
Epoch   4/100 — train_loss: 2.7767  val_loss: 1.8093  freq: 3.4793  spend: 0.1393  w_freq: 0.500  w_spend: 0.500
Epoch   5/100 — train_loss: 1.7649  val_loss: 1.1892  freq: 2.2587  spend: 0.1198  w_freq: 0.500  w_spend: 0.500
[Kendall] log_vars unfrozen at epoch 6.
Epoch   6/100 — train_loss: 1.1796  val_loss: 0.8448  freq: 1.5964  spend: 0.0999  w_freq: 0.499  w_spend: 0.501
Epoch   7/100 — train_loss: 0.9664  val_loss: 0.7661  freq: 1.4592  spend: 0.0856  w_freq: 0.497  w_spend: 0.503
Epoch   8/100 — train_loss: 0.8796  val_loss: 0.7037  freq: 1.3480  spend: 0.0775  w_freq: 0.494  w_spend: 0.506
Epoch   9/100 — train_loss: 0.8201  val_loss: 0.6669  freq: 1.2869  spend: 0.0699  w_freq: 0.492  w_spend: 0.508
Epoch  10/100 — train_loss: 0.7772  val_loss: 0.6486  freq: 1.2631  spend: 0.0626  w_freq: 0.490  w_spend: 0.511
Epoch  11/100 — train_loss: 0.7461  val_loss: 0.6304  freq: 1.2364  spend: 0.0577  w_freq: 0.488  w_spend: 0.513
Epoch  12/100 — train_loss: 0.7239  val_loss: 0.6200  freq: 1.2224  spend: 0.0561  w_freq: 0.487  w_spend: 0.516
Epoch  13/100 — train_loss: 0.7031  val_loss: 0.6122  freq: 1.2163  spend: 0.0518  w_freq: 0.485  w_spend: 0.519
Epoch  14/100 — train_loss: 0.6857  val_loss: 0.6021  freq: 1.2057  spend: 0.0479  w_freq: 0.483  w_spend: 0.521
Epoch  15/100 — train_loss: 0.6714  val_loss: 0.5936  freq: 1.1981  spend: 0.0440  w_freq: 0.482  w_spend: 0.524
Epoch  16/100 — train_loss: 0.6610  val_loss: 0.5873  freq: 1.1934  spend: 0.0409  w_freq: 0.480  w_spend: 0.527
Epoch  17/100 — train_loss: 0.6504  val_loss: 0.5823  freq: 1.1946  spend: 0.0346  w_freq: 0.479  w_spend: 0.529
Epoch  18/100 — train_loss: 0.6414  val_loss: 0.5714  freq: 1.1886  spend: 0.0238  w_freq: 0.478  w_spend: 0.531
Epoch  19/100 — train_loss: 0.6326  val_loss: 0.5680  freq: 1.1889  spend: 0.0218  w_freq: 0.476  w_spend: 0.534
Epoch  20/100 — train_loss: 0.6224  val_loss: 0.5550  freq: 1.1821  spend: 0.0077  w_freq: 0.475  w_spend: 0.536
Epoch  21/100 — train_loss: 0.6134  val_loss: 0.5452  freq: 1.1768  spend: -0.0013  w_freq: 0.474  w_spend: 0.539
Epoch  22/100 — train_loss: 0.6026  val_loss: 0.5376  freq: 1.1764  spend: -0.0107  w_freq: 0.473  w_spend: 0.541
Epoch  23/100 — train_loss: 0.5939  val_loss: 0.5292  freq: 1.1730  spend: -0.0189  w_freq: 0.472  w_spend: 0.543
Epoch  24/100 — train_loss: 0.5850  val_loss: 0.5228  freq: 1.1729  spend: -0.0262  w_freq: 0.471  w_spend: 0.546
Epoch  25/100 — train_loss: 0.5780  val_loss: 0.5173  freq: 1.1730  spend: -0.0315  w_freq: 0.470  w_spend: 0.548
Epoch  26/100 — train_loss: 0.5726  val_loss: 0.5102  freq: 1.1693  spend: -0.0372  w_freq: 0.468  w_spend: 0.551
Epoch  27/100 — train_loss: 0.5652  val_loss: 0.5050  freq: 1.1667  spend: -0.0401  w_freq: 0.467  w_spend: 0.553
Epoch  28/100 — train_loss: 0.5599  val_loss: 0.5010  freq: 1.1649  spend: -0.0414  w_freq: 0.466  w_spend: 0.556
Epoch  29/100 — train_loss: 0.5548  val_loss: 0.4989  freq: 1.1638  spend: -0.0402  w_freq: 0.465  w_spend: 0.558
Epoch  30/100 — train_loss: 0.5501  val_loss: 0.4962  freq: 1.1631  spend: -0.0408  w_freq: 0.465  w_spend: 0.560
Epoch  31/100 — train_loss: 0.5459  val_loss: 0.4918  freq: 1.1615  spend: -0.0437  w_freq: 0.464  w_spend: 0.562
Epoch  32/100 — train_loss: 0.5412  val_loss: 0.4870  freq: 1.1604  spend: -0.0479  w_freq: 0.463  w_spend: 0.564
Epoch  33/100 — train_loss: 0.5379  val_loss: 0.4858  freq: 1.1598  spend: -0.0458  w_freq: 0.462  w_spend: 0.567
Epoch  34/100 — train_loss: 0.5352  val_loss: 0.4817  freq: 1.1591  spend: -0.0488  w_freq: 0.461  w_spend: 0.569
Epoch  35/100 — train_loss: 0.5300  val_loss: 0.4791  freq: 1.1574  spend: -0.0481  w_freq: 0.461  w_spend: 0.571
Epoch  36/100 — train_loss: 0.5261  val_loss: 0.4768  freq: 1.1575  spend: -0.0486  w_freq: 0.460  w_spend: 0.573
Epoch  37/100 — train_loss: 0.5223  val_loss: 0.4733  freq: 1.1572  spend: -0.0506  w_freq: 0.459  w_spend: 0.575
Epoch  38/100 — train_loss: 0.5197  val_loss: 0.4706  freq: 1.1559  spend: -0.0507  w_freq: 0.458  w_spend: 0.578
Epoch  39/100 — train_loss: 0.5169  val_loss: 0.4674  freq: 1.1543  spend: -0.0514  w_freq: 0.457  w_spend: 0.580
Epoch  40/100 — train_loss: 0.5137  val_loss: 0.4650  freq: 1.1535  spend: -0.0516  w_freq: 0.457  w_spend: 0.582
Epoch  41/100 — train_loss: 0.5095  val_loss: 0.4627  freq: 1.1534  spend: -0.0522  w_freq: 0.456  w_spend: 0.584
Epoch  42/100 — train_loss: 0.5064  val_loss: 0.4605  freq: 1.1522  spend: -0.0517  w_freq: 0.455  w_spend: 0.586
Epoch  43/100 — train_loss: 0.5036  val_loss: 0.4588  freq: 1.1527  spend: -0.0520  w_freq: 0.455  w_spend: 0.588
Epoch  44/100 — train_loss: 0.5004  val_loss: 0.4553  freq: 1.1523  spend: -0.0546  w_freq: 0.454  w_spend: 0.590
Epoch  45/100 — train_loss: 0.4984  val_loss: 0.4536  freq: 1.1515  spend: -0.0542  w_freq: 0.453  w_spend: 0.592
Epoch  46/100 — train_loss: 0.4961  val_loss: 0.4516  freq: 1.1510  spend: -0.0544  w_freq: 0.453  w_spend: 0.594
Epoch  47/100 — train_loss: 0.4931  val_loss: 0.4496  freq: 1.1502  spend: -0.0544  w_freq: 0.452  w_spend: 0.596
Epoch  48/100 — train_loss: 0.4898  val_loss: 0.4485  freq: 1.1503  spend: -0.0535  w_freq: 0.452  w_spend: 0.597
Epoch  49/100 — train_loss: 0.4887  val_loss: 0.4459  freq: 1.1498  spend: -0.0549  w_freq: 0.451  w_spend: 0.599
Epoch  50/100 — train_loss: 0.4854  val_loss: 0.4433  freq: 1.1490  spend: -0.0562  w_freq: 0.451  w_spend: 0.601
Epoch  51/100 — train_loss: 0.4838  val_loss: 0.4418  freq: 1.1484  spend: -0.0557  w_freq: 0.450  w_spend: 0.603
Epoch  52/100 — train_loss: 0.4823  val_loss: 0.4398  freq: 1.1481  spend: -0.0567  w_freq: 0.450  w_spend: 0.604
Epoch  53/100 — train_loss: 0.4802  val_loss: 0.4389  freq: 1.1479  spend: -0.0558  w_freq: 0.449  w_spend: 0.606
Epoch  54/100 — train_loss: 0.4780  val_loss: 0.4376  freq: 1.1476  spend: -0.0556  w_freq: 0.449  w_spend: 0.607
Epoch  55/100 — train_loss: 0.4759  val_loss: 0.4364  freq: 1.1471  spend: -0.0551  w_freq: 0.448  w_spend: 0.609
Epoch  56/100 — train_loss: 0.4748  val_loss: 0.4338  freq: 1.1472  spend: -0.0576  w_freq: 0.448  w_spend: 0.610
Epoch  57/100 — train_loss: 0.4721  val_loss: 0.4320  freq: 1.1470  spend: -0.0585  w_freq: 0.448  w_spend: 0.611
Epoch  58/100 — train_loss: 0.4718  val_loss: 0.4316  freq: 1.1471  spend: -0.0575  w_freq: 0.447  w_spend: 0.612
Epoch  59/100 — train_loss: 0.4690  val_loss: 0.4294  freq: 1.1464  spend: -0.0588  w_freq: 0.447  w_spend: 0.614
Epoch  60/100 — train_loss: 0.4681  val_loss: 0.4280  freq: 1.1460  spend: -0.0590  w_freq: 0.447  w_spend: 0.615
Epoch  61/100 — train_loss: 0.4653  val_loss: 0.4272  freq: 1.1458  spend: -0.0585  w_freq: 0.446  w_spend: 0.616
Epoch  62/100 — train_loss: 0.4651  val_loss: 0.4258  freq: 1.1456  spend: -0.0593  w_freq: 0.446  w_spend: 0.617
Epoch  63/100 — train_loss: 0.4635  val_loss: 0.4251  freq: 1.1456  spend: -0.0590  w_freq: 0.446  w_spend: 0.618
Epoch  64/100 — train_loss: 0.4634  val_loss: 0.4237  freq: 1.1454  spend: -0.0598  w_freq: 0.445  w_spend: 0.619
Epoch  65/100 — train_loss: 0.4601  val_loss: 0.4225  freq: 1.1451  spend: -0.0601  w_freq: 0.445  w_spend: 0.620
Epoch  66/100 — train_loss: 0.4603  val_loss: 0.4226  freq: 1.1452  spend: -0.0588  w_freq: 0.445  w_spend: 0.621
Epoch  67/100 — train_loss: 0.4575  val_loss: 0.4207  freq: 1.1446  spend: -0.0602  w_freq: 0.445  w_spend: 0.622
Epoch  68/100 — train_loss: 0.4561  val_loss: 0.4198  freq: 1.1447  spend: -0.0606  w_freq: 0.444  w_spend: 0.623
Epoch  69/100 — train_loss: 0.4571  val_loss: 0.4189  freq: 1.1444  spend: -0.0608  w_freq: 0.444  w_spend: 0.623
Epoch  70/100 — train_loss: 0.4559  val_loss: 0.4184  freq: 1.1443  spend: -0.0604  w_freq: 0.444  w_spend: 0.624
Epoch  71/100 — train_loss: 0.4544  val_loss: 0.4175  freq: 1.1443  spend: -0.0610  w_freq: 0.444  w_spend: 0.625
Epoch  72/100 — train_loss: 0.4535  val_loss: 0.4171  freq: 1.1442  spend: -0.0606  w_freq: 0.444  w_spend: 0.626
Epoch  73/100 — train_loss: 0.4532  val_loss: 0.4159  freq: 1.1440  spend: -0.0614  w_freq: 0.444  w_spend: 0.626
Epoch  74/100 — train_loss: 0.4515  val_loss: 0.4159  freq: 1.1439  spend: -0.0607  w_freq: 0.443  w_spend: 0.627
Epoch  75/100 — train_loss: 0.4501  val_loss: 0.4150  freq: 1.1439  spend: -0.0612  w_freq: 0.443  w_spend: 0.627
Epoch  76/100 — train_loss: 0.4520  val_loss: 0.4144  freq: 1.1438  spend: -0.0614  w_freq: 0.443  w_spend: 0.628
Epoch  77/100 — train_loss: 0.4506  val_loss: 0.4139  freq: 1.1437  spend: -0.0615  w_freq: 0.443  w_spend: 0.629
Epoch  78/100 — train_loss: 0.4495  val_loss: 0.4133  freq: 1.1434  spend: -0.0616  w_freq: 0.443  w_spend: 0.629
Epoch  79/100 — train_loss: 0.4499  val_loss: 0.4128  freq: 1.1433  spend: -0.0618  w_freq: 0.443  w_spend: 0.629
Epoch  80/100 — train_loss: 0.4483  val_loss: 0.4124  freq: 1.1433  spend: -0.0620  w_freq: 0.443  w_spend: 0.630
Epoch  81/100 — train_loss: 0.4485  val_loss: 0.4121  freq: 1.1434  spend: -0.0619  w_freq: 0.443  w_spend: 0.630
Epoch  82/100 — train_loss: 0.4486  val_loss: 0.4119  freq: 1.1432  spend: -0.0618  w_freq: 0.442  w_spend: 0.630
Epoch  83/100 — train_loss: 0.4472  val_loss: 0.4114  freq: 1.1432  spend: -0.0623  w_freq: 0.442  w_spend: 0.631
Epoch  84/100 — train_loss: 0.4465  val_loss: 0.4112  freq: 1.1431  spend: -0.0621  w_freq: 0.442  w_spend: 0.631
Epoch  85/100 — train_loss: 0.4470  val_loss: 0.4109  freq: 1.1431  spend: -0.0622  w_freq: 0.442  w_spend: 0.631
Epoch  86/100 — train_loss: 0.4466  val_loss: 0.4108  freq: 1.1431  spend: -0.0623  w_freq: 0.442  w_spend: 0.631
Epoch  87/100 — train_loss: 0.4469  val_loss: 0.4104  freq: 1.1430  spend: -0.0625  w_freq: 0.442  w_spend: 0.632
Epoch  88/100 — train_loss: 0.4459  val_loss: 0.4103  freq: 1.1430  spend: -0.0625  w_freq: 0.442  w_spend: 0.632
Epoch  89/100 — train_loss: 0.4445  val_loss: 0.4101  freq: 1.1429  spend: -0.0626  w_freq: 0.442  w_spend: 0.632
Epoch  90/100 — train_loss: 0.4467  val_loss: 0.4100  freq: 1.1429  spend: -0.0625  w_freq: 0.442  w_spend: 0.632
Epoch  91/100 — train_loss: 0.4449  val_loss: 0.4099  freq: 1.1429  spend: -0.0626  w_freq: 0.442  w_spend: 0.632
Epoch  92/100 — train_loss: 0.4450  val_loss: 0.4098  freq: 1.1429  spend: -0.0626  w_freq: 0.442  w_spend: 0.632
Epoch  93/100 — train_loss: 0.4466  val_loss: 0.4098  freq: 1.1429  spend: -0.0626  w_freq: 0.442  w_spend: 0.632
Epoch  94/100 — train_loss: 0.4449  val_loss: 0.4098  freq: 1.1429  spend: -0.0626  w_freq: 0.442  w_spend: 0.632
Epoch  95/100 — train_loss: 0.4463  val_loss: 0.4098  freq: 1.1429  spend: -0.0626  w_freq: 0.442  w_spend: 0.632
Epoch  96/100 — train_loss: 0.4447  val_loss: 0.4098  freq: 1.1429  spend: -0.0626  w_freq: 0.442  w_spend: 0.632
Epoch  97/100 — train_loss: 0.4449  val_loss: 0.4098  freq: 1.1429  spend: -0.0626  w_freq: 0.442  w_spend: 0.632
Epoch  98/100 — train_loss: 0.4453  val_loss: 0.4098  freq: 1.1429  spend: -0.0626  w_freq: 0.442  w_spend: 0.632
Epoch  99/100 — train_loss: 0.4452  val_loss: 0.4097  freq: 1.1429  spend: -0.0626  w_freq: 0.442  w_spend: 0.632
Epoch 100/100 — train_loss: 0.4450  val_loss: 0.4097  freq: 1.1429  spend: -0.0626  w_freq: 0.442  w_spend: 0.632

Checkpoint saved: /kaggle/working/results/checkpoints/extension3_transformer_static_dunnhumby_final_seed123_sample.pt
Validation-fitted softmax temperature: 0.9000

Duan's smearing factor (val): 1.3678
Validation aggregate calibration: freq_factor=1.0529, spend_factor=0.9944

Running autoregressive inference on holdout period ...
  inference mode: sample  n_scenarios: 30  temperature: 0.9000

=== Prediction Diagnostics ===
  Mean predicted freq/week:    1.1192
  Mean actual freq/week:       1.1882
  Over-prediction ratio:       0.942x
  Customers predicted as zero total:  0.079
  Customers actually zero total:      0.188
  Non-zero rate (pred, avg > 0.05):  0.950
  Non-zero rate (true):               0.542

Metrics saved: /kaggle/working/results/tables/extension3_transformer_static_dunnhumby_final_seed123_sample_metrics.json
Array artifacts saved: /kaggle/working/results/tables/extension3_transformer_static_dunnhumby_final_seed123_sample_arrays.npz

=== Holdout Evaluation ===
  metric_definition_version: valendin_aggregate_mape_v1
  freq_rmse: 3.6453
  freq_mae: 2.1910
  freq_normalized_gini: 0.8295
  freq_calibration_factor: 1.0529
  freq_horizon_abs_bias_pct: 0.8177
  bias_pct: -0.8177
  freq_weekly_mae: 24.2699
  freq_weekly_total_true: 11872.0000
  freq_weekly_total_pred: 11774.9206
  freq_valendin_mape: 0.8177
  freq_horizon_bias_pct: -0.8177
  freq_weekly_mean_pct_mape: 0.8118
  freq_weekly_mean_pct_bias_pct: -0.8118
  freq_weekly_bias_pct: -0.8177
  freq_weekly_mape: 0.8177
  freq_mape: 0.8177
  freq_mase: 1.0243
  freq_mase_scale: 0.8235
  smearing_factor: 1.3678
  spend_calibration_factor: 0.9944
  spend_mae_raw: 67.9986
  spend_rmse_raw: 106.3147
  spend_normalized_gini: 0.8116
  spend_mae_log: 1.0630
  spend_rmse_log: 1.5725
  spend_r2_log: 0.4384
  spend_bias_pct: 1.1543
  spend_weekly_mae: 1278.2959
  spend_weekly_total_true: 347125.7605
  spend_weekly_total_pred: 351132.6707
  spend_valendin_mape: 1.4730
  spend_horizon_abs_bias_pct: 1.1543
  spend_horizon_bias_pct: 1.1543
  spend_weekly_mean_pct_mape: 1.4290
  spend_weekly_mean_pct_bias_pct: 1.1028
  spend_weekly_bias_pct: 1.1543
  spend_weekly_mape: 1.4730
  spend_mase: 1.0136
  spend_mase_scale: 27.5152
  clv_mae: 67.8217
  clv_rmse: 106.0341
  clv_spearman: 0.7765
  clv_decile_lift: 3.3305
  clv_normalized_gini: 0.8116
  clv_total_true: 346205.2188
  clv_total_pred: 350208.6562
  calibration_temperature_source: rolling_origin_autoregressive
  validation_temperature: 0.9000
  smearing_source: rolling_origin_autoregressive
  calibration_source: rolling_origin_autoregressive
  validation_freq_true_total: 2215.0000
  validation_freq_pred_total: 2003.0969
  validation_spend_true_total: 63355.4414
  validation_spend_pred_total: 64077.0703
  validation_freq_calibration_factor: 1.0529
  validation_spend_calibration_factor: 0.9944
  validation_rolling_origin_count: 2
  protocol_name: dunnhumby_configured_80x4
  cohort_size: 2498
  calibration_weeks: 80
  holdout_weeks: 4
  inference_mode: sample
  n_scenarios: 30
  final_manifest_version: 2026-05-20-results-recovery-protocol
  final_manifest_run_name: extension3_transformer_static_dunnhumby_final_seed123_sample
  final_manifest_config: experiments/configs/extension3_transformer_static_dunnhumby.yaml
  final_manifest_config_hash: db028af66dda
  final_manifest_actual_config_hash: fedd1183c87a
  final_manifest_seed: 123
  final_manifest_epochs: 100
  final_manifest_inference_mode: sample
  final_manifest_n_scenarios: 30
  run_valid: True
  run_invalid_reason: 
  run_warning: 
  epochs_completed: 100
  max_epochs_configured: 100
History saved: /kaggle/working/results/tables/extension3_transformer_static_dunnhumby_final_seed123_sample_history.json
