[Kaggle] raw_dir  → /kaggle/working/input/dunnhumby
[Kaggle] results  → /kaggle/working/results
Config: experiments/configs/extension3_transformer_static_dunnhumby.yaml
Run: extension3_transformer_static_dunnhumby_final_seed7_sample
Device: cuda
Loading dataset: dunnhumby ...
[pipeline] freq_cap=10 (auto q=0.99) → freq_bins=[0, 1, 2, 3]... (n_classes=11)
  Train customers: 2249, Val: 249, Inference: 2498
[dunnhumby] Customers with 0 calibration transactions: 0 / 2498
  top-bin decode: class_values[-1] = 13.099 (max_trans = 10)
Model: transformer — 102,761 parameters

Training for up to 100 epochs ...
/kaggle/working/thesis-code/src/training/trainer.py:116: FutureWarning: `torch.cuda.amp.GradScaler(args...)` is deprecated. Please use `torch.amp.GradScaler('cuda', args...)` instead.
  self.scaler = torch.cuda.amp.GradScaler(enabled=self.amp_enabled)
[Kendall] log_vars frozen for 5 warm-up epochs.
Epoch   1/100 — train_loss: 2.8770  val_loss: 2.5659  freq: 4.8603  spend: 0.2715  w_freq: 0.500  w_spend: 0.500
Epoch   2/100 — train_loss: 2.5719  val_loss: 2.1037  freq: 3.9829  spend: 0.2246  w_freq: 0.500  w_spend: 0.500
Epoch   3/100 — train_loss: 2.0521  val_loss: 1.5383  freq: 2.8995  spend: 0.1771  w_freq: 0.500  w_spend: 0.500
Epoch   4/100 — train_loss: 1.5164  val_loss: 1.0998  freq: 2.0550  spend: 0.1446  w_freq: 0.500  w_spend: 0.500
Epoch   5/100 — train_loss: 1.1066  val_loss: 0.8507  freq: 1.5771  spend: 0.1243  w_freq: 0.500  w_spend: 0.500
[Kendall] log_vars unfrozen at epoch 6.
Epoch   6/100 — train_loss: 0.9277  val_loss: 0.7618  freq: 1.4300  spend: 0.0997  w_freq: 0.499  w_spend: 0.501
Epoch   7/100 — train_loss: 0.8369  val_loss: 0.6953  freq: 1.3167  spend: 0.0849  w_freq: 0.497  w_spend: 0.503
Epoch   8/100 — train_loss: 0.7847  val_loss: 0.6647  freq: 1.2741  spend: 0.0717  w_freq: 0.495  w_spend: 0.506
Epoch   9/100 — train_loss: 0.7468  val_loss: 0.6420  freq: 1.2482  spend: 0.0573  w_freq: 0.493  w_spend: 0.508
Epoch  10/100 — train_loss: 0.7194  val_loss: 0.6237  freq: 1.2278  spend: 0.0463  w_freq: 0.491  w_spend: 0.510
Epoch  11/100 — train_loss: 0.6993  val_loss: 0.6097  freq: 1.2145  spend: 0.0365  w_freq: 0.489  w_spend: 0.513
Epoch  12/100 — train_loss: 0.6782  val_loss: 0.5956  freq: 1.2019  spend: 0.0264  w_freq: 0.487  w_spend: 0.515
Epoch  13/100 — train_loss: 0.6603  val_loss: 0.5843  freq: 1.1923  spend: 0.0187  w_freq: 0.485  w_spend: 0.518
Epoch  14/100 — train_loss: 0.6460  val_loss: 0.5723  freq: 1.1862  spend: 0.0067  w_freq: 0.484  w_spend: 0.520
Epoch  15/100 — train_loss: 0.6317  val_loss: 0.5637  freq: 1.1826  spend: -0.0016  w_freq: 0.482  w_spend: 0.523
Epoch  16/100 — train_loss: 0.6221  val_loss: 0.5538  freq: 1.1790  spend: -0.0124  w_freq: 0.481  w_spend: 0.525
Epoch  17/100 — train_loss: 0.6100  val_loss: 0.5458  freq: 1.1768  spend: -0.0206  w_freq: 0.479  w_spend: 0.528
Epoch  18/100 — train_loss: 0.6010  val_loss: 0.5395  freq: 1.1746  spend: -0.0263  w_freq: 0.478  w_spend: 0.530
Epoch  19/100 — train_loss: 0.5919  val_loss: 0.5330  freq: 1.1717  spend: -0.0312  w_freq: 0.477  w_spend: 0.532
Epoch  20/100 — train_loss: 0.5841  val_loss: 0.5261  freq: 1.1681  spend: -0.0360  w_freq: 0.476  w_spend: 0.535
Epoch  21/100 — train_loss: 0.5776  val_loss: 0.5210  freq: 1.1653  spend: -0.0379  w_freq: 0.474  w_spend: 0.537
Epoch  22/100 — train_loss: 0.5719  val_loss: 0.5175  freq: 1.1629  spend: -0.0377  w_freq: 0.473  w_spend: 0.540
Epoch  23/100 — train_loss: 0.5648  val_loss: 0.5120  freq: 1.1606  spend: -0.0420  w_freq: 0.472  w_spend: 0.542
Epoch  24/100 — train_loss: 0.5602  val_loss: 0.5075  freq: 1.1603  spend: -0.0463  w_freq: 0.471  w_spend: 0.544
Epoch  25/100 — train_loss: 0.5557  val_loss: 0.5030  freq: 1.1578  spend: -0.0480  w_freq: 0.470  w_spend: 0.547
Epoch  26/100 — train_loss: 0.5504  val_loss: 0.4989  freq: 1.1556  spend: -0.0492  w_freq: 0.469  w_spend: 0.549
Epoch  27/100 — train_loss: 0.5458  val_loss: 0.4962  freq: 1.1543  spend: -0.0490  w_freq: 0.468  w_spend: 0.551
Epoch  28/100 — train_loss: 0.5423  val_loss: 0.4938  freq: 1.1534  spend: -0.0492  w_freq: 0.467  w_spend: 0.553
Epoch  29/100 — train_loss: 0.5390  val_loss: 0.4897  freq: 1.1523  spend: -0.0523  w_freq: 0.466  w_spend: 0.555
Epoch  30/100 — train_loss: 0.5355  val_loss: 0.4869  freq: 1.1516  spend: -0.0534  w_freq: 0.465  w_spend: 0.557
Epoch  31/100 — train_loss: 0.5326  val_loss: 0.4838  freq: 1.1505  spend: -0.0547  w_freq: 0.464  w_spend: 0.559
Epoch  32/100 — train_loss: 0.5304  val_loss: 0.4823  freq: 1.1497  spend: -0.0530  w_freq: 0.464  w_spend: 0.561
Epoch  33/100 — train_loss: 0.5244  val_loss: 0.4783  freq: 1.1489  spend: -0.0554  w_freq: 0.463  w_spend: 0.563
Epoch  34/100 — train_loss: 0.5229  val_loss: 0.4785  freq: 1.1493  spend: -0.0518  w_freq: 0.462  w_spend: 0.566
Epoch  35/100 — train_loss: 0.5175  val_loss: 0.4742  freq: 1.1493  spend: -0.0563  w_freq: 0.461  w_spend: 0.567
Epoch  36/100 — train_loss: 0.5152  val_loss: 0.4711  freq: 1.1483  spend: -0.0573  w_freq: 0.460  w_spend: 0.569
Epoch  37/100 — train_loss: 0.5115  val_loss: 0.4688  freq: 1.1470  spend: -0.0568  w_freq: 0.459  w_spend: 0.572
Epoch  38/100 — train_loss: 0.5083  val_loss: 0.4659  freq: 1.1470  spend: -0.0584  w_freq: 0.459  w_spend: 0.574
Epoch  39/100 — train_loss: 0.5057  val_loss: 0.4632  freq: 1.1456  spend: -0.0585  w_freq: 0.458  w_spend: 0.576
Epoch  40/100 — train_loss: 0.5034  val_loss: 0.4615  freq: 1.1461  spend: -0.0587  w_freq: 0.457  w_spend: 0.578
Epoch  41/100 — train_loss: 0.5012  val_loss: 0.4584  freq: 1.1449  spend: -0.0600  w_freq: 0.457  w_spend: 0.580
Epoch  42/100 — train_loss: 0.4966  val_loss: 0.4566  freq: 1.1448  spend: -0.0600  w_freq: 0.456  w_spend: 0.582
Epoch  43/100 — train_loss: 0.4949  val_loss: 0.4545  freq: 1.1443  spend: -0.0602  w_freq: 0.455  w_spend: 0.584
Epoch  44/100 — train_loss: 0.4922  val_loss: 0.4525  freq: 1.1439  spend: -0.0603  w_freq: 0.455  w_spend: 0.585
Epoch  45/100 — train_loss: 0.4909  val_loss: 0.4508  freq: 1.1453  spend: -0.0613  w_freq: 0.454  w_spend: 0.587
Epoch  46/100 — train_loss: 0.4879  val_loss: 0.4493  freq: 1.1455  spend: -0.0611  w_freq: 0.453  w_spend: 0.589
Epoch  47/100 — train_loss: 0.4857  val_loss: 0.4458  freq: 1.1435  spend: -0.0629  w_freq: 0.453  w_spend: 0.591
Epoch  48/100 — train_loss: 0.4829  val_loss: 0.4444  freq: 1.1432  spend: -0.0625  w_freq: 0.452  w_spend: 0.593
Epoch  49/100 — train_loss: 0.4816  val_loss: 0.4424  freq: 1.1428  spend: -0.0632  w_freq: 0.452  w_spend: 0.594
Epoch  50/100 — train_loss: 0.4795  val_loss: 0.4405  freq: 1.1427  spend: -0.0639  w_freq: 0.451  w_spend: 0.596
Epoch  51/100 — train_loss: 0.4776  val_loss: 0.4396  freq: 1.1424  spend: -0.0627  w_freq: 0.451  w_spend: 0.597
Epoch  52/100 — train_loss: 0.4753  val_loss: 0.4376  freq: 1.1424  spend: -0.0636  w_freq: 0.450  w_spend: 0.599
Epoch  53/100 — train_loss: 0.4735  val_loss: 0.4357  freq: 1.1426  spend: -0.0644  w_freq: 0.450  w_spend: 0.601
Epoch  54/100 — train_loss: 0.4722  val_loss: 0.4341  freq: 1.1423  spend: -0.0649  w_freq: 0.449  w_spend: 0.602
Epoch  55/100 — train_loss: 0.4699  val_loss: 0.4330  freq: 1.1421  spend: -0.0645  w_freq: 0.449  w_spend: 0.603
Epoch  56/100 — train_loss: 0.4678  val_loss: 0.4319  freq: 1.1420  spend: -0.0640  w_freq: 0.448  w_spend: 0.605
Epoch  57/100 — train_loss: 0.4663  val_loss: 0.4298  freq: 1.1416  spend: -0.0652  w_freq: 0.448  w_spend: 0.606
Epoch  58/100 — train_loss: 0.4656  val_loss: 0.4280  freq: 1.1413  spend: -0.0662  w_freq: 0.448  w_spend: 0.608
Epoch  59/100 — train_loss: 0.4633  val_loss: 0.4269  freq: 1.1413  spend: -0.0660  w_freq: 0.447  w_spend: 0.609
Epoch  60/100 — train_loss: 0.4615  val_loss: 0.4267  freq: 1.1410  spend: -0.0645  w_freq: 0.447  w_spend: 0.610
Epoch  61/100 — train_loss: 0.4605  val_loss: 0.4248  freq: 1.1411  spend: -0.0662  w_freq: 0.447  w_spend: 0.611
Epoch  62/100 — train_loss: 0.4597  val_loss: 0.4234  freq: 1.1408  spend: -0.0667  w_freq: 0.446  w_spend: 0.612
Epoch  63/100 — train_loss: 0.4578  val_loss: 0.4223  freq: 1.1409  spend: -0.0672  w_freq: 0.446  w_spend: 0.613
Epoch  64/100 — train_loss: 0.4570  val_loss: 0.4216  freq: 1.1413  spend: -0.0670  w_freq: 0.446  w_spend: 0.614
Epoch  65/100 — train_loss: 0.4557  val_loss: 0.4200  freq: 1.1409  spend: -0.0678  w_freq: 0.445  w_spend: 0.615
Epoch  66/100 — train_loss: 0.4535  val_loss: 0.4199  freq: 1.1417  spend: -0.0672  w_freq: 0.445  w_spend: 0.616
Epoch  67/100 — train_loss: 0.4533  val_loss: 0.4181  freq: 1.1405  spend: -0.0681  w_freq: 0.445  w_spend: 0.617
Epoch  68/100 — train_loss: 0.4520  val_loss: 0.4172  freq: 1.1404  spend: -0.0683  w_freq: 0.445  w_spend: 0.618
Epoch  69/100 — train_loss: 0.4528  val_loss: 0.4163  freq: 1.1402  spend: -0.0685  w_freq: 0.444  w_spend: 0.619
Epoch  70/100 — train_loss: 0.4498  val_loss: 0.4160  freq: 1.1402  spend: -0.0679  w_freq: 0.444  w_spend: 0.620
Epoch  71/100 — train_loss: 0.4498  val_loss: 0.4151  freq: 1.1405  spend: -0.0686  w_freq: 0.444  w_spend: 0.620
Epoch  72/100 — train_loss: 0.4490  val_loss: 0.4145  freq: 1.1404  spend: -0.0686  w_freq: 0.444  w_spend: 0.621
Epoch  73/100 — train_loss: 0.4483  val_loss: 0.4142  freq: 1.1401  spend: -0.0680  w_freq: 0.444  w_spend: 0.622
Epoch  74/100 — train_loss: 0.4473  val_loss: 0.4131  freq: 1.1405  spend: -0.0693  w_freq: 0.443  w_spend: 0.622
Epoch  75/100 — train_loss: 0.4465  val_loss: 0.4129  freq: 1.1400  spend: -0.0685  w_freq: 0.443  w_spend: 0.623
Epoch  76/100 — train_loss: 0.4449  val_loss: 0.4121  freq: 1.1401  spend: -0.0692  w_freq: 0.443  w_spend: 0.623
Epoch  77/100 — train_loss: 0.4458  val_loss: 0.4116  freq: 1.1402  spend: -0.0694  w_freq: 0.443  w_spend: 0.624
Epoch  78/100 — train_loss: 0.4456  val_loss: 0.4113  freq: 1.1401  spend: -0.0693  w_freq: 0.443  w_spend: 0.624
Epoch  79/100 — train_loss: 0.4441  val_loss: 0.4109  freq: 1.1400  spend: -0.0693  w_freq: 0.443  w_spend: 0.625
Epoch  80/100 — train_loss: 0.4436  val_loss: 0.4105  freq: 1.1400  spend: -0.0694  w_freq: 0.443  w_spend: 0.625
Epoch  81/100 — train_loss: 0.4430  val_loss: 0.4102  freq: 1.1398  spend: -0.0693  w_freq: 0.443  w_spend: 0.625
Epoch  82/100 — train_loss: 0.4441  val_loss: 0.4098  freq: 1.1400  spend: -0.0697  w_freq: 0.443  w_spend: 0.626
Epoch  83/100 — train_loss: 0.4428  val_loss: 0.4094  freq: 1.1398  spend: -0.0699  w_freq: 0.442  w_spend: 0.626
Epoch  84/100 — train_loss: 0.4417  val_loss: 0.4092  freq: 1.1398  spend: -0.0699  w_freq: 0.442  w_spend: 0.626
Epoch  85/100 — train_loss: 0.4442  val_loss: 0.4090  freq: 1.1399  spend: -0.0699  w_freq: 0.442  w_spend: 0.626
Epoch  86/100 — train_loss: 0.4419  val_loss: 0.4087  freq: 1.1398  spend: -0.0700  w_freq: 0.442  w_spend: 0.626
Epoch  87/100 — train_loss: 0.4411  val_loss: 0.4084  freq: 1.1397  spend: -0.0702  w_freq: 0.442  w_spend: 0.627
Epoch  88/100 — train_loss: 0.4424  val_loss: 0.4085  freq: 1.1399  spend: -0.0700  w_freq: 0.442  w_spend: 0.627
Epoch  89/100 — train_loss: 0.4403  val_loss: 0.4084  freq: 1.1398  spend: -0.0699  w_freq: 0.442  w_spend: 0.627
Epoch  90/100 — train_loss: 0.4407  val_loss: 0.4082  freq: 1.1398  spend: -0.0701  w_freq: 0.442  w_spend: 0.627
Epoch  91/100 — train_loss: 0.4407  val_loss: 0.4082  freq: 1.1397  spend: -0.0700  w_freq: 0.442  w_spend: 0.627
Epoch  92/100 — train_loss: 0.4413  val_loss: 0.4081  freq: 1.1397  spend: -0.0700  w_freq: 0.442  w_spend: 0.627
Epoch  93/100 — train_loss: 0.4411  val_loss: 0.4081  freq: 1.1397  spend: -0.0700  w_freq: 0.442  w_spend: 0.627
Epoch  94/100 — train_loss: 0.4418  val_loss: 0.4080  freq: 1.1397  spend: -0.0700  w_freq: 0.442  w_spend: 0.627
Epoch  95/100 — train_loss: 0.4412  val_loss: 0.4080  freq: 1.1397  spend: -0.0701  w_freq: 0.442  w_spend: 0.627
Epoch  96/100 — train_loss: 0.4407  val_loss: 0.4079  freq: 1.1397  spend: -0.0701  w_freq: 0.442  w_spend: 0.627
Epoch  97/100 — train_loss: 0.4402  val_loss: 0.4079  freq: 1.1397  spend: -0.0701  w_freq: 0.442  w_spend: 0.627
Epoch  98/100 — train_loss: 0.4407  val_loss: 0.4079  freq: 1.1397  spend: -0.0701  w_freq: 0.442  w_spend: 0.627
Epoch  99/100 — train_loss: 0.4405  val_loss: 0.4079  freq: 1.1397  spend: -0.0701  w_freq: 0.442  w_spend: 0.627
Epoch 100/100 — train_loss: 0.4417  val_loss: 0.4079  freq: 1.1397  spend: -0.0701  w_freq: 0.442  w_spend: 0.627

Checkpoint saved: /kaggle/working/results/checkpoints/extension3_transformer_static_dunnhumby_final_seed7_sample.pt
Validation-fitted softmax temperature: 0.9000

Duan's smearing factor (val): 1.3994
Validation aggregate calibration: freq_factor=1.0566, spend_factor=0.9919

Running autoregressive inference on holdout period ...
  inference mode: sample  n_scenarios: 30  temperature: 0.9000

=== Prediction Diagnostics ===
  Mean predicted freq/week:    1.1202
  Mean actual freq/week:       1.1882
  Over-prediction ratio:       0.943x
  Customers predicted as zero total:  0.080
  Customers actually zero total:      0.188
  Non-zero rate (pred, avg > 0.05):  0.949
  Non-zero rate (true):               0.542

Metrics saved: /kaggle/working/results/tables/extension3_transformer_static_dunnhumby_final_seed7_sample_metrics.json
Array artifacts saved: /kaggle/working/results/tables/extension3_transformer_static_dunnhumby_final_seed7_sample_arrays.npz

=== Holdout Evaluation ===
  metric_definition_version: valendin_aggregate_mape_v1
  freq_rmse: 3.6299
  freq_mae: 2.2030
  freq_normalized_gini: 0.8280
  freq_calibration_factor: 1.0566
  freq_horizon_abs_bias_pct: 0.3798
  bias_pct: -0.3798
  freq_weekly_mae: 27.6122
  freq_weekly_total_true: 11872.0000
  freq_weekly_total_pred: 11826.9100
  freq_valendin_mape: 0.9303
  freq_horizon_bias_pct: -0.3798
  freq_weekly_mean_pct_mape: 0.9245
  freq_weekly_mean_pct_bias_pct: -0.3689
  freq_weekly_bias_pct: -0.3798
  freq_weekly_mape: 0.9303
  freq_mape: 0.9303
  freq_mase: 1.0271
  freq_mase_scale: 0.8235
  smearing_factor: 1.3994
  spend_calibration_factor: 0.9919
  spend_mae_raw: 67.9076
  spend_rmse_raw: 106.5502
  spend_normalized_gini: 0.8091
  spend_mae_log: 1.0622
  spend_rmse_log: 1.5580
  spend_r2_log: 0.4486
  spend_bias_pct: 0.0378
  spend_weekly_mae: 2771.7288
  spend_weekly_total_true: 347125.7605
  spend_weekly_total_pred: 347257.1200
  spend_valendin_mape: 3.1939
  spend_horizon_abs_bias_pct: 0.0378
  spend_horizon_bias_pct: 0.0378
  spend_weekly_mean_pct_mape: 3.1371
  spend_weekly_mean_pct_bias_pct: 0.1762
  spend_weekly_bias_pct: 0.0378
  spend_weekly_mape: 3.1939
  spend_mase: 1.0132
  spend_mase_scale: 27.5152
  clv_mae: 67.7248
  clv_rmse: 106.2648
  clv_spearman: 0.7737
  clv_decile_lift: 3.3840
  clv_normalized_gini: 0.8091
  clv_total_true: 346205.2188
  clv_total_pred: 346317.6250
  calibration_temperature_source: rolling_origin_autoregressive
  validation_temperature: 0.9000
  smearing_source: rolling_origin_autoregressive
  calibration_source: rolling_origin_autoregressive
  validation_freq_true_total: 2215.0000
  validation_freq_pred_total: 1989.6780
  validation_spend_true_total: 63355.4414
  validation_spend_pred_total: 64394.1152
  validation_freq_calibration_factor: 1.0566
  validation_spend_calibration_factor: 0.9919
  validation_rolling_origin_count: 2
  protocol_name: dunnhumby_configured_80x4
  cohort_size: 2498
  calibration_weeks: 80
  holdout_weeks: 4
  inference_mode: sample
  n_scenarios: 30
  final_manifest_version: 2026-05-20-results-recovery-protocol
  final_manifest_run_name: extension3_transformer_static_dunnhumby_final_seed7_sample
  final_manifest_config: experiments/configs/extension3_transformer_static_dunnhumby.yaml
  final_manifest_config_hash: db028af66dda
  final_manifest_actual_config_hash: 6ea047d9db2c
  final_manifest_seed: 7
  final_manifest_epochs: 100
  final_manifest_inference_mode: sample
  final_manifest_n_scenarios: 30
  run_valid: True
  run_invalid_reason: 
  run_warning: 
  epochs_completed: 100
  max_epochs_configured: 100
History saved: /kaggle/working/results/tables/extension3_transformer_static_dunnhumby_final_seed7_sample_history.json
