[Kaggle] raw_dir  → /kaggle/working/input/dunnhumby
[Kaggle] results  → /kaggle/working/results
Config: experiments/configs/extension3_transformer_static_dunnhumby.yaml
Run: extension3_transformer_static_dunnhumby_final_seed42_sample
Device: cuda
Loading dataset: dunnhumby ...
[pipeline] freq_cap=10 (auto q=0.99) → freq_bins=[0, 1, 2, 3]... (n_classes=11)
  Train customers: 2249, Val: 249, Inference: 2498
[dunnhumby] Customers with 0 calibration transactions: 0 / 2498
  top-bin decode: class_values[-1] = 13.099 (max_trans = 10)
Model: transformer — 102,761 parameters

Training for up to 100 epochs ...
/kaggle/working/thesis-code/src/training/trainer.py:116: FutureWarning: `torch.cuda.amp.GradScaler(args...)` is deprecated. Please use `torch.amp.GradScaler('cuda', args...)` instead.
  self.scaler = torch.cuda.amp.GradScaler(enabled=self.amp_enabled)
[Kendall] log_vars frozen for 5 warm-up epochs.
Epoch   1/100 — train_loss: 2.3411  val_loss: 2.0435  freq: 3.8185  spend: 0.2685  w_freq: 0.500  w_spend: 0.500
Epoch   2/100 — train_loss: 2.0294  val_loss: 1.5949  freq: 2.9759  spend: 0.2139  w_freq: 0.500  w_spend: 0.500
Epoch   3/100 — train_loss: 1.5478  val_loss: 1.1176  freq: 2.0732  spend: 0.1620  w_freq: 0.500  w_spend: 0.500
Epoch   4/100 — train_loss: 1.1521  val_loss: 0.8750  freq: 1.6293  spend: 0.1206  w_freq: 0.500  w_spend: 0.500
Epoch   5/100 — train_loss: 0.9533  val_loss: 0.7465  freq: 1.3967  spend: 0.0964  w_freq: 0.500  w_spend: 0.500
[Kendall] log_vars unfrozen at epoch 6.
Epoch   6/100 — train_loss: 0.8574  val_loss: 0.7008  freq: 1.3228  spend: 0.0842  w_freq: 0.499  w_spend: 0.501
Epoch   7/100 — train_loss: 0.8052  val_loss: 0.6651  freq: 1.2704  spend: 0.0704  w_freq: 0.497  w_spend: 0.503
Epoch   8/100 — train_loss: 0.7659  val_loss: 0.6408  freq: 1.2386  spend: 0.0587  w_freq: 0.495  w_spend: 0.506
Epoch   9/100 — train_loss: 0.7352  val_loss: 0.6234  freq: 1.2192  spend: 0.0485  w_freq: 0.493  w_spend: 0.508
Epoch  10/100 — train_loss: 0.7120  val_loss: 0.6106  freq: 1.2049  spend: 0.0427  w_freq: 0.491  w_spend: 0.510
Epoch  11/100 — train_loss: 0.6916  val_loss: 0.6014  freq: 1.1955  spend: 0.0388  w_freq: 0.489  w_spend: 0.513
Epoch  12/100 — train_loss: 0.6769  val_loss: 0.5921  freq: 1.1896  spend: 0.0314  w_freq: 0.487  w_spend: 0.515
Epoch  13/100 — train_loss: 0.6629  val_loss: 0.5835  freq: 1.1831  spend: 0.0260  w_freq: 0.485  w_spend: 0.518
Epoch  14/100 — train_loss: 0.6509  val_loss: 0.5762  freq: 1.1798  spend: 0.0198  w_freq: 0.483  w_spend: 0.520
Epoch  15/100 — train_loss: 0.6403  val_loss: 0.5698  freq: 1.1776  spend: 0.0145  w_freq: 0.482  w_spend: 0.523
Epoch  16/100 — train_loss: 0.6288  val_loss: 0.5618  freq: 1.1752  spend: 0.0061  w_freq: 0.480  w_spend: 0.525
Epoch  17/100 — train_loss: 0.6206  val_loss: 0.5551  freq: 1.1754  spend: -0.0024  w_freq: 0.479  w_spend: 0.528
Epoch  18/100 — train_loss: 0.6128  val_loss: 0.5477  freq: 1.1726  spend: -0.0095  w_freq: 0.478  w_spend: 0.530
Epoch  19/100 — train_loss: 0.6039  val_loss: 0.5402  freq: 1.1693  spend: -0.0161  w_freq: 0.476  w_spend: 0.532
Epoch  20/100 — train_loss: 0.5950  val_loss: 0.5337  freq: 1.1690  spend: -0.0235  w_freq: 0.475  w_spend: 0.534
Epoch  21/100 — train_loss: 0.5874  val_loss: 0.5282  freq: 1.1669  spend: -0.0274  w_freq: 0.474  w_spend: 0.537
Epoch  22/100 — train_loss: 0.5821  val_loss: 0.5224  freq: 1.1650  spend: -0.0325  w_freq: 0.473  w_spend: 0.539
Epoch  23/100 — train_loss: 0.5743  val_loss: 0.5189  freq: 1.1637  spend: -0.0337  w_freq: 0.471  w_spend: 0.541
Epoch  24/100 — train_loss: 0.5690  val_loss: 0.5129  freq: 1.1633  spend: -0.0403  w_freq: 0.470  w_spend: 0.544
Epoch  25/100 — train_loss: 0.5638  val_loss: 0.5114  freq: 1.1616  spend: -0.0374  w_freq: 0.469  w_spend: 0.546
Epoch  26/100 — train_loss: 0.5598  val_loss: 0.5081  freq: 1.1604  spend: -0.0387  w_freq: 0.468  w_spend: 0.548
Epoch  27/100 — train_loss: 0.5569  val_loss: 0.5048  freq: 1.1589  spend: -0.0400  w_freq: 0.467  w_spend: 0.550
Epoch  28/100 — train_loss: 0.5524  val_loss: 0.4995  freq: 1.1590  spend: -0.0462  w_freq: 0.466  w_spend: 0.552
Epoch  29/100 — train_loss: 0.5475  val_loss: 0.4967  freq: 1.1582  spend: -0.0465  w_freq: 0.465  w_spend: 0.554
Epoch  30/100 — train_loss: 0.5421  val_loss: 0.4933  freq: 1.1567  spend: -0.0473  w_freq: 0.464  w_spend: 0.556
Epoch  31/100 — train_loss: 0.5398  val_loss: 0.4902  freq: 1.1545  spend: -0.0470  w_freq: 0.463  w_spend: 0.559
Epoch  32/100 — train_loss: 0.5353  val_loss: 0.4855  freq: 1.1538  spend: -0.0511  w_freq: 0.462  w_spend: 0.561
Epoch  33/100 — train_loss: 0.5321  val_loss: 0.4827  freq: 1.1528  spend: -0.0515  w_freq: 0.462  w_spend: 0.563
Epoch  34/100 — train_loss: 0.5287  val_loss: 0.4797  freq: 1.1515  spend: -0.0521  w_freq: 0.461  w_spend: 0.565
Epoch  35/100 — train_loss: 0.5254  val_loss: 0.4779  freq: 1.1511  spend: -0.0517  w_freq: 0.460  w_spend: 0.567
Epoch  36/100 — train_loss: 0.5211  val_loss: 0.4740  freq: 1.1513  spend: -0.0554  w_freq: 0.459  w_spend: 0.569
Epoch  37/100 — train_loss: 0.5188  val_loss: 0.4718  freq: 1.1496  spend: -0.0547  w_freq: 0.458  w_spend: 0.571
Epoch  38/100 — train_loss: 0.5149  val_loss: 0.4686  freq: 1.1488  spend: -0.0567  w_freq: 0.458  w_spend: 0.573
Epoch  39/100 — train_loss: 0.5142  val_loss: 0.4678  freq: 1.1484  spend: -0.0548  w_freq: 0.457  w_spend: 0.575
Epoch  40/100 — train_loss: 0.5102  val_loss: 0.4650  freq: 1.1474  spend: -0.0557  w_freq: 0.456  w_spend: 0.576
Epoch  41/100 — train_loss: 0.5075  val_loss: 0.4629  freq: 1.1486  spend: -0.0575  w_freq: 0.456  w_spend: 0.578
Epoch  42/100 — train_loss: 0.5060  val_loss: 0.4597  freq: 1.1459  spend: -0.0583  w_freq: 0.455  w_spend: 0.580
Epoch  43/100 — train_loss: 0.5012  val_loss: 0.4579  freq: 1.1466  spend: -0.0590  w_freq: 0.454  w_spend: 0.582
Epoch  44/100 — train_loss: 0.5002  val_loss: 0.4564  freq: 1.1463  spend: -0.0584  w_freq: 0.454  w_spend: 0.583
Epoch  45/100 — train_loss: 0.4966  val_loss: 0.4533  freq: 1.1451  spend: -0.0600  w_freq: 0.453  w_spend: 0.585
Epoch  46/100 — train_loss: 0.4942  val_loss: 0.4514  freq: 1.1446  spend: -0.0604  w_freq: 0.453  w_spend: 0.587
Epoch  47/100 — train_loss: 0.4917  val_loss: 0.4497  freq: 1.1444  spend: -0.0606  w_freq: 0.452  w_spend: 0.589
Epoch  48/100 — train_loss: 0.4915  val_loss: 0.4477  freq: 1.1439  spend: -0.0611  w_freq: 0.452  w_spend: 0.590
Epoch  49/100 — train_loss: 0.4879  val_loss: 0.4457  freq: 1.1436  spend: -0.0617  w_freq: 0.451  w_spend: 0.592
Epoch  50/100 — train_loss: 0.4872  val_loss: 0.4440  freq: 1.1433  spend: -0.0617  w_freq: 0.450  w_spend: 0.593
Epoch  51/100 — train_loss: 0.4834  val_loss: 0.4423  freq: 1.1434  spend: -0.0622  w_freq: 0.450  w_spend: 0.595
Epoch  52/100 — train_loss: 0.4826  val_loss: 0.4409  freq: 1.1427  spend: -0.0617  w_freq: 0.449  w_spend: 0.597
Epoch  53/100 — train_loss: 0.4799  val_loss: 0.4385  freq: 1.1427  spend: -0.0637  w_freq: 0.449  w_spend: 0.598
Epoch  54/100 — train_loss: 0.4788  val_loss: 0.4376  freq: 1.1426  spend: -0.0631  w_freq: 0.449  w_spend: 0.599
Epoch  55/100 — train_loss: 0.4769  val_loss: 0.4368  freq: 1.1423  spend: -0.0626  w_freq: 0.448  w_spend: 0.601
Epoch  56/100 — train_loss: 0.4746  val_loss: 0.4344  freq: 1.1423  spend: -0.0647  w_freq: 0.448  w_spend: 0.602
Epoch  57/100 — train_loss: 0.4743  val_loss: 0.4333  freq: 1.1417  spend: -0.0644  w_freq: 0.448  w_spend: 0.603
Epoch  58/100 — train_loss: 0.4728  val_loss: 0.4318  freq: 1.1415  spend: -0.0652  w_freq: 0.447  w_spend: 0.604
Epoch  59/100 — train_loss: 0.4703  val_loss: 0.4310  freq: 1.1416  spend: -0.0650  w_freq: 0.447  w_spend: 0.605
Epoch  60/100 — train_loss: 0.4690  val_loss: 0.4298  freq: 1.1419  spend: -0.0654  w_freq: 0.447  w_spend: 0.606
Epoch  61/100 — train_loss: 0.4676  val_loss: 0.4279  freq: 1.1411  spend: -0.0662  w_freq: 0.446  w_spend: 0.608
Epoch  62/100 — train_loss: 0.4665  val_loss: 0.4272  freq: 1.1414  spend: -0.0659  w_freq: 0.446  w_spend: 0.609
Epoch  63/100 — train_loss: 0.4648  val_loss: 0.4259  freq: 1.1408  spend: -0.0661  w_freq: 0.446  w_spend: 0.610
Epoch  64/100 — train_loss: 0.4635  val_loss: 0.4248  freq: 1.1404  spend: -0.0661  w_freq: 0.445  w_spend: 0.611
Epoch  65/100 — train_loss: 0.4627  val_loss: 0.4241  freq: 1.1405  spend: -0.0662  w_freq: 0.445  w_spend: 0.612
Epoch  66/100 — train_loss: 0.4610  val_loss: 0.4229  freq: 1.1406  spend: -0.0669  w_freq: 0.445  w_spend: 0.613
Epoch  67/100 — train_loss: 0.4609  val_loss: 0.4217  freq: 1.1402  spend: -0.0673  w_freq: 0.445  w_spend: 0.613
Epoch  68/100 — train_loss: 0.4598  val_loss: 0.4208  freq: 1.1403  spend: -0.0676  w_freq: 0.444  w_spend: 0.614
Epoch  69/100 — train_loss: 0.4581  val_loss: 0.4200  freq: 1.1401  spend: -0.0677  w_freq: 0.444  w_spend: 0.615
Epoch  70/100 — train_loss: 0.4570  val_loss: 0.4195  freq: 1.1403  spend: -0.0677  w_freq: 0.444  w_spend: 0.616
Epoch  71/100 — train_loss: 0.4565  val_loss: 0.4186  freq: 1.1399  spend: -0.0677  w_freq: 0.444  w_spend: 0.617
Epoch  72/100 — train_loss: 0.4547  val_loss: 0.4178  freq: 1.1397  spend: -0.0681  w_freq: 0.444  w_spend: 0.617
Epoch  73/100 — train_loss: 0.4541  val_loss: 0.4170  freq: 1.1398  spend: -0.0687  w_freq: 0.443  w_spend: 0.618
Epoch  74/100 — train_loss: 0.4536  val_loss: 0.4167  freq: 1.1396  spend: -0.0682  w_freq: 0.443  w_spend: 0.618
Epoch  75/100 — train_loss: 0.4542  val_loss: 0.4160  freq: 1.1397  spend: -0.0687  w_freq: 0.443  w_spend: 0.619
Epoch  76/100 — train_loss: 0.4521  val_loss: 0.4157  freq: 1.1396  spend: -0.0683  w_freq: 0.443  w_spend: 0.619
Epoch  77/100 — train_loss: 0.4521  val_loss: 0.4149  freq: 1.1395  spend: -0.0688  w_freq: 0.443  w_spend: 0.620
Epoch  78/100 — train_loss: 0.4524  val_loss: 0.4145  freq: 1.1395  spend: -0.0690  w_freq: 0.443  w_spend: 0.620
Epoch  79/100 — train_loss: 0.4515  val_loss: 0.4141  freq: 1.1394  spend: -0.0690  w_freq: 0.443  w_spend: 0.621
Epoch  80/100 — train_loss: 0.4512  val_loss: 0.4137  freq: 1.1394  spend: -0.0691  w_freq: 0.442  w_spend: 0.621
Epoch  81/100 — train_loss: 0.4508  val_loss: 0.4133  freq: 1.1391  spend: -0.0692  w_freq: 0.442  w_spend: 0.621
Epoch  82/100 — train_loss: 0.4486  val_loss: 0.4130  freq: 1.1392  spend: -0.0693  w_freq: 0.442  w_spend: 0.622
Epoch  83/100 — train_loss: 0.4498  val_loss: 0.4127  freq: 1.1393  spend: -0.0696  w_freq: 0.442  w_spend: 0.622
Epoch  84/100 — train_loss: 0.4496  val_loss: 0.4124  freq: 1.1392  spend: -0.0696  w_freq: 0.442  w_spend: 0.622
Epoch  85/100 — train_loss: 0.4486  val_loss: 0.4122  freq: 1.1392  spend: -0.0696  w_freq: 0.442  w_spend: 0.622
Epoch  86/100 — train_loss: 0.4489  val_loss: 0.4121  freq: 1.1392  spend: -0.0695  w_freq: 0.442  w_spend: 0.623
Epoch  87/100 — train_loss: 0.4495  val_loss: 0.4118  freq: 1.1392  spend: -0.0697  w_freq: 0.442  w_spend: 0.623
Epoch  88/100 — train_loss: 0.4490  val_loss: 0.4118  freq: 1.1392  spend: -0.0697  w_freq: 0.442  w_spend: 0.623
Epoch  89/100 — train_loss: 0.4486  val_loss: 0.4116  freq: 1.1391  spend: -0.0698  w_freq: 0.442  w_spend: 0.623
Epoch  90/100 — train_loss: 0.4490  val_loss: 0.4114  freq: 1.1391  spend: -0.0699  w_freq: 0.442  w_spend: 0.623
Epoch  91/100 — train_loss: 0.4497  val_loss: 0.4113  freq: 1.1391  spend: -0.0700  w_freq: 0.442  w_spend: 0.623
Epoch  92/100 — train_loss: 0.4495  val_loss: 0.4113  freq: 1.1391  spend: -0.0699  w_freq: 0.442  w_spend: 0.623
Epoch  93/100 — train_loss: 0.4483  val_loss: 0.4113  freq: 1.1391  spend: -0.0698  w_freq: 0.442  w_spend: 0.623
Epoch  94/100 — train_loss: 0.4478  val_loss: 0.4112  freq: 1.1391  spend: -0.0698  w_freq: 0.442  w_spend: 0.623
Epoch  95/100 — train_loss: 0.4476  val_loss: 0.4112  freq: 1.1391  spend: -0.0699  w_freq: 0.442  w_spend: 0.623
Epoch  96/100 — train_loss: 0.4495  val_loss: 0.4111  freq: 1.1391  spend: -0.0699  w_freq: 0.442  w_spend: 0.624
Epoch  97/100 — train_loss: 0.4484  val_loss: 0.4111  freq: 1.1391  spend: -0.0699  w_freq: 0.442  w_spend: 0.624
Epoch  98/100 — train_loss: 0.4472  val_loss: 0.4111  freq: 1.1391  spend: -0.0699  w_freq: 0.442  w_spend: 0.624
Epoch  99/100 — train_loss: 0.4487  val_loss: 0.4111  freq: 1.1391  spend: -0.0699  w_freq: 0.442  w_spend: 0.624
Epoch 100/100 — train_loss: 0.4478  val_loss: 0.4111  freq: 1.1391  spend: -0.0699  w_freq: 0.442  w_spend: 0.624

Checkpoint saved: /kaggle/working/results/checkpoints/extension3_transformer_static_dunnhumby_final_seed42_sample.pt
Validation-fitted softmax temperature: 0.7500

Duan's smearing factor (val): 1.4072
Validation aggregate calibration: freq_factor=1.0970, spend_factor=1.0056

Running autoregressive inference on holdout period ...
  inference mode: sample  n_scenarios: 30  temperature: 0.7500

=== Prediction Diagnostics ===
  Mean predicted freq/week:    1.0225
  Mean actual freq/week:       1.1882
  Over-prediction ratio:       0.861x
  Customers predicted as zero total:  0.136
  Customers actually zero total:      0.188
  Non-zero rate (pred, avg > 0.05):  0.915
  Non-zero rate (true):               0.542

Metrics saved: /kaggle/working/results/tables/extension3_transformer_static_dunnhumby_final_seed42_sample_metrics.json
Array artifacts saved: /kaggle/working/results/tables/extension3_transformer_static_dunnhumby_final_seed42_sample_arrays.npz

=== Holdout Evaluation ===
  metric_definition_version: valendin_aggregate_mape_v1
  freq_rmse: 3.6643
  freq_mae: 2.1515
  freq_normalized_gini: 0.8337
  freq_calibration_factor: 1.0970
  freq_horizon_abs_bias_pct: 5.5922
  bias_pct: -5.5922
  freq_weekly_mae: 165.9772
  freq_weekly_total_true: 11872.0000
  freq_weekly_total_pred: 11208.0914
  freq_valendin_mape: 5.5922
  freq_horizon_bias_pct: -5.5922
  freq_weekly_mean_pct_mape: 5.5790
  freq_weekly_mean_pct_bias_pct: -5.5790
  freq_weekly_bias_pct: -5.5922
  freq_weekly_mape: 5.5922
  freq_mape: 5.5922
  freq_mase: 0.9977
  freq_mase_scale: 0.8235
  smearing_factor: 1.4072
  spend_calibration_factor: 1.0056
  spend_mae_raw: 67.3787
  spend_rmse_raw: 107.7950
  spend_normalized_gini: 0.8119
  spend_mae_log: 1.0122
  spend_rmse_log: 1.4747
  spend_r2_log: 0.5060
  spend_bias_pct: -0.3557
  spend_weekly_mae: 2257.1150
  spend_weekly_total_true: 347125.7605
  spend_weekly_total_pred: 345891.1398
  spend_valendin_mape: 2.6009
  spend_horizon_abs_bias_pct: 0.3557
  spend_horizon_bias_pct: -0.3557
  spend_weekly_mean_pct_mape: 2.5563
  spend_weekly_mean_pct_bias_pct: -0.2174
  spend_weekly_bias_pct: -0.3557
  spend_weekly_mape: 2.6009
  spend_mase: 0.9950
  spend_mase_scale: 27.5152
  clv_mae: 67.2000
  clv_rmse: 107.5081
  clv_spearman: 0.7792
  clv_decile_lift: 3.3256
  clv_normalized_gini: 0.8119
  clv_total_true: 346205.2188
  clv_total_pred: 344962.6250
  calibration_temperature_source: rolling_origin_autoregressive
  validation_temperature: 0.7500
  smearing_source: rolling_origin_autoregressive
  calibration_source: rolling_origin_autoregressive
  validation_freq_true_total: 2215.0000
  validation_freq_pred_total: 1855.0465
  validation_spend_true_total: 63355.4414
  validation_spend_pred_total: 62659.0312
  validation_freq_calibration_factor: 1.0970
  validation_spend_calibration_factor: 1.0056
  validation_rolling_origin_count: 2
  protocol_name: dunnhumby_configured_80x4
  cohort_size: 2498
  calibration_weeks: 80
  holdout_weeks: 4
  inference_mode: sample
  n_scenarios: 30
  final_manifest_version: 2026-05-20-results-recovery-protocol
  final_manifest_run_name: extension3_transformer_static_dunnhumby_final_seed42_sample
  final_manifest_config: experiments/configs/extension3_transformer_static_dunnhumby.yaml
  final_manifest_config_hash: db028af66dda
  final_manifest_actual_config_hash: 417a0ec56aad
  final_manifest_seed: 42
  final_manifest_epochs: 100
  final_manifest_inference_mode: sample
  final_manifest_n_scenarios: 30
  run_valid: True
  run_invalid_reason: 
  run_warning: 
  epochs_completed: 100
  max_epochs_configured: 100
History saved: /kaggle/working/results/tables/extension3_transformer_static_dunnhumby_final_seed42_sample_history.json
