[Kaggle] raw_dir  → /kaggle/working/input/dunnhumby
[Kaggle] results  → /kaggle/working/results
Config: experiments/configs/extension3_lstm_static_dunnhumby.yaml
Run: extension3_lstm_static_dunnhumby_final_seed42_sample
Device: cuda
Loading dataset: dunnhumby ...
[pipeline] freq_cap=10 (auto q=0.99) → freq_bins=[0, 1, 2, 3]... (n_classes=11)
  Train customers: 2249, Val: 249, Inference: 2498
[dunnhumby] Customers with 0 calibration transactions: 0 / 2498
  top-bin decode: class_values[-1] = 13.099 (max_trans = 10)
Model: lstm — 103,697 parameters

Training for up to 100 epochs ...
/kaggle/working/thesis-code/src/training/trainer.py:116: FutureWarning: `torch.cuda.amp.GradScaler(args...)` is deprecated. Please use `torch.amp.GradScaler('cuda', args...)` instead.
  self.scaler = torch.cuda.amp.GradScaler(enabled=self.amp_enabled)
[Kendall] log_vars frozen for 5 warm-up epochs.
Epoch   1/100 — train_loss: 1.3081  val_loss: 1.2996  freq: 2.3464  spend: 0.2527  w_freq: 0.500  w_spend: 0.500
Epoch   2/100 — train_loss: 1.2863  val_loss: 1.2635  freq: 2.2780  spend: 0.2489  w_freq: 0.500  w_spend: 0.500
Epoch   3/100 — train_loss: 1.2354  val_loss: 1.1765  freq: 2.1140  spend: 0.2390  w_freq: 0.500  w_spend: 0.500
Epoch   4/100 — train_loss: 1.0903  val_loss: 0.9166  freq: 1.6350  spend: 0.1982  w_freq: 0.500  w_spend: 0.500
Epoch   5/100 — train_loss: 0.8793  val_loss: 0.7956  freq: 1.4460  spend: 0.1453  w_freq: 0.500  w_spend: 0.500
[Kendall] log_vars unfrozen at epoch 6.
Epoch   6/100 — train_loss: 0.8154  val_loss: 0.7701  freq: 1.3886  spend: 0.1568  w_freq: 0.499  w_spend: 0.501
Epoch   7/100 — train_loss: 0.7820  val_loss: 0.7294  freq: 1.3305  spend: 0.1388  w_freq: 0.497  w_spend: 0.503
Epoch   8/100 — train_loss: 0.7501  val_loss: 0.7005  freq: 1.2842  spend: 0.1325  w_freq: 0.495  w_spend: 0.506
Epoch   9/100 — train_loss: 0.7193  val_loss: 0.6614  freq: 1.2432  spend: 0.1006  w_freq: 0.492  w_spend: 0.508
Epoch  10/100 — train_loss: 0.6883  val_loss: 0.6400  freq: 1.2261  spend: 0.0802  w_freq: 0.490  w_spend: 0.510
Epoch  11/100 — train_loss: 0.6657  val_loss: 0.6171  freq: 1.2157  spend: 0.0506  w_freq: 0.488  w_spend: 0.513
Epoch  12/100 — train_loss: 0.6452  val_loss: 0.5994  freq: 1.2097  spend: 0.0272  w_freq: 0.487  w_spend: 0.516
Epoch  13/100 — train_loss: 0.6276  val_loss: 0.5861  freq: 1.2094  spend: 0.0072  w_freq: 0.485  w_spend: 0.518
Epoch  14/100 — train_loss: 0.6151  val_loss: 0.5741  freq: 1.2114  spend: -0.0125  w_freq: 0.483  w_spend: 0.521
Epoch  15/100 — train_loss: 0.6029  val_loss: 0.5629  freq: 1.2068  spend: -0.0248  w_freq: 0.481  w_spend: 0.523
Epoch  16/100 — train_loss: 0.5917  val_loss: 0.5521  freq: 1.1961  spend: -0.0307  w_freq: 0.480  w_spend: 0.526
Epoch  17/100 — train_loss: 0.5808  val_loss: 0.5438  freq: 1.1865  spend: -0.0330  w_freq: 0.478  w_spend: 0.528
Epoch  18/100 — train_loss: 0.5722  val_loss: 0.5380  freq: 1.1828  spend: -0.0362  w_freq: 0.477  w_spend: 0.530
Epoch  19/100 — train_loss: 0.5640  val_loss: 0.5291  freq: 1.1780  spend: -0.0445  w_freq: 0.476  w_spend: 0.532
Epoch  20/100 — train_loss: 0.5585  val_loss: 0.5256  freq: 1.1754  spend: -0.0446  w_freq: 0.475  w_spend: 0.534
Epoch  21/100 — train_loss: 0.5536  val_loss: 0.5193  freq: 1.1718  spend: -0.0494  w_freq: 0.473  w_spend: 0.536
Epoch  22/100 — train_loss: 0.5473  val_loss: 0.5135  freq: 1.1695  spend: -0.0538  w_freq: 0.472  w_spend: 0.539
Epoch  23/100 — train_loss: 0.5447  val_loss: 0.5099  freq: 1.1669  spend: -0.0539  w_freq: 0.471  w_spend: 0.541
Epoch  24/100 — train_loss: 0.5394  val_loss: 0.5061  freq: 1.1660  spend: -0.0560  w_freq: 0.470  w_spend: 0.543
Epoch  25/100 — train_loss: 0.5354  val_loss: 0.5010  freq: 1.1628  spend: -0.0587  w_freq: 0.469  w_spend: 0.545
Epoch  26/100 — train_loss: 0.5333  val_loss: 0.4982  freq: 1.1619  spend: -0.0594  w_freq: 0.468  w_spend: 0.547
Epoch  27/100 — train_loss: 0.5290  val_loss: 0.4939  freq: 1.1604  spend: -0.0621  w_freq: 0.467  w_spend: 0.549
Epoch  28/100 — train_loss: 0.5250  val_loss: 0.4922  freq: 1.1596  spend: -0.0602  w_freq: 0.466  w_spend: 0.551
Epoch  29/100 — train_loss: 0.5216  val_loss: 0.4881  freq: 1.1581  spend: -0.0622  w_freq: 0.465  w_spend: 0.554
Epoch  30/100 — train_loss: 0.5182  val_loss: 0.4853  freq: 1.1566  spend: -0.0624  w_freq: 0.464  w_spend: 0.556
Epoch  31/100 — train_loss: 0.5158  val_loss: 0.4828  freq: 1.1563  spend: -0.0635  w_freq: 0.463  w_spend: 0.558
Epoch  32/100 — train_loss: 0.5133  val_loss: 0.4799  freq: 1.1543  spend: -0.0639  w_freq: 0.463  w_spend: 0.560
Epoch  33/100 — train_loss: 0.5097  val_loss: 0.4766  freq: 1.1535  spend: -0.0656  w_freq: 0.462  w_spend: 0.561
Epoch  34/100 — train_loss: 0.5070  val_loss: 0.4744  freq: 1.1538  spend: -0.0659  w_freq: 0.461  w_spend: 0.563
Epoch  35/100 — train_loss: 0.5046  val_loss: 0.4709  freq: 1.1514  spend: -0.0664  w_freq: 0.460  w_spend: 0.566
Epoch  36/100 — train_loss: 0.4998  val_loss: 0.4686  freq: 1.1516  spend: -0.0672  w_freq: 0.459  w_spend: 0.568
Epoch  37/100 — train_loss: 0.4977  val_loss: 0.4658  freq: 1.1500  spend: -0.0674  w_freq: 0.458  w_spend: 0.570
Epoch  38/100 — train_loss: 0.4943  val_loss: 0.4629  freq: 1.1488  spend: -0.0679  w_freq: 0.458  w_spend: 0.572
Epoch  39/100 — train_loss: 0.4927  val_loss: 0.4615  freq: 1.1487  spend: -0.0669  w_freq: 0.457  w_spend: 0.574
Epoch  40/100 — train_loss: 0.4897  val_loss: 0.4598  freq: 1.1471  spend: -0.0657  w_freq: 0.456  w_spend: 0.576
Epoch  41/100 — train_loss: 0.4877  val_loss: 0.4563  freq: 1.1466  spend: -0.0685  w_freq: 0.455  w_spend: 0.578
Epoch  42/100 — train_loss: 0.4845  val_loss: 0.4541  freq: 1.1459  spend: -0.0689  w_freq: 0.455  w_spend: 0.579
Epoch  43/100 — train_loss: 0.4843  val_loss: 0.4537  freq: 1.1481  spend: -0.0684  w_freq: 0.454  w_spend: 0.581
Epoch  44/100 — train_loss: 0.4817  val_loss: 0.4514  freq: 1.1452  spend: -0.0673  w_freq: 0.454  w_spend: 0.583
Epoch  45/100 — train_loss: 0.4795  val_loss: 0.4488  freq: 1.1447  spend: -0.0691  w_freq: 0.453  w_spend: 0.584
Epoch  46/100 — train_loss: 0.4785  val_loss: 0.4467  freq: 1.1440  spend: -0.0699  w_freq: 0.452  w_spend: 0.586
Epoch  47/100 — train_loss: 0.4753  val_loss: 0.4453  freq: 1.1433  spend: -0.0694  w_freq: 0.452  w_spend: 0.587
Epoch  48/100 — train_loss: 0.4736  val_loss: 0.4433  freq: 1.1427  spend: -0.0698  w_freq: 0.451  w_spend: 0.589
Epoch  49/100 — train_loss: 0.4708  val_loss: 0.4426  freq: 1.1428  spend: -0.0686  w_freq: 0.451  w_spend: 0.590
Epoch  50/100 — train_loss: 0.4704  val_loss: 0.4402  freq: 1.1419  spend: -0.0694  w_freq: 0.450  w_spend: 0.592
Epoch  51/100 — train_loss: 0.4691  val_loss: 0.4379  freq: 1.1408  spend: -0.0702  w_freq: 0.450  w_spend: 0.594
Epoch  52/100 — train_loss: 0.4656  val_loss: 0.4368  freq: 1.1409  spend: -0.0698  w_freq: 0.450  w_spend: 0.595
Epoch  53/100 — train_loss: 0.4649  val_loss: 0.4345  freq: 1.1402  spend: -0.0712  w_freq: 0.449  w_spend: 0.596
Epoch  54/100 — train_loss: 0.4627  val_loss: 0.4339  freq: 1.1414  spend: -0.0713  w_freq: 0.449  w_spend: 0.598
Epoch  55/100 — train_loss: 0.4611  val_loss: 0.4321  freq: 1.1398  spend: -0.0710  w_freq: 0.448  w_spend: 0.599
Epoch  56/100 — train_loss: 0.4599  val_loss: 0.4302  freq: 1.1394  spend: -0.0718  w_freq: 0.448  w_spend: 0.600
Epoch  57/100 — train_loss: 0.4590  val_loss: 0.4290  freq: 1.1391  spend: -0.0717  w_freq: 0.448  w_spend: 0.602
Epoch  58/100 — train_loss: 0.4563  val_loss: 0.4276  freq: 1.1385  spend: -0.0716  w_freq: 0.447  w_spend: 0.603
Epoch  59/100 — train_loss: 0.4556  val_loss: 0.4269  freq: 1.1386  spend: -0.0711  w_freq: 0.447  w_spend: 0.604
Epoch  60/100 — train_loss: 0.4544  val_loss: 0.4255  freq: 1.1384  spend: -0.0716  w_freq: 0.447  w_spend: 0.605
Epoch  61/100 — train_loss: 0.4521  val_loss: 0.4239  freq: 1.1379  spend: -0.0723  w_freq: 0.446  w_spend: 0.606
Epoch  62/100 — train_loss: 0.4514  val_loss: 0.4228  freq: 1.1376  spend: -0.0724  w_freq: 0.446  w_spend: 0.607
Epoch  63/100 — train_loss: 0.4510  val_loss: 0.4229  freq: 1.1384  spend: -0.0714  w_freq: 0.446  w_spend: 0.608
Epoch  64/100 — train_loss: 0.4496  val_loss: 0.4213  freq: 1.1375  spend: -0.0720  w_freq: 0.445  w_spend: 0.609
Epoch  65/100 — train_loss: 0.4494  val_loss: 0.4221  freq: 1.1371  spend: -0.0694  w_freq: 0.445  w_spend: 0.610
Epoch  66/100 — train_loss: 0.4485  val_loss: 0.4198  freq: 1.1374  spend: -0.0723  w_freq: 0.445  w_spend: 0.611
Epoch  67/100 — train_loss: 0.4469  val_loss: 0.4184  freq: 1.1368  spend: -0.0732  w_freq: 0.445  w_spend: 0.612
Epoch  68/100 — train_loss: 0.4459  val_loss: 0.4180  freq: 1.1372  spend: -0.0729  w_freq: 0.445  w_spend: 0.612
Epoch  69/100 — train_loss: 0.4461  val_loss: 0.4172  freq: 1.1367  spend: -0.0729  w_freq: 0.444  w_spend: 0.613
Epoch  70/100 — train_loss: 0.4456  val_loss: 0.4173  freq: 1.1368  spend: -0.0718  w_freq: 0.444  w_spend: 0.614
Epoch  71/100 — train_loss: 0.4440  val_loss: 0.4157  freq: 1.1363  spend: -0.0732  w_freq: 0.444  w_spend: 0.614
Epoch  72/100 — train_loss: 0.4427  val_loss: 0.4149  freq: 1.1360  spend: -0.0733  w_freq: 0.444  w_spend: 0.615
Epoch  73/100 — train_loss: 0.4423  val_loss: 0.4145  freq: 1.1361  spend: -0.0732  w_freq: 0.444  w_spend: 0.616
Epoch  74/100 — train_loss: 0.4420  val_loss: 0.4146  freq: 1.1360  spend: -0.0723  w_freq: 0.444  w_spend: 0.616
Epoch  75/100 — train_loss: 0.4420  val_loss: 0.4138  freq: 1.1358  spend: -0.0728  w_freq: 0.443  w_spend: 0.617
Epoch  76/100 — train_loss: 0.4402  val_loss: 0.4131  freq: 1.1359  spend: -0.0733  w_freq: 0.443  w_spend: 0.617
Epoch  77/100 — train_loss: 0.4400  val_loss: 0.4130  freq: 1.1358  spend: -0.0728  w_freq: 0.443  w_spend: 0.617
Epoch  78/100 — train_loss: 0.4410  val_loss: 0.4122  freq: 1.1355  spend: -0.0733  w_freq: 0.443  w_spend: 0.618
Epoch  79/100 — train_loss: 0.4386  val_loss: 0.4112  freq: 1.1352  spend: -0.0741  w_freq: 0.443  w_spend: 0.618
Epoch  80/100 — train_loss: 0.4388  val_loss: 0.4113  freq: 1.1354  spend: -0.0736  w_freq: 0.443  w_spend: 0.619
Epoch  81/100 — train_loss: 0.4388  val_loss: 0.4107  freq: 1.1351  spend: -0.0738  w_freq: 0.443  w_spend: 0.619
Epoch  82/100 — train_loss: 0.4380  val_loss: 0.4103  freq: 1.1350  spend: -0.0740  w_freq: 0.443  w_spend: 0.619
Epoch  83/100 — train_loss: 0.4377  val_loss: 0.4104  freq: 1.1352  spend: -0.0738  w_freq: 0.443  w_spend: 0.620
Epoch  84/100 — train_loss: 0.4376  val_loss: 0.4100  freq: 1.1351  spend: -0.0740  w_freq: 0.443  w_spend: 0.620
Epoch  85/100 — train_loss: 0.4373  val_loss: 0.4098  freq: 1.1350  spend: -0.0739  w_freq: 0.442  w_spend: 0.620
Epoch  86/100 — train_loss: 0.4369  val_loss: 0.4098  freq: 1.1351  spend: -0.0737  w_freq: 0.442  w_spend: 0.620
Epoch  87/100 — train_loss: 0.4372  val_loss: 0.4093  freq: 1.1349  spend: -0.0742  w_freq: 0.442  w_spend: 0.620
Epoch  88/100 — train_loss: 0.4371  val_loss: 0.4092  freq: 1.1350  spend: -0.0742  w_freq: 0.442  w_spend: 0.621
Epoch  89/100 — train_loss: 0.4369  val_loss: 0.4091  freq: 1.1348  spend: -0.0741  w_freq: 0.442  w_spend: 0.621
Epoch  90/100 — train_loss: 0.4370  val_loss: 0.4090  freq: 1.1348  spend: -0.0741  w_freq: 0.442  w_spend: 0.621
Epoch  91/100 — train_loss: 0.4367  val_loss: 0.4090  freq: 1.1349  spend: -0.0741  w_freq: 0.442  w_spend: 0.621
Epoch  92/100 — train_loss: 0.4361  val_loss: 0.4088  freq: 1.1348  spend: -0.0742  w_freq: 0.442  w_spend: 0.621
Epoch  93/100 — train_loss: 0.4366  val_loss: 0.4088  freq: 1.1348  spend: -0.0741  w_freq: 0.442  w_spend: 0.621
Epoch  94/100 — train_loss: 0.4354  val_loss: 0.4087  freq: 1.1348  spend: -0.0742  w_freq: 0.442  w_spend: 0.621
Epoch  95/100 — train_loss: 0.4355  val_loss: 0.4088  freq: 1.1349  spend: -0.0741  w_freq: 0.442  w_spend: 0.621
Epoch  96/100 — train_loss: 0.4365  val_loss: 0.4087  freq: 1.1348  spend: -0.0741  w_freq: 0.442  w_spend: 0.621
Epoch  97/100 — train_loss: 0.4364  val_loss: 0.4087  freq: 1.1348  spend: -0.0742  w_freq: 0.442  w_spend: 0.621
Epoch  98/100 — train_loss: 0.4371  val_loss: 0.4087  freq: 1.1348  spend: -0.0742  w_freq: 0.442  w_spend: 0.621
Epoch  99/100 — train_loss: 0.4357  val_loss: 0.4087  freq: 1.1348  spend: -0.0742  w_freq: 0.442  w_spend: 0.621
Epoch 100/100 — train_loss: 0.4363  val_loss: 0.4087  freq: 1.1348  spend: -0.0742  w_freq: 0.442  w_spend: 0.621

Checkpoint saved: /kaggle/working/results/checkpoints/extension3_lstm_static_dunnhumby_final_seed42_sample.pt
Validation-fitted softmax temperature: 0.9000

Duan's smearing factor (val): 1.3499
Validation aggregate calibration: freq_factor=1.0321, spend_factor=0.9893

Running autoregressive inference on holdout period ...
  inference mode: sample  n_scenarios: 30  temperature: 0.9000

=== Prediction Diagnostics ===
  Mean predicted freq/week:    1.0958
  Mean actual freq/week:       1.1882
  Over-prediction ratio:       0.922x
  Customers predicted as zero total:  0.098
  Customers actually zero total:      0.188
  Non-zero rate (pred, avg > 0.05):  0.956
  Non-zero rate (true):               0.542

Metrics saved: /kaggle/working/results/tables/extension3_lstm_static_dunnhumby_final_seed42_sample_metrics.json
Array artifacts saved: /kaggle/working/results/tables/extension3_lstm_static_dunnhumby_final_seed42_sample_arrays.npz

=== Holdout Evaluation ===
  metric_definition_version: valendin_aggregate_mape_v1
  freq_rmse: 3.3161
  freq_mae: 2.0151
  freq_normalized_gini: 0.8516
  freq_calibration_factor: 1.0321
  freq_horizon_abs_bias_pct: 4.8173
  bias_pct: -4.8173
  freq_weekly_mae: 142.9762
  freq_weekly_total_true: 11872.0000
  freq_weekly_total_pred: 11300.0950
  freq_valendin_mape: 4.8173
  freq_horizon_bias_pct: -4.8173
  freq_weekly_mean_pct_mape: 4.8009
  freq_weekly_mean_pct_bias_pct: -4.8009
  freq_weekly_bias_pct: -4.8173
  freq_weekly_mape: 4.8173
  freq_mape: 4.8173
  freq_mase: 0.9724
  freq_mase_scale: 0.8235
  smearing_factor: 1.3499
  spend_calibration_factor: 0.9893
  spend_mae_raw: 62.7950
  spend_rmse_raw: 99.9784
  spend_normalized_gini: 0.8303
  spend_mae_log: 1.0501
  spend_rmse_log: 1.5074
  spend_r2_log: 0.4839
  spend_bias_pct: -5.2609
  spend_weekly_mae: 4565.4486
  spend_weekly_total_true: 347125.7605
  spend_weekly_total_pred: 328863.9662
  spend_valendin_mape: 5.2609
  spend_horizon_abs_bias_pct: 5.2609
  spend_horizon_bias_pct: -5.2609
  spend_weekly_mean_pct_mape: 5.1178
  spend_weekly_mean_pct_bias_pct: -5.1178
  spend_weekly_bias_pct: -5.2609
  spend_weekly_mape: 5.2609
  spend_mase: 0.9653
  spend_mase_scale: 27.5152
  clv_mae: 62.6249
  clv_rmse: 99.7076
  clv_spearman: 0.7959
  clv_decile_lift: 3.3876
  clv_normalized_gini: 0.8303
  clv_total_true: 346205.2188
  clv_total_pred: 327976.2500
  calibration_temperature_source: rolling_origin_autoregressive
  validation_temperature: 0.9000
  smearing_source: rolling_origin_autoregressive
  calibration_source: rolling_origin_autoregressive
  validation_freq_true_total: 2215.0000
  validation_freq_pred_total: 2081.4663
  validation_spend_true_total: 63355.4414
  validation_spend_pred_total: 64741.6758
  validation_freq_calibration_factor: 1.0321
  validation_spend_calibration_factor: 0.9893
  validation_rolling_origin_count: 2
  protocol_name: dunnhumby_configured_80x4
  cohort_size: 2498
  calibration_weeks: 80
  holdout_weeks: 4
  inference_mode: sample
  n_scenarios: 30
  final_manifest_version: 2026-05-20-results-recovery-protocol
  final_manifest_run_name: extension3_lstm_static_dunnhumby_final_seed42_sample
  final_manifest_config: experiments/configs/extension3_lstm_static_dunnhumby.yaml
  final_manifest_config_hash: 5d2bef7fcc34
  final_manifest_actual_config_hash: 53d1d4a6254f
  final_manifest_seed: 42
  final_manifest_epochs: 100
  final_manifest_inference_mode: sample
  final_manifest_n_scenarios: 30
  run_valid: True
  run_invalid_reason: 
  run_warning: 
  epochs_completed: 100
  max_epochs_configured: 100
History saved: /kaggle/working/results/tables/extension3_lstm_static_dunnhumby_final_seed42_sample_history.json
