[Kaggle] raw_dir  → /kaggle/working/input/dunnhumby
[Kaggle] results  → /kaggle/working/results
Config: experiments/configs/extension3_lstm_dynamic_dunnhumby.yaml
Run: extension3_lstm_dynamic_dunnhumby_final_seed7_sample
Device: cuda
Loading dataset: dunnhumby ...
[pipeline] freq_cap=10 (auto q=0.99) → freq_bins=[0, 1, 2, 3]... (n_classes=11)
  Train customers: 2249, Val: 249, Inference: 2498
[dunnhumby] Customers with 0 calibration transactions: 0 / 2498
  top-bin decode: class_values[-1] = 13.099 (max_trans = 10)
Model: lstm — 103,697 parameters

Training for up to 100 epochs ...
/kaggle/working/thesis-code/src/training/trainer.py:116: FutureWarning: `torch.cuda.amp.GradScaler(args...)` is deprecated. Please use `torch.amp.GradScaler('cuda', args...)` instead.
  self.scaler = torch.cuda.amp.GradScaler(enabled=self.amp_enabled)
[Kendall] log_vars frozen for 5 warm-up epochs.
Epoch   1/100 — train_loss: 1.3135  val_loss: 1.3060  freq: 2.3615  spend: 0.2505  w_freq: 0.500  w_spend: 0.500
Epoch   2/100 — train_loss: 1.2955  val_loss: 1.2774  freq: 2.3075  spend: 0.2473  w_freq: 0.500  w_spend: 0.500
Epoch   3/100 — train_loss: 1.2566  val_loss: 1.2172  freq: 2.1953  spend: 0.2391  w_freq: 0.500  w_spend: 0.500
Epoch   4/100 — train_loss: 1.1646  val_loss: 1.0545  freq: 1.9030  spend: 0.2061  w_freq: 0.500  w_spend: 0.500
Epoch   5/100 — train_loss: 0.9604  val_loss: 0.8479  freq: 1.5250  spend: 0.1707  w_freq: 0.500  w_spend: 0.500
[Kendall] log_vars unfrozen at epoch 6.
Epoch   6/100 — train_loss: 0.8094  val_loss: 0.7350  freq: 1.3290  spend: 0.1464  w_freq: 0.499  w_spend: 0.501
Epoch   7/100 — train_loss: 0.7478  val_loss: 0.6827  freq: 1.2679  spend: 0.1078  w_freq: 0.497  w_spend: 0.503
Epoch   8/100 — train_loss: 0.7119  val_loss: 0.6605  freq: 1.2408  spend: 0.0958  w_freq: 0.495  w_spend: 0.506
Epoch   9/100 — train_loss: 0.6831  val_loss: 0.6324  freq: 1.2275  spend: 0.0592  w_freq: 0.492  w_spend: 0.508
Epoch  10/100 — train_loss: 0.6577  val_loss: 0.6117  freq: 1.2215  spend: 0.0299  w_freq: 0.490  w_spend: 0.511
Epoch  11/100 — train_loss: 0.6364  val_loss: 0.5961  freq: 1.2232  spend: 0.0037  w_freq: 0.488  w_spend: 0.513
Epoch  12/100 — train_loss: 0.6223  val_loss: 0.5845  freq: 1.2193  spend: -0.0097  w_freq: 0.486  w_spend: 0.516
Epoch  13/100 — train_loss: 0.6086  val_loss: 0.5691  freq: 1.2115  spend: -0.0267  w_freq: 0.484  w_spend: 0.519
Epoch  14/100 — train_loss: 0.5972  val_loss: 0.5597  freq: 1.2043  spend: -0.0327  w_freq: 0.482  w_spend: 0.521
Epoch  15/100 — train_loss: 0.5878  val_loss: 0.5515  freq: 1.1979  spend: -0.0377  w_freq: 0.481  w_spend: 0.523
Epoch  16/100 — train_loss: 0.5793  val_loss: 0.5444  freq: 1.1922  spend: -0.0414  w_freq: 0.479  w_spend: 0.526
Epoch  17/100 — train_loss: 0.5711  val_loss: 0.5373  freq: 1.1862  spend: -0.0445  w_freq: 0.478  w_spend: 0.528
Epoch  18/100 — train_loss: 0.5643  val_loss: 0.5304  freq: 1.1820  spend: -0.0487  w_freq: 0.476  w_spend: 0.530
Epoch  19/100 — train_loss: 0.5589  val_loss: 0.5241  freq: 1.1768  spend: -0.0514  w_freq: 0.475  w_spend: 0.533
Epoch  20/100 — train_loss: 0.5543  val_loss: 0.5170  freq: 1.1725  spend: -0.0561  w_freq: 0.473  w_spend: 0.535
Epoch  21/100 — train_loss: 0.5479  val_loss: 0.5162  freq: 1.1692  spend: -0.0500  w_freq: 0.472  w_spend: 0.538
Epoch  22/100 — train_loss: 0.5448  val_loss: 0.5104  freq: 1.1669  spend: -0.0547  w_freq: 0.471  w_spend: 0.540
Epoch  23/100 — train_loss: 0.5383  val_loss: 0.5043  freq: 1.1644  spend: -0.0601  w_freq: 0.469  w_spend: 0.542
Epoch  24/100 — train_loss: 0.5359  val_loss: 0.5005  freq: 1.1619  spend: -0.0607  w_freq: 0.468  w_spend: 0.544
Epoch  25/100 — train_loss: 0.5305  val_loss: 0.4959  freq: 1.1599  spend: -0.0630  w_freq: 0.467  w_spend: 0.546
Epoch  26/100 — train_loss: 0.5274  val_loss: 0.4934  freq: 1.1589  spend: -0.0622  w_freq: 0.466  w_spend: 0.549
Epoch  27/100 — train_loss: 0.5233  val_loss: 0.4906  freq: 1.1581  spend: -0.0628  w_freq: 0.465  w_spend: 0.551
Epoch  28/100 — train_loss: 0.5198  val_loss: 0.4867  freq: 1.1560  spend: -0.0644  w_freq: 0.464  w_spend: 0.553
Epoch  29/100 — train_loss: 0.5159  val_loss: 0.4837  freq: 1.1545  spend: -0.0649  w_freq: 0.463  w_spend: 0.555
Epoch  30/100 — train_loss: 0.5134  val_loss: 0.4799  freq: 1.1522  spend: -0.0661  w_freq: 0.462  w_spend: 0.557
Epoch  31/100 — train_loss: 0.5086  val_loss: 0.4780  freq: 1.1509  spend: -0.0647  w_freq: 0.461  w_spend: 0.559
Epoch  32/100 — train_loss: 0.5077  val_loss: 0.4745  freq: 1.1501  spend: -0.0668  w_freq: 0.460  w_spend: 0.561
Epoch  33/100 — train_loss: 0.5036  val_loss: 0.4711  freq: 1.1493  spend: -0.0686  w_freq: 0.459  w_spend: 0.563
Epoch  34/100 — train_loss: 0.5010  val_loss: 0.4687  freq: 1.1487  spend: -0.0687  w_freq: 0.459  w_spend: 0.565
Epoch  35/100 — train_loss: 0.4974  val_loss: 0.4655  freq: 1.1470  spend: -0.0693  w_freq: 0.458  w_spend: 0.567
Epoch  36/100 — train_loss: 0.4949  val_loss: 0.4641  freq: 1.1462  spend: -0.0675  w_freq: 0.457  w_spend: 0.570
Epoch  37/100 — train_loss: 0.4914  val_loss: 0.4596  freq: 1.1452  spend: -0.0710  w_freq: 0.456  w_spend: 0.572
Epoch  38/100 — train_loss: 0.4895  val_loss: 0.4584  freq: 1.1447  spend: -0.0691  w_freq: 0.455  w_spend: 0.574
Epoch  39/100 — train_loss: 0.4866  val_loss: 0.4571  freq: 1.1438  spend: -0.0676  w_freq: 0.454  w_spend: 0.576
Epoch  40/100 — train_loss: 0.4842  val_loss: 0.4526  freq: 1.1429  spend: -0.0716  w_freq: 0.454  w_spend: 0.578
Epoch  41/100 — train_loss: 0.4809  val_loss: 0.4507  freq: 1.1427  spend: -0.0714  w_freq: 0.453  w_spend: 0.580
Epoch  42/100 — train_loss: 0.4795  val_loss: 0.4481  freq: 1.1427  spend: -0.0729  w_freq: 0.452  w_spend: 0.581
Epoch  43/100 — train_loss: 0.4775  val_loss: 0.4464  freq: 1.1419  spend: -0.0725  w_freq: 0.452  w_spend: 0.583
Epoch  44/100 — train_loss: 0.4744  val_loss: 0.4435  freq: 1.1407  spend: -0.0736  w_freq: 0.451  w_spend: 0.585
Epoch  45/100 — train_loss: 0.4730  val_loss: 0.4411  freq: 1.1403  spend: -0.0745  w_freq: 0.451  w_spend: 0.587
Epoch  46/100 — train_loss: 0.4717  val_loss: 0.4399  freq: 1.1410  spend: -0.0744  w_freq: 0.450  w_spend: 0.589
Epoch  47/100 — train_loss: 0.4685  val_loss: 0.4399  freq: 1.1411  spend: -0.0717  w_freq: 0.449  w_spend: 0.590
Epoch  48/100 — train_loss: 0.4666  val_loss: 0.4361  freq: 1.1399  spend: -0.0750  w_freq: 0.449  w_spend: 0.592
Epoch  49/100 — train_loss: 0.4658  val_loss: 0.4352  freq: 1.1401  spend: -0.0742  w_freq: 0.448  w_spend: 0.593
Epoch  50/100 — train_loss: 0.4630  val_loss: 0.4335  freq: 1.1403  spend: -0.0747  w_freq: 0.448  w_spend: 0.595
Epoch  51/100 — train_loss: 0.4617  val_loss: 0.4315  freq: 1.1382  spend: -0.0743  w_freq: 0.447  w_spend: 0.596
Epoch  52/100 — train_loss: 0.4592  val_loss: 0.4296  freq: 1.1383  spend: -0.0754  w_freq: 0.447  w_spend: 0.598
Epoch  53/100 — train_loss: 0.4579  val_loss: 0.4288  freq: 1.1383  spend: -0.0744  w_freq: 0.447  w_spend: 0.599
Epoch  54/100 — train_loss: 0.4560  val_loss: 0.4273  freq: 1.1386  spend: -0.0750  w_freq: 0.446  w_spend: 0.601
Epoch  55/100 — train_loss: 0.4547  val_loss: 0.4257  freq: 1.1373  spend: -0.0747  w_freq: 0.446  w_spend: 0.602
Epoch  56/100 — train_loss: 0.4538  val_loss: 0.4235  freq: 1.1369  spend: -0.0762  w_freq: 0.445  w_spend: 0.604
Epoch  57/100 — train_loss: 0.4518  val_loss: 0.4223  freq: 1.1368  spend: -0.0761  w_freq: 0.445  w_spend: 0.605
Epoch  58/100 — train_loss: 0.4494  val_loss: 0.4215  freq: 1.1364  spend: -0.0754  w_freq: 0.445  w_spend: 0.606
Epoch  59/100 — train_loss: 0.4494  val_loss: 0.4204  freq: 1.1361  spend: -0.0752  w_freq: 0.444  w_spend: 0.607
Epoch  60/100 — train_loss: 0.4482  val_loss: 0.4195  freq: 1.1372  spend: -0.0759  w_freq: 0.444  w_spend: 0.608
Epoch  61/100 — train_loss: 0.4471  val_loss: 0.4180  freq: 1.1366  spend: -0.0764  w_freq: 0.444  w_spend: 0.609
Epoch  62/100 — train_loss: 0.4451  val_loss: 0.4172  freq: 1.1363  spend: -0.0760  w_freq: 0.443  w_spend: 0.610
Epoch  63/100 — train_loss: 0.4439  val_loss: 0.4161  freq: 1.1363  spend: -0.0764  w_freq: 0.443  w_spend: 0.611
Epoch  64/100 — train_loss: 0.4429  val_loss: 0.4158  freq: 1.1362  spend: -0.0753  w_freq: 0.443  w_spend: 0.612
Epoch  65/100 — train_loss: 0.4418  val_loss: 0.4141  freq: 1.1358  spend: -0.0766  w_freq: 0.443  w_spend: 0.613
Epoch  66/100 — train_loss: 0.4401  val_loss: 0.4131  freq: 1.1357  spend: -0.0768  w_freq: 0.442  w_spend: 0.614
Epoch  67/100 — train_loss: 0.4395  val_loss: 0.4123  freq: 1.1355  spend: -0.0768  w_freq: 0.442  w_spend: 0.615
Epoch  68/100 — train_loss: 0.4392  val_loss: 0.4122  freq: 1.1356  spend: -0.0759  w_freq: 0.442  w_spend: 0.616
Epoch  69/100 — train_loss: 0.4386  val_loss: 0.4106  freq: 1.1351  spend: -0.0772  w_freq: 0.442  w_spend: 0.617
Epoch  70/100 — train_loss: 0.4373  val_loss: 0.4097  freq: 1.1352  spend: -0.0777  w_freq: 0.442  w_spend: 0.617
Epoch  71/100 — train_loss: 0.4359  val_loss: 0.4092  freq: 1.1351  spend: -0.0776  w_freq: 0.442  w_spend: 0.618
Epoch  72/100 — train_loss: 0.4362  val_loss: 0.4085  freq: 1.1349  spend: -0.0776  w_freq: 0.441  w_spend: 0.619
Epoch  73/100 — train_loss: 0.4352  val_loss: 0.4079  freq: 1.1351  spend: -0.0780  w_freq: 0.441  w_spend: 0.619
Epoch  74/100 — train_loss: 0.4347  val_loss: 0.4078  freq: 1.1351  spend: -0.0774  w_freq: 0.441  w_spend: 0.620
Epoch  75/100 — train_loss: 0.4344  val_loss: 0.4068  freq: 1.1346  spend: -0.0780  w_freq: 0.441  w_spend: 0.620
Epoch  76/100 — train_loss: 0.4341  val_loss: 0.4067  freq: 1.1349  spend: -0.0778  w_freq: 0.441  w_spend: 0.621
Epoch  77/100 — train_loss: 0.4323  val_loss: 0.4062  freq: 1.1348  spend: -0.0779  w_freq: 0.441  w_spend: 0.621
Epoch  78/100 — train_loss: 0.4326  val_loss: 0.4058  freq: 1.1345  spend: -0.0777  w_freq: 0.441  w_spend: 0.622
Epoch  79/100 — train_loss: 0.4324  val_loss: 0.4053  freq: 1.1345  spend: -0.0780  w_freq: 0.441  w_spend: 0.622
Epoch  80/100 — train_loss: 0.4318  val_loss: 0.4051  freq: 1.1345  spend: -0.0779  w_freq: 0.440  w_spend: 0.622
Epoch  81/100 — train_loss: 0.4317  val_loss: 0.4046  freq: 1.1345  spend: -0.0782  w_freq: 0.440  w_spend: 0.623
Epoch  82/100 — train_loss: 0.4312  val_loss: 0.4043  freq: 1.1344  spend: -0.0783  w_freq: 0.440  w_spend: 0.623
Epoch  83/100 — train_loss: 0.4308  val_loss: 0.4042  freq: 1.1343  spend: -0.0780  w_freq: 0.440  w_spend: 0.623
Epoch  84/100 — train_loss: 0.4304  val_loss: 0.4039  freq: 1.1343  spend: -0.0781  w_freq: 0.440  w_spend: 0.623
Epoch  85/100 — train_loss: 0.4304  val_loss: 0.4037  freq: 1.1344  spend: -0.0782  w_freq: 0.440  w_spend: 0.624
Epoch  86/100 — train_loss: 0.4295  val_loss: 0.4036  freq: 1.1343  spend: -0.0782  w_freq: 0.440  w_spend: 0.624
Epoch  87/100 — train_loss: 0.4309  val_loss: 0.4033  freq: 1.1342  spend: -0.0783  w_freq: 0.440  w_spend: 0.624
Epoch  88/100 — train_loss: 0.4300  val_loss: 0.4032  freq: 1.1343  spend: -0.0783  w_freq: 0.440  w_spend: 0.624
Epoch  89/100 — train_loss: 0.4290  val_loss: 0.4032  freq: 1.1342  spend: -0.0782  w_freq: 0.440  w_spend: 0.624
Epoch  90/100 — train_loss: 0.4296  val_loss: 0.4030  freq: 1.1342  spend: -0.0784  w_freq: 0.440  w_spend: 0.624
Epoch  91/100 — train_loss: 0.4279  val_loss: 0.4029  freq: 1.1342  spend: -0.0784  w_freq: 0.440  w_spend: 0.624
Epoch  92/100 — train_loss: 0.4291  val_loss: 0.4029  freq: 1.1342  spend: -0.0783  w_freq: 0.440  w_spend: 0.624
Epoch  93/100 — train_loss: 0.4290  val_loss: 0.4028  freq: 1.1342  spend: -0.0784  w_freq: 0.440  w_spend: 0.625
Epoch  94/100 — train_loss: 0.4288  val_loss: 0.4028  freq: 1.1342  spend: -0.0783  w_freq: 0.440  w_spend: 0.625
Epoch  95/100 — train_loss: 0.4288  val_loss: 0.4028  freq: 1.1342  spend: -0.0783  w_freq: 0.440  w_spend: 0.625
Epoch  96/100 — train_loss: 0.4271  val_loss: 0.4027  freq: 1.1342  spend: -0.0784  w_freq: 0.440  w_spend: 0.625
Epoch  97/100 — train_loss: 0.4284  val_loss: 0.4027  freq: 1.1342  spend: -0.0784  w_freq: 0.440  w_spend: 0.625
Epoch  98/100 — train_loss: 0.4286  val_loss: 0.4027  freq: 1.1342  spend: -0.0784  w_freq: 0.440  w_spend: 0.625
Epoch  99/100 — train_loss: 0.4290  val_loss: 0.4027  freq: 1.1342  spend: -0.0784  w_freq: 0.440  w_spend: 0.625
Epoch 100/100 — train_loss: 0.4285  val_loss: 0.4027  freq: 1.1342  spend: -0.0784  w_freq: 0.440  w_spend: 0.625

Checkpoint saved: /kaggle/working/results/checkpoints/extension3_lstm_dynamic_dunnhumby_final_seed7_sample.pt
Validation-fitted softmax temperature: 0.7500

Duan's smearing factor (val): 1.3613
Validation aggregate calibration: freq_factor=1.0843, spend_factor=0.9940

Running autoregressive inference on holdout period ...
  inference mode: sample  n_scenarios: 30  temperature: 0.7500

=== Prediction Diagnostics ===
  Mean predicted freq/week:    1.0046
  Mean actual freq/week:       1.1882
  Over-prediction ratio:       0.846x
  Customers predicted as zero total:  0.143
  Customers actually zero total:      0.188
  Non-zero rate (pred, avg > 0.05):  0.915
  Non-zero rate (true):               0.542

Metrics saved: /kaggle/working/results/tables/extension3_lstm_dynamic_dunnhumby_final_seed7_sample_metrics.json
Array artifacts saved: /kaggle/working/results/tables/extension3_lstm_dynamic_dunnhumby_final_seed7_sample_arrays.npz

=== Holdout Evaluation ===
  metric_definition_version: valendin_aggregate_mape_v1
  freq_rmse: 3.3715
  freq_mae: 2.0357
  freq_normalized_gini: 0.8488
  freq_calibration_factor: 1.0843
  freq_horizon_abs_bias_pct: 8.3217
  bias_pct: -8.3217
  freq_weekly_mae: 246.9878
  freq_weekly_total_true: 11872.0000
  freq_weekly_total_pred: 10884.0489
  freq_valendin_mape: 8.3217
  freq_horizon_bias_pct: -8.3217
  freq_weekly_mean_pct_mape: 8.3089
  freq_weekly_mean_pct_bias_pct: -8.3089
  freq_weekly_bias_pct: -8.3217
  freq_weekly_mape: 8.3217
  freq_mape: 8.3217
  freq_mase: 0.9632
  freq_mase_scale: 0.8235
  smearing_factor: 1.3613
  spend_calibration_factor: 0.9940
  spend_mae_raw: 63.2121
  spend_rmse_raw: 101.7812
  spend_normalized_gini: 0.8272
  spend_mae_log: 1.0083
  spend_rmse_log: 1.4413
  spend_r2_log: 0.5281
  spend_bias_pct: -5.8962
  spend_weekly_mae: 5147.3005
  spend_weekly_total_true: 347125.7605
  spend_weekly_total_pred: 326658.6404
  spend_valendin_mape: 5.9313
  spend_horizon_abs_bias_pct: 5.8962
  spend_horizon_bias_pct: -5.8962
  spend_weekly_mean_pct_mape: 5.8213
  spend_weekly_mean_pct_bias_pct: -5.7845
  spend_weekly_bias_pct: -5.8962
  spend_weekly_mape: 5.9313
  spend_mase: 0.9552
  spend_mase_scale: 27.5152
  clv_mae: 63.0434
  clv_rmse: 101.5061
  clv_spearman: 0.7938
  clv_decile_lift: 3.3812
  clv_normalized_gini: 0.8272
  clv_total_true: 346205.2188
  clv_total_pred: 325794.4688
  calibration_temperature_source: rolling_origin_autoregressive
  validation_temperature: 0.7500
  smearing_source: rolling_origin_autoregressive
  calibration_source: rolling_origin_autoregressive
  validation_freq_true_total: 2215.0000
  validation_freq_pred_total: 1895.5361
  validation_spend_true_total: 63355.4414
  validation_spend_pred_total: 64126.5371
  validation_freq_calibration_factor: 1.0843
  validation_spend_calibration_factor: 0.9940
  validation_rolling_origin_count: 2
  protocol_name: dunnhumby_configured_80x4
  cohort_size: 2498
  calibration_weeks: 80
  holdout_weeks: 4
  inference_mode: sample
  n_scenarios: 30
  final_manifest_version: 2026-05-20-results-recovery-protocol
  final_manifest_run_name: extension3_lstm_dynamic_dunnhumby_final_seed7_sample
  final_manifest_config: experiments/configs/extension3_lstm_dynamic_dunnhumby.yaml
  final_manifest_config_hash: a02fe15c952b
  final_manifest_actual_config_hash: ec40b2d36f00
  final_manifest_seed: 7
  final_manifest_epochs: 100
  final_manifest_inference_mode: sample
  final_manifest_n_scenarios: 30
  run_valid: True
  run_invalid_reason: 
  run_warning: 
  epochs_completed: 100
  max_epochs_configured: 100
History saved: /kaggle/working/results/tables/extension3_lstm_dynamic_dunnhumby_final_seed7_sample_history.json
