[Kaggle] raw_dir  → /kaggle/working/input/dunnhumby
[Kaggle] results  → /kaggle/working/results
Config: experiments/configs/extension3_transformer_dynamic_dunnhumby.yaml
Run: extension3_transformer_dynamic_dunnhumby_final_seed7_sample
Device: cuda
Loading dataset: dunnhumby ...
[pipeline] freq_cap=10 (auto q=0.99) → freq_bins=[0, 1, 2, 3]... (n_classes=11)
  Train customers: 2249, Val: 249, Inference: 2498
[dunnhumby] Customers with 0 calibration transactions: 0 / 2498
  top-bin decode: class_values[-1] = 13.099 (max_trans = 10)
Model: transformer — 102,761 parameters

Training for up to 100 epochs ...
/kaggle/working/thesis-code/src/training/trainer.py:116: FutureWarning: `torch.cuda.amp.GradScaler(args...)` is deprecated. Please use `torch.amp.GradScaler('cuda', args...)` instead.
  self.scaler = torch.cuda.amp.GradScaler(enabled=self.amp_enabled)
[Kendall] log_vars frozen for 5 warm-up epochs.
Epoch   1/100 — train_loss: 2.8693  val_loss: 2.5588  freq: 4.8446  spend: 0.2731  w_freq: 0.500  w_spend: 0.500
Epoch   2/100 — train_loss: 2.5642  val_loss: 2.0961  freq: 3.9656  spend: 0.2265  w_freq: 0.500  w_spend: 0.500
Epoch   3/100 — train_loss: 2.0439  val_loss: 1.5303  freq: 2.8818  spend: 0.1788  w_freq: 0.500  w_spend: 0.500
Epoch   4/100 — train_loss: 1.5096  val_loss: 1.0963  freq: 2.0465  spend: 0.1462  w_freq: 0.500  w_spend: 0.500
Epoch   5/100 — train_loss: 1.1028  val_loss: 0.8472  freq: 1.5696  spend: 0.1248  w_freq: 0.500  w_spend: 0.500
[Kendall] log_vars unfrozen at epoch 6.
Epoch   6/100 — train_loss: 0.9255  val_loss: 0.7599  freq: 1.4254  spend: 0.1004  w_freq: 0.499  w_spend: 0.501
Epoch   7/100 — train_loss: 0.8362  val_loss: 0.6949  freq: 1.3141  spend: 0.0868  w_freq: 0.497  w_spend: 0.503
Epoch   8/100 — train_loss: 0.7852  val_loss: 0.6658  freq: 1.2730  spend: 0.0750  w_freq: 0.495  w_spend: 0.506
Epoch   9/100 — train_loss: 0.7484  val_loss: 0.6446  freq: 1.2479  spend: 0.0629  w_freq: 0.493  w_spend: 0.508
Epoch  10/100 — train_loss: 0.7218  val_loss: 0.6274  freq: 1.2284  spend: 0.0529  w_freq: 0.491  w_spend: 0.510
Epoch  11/100 — train_loss: 0.7018  val_loss: 0.6137  freq: 1.2153  spend: 0.0437  w_freq: 0.489  w_spend: 0.513
Epoch  12/100 — train_loss: 0.6812  val_loss: 0.6004  freq: 1.2031  spend: 0.0346  w_freq: 0.487  w_spend: 0.515
Epoch  13/100 — train_loss: 0.6635  val_loss: 0.5887  freq: 1.1937  spend: 0.0260  w_freq: 0.485  w_spend: 0.518
Epoch  14/100 — train_loss: 0.6492  val_loss: 0.5770  freq: 1.1877  spend: 0.0145  w_freq: 0.484  w_spend: 0.520
Epoch  15/100 — train_loss: 0.6345  val_loss: 0.5678  freq: 1.1842  spend: 0.0050  w_freq: 0.482  w_spend: 0.523
Epoch  16/100 — train_loss: 0.6250  val_loss: 0.5566  freq: 1.1806  spend: -0.0082  w_freq: 0.481  w_spend: 0.525
Epoch  17/100 — train_loss: 0.6121  val_loss: 0.5481  freq: 1.1788  spend: -0.0177  w_freq: 0.479  w_spend: 0.528
Epoch  18/100 — train_loss: 0.6016  val_loss: 0.5407  freq: 1.1763  spend: -0.0246  w_freq: 0.478  w_spend: 0.531
Epoch  19/100 — train_loss: 0.5936  val_loss: 0.5356  freq: 1.1749  spend: -0.0289  w_freq: 0.477  w_spend: 0.533
Epoch  20/100 — train_loss: 0.5866  val_loss: 0.5283  freq: 1.1706  spend: -0.0348  w_freq: 0.476  w_spend: 0.535
Epoch  21/100 — train_loss: 0.5808  val_loss: 0.5250  freq: 1.1673  spend: -0.0337  w_freq: 0.474  w_spend: 0.537
Epoch  22/100 — train_loss: 0.5755  val_loss: 0.5223  freq: 1.1653  spend: -0.0327  w_freq: 0.473  w_spend: 0.539
Epoch  23/100 — train_loss: 0.5687  val_loss: 0.5145  freq: 1.1629  spend: -0.0414  w_freq: 0.472  w_spend: 0.541
Epoch  24/100 — train_loss: 0.5639  val_loss: 0.5097  freq: 1.1620  spend: -0.0452  w_freq: 0.471  w_spend: 0.543
Epoch  25/100 — train_loss: 0.5593  val_loss: 0.5051  freq: 1.1596  spend: -0.0472  w_freq: 0.470  w_spend: 0.546
Epoch  26/100 — train_loss: 0.5539  val_loss: 0.5015  freq: 1.1577  spend: -0.0477  w_freq: 0.469  w_spend: 0.548
Epoch  27/100 — train_loss: 0.5488  val_loss: 0.4974  freq: 1.1560  spend: -0.0496  w_freq: 0.468  w_spend: 0.550
Epoch  28/100 — train_loss: 0.5438  val_loss: 0.4939  freq: 1.1548  spend: -0.0507  w_freq: 0.467  w_spend: 0.553
Epoch  29/100 — train_loss: 0.5404  val_loss: 0.4900  freq: 1.1538  spend: -0.0527  w_freq: 0.466  w_spend: 0.555
Epoch  30/100 — train_loss: 0.5360  val_loss: 0.4868  freq: 1.1529  spend: -0.0534  w_freq: 0.465  w_spend: 0.558
Epoch  31/100 — train_loss: 0.5323  val_loss: 0.4839  freq: 1.1517  spend: -0.0533  w_freq: 0.464  w_spend: 0.560
Epoch  32/100 — train_loss: 0.5301  val_loss: 0.4813  freq: 1.1508  spend: -0.0532  w_freq: 0.463  w_spend: 0.562
Epoch  33/100 — train_loss: 0.5239  val_loss: 0.4774  freq: 1.1504  spend: -0.0557  w_freq: 0.462  w_spend: 0.565
Epoch  34/100 — train_loss: 0.5223  val_loss: 0.4768  freq: 1.1504  spend: -0.0532  w_freq: 0.461  w_spend: 0.567
Epoch  35/100 — train_loss: 0.5166  val_loss: 0.4727  freq: 1.1502  spend: -0.0570  w_freq: 0.460  w_spend: 0.569
Epoch  36/100 — train_loss: 0.5148  val_loss: 0.4701  freq: 1.1499  spend: -0.0578  w_freq: 0.460  w_spend: 0.571
Epoch  37/100 — train_loss: 0.5113  val_loss: 0.4680  freq: 1.1489  spend: -0.0573  w_freq: 0.459  w_spend: 0.573
Epoch  38/100 — train_loss: 0.5083  val_loss: 0.4648  freq: 1.1480  spend: -0.0592  w_freq: 0.458  w_spend: 0.575
Epoch  39/100 — train_loss: 0.5061  val_loss: 0.4638  freq: 1.1492  spend: -0.0590  w_freq: 0.457  w_spend: 0.577
Epoch  40/100 — train_loss: 0.5042  val_loss: 0.4631  freq: 1.1504  spend: -0.0583  w_freq: 0.457  w_spend: 0.579
Epoch  41/100 — train_loss: 0.5022  val_loss: 0.4585  freq: 1.1468  spend: -0.0604  w_freq: 0.456  w_spend: 0.580
Epoch  42/100 — train_loss: 0.4975  val_loss: 0.4568  freq: 1.1467  spend: -0.0602  w_freq: 0.456  w_spend: 0.582
Epoch  43/100 — train_loss: 0.4958  val_loss: 0.4552  freq: 1.1465  spend: -0.0598  w_freq: 0.455  w_spend: 0.584
Epoch  44/100 — train_loss: 0.4932  val_loss: 0.4534  freq: 1.1461  spend: -0.0596  w_freq: 0.454  w_spend: 0.586
Epoch  45/100 — train_loss: 0.4917  val_loss: 0.4510  freq: 1.1473  spend: -0.0618  w_freq: 0.454  w_spend: 0.588
Epoch  46/100 — train_loss: 0.4889  val_loss: 0.4494  freq: 1.1473  spend: -0.0618  w_freq: 0.453  w_spend: 0.590
Epoch  47/100 — train_loss: 0.4871  val_loss: 0.4464  freq: 1.1457  spend: -0.0630  w_freq: 0.452  w_spend: 0.591
Epoch  48/100 — train_loss: 0.4838  val_loss: 0.4445  freq: 1.1456  spend: -0.0637  w_freq: 0.452  w_spend: 0.593
Epoch  49/100 — train_loss: 0.4827  val_loss: 0.4425  freq: 1.1450  spend: -0.0641  w_freq: 0.451  w_spend: 0.595
Epoch  50/100 — train_loss: 0.4805  val_loss: 0.4416  freq: 1.1449  spend: -0.0632  w_freq: 0.451  w_spend: 0.596
Epoch  51/100 — train_loss: 0.4789  val_loss: 0.4407  freq: 1.1446  spend: -0.0618  w_freq: 0.450  w_spend: 0.598
Epoch  52/100 — train_loss: 0.4766  val_loss: 0.4382  freq: 1.1447  spend: -0.0638  w_freq: 0.450  w_spend: 0.599
Epoch  53/100 — train_loss: 0.4745  val_loss: 0.4363  freq: 1.1449  spend: -0.0649  w_freq: 0.449  w_spend: 0.601
Epoch  54/100 — train_loss: 0.4735  val_loss: 0.4353  freq: 1.1445  spend: -0.0642  w_freq: 0.449  w_spend: 0.602
Epoch  55/100 — train_loss: 0.4713  val_loss: 0.4341  freq: 1.1443  spend: -0.0640  w_freq: 0.449  w_spend: 0.604
Epoch  56/100 — train_loss: 0.4692  val_loss: 0.4335  freq: 1.1441  spend: -0.0628  w_freq: 0.448  w_spend: 0.605
Epoch  57/100 — train_loss: 0.4681  val_loss: 0.4311  freq: 1.1440  spend: -0.0650  w_freq: 0.448  w_spend: 0.606
Epoch  58/100 — train_loss: 0.4675  val_loss: 0.4289  freq: 1.1437  spend: -0.0664  w_freq: 0.447  w_spend: 0.607
Epoch  59/100 — train_loss: 0.4648  val_loss: 0.4282  freq: 1.1437  spend: -0.0659  w_freq: 0.447  w_spend: 0.609
Epoch  60/100 — train_loss: 0.4630  val_loss: 0.4281  freq: 1.1432  spend: -0.0640  w_freq: 0.447  w_spend: 0.610
Epoch  61/100 — train_loss: 0.4622  val_loss: 0.4260  freq: 1.1433  spend: -0.0661  w_freq: 0.446  w_spend: 0.611
Epoch  62/100 — train_loss: 0.4616  val_loss: 0.4248  freq: 1.1432  spend: -0.0665  w_freq: 0.446  w_spend: 0.612
Epoch  63/100 — train_loss: 0.4596  val_loss: 0.4236  freq: 1.1433  spend: -0.0669  w_freq: 0.446  w_spend: 0.613
Epoch  64/100 — train_loss: 0.4585  val_loss: 0.4230  freq: 1.1437  spend: -0.0668  w_freq: 0.446  w_spend: 0.614
Epoch  65/100 — train_loss: 0.4575  val_loss: 0.4213  freq: 1.1432  spend: -0.0677  w_freq: 0.445  w_spend: 0.615
Epoch  66/100 — train_loss: 0.4557  val_loss: 0.4217  freq: 1.1445  spend: -0.0668  w_freq: 0.445  w_spend: 0.616
Epoch  67/100 — train_loss: 0.4555  val_loss: 0.4195  freq: 1.1428  spend: -0.0680  w_freq: 0.445  w_spend: 0.617
Epoch  68/100 — train_loss: 0.4539  val_loss: 0.4188  freq: 1.1429  spend: -0.0680  w_freq: 0.445  w_spend: 0.618
Epoch  69/100 — train_loss: 0.4543  val_loss: 0.4178  freq: 1.1426  spend: -0.0682  w_freq: 0.444  w_spend: 0.619
Epoch  70/100 — train_loss: 0.4516  val_loss: 0.4178  freq: 1.1426  spend: -0.0671  w_freq: 0.444  w_spend: 0.619
Epoch  71/100 — train_loss: 0.4517  val_loss: 0.4165  freq: 1.1429  spend: -0.0683  w_freq: 0.444  w_spend: 0.620
Epoch  72/100 — train_loss: 0.4514  val_loss: 0.4160  freq: 1.1427  spend: -0.0682  w_freq: 0.444  w_spend: 0.621
Epoch  73/100 — train_loss: 0.4503  val_loss: 0.4160  freq: 1.1425  spend: -0.0672  w_freq: 0.444  w_spend: 0.621
Epoch  74/100 — train_loss: 0.4494  val_loss: 0.4146  freq: 1.1428  spend: -0.0690  w_freq: 0.443  w_spend: 0.622
Epoch  75/100 — train_loss: 0.4485  val_loss: 0.4149  freq: 1.1424  spend: -0.0675  w_freq: 0.443  w_spend: 0.622
Epoch  76/100 — train_loss: 0.4472  val_loss: 0.4136  freq: 1.1424  spend: -0.0690  w_freq: 0.443  w_spend: 0.623
Epoch  77/100 — train_loss: 0.4479  val_loss: 0.4132  freq: 1.1425  spend: -0.0690  w_freq: 0.443  w_spend: 0.623
Epoch  78/100 — train_loss: 0.4480  val_loss: 0.4129  freq: 1.1424  spend: -0.0688  w_freq: 0.443  w_spend: 0.624
Epoch  79/100 — train_loss: 0.4462  val_loss: 0.4125  freq: 1.1423  spend: -0.0688  w_freq: 0.443  w_spend: 0.624
Epoch  80/100 — train_loss: 0.4457  val_loss: 0.4122  freq: 1.1423  spend: -0.0688  w_freq: 0.443  w_spend: 0.625
Epoch  81/100 — train_loss: 0.4453  val_loss: 0.4118  freq: 1.1421  spend: -0.0689  w_freq: 0.443  w_spend: 0.625
Epoch  82/100 — train_loss: 0.4460  val_loss: 0.4114  freq: 1.1423  spend: -0.0693  w_freq: 0.442  w_spend: 0.625
Epoch  83/100 — train_loss: 0.4446  val_loss: 0.4110  freq: 1.1421  spend: -0.0694  w_freq: 0.442  w_spend: 0.625
Epoch  84/100 — train_loss: 0.4439  val_loss: 0.4108  freq: 1.1421  spend: -0.0694  w_freq: 0.442  w_spend: 0.626
Epoch  85/100 — train_loss: 0.4460  val_loss: 0.4106  freq: 1.1421  spend: -0.0693  w_freq: 0.442  w_spend: 0.626
Epoch  86/100 — train_loss: 0.4439  val_loss: 0.4104  freq: 1.1420  spend: -0.0694  w_freq: 0.442  w_spend: 0.626
Epoch  87/100 — train_loss: 0.4431  val_loss: 0.4101  freq: 1.1420  spend: -0.0696  w_freq: 0.442  w_spend: 0.626
Epoch  88/100 — train_loss: 0.4446  val_loss: 0.4102  freq: 1.1421  spend: -0.0694  w_freq: 0.442  w_spend: 0.626
Epoch  89/100 — train_loss: 0.4423  val_loss: 0.4101  freq: 1.1421  spend: -0.0694  w_freq: 0.442  w_spend: 0.627
Epoch  90/100 — train_loss: 0.4425  val_loss: 0.4099  freq: 1.1421  spend: -0.0695  w_freq: 0.442  w_spend: 0.627
Epoch  91/100 — train_loss: 0.4430  val_loss: 0.4099  freq: 1.1420  spend: -0.0694  w_freq: 0.442  w_spend: 0.627
Epoch  92/100 — train_loss: 0.4435  val_loss: 0.4098  freq: 1.1420  spend: -0.0694  w_freq: 0.442  w_spend: 0.627
Epoch  93/100 — train_loss: 0.4431  val_loss: 0.4097  freq: 1.1420  spend: -0.0695  w_freq: 0.442  w_spend: 0.627
Epoch  94/100 — train_loss: 0.4436  val_loss: 0.4096  freq: 1.1420  spend: -0.0695  w_freq: 0.442  w_spend: 0.627
Epoch  95/100 — train_loss: 0.4433  val_loss: 0.4096  freq: 1.1420  spend: -0.0695  w_freq: 0.442  w_spend: 0.627
Epoch  96/100 — train_loss: 0.4427  val_loss: 0.4096  freq: 1.1420  spend: -0.0695  w_freq: 0.442  w_spend: 0.627
Epoch  97/100 — train_loss: 0.4424  val_loss: 0.4096  freq: 1.1420  spend: -0.0696  w_freq: 0.442  w_spend: 0.627
Epoch  98/100 — train_loss: 0.4427  val_loss: 0.4096  freq: 1.1420  spend: -0.0696  w_freq: 0.442  w_spend: 0.627
Epoch  99/100 — train_loss: 0.4428  val_loss: 0.4096  freq: 1.1420  spend: -0.0696  w_freq: 0.442  w_spend: 0.627
Epoch 100/100 — train_loss: 0.4439  val_loss: 0.4096  freq: 1.1420  spend: -0.0696  w_freq: 0.442  w_spend: 0.627

Checkpoint saved: /kaggle/working/results/checkpoints/extension3_transformer_dynamic_dunnhumby_final_seed7_sample.pt
Validation-fitted softmax temperature: 0.7500

Duan's smearing factor (val): 1.3928
Validation aggregate calibration: freq_factor=1.1124, spend_factor=1.0014

Running autoregressive inference on holdout period ...
  inference mode: sample  n_scenarios: 30  temperature: 0.7500

=== Prediction Diagnostics ===
  Mean predicted freq/week:    1.0034
  Mean actual freq/week:       1.1882
  Over-prediction ratio:       0.845x
  Customers predicted as zero total:  0.127
  Customers actually zero total:      0.188
  Non-zero rate (pred, avg > 0.05):  0.920
  Non-zero rate (true):               0.542

Metrics saved: /kaggle/working/results/tables/extension3_transformer_dynamic_dunnhumby_final_seed7_sample_metrics.json
Array artifacts saved: /kaggle/working/results/tables/extension3_transformer_dynamic_dunnhumby_final_seed7_sample_arrays.npz

=== Holdout Evaluation ===
  metric_definition_version: valendin_aggregate_mape_v1
  freq_rmse: 3.6362
  freq_mae: 2.1739
  freq_normalized_gini: 0.8256
  freq_calibration_factor: 1.1124
  freq_horizon_abs_bias_pct: 6.0530
  bias_pct: -6.0530
  freq_weekly_mae: 179.6539
  freq_weekly_total_true: 11872.0000
  freq_weekly_total_pred: 11153.3844
  freq_valendin_mape: 6.0530
  freq_horizon_bias_pct: -6.0530
  freq_weekly_mean_pct_mape: 6.0490
  freq_weekly_mean_pct_bias_pct: -6.0490
  freq_weekly_bias_pct: -6.0530
  freq_weekly_mape: 6.0530
  freq_mape: 6.0530
  freq_mase: 1.0032
  freq_mase_scale: 0.8235
  smearing_factor: 1.3928
  spend_calibration_factor: 1.0014
  spend_mae_raw: 67.5551
  spend_rmse_raw: 108.1034
  spend_normalized_gini: 0.8034
  spend_mae_log: 1.0258
  spend_rmse_log: 1.4850
  spend_r2_log: 0.4991
  spend_bias_pct: -5.6463
  spend_weekly_mae: 4899.9709
  spend_weekly_total_true: 347125.7605
  spend_weekly_total_pred: 327525.8768
  spend_valendin_mape: 5.6463
  spend_horizon_abs_bias_pct: 5.6463
  spend_horizon_bias_pct: -5.6463
  spend_weekly_mean_pct_mape: 5.5211
  spend_weekly_mean_pct_bias_pct: -5.5211
  spend_weekly_bias_pct: -5.6463
  spend_weekly_mape: 5.6463
  spend_mase: 0.9909
  spend_mase_scale: 27.5152
  clv_mae: 67.3727
  clv_rmse: 107.8117
  clv_spearman: 0.7699
  clv_decile_lift: 3.3523
  clv_normalized_gini: 0.8034
  clv_total_true: 346205.2188
  clv_total_pred: 326644.0000
  calibration_temperature_source: rolling_origin_autoregressive
  validation_temperature: 0.7500
  smearing_source: rolling_origin_autoregressive
  calibration_source: rolling_origin_autoregressive
  validation_freq_true_total: 2215.0000
  validation_freq_pred_total: 1808.3792
  validation_spend_true_total: 63355.4414
  validation_spend_pred_total: 63180.6074
  validation_freq_calibration_factor: 1.1124
  validation_spend_calibration_factor: 1.0014
  validation_rolling_origin_count: 2
  protocol_name: dunnhumby_configured_80x4
  cohort_size: 2498
  calibration_weeks: 80
  holdout_weeks: 4
  inference_mode: sample
  n_scenarios: 30
  final_manifest_version: 2026-05-20-results-recovery-protocol
  final_manifest_run_name: extension3_transformer_dynamic_dunnhumby_final_seed7_sample
  final_manifest_config: experiments/configs/extension3_transformer_dynamic_dunnhumby.yaml
  final_manifest_config_hash: 409298d28aa9
  final_manifest_actual_config_hash: 48e9b92deb8d
  final_manifest_seed: 7
  final_manifest_epochs: 100
  final_manifest_inference_mode: sample
  final_manifest_n_scenarios: 30
  run_valid: True
  run_invalid_reason: 
  run_warning: 
  epochs_completed: 100
  max_epochs_configured: 100
History saved: /kaggle/working/results/tables/extension3_transformer_dynamic_dunnhumby_final_seed7_sample_history.json
