[Kaggle] raw_dir  → /kaggle/working/input/dunnhumby
[Kaggle] results  → /kaggle/working/results
Config: experiments/configs/extension3_transformer_dynamic_dunnhumby.yaml
Run: extension3_transformer_dynamic_dunnhumby_final_seed123_sample
Device: cuda
Loading dataset: dunnhumby ...
[pipeline] freq_cap=10 (auto q=0.99) → freq_bins=[0, 1, 2, 3]... (n_classes=11)
  Train customers: 2249, Val: 249, Inference: 2498
[dunnhumby] Customers with 0 calibration transactions: 0 / 2498
  top-bin decode: class_values[-1] = 13.099 (max_trans = 10)
Model: transformer — 102,761 parameters

Training for up to 100 epochs ...
/kaggle/working/thesis-code/src/training/trainer.py:116: FutureWarning: `torch.cuda.amp.GradScaler(args...)` is deprecated. Please use `torch.amp.GradScaler('cuda', args...)` instead.
  self.scaler = torch.cuda.amp.GradScaler(enabled=self.amp_enabled)
[Kendall] log_vars frozen for 5 warm-up epochs.
Epoch   1/100 — train_loss: 5.0605  val_loss: 4.7257  freq: 9.1844  spend: 0.2671  w_freq: 0.500  w_spend: 0.500
Epoch   2/100 — train_loss: 4.6529  val_loss: 4.0528  freq: 7.8904  spend: 0.2153  w_freq: 0.500  w_spend: 0.500
Epoch   3/100 — train_loss: 3.8689  val_loss: 3.0073  freq: 5.8497  spend: 0.1649  w_freq: 0.500  w_spend: 0.500
Epoch   4/100 — train_loss: 2.7676  val_loss: 1.8034  freq: 3.4717  spend: 0.1351  w_freq: 0.500  w_spend: 0.500
Epoch   5/100 — train_loss: 1.7600  val_loss: 1.1846  freq: 2.2537  spend: 0.1156  w_freq: 0.500  w_spend: 0.500
[Kendall] log_vars unfrozen at epoch 6.
Epoch   6/100 — train_loss: 1.1769  val_loss: 0.8435  freq: 1.5977  spend: 0.0961  w_freq: 0.499  w_spend: 0.501
Epoch   7/100 — train_loss: 0.9659  val_loss: 0.7653  freq: 1.4604  spend: 0.0830  w_freq: 0.497  w_spend: 0.503
Epoch   8/100 — train_loss: 0.8798  val_loss: 0.7034  freq: 1.3485  spend: 0.0762  w_freq: 0.494  w_spend: 0.506
Epoch   9/100 — train_loss: 0.8209  val_loss: 0.6676  freq: 1.2881  spend: 0.0701  w_freq: 0.492  w_spend: 0.508
Epoch  10/100 — train_loss: 0.7786  val_loss: 0.6501  freq: 1.2649  spend: 0.0637  w_freq: 0.490  w_spend: 0.511
Epoch  11/100 — train_loss: 0.7477  val_loss: 0.6324  freq: 1.2380  spend: 0.0601  w_freq: 0.488  w_spend: 0.513
Epoch  12/100 — train_loss: 0.7256  val_loss: 0.6224  freq: 1.2239  spend: 0.0592  w_freq: 0.487  w_spend: 0.516
Epoch  13/100 — train_loss: 0.7053  val_loss: 0.6141  freq: 1.2173  spend: 0.0545  w_freq: 0.485  w_spend: 0.519
Epoch  14/100 — train_loss: 0.6881  val_loss: 0.6046  freq: 1.2071  spend: 0.0513  w_freq: 0.483  w_spend: 0.521
Epoch  15/100 — train_loss: 0.6738  val_loss: 0.5962  freq: 1.1996  spend: 0.0476  w_freq: 0.481  w_spend: 0.524
Epoch  16/100 — train_loss: 0.6637  val_loss: 0.5898  freq: 1.1949  spend: 0.0441  w_freq: 0.480  w_spend: 0.527
Epoch  17/100 — train_loss: 0.6531  val_loss: 0.5852  freq: 1.1952  spend: 0.0395  w_freq: 0.479  w_spend: 0.529
Epoch  18/100 — train_loss: 0.6445  val_loss: 0.5746  freq: 1.1899  spend: 0.0285  w_freq: 0.478  w_spend: 0.531
Epoch  19/100 — train_loss: 0.6357  val_loss: 0.5724  freq: 1.1920  spend: 0.0271  w_freq: 0.476  w_spend: 0.534
Epoch  20/100 — train_loss: 0.6263  val_loss: 0.5584  freq: 1.1854  spend: 0.0111  w_freq: 0.475  w_spend: 0.536
Epoch  21/100 — train_loss: 0.6168  val_loss: 0.5478  freq: 1.1799  spend: 0.0007  w_freq: 0.474  w_spend: 0.539
Epoch  22/100 — train_loss: 0.6059  val_loss: 0.5395  freq: 1.1796  spend: -0.0100  w_freq: 0.473  w_spend: 0.541
Epoch  23/100 — train_loss: 0.5969  val_loss: 0.5303  freq: 1.1762  spend: -0.0197  w_freq: 0.472  w_spend: 0.543
Epoch  24/100 — train_loss: 0.5874  val_loss: 0.5233  freq: 1.1756  spend: -0.0273  w_freq: 0.471  w_spend: 0.546
Epoch  25/100 — train_loss: 0.5802  val_loss: 0.5164  freq: 1.1751  spend: -0.0346  w_freq: 0.469  w_spend: 0.548
Epoch  26/100 — train_loss: 0.5742  val_loss: 0.5097  freq: 1.1716  spend: -0.0396  w_freq: 0.468  w_spend: 0.551
Epoch  27/100 — train_loss: 0.5666  val_loss: 0.5045  freq: 1.1690  spend: -0.0425  w_freq: 0.467  w_spend: 0.553
Epoch  28/100 — train_loss: 0.5609  val_loss: 0.5006  freq: 1.1671  spend: -0.0433  w_freq: 0.466  w_spend: 0.556
Epoch  29/100 — train_loss: 0.5555  val_loss: 0.4987  freq: 1.1655  spend: -0.0411  w_freq: 0.465  w_spend: 0.559
Epoch  30/100 — train_loss: 0.5508  val_loss: 0.4952  freq: 1.1648  spend: -0.0428  w_freq: 0.464  w_spend: 0.561
Epoch  31/100 — train_loss: 0.5465  val_loss: 0.4915  freq: 1.1634  spend: -0.0450  w_freq: 0.463  w_spend: 0.563
Epoch  32/100 — train_loss: 0.5418  val_loss: 0.4860  freq: 1.1613  spend: -0.0496  w_freq: 0.463  w_spend: 0.565
Epoch  33/100 — train_loss: 0.5384  val_loss: 0.4845  freq: 1.1608  spend: -0.0481  w_freq: 0.462  w_spend: 0.567
Epoch  34/100 — train_loss: 0.5356  val_loss: 0.4809  freq: 1.1600  spend: -0.0501  w_freq: 0.461  w_spend: 0.569
Epoch  35/100 — train_loss: 0.5307  val_loss: 0.4791  freq: 1.1585  spend: -0.0483  w_freq: 0.460  w_spend: 0.571
Epoch  36/100 — train_loss: 0.5270  val_loss: 0.4761  freq: 1.1587  spend: -0.0502  w_freq: 0.459  w_spend: 0.574
Epoch  37/100 — train_loss: 0.5233  val_loss: 0.4730  freq: 1.1583  spend: -0.0517  w_freq: 0.459  w_spend: 0.576
Epoch  38/100 — train_loss: 0.5207  val_loss: 0.4707  freq: 1.1571  spend: -0.0512  w_freq: 0.458  w_spend: 0.578
Epoch  39/100 — train_loss: 0.5179  val_loss: 0.4681  freq: 1.1556  spend: -0.0509  w_freq: 0.457  w_spend: 0.580
Epoch  40/100 — train_loss: 0.5147  val_loss: 0.4653  freq: 1.1548  spend: -0.0519  w_freq: 0.456  w_spend: 0.582
Epoch  41/100 — train_loss: 0.5103  val_loss: 0.4628  freq: 1.1548  spend: -0.0528  w_freq: 0.456  w_spend: 0.584
Epoch  42/100 — train_loss: 0.5075  val_loss: 0.4611  freq: 1.1535  spend: -0.0516  w_freq: 0.455  w_spend: 0.586
Epoch  43/100 — train_loss: 0.5047  val_loss: 0.4589  freq: 1.1542  spend: -0.0530  w_freq: 0.454  w_spend: 0.588
Epoch  44/100 — train_loss: 0.5011  val_loss: 0.4558  freq: 1.1538  spend: -0.0550  w_freq: 0.454  w_spend: 0.590
Epoch  45/100 — train_loss: 0.4994  val_loss: 0.4539  freq: 1.1530  spend: -0.0546  w_freq: 0.453  w_spend: 0.592
Epoch  46/100 — train_loss: 0.4969  val_loss: 0.4516  freq: 1.1525  spend: -0.0552  w_freq: 0.453  w_spend: 0.594
Epoch  47/100 — train_loss: 0.4932  val_loss: 0.4497  freq: 1.1514  spend: -0.0546  w_freq: 0.452  w_spend: 0.596
Epoch  48/100 — train_loss: 0.4904  val_loss: 0.4486  freq: 1.1518  spend: -0.0539  w_freq: 0.451  w_spend: 0.598
Epoch  49/100 — train_loss: 0.4891  val_loss: 0.4459  freq: 1.1515  spend: -0.0555  w_freq: 0.451  w_spend: 0.600
Epoch  50/100 — train_loss: 0.4858  val_loss: 0.4433  freq: 1.1505  spend: -0.0566  w_freq: 0.450  w_spend: 0.601
Epoch  51/100 — train_loss: 0.4846  val_loss: 0.4417  freq: 1.1500  spend: -0.0565  w_freq: 0.450  w_spend: 0.603
Epoch  52/100 — train_loss: 0.4830  val_loss: 0.4398  freq: 1.1496  spend: -0.0572  w_freq: 0.449  w_spend: 0.605
Epoch  53/100 — train_loss: 0.4809  val_loss: 0.4394  freq: 1.1496  spend: -0.0558  w_freq: 0.449  w_spend: 0.606
Epoch  54/100 — train_loss: 0.4787  val_loss: 0.4379  freq: 1.1493  spend: -0.0558  w_freq: 0.449  w_spend: 0.607
Epoch  55/100 — train_loss: 0.4765  val_loss: 0.4371  freq: 1.1489  spend: -0.0550  w_freq: 0.448  w_spend: 0.609
Epoch  56/100 — train_loss: 0.4757  val_loss: 0.4344  freq: 1.1494  spend: -0.0578  w_freq: 0.448  w_spend: 0.610
Epoch  57/100 — train_loss: 0.4731  val_loss: 0.4325  freq: 1.1489  spend: -0.0588  w_freq: 0.447  w_spend: 0.611
Epoch  58/100 — train_loss: 0.4727  val_loss: 0.4322  freq: 1.1486  spend: -0.0574  w_freq: 0.447  w_spend: 0.613
Epoch  59/100 — train_loss: 0.4695  val_loss: 0.4299  freq: 1.1482  spend: -0.0591  w_freq: 0.447  w_spend: 0.614
Epoch  60/100 — train_loss: 0.4692  val_loss: 0.4288  freq: 1.1480  spend: -0.0590  w_freq: 0.446  w_spend: 0.615
Epoch  61/100 — train_loss: 0.4660  val_loss: 0.4272  freq: 1.1477  spend: -0.0596  w_freq: 0.446  w_spend: 0.616
Epoch  62/100 — train_loss: 0.4652  val_loss: 0.4260  freq: 1.1475  spend: -0.0599  w_freq: 0.446  w_spend: 0.617
Epoch  63/100 — train_loss: 0.4644  val_loss: 0.4255  freq: 1.1477  spend: -0.0595  w_freq: 0.445  w_spend: 0.618
Epoch  64/100 — train_loss: 0.4643  val_loss: 0.4241  freq: 1.1474  spend: -0.0604  w_freq: 0.445  w_spend: 0.619
Epoch  65/100 — train_loss: 0.4609  val_loss: 0.4234  freq: 1.1473  spend: -0.0602  w_freq: 0.445  w_spend: 0.620
Epoch  66/100 — train_loss: 0.4614  val_loss: 0.4234  freq: 1.1471  spend: -0.0588  w_freq: 0.445  w_spend: 0.621
Epoch  67/100 — train_loss: 0.4588  val_loss: 0.4213  freq: 1.1467  spend: -0.0607  w_freq: 0.445  w_spend: 0.622
Epoch  68/100 — train_loss: 0.4571  val_loss: 0.4203  freq: 1.1467  spend: -0.0611  w_freq: 0.444  w_spend: 0.623
Epoch  69/100 — train_loss: 0.4581  val_loss: 0.4195  freq: 1.1464  spend: -0.0613  w_freq: 0.444  w_spend: 0.623
Epoch  70/100 — train_loss: 0.4572  val_loss: 0.4194  freq: 1.1464  spend: -0.0603  w_freq: 0.444  w_spend: 0.624
Epoch  71/100 — train_loss: 0.4558  val_loss: 0.4182  freq: 1.1465  spend: -0.0613  w_freq: 0.444  w_spend: 0.625
Epoch  72/100 — train_loss: 0.4545  val_loss: 0.4176  freq: 1.1463  spend: -0.0613  w_freq: 0.444  w_spend: 0.626
Epoch  73/100 — train_loss: 0.4545  val_loss: 0.4166  freq: 1.1461  spend: -0.0619  w_freq: 0.443  w_spend: 0.626
Epoch  74/100 — train_loss: 0.4525  val_loss: 0.4165  freq: 1.1459  spend: -0.0611  w_freq: 0.443  w_spend: 0.627
Epoch  75/100 — train_loss: 0.4514  val_loss: 0.4158  freq: 1.1461  spend: -0.0616  w_freq: 0.443  w_spend: 0.627
Epoch  76/100 — train_loss: 0.4533  val_loss: 0.4152  freq: 1.1458  spend: -0.0616  w_freq: 0.443  w_spend: 0.628
Epoch  77/100 — train_loss: 0.4520  val_loss: 0.4145  freq: 1.1458  spend: -0.0620  w_freq: 0.443  w_spend: 0.629
Epoch  78/100 — train_loss: 0.4507  val_loss: 0.4140  freq: 1.1454  spend: -0.0619  w_freq: 0.443  w_spend: 0.629
Epoch  79/100 — train_loss: 0.4509  val_loss: 0.4134  freq: 1.1455  spend: -0.0624  w_freq: 0.443  w_spend: 0.629
Epoch  80/100 — train_loss: 0.4493  val_loss: 0.4131  freq: 1.1454  spend: -0.0623  w_freq: 0.442  w_spend: 0.630
Epoch  81/100 — train_loss: 0.4495  val_loss: 0.4127  freq: 1.1454  spend: -0.0624  w_freq: 0.442  w_spend: 0.630
Epoch  82/100 — train_loss: 0.4496  val_loss: 0.4126  freq: 1.1453  spend: -0.0621  w_freq: 0.442  w_spend: 0.630
Epoch  83/100 — train_loss: 0.4483  val_loss: 0.4119  freq: 1.1453  spend: -0.0629  w_freq: 0.442  w_spend: 0.631
Epoch  84/100 — train_loss: 0.4477  val_loss: 0.4119  freq: 1.1452  spend: -0.0626  w_freq: 0.442  w_spend: 0.631
Epoch  85/100 — train_loss: 0.4481  val_loss: 0.4116  freq: 1.1452  spend: -0.0628  w_freq: 0.442  w_spend: 0.631
Epoch  86/100 — train_loss: 0.4478  val_loss: 0.4114  freq: 1.1453  spend: -0.0627  w_freq: 0.442  w_spend: 0.631
Epoch  87/100 — train_loss: 0.4483  val_loss: 0.4111  freq: 1.1452  spend: -0.0630  w_freq: 0.442  w_spend: 0.632
Epoch  88/100 — train_loss: 0.4472  val_loss: 0.4110  freq: 1.1451  spend: -0.0629  w_freq: 0.442  w_spend: 0.632
Epoch  89/100 — train_loss: 0.4456  val_loss: 0.4107  freq: 1.1451  spend: -0.0631  w_freq: 0.442  w_spend: 0.632
Epoch  90/100 — train_loss: 0.4480  val_loss: 0.4107  freq: 1.1450  spend: -0.0630  w_freq: 0.442  w_spend: 0.632
Epoch  91/100 — train_loss: 0.4460  val_loss: 0.4105  freq: 1.1450  spend: -0.0631  w_freq: 0.442  w_spend: 0.632
Epoch  92/100 — train_loss: 0.4461  val_loss: 0.4105  freq: 1.1450  spend: -0.0631  w_freq: 0.442  w_spend: 0.632
Epoch  93/100 — train_loss: 0.4478  val_loss: 0.4105  freq: 1.1450  spend: -0.0631  w_freq: 0.442  w_spend: 0.632
Epoch  94/100 — train_loss: 0.4460  val_loss: 0.4105  freq: 1.1450  spend: -0.0630  w_freq: 0.442  w_spend: 0.632
Epoch  95/100 — train_loss: 0.4474  val_loss: 0.4104  freq: 1.1450  spend: -0.0630  w_freq: 0.442  w_spend: 0.632
Epoch  96/100 — train_loss: 0.4459  val_loss: 0.4104  freq: 1.1450  spend: -0.0631  w_freq: 0.442  w_spend: 0.632
Epoch  97/100 — train_loss: 0.4463  val_loss: 0.4104  freq: 1.1450  spend: -0.0631  w_freq: 0.442  w_spend: 0.632
Epoch  98/100 — train_loss: 0.4464  val_loss: 0.4104  freq: 1.1450  spend: -0.0631  w_freq: 0.442  w_spend: 0.632
Epoch  99/100 — train_loss: 0.4463  val_loss: 0.4104  freq: 1.1450  spend: -0.0631  w_freq: 0.442  w_spend: 0.632
Epoch 100/100 — train_loss: 0.4462  val_loss: 0.4104  freq: 1.1450  spend: -0.0631  w_freq: 0.442  w_spend: 0.632

Checkpoint saved: /kaggle/working/results/checkpoints/extension3_transformer_dynamic_dunnhumby_final_seed123_sample.pt
Validation-fitted softmax temperature: 0.9000

Duan's smearing factor (val): 1.3547
Validation aggregate calibration: freq_factor=1.0499, spend_factor=0.9913

Running autoregressive inference on holdout period ...
  inference mode: sample  n_scenarios: 30  temperature: 0.9000

=== Prediction Diagnostics ===
  Mean predicted freq/week:    1.1262
  Mean actual freq/week:       1.1882
  Over-prediction ratio:       0.948x
  Customers predicted as zero total:  0.078
  Customers actually zero total:      0.188
  Non-zero rate (pred, avg > 0.05):  0.950
  Non-zero rate (true):               0.542

Metrics saved: /kaggle/working/results/tables/extension3_transformer_dynamic_dunnhumby_final_seed123_sample_metrics.json
Array artifacts saved: /kaggle/working/results/tables/extension3_transformer_dynamic_dunnhumby_final_seed123_sample_arrays.npz

=== Holdout Evaluation ===
  metric_definition_version: valendin_aggregate_mape_v1
  freq_rmse: 3.6183
  freq_mae: 2.1791
  freq_normalized_gini: 0.8279
  freq_calibration_factor: 1.0499
  freq_horizon_abs_bias_pct: 0.4842
  bias_pct: -0.4842
  freq_weekly_mae: 19.6663
  freq_weekly_total_true: 11872.0000
  freq_weekly_total_pred: 11814.5161
  freq_valendin_mape: 0.6626
  freq_horizon_bias_pct: -0.4842
  freq_weekly_mean_pct_mape: 0.6557
  freq_weekly_mean_pct_bias_pct: -0.4765
  freq_weekly_bias_pct: -0.4842
  freq_weekly_mape: 0.6626
  freq_mape: 0.6626
  freq_mase: 1.0235
  freq_mase_scale: 0.8235
  smearing_factor: 1.3547
  spend_calibration_factor: 0.9913
  spend_mae_raw: 66.9719
  spend_rmse_raw: 105.0012
  spend_normalized_gini: 0.8098
  spend_mae_log: 1.0626
  spend_rmse_log: 1.5766
  spend_r2_log: 0.4354
  spend_bias_pct: -0.2232
  spend_weekly_mae: 927.3827
  spend_weekly_total_true: 347125.7605
  spend_weekly_total_pred: 346350.9080
  spend_valendin_mape: 1.0686
  spend_horizon_abs_bias_pct: 0.2232
  spend_horizon_bias_pct: -0.2232
  spend_weekly_mean_pct_mape: 1.0680
  spend_weekly_mean_pct_bias_pct: -0.2603
  spend_weekly_bias_pct: -0.2232
  spend_weekly_mape: 1.0686
  spend_mase: 1.0086
  spend_mase_scale: 27.5152
  clv_mae: 66.7960
  clv_rmse: 104.7216
  clv_spearman: 0.7741
  clv_decile_lift: 3.3292
  clv_normalized_gini: 0.8098
  clv_total_true: 346205.2188
  clv_total_pred: 345435.3438
  calibration_temperature_source: rolling_origin_autoregressive
  validation_temperature: 0.9000
  smearing_source: rolling_origin_autoregressive
  calibration_source: rolling_origin_autoregressive
  validation_freq_true_total: 2215.0000
  validation_freq_pred_total: 2013.9377
  validation_spend_true_total: 63355.4414
  validation_spend_pred_total: 64481.4434
  validation_freq_calibration_factor: 1.0499
  validation_spend_calibration_factor: 0.9913
  validation_rolling_origin_count: 2
  protocol_name: dunnhumby_configured_80x4
  cohort_size: 2498
  calibration_weeks: 80
  holdout_weeks: 4
  inference_mode: sample
  n_scenarios: 30
  final_manifest_version: 2026-05-20-results-recovery-protocol
  final_manifest_run_name: extension3_transformer_dynamic_dunnhumby_final_seed123_sample
  final_manifest_config: experiments/configs/extension3_transformer_dynamic_dunnhumby.yaml
  final_manifest_config_hash: 409298d28aa9
  final_manifest_actual_config_hash: 8107e0683427
  final_manifest_seed: 123
  final_manifest_epochs: 100
  final_manifest_inference_mode: sample
  final_manifest_n_scenarios: 30
  run_valid: True
  run_invalid_reason: 
  run_warning: 
  epochs_completed: 100
  max_epochs_configured: 100
History saved: /kaggle/working/results/tables/extension3_transformer_dynamic_dunnhumby_final_seed123_sample_history.json
