[Kaggle] raw_dir  → /kaggle/working/input/dunnhumby
[Kaggle] results  → /kaggle/working/results
Config: experiments/configs/extension3_lstm_dynamic_dunnhumby.yaml
Run: extension3_lstm_dynamic_dunnhumby_final_seed123_sample
Device: cuda
Loading dataset: dunnhumby ...
[pipeline] freq_cap=10 (auto q=0.99) → freq_bins=[0, 1, 2, 3]... (n_classes=11)
  Train customers: 2249, Val: 249, Inference: 2498
[dunnhumby] Customers with 0 calibration transactions: 0 / 2498
  top-bin decode: class_values[-1] = 13.099 (max_trans = 10)
Model: lstm — 103,697 parameters

Training for up to 100 epochs ...
/kaggle/working/thesis-code/src/training/trainer.py:116: FutureWarning: `torch.cuda.amp.GradScaler(args...)` is deprecated. Please use `torch.amp.GradScaler('cuda', args...)` instead.
  self.scaler = torch.cuda.amp.GradScaler(enabled=self.amp_enabled)
[Kendall] log_vars frozen for 5 warm-up epochs.
Epoch   1/100 — train_loss: 1.3233  val_loss: 1.3173  freq: 2.3841  spend: 0.2505  w_freq: 0.500  w_spend: 0.500
Epoch   2/100 — train_loss: 1.3052  val_loss: 1.2885  freq: 2.3300  spend: 0.2470  w_freq: 0.500  w_spend: 0.500
Epoch   3/100 — train_loss: 1.2664  val_loss: 1.2291  freq: 2.2199  spend: 0.2383  w_freq: 0.500  w_spend: 0.500
Epoch   4/100 — train_loss: 1.1722  val_loss: 1.0467  freq: 1.8877  spend: 0.2058  w_freq: 0.500  w_spend: 0.500
Epoch   5/100 — train_loss: 0.9153  val_loss: 0.7702  freq: 1.4020  spend: 0.1384  w_freq: 0.500  w_spend: 0.500
[Kendall] log_vars unfrozen at epoch 6.
Epoch   6/100 — train_loss: 0.8133  val_loss: 0.7517  freq: 1.3601  spend: 0.1484  w_freq: 0.499  w_spend: 0.501
Epoch   7/100 — train_loss: 0.7489  val_loss: 0.6916  freq: 1.2878  spend: 0.1053  w_freq: 0.497  w_spend: 0.503
Epoch   8/100 — train_loss: 0.7128  val_loss: 0.6607  freq: 1.2635  spend: 0.0735  w_freq: 0.495  w_spend: 0.505
Epoch   9/100 — train_loss: 0.6838  val_loss: 0.6319  freq: 1.2535  spend: 0.0322  w_freq: 0.493  w_spend: 0.508
Epoch  10/100 — train_loss: 0.6616  val_loss: 0.6139  freq: 1.2469  spend: 0.0094  w_freq: 0.490  w_spend: 0.510
Epoch  11/100 — train_loss: 0.6438  val_loss: 0.5993  freq: 1.2425  spend: -0.0087  w_freq: 0.488  w_spend: 0.513
Epoch  12/100 — train_loss: 0.6293  val_loss: 0.5888  freq: 1.2356  spend: -0.0166  w_freq: 0.486  w_spend: 0.516
Epoch  13/100 — train_loss: 0.6181  val_loss: 0.5777  freq: 1.2262  spend: -0.0233  w_freq: 0.484  w_spend: 0.519
Epoch  14/100 — train_loss: 0.6055  val_loss: 0.5664  freq: 1.2188  spend: -0.0327  w_freq: 0.482  w_spend: 0.521
Epoch  15/100 — train_loss: 0.5954  val_loss: 0.5551  freq: 1.2111  spend: -0.0422  w_freq: 0.480  w_spend: 0.524
Epoch  16/100 — train_loss: 0.5825  val_loss: 0.5456  freq: 1.2015  spend: -0.0467  w_freq: 0.478  w_spend: 0.526
Epoch  17/100 — train_loss: 0.5749  val_loss: 0.5380  freq: 1.1947  spend: -0.0505  w_freq: 0.477  w_spend: 0.528
Epoch  18/100 — train_loss: 0.5686  val_loss: 0.5347  freq: 1.1938  spend: -0.0517  w_freq: 0.475  w_spend: 0.530
Epoch  19/100 — train_loss: 0.5615  val_loss: 0.5268  freq: 1.1861  spend: -0.0554  w_freq: 0.474  w_spend: 0.532
Epoch  20/100 — train_loss: 0.5569  val_loss: 0.5219  freq: 1.1825  spend: -0.0568  w_freq: 0.473  w_spend: 0.535
Epoch  21/100 — train_loss: 0.5521  val_loss: 0.5175  freq: 1.1800  spend: -0.0585  w_freq: 0.472  w_spend: 0.537
Epoch  22/100 — train_loss: 0.5481  val_loss: 0.5122  freq: 1.1764  spend: -0.0612  w_freq: 0.471  w_spend: 0.539
Epoch  23/100 — train_loss: 0.5429  val_loss: 0.5108  freq: 1.1757  spend: -0.0592  w_freq: 0.469  w_spend: 0.541
Epoch  24/100 — train_loss: 0.5396  val_loss: 0.5054  freq: 1.1743  spend: -0.0638  w_freq: 0.468  w_spend: 0.543
Epoch  25/100 — train_loss: 0.5366  val_loss: 0.5007  freq: 1.1702  spend: -0.0647  w_freq: 0.467  w_spend: 0.545
Epoch  26/100 — train_loss: 0.5334  val_loss: 0.5006  freq: 1.1683  spend: -0.0592  w_freq: 0.466  w_spend: 0.548
Epoch  27/100 — train_loss: 0.5288  val_loss: 0.4962  freq: 1.1689  spend: -0.0642  w_freq: 0.465  w_spend: 0.550
Epoch  28/100 — train_loss: 0.5261  val_loss: 0.4917  freq: 1.1658  spend: -0.0660  w_freq: 0.464  w_spend: 0.552
Epoch  29/100 — train_loss: 0.5225  val_loss: 0.4883  freq: 1.1643  spend: -0.0669  w_freq: 0.463  w_spend: 0.554
Epoch  30/100 — train_loss: 0.5184  val_loss: 0.4856  freq: 1.1636  spend: -0.0672  w_freq: 0.462  w_spend: 0.556
Epoch  31/100 — train_loss: 0.5158  val_loss: 0.4823  freq: 1.1610  spend: -0.0672  w_freq: 0.461  w_spend: 0.558
Epoch  32/100 — train_loss: 0.5133  val_loss: 0.4797  freq: 1.1613  spend: -0.0684  w_freq: 0.460  w_spend: 0.560
Epoch  33/100 — train_loss: 0.5089  val_loss: 0.4764  freq: 1.1599  spend: -0.0693  w_freq: 0.459  w_spend: 0.562
Epoch  34/100 — train_loss: 0.5062  val_loss: 0.4731  freq: 1.1585  spend: -0.0702  w_freq: 0.458  w_spend: 0.564
Epoch  35/100 — train_loss: 0.5029  val_loss: 0.4710  freq: 1.1586  spend: -0.0704  w_freq: 0.458  w_spend: 0.567
Epoch  36/100 — train_loss: 0.5010  val_loss: 0.4685  freq: 1.1568  spend: -0.0698  w_freq: 0.457  w_spend: 0.569
Epoch  37/100 — train_loss: 0.4985  val_loss: 0.4655  freq: 1.1551  spend: -0.0705  w_freq: 0.456  w_spend: 0.571
Epoch  38/100 — train_loss: 0.4956  val_loss: 0.4647  freq: 1.1539  spend: -0.0680  w_freq: 0.455  w_spend: 0.572
Epoch  39/100 — train_loss: 0.4928  val_loss: 0.4610  freq: 1.1535  spend: -0.0712  w_freq: 0.454  w_spend: 0.574
Epoch  40/100 — train_loss: 0.4900  val_loss: 0.4588  freq: 1.1530  spend: -0.0716  w_freq: 0.454  w_spend: 0.576
Epoch  41/100 — train_loss: 0.4878  val_loss: 0.4576  freq: 1.1518  spend: -0.0695  w_freq: 0.453  w_spend: 0.578
Epoch  42/100 — train_loss: 0.4861  val_loss: 0.4548  freq: 1.1517  spend: -0.0713  w_freq: 0.452  w_spend: 0.580
Epoch  43/100 — train_loss: 0.4836  val_loss: 0.4514  freq: 1.1506  spend: -0.0731  w_freq: 0.452  w_spend: 0.582
Epoch  44/100 — train_loss: 0.4821  val_loss: 0.4523  freq: 1.1508  spend: -0.0690  w_freq: 0.451  w_spend: 0.583
Epoch  45/100 — train_loss: 0.4801  val_loss: 0.4482  freq: 1.1493  spend: -0.0724  w_freq: 0.451  w_spend: 0.585
Epoch  46/100 — train_loss: 0.4772  val_loss: 0.4466  freq: 1.1495  spend: -0.0729  w_freq: 0.450  w_spend: 0.587
Epoch  47/100 — train_loss: 0.4753  val_loss: 0.4465  freq: 1.1502  spend: -0.0713  w_freq: 0.450  w_spend: 0.588
Epoch  48/100 — train_loss: 0.4736  val_loss: 0.4430  freq: 1.1482  spend: -0.0733  w_freq: 0.449  w_spend: 0.590
Epoch  49/100 — train_loss: 0.4720  val_loss: 0.4414  freq: 1.1480  spend: -0.0735  w_freq: 0.449  w_spend: 0.591
Epoch  50/100 — train_loss: 0.4697  val_loss: 0.4403  freq: 1.1470  spend: -0.0721  w_freq: 0.448  w_spend: 0.593
Epoch  51/100 — train_loss: 0.4678  val_loss: 0.4377  freq: 1.1465  spend: -0.0739  w_freq: 0.448  w_spend: 0.594
Epoch  52/100 — train_loss: 0.4662  val_loss: 0.4359  freq: 1.1463  spend: -0.0745  w_freq: 0.447  w_spend: 0.596
Epoch  53/100 — train_loss: 0.4643  val_loss: 0.4347  freq: 1.1463  spend: -0.0742  w_freq: 0.447  w_spend: 0.597
Epoch  54/100 — train_loss: 0.4620  val_loss: 0.4334  freq: 1.1452  spend: -0.0734  w_freq: 0.446  w_spend: 0.598
Epoch  55/100 — train_loss: 0.4604  val_loss: 0.4321  freq: 1.1461  spend: -0.0740  w_freq: 0.446  w_spend: 0.600
Epoch  56/100 — train_loss: 0.4595  val_loss: 0.4304  freq: 1.1451  spend: -0.0741  w_freq: 0.445  w_spend: 0.601
Epoch  57/100 — train_loss: 0.4577  val_loss: 0.4300  freq: 1.1453  spend: -0.0731  w_freq: 0.445  w_spend: 0.603
Epoch  58/100 — train_loss: 0.4562  val_loss: 0.4283  freq: 1.1457  spend: -0.0744  w_freq: 0.445  w_spend: 0.604
Epoch  59/100 — train_loss: 0.4558  val_loss: 0.4278  freq: 1.1444  spend: -0.0726  w_freq: 0.444  w_spend: 0.605
Epoch  60/100 — train_loss: 0.4545  val_loss: 0.4258  freq: 1.1447  spend: -0.0745  w_freq: 0.444  w_spend: 0.606
Epoch  61/100 — train_loss: 0.4529  val_loss: 0.4253  freq: 1.1441  spend: -0.0733  w_freq: 0.444  w_spend: 0.607
Epoch  62/100 — train_loss: 0.4514  val_loss: 0.4229  freq: 1.1434  spend: -0.0753  w_freq: 0.444  w_spend: 0.608
Epoch  63/100 — train_loss: 0.4516  val_loss: 0.4223  freq: 1.1433  spend: -0.0748  w_freq: 0.443  w_spend: 0.609
Epoch  64/100 — train_loss: 0.4508  val_loss: 0.4215  freq: 1.1435  spend: -0.0749  w_freq: 0.443  w_spend: 0.610
Epoch  65/100 — train_loss: 0.4486  val_loss: 0.4207  freq: 1.1434  spend: -0.0750  w_freq: 0.443  w_spend: 0.611
Epoch  66/100 — train_loss: 0.4476  val_loss: 0.4192  freq: 1.1430  spend: -0.0759  w_freq: 0.443  w_spend: 0.612
Epoch  67/100 — train_loss: 0.4473  val_loss: 0.4184  freq: 1.1427  spend: -0.0757  w_freq: 0.442  w_spend: 0.613
Epoch  68/100 — train_loss: 0.4466  val_loss: 0.4180  freq: 1.1433  spend: -0.0758  w_freq: 0.442  w_spend: 0.613
Epoch  69/100 — train_loss: 0.4456  val_loss: 0.4177  freq: 1.1423  spend: -0.0746  w_freq: 0.442  w_spend: 0.614
Epoch  70/100 — train_loss: 0.4444  val_loss: 0.4163  freq: 1.1422  spend: -0.0758  w_freq: 0.442  w_spend: 0.615
Epoch  71/100 — train_loss: 0.4435  val_loss: 0.4160  freq: 1.1425  spend: -0.0755  w_freq: 0.442  w_spend: 0.615
Epoch  72/100 — train_loss: 0.4425  val_loss: 0.4151  freq: 1.1423  spend: -0.0760  w_freq: 0.441  w_spend: 0.616
Epoch  73/100 — train_loss: 0.4419  val_loss: 0.4145  freq: 1.1421  spend: -0.0759  w_freq: 0.441  w_spend: 0.617
Epoch  74/100 — train_loss: 0.4406  val_loss: 0.4138  freq: 1.1418  spend: -0.0761  w_freq: 0.441  w_spend: 0.617
Epoch  75/100 — train_loss: 0.4393  val_loss: 0.4132  freq: 1.1419  spend: -0.0763  w_freq: 0.441  w_spend: 0.618
Epoch  76/100 — train_loss: 0.4404  val_loss: 0.4135  freq: 1.1425  spend: -0.0756  w_freq: 0.441  w_spend: 0.618
Epoch  77/100 — train_loss: 0.4390  val_loss: 0.4124  freq: 1.1417  spend: -0.0763  w_freq: 0.441  w_spend: 0.619
Epoch  78/100 — train_loss: 0.4380  val_loss: 0.4119  freq: 1.1415  spend: -0.0762  w_freq: 0.441  w_spend: 0.619
Epoch  79/100 — train_loss: 0.4379  val_loss: 0.4118  freq: 1.1416  spend: -0.0761  w_freq: 0.440  w_spend: 0.619
Epoch  80/100 — train_loss: 0.4381  val_loss: 0.4114  freq: 1.1416  spend: -0.0762  w_freq: 0.440  w_spend: 0.620
Epoch  81/100 — train_loss: 0.4381  val_loss: 0.4112  freq: 1.1415  spend: -0.0761  w_freq: 0.440  w_spend: 0.620
Epoch  82/100 — train_loss: 0.4370  val_loss: 0.4116  freq: 1.1413  spend: -0.0748  w_freq: 0.440  w_spend: 0.620
Epoch  83/100 — train_loss: 0.4376  val_loss: 0.4104  freq: 1.1412  spend: -0.0764  w_freq: 0.440  w_spend: 0.621
Epoch  84/100 — train_loss: 0.4375  val_loss: 0.4104  freq: 1.1415  spend: -0.0762  w_freq: 0.440  w_spend: 0.621
Epoch  85/100 — train_loss: 0.4361  val_loss: 0.4112  freq: 1.1411  spend: -0.0745  w_freq: 0.440  w_spend: 0.621
Epoch  86/100 — train_loss: 0.4372  val_loss: 0.4099  freq: 1.1413  spend: -0.0764  w_freq: 0.440  w_spend: 0.621
Epoch  87/100 — train_loss: 0.4361  val_loss: 0.4100  freq: 1.1411  spend: -0.0760  w_freq: 0.440  w_spend: 0.621
Epoch  88/100 — train_loss: 0.4358  val_loss: 0.4095  freq: 1.1412  spend: -0.0765  w_freq: 0.440  w_spend: 0.622
Epoch  89/100 — train_loss: 0.4361  val_loss: 0.4096  freq: 1.1412  spend: -0.0763  w_freq: 0.440  w_spend: 0.622
Epoch  90/100 — train_loss: 0.4360  val_loss: 0.4096  freq: 1.1412  spend: -0.0762  w_freq: 0.440  w_spend: 0.622
Epoch  91/100 — train_loss: 0.4356  val_loss: 0.4094  freq: 1.1411  spend: -0.0763  w_freq: 0.440  w_spend: 0.622
Epoch  92/100 — train_loss: 0.4357  val_loss: 0.4093  freq: 1.1411  spend: -0.0764  w_freq: 0.440  w_spend: 0.622
Epoch  93/100 — train_loss: 0.4361  val_loss: 0.4093  freq: 1.1411  spend: -0.0764  w_freq: 0.440  w_spend: 0.622
Epoch  94/100 — train_loss: 0.4358  val_loss: 0.4093  freq: 1.1411  spend: -0.0763  w_freq: 0.440  w_spend: 0.622
Epoch  95/100 — train_loss: 0.4350  val_loss: 0.4092  freq: 1.1411  spend: -0.0764  w_freq: 0.440  w_spend: 0.622
Epoch  96/100 — train_loss: 0.4357  val_loss: 0.4092  freq: 1.1411  spend: -0.0764  w_freq: 0.440  w_spend: 0.622
Epoch  97/100 — train_loss: 0.4358  val_loss: 0.4092  freq: 1.1411  spend: -0.0764  w_freq: 0.440  w_spend: 0.622
Epoch  98/100 — train_loss: 0.4366  val_loss: 0.4092  freq: 1.1411  spend: -0.0764  w_freq: 0.440  w_spend: 0.622
Epoch  99/100 — train_loss: 0.4357  val_loss: 0.4092  freq: 1.1411  spend: -0.0764  w_freq: 0.440  w_spend: 0.622
Epoch 100/100 — train_loss: 0.4364  val_loss: 0.4092  freq: 1.1411  spend: -0.0764  w_freq: 0.440  w_spend: 0.622

Checkpoint saved: /kaggle/working/results/checkpoints/extension3_lstm_dynamic_dunnhumby_final_seed123_sample.pt
Validation-fitted softmax temperature: 0.7500

Duan's smearing factor (val): 1.3588
Validation aggregate calibration: freq_factor=1.0686, spend_factor=0.9865

Running autoregressive inference on holdout period ...
  inference mode: sample  n_scenarios: 30  temperature: 0.7500

=== Prediction Diagnostics ===
  Mean predicted freq/week:    1.0274
  Mean actual freq/week:       1.1882
  Over-prediction ratio:       0.865x
  Customers predicted as zero total:  0.149
  Customers actually zero total:      0.188
  Non-zero rate (pred, avg > 0.05):  0.919
  Non-zero rate (true):               0.542

Metrics saved: /kaggle/working/results/tables/extension3_lstm_dynamic_dunnhumby_final_seed123_sample_metrics.json
Array artifacts saved: /kaggle/working/results/tables/extension3_lstm_dynamic_dunnhumby_final_seed123_sample_arrays.npz

=== Holdout Evaluation ===
  metric_definition_version: valendin_aggregate_mape_v1
  freq_rmse: 3.4841
  freq_mae: 2.0466
  freq_normalized_gini: 0.8480
  freq_calibration_factor: 1.0686
  freq_horizon_abs_bias_pct: 7.5905
  bias_pct: -7.5905
  freq_weekly_mae: 225.2859
  freq_weekly_total_true: 11872.0000
  freq_weekly_total_pred: 10970.8564
  freq_valendin_mape: 7.5905
  freq_horizon_bias_pct: -7.5905
  freq_weekly_mean_pct_mape: 7.5919
  freq_weekly_mean_pct_bias_pct: -7.5919
  freq_weekly_bias_pct: -7.5905
  freq_weekly_mape: 7.5905
  freq_mape: 7.5905
  freq_mase: 0.9671
  freq_mase_scale: 0.8235
  smearing_factor: 1.3588
  spend_calibration_factor: 0.9865
  spend_mae_raw: 63.9534
  spend_rmse_raw: 104.1530
  spend_normalized_gini: 0.8279
  spend_mae_log: 1.0128
  spend_rmse_log: 1.4386
  spend_r2_log: 0.5299
  spend_bias_pct: -3.9663
  spend_weekly_mae: 3442.0230
  spend_weekly_total_true: 347125.7605
  spend_weekly_total_pred: 333357.6685
  spend_valendin_mape: 3.9663
  spend_horizon_abs_bias_pct: 3.9663
  spend_horizon_bias_pct: -3.9663
  spend_weekly_mean_pct_mape: 3.9431
  spend_weekly_mean_pct_bias_pct: -3.9431
  spend_weekly_bias_pct: -3.9663
  spend_weekly_mape: 3.9663
  spend_mase: 0.9598
  spend_mase_scale: 27.5152
  clv_mae: 63.7822
  clv_rmse: 103.8682
  clv_spearman: 0.7943
  clv_decile_lift: 3.3913
  clv_normalized_gini: 0.8279
  clv_total_true: 346205.2188
  clv_total_pred: 332475.1562
  calibration_temperature_source: rolling_origin_autoregressive
  validation_temperature: 0.7500
  smearing_source: rolling_origin_autoregressive
  calibration_source: rolling_origin_autoregressive
  validation_freq_true_total: 2215.0000
  validation_freq_pred_total: 1947.6339
  validation_spend_true_total: 63355.4414
  validation_spend_pred_total: 65117.8320
  validation_freq_calibration_factor: 1.0686
  validation_spend_calibration_factor: 0.9865
  validation_rolling_origin_count: 2
  protocol_name: dunnhumby_configured_80x4
  cohort_size: 2498
  calibration_weeks: 80
  holdout_weeks: 4
  inference_mode: sample
  n_scenarios: 30
  final_manifest_version: 2026-05-20-results-recovery-protocol
  final_manifest_run_name: extension3_lstm_dynamic_dunnhumby_final_seed123_sample
  final_manifest_config: experiments/configs/extension3_lstm_dynamic_dunnhumby.yaml
  final_manifest_config_hash: a02fe15c952b
  final_manifest_actual_config_hash: 18b1608c84a8
  final_manifest_seed: 123
  final_manifest_epochs: 100
  final_manifest_inference_mode: sample
  final_manifest_n_scenarios: 30
  run_valid: True
  run_invalid_reason: 
  run_warning: 
  epochs_completed: 100
  max_epochs_configured: 100
History saved: /kaggle/working/results/tables/extension3_lstm_dynamic_dunnhumby_final_seed123_sample_history.json
