[Kaggle] raw_dir  → /kaggle/working/input/dunnhumby
[Kaggle] results  → /kaggle/working/results
Config: experiments/configs/extension3_transformer_none_dunnhumby.yaml
Run: extension3_transformer_none_dunnhumby_final_seed123_sample
Device: cuda
Loading dataset: dunnhumby ...
[pipeline] freq_cap=10 (auto q=0.99) → freq_bins=[0, 1, 2, 3]... (n_classes=11)
  Train customers: 2249, Val: 249, Inference: 2498
[dunnhumby] Customers with 0 calibration transactions: 0 / 2498
  top-bin decode: class_values[-1] = 13.099 (max_trans = 10)
Model: transformer — 102,569 parameters

Training for up to 100 epochs ...
/kaggle/working/thesis-code/src/training/trainer.py:116: FutureWarning: `torch.cuda.amp.GradScaler(args...)` is deprecated. Please use `torch.amp.GradScaler('cuda', args...)` instead.
  self.scaler = torch.cuda.amp.GradScaler(enabled=self.amp_enabled)
[Kendall] log_vars frozen for 5 warm-up epochs.
Epoch   1/100 — train_loss: 3.8627  val_loss: 3.5528  freq: 6.7144  spend: 0.3911  w_freq: 0.500  w_spend: 0.500
Epoch   2/100 — train_loss: 3.4103  val_loss: 2.8441  freq: 5.3674  spend: 0.3207  w_freq: 0.500  w_spend: 0.500
Epoch   3/100 — train_loss: 2.6521  val_loss: 2.0156  freq: 3.7886  spend: 0.2425  w_freq: 0.500  w_spend: 0.500
Epoch   4/100 — train_loss: 1.9077  val_loss: 1.4480  freq: 2.7222  spend: 0.1737  w_freq: 0.500  w_spend: 0.500
Epoch   5/100 — train_loss: 1.3436  val_loss: 0.9515  freq: 1.7519  spend: 0.1512  w_freq: 0.500  w_spend: 0.500
[Kendall] log_vars unfrozen at epoch 6.
Epoch   6/100 — train_loss: 1.0136  val_loss: 0.8004  freq: 1.4820  spend: 0.1248  w_freq: 0.499  w_spend: 0.501
Epoch   7/100 — train_loss: 0.8960  val_loss: 0.7352  freq: 1.3751  spend: 0.1069  w_freq: 0.497  w_spend: 0.503
Epoch   8/100 — train_loss: 0.8397  val_loss: 0.6888  freq: 1.3044  spend: 0.0900  w_freq: 0.495  w_spend: 0.506
Epoch   9/100 — train_loss: 0.7922  val_loss: 0.6595  freq: 1.2672  spend: 0.0742  w_freq: 0.492  w_spend: 0.508
Epoch  10/100 — train_loss: 0.7566  val_loss: 0.6422  freq: 1.2430  spend: 0.0693  w_freq: 0.490  w_spend: 0.511
Epoch  11/100 — train_loss: 0.7304  val_loss: 0.6271  freq: 1.2244  spend: 0.0629  w_freq: 0.488  w_spend: 0.514
Epoch  12/100 — train_loss: 0.7092  val_loss: 0.6184  freq: 1.2156  spend: 0.0599  w_freq: 0.486  w_spend: 0.516
Epoch  13/100 — train_loss: 0.6908  val_loss: 0.6080  freq: 1.2046  spend: 0.0554  w_freq: 0.484  w_spend: 0.519
Epoch  14/100 — train_loss: 0.6760  val_loss: 0.6012  freq: 1.1997  spend: 0.0521  w_freq: 0.482  w_spend: 0.522
Epoch  15/100 — train_loss: 0.6642  val_loss: 0.5935  freq: 1.1929  spend: 0.0484  w_freq: 0.481  w_spend: 0.524
Epoch  16/100 — train_loss: 0.6541  val_loss: 0.5840  freq: 1.1879  spend: 0.0397  w_freq: 0.479  w_spend: 0.527
Epoch  17/100 — train_loss: 0.6423  val_loss: 0.5751  freq: 1.1827  spend: 0.0326  w_freq: 0.478  w_spend: 0.529
Epoch  18/100 — train_loss: 0.6325  val_loss: 0.5675  freq: 1.1822  spend: 0.0235  w_freq: 0.476  w_spend: 0.532
Epoch  19/100 — train_loss: 0.6228  val_loss: 0.5570  freq: 1.1786  spend: 0.0114  w_freq: 0.475  w_spend: 0.534
Epoch  20/100 — train_loss: 0.6119  val_loss: 0.5480  freq: 1.1761  spend: 0.0013  w_freq: 0.474  w_spend: 0.537
Epoch  21/100 — train_loss: 0.6037  val_loss: 0.5404  freq: 1.1752  spend: -0.0080  w_freq: 0.473  w_spend: 0.539
Epoch  22/100 — train_loss: 0.5949  val_loss: 0.5320  freq: 1.1737  spend: -0.0181  w_freq: 0.472  w_spend: 0.541
Epoch  23/100 — train_loss: 0.5866  val_loss: 0.5244  freq: 1.1717  spend: -0.0261  w_freq: 0.470  w_spend: 0.544
Epoch  24/100 — train_loss: 0.5775  val_loss: 0.5203  freq: 1.1700  spend: -0.0278  w_freq: 0.469  w_spend: 0.546
Epoch  25/100 — train_loss: 0.5731  val_loss: 0.5133  freq: 1.1701  spend: -0.0364  w_freq: 0.468  w_spend: 0.548
Epoch  26/100 — train_loss: 0.5657  val_loss: 0.5097  freq: 1.1685  spend: -0.0374  w_freq: 0.467  w_spend: 0.551
Epoch  27/100 — train_loss: 0.5604  val_loss: 0.5043  freq: 1.1662  spend: -0.0413  w_freq: 0.466  w_spend: 0.553
Epoch  28/100 — train_loss: 0.5564  val_loss: 0.5006  freq: 1.1640  spend: -0.0422  w_freq: 0.465  w_spend: 0.555
Epoch  29/100 — train_loss: 0.5503  val_loss: 0.4966  freq: 1.1631  spend: -0.0442  w_freq: 0.464  w_spend: 0.558
Epoch  30/100 — train_loss: 0.5454  val_loss: 0.4930  freq: 1.1614  spend: -0.0450  w_freq: 0.463  w_spend: 0.560
Epoch  31/100 — train_loss: 0.5413  val_loss: 0.4899  freq: 1.1606  spend: -0.0458  w_freq: 0.462  w_spend: 0.562
Epoch  32/100 — train_loss: 0.5362  val_loss: 0.4869  freq: 1.1603  spend: -0.0468  w_freq: 0.461  w_spend: 0.565
Epoch  33/100 — train_loss: 0.5321  val_loss: 0.4850  freq: 1.1602  spend: -0.0465  w_freq: 0.460  w_spend: 0.567
Epoch  34/100 — train_loss: 0.5301  val_loss: 0.4840  freq: 1.1602  spend: -0.0447  w_freq: 0.460  w_spend: 0.569
Epoch  35/100 — train_loss: 0.5276  val_loss: 0.4800  freq: 1.1580  spend: -0.0474  w_freq: 0.459  w_spend: 0.571
Epoch  36/100 — train_loss: 0.5241  val_loss: 0.4780  freq: 1.1582  spend: -0.0482  w_freq: 0.458  w_spend: 0.573
Epoch  37/100 — train_loss: 0.5232  val_loss: 0.4758  freq: 1.1582  spend: -0.0493  w_freq: 0.458  w_spend: 0.574
Epoch  38/100 — train_loss: 0.5191  val_loss: 0.4727  freq: 1.1561  spend: -0.0500  w_freq: 0.457  w_spend: 0.576
Epoch  39/100 — train_loss: 0.5148  val_loss: 0.4705  freq: 1.1555  spend: -0.0502  w_freq: 0.457  w_spend: 0.578
Epoch  40/100 — train_loss: 0.5132  val_loss: 0.4686  freq: 1.1557  spend: -0.0504  w_freq: 0.456  w_spend: 0.580
Epoch  41/100 — train_loss: 0.5103  val_loss: 0.4667  freq: 1.1556  spend: -0.0507  w_freq: 0.455  w_spend: 0.582
Epoch  42/100 — train_loss: 0.5072  val_loss: 0.4639  freq: 1.1546  spend: -0.0519  w_freq: 0.455  w_spend: 0.584
Epoch  43/100 — train_loss: 0.5048  val_loss: 0.4617  freq: 1.1534  spend: -0.0520  w_freq: 0.454  w_spend: 0.585
Epoch  44/100 — train_loss: 0.5019  val_loss: 0.4590  freq: 1.1535  spend: -0.0535  w_freq: 0.453  w_spend: 0.587
Epoch  45/100 — train_loss: 0.4999  val_loss: 0.4589  freq: 1.1525  spend: -0.0501  w_freq: 0.453  w_spend: 0.589
Epoch  46/100 — train_loss: 0.4984  val_loss: 0.4572  freq: 1.1523  spend: -0.0501  w_freq: 0.452  w_spend: 0.591
Epoch  47/100 — train_loss: 0.4965  val_loss: 0.4536  freq: 1.1518  spend: -0.0534  w_freq: 0.452  w_spend: 0.593
Epoch  48/100 — train_loss: 0.4931  val_loss: 0.4515  freq: 1.1514  spend: -0.0545  w_freq: 0.451  w_spend: 0.594
Epoch  49/100 — train_loss: 0.4913  val_loss: 0.4504  freq: 1.1512  spend: -0.0537  w_freq: 0.451  w_spend: 0.596
Epoch  50/100 — train_loss: 0.4890  val_loss: 0.4481  freq: 1.1509  spend: -0.0550  w_freq: 0.450  w_spend: 0.597
Epoch  51/100 — train_loss: 0.4870  val_loss: 0.4468  freq: 1.1503  spend: -0.0543  w_freq: 0.450  w_spend: 0.599
Epoch  52/100 — train_loss: 0.4857  val_loss: 0.4456  freq: 1.1511  spend: -0.0547  w_freq: 0.449  w_spend: 0.600
Epoch  53/100 — train_loss: 0.4834  val_loss: 0.4441  freq: 1.1499  spend: -0.0540  w_freq: 0.449  w_spend: 0.602
Epoch  54/100 — train_loss: 0.4814  val_loss: 0.4412  freq: 1.1496  spend: -0.0565  w_freq: 0.448  w_spend: 0.603
Epoch  55/100 — train_loss: 0.4794  val_loss: 0.4401  freq: 1.1493  spend: -0.0560  w_freq: 0.448  w_spend: 0.605
Epoch  56/100 — train_loss: 0.4782  val_loss: 0.4388  freq: 1.1493  spend: -0.0561  w_freq: 0.448  w_spend: 0.606
Epoch  57/100 — train_loss: 0.4765  val_loss: 0.4374  freq: 1.1488  spend: -0.0560  w_freq: 0.447  w_spend: 0.608
Epoch  58/100 — train_loss: 0.4739  val_loss: 0.4355  freq: 1.1485  spend: -0.0570  w_freq: 0.447  w_spend: 0.609
Epoch  59/100 — train_loss: 0.4719  val_loss: 0.4344  freq: 1.1484  spend: -0.0570  w_freq: 0.446  w_spend: 0.610
Epoch  60/100 — train_loss: 0.4707  val_loss: 0.4338  freq: 1.1483  spend: -0.0562  w_freq: 0.446  w_spend: 0.611
Epoch  61/100 — train_loss: 0.4707  val_loss: 0.4317  freq: 1.1478  spend: -0.0576  w_freq: 0.446  w_spend: 0.613
Epoch  62/100 — train_loss: 0.4685  val_loss: 0.4304  freq: 1.1476  spend: -0.0581  w_freq: 0.445  w_spend: 0.614
Epoch  63/100 — train_loss: 0.4672  val_loss: 0.4301  freq: 1.1473  spend: -0.0568  w_freq: 0.445  w_spend: 0.615
Epoch  64/100 — train_loss: 0.4651  val_loss: 0.4284  freq: 1.1471  spend: -0.0580  w_freq: 0.445  w_spend: 0.616
Epoch  65/100 — train_loss: 0.4642  val_loss: 0.4277  freq: 1.1469  spend: -0.0577  w_freq: 0.445  w_spend: 0.617
Epoch  66/100 — train_loss: 0.4639  val_loss: 0.4262  freq: 1.1471  spend: -0.0589  w_freq: 0.444  w_spend: 0.618
Epoch  67/100 — train_loss: 0.4623  val_loss: 0.4255  freq: 1.1466  spend: -0.0584  w_freq: 0.444  w_spend: 0.619
Epoch  68/100 — train_loss: 0.4617  val_loss: 0.4258  freq: 1.1466  spend: -0.0567  w_freq: 0.444  w_spend: 0.619
Epoch  69/100 — train_loss: 0.4599  val_loss: 0.4236  freq: 1.1465  spend: -0.0592  w_freq: 0.444  w_spend: 0.620
Epoch  70/100 — train_loss: 0.4589  val_loss: 0.4235  freq: 1.1468  spend: -0.0588  w_freq: 0.443  w_spend: 0.621
Epoch  71/100 — train_loss: 0.4593  val_loss: 0.4229  freq: 1.1463  spend: -0.0585  w_freq: 0.443  w_spend: 0.622
Epoch  72/100 — train_loss: 0.4579  val_loss: 0.4220  freq: 1.1464  spend: -0.0590  w_freq: 0.443  w_spend: 0.622
Epoch  73/100 — train_loss: 0.4580  val_loss: 0.4212  freq: 1.1461  spend: -0.0591  w_freq: 0.443  w_spend: 0.623
Epoch  74/100 — train_loss: 0.4574  val_loss: 0.4206  freq: 1.1462  spend: -0.0594  w_freq: 0.443  w_spend: 0.623
Epoch  75/100 — train_loss: 0.4555  val_loss: 0.4199  freq: 1.1459  spend: -0.0595  w_freq: 0.443  w_spend: 0.624
Epoch  76/100 — train_loss: 0.4551  val_loss: 0.4192  freq: 1.1458  spend: -0.0599  w_freq: 0.442  w_spend: 0.625
Epoch  77/100 — train_loss: 0.4546  val_loss: 0.4192  freq: 1.1457  spend: -0.0593  w_freq: 0.442  w_spend: 0.625
Epoch  78/100 — train_loss: 0.4545  val_loss: 0.4184  freq: 1.1457  spend: -0.0600  w_freq: 0.442  w_spend: 0.625
Epoch  79/100 — train_loss: 0.4529  val_loss: 0.4181  freq: 1.1456  spend: -0.0598  w_freq: 0.442  w_spend: 0.626
Epoch  80/100 — train_loss: 0.4534  val_loss: 0.4176  freq: 1.1456  spend: -0.0601  w_freq: 0.442  w_spend: 0.626
Epoch  81/100 — train_loss: 0.4520  val_loss: 0.4173  freq: 1.1456  spend: -0.0602  w_freq: 0.442  w_spend: 0.627
Epoch  82/100 — train_loss: 0.4520  val_loss: 0.4171  freq: 1.1455  spend: -0.0600  w_freq: 0.442  w_spend: 0.627
Epoch  83/100 — train_loss: 0.4504  val_loss: 0.4168  freq: 1.1454  spend: -0.0601  w_freq: 0.442  w_spend: 0.627
Epoch  84/100 — train_loss: 0.4508  val_loss: 0.4168  freq: 1.1453  spend: -0.0598  w_freq: 0.442  w_spend: 0.627
Epoch  85/100 — train_loss: 0.4512  val_loss: 0.4163  freq: 1.1454  spend: -0.0602  w_freq: 0.442  w_spend: 0.628
Epoch  86/100 — train_loss: 0.4512  val_loss: 0.4163  freq: 1.1454  spend: -0.0600  w_freq: 0.442  w_spend: 0.628
Epoch  87/100 — train_loss: 0.4506  val_loss: 0.4159  freq: 1.1453  spend: -0.0603  w_freq: 0.441  w_spend: 0.628
Epoch  88/100 — train_loss: 0.4518  val_loss: 0.4157  freq: 1.1454  spend: -0.0605  w_freq: 0.441  w_spend: 0.628
Epoch  89/100 — train_loss: 0.4517  val_loss: 0.4156  freq: 1.1453  spend: -0.0605  w_freq: 0.441  w_spend: 0.628
Epoch  90/100 — train_loss: 0.4495  val_loss: 0.4157  freq: 1.1453  spend: -0.0603  w_freq: 0.441  w_spend: 0.628
Epoch  91/100 — train_loss: 0.4507  val_loss: 0.4155  freq: 1.1453  spend: -0.0603  w_freq: 0.441  w_spend: 0.628
Epoch  92/100 — train_loss: 0.4491  val_loss: 0.4154  freq: 1.1453  spend: -0.0605  w_freq: 0.441  w_spend: 0.629
Epoch  93/100 — train_loss: 0.4490  val_loss: 0.4154  freq: 1.1452  spend: -0.0604  w_freq: 0.441  w_spend: 0.629
Epoch  94/100 — train_loss: 0.4507  val_loss: 0.4154  freq: 1.1452  spend: -0.0603  w_freq: 0.441  w_spend: 0.629
Epoch  95/100 — train_loss: 0.4486  val_loss: 0.4154  freq: 1.1452  spend: -0.0603  w_freq: 0.441  w_spend: 0.629
Epoch  96/100 — train_loss: 0.4502  val_loss: 0.4153  freq: 1.1452  spend: -0.0603  w_freq: 0.441  w_spend: 0.629
Epoch  97/100 — train_loss: 0.4505  val_loss: 0.4153  freq: 1.1452  spend: -0.0603  w_freq: 0.441  w_spend: 0.629
Epoch  98/100 — train_loss: 0.4494  val_loss: 0.4153  freq: 1.1452  spend: -0.0603  w_freq: 0.441  w_spend: 0.629
Epoch  99/100 — train_loss: 0.4486  val_loss: 0.4153  freq: 1.1452  spend: -0.0603  w_freq: 0.441  w_spend: 0.629
Epoch 100/100 — train_loss: 0.4493  val_loss: 0.4153  freq: 1.1452  spend: -0.0603  w_freq: 0.441  w_spend: 0.629

Checkpoint saved: /kaggle/working/results/checkpoints/extension3_transformer_none_dunnhumby_final_seed123_sample.pt
Validation-fitted softmax temperature: 0.9000

Duan's smearing factor (val): 1.3704
Validation aggregate calibration: freq_factor=1.0587, spend_factor=0.9848

Running autoregressive inference on holdout period ...
  inference mode: sample  n_scenarios: 30  temperature: 0.9000

=== Prediction Diagnostics ===
  Mean predicted freq/week:    1.0869
  Mean actual freq/week:       1.1882
  Over-prediction ratio:       0.915x
  Customers predicted as zero total:  0.085
  Customers actually zero total:      0.188
  Non-zero rate (pred, avg > 0.05):  0.947
  Non-zero rate (true):               0.542

Metrics saved: /kaggle/working/results/tables/extension3_transformer_none_dunnhumby_final_seed123_sample_metrics.json
Array artifacts saved: /kaggle/working/results/tables/extension3_transformer_none_dunnhumby_final_seed123_sample_arrays.npz

=== Holdout Evaluation ===
  metric_definition_version: valendin_aggregate_mape_v1
  freq_rmse: 3.7378
  freq_mae: 2.2123
  freq_normalized_gini: 0.8223
  freq_calibration_factor: 1.0587
  freq_horizon_abs_bias_pct: 3.1546
  bias_pct: -3.1546
  freq_weekly_mae: 93.6282
  freq_weekly_total_true: 11872.0000
  freq_weekly_total_pred: 11497.4872
  freq_valendin_mape: 3.1546
  freq_horizon_bias_pct: -3.1546
  freq_weekly_mean_pct_mape: 3.1452
  freq_weekly_mean_pct_bias_pct: -3.1452
  freq_weekly_bias_pct: -3.1546
  freq_weekly_mape: 3.1546
  freq_mape: 3.1546
  freq_mase: 1.0238
  freq_mase_scale: 0.8235
  smearing_factor: 1.3704
  spend_calibration_factor: 0.9848
  spend_mae_raw: 68.3579
  spend_rmse_raw: 108.4999
  spend_normalized_gini: 0.8028
  spend_mae_log: 1.0630
  spend_rmse_log: 1.5531
  spend_r2_log: 0.4521
  spend_bias_pct: -3.5264
  spend_weekly_mae: 3060.2159
  spend_weekly_total_true: 347125.7605
  spend_weekly_total_pred: 334884.8969
  spend_valendin_mape: 3.5263
  spend_horizon_abs_bias_pct: 3.5263
  spend_horizon_bias_pct: -3.5263
  spend_weekly_mean_pct_mape: 3.5474
  spend_weekly_mean_pct_bias_pct: -3.5474
  spend_weekly_bias_pct: -3.5263
  spend_weekly_mape: 3.5263
  spend_mase: 1.0043
  spend_mase_scale: 27.5152
  clv_mae: 68.1801
  clv_rmse: 108.2128
  clv_spearman: 0.7679
  clv_decile_lift: 3.3366
  clv_normalized_gini: 0.8028
  clv_total_true: 346205.2188
  clv_total_pred: 334005.7500
  calibration_temperature_source: rolling_origin_autoregressive
  validation_temperature: 0.9000
  smearing_source: rolling_origin_autoregressive
  calibration_source: rolling_origin_autoregressive
  validation_freq_true_total: 2215.0000
  validation_freq_pred_total: 1982.4108
  validation_spend_true_total: 63355.4414
  validation_spend_pred_total: 65339.9922
  validation_freq_calibration_factor: 1.0587
  validation_spend_calibration_factor: 0.9848
  validation_rolling_origin_count: 2
  protocol_name: dunnhumby_configured_80x4
  cohort_size: 2498
  calibration_weeks: 80
  holdout_weeks: 4
  inference_mode: sample
  n_scenarios: 30
  final_manifest_version: 2026-05-20-results-recovery-protocol
  final_manifest_run_name: extension3_transformer_none_dunnhumby_final_seed123_sample
  final_manifest_config: experiments/configs/extension3_transformer_none_dunnhumby.yaml
  final_manifest_config_hash: 13a8f6664135
  final_manifest_actual_config_hash: fe4c68a84c8c
  final_manifest_seed: 123
  final_manifest_epochs: 100
  final_manifest_inference_mode: sample
  final_manifest_n_scenarios: 30
  run_valid: True
  run_invalid_reason: 
  run_warning: 
  epochs_completed: 100
  max_epochs_configured: 100
History saved: /kaggle/working/results/tables/extension3_transformer_none_dunnhumby_final_seed123_sample_history.json
