[Kaggle] raw_dir  → /kaggle/working/input/dunnhumby
[Kaggle] results  → /kaggle/working/results
Config: experiments/configs/extension3_lstm_static_dunnhumby.yaml
Run: extension3_lstm_static_dunnhumby_final_seed7_sample
Device: cuda
Loading dataset: dunnhumby ...
[pipeline] freq_cap=10 (auto q=0.99) → freq_bins=[0, 1, 2, 3]... (n_classes=11)
  Train customers: 2249, Val: 249, Inference: 2498
[dunnhumby] Customers with 0 calibration transactions: 0 / 2498
  top-bin decode: class_values[-1] = 13.099 (max_trans = 10)
Model: lstm — 103,697 parameters

Training for up to 100 epochs ...
/kaggle/working/thesis-code/src/training/trainer.py:116: FutureWarning: `torch.cuda.amp.GradScaler(args...)` is deprecated. Please use `torch.amp.GradScaler('cuda', args...)` instead.
  self.scaler = torch.cuda.amp.GradScaler(enabled=self.amp_enabled)
[Kendall] log_vars frozen for 5 warm-up epochs.
Epoch   1/100 — train_loss: 1.3135  val_loss: 1.3060  freq: 2.3616  spend: 0.2505  w_freq: 0.500  w_spend: 0.500
Epoch   2/100 — train_loss: 1.2955  val_loss: 1.2775  freq: 2.3077  spend: 0.2473  w_freq: 0.500  w_spend: 0.500
Epoch   3/100 — train_loss: 1.2567  val_loss: 1.2173  freq: 2.1956  spend: 0.2391  w_freq: 0.500  w_spend: 0.500
Epoch   4/100 — train_loss: 1.1648  val_loss: 1.0551  freq: 1.9042  spend: 0.2059  w_freq: 0.500  w_spend: 0.500
Epoch   5/100 — train_loss: 0.9610  val_loss: 0.8494  freq: 1.5290  spend: 0.1698  w_freq: 0.500  w_spend: 0.500
[Kendall] log_vars unfrozen at epoch 6.
Epoch   6/100 — train_loss: 0.8093  val_loss: 0.7351  freq: 1.3299  spend: 0.1455  w_freq: 0.499  w_spend: 0.501
Epoch   7/100 — train_loss: 0.7471  val_loss: 0.6827  freq: 1.2696  spend: 0.1062  w_freq: 0.497  w_spend: 0.503
Epoch   8/100 — train_loss: 0.7109  val_loss: 0.6601  freq: 1.2423  spend: 0.0935  w_freq: 0.495  w_spend: 0.506
Epoch   9/100 — train_loss: 0.6823  val_loss: 0.6321  freq: 1.2296  spend: 0.0565  w_freq: 0.492  w_spend: 0.508
Epoch  10/100 — train_loss: 0.6563  val_loss: 0.6098  freq: 1.2228  spend: 0.0251  w_freq: 0.490  w_spend: 0.511
Epoch  11/100 — train_loss: 0.6339  val_loss: 0.5934  freq: 1.2240  spend: -0.0022  w_freq: 0.488  w_spend: 0.513
Epoch  12/100 — train_loss: 0.6191  val_loss: 0.5811  freq: 1.2186  spend: -0.0157  w_freq: 0.486  w_spend: 0.516
Epoch  13/100 — train_loss: 0.6051  val_loss: 0.5689  freq: 1.2109  spend: -0.0264  w_freq: 0.484  w_spend: 0.518
Epoch  14/100 — train_loss: 0.5947  val_loss: 0.5584  freq: 1.2030  spend: -0.0340  w_freq: 0.482  w_spend: 0.521
Epoch  15/100 — train_loss: 0.5847  val_loss: 0.5503  freq: 1.1960  spend: -0.0379  w_freq: 0.481  w_spend: 0.524
Epoch  16/100 — train_loss: 0.5762  val_loss: 0.5417  freq: 1.1895  spend: -0.0432  w_freq: 0.479  w_spend: 0.526
Epoch  17/100 — train_loss: 0.5678  val_loss: 0.5338  freq: 1.1832  spend: -0.0472  w_freq: 0.477  w_spend: 0.528
Epoch  18/100 — train_loss: 0.5613  val_loss: 0.5263  freq: 1.1785  spend: -0.0525  w_freq: 0.476  w_spend: 0.531
Epoch  19/100 — train_loss: 0.5559  val_loss: 0.5215  freq: 1.1744  spend: -0.0532  w_freq: 0.474  w_spend: 0.533
Epoch  20/100 — train_loss: 0.5515  val_loss: 0.5147  freq: 1.1704  spend: -0.0579  w_freq: 0.473  w_spend: 0.536
Epoch  21/100 — train_loss: 0.5454  val_loss: 0.5101  freq: 1.1677  spend: -0.0592  w_freq: 0.472  w_spend: 0.538
Epoch  22/100 — train_loss: 0.5418  val_loss: 0.5072  freq: 1.1648  spend: -0.0578  w_freq: 0.470  w_spend: 0.540
Epoch  23/100 — train_loss: 0.5351  val_loss: 0.5015  freq: 1.1628  spend: -0.0625  w_freq: 0.469  w_spend: 0.542
Epoch  24/100 — train_loss: 0.5327  val_loss: 0.4979  freq: 1.1611  spend: -0.0635  w_freq: 0.468  w_spend: 0.545
Epoch  25/100 — train_loss: 0.5276  val_loss: 0.4931  freq: 1.1579  spend: -0.0651  w_freq: 0.467  w_spend: 0.547
Epoch  26/100 — train_loss: 0.5242  val_loss: 0.4908  freq: 1.1573  spend: -0.0645  w_freq: 0.466  w_spend: 0.549
Epoch  27/100 — train_loss: 0.5197  val_loss: 0.4861  freq: 1.1548  spend: -0.0670  w_freq: 0.465  w_spend: 0.552
Epoch  28/100 — train_loss: 0.5158  val_loss: 0.4834  freq: 1.1525  spend: -0.0659  w_freq: 0.464  w_spend: 0.554
Epoch  29/100 — train_loss: 0.5122  val_loss: 0.4805  freq: 1.1515  spend: -0.0664  w_freq: 0.463  w_spend: 0.556
Epoch  30/100 — train_loss: 0.5100  val_loss: 0.4757  freq: 1.1493  spend: -0.0696  w_freq: 0.462  w_spend: 0.558
Epoch  31/100 — train_loss: 0.5052  val_loss: 0.4747  freq: 1.1483  spend: -0.0671  w_freq: 0.461  w_spend: 0.560
Epoch  32/100 — train_loss: 0.5045  val_loss: 0.4713  freq: 1.1478  spend: -0.0695  w_freq: 0.460  w_spend: 0.562
Epoch  33/100 — train_loss: 0.5009  val_loss: 0.4683  freq: 1.1465  spend: -0.0704  w_freq: 0.459  w_spend: 0.564
Epoch  34/100 — train_loss: 0.4987  val_loss: 0.4673  freq: 1.1461  spend: -0.0687  w_freq: 0.458  w_spend: 0.566
Epoch  35/100 — train_loss: 0.4948  val_loss: 0.4636  freq: 1.1445  spend: -0.0705  w_freq: 0.458  w_spend: 0.568
Epoch  36/100 — train_loss: 0.4923  val_loss: 0.4614  freq: 1.1442  spend: -0.0706  w_freq: 0.457  w_spend: 0.570
Epoch  37/100 — train_loss: 0.4886  val_loss: 0.4576  freq: 1.1430  spend: -0.0727  w_freq: 0.456  w_spend: 0.572
Epoch  38/100 — train_loss: 0.4868  val_loss: 0.4559  freq: 1.1427  spend: -0.0719  w_freq: 0.455  w_spend: 0.574
Epoch  39/100 — train_loss: 0.4838  val_loss: 0.4538  freq: 1.1411  spend: -0.0712  w_freq: 0.455  w_spend: 0.576
Epoch  40/100 — train_loss: 0.4812  val_loss: 0.4513  freq: 1.1412  spend: -0.0724  w_freq: 0.454  w_spend: 0.578
Epoch  41/100 — train_loss: 0.4791  val_loss: 0.4501  freq: 1.1417  spend: -0.0722  w_freq: 0.453  w_spend: 0.579
Epoch  42/100 — train_loss: 0.4770  val_loss: 0.4471  freq: 1.1410  spend: -0.0739  w_freq: 0.453  w_spend: 0.581
Epoch  43/100 — train_loss: 0.4747  val_loss: 0.4451  freq: 1.1398  spend: -0.0737  w_freq: 0.452  w_spend: 0.583
Epoch  44/100 — train_loss: 0.4719  val_loss: 0.4421  freq: 1.1388  spend: -0.0751  w_freq: 0.451  w_spend: 0.585
Epoch  45/100 — train_loss: 0.4704  val_loss: 0.4399  freq: 1.1381  spend: -0.0754  w_freq: 0.451  w_spend: 0.586
Epoch  46/100 — train_loss: 0.4691  val_loss: 0.4398  freq: 1.1400  spend: -0.0741  w_freq: 0.450  w_spend: 0.588
Epoch  47/100 — train_loss: 0.4660  val_loss: 0.4378  freq: 1.1384  spend: -0.0736  w_freq: 0.450  w_spend: 0.590
Epoch  48/100 — train_loss: 0.4638  val_loss: 0.4348  freq: 1.1377  spend: -0.0757  w_freq: 0.449  w_spend: 0.592
Epoch  49/100 — train_loss: 0.4631  val_loss: 0.4333  freq: 1.1380  spend: -0.0761  w_freq: 0.449  w_spend: 0.593
Epoch  50/100 — train_loss: 0.4600  val_loss: 0.4315  freq: 1.1371  spend: -0.0760  w_freq: 0.448  w_spend: 0.595
Epoch  51/100 — train_loss: 0.4586  val_loss: 0.4299  freq: 1.1363  spend: -0.0758  w_freq: 0.448  w_spend: 0.596
Epoch  52/100 — train_loss: 0.4564  val_loss: 0.4282  freq: 1.1366  spend: -0.0767  w_freq: 0.447  w_spend: 0.598
Epoch  53/100 — train_loss: 0.4554  val_loss: 0.4279  freq: 1.1363  spend: -0.0747  w_freq: 0.447  w_spend: 0.599
Epoch  54/100 — train_loss: 0.4531  val_loss: 0.4254  freq: 1.1361  spend: -0.0765  w_freq: 0.446  w_spend: 0.601
Epoch  55/100 — train_loss: 0.4517  val_loss: 0.4238  freq: 1.1356  spend: -0.0768  w_freq: 0.446  w_spend: 0.602
Epoch  56/100 — train_loss: 0.4511  val_loss: 0.4223  freq: 1.1351  spend: -0.0770  w_freq: 0.446  w_spend: 0.603
Epoch  57/100 — train_loss: 0.4490  val_loss: 0.4208  freq: 1.1349  spend: -0.0776  w_freq: 0.445  w_spend: 0.605
Epoch  58/100 — train_loss: 0.4466  val_loss: 0.4198  freq: 1.1348  spend: -0.0772  w_freq: 0.445  w_spend: 0.606
Epoch  59/100 — train_loss: 0.4462  val_loss: 0.4186  freq: 1.1344  spend: -0.0772  w_freq: 0.445  w_spend: 0.607
Epoch  60/100 — train_loss: 0.4453  val_loss: 0.4182  freq: 1.1348  spend: -0.0764  w_freq: 0.444  w_spend: 0.608
Epoch  61/100 — train_loss: 0.4441  val_loss: 0.4164  freq: 1.1346  spend: -0.0776  w_freq: 0.444  w_spend: 0.609
Epoch  62/100 — train_loss: 0.4419  val_loss: 0.4158  freq: 1.1348  spend: -0.0772  w_freq: 0.444  w_spend: 0.610
Epoch  63/100 — train_loss: 0.4410  val_loss: 0.4145  freq: 1.1345  spend: -0.0776  w_freq: 0.443  w_spend: 0.611
Epoch  64/100 — train_loss: 0.4398  val_loss: 0.4143  freq: 1.1340  spend: -0.0762  w_freq: 0.443  w_spend: 0.612
Epoch  65/100 — train_loss: 0.4388  val_loss: 0.4125  freq: 1.1338  spend: -0.0778  w_freq: 0.443  w_spend: 0.613
Epoch  66/100 — train_loss: 0.4371  val_loss: 0.4113  freq: 1.1338  spend: -0.0784  w_freq: 0.443  w_spend: 0.614
Epoch  67/100 — train_loss: 0.4366  val_loss: 0.4104  freq: 1.1334  spend: -0.0784  w_freq: 0.443  w_spend: 0.615
Epoch  68/100 — train_loss: 0.4359  val_loss: 0.4097  freq: 1.1335  spend: -0.0784  w_freq: 0.442  w_spend: 0.616
Epoch  69/100 — train_loss: 0.4353  val_loss: 0.4089  freq: 1.1335  spend: -0.0788  w_freq: 0.442  w_spend: 0.617
Epoch  70/100 — train_loss: 0.4343  val_loss: 0.4083  freq: 1.1334  spend: -0.0787  w_freq: 0.442  w_spend: 0.617
Epoch  71/100 — train_loss: 0.4326  val_loss: 0.4079  freq: 1.1334  spend: -0.0785  w_freq: 0.442  w_spend: 0.618
Epoch  72/100 — train_loss: 0.4332  val_loss: 0.4070  freq: 1.1329  spend: -0.0788  w_freq: 0.442  w_spend: 0.619
Epoch  73/100 — train_loss: 0.4320  val_loss: 0.4064  freq: 1.1331  spend: -0.0789  w_freq: 0.442  w_spend: 0.619
Epoch  74/100 — train_loss: 0.4316  val_loss: 0.4059  freq: 1.1331  spend: -0.0790  w_freq: 0.441  w_spend: 0.620
Epoch  75/100 — train_loss: 0.4311  val_loss: 0.4053  freq: 1.1328  spend: -0.0791  w_freq: 0.441  w_spend: 0.620
Epoch  76/100 — train_loss: 0.4309  val_loss: 0.4051  freq: 1.1330  spend: -0.0790  w_freq: 0.441  w_spend: 0.621
Epoch  77/100 — train_loss: 0.4292  val_loss: 0.4049  freq: 1.1331  spend: -0.0787  w_freq: 0.441  w_spend: 0.621
Epoch  78/100 — train_loss: 0.4296  val_loss: 0.4045  freq: 1.1328  spend: -0.0787  w_freq: 0.441  w_spend: 0.622
Epoch  79/100 — train_loss: 0.4292  val_loss: 0.4038  freq: 1.1327  spend: -0.0792  w_freq: 0.441  w_spend: 0.622
Epoch  80/100 — train_loss: 0.4287  val_loss: 0.4035  freq: 1.1327  spend: -0.0791  w_freq: 0.441  w_spend: 0.622
Epoch  81/100 — train_loss: 0.4285  val_loss: 0.4032  freq: 1.1327  spend: -0.0793  w_freq: 0.441  w_spend: 0.623
Epoch  82/100 — train_loss: 0.4280  val_loss: 0.4029  freq: 1.1327  spend: -0.0792  w_freq: 0.441  w_spend: 0.623
Epoch  83/100 — train_loss: 0.4278  val_loss: 0.4027  freq: 1.1325  spend: -0.0792  w_freq: 0.441  w_spend: 0.623
Epoch  84/100 — train_loss: 0.4271  val_loss: 0.4024  freq: 1.1326  spend: -0.0793  w_freq: 0.440  w_spend: 0.623
Epoch  85/100 — train_loss: 0.4273  val_loss: 0.4021  freq: 1.1326  spend: -0.0795  w_freq: 0.440  w_spend: 0.624
Epoch  86/100 — train_loss: 0.4265  val_loss: 0.4021  freq: 1.1326  spend: -0.0792  w_freq: 0.440  w_spend: 0.624
Epoch  87/100 — train_loss: 0.4277  val_loss: 0.4018  freq: 1.1325  spend: -0.0794  w_freq: 0.440  w_spend: 0.624
Epoch  88/100 — train_loss: 0.4267  val_loss: 0.4017  freq: 1.1325  spend: -0.0795  w_freq: 0.440  w_spend: 0.624
Epoch  89/100 — train_loss: 0.4259  val_loss: 0.4017  freq: 1.1325  spend: -0.0793  w_freq: 0.440  w_spend: 0.624
Epoch  90/100 — train_loss: 0.4264  val_loss: 0.4015  freq: 1.1325  spend: -0.0795  w_freq: 0.440  w_spend: 0.624
Epoch  91/100 — train_loss: 0.4248  val_loss: 0.4015  freq: 1.1325  spend: -0.0794  w_freq: 0.440  w_spend: 0.624
Epoch  92/100 — train_loss: 0.4260  val_loss: 0.4014  freq: 1.1325  spend: -0.0794  w_freq: 0.440  w_spend: 0.624
Epoch  93/100 — train_loss: 0.4258  val_loss: 0.4013  freq: 1.1324  spend: -0.0795  w_freq: 0.440  w_spend: 0.625
Epoch  94/100 — train_loss: 0.4257  val_loss: 0.4013  freq: 1.1324  spend: -0.0794  w_freq: 0.440  w_spend: 0.625
Epoch  95/100 — train_loss: 0.4256  val_loss: 0.4013  freq: 1.1324  spend: -0.0795  w_freq: 0.440  w_spend: 0.625
Epoch  96/100 — train_loss: 0.4240  val_loss: 0.4013  freq: 1.1324  spend: -0.0794  w_freq: 0.440  w_spend: 0.625
Epoch  97/100 — train_loss: 0.4252  val_loss: 0.4013  freq: 1.1324  spend: -0.0795  w_freq: 0.440  w_spend: 0.625
Epoch  98/100 — train_loss: 0.4256  val_loss: 0.4012  freq: 1.1324  spend: -0.0795  w_freq: 0.440  w_spend: 0.625
Epoch  99/100 — train_loss: 0.4257  val_loss: 0.4012  freq: 1.1324  spend: -0.0795  w_freq: 0.440  w_spend: 0.625
Epoch 100/100 — train_loss: 0.4252  val_loss: 0.4012  freq: 1.1324  spend: -0.0795  w_freq: 0.440  w_spend: 0.625

Checkpoint saved: /kaggle/working/results/checkpoints/extension3_lstm_static_dunnhumby_final_seed7_sample.pt
Validation-fitted softmax temperature: 0.7500

Duan's smearing factor (val): 1.3519
Validation aggregate calibration: freq_factor=1.0848, spend_factor=0.9988

Running autoregressive inference on holdout period ...
  inference mode: sample  n_scenarios: 30  temperature: 0.7500

=== Prediction Diagnostics ===
  Mean predicted freq/week:    1.0128
  Mean actual freq/week:       1.1882
  Over-prediction ratio:       0.852x
  Customers predicted as zero total:  0.148
  Customers actually zero total:      0.188
  Non-zero rate (pred, avg > 0.05):  0.911
  Non-zero rate (true):               0.542

Metrics saved: /kaggle/working/results/tables/extension3_lstm_static_dunnhumby_final_seed7_sample_metrics.json
Array artifacts saved: /kaggle/working/results/tables/extension3_lstm_static_dunnhumby_final_seed7_sample_arrays.npz

=== Holdout Evaluation ===
  metric_definition_version: valendin_aggregate_mape_v1
  freq_rmse: 3.3533
  freq_mae: 2.0284
  freq_normalized_gini: 0.8519
  freq_calibration_factor: 1.0848
  freq_horizon_abs_bias_pct: 7.5318
  bias_pct: -7.5318
  freq_weekly_mae: 223.5432
  freq_weekly_total_true: 11872.0000
  freq_weekly_total_pred: 10977.8271
  freq_valendin_mape: 7.5318
  freq_horizon_bias_pct: -7.5318
  freq_weekly_mean_pct_mape: 7.5188
  freq_weekly_mean_pct_bias_pct: -7.5188
  freq_weekly_bias_pct: -7.5318
  freq_weekly_mape: 7.5318
  freq_mape: 7.5318
  freq_mase: 0.9581
  freq_mase_scale: 0.8235
  smearing_factor: 1.3519
  spend_calibration_factor: 0.9988
  spend_mae_raw: 62.4420
  spend_rmse_raw: 99.7813
  spend_normalized_gini: 0.8286
  spend_mae_log: 1.0044
  spend_rmse_log: 1.4257
  spend_r2_log: 0.5383
  spend_bias_pct: -5.2534
  spend_weekly_mae: 4852.5806
  spend_weekly_total_true: 347125.7605
  spend_weekly_total_pred: 328889.7612
  spend_valendin_mape: 5.5917
  spend_horizon_abs_bias_pct: 5.2534
  spend_horizon_bias_pct: -5.2534
  spend_weekly_mean_pct_mape: 5.4936
  spend_weekly_mean_pct_bias_pct: -5.1402
  spend_weekly_bias_pct: -5.2534
  spend_weekly_mape: 5.5917
  spend_mase: 0.9495
  spend_mase_scale: 27.5152
  clv_mae: 62.2748
  clv_rmse: 99.5122
  clv_spearman: 0.7961
  clv_decile_lift: 3.3645
  clv_normalized_gini: 0.8286
  clv_total_true: 346205.2188
  clv_total_pred: 328020.3438
  calibration_temperature_source: rolling_origin_autoregressive
  validation_temperature: 0.7500
  smearing_source: rolling_origin_autoregressive
  calibration_source: rolling_origin_autoregressive
  validation_freq_true_total: 2215.0000
  validation_freq_pred_total: 1893.8679
  validation_spend_true_total: 63355.4414
  validation_spend_pred_total: 63509.0273
  validation_freq_calibration_factor: 1.0848
  validation_spend_calibration_factor: 0.9988
  validation_rolling_origin_count: 2
  protocol_name: dunnhumby_configured_80x4
  cohort_size: 2498
  calibration_weeks: 80
  holdout_weeks: 4
  inference_mode: sample
  n_scenarios: 30
  final_manifest_version: 2026-05-20-results-recovery-protocol
  final_manifest_run_name: extension3_lstm_static_dunnhumby_final_seed7_sample
  final_manifest_config: experiments/configs/extension3_lstm_static_dunnhumby.yaml
  final_manifest_config_hash: 5d2bef7fcc34
  final_manifest_actual_config_hash: 73cd854c9b62
  final_manifest_seed: 7
  final_manifest_epochs: 100
  final_manifest_inference_mode: sample
  final_manifest_n_scenarios: 30
  run_valid: True
  run_invalid_reason: 
  run_warning: 
  epochs_completed: 100
  max_epochs_configured: 100
History saved: /kaggle/working/results/tables/extension3_lstm_static_dunnhumby_final_seed7_sample_history.json
