[Kaggle] raw_dir  → /kaggle/working/input/dunnhumby
[Kaggle] results  → /kaggle/working/results
Config: experiments/configs/extension3_transformer_none_dunnhumby.yaml
Run: extension3_transformer_none_dunnhumby_final_seed7_sample
Device: cuda
Loading dataset: dunnhumby ...
[pipeline] freq_cap=10 (auto q=0.99) → freq_bins=[0, 1, 2, 3]... (n_classes=11)
  Train customers: 2249, Val: 249, Inference: 2498
[dunnhumby] Customers with 0 calibration transactions: 0 / 2498
  top-bin decode: class_values[-1] = 13.099 (max_trans = 10)
Model: transformer — 102,569 parameters

Training for up to 100 epochs ...
/kaggle/working/thesis-code/src/training/trainer.py:116: FutureWarning: `torch.cuda.amp.GradScaler(args...)` is deprecated. Please use `torch.amp.GradScaler('cuda', args...)` instead.
  self.scaler = torch.cuda.amp.GradScaler(enabled=self.amp_enabled)
[Kendall] log_vars frozen for 5 warm-up epochs.
Epoch   1/100 — train_loss: 3.6417  val_loss: 3.3141  freq: 6.2094  spend: 0.4187  w_freq: 0.500  w_spend: 0.500
Epoch   2/100 — train_loss: 3.2584  val_loss: 2.7058  freq: 5.0795  spend: 0.3322  w_freq: 0.500  w_spend: 0.500
Epoch   3/100 — train_loss: 2.6019  val_loss: 1.9372  freq: 3.6499  spend: 0.2245  w_freq: 0.500  w_spend: 0.500
Epoch   4/100 — train_loss: 1.8950  val_loss: 1.3256  freq: 2.4943  spend: 0.1568  w_freq: 0.500  w_spend: 0.500
Epoch   5/100 — train_loss: 1.3079  val_loss: 0.8737  freq: 1.6263  spend: 0.1210  w_freq: 0.500  w_spend: 0.500
[Kendall] log_vars unfrozen at epoch 6.
Epoch   6/100 — train_loss: 0.9787  val_loss: 0.7806  freq: 1.4701  spend: 0.0971  w_freq: 0.499  w_spend: 0.501
Epoch   7/100 — train_loss: 0.8729  val_loss: 0.7020  freq: 1.3334  spend: 0.0818  w_freq: 0.497  w_spend: 0.503
Epoch   8/100 — train_loss: 0.8057  val_loss: 0.6661  freq: 1.2800  spend: 0.0688  w_freq: 0.495  w_spend: 0.506
Epoch   9/100 — train_loss: 0.7656  val_loss: 0.6439  freq: 1.2496  spend: 0.0600  w_freq: 0.493  w_spend: 0.508
Epoch  10/100 — train_loss: 0.7330  val_loss: 0.6275  freq: 1.2293  spend: 0.0526  w_freq: 0.491  w_spend: 0.511
Epoch  11/100 — train_loss: 0.7096  val_loss: 0.6161  freq: 1.2169  spend: 0.0473  w_freq: 0.489  w_spend: 0.513
Epoch  12/100 — train_loss: 0.6886  val_loss: 0.6036  freq: 1.2065  spend: 0.0380  w_freq: 0.487  w_spend: 0.516
Epoch  13/100 — train_loss: 0.6721  val_loss: 0.5942  freq: 1.1983  spend: 0.0327  w_freq: 0.485  w_spend: 0.518
Epoch  14/100 — train_loss: 0.6582  val_loss: 0.5849  freq: 1.1924  spend: 0.0251  w_freq: 0.484  w_spend: 0.521
Epoch  15/100 — train_loss: 0.6441  val_loss: 0.5740  freq: 1.1885  spend: 0.0132  w_freq: 0.482  w_spend: 0.523
Epoch  16/100 — train_loss: 0.6322  val_loss: 0.5643  freq: 1.1848  spend: 0.0036  w_freq: 0.481  w_spend: 0.526
Epoch  17/100 — train_loss: 0.6210  val_loss: 0.5553  freq: 1.1831  spend: -0.0068  w_freq: 0.479  w_spend: 0.529
Epoch  18/100 — train_loss: 0.6079  val_loss: 0.5461  freq: 1.1806  spend: -0.0169  w_freq: 0.478  w_spend: 0.531
Epoch  19/100 — train_loss: 0.6004  val_loss: 0.5390  freq: 1.1780  spend: -0.0230  w_freq: 0.476  w_spend: 0.534
Epoch  20/100 — train_loss: 0.5923  val_loss: 0.5314  freq: 1.1754  spend: -0.0303  w_freq: 0.475  w_spend: 0.536
Epoch  21/100 — train_loss: 0.5816  val_loss: 0.5234  freq: 1.1709  spend: -0.0366  w_freq: 0.474  w_spend: 0.539
Epoch  22/100 — train_loss: 0.5751  val_loss: 0.5190  freq: 1.1691  spend: -0.0385  w_freq: 0.473  w_spend: 0.541
Epoch  23/100 — train_loss: 0.5696  val_loss: 0.5125  freq: 1.1668  spend: -0.0434  w_freq: 0.471  w_spend: 0.544
Epoch  24/100 — train_loss: 0.5615  val_loss: 0.5086  freq: 1.1657  spend: -0.0448  w_freq: 0.470  w_spend: 0.546
Epoch  25/100 — train_loss: 0.5567  val_loss: 0.5043  freq: 1.1632  spend: -0.0464  w_freq: 0.469  w_spend: 0.549
Epoch  26/100 — train_loss: 0.5540  val_loss: 0.5005  freq: 1.1613  spend: -0.0474  w_freq: 0.468  w_spend: 0.551
Epoch  27/100 — train_loss: 0.5475  val_loss: 0.4955  freq: 1.1592  spend: -0.0502  w_freq: 0.467  w_spend: 0.553
Epoch  28/100 — train_loss: 0.5428  val_loss: 0.4917  freq: 1.1565  spend: -0.0502  w_freq: 0.466  w_spend: 0.556
Epoch  29/100 — train_loss: 0.5380  val_loss: 0.4886  freq: 1.1566  spend: -0.0517  w_freq: 0.465  w_spend: 0.559
Epoch  30/100 — train_loss: 0.5336  val_loss: 0.4846  freq: 1.1545  spend: -0.0531  w_freq: 0.464  w_spend: 0.561
Epoch  31/100 — train_loss: 0.5303  val_loss: 0.4835  freq: 1.1538  spend: -0.0507  w_freq: 0.463  w_spend: 0.563
Epoch  32/100 — train_loss: 0.5271  val_loss: 0.4800  freq: 1.1530  spend: -0.0532  w_freq: 0.462  w_spend: 0.565
Epoch  33/100 — train_loss: 0.5233  val_loss: 0.4767  freq: 1.1525  spend: -0.0552  w_freq: 0.461  w_spend: 0.567
Epoch  34/100 — train_loss: 0.5198  val_loss: 0.4749  freq: 1.1521  spend: -0.0546  w_freq: 0.460  w_spend: 0.569
Epoch  35/100 — train_loss: 0.5161  val_loss: 0.4714  freq: 1.1512  spend: -0.0563  w_freq: 0.460  w_spend: 0.571
Epoch  36/100 — train_loss: 0.5123  val_loss: 0.4685  freq: 1.1508  spend: -0.0573  w_freq: 0.459  w_spend: 0.573
Epoch  37/100 — train_loss: 0.5075  val_loss: 0.4654  freq: 1.1497  spend: -0.0580  w_freq: 0.458  w_spend: 0.576
Epoch  38/100 — train_loss: 0.5058  val_loss: 0.4629  freq: 1.1497  spend: -0.0587  w_freq: 0.457  w_spend: 0.578
Epoch  39/100 — train_loss: 0.5029  val_loss: 0.4606  freq: 1.1491  spend: -0.0592  w_freq: 0.456  w_spend: 0.580
Epoch  40/100 — train_loss: 0.5000  val_loss: 0.4590  freq: 1.1498  spend: -0.0596  w_freq: 0.456  w_spend: 0.582
Epoch  41/100 — train_loss: 0.4970  val_loss: 0.4566  freq: 1.1487  spend: -0.0598  w_freq: 0.455  w_spend: 0.584
Epoch  42/100 — train_loss: 0.4956  val_loss: 0.4545  freq: 1.1493  spend: -0.0610  w_freq: 0.454  w_spend: 0.585
Epoch  43/100 — train_loss: 0.4935  val_loss: 0.4524  freq: 1.1490  spend: -0.0616  w_freq: 0.454  w_spend: 0.587
Epoch  44/100 — train_loss: 0.4911  val_loss: 0.4511  freq: 1.1477  spend: -0.0603  w_freq: 0.453  w_spend: 0.589
Epoch  45/100 — train_loss: 0.4893  val_loss: 0.4484  freq: 1.1471  spend: -0.0622  w_freq: 0.453  w_spend: 0.590
Epoch  46/100 — train_loss: 0.4864  val_loss: 0.4470  freq: 1.1464  spend: -0.0617  w_freq: 0.452  w_spend: 0.592
Epoch  47/100 — train_loss: 0.4843  val_loss: 0.4447  freq: 1.1463  spend: -0.0633  w_freq: 0.452  w_spend: 0.593
Epoch  48/100 — train_loss: 0.4824  val_loss: 0.4431  freq: 1.1466  spend: -0.0636  w_freq: 0.451  w_spend: 0.595
Epoch  49/100 — train_loss: 0.4797  val_loss: 0.4417  freq: 1.1462  spend: -0.0631  w_freq: 0.451  w_spend: 0.597
Epoch  50/100 — train_loss: 0.4783  val_loss: 0.4400  freq: 1.1472  spend: -0.0640  w_freq: 0.450  w_spend: 0.598
Epoch  51/100 — train_loss: 0.4773  val_loss: 0.4374  freq: 1.1457  spend: -0.0649  w_freq: 0.450  w_spend: 0.600
Epoch  52/100 — train_loss: 0.4759  val_loss: 0.4367  freq: 1.1453  spend: -0.0639  w_freq: 0.449  w_spend: 0.601
Epoch  53/100 — train_loss: 0.4735  val_loss: 0.4355  freq: 1.1457  spend: -0.0642  w_freq: 0.449  w_spend: 0.603
Epoch  54/100 — train_loss: 0.4720  val_loss: 0.4337  freq: 1.1454  spend: -0.0652  w_freq: 0.449  w_spend: 0.604
Epoch  55/100 — train_loss: 0.4691  val_loss: 0.4322  freq: 1.1453  spend: -0.0655  w_freq: 0.448  w_spend: 0.605
Epoch  56/100 — train_loss: 0.4674  val_loss: 0.4307  freq: 1.1452  spend: -0.0659  w_freq: 0.448  w_spend: 0.607
Epoch  57/100 — train_loss: 0.4656  val_loss: 0.4289  freq: 1.1446  spend: -0.0664  w_freq: 0.447  w_spend: 0.608
Epoch  58/100 — train_loss: 0.4637  val_loss: 0.4270  freq: 1.1445  spend: -0.0674  w_freq: 0.447  w_spend: 0.609
Epoch  59/100 — train_loss: 0.4638  val_loss: 0.4259  freq: 1.1442  spend: -0.0671  w_freq: 0.447  w_spend: 0.611
Epoch  60/100 — train_loss: 0.4610  val_loss: 0.4246  freq: 1.1440  spend: -0.0671  w_freq: 0.446  w_spend: 0.612
Epoch  61/100 — train_loss: 0.4593  val_loss: 0.4238  freq: 1.1445  spend: -0.0670  w_freq: 0.446  w_spend: 0.613
Epoch  62/100 — train_loss: 0.4584  val_loss: 0.4223  freq: 1.1440  spend: -0.0676  w_freq: 0.446  w_spend: 0.614
Epoch  63/100 — train_loss: 0.4561  val_loss: 0.4213  freq: 1.1438  spend: -0.0676  w_freq: 0.445  w_spend: 0.615
Epoch  64/100 — train_loss: 0.4569  val_loss: 0.4204  freq: 1.1437  spend: -0.0676  w_freq: 0.445  w_spend: 0.616
Epoch  65/100 — train_loss: 0.4549  val_loss: 0.4191  freq: 1.1432  spend: -0.0680  w_freq: 0.445  w_spend: 0.617
Epoch  66/100 — train_loss: 0.4548  val_loss: 0.4180  freq: 1.1435  spend: -0.0686  w_freq: 0.445  w_spend: 0.618
Epoch  67/100 — train_loss: 0.4529  val_loss: 0.4170  freq: 1.1433  spend: -0.0688  w_freq: 0.444  w_spend: 0.619
Epoch  68/100 — train_loss: 0.4522  val_loss: 0.4161  freq: 1.1431  spend: -0.0689  w_freq: 0.444  w_spend: 0.620
Epoch  69/100 — train_loss: 0.4507  val_loss: 0.4153  freq: 1.1430  spend: -0.0691  w_freq: 0.444  w_spend: 0.621
Epoch  70/100 — train_loss: 0.4496  val_loss: 0.4148  freq: 1.1428  spend: -0.0686  w_freq: 0.444  w_spend: 0.622
Epoch  71/100 — train_loss: 0.4497  val_loss: 0.4138  freq: 1.1429  spend: -0.0694  w_freq: 0.443  w_spend: 0.622
Epoch  72/100 — train_loss: 0.4487  val_loss: 0.4134  freq: 1.1427  spend: -0.0690  w_freq: 0.443  w_spend: 0.623
Epoch  73/100 — train_loss: 0.4475  val_loss: 0.4123  freq: 1.1428  spend: -0.0700  w_freq: 0.443  w_spend: 0.624
Epoch  74/100 — train_loss: 0.4474  val_loss: 0.4121  freq: 1.1426  spend: -0.0694  w_freq: 0.443  w_spend: 0.624
Epoch  75/100 — train_loss: 0.4466  val_loss: 0.4116  freq: 1.1427  spend: -0.0695  w_freq: 0.443  w_spend: 0.625
Epoch  76/100 — train_loss: 0.4469  val_loss: 0.4109  freq: 1.1428  spend: -0.0700  w_freq: 0.443  w_spend: 0.625
Epoch  77/100 — train_loss: 0.4464  val_loss: 0.4104  freq: 1.1425  spend: -0.0699  w_freq: 0.443  w_spend: 0.626
Epoch  78/100 — train_loss: 0.4437  val_loss: 0.4102  freq: 1.1424  spend: -0.0696  w_freq: 0.442  w_spend: 0.626
Epoch  79/100 — train_loss: 0.4444  val_loss: 0.4095  freq: 1.1425  spend: -0.0703  w_freq: 0.442  w_spend: 0.627
Epoch  80/100 — train_loss: 0.4450  val_loss: 0.4092  freq: 1.1425  spend: -0.0703  w_freq: 0.442  w_spend: 0.627
Epoch  81/100 — train_loss: 0.4431  val_loss: 0.4088  freq: 1.1424  spend: -0.0703  w_freq: 0.442  w_spend: 0.627
Epoch  82/100 — train_loss: 0.4417  val_loss: 0.4087  freq: 1.1423  spend: -0.0700  w_freq: 0.442  w_spend: 0.628
Epoch  83/100 — train_loss: 0.4432  val_loss: 0.4083  freq: 1.1423  spend: -0.0702  w_freq: 0.442  w_spend: 0.628
Epoch  84/100 — train_loss: 0.4423  val_loss: 0.4082  freq: 1.1424  spend: -0.0702  w_freq: 0.442  w_spend: 0.628
Epoch  85/100 — train_loss: 0.4416  val_loss: 0.4080  freq: 1.1424  spend: -0.0702  w_freq: 0.442  w_spend: 0.629
Epoch  86/100 — train_loss: 0.4419  val_loss: 0.4078  freq: 1.1423  spend: -0.0702  w_freq: 0.442  w_spend: 0.629
Epoch  87/100 — train_loss: 0.4423  val_loss: 0.4076  freq: 1.1422  spend: -0.0703  w_freq: 0.442  w_spend: 0.629
Epoch  88/100 — train_loss: 0.4416  val_loss: 0.4074  freq: 1.1422  spend: -0.0703  w_freq: 0.442  w_spend: 0.629
Epoch  89/100 — train_loss: 0.4414  val_loss: 0.4073  freq: 1.1422  spend: -0.0704  w_freq: 0.442  w_spend: 0.629
Epoch  90/100 — train_loss: 0.4413  val_loss: 0.4071  freq: 1.1422  spend: -0.0705  w_freq: 0.442  w_spend: 0.629
Epoch  91/100 — train_loss: 0.4414  val_loss: 0.4070  freq: 1.1422  spend: -0.0705  w_freq: 0.442  w_spend: 0.629
Epoch  92/100 — train_loss: 0.4412  val_loss: 0.4070  freq: 1.1422  spend: -0.0704  w_freq: 0.442  w_spend: 0.629
Epoch  93/100 — train_loss: 0.4407  val_loss: 0.4070  freq: 1.1422  spend: -0.0705  w_freq: 0.442  w_spend: 0.630
Epoch  94/100 — train_loss: 0.4415  val_loss: 0.4069  freq: 1.1422  spend: -0.0705  w_freq: 0.442  w_spend: 0.630
Epoch  95/100 — train_loss: 0.4402  val_loss: 0.4069  freq: 1.1422  spend: -0.0705  w_freq: 0.442  w_spend: 0.630
Epoch  96/100 — train_loss: 0.4405  val_loss: 0.4069  freq: 1.1422  spend: -0.0705  w_freq: 0.441  w_spend: 0.630
Epoch  97/100 — train_loss: 0.4412  val_loss: 0.4069  freq: 1.1422  spend: -0.0705  w_freq: 0.441  w_spend: 0.630
Epoch  98/100 — train_loss: 0.4425  val_loss: 0.4069  freq: 1.1422  spend: -0.0705  w_freq: 0.441  w_spend: 0.630
Epoch  99/100 — train_loss: 0.4407  val_loss: 0.4068  freq: 1.1422  spend: -0.0705  w_freq: 0.441  w_spend: 0.630
Epoch 100/100 — train_loss: 0.4415  val_loss: 0.4068  freq: 1.1422  spend: -0.0705  w_freq: 0.441  w_spend: 0.630

Checkpoint saved: /kaggle/working/results/checkpoints/extension3_transformer_none_dunnhumby_final_seed7_sample.pt
Validation-fitted softmax temperature: 0.7500

Duan's smearing factor (val): 1.3816
Validation aggregate calibration: freq_factor=1.0948, spend_factor=1.0003

Running autoregressive inference on holdout period ...
  inference mode: sample  n_scenarios: 30  temperature: 0.7500

=== Prediction Diagnostics ===
  Mean predicted freq/week:    0.9961
  Mean actual freq/week:       1.1882
  Over-prediction ratio:       0.838x
  Customers predicted as zero total:  0.141
  Customers actually zero total:      0.188
  Non-zero rate (pred, avg > 0.05):  0.910
  Non-zero rate (true):               0.542

Metrics saved: /kaggle/working/results/tables/extension3_transformer_none_dunnhumby_final_seed7_sample_metrics.json
Array artifacts saved: /kaggle/working/results/tables/extension3_transformer_none_dunnhumby_final_seed7_sample_arrays.npz

=== Holdout Evaluation ===
  metric_definition_version: valendin_aggregate_mape_v1
  freq_rmse: 3.7273
  freq_mae: 2.2022
  freq_normalized_gini: 0.8279
  freq_calibration_factor: 1.0948
  freq_horizon_abs_bias_pct: 8.2127
  bias_pct: -8.2127
  freq_weekly_mae: 243.7520
  freq_weekly_total_true: 11872.0000
  freq_weekly_total_pred: 10896.9922
  freq_valendin_mape: 8.2127
  freq_horizon_bias_pct: -8.2127
  freq_weekly_mean_pct_mape: 8.1936
  freq_weekly_mean_pct_bias_pct: -8.1936
  freq_weekly_bias_pct: -8.2127
  freq_weekly_mape: 8.2127
  freq_mape: 8.2127
  freq_mase: 1.0012
  freq_mase_scale: 0.8235
  smearing_factor: 1.3816
  spend_calibration_factor: 1.0003
  spend_mae_raw: 68.4863
  spend_rmse_raw: 110.2837
  spend_normalized_gini: 0.8036
  spend_mae_log: 1.0165
  spend_rmse_log: 1.4664
  spend_r2_log: 0.5115
  spend_bias_pct: -5.7977
  spend_weekly_mae: 5031.3422
  spend_weekly_total_true: 347125.7605
  spend_weekly_total_pred: 327000.3915
  spend_valendin_mape: 5.7977
  spend_horizon_abs_bias_pct: 5.7977
  spend_horizon_bias_pct: -5.7977
  spend_weekly_mean_pct_mape: 5.6687
  spend_weekly_mean_pct_bias_pct: -5.6687
  spend_weekly_bias_pct: -5.7977
  spend_weekly_mape: 5.7977
  spend_mase: 0.9877
  spend_mase_scale: 27.5152
  clv_mae: 68.3028
  clv_rmse: 109.9853
  clv_spearman: 0.7707
  clv_decile_lift: 3.3651
  clv_normalized_gini: 0.8036
  clv_total_true: 346205.2188
  clv_total_pred: 326130.0625
  calibration_temperature_source: rolling_origin_autoregressive
  validation_temperature: 0.7500
  smearing_source: rolling_origin_autoregressive
  calibration_source: rolling_origin_autoregressive
  validation_freq_true_total: 2215.0000
  validation_freq_pred_total: 1861.9620
  validation_spend_true_total: 63355.4414
  validation_spend_pred_total: 63314.9453
  validation_freq_calibration_factor: 1.0948
  validation_spend_calibration_factor: 1.0003
  validation_rolling_origin_count: 2
  protocol_name: dunnhumby_configured_80x4
  cohort_size: 2498
  calibration_weeks: 80
  holdout_weeks: 4
  inference_mode: sample
  n_scenarios: 30
  final_manifest_version: 2026-05-20-results-recovery-protocol
  final_manifest_run_name: extension3_transformer_none_dunnhumby_final_seed7_sample
  final_manifest_config: experiments/configs/extension3_transformer_none_dunnhumby.yaml
  final_manifest_config_hash: 13a8f6664135
  final_manifest_actual_config_hash: 685e52400816
  final_manifest_seed: 7
  final_manifest_epochs: 100
  final_manifest_inference_mode: sample
  final_manifest_n_scenarios: 30
  run_valid: True
  run_invalid_reason: 
  run_warning: 
  epochs_completed: 100
  max_epochs_configured: 100
History saved: /kaggle/working/results/tables/extension3_transformer_none_dunnhumby_final_seed7_sample_history.json
