[Kaggle] raw_dir  → /kaggle/working/input/dunnhumby
[Kaggle] results  → /kaggle/working/results
Config: experiments/configs/extension3_transformer_full_dunnhumby.yaml
Run: extension3_transformer_full_dunnhumby_final_seed7_sample
Device: cuda
Loading dataset: dunnhumby ...
[pipeline] freq_cap=10 (auto q=0.99) → freq_bins=[0, 1, 2, 3]... (n_classes=11)
  Train customers: 2249, Val: 249, Inference: 2498
[dunnhumby] Customers with 0 calibration transactions: 0 / 2498
  top-bin decode: class_values[-1] = 13.099 (max_trans = 10)
Model: transformer — 102,953 parameters

Training for up to 100 epochs ...
/kaggle/working/thesis-code/src/training/trainer.py:116: FutureWarning: `torch.cuda.amp.GradScaler(args...)` is deprecated. Please use `torch.amp.GradScaler('cuda', args...)` instead.
  self.scaler = torch.cuda.amp.GradScaler(enabled=self.amp_enabled)
[Kendall] log_vars frozen for 5 warm-up epochs.
Epoch   1/100 — train_loss: 3.1648  val_loss: 2.8734  freq: 5.2937  spend: 0.4532  w_freq: 0.500  w_spend: 0.500
Epoch   2/100 — train_loss: 2.7541  val_loss: 2.2133  freq: 4.0748  spend: 0.3517  w_freq: 0.500  w_spend: 0.500
Epoch   3/100 — train_loss: 2.0558  val_loss: 1.4673  freq: 2.7004  spend: 0.2341  w_freq: 0.500  w_spend: 0.500
Epoch   4/100 — train_loss: 1.4279  val_loss: 1.0630  freq: 1.9609  spend: 0.1650  w_freq: 0.500  w_spend: 0.500
Epoch   5/100 — train_loss: 1.0921  val_loss: 0.8347  freq: 1.5428  spend: 0.1266  w_freq: 0.500  w_spend: 0.500
[Kendall] log_vars unfrozen at epoch 6.
Epoch   6/100 — train_loss: 0.9102  val_loss: 0.7243  freq: 1.3541  spend: 0.1001  w_freq: 0.499  w_spend: 0.501
Epoch   7/100 — train_loss: 0.8270  val_loss: 0.6831  freq: 1.2947  spend: 0.0825  w_freq: 0.497  w_spend: 0.503
Epoch   8/100 — train_loss: 0.7788  val_loss: 0.6541  freq: 1.2566  spend: 0.0679  w_freq: 0.495  w_spend: 0.506
Epoch   9/100 — train_loss: 0.7440  val_loss: 0.6340  freq: 1.2313  spend: 0.0582  w_freq: 0.492  w_spend: 0.508
Epoch  10/100 — train_loss: 0.7199  val_loss: 0.6230  freq: 1.2213  spend: 0.0513  w_freq: 0.491  w_spend: 0.510
Epoch  11/100 — train_loss: 0.7001  val_loss: 0.6112  freq: 1.2085  spend: 0.0450  w_freq: 0.489  w_spend: 0.513
Epoch  12/100 — train_loss: 0.6821  val_loss: 0.6002  freq: 1.1992  spend: 0.0370  w_freq: 0.487  w_spend: 0.515
Epoch  13/100 — train_loss: 0.6703  val_loss: 0.5914  freq: 1.1932  spend: 0.0308  w_freq: 0.486  w_spend: 0.517
Epoch  14/100 — train_loss: 0.6555  val_loss: 0.5828  freq: 1.1874  spend: 0.0245  w_freq: 0.484  w_spend: 0.520
Epoch  15/100 — train_loss: 0.6474  val_loss: 0.5778  freq: 1.1863  spend: 0.0198  w_freq: 0.483  w_spend: 0.522
Epoch  16/100 — train_loss: 0.6375  val_loss: 0.5718  freq: 1.1822  spend: 0.0160  w_freq: 0.481  w_spend: 0.524
Epoch  17/100 — train_loss: 0.6309  val_loss: 0.5633  freq: 1.1801  spend: 0.0057  w_freq: 0.480  w_spend: 0.526
Epoch  18/100 — train_loss: 0.6195  val_loss: 0.5547  freq: 1.1777  spend: -0.0036  w_freq: 0.479  w_spend: 0.528
Epoch  19/100 — train_loss: 0.6102  val_loss: 0.5451  freq: 1.1763  spend: -0.0150  w_freq: 0.477  w_spend: 0.531
Epoch  20/100 — train_loss: 0.5982  val_loss: 0.5397  freq: 1.1755  spend: -0.0190  w_freq: 0.476  w_spend: 0.534
Epoch  21/100 — train_loss: 0.5889  val_loss: 0.5322  freq: 1.1730  spend: -0.0261  w_freq: 0.474  w_spend: 0.536
Epoch  22/100 — train_loss: 0.5811  val_loss: 0.5233  freq: 1.1693  spend: -0.0350  w_freq: 0.473  w_spend: 0.539
Epoch  23/100 — train_loss: 0.5743  val_loss: 0.5170  freq: 1.1664  spend: -0.0393  w_freq: 0.472  w_spend: 0.541
Epoch  24/100 — train_loss: 0.5686  val_loss: 0.5122  freq: 1.1626  spend: -0.0402  w_freq: 0.471  w_spend: 0.544
Epoch  25/100 — train_loss: 0.5631  val_loss: 0.5077  freq: 1.1627  spend: -0.0442  w_freq: 0.469  w_spend: 0.546
Epoch  26/100 — train_loss: 0.5563  val_loss: 0.5027  freq: 1.1594  spend: -0.0459  w_freq: 0.468  w_spend: 0.549
Epoch  27/100 — train_loss: 0.5529  val_loss: 0.4991  freq: 1.1584  spend: -0.0472  w_freq: 0.467  w_spend: 0.551
Epoch  28/100 — train_loss: 0.5483  val_loss: 0.4945  freq: 1.1560  spend: -0.0494  w_freq: 0.466  w_spend: 0.554
Epoch  29/100 — train_loss: 0.5442  val_loss: 0.4918  freq: 1.1551  spend: -0.0495  w_freq: 0.465  w_spend: 0.556
Epoch  30/100 — train_loss: 0.5381  val_loss: 0.4876  freq: 1.1536  spend: -0.0520  w_freq: 0.464  w_spend: 0.558
Epoch  31/100 — train_loss: 0.5357  val_loss: 0.4856  freq: 1.1529  spend: -0.0511  w_freq: 0.463  w_spend: 0.560
Epoch  32/100 — train_loss: 0.5308  val_loss: 0.4813  freq: 1.1515  spend: -0.0534  w_freq: 0.462  w_spend: 0.562
Epoch  33/100 — train_loss: 0.5259  val_loss: 0.4779  freq: 1.1505  spend: -0.0546  w_freq: 0.461  w_spend: 0.565
Epoch  34/100 — train_loss: 0.5225  val_loss: 0.4742  freq: 1.1490  spend: -0.0559  w_freq: 0.460  w_spend: 0.567
Epoch  35/100 — train_loss: 0.5208  val_loss: 0.4725  freq: 1.1491  spend: -0.0550  w_freq: 0.459  w_spend: 0.570
Epoch  36/100 — train_loss: 0.5163  val_loss: 0.4691  freq: 1.1474  spend: -0.0565  w_freq: 0.458  w_spend: 0.572
Epoch  37/100 — train_loss: 0.5131  val_loss: 0.4663  freq: 1.1476  spend: -0.0580  w_freq: 0.458  w_spend: 0.574
Epoch  38/100 — train_loss: 0.5072  val_loss: 0.4634  freq: 1.1465  spend: -0.0586  w_freq: 0.457  w_spend: 0.576
Epoch  39/100 — train_loss: 0.5061  val_loss: 0.4612  freq: 1.1471  spend: -0.0592  w_freq: 0.456  w_spend: 0.578
Epoch  40/100 — train_loss: 0.5029  val_loss: 0.4586  freq: 1.1453  spend: -0.0589  w_freq: 0.455  w_spend: 0.580
Epoch  41/100 — train_loss: 0.5007  val_loss: 0.4563  freq: 1.1453  spend: -0.0596  w_freq: 0.455  w_spend: 0.582
Epoch  42/100 — train_loss: 0.4965  val_loss: 0.4539  freq: 1.1441  spend: -0.0602  w_freq: 0.454  w_spend: 0.584
Epoch  43/100 — train_loss: 0.4947  val_loss: 0.4513  freq: 1.1437  spend: -0.0614  w_freq: 0.453  w_spend: 0.586
Epoch  44/100 — train_loss: 0.4929  val_loss: 0.4492  freq: 1.1434  spend: -0.0618  w_freq: 0.453  w_spend: 0.588
Epoch  45/100 — train_loss: 0.4901  val_loss: 0.4474  freq: 1.1435  spend: -0.0620  w_freq: 0.452  w_spend: 0.590
Epoch  46/100 — train_loss: 0.4870  val_loss: 0.4456  freq: 1.1427  spend: -0.0615  w_freq: 0.451  w_spend: 0.591
Epoch  47/100 — train_loss: 0.4849  val_loss: 0.4436  freq: 1.1429  spend: -0.0624  w_freq: 0.451  w_spend: 0.593
Epoch  48/100 — train_loss: 0.4834  val_loss: 0.4416  freq: 1.1427  spend: -0.0630  w_freq: 0.450  w_spend: 0.595
Epoch  49/100 — train_loss: 0.4802  val_loss: 0.4393  freq: 1.1426  spend: -0.0643  w_freq: 0.450  w_spend: 0.597
Epoch  50/100 — train_loss: 0.4779  val_loss: 0.4376  freq: 1.1420  spend: -0.0641  w_freq: 0.449  w_spend: 0.598
Epoch  51/100 — train_loss: 0.4766  val_loss: 0.4356  freq: 1.1418  spend: -0.0649  w_freq: 0.449  w_spend: 0.600
Epoch  52/100 — train_loss: 0.4733  val_loss: 0.4339  freq: 1.1418  spend: -0.0654  w_freq: 0.448  w_spend: 0.602
Epoch  53/100 — train_loss: 0.4713  val_loss: 0.4322  freq: 1.1415  spend: -0.0656  w_freq: 0.448  w_spend: 0.603
Epoch  54/100 — train_loss: 0.4706  val_loss: 0.4307  freq: 1.1414  spend: -0.0659  w_freq: 0.447  w_spend: 0.605
Epoch  55/100 — train_loss: 0.4688  val_loss: 0.4293  freq: 1.1409  spend: -0.0657  w_freq: 0.447  w_spend: 0.606
Epoch  56/100 — train_loss: 0.4670  val_loss: 0.4275  freq: 1.1408  spend: -0.0667  w_freq: 0.447  w_spend: 0.607
Epoch  57/100 — train_loss: 0.4652  val_loss: 0.4264  freq: 1.1406  spend: -0.0664  w_freq: 0.446  w_spend: 0.609
Epoch  58/100 — train_loss: 0.4642  val_loss: 0.4250  freq: 1.1411  spend: -0.0673  w_freq: 0.446  w_spend: 0.610
Epoch  59/100 — train_loss: 0.4615  val_loss: 0.4233  freq: 1.1402  spend: -0.0675  w_freq: 0.445  w_spend: 0.611
Epoch  60/100 — train_loss: 0.4597  val_loss: 0.4221  freq: 1.1404  spend: -0.0679  w_freq: 0.445  w_spend: 0.612
Epoch  61/100 — train_loss: 0.4576  val_loss: 0.4210  freq: 1.1403  spend: -0.0678  w_freq: 0.445  w_spend: 0.614
Epoch  62/100 — train_loss: 0.4583  val_loss: 0.4199  freq: 1.1402  spend: -0.0680  w_freq: 0.444  w_spend: 0.615
Epoch  63/100 — train_loss: 0.4562  val_loss: 0.4190  freq: 1.1403  spend: -0.0680  w_freq: 0.444  w_spend: 0.616
Epoch  64/100 — train_loss: 0.4542  val_loss: 0.4180  freq: 1.1400  spend: -0.0680  w_freq: 0.444  w_spend: 0.617
Epoch  65/100 — train_loss: 0.4544  val_loss: 0.4170  freq: 1.1400  spend: -0.0682  w_freq: 0.444  w_spend: 0.618
Epoch  66/100 — train_loss: 0.4517  val_loss: 0.4156  freq: 1.1398  spend: -0.0690  w_freq: 0.443  w_spend: 0.619
Epoch  67/100 — train_loss: 0.4522  val_loss: 0.4153  freq: 1.1398  spend: -0.0685  w_freq: 0.443  w_spend: 0.620
Epoch  68/100 — train_loss: 0.4516  val_loss: 0.4145  freq: 1.1397  spend: -0.0686  w_freq: 0.443  w_spend: 0.621
Epoch  69/100 — train_loss: 0.4499  val_loss: 0.4134  freq: 1.1394  spend: -0.0692  w_freq: 0.443  w_spend: 0.621
Epoch  70/100 — train_loss: 0.4487  val_loss: 0.4126  freq: 1.1396  spend: -0.0696  w_freq: 0.443  w_spend: 0.622
Epoch  71/100 — train_loss: 0.4488  val_loss: 0.4120  freq: 1.1393  spend: -0.0693  w_freq: 0.442  w_spend: 0.623
Epoch  72/100 — train_loss: 0.4481  val_loss: 0.4114  freq: 1.1393  spend: -0.0694  w_freq: 0.442  w_spend: 0.623
Epoch  73/100 — train_loss: 0.4469  val_loss: 0.4107  freq: 1.1391  spend: -0.0695  w_freq: 0.442  w_spend: 0.624
Epoch  74/100 — train_loss: 0.4458  val_loss: 0.4102  freq: 1.1391  spend: -0.0695  w_freq: 0.442  w_spend: 0.625
Epoch  75/100 — train_loss: 0.4458  val_loss: 0.4095  freq: 1.1390  spend: -0.0698  w_freq: 0.442  w_spend: 0.625
Epoch  76/100 — train_loss: 0.4440  val_loss: 0.4088  freq: 1.1389  spend: -0.0701  w_freq: 0.442  w_spend: 0.626
Epoch  77/100 — train_loss: 0.4449  val_loss: 0.4085  freq: 1.1389  spend: -0.0700  w_freq: 0.441  w_spend: 0.626
Epoch  78/100 — train_loss: 0.4441  val_loss: 0.4078  freq: 1.1389  spend: -0.0704  w_freq: 0.441  w_spend: 0.627
Epoch  79/100 — train_loss: 0.4419  val_loss: 0.4079  freq: 1.1390  spend: -0.0699  w_freq: 0.441  w_spend: 0.627
Epoch  80/100 — train_loss: 0.4426  val_loss: 0.4072  freq: 1.1388  spend: -0.0703  w_freq: 0.441  w_spend: 0.627
Epoch  81/100 — train_loss: 0.4425  val_loss: 0.4070  freq: 1.1387  spend: -0.0701  w_freq: 0.441  w_spend: 0.628
Epoch  82/100 — train_loss: 0.4418  val_loss: 0.4066  freq: 1.1388  spend: -0.0705  w_freq: 0.441  w_spend: 0.628
Epoch  83/100 — train_loss: 0.4411  val_loss: 0.4065  freq: 1.1388  spend: -0.0703  w_freq: 0.441  w_spend: 0.628
Epoch  84/100 — train_loss: 0.4409  val_loss: 0.4061  freq: 1.1389  spend: -0.0705  w_freq: 0.441  w_spend: 0.629
Epoch  85/100 — train_loss: 0.4400  val_loss: 0.4061  freq: 1.1388  spend: -0.0703  w_freq: 0.441  w_spend: 0.629
Epoch  86/100 — train_loss: 0.4413  val_loss: 0.4058  freq: 1.1387  spend: -0.0704  w_freq: 0.441  w_spend: 0.629
Epoch  87/100 — train_loss: 0.4411  val_loss: 0.4056  freq: 1.1388  spend: -0.0706  w_freq: 0.441  w_spend: 0.629
Epoch  88/100 — train_loss: 0.4407  val_loss: 0.4055  freq: 1.1388  spend: -0.0706  w_freq: 0.441  w_spend: 0.629
Epoch  89/100 — train_loss: 0.4404  val_loss: 0.4054  freq: 1.1388  spend: -0.0706  w_freq: 0.441  w_spend: 0.629
Epoch  90/100 — train_loss: 0.4398  val_loss: 0.4052  freq: 1.1387  spend: -0.0707  w_freq: 0.440  w_spend: 0.630
Epoch  91/100 — train_loss: 0.4397  val_loss: 0.4051  freq: 1.1388  spend: -0.0707  w_freq: 0.440  w_spend: 0.630
Epoch  92/100 — train_loss: 0.4398  val_loss: 0.4051  freq: 1.1388  spend: -0.0707  w_freq: 0.440  w_spend: 0.630
Epoch  93/100 — train_loss: 0.4406  val_loss: 0.4051  freq: 1.1388  spend: -0.0706  w_freq: 0.440  w_spend: 0.630
Epoch  94/100 — train_loss: 0.4390  val_loss: 0.4050  freq: 1.1388  spend: -0.0707  w_freq: 0.440  w_spend: 0.630
Epoch  95/100 — train_loss: 0.4386  val_loss: 0.4050  freq: 1.1388  spend: -0.0707  w_freq: 0.440  w_spend: 0.630
Epoch  96/100 — train_loss: 0.4392  val_loss: 0.4049  freq: 1.1387  spend: -0.0707  w_freq: 0.440  w_spend: 0.630
Epoch  97/100 — train_loss: 0.4402  val_loss: 0.4049  freq: 1.1387  spend: -0.0707  w_freq: 0.440  w_spend: 0.630
Epoch  98/100 — train_loss: 0.4396  val_loss: 0.4049  freq: 1.1387  spend: -0.0707  w_freq: 0.440  w_spend: 0.630
Epoch  99/100 — train_loss: 0.4390  val_loss: 0.4049  freq: 1.1387  spend: -0.0707  w_freq: 0.440  w_spend: 0.630
Epoch 100/100 — train_loss: 0.4394  val_loss: 0.4049  freq: 1.1387  spend: -0.0707  w_freq: 0.440  w_spend: 0.630

Checkpoint saved: /kaggle/working/results/checkpoints/extension3_transformer_full_dunnhumby_final_seed7_sample.pt
Validation-fitted softmax temperature: 0.9000

Duan's smearing factor (val): 1.3918
Validation aggregate calibration: freq_factor=1.0430, spend_factor=0.9885

Running autoregressive inference on holdout period ...
  inference mode: sample  n_scenarios: 30  temperature: 0.9000

=== Prediction Diagnostics ===
  Mean predicted freq/week:    1.0723
  Mean actual freq/week:       1.1882
  Over-prediction ratio:       0.902x
  Customers predicted as zero total:  0.085
  Customers actually zero total:      0.188
  Non-zero rate (pred, avg > 0.05):  0.947
  Non-zero rate (true):               0.542

Metrics saved: /kaggle/working/results/tables/extension3_transformer_full_dunnhumby_final_seed7_sample_metrics.json
Array artifacts saved: /kaggle/working/results/tables/extension3_transformer_full_dunnhumby_final_seed7_sample_arrays.npz

=== Holdout Evaluation ===
  metric_definition_version: valendin_aggregate_mape_v1
  freq_rmse: 3.5691
  freq_mae: 2.1706
  freq_normalized_gini: 0.8292
  freq_calibration_factor: 1.0430
  freq_horizon_abs_bias_pct: 5.8694
  bias_pct: -5.8694
  freq_weekly_mae: 174.2043
  freq_weekly_total_true: 11872.0000
  freq_weekly_total_pred: 11175.1828
  freq_valendin_mape: 5.8694
  freq_horizon_bias_pct: -5.8694
  freq_weekly_mean_pct_mape: 5.8633
  freq_weekly_mean_pct_bias_pct: -5.8633
  freq_weekly_bias_pct: -5.8694
  freq_weekly_mape: 5.8694
  freq_mape: 5.8694
  freq_mase: 1.0107
  freq_mase_scale: 0.8235
  smearing_factor: 1.3918
  spend_calibration_factor: 0.9885
  spend_mae_raw: 65.8111
  spend_rmse_raw: 103.9232
  spend_normalized_gini: 0.8121
  spend_mae_log: 1.0441
  spend_rmse_log: 1.5330
  spend_r2_log: 0.4662
  spend_bias_pct: -4.4821
  spend_weekly_mae: 4082.9005
  spend_weekly_total_true: 347125.7605
  spend_weekly_total_pred: 331567.0407
  spend_valendin_mape: 4.7048
  spend_horizon_abs_bias_pct: 4.4822
  spend_horizon_bias_pct: -4.4822
  spend_weekly_mean_pct_mape: 4.5883
  spend_weekly_mean_pct_bias_pct: -4.3557
  spend_weekly_bias_pct: -4.4822
  spend_weekly_mape: 4.7048
  spend_mase: 0.9923
  spend_mase_scale: 27.5152
  clv_mae: 65.6380
  clv_rmse: 103.6463
  clv_spearman: 0.7764
  clv_decile_lift: 3.3758
  clv_normalized_gini: 0.8120
  clv_total_true: 346205.2188
  clv_total_pred: 330685.8125
  calibration_temperature_source: rolling_origin_autoregressive
  validation_temperature: 0.9000
  smearing_source: rolling_origin_autoregressive
  calibration_source: rolling_origin_autoregressive
  validation_freq_true_total: 2215.0000
  validation_freq_pred_total: 2039.4336
  validation_spend_true_total: 63355.4414
  validation_spend_pred_total: 64850.6309
  validation_freq_calibration_factor: 1.0430
  validation_spend_calibration_factor: 0.9885
  validation_rolling_origin_count: 2
  protocol_name: dunnhumby_configured_80x4
  cohort_size: 2498
  calibration_weeks: 80
  holdout_weeks: 4
  inference_mode: sample
  n_scenarios: 30
  final_manifest_version: 2026-05-20-results-recovery-protocol
  final_manifest_run_name: extension3_transformer_full_dunnhumby_final_seed7_sample
  final_manifest_config: experiments/configs/extension3_transformer_full_dunnhumby.yaml
  final_manifest_config_hash: b9cbe08630d1
  final_manifest_actual_config_hash: 395da92c635f
  final_manifest_seed: 7
  final_manifest_epochs: 100
  final_manifest_inference_mode: sample
  final_manifest_n_scenarios: 30
  run_valid: True
  run_invalid_reason: 
  run_warning: 
  epochs_completed: 100
  max_epochs_configured: 100
History saved: /kaggle/working/results/tables/extension3_transformer_full_dunnhumby_final_seed7_sample_history.json
