[Kaggle] raw_dir  → /kaggle/working/input/dunnhumby
[Kaggle] results  → /kaggle/working/results
Config: experiments/configs/extension3_lstm_none_dunnhumby.yaml
Run: extension3_lstm_none_dunnhumby_final_seed7_sample
Device: cuda
Loading dataset: dunnhumby ...
[pipeline] freq_cap=10 (auto q=0.99) → freq_bins=[0, 1, 2, 3]... (n_classes=11)
  Train customers: 2249, Val: 249, Inference: 2498
[dunnhumby] Customers with 0 calibration transactions: 0 / 2498
  top-bin decode: class_values[-1] = 13.099 (max_trans = 10)
Model: lstm — 99,577 parameters

Training for up to 100 epochs ...
/kaggle/working/thesis-code/src/training/trainer.py:116: FutureWarning: `torch.cuda.amp.GradScaler(args...)` is deprecated. Please use `torch.amp.GradScaler('cuda', args...)` instead.
  self.scaler = torch.cuda.amp.GradScaler(enabled=self.amp_enabled)
[Kendall] log_vars frozen for 5 warm-up epochs.
Epoch   1/100 — train_loss: 1.3015  val_loss: 1.2929  freq: 2.3367  spend: 0.2492  w_freq: 0.500  w_spend: 0.500
Epoch   2/100 — train_loss: 1.2804  val_loss: 1.2581  freq: 2.2703  spend: 0.2459  w_freq: 0.500  w_spend: 0.500
Epoch   3/100 — train_loss: 1.2326  val_loss: 1.1856  freq: 2.1342  spend: 0.2370  w_freq: 0.500  w_spend: 0.500
Epoch   4/100 — train_loss: 1.1229  val_loss: 0.9841  freq: 1.7691  spend: 0.1991  w_freq: 0.500  w_spend: 0.500
Epoch   5/100 — train_loss: 0.8805  val_loss: 0.7577  freq: 1.3898  spend: 0.1256  w_freq: 0.500  w_spend: 0.500
[Kendall] log_vars unfrozen at epoch 6.
Epoch   6/100 — train_loss: 0.7654  val_loss: 0.7235  freq: 1.3074  spend: 0.1448  w_freq: 0.499  w_spend: 0.501
Epoch   7/100 — train_loss: 0.7305  val_loss: 0.6812  freq: 1.2587  spend: 0.1138  w_freq: 0.497  w_spend: 0.503
Epoch   8/100 — train_loss: 0.7074  val_loss: 0.6624  freq: 1.2388  spend: 0.1010  w_freq: 0.495  w_spend: 0.505
Epoch   9/100 — train_loss: 0.6839  val_loss: 0.6347  freq: 1.2259  spend: 0.0647  w_freq: 0.493  w_spend: 0.508
Epoch  10/100 — train_loss: 0.6608  val_loss: 0.6145  freq: 1.2232  spend: 0.0333  w_freq: 0.490  w_spend: 0.511
Epoch  11/100 — train_loss: 0.6380  val_loss: 0.5970  freq: 1.2200  spend: 0.0082  w_freq: 0.488  w_spend: 0.513
Epoch  12/100 — train_loss: 0.6219  val_loss: 0.5844  freq: 1.2178  spend: -0.0082  w_freq: 0.486  w_spend: 0.516
Epoch  13/100 — train_loss: 0.6089  val_loss: 0.5730  freq: 1.2109  spend: -0.0180  w_freq: 0.484  w_spend: 0.519
Epoch  14/100 — train_loss: 0.5975  val_loss: 0.5621  freq: 1.2042  spend: -0.0272  w_freq: 0.482  w_spend: 0.521
Epoch  15/100 — train_loss: 0.5858  val_loss: 0.5493  freq: 1.1960  spend: -0.0386  w_freq: 0.480  w_spend: 0.524
Epoch  16/100 — train_loss: 0.5749  val_loss: 0.5409  freq: 1.1886  spend: -0.0427  w_freq: 0.478  w_spend: 0.526
Epoch  17/100 — train_loss: 0.5691  val_loss: 0.5323  freq: 1.1835  spend: -0.0496  w_freq: 0.476  w_spend: 0.529
Epoch  18/100 — train_loss: 0.5617  val_loss: 0.5250  freq: 1.1792  spend: -0.0544  w_freq: 0.475  w_spend: 0.531
Epoch  19/100 — train_loss: 0.5550  val_loss: 0.5198  freq: 1.1758  spend: -0.0563  w_freq: 0.473  w_spend: 0.534
Epoch  20/100 — train_loss: 0.5494  val_loss: 0.5149  freq: 1.1715  spend: -0.0572  w_freq: 0.472  w_spend: 0.536
Epoch  21/100 — train_loss: 0.5447  val_loss: 0.5095  freq: 1.1686  spend: -0.0605  w_freq: 0.471  w_spend: 0.538
Epoch  22/100 — train_loss: 0.5403  val_loss: 0.5063  freq: 1.1664  spend: -0.0599  w_freq: 0.469  w_spend: 0.541
Epoch  23/100 — train_loss: 0.5350  val_loss: 0.5007  freq: 1.1623  spend: -0.0623  w_freq: 0.468  w_spend: 0.543
Epoch  24/100 — train_loss: 0.5300  val_loss: 0.4965  freq: 1.1600  spend: -0.0637  w_freq: 0.467  w_spend: 0.545
Epoch  25/100 — train_loss: 0.5280  val_loss: 0.4931  freq: 1.1580  spend: -0.0638  w_freq: 0.466  w_spend: 0.548
Epoch  26/100 — train_loss: 0.5228  val_loss: 0.4898  freq: 1.1562  spend: -0.0641  w_freq: 0.465  w_spend: 0.550
Epoch  27/100 — train_loss: 0.5192  val_loss: 0.4864  freq: 1.1544  spend: -0.0648  w_freq: 0.463  w_spend: 0.552
Epoch  28/100 — train_loss: 0.5157  val_loss: 0.4833  freq: 1.1542  spend: -0.0663  w_freq: 0.462  w_spend: 0.554
Epoch  29/100 — train_loss: 0.5136  val_loss: 0.4791  freq: 1.1517  spend: -0.0679  w_freq: 0.461  w_spend: 0.556
Epoch  30/100 — train_loss: 0.5077  val_loss: 0.4762  freq: 1.1508  spend: -0.0683  w_freq: 0.460  w_spend: 0.559
Epoch  31/100 — train_loss: 0.5055  val_loss: 0.4730  freq: 1.1492  spend: -0.0689  w_freq: 0.459  w_spend: 0.561
Epoch  32/100 — train_loss: 0.5031  val_loss: 0.4706  freq: 1.1489  spend: -0.0693  w_freq: 0.458  w_spend: 0.563
Epoch  33/100 — train_loss: 0.5003  val_loss: 0.4674  freq: 1.1479  spend: -0.0707  w_freq: 0.458  w_spend: 0.565
Epoch  34/100 — train_loss: 0.4977  val_loss: 0.4664  freq: 1.1488  spend: -0.0698  w_freq: 0.457  w_spend: 0.567
Epoch  35/100 — train_loss: 0.4942  val_loss: 0.4626  freq: 1.1463  spend: -0.0709  w_freq: 0.456  w_spend: 0.569
Epoch  36/100 — train_loss: 0.4928  val_loss: 0.4604  freq: 1.1457  spend: -0.0709  w_freq: 0.455  w_spend: 0.571
Epoch  37/100 — train_loss: 0.4886  val_loss: 0.4572  freq: 1.1454  spend: -0.0730  w_freq: 0.454  w_spend: 0.573
Epoch  38/100 — train_loss: 0.4877  val_loss: 0.4555  freq: 1.1454  spend: -0.0730  w_freq: 0.454  w_spend: 0.575
Epoch  39/100 — train_loss: 0.4857  val_loss: 0.4525  freq: 1.1437  spend: -0.0737  w_freq: 0.453  w_spend: 0.577
Epoch  40/100 — train_loss: 0.4828  val_loss: 0.4501  freq: 1.1434  spend: -0.0746  w_freq: 0.452  w_spend: 0.579
Epoch  41/100 — train_loss: 0.4795  val_loss: 0.4503  freq: 1.1441  spend: -0.0719  w_freq: 0.452  w_spend: 0.580
Epoch  42/100 — train_loss: 0.4781  val_loss: 0.4464  freq: 1.1428  spend: -0.0747  w_freq: 0.451  w_spend: 0.582
Epoch  43/100 — train_loss: 0.4754  val_loss: 0.4442  freq: 1.1419  spend: -0.0749  w_freq: 0.450  w_spend: 0.584
Epoch  44/100 — train_loss: 0.4729  val_loss: 0.4425  freq: 1.1420  spend: -0.0751  w_freq: 0.450  w_spend: 0.586
Epoch  45/100 — train_loss: 0.4712  val_loss: 0.4406  freq: 1.1412  spend: -0.0751  w_freq: 0.449  w_spend: 0.588
Epoch  46/100 — train_loss: 0.4689  val_loss: 0.4395  freq: 1.1423  spend: -0.0749  w_freq: 0.449  w_spend: 0.589
Epoch  47/100 — train_loss: 0.4683  val_loss: 0.4378  freq: 1.1417  spend: -0.0750  w_freq: 0.448  w_spend: 0.591
Epoch  48/100 — train_loss: 0.4659  val_loss: 0.4346  freq: 1.1400  spend: -0.0768  w_freq: 0.448  w_spend: 0.592
Epoch  49/100 — train_loss: 0.4642  val_loss: 0.4343  freq: 1.1397  spend: -0.0748  w_freq: 0.447  w_spend: 0.594
Epoch  50/100 — train_loss: 0.4630  val_loss: 0.4316  freq: 1.1397  spend: -0.0771  w_freq: 0.447  w_spend: 0.595
Epoch  51/100 — train_loss: 0.4604  val_loss: 0.4298  freq: 1.1390  spend: -0.0772  w_freq: 0.446  w_spend: 0.597
Epoch  52/100 — train_loss: 0.4588  val_loss: 0.4310  freq: 1.1403  spend: -0.0740  w_freq: 0.446  w_spend: 0.598
Epoch  53/100 — train_loss: 0.4582  val_loss: 0.4289  freq: 1.1397  spend: -0.0750  w_freq: 0.445  w_spend: 0.600
Epoch  54/100 — train_loss: 0.4561  val_loss: 0.4269  freq: 1.1391  spend: -0.0761  w_freq: 0.445  w_spend: 0.601
Epoch  55/100 — train_loss: 0.4539  val_loss: 0.4253  freq: 1.1384  spend: -0.0765  w_freq: 0.445  w_spend: 0.602
Epoch  56/100 — train_loss: 0.4521  val_loss: 0.4239  freq: 1.1384  spend: -0.0770  w_freq: 0.444  w_spend: 0.603
Epoch  57/100 — train_loss: 0.4518  val_loss: 0.4232  freq: 1.1380  spend: -0.0761  w_freq: 0.444  w_spend: 0.604
Epoch  58/100 — train_loss: 0.4512  val_loss: 0.4207  freq: 1.1377  spend: -0.0783  w_freq: 0.444  w_spend: 0.606
Epoch  59/100 — train_loss: 0.4496  val_loss: 0.4209  freq: 1.1376  spend: -0.0763  w_freq: 0.443  w_spend: 0.607
Epoch  60/100 — train_loss: 0.4488  val_loss: 0.4191  freq: 1.1379  spend: -0.0779  w_freq: 0.443  w_spend: 0.608
Epoch  61/100 — train_loss: 0.4452  val_loss: 0.4181  freq: 1.1377  spend: -0.0779  w_freq: 0.443  w_spend: 0.609
Epoch  62/100 — train_loss: 0.4463  val_loss: 0.4175  freq: 1.1377  spend: -0.0774  w_freq: 0.443  w_spend: 0.610
Epoch  63/100 — train_loss: 0.4448  val_loss: 0.4155  freq: 1.1370  spend: -0.0787  w_freq: 0.442  w_spend: 0.611
Epoch  64/100 — train_loss: 0.4430  val_loss: 0.4149  freq: 1.1372  spend: -0.0784  w_freq: 0.442  w_spend: 0.612
Epoch  65/100 — train_loss: 0.4422  val_loss: 0.4140  freq: 1.1369  spend: -0.0783  w_freq: 0.442  w_spend: 0.613
Epoch  66/100 — train_loss: 0.4419  val_loss: 0.4128  freq: 1.1368  spend: -0.0790  w_freq: 0.442  w_spend: 0.614
Epoch  67/100 — train_loss: 0.4405  val_loss: 0.4121  freq: 1.1368  spend: -0.0789  w_freq: 0.441  w_spend: 0.614
Epoch  68/100 — train_loss: 0.4403  val_loss: 0.4115  freq: 1.1368  spend: -0.0788  w_freq: 0.441  w_spend: 0.615
Epoch  69/100 — train_loss: 0.4386  val_loss: 0.4105  freq: 1.1364  spend: -0.0792  w_freq: 0.441  w_spend: 0.616
Epoch  70/100 — train_loss: 0.4370  val_loss: 0.4104  freq: 1.1368  spend: -0.0787  w_freq: 0.441  w_spend: 0.617
Epoch  71/100 — train_loss: 0.4371  val_loss: 0.4098  freq: 1.1367  spend: -0.0786  w_freq: 0.441  w_spend: 0.617
Epoch  72/100 — train_loss: 0.4373  val_loss: 0.4087  freq: 1.1362  spend: -0.0793  w_freq: 0.441  w_spend: 0.618
Epoch  73/100 — train_loss: 0.4357  val_loss: 0.4079  freq: 1.1360  spend: -0.0795  w_freq: 0.440  w_spend: 0.619
Epoch  74/100 — train_loss: 0.4359  val_loss: 0.4080  freq: 1.1361  spend: -0.0787  w_freq: 0.440  w_spend: 0.619
Epoch  75/100 — train_loss: 0.4354  val_loss: 0.4071  freq: 1.1361  spend: -0.0796  w_freq: 0.440  w_spend: 0.620
Epoch  76/100 — train_loss: 0.4339  val_loss: 0.4066  freq: 1.1360  spend: -0.0796  w_freq: 0.440  w_spend: 0.620
Epoch  77/100 — train_loss: 0.4331  val_loss: 0.4060  freq: 1.1359  spend: -0.0799  w_freq: 0.440  w_spend: 0.620
Epoch  78/100 — train_loss: 0.4327  val_loss: 0.4055  freq: 1.1357  spend: -0.0799  w_freq: 0.440  w_spend: 0.621
Epoch  79/100 — train_loss: 0.4331  val_loss: 0.4053  freq: 1.1357  spend: -0.0797  w_freq: 0.440  w_spend: 0.621
Epoch  80/100 — train_loss: 0.4322  val_loss: 0.4049  freq: 1.1357  spend: -0.0799  w_freq: 0.440  w_spend: 0.622
Epoch  81/100 — train_loss: 0.4321  val_loss: 0.4043  freq: 1.1357  spend: -0.0804  w_freq: 0.440  w_spend: 0.622
Epoch  82/100 — train_loss: 0.4315  val_loss: 0.4045  freq: 1.1357  spend: -0.0797  w_freq: 0.439  w_spend: 0.622
Epoch  83/100 — train_loss: 0.4312  val_loss: 0.4039  freq: 1.1356  spend: -0.0803  w_freq: 0.439  w_spend: 0.623
Epoch  84/100 — train_loss: 0.4313  val_loss: 0.4037  freq: 1.1355  spend: -0.0801  w_freq: 0.439  w_spend: 0.623
Epoch  85/100 — train_loss: 0.4309  val_loss: 0.4035  freq: 1.1356  spend: -0.0803  w_freq: 0.439  w_spend: 0.623
Epoch  86/100 — train_loss: 0.4311  val_loss: 0.4033  freq: 1.1355  spend: -0.0803  w_freq: 0.439  w_spend: 0.623
Epoch  87/100 — train_loss: 0.4306  val_loss: 0.4032  freq: 1.1355  spend: -0.0803  w_freq: 0.439  w_spend: 0.623
Epoch  88/100 — train_loss: 0.4302  val_loss: 0.4031  freq: 1.1355  spend: -0.0802  w_freq: 0.439  w_spend: 0.623
Epoch  89/100 — train_loss: 0.4301  val_loss: 0.4029  freq: 1.1354  spend: -0.0804  w_freq: 0.439  w_spend: 0.624
Epoch  90/100 — train_loss: 0.4300  val_loss: 0.4030  freq: 1.1354  spend: -0.0801  w_freq: 0.439  w_spend: 0.624
Epoch  91/100 — train_loss: 0.4305  val_loss: 0.4027  freq: 1.1354  spend: -0.0805  w_freq: 0.439  w_spend: 0.624
Epoch  92/100 — train_loss: 0.4296  val_loss: 0.4027  freq: 1.1354  spend: -0.0804  w_freq: 0.439  w_spend: 0.624
Epoch  93/100 — train_loss: 0.4290  val_loss: 0.4028  freq: 1.1354  spend: -0.0802  w_freq: 0.439  w_spend: 0.624
Epoch  94/100 — train_loss: 0.4289  val_loss: 0.4027  freq: 1.1354  spend: -0.0803  w_freq: 0.439  w_spend: 0.624
Epoch  95/100 — train_loss: 0.4296  val_loss: 0.4026  freq: 1.1354  spend: -0.0804  w_freq: 0.439  w_spend: 0.624
Epoch  96/100 — train_loss: 0.4293  val_loss: 0.4026  freq: 1.1354  spend: -0.0804  w_freq: 0.439  w_spend: 0.624
Epoch  97/100 — train_loss: 0.4292  val_loss: 0.4026  freq: 1.1354  spend: -0.0804  w_freq: 0.439  w_spend: 0.624
Epoch  98/100 — train_loss: 0.4290  val_loss: 0.4026  freq: 1.1354  spend: -0.0804  w_freq: 0.439  w_spend: 0.624
Epoch  99/100 — train_loss: 0.4294  val_loss: 0.4026  freq: 1.1354  spend: -0.0804  w_freq: 0.439  w_spend: 0.624
Epoch 100/100 — train_loss: 0.4285  val_loss: 0.4026  freq: 1.1354  spend: -0.0804  w_freq: 0.439  w_spend: 0.624

Checkpoint saved: /kaggle/working/results/checkpoints/extension3_lstm_none_dunnhumby_final_seed7_sample.pt
Validation-fitted softmax temperature: 0.7500

Duan's smearing factor (val): 1.3759
Validation aggregate calibration: freq_factor=1.0779, spend_factor=0.9885

Running autoregressive inference on holdout period ...
  inference mode: sample  n_scenarios: 30  temperature: 0.7500

=== Prediction Diagnostics ===
  Mean predicted freq/week:    1.0318
  Mean actual freq/week:       1.1882
  Over-prediction ratio:       0.868x
  Customers predicted as zero total:  0.147
  Customers actually zero total:      0.188
  Non-zero rate (pred, avg > 0.05):  0.912
  Non-zero rate (true):               0.542

Metrics saved: /kaggle/working/results/tables/extension3_lstm_none_dunnhumby_final_seed7_sample_metrics.json
Array artifacts saved: /kaggle/working/results/tables/extension3_lstm_none_dunnhumby_final_seed7_sample_arrays.npz

=== Holdout Evaluation ===
  metric_definition_version: valendin_aggregate_mape_v1
  freq_rmse: 3.3530
  freq_mae: 2.0217
  freq_normalized_gini: 0.8512
  freq_calibration_factor: 1.0779
  freq_horizon_abs_bias_pct: 6.3977
  bias_pct: -6.3977
  freq_weekly_mae: 189.8833
  freq_weekly_total_true: 11872.0000
  freq_weekly_total_pred: 11112.4667
  freq_valendin_mape: 6.3977
  freq_horizon_bias_pct: -6.3977
  freq_weekly_mean_pct_mape: 6.3769
  freq_weekly_mean_pct_bias_pct: -6.3769
  freq_weekly_bias_pct: -6.3977
  freq_weekly_mape: 6.3977
  freq_mape: 6.3977
  freq_mase: 0.9596
  freq_mase_scale: 0.8235
  smearing_factor: 1.3759
  spend_calibration_factor: 0.9885
  spend_mae_raw: 63.6991
  spend_rmse_raw: 102.8716
  spend_normalized_gini: 0.8272
  spend_mae_log: 1.0083
  spend_rmse_log: 1.4322
  spend_r2_log: 0.5341
  spend_bias_pct: -3.7788
  spend_weekly_mae: 4344.2238
  spend_weekly_total_true: 347125.7605
  spend_weekly_total_pred: 334008.6943
  spend_valendin_mape: 5.0059
  spend_horizon_abs_bias_pct: 3.7788
  spend_horizon_bias_pct: -3.7788
  spend_weekly_mean_pct_mape: 4.9229
  spend_weekly_mean_pct_bias_pct: -3.6409
  spend_weekly_bias_pct: -3.7788
  spend_weekly_mape: 5.0059
  spend_mase: 0.9585
  spend_mase_scale: 27.5152
  clv_mae: 63.5304
  clv_rmse: 102.5936
  clv_spearman: 0.7946
  clv_decile_lift: 3.3756
  clv_normalized_gini: 0.8272
  clv_total_true: 346205.2188
  clv_total_pred: 333120.8750
  calibration_temperature_source: rolling_origin_autoregressive
  validation_temperature: 0.7500
  smearing_source: rolling_origin_autoregressive
  calibration_source: rolling_origin_autoregressive
  validation_freq_true_total: 2215.0000
  validation_freq_pred_total: 1916.5283
  validation_spend_true_total: 63355.4414
  validation_spend_pred_total: 64853.2539
  validation_freq_calibration_factor: 1.0779
  validation_spend_calibration_factor: 0.9885
  validation_rolling_origin_count: 2
  protocol_name: dunnhumby_configured_80x4
  cohort_size: 2498
  calibration_weeks: 80
  holdout_weeks: 4
  inference_mode: sample
  n_scenarios: 30
  final_manifest_version: 2026-05-20-results-recovery-protocol
  final_manifest_run_name: extension3_lstm_none_dunnhumby_final_seed7_sample
  final_manifest_config: experiments/configs/extension3_lstm_none_dunnhumby.yaml
  final_manifest_config_hash: 4c7fd1defbd6
  final_manifest_actual_config_hash: 3686de54f220
  final_manifest_seed: 7
  final_manifest_epochs: 100
  final_manifest_inference_mode: sample
  final_manifest_n_scenarios: 30
  run_valid: True
  run_invalid_reason: 
  run_warning: 
  epochs_completed: 100
  max_epochs_configured: 100
History saved: /kaggle/working/results/tables/extension3_lstm_none_dunnhumby_final_seed7_sample_history.json
