[Kaggle] raw_dir  → /kaggle/working/input/dunnhumby
[Kaggle] results  → /kaggle/working/results
Config: experiments/configs/extension3_lstm_none_dunnhumby.yaml
Run: extension3_lstm_none_dunnhumby_final_seed123_sample
Device: cuda
Loading dataset: dunnhumby ...
[pipeline] freq_cap=10 (auto q=0.99) → freq_bins=[0, 1, 2, 3]... (n_classes=11)
  Train customers: 2249, Val: 249, Inference: 2498
[dunnhumby] Customers with 0 calibration transactions: 0 / 2498
  top-bin decode: class_values[-1] = 13.099 (max_trans = 10)
Model: lstm — 99,577 parameters

Training for up to 100 epochs ...
/kaggle/working/thesis-code/src/training/trainer.py:116: FutureWarning: `torch.cuda.amp.GradScaler(args...)` is deprecated. Please use `torch.amp.GradScaler('cuda', args...)` instead.
  self.scaler = torch.cuda.amp.GradScaler(enabled=self.amp_enabled)
[Kendall] log_vars frozen for 5 warm-up epochs.
Epoch   1/100 — train_loss: 1.3187  val_loss: 1.3125  freq: 2.3741  spend: 0.2509  w_freq: 0.500  w_spend: 0.500
Epoch   2/100 — train_loss: 1.3022  val_loss: 1.2860  freq: 2.3237  spend: 0.2482  w_freq: 0.500  w_spend: 0.500
Epoch   3/100 — train_loss: 1.2656  val_loss: 1.2307  freq: 2.2197  spend: 0.2416  w_freq: 0.500  w_spend: 0.500
Epoch   4/100 — train_loss: 1.1793  val_loss: 1.0732  freq: 1.9307  spend: 0.2157  w_freq: 0.500  w_spend: 0.500
Epoch   5/100 — train_loss: 0.9681  val_loss: 0.8406  freq: 1.5351  spend: 0.1462  w_freq: 0.500  w_spend: 0.500
[Kendall] log_vars unfrozen at epoch 6.
Epoch   6/100 — train_loss: 0.8302  val_loss: 0.7761  freq: 1.3985  spend: 0.1592  w_freq: 0.499  w_spend: 0.501
Epoch   7/100 — train_loss: 0.7810  val_loss: 0.7150  freq: 1.3166  spend: 0.1240  w_freq: 0.497  w_spend: 0.503
Epoch   8/100 — train_loss: 0.7329  val_loss: 0.6735  freq: 1.2676  spend: 0.0956  w_freq: 0.495  w_spend: 0.506
Epoch   9/100 — train_loss: 0.6970  val_loss: 0.6436  freq: 1.2529  spend: 0.0565  w_freq: 0.492  w_spend: 0.508
Epoch  10/100 — train_loss: 0.6739  val_loss: 0.6235  freq: 1.2449  spend: 0.0304  w_freq: 0.490  w_spend: 0.511
Epoch  11/100 — train_loss: 0.6532  val_loss: 0.6075  freq: 1.2396  spend: 0.0101  w_freq: 0.488  w_spend: 0.513
Epoch  12/100 — train_loss: 0.6382  val_loss: 0.5958  freq: 1.2376  spend: -0.0047  w_freq: 0.486  w_spend: 0.516
Epoch  13/100 — train_loss: 0.6261  val_loss: 0.5856  freq: 1.2338  spend: -0.0148  w_freq: 0.484  w_spend: 0.519
Epoch  14/100 — train_loss: 0.6158  val_loss: 0.5751  freq: 1.2295  spend: -0.0253  w_freq: 0.482  w_spend: 0.521
Epoch  15/100 — train_loss: 0.6042  val_loss: 0.5645  freq: 1.2243  spend: -0.0355  w_freq: 0.480  w_spend: 0.524
Epoch  16/100 — train_loss: 0.5934  val_loss: 0.5552  freq: 1.2192  spend: -0.0432  w_freq: 0.479  w_spend: 0.527
Epoch  17/100 — train_loss: 0.5856  val_loss: 0.5478  freq: 1.2131  spend: -0.0465  w_freq: 0.477  w_spend: 0.529
Epoch  18/100 — train_loss: 0.5757  val_loss: 0.5398  freq: 1.2079  spend: -0.0518  w_freq: 0.475  w_spend: 0.532
Epoch  19/100 — train_loss: 0.5687  val_loss: 0.5324  freq: 1.2008  spend: -0.0545  w_freq: 0.474  w_spend: 0.534
Epoch  20/100 — train_loss: 0.5626  val_loss: 0.5267  freq: 1.1943  spend: -0.0550  w_freq: 0.472  w_spend: 0.536
Epoch  21/100 — train_loss: 0.5561  val_loss: 0.5202  freq: 1.1881  spend: -0.0573  w_freq: 0.471  w_spend: 0.539
Epoch  22/100 — train_loss: 0.5505  val_loss: 0.5172  freq: 1.1843  spend: -0.0555  w_freq: 0.470  w_spend: 0.541
Epoch  23/100 — train_loss: 0.5471  val_loss: 0.5106  freq: 1.1812  spend: -0.0612  w_freq: 0.469  w_spend: 0.543
Epoch  24/100 — train_loss: 0.5413  val_loss: 0.5069  freq: 1.1778  spend: -0.0607  w_freq: 0.468  w_spend: 0.545
Epoch  25/100 — train_loss: 0.5374  val_loss: 0.5043  freq: 1.1758  spend: -0.0596  w_freq: 0.467  w_spend: 0.547
Epoch  26/100 — train_loss: 0.5328  val_loss: 0.5001  freq: 1.1737  spend: -0.0617  w_freq: 0.466  w_spend: 0.549
Epoch  27/100 — train_loss: 0.5292  val_loss: 0.4939  freq: 1.1717  spend: -0.0675  w_freq: 0.465  w_spend: 0.551
Epoch  28/100 — train_loss: 0.5260  val_loss: 0.4908  freq: 1.1698  spend: -0.0675  w_freq: 0.464  w_spend: 0.553
Epoch  29/100 — train_loss: 0.5216  val_loss: 0.4865  freq: 1.1676  spend: -0.0693  w_freq: 0.463  w_spend: 0.556
Epoch  30/100 — train_loss: 0.5181  val_loss: 0.4825  freq: 1.1651  spend: -0.0704  w_freq: 0.462  w_spend: 0.558
Epoch  31/100 — train_loss: 0.5139  val_loss: 0.4794  freq: 1.1629  spend: -0.0701  w_freq: 0.461  w_spend: 0.560
Epoch  32/100 — train_loss: 0.5114  val_loss: 0.4779  freq: 1.1653  spend: -0.0711  w_freq: 0.460  w_spend: 0.562
Epoch  33/100 — train_loss: 0.5077  val_loss: 0.4734  freq: 1.1598  spend: -0.0710  w_freq: 0.459  w_spend: 0.564
Epoch  34/100 — train_loss: 0.5053  val_loss: 0.4712  freq: 1.1596  spend: -0.0714  w_freq: 0.458  w_spend: 0.566
Epoch  35/100 — train_loss: 0.5013  val_loss: 0.4698  freq: 1.1599  spend: -0.0710  w_freq: 0.457  w_spend: 0.568
Epoch  36/100 — train_loss: 0.4995  val_loss: 0.4650  freq: 1.1562  spend: -0.0731  w_freq: 0.457  w_spend: 0.570
Epoch  37/100 — train_loss: 0.4970  val_loss: 0.4635  freq: 1.1556  spend: -0.0722  w_freq: 0.456  w_spend: 0.572
Epoch  38/100 — train_loss: 0.4935  val_loss: 0.4613  freq: 1.1539  spend: -0.0717  w_freq: 0.455  w_spend: 0.574
Epoch  39/100 — train_loss: 0.4908  val_loss: 0.4574  freq: 1.1526  spend: -0.0746  w_freq: 0.454  w_spend: 0.576
Epoch  40/100 — train_loss: 0.4879  val_loss: 0.4579  freq: 1.1526  spend: -0.0705  w_freq: 0.454  w_spend: 0.577
Epoch  41/100 — train_loss: 0.4862  val_loss: 0.4526  freq: 1.1508  spend: -0.0751  w_freq: 0.453  w_spend: 0.579
Epoch  42/100 — train_loss: 0.4840  val_loss: 0.4537  freq: 1.1507  spend: -0.0703  w_freq: 0.452  w_spend: 0.581
Epoch  43/100 — train_loss: 0.4823  val_loss: 0.4498  freq: 1.1493  spend: -0.0733  w_freq: 0.452  w_spend: 0.583
Epoch  44/100 — train_loss: 0.4792  val_loss: 0.4469  freq: 1.1486  spend: -0.0753  w_freq: 0.451  w_spend: 0.584
Epoch  45/100 — train_loss: 0.4778  val_loss: 0.4450  freq: 1.1480  spend: -0.0756  w_freq: 0.451  w_spend: 0.586
Epoch  46/100 — train_loss: 0.4750  val_loss: 0.4431  freq: 1.1474  spend: -0.0757  w_freq: 0.450  w_spend: 0.587
Epoch  47/100 — train_loss: 0.4731  val_loss: 0.4414  freq: 1.1463  spend: -0.0750  w_freq: 0.450  w_spend: 0.589
Epoch  48/100 — train_loss: 0.4705  val_loss: 0.4403  freq: 1.1473  spend: -0.0752  w_freq: 0.449  w_spend: 0.591
Epoch  49/100 — train_loss: 0.4696  val_loss: 0.4388  freq: 1.1463  spend: -0.0747  w_freq: 0.449  w_spend: 0.592
Epoch  50/100 — train_loss: 0.4673  val_loss: 0.4358  freq: 1.1456  spend: -0.0769  w_freq: 0.448  w_spend: 0.594
Epoch  51/100 — train_loss: 0.4657  val_loss: 0.4346  freq: 1.1450  spend: -0.0762  w_freq: 0.448  w_spend: 0.595
Epoch  52/100 — train_loss: 0.4645  val_loss: 0.4330  freq: 1.1449  spend: -0.0768  w_freq: 0.448  w_spend: 0.597
Epoch  53/100 — train_loss: 0.4628  val_loss: 0.4322  freq: 1.1464  spend: -0.0771  w_freq: 0.447  w_spend: 0.598
Epoch  54/100 — train_loss: 0.4610  val_loss: 0.4312  freq: 1.1457  spend: -0.0765  w_freq: 0.447  w_spend: 0.599
Epoch  55/100 — train_loss: 0.4603  val_loss: 0.4292  freq: 1.1444  spend: -0.0771  w_freq: 0.447  w_spend: 0.600
Epoch  56/100 — train_loss: 0.4576  val_loss: 0.4279  freq: 1.1451  spend: -0.0778  w_freq: 0.446  w_spend: 0.602
Epoch  57/100 — train_loss: 0.4578  val_loss: 0.4262  freq: 1.1437  spend: -0.0779  w_freq: 0.446  w_spend: 0.603
Epoch  58/100 — train_loss: 0.4551  val_loss: 0.4247  freq: 1.1429  spend: -0.0780  w_freq: 0.446  w_spend: 0.604
Epoch  59/100 — train_loss: 0.4530  val_loss: 0.4241  freq: 1.1426  spend: -0.0771  w_freq: 0.445  w_spend: 0.605
Epoch  60/100 — train_loss: 0.4530  val_loss: 0.4223  freq: 1.1430  spend: -0.0787  w_freq: 0.445  w_spend: 0.606
Epoch  61/100 — train_loss: 0.4515  val_loss: 0.4220  freq: 1.1425  spend: -0.0774  w_freq: 0.445  w_spend: 0.607
Epoch  62/100 — train_loss: 0.4505  val_loss: 0.4210  freq: 1.1422  spend: -0.0774  w_freq: 0.444  w_spend: 0.608
Epoch  63/100 — train_loss: 0.4483  val_loss: 0.4197  freq: 1.1425  spend: -0.0783  w_freq: 0.444  w_spend: 0.609
Epoch  64/100 — train_loss: 0.4481  val_loss: 0.4188  freq: 1.1422  spend: -0.0784  w_freq: 0.444  w_spend: 0.610
Epoch  65/100 — train_loss: 0.4485  val_loss: 0.4179  freq: 1.1423  spend: -0.0785  w_freq: 0.444  w_spend: 0.611
Epoch  66/100 — train_loss: 0.4470  val_loss: 0.4168  freq: 1.1417  spend: -0.0788  w_freq: 0.443  w_spend: 0.612
Epoch  67/100 — train_loss: 0.4458  val_loss: 0.4162  freq: 1.1413  spend: -0.0784  w_freq: 0.443  w_spend: 0.613
Epoch  68/100 — train_loss: 0.4436  val_loss: 0.4156  freq: 1.1412  spend: -0.0782  w_freq: 0.443  w_spend: 0.613
Epoch  69/100 — train_loss: 0.4442  val_loss: 0.4145  freq: 1.1413  spend: -0.0790  w_freq: 0.443  w_spend: 0.614
Epoch  70/100 — train_loss: 0.4423  val_loss: 0.4137  freq: 1.1411  spend: -0.0791  w_freq: 0.443  w_spend: 0.615
Epoch  71/100 — train_loss: 0.4423  val_loss: 0.4127  freq: 1.1411  spend: -0.0798  w_freq: 0.443  w_spend: 0.615
Epoch  72/100 — train_loss: 0.4412  val_loss: 0.4121  freq: 1.1411  spend: -0.0799  w_freq: 0.442  w_spend: 0.616
Epoch  73/100 — train_loss: 0.4406  val_loss: 0.4113  freq: 1.1409  spend: -0.0801  w_freq: 0.442  w_spend: 0.617
Epoch  74/100 — train_loss: 0.4407  val_loss: 0.4108  freq: 1.1409  spend: -0.0802  w_freq: 0.442  w_spend: 0.617
Epoch  75/100 — train_loss: 0.4396  val_loss: 0.4105  freq: 1.1408  spend: -0.0800  w_freq: 0.442  w_spend: 0.618
Epoch  76/100 — train_loss: 0.4381  val_loss: 0.4099  freq: 1.1408  spend: -0.0803  w_freq: 0.442  w_spend: 0.618
Epoch  77/100 — train_loss: 0.4387  val_loss: 0.4091  freq: 1.1406  spend: -0.0807  w_freq: 0.442  w_spend: 0.619
Epoch  78/100 — train_loss: 0.4376  val_loss: 0.4091  freq: 1.1405  spend: -0.0800  w_freq: 0.442  w_spend: 0.619
Epoch  79/100 — train_loss: 0.4370  val_loss: 0.4088  freq: 1.1404  spend: -0.0799  w_freq: 0.441  w_spend: 0.620
Epoch  80/100 — train_loss: 0.4367  val_loss: 0.4092  freq: 1.1404  spend: -0.0788  w_freq: 0.441  w_spend: 0.620
Epoch  81/100 — train_loss: 0.4364  val_loss: 0.4080  freq: 1.1404  spend: -0.0803  w_freq: 0.441  w_spend: 0.620
Epoch  82/100 — train_loss: 0.4358  val_loss: 0.4075  freq: 1.1404  spend: -0.0808  w_freq: 0.441  w_spend: 0.621
Epoch  83/100 — train_loss: 0.4356  val_loss: 0.4077  freq: 1.1403  spend: -0.0801  w_freq: 0.441  w_spend: 0.621
Epoch  84/100 — train_loss: 0.4358  val_loss: 0.4072  freq: 1.1402  spend: -0.0804  w_freq: 0.441  w_spend: 0.621
Epoch  85/100 — train_loss: 0.4350  val_loss: 0.4072  freq: 1.1403  spend: -0.0803  w_freq: 0.441  w_spend: 0.621
Epoch  86/100 — train_loss: 0.4362  val_loss: 0.4070  freq: 1.1402  spend: -0.0803  w_freq: 0.441  w_spend: 0.621
Epoch  87/100 — train_loss: 0.4345  val_loss: 0.4065  freq: 1.1402  spend: -0.0808  w_freq: 0.441  w_spend: 0.622
Epoch  88/100 — train_loss: 0.4350  val_loss: 0.4067  freq: 1.1402  spend: -0.0803  w_freq: 0.441  w_spend: 0.622
Epoch  89/100 — train_loss: 0.4340  val_loss: 0.4065  freq: 1.1402  spend: -0.0805  w_freq: 0.441  w_spend: 0.622
Epoch  90/100 — train_loss: 0.4351  val_loss: 0.4064  freq: 1.1402  spend: -0.0806  w_freq: 0.441  w_spend: 0.622
Epoch  91/100 — train_loss: 0.4344  val_loss: 0.4062  freq: 1.1402  spend: -0.0807  w_freq: 0.441  w_spend: 0.622
Epoch  92/100 — train_loss: 0.4335  val_loss: 0.4063  freq: 1.1401  spend: -0.0804  w_freq: 0.441  w_spend: 0.622
Epoch  93/100 — train_loss: 0.4347  val_loss: 0.4062  freq: 1.1401  spend: -0.0806  w_freq: 0.441  w_spend: 0.622
Epoch  94/100 — train_loss: 0.4340  val_loss: 0.4061  freq: 1.1401  spend: -0.0806  w_freq: 0.441  w_spend: 0.622
Epoch  95/100 — train_loss: 0.4341  val_loss: 0.4060  freq: 1.1401  spend: -0.0807  w_freq: 0.441  w_spend: 0.622
Epoch  96/100 — train_loss: 0.4334  val_loss: 0.4060  freq: 1.1401  spend: -0.0807  w_freq: 0.441  w_spend: 0.622
Epoch  97/100 — train_loss: 0.4338  val_loss: 0.4061  freq: 1.1401  spend: -0.0806  w_freq: 0.441  w_spend: 0.622
Epoch  98/100 — train_loss: 0.4342  val_loss: 0.4061  freq: 1.1401  spend: -0.0806  w_freq: 0.441  w_spend: 0.622
Epoch  99/100 — train_loss: 0.4345  val_loss: 0.4061  freq: 1.1401  spend: -0.0806  w_freq: 0.441  w_spend: 0.622
Epoch 100/100 — train_loss: 0.4350  val_loss: 0.4061  freq: 1.1401  spend: -0.0806  w_freq: 0.441  w_spend: 0.622

Checkpoint saved: /kaggle/working/results/checkpoints/extension3_lstm_none_dunnhumby_final_seed123_sample.pt
Validation-fitted softmax temperature: 0.7500

Duan's smearing factor (val): 1.3660
Validation aggregate calibration: freq_factor=1.0796, spend_factor=0.9890

Running autoregressive inference on holdout period ...
  inference mode: sample  n_scenarios: 30  temperature: 0.7500

=== Prediction Diagnostics ===
  Mean predicted freq/week:    1.0143
  Mean actual freq/week:       1.1882
  Over-prediction ratio:       0.854x
  Customers predicted as zero total:  0.161
  Customers actually zero total:      0.188
  Non-zero rate (pred, avg > 0.05):  0.910
  Non-zero rate (true):               0.542

Metrics saved: /kaggle/working/results/tables/extension3_lstm_none_dunnhumby_final_seed123_sample_metrics.json
Array artifacts saved: /kaggle/working/results/tables/extension3_lstm_none_dunnhumby_final_seed123_sample_arrays.npz

=== Holdout Evaluation ===
  metric_definition_version: valendin_aggregate_mape_v1
  freq_rmse: 3.4384
  freq_mae: 2.0208
  freq_normalized_gini: 0.8499
  freq_calibration_factor: 1.0796
  freq_horizon_abs_bias_pct: 7.8369
  bias_pct: -7.8369
  freq_weekly_mae: 232.5992
  freq_weekly_total_true: 11872.0000
  freq_weekly_total_pred: 10941.6031
  freq_valendin_mape: 7.8369
  freq_horizon_bias_pct: -7.8369
  freq_weekly_mean_pct_mape: 7.8335
  freq_weekly_mean_pct_bias_pct: -7.8335
  freq_weekly_bias_pct: -7.8369
  freq_weekly_mape: 7.8369
  freq_mape: 7.8369
  freq_mase: 0.9615
  freq_mase_scale: 0.8235
  smearing_factor: 1.3660
  spend_calibration_factor: 0.9890
  spend_mae_raw: 63.8250
  spend_rmse_raw: 103.2863
  spend_normalized_gini: 0.8281
  spend_mae_log: 1.0015
  spend_rmse_log: 1.4263
  spend_r2_log: 0.5379
  spend_bias_pct: -3.4482
  spend_weekly_mae: 2992.4184
  spend_weekly_total_true: 347125.7605
  spend_weekly_total_pred: 335156.0868
  spend_valendin_mape: 3.4482
  spend_horizon_abs_bias_pct: 3.4482
  spend_horizon_bias_pct: -3.4482
  spend_weekly_mean_pct_mape: 3.4168
  spend_weekly_mean_pct_bias_pct: -3.4168
  spend_weekly_bias_pct: -3.4482
  spend_weekly_mape: 3.4482
  spend_mase: 0.9610
  spend_mase_scale: 27.5152
  clv_mae: 63.6545
  clv_rmse: 103.0057
  clv_spearman: 0.7959
  clv_decile_lift: 3.3619
  clv_normalized_gini: 0.8281
  clv_total_true: 346205.2188
  clv_total_pred: 334266.2500
  calibration_temperature_source: rolling_origin_autoregressive
  validation_temperature: 0.7500
  smearing_source: rolling_origin_autoregressive
  calibration_source: rolling_origin_autoregressive
  validation_freq_true_total: 2215.0000
  validation_freq_pred_total: 1910.7676
  validation_spend_true_total: 63355.4414
  validation_spend_pred_total: 64779.5547
  validation_freq_calibration_factor: 1.0796
  validation_spend_calibration_factor: 0.9890
  validation_rolling_origin_count: 2
  protocol_name: dunnhumby_configured_80x4
  cohort_size: 2498
  calibration_weeks: 80
  holdout_weeks: 4
  inference_mode: sample
  n_scenarios: 30
  final_manifest_version: 2026-05-20-results-recovery-protocol
  final_manifest_run_name: extension3_lstm_none_dunnhumby_final_seed123_sample
  final_manifest_config: experiments/configs/extension3_lstm_none_dunnhumby.yaml
  final_manifest_config_hash: 4c7fd1defbd6
  final_manifest_actual_config_hash: 3ca3827dda6d
  final_manifest_seed: 123
  final_manifest_epochs: 100
  final_manifest_inference_mode: sample
  final_manifest_n_scenarios: 30
  run_valid: True
  run_invalid_reason: 
  run_warning: 
  epochs_completed: 100
  max_epochs_configured: 100
History saved: /kaggle/working/results/tables/extension3_lstm_none_dunnhumby_final_seed123_sample_history.json
