[Kaggle] raw_dir  → /kaggle/working/input/dunnhumby
[Kaggle] results  → /kaggle/working/results
Config: experiments/configs/extension3_lstm_none_dunnhumby.yaml
Run: extension3_lstm_none_dunnhumby_final_seed42_sample
Device: cuda
Loading dataset: dunnhumby ...
[pipeline] freq_cap=10 (auto q=0.99) → freq_bins=[0, 1, 2, 3]... (n_classes=11)
  Train customers: 2249, Val: 249, Inference: 2498
[dunnhumby] Customers with 0 calibration transactions: 0 / 2498
  top-bin decode: class_values[-1] = 13.099 (max_trans = 10)
Model: lstm — 99,577 parameters

Training for up to 100 epochs ...
/kaggle/working/thesis-code/src/training/trainer.py:116: FutureWarning: `torch.cuda.amp.GradScaler(args...)` is deprecated. Please use `torch.amp.GradScaler('cuda', args...)` instead.
  self.scaler = torch.cuda.amp.GradScaler(enabled=self.amp_enabled)
[Kendall] log_vars frozen for 5 warm-up epochs.
Epoch   1/100 — train_loss: 1.3161  val_loss: 1.3083  freq: 2.3680  spend: 0.2487  w_freq: 0.500  w_spend: 0.500
Epoch   2/100 — train_loss: 1.2953  val_loss: 1.2732  freq: 2.3011  spend: 0.2452  w_freq: 0.500  w_spend: 0.500
Epoch   3/100 — train_loss: 1.2469  val_loss: 1.1961  freq: 2.1568  spend: 0.2355  w_freq: 0.500  w_spend: 0.500
Epoch   4/100 — train_loss: 1.1270  val_loss: 0.9787  freq: 1.7613  spend: 0.1961  w_freq: 0.500  w_spend: 0.500
Epoch   5/100 — train_loss: 0.9209  val_loss: 0.8331  freq: 1.5168  spend: 0.1495  w_freq: 0.500  w_spend: 0.500
[Kendall] log_vars unfrozen at epoch 6.
Epoch   6/100 — train_loss: 0.8362  val_loss: 0.7839  freq: 1.4144  spend: 0.1590  w_freq: 0.499  w_spend: 0.501
Epoch   7/100 — train_loss: 0.7968  val_loss: 0.7361  freq: 1.3464  spend: 0.1367  w_freq: 0.497  w_spend: 0.503
Epoch   8/100 — train_loss: 0.7569  val_loss: 0.7043  freq: 1.2936  spend: 0.1310  w_freq: 0.495  w_spend: 0.506
Epoch   9/100 — train_loss: 0.7226  val_loss: 0.6634  freq: 1.2411  spend: 0.1068  w_freq: 0.492  w_spend: 0.508
Epoch  10/100 — train_loss: 0.6924  val_loss: 0.6403  freq: 1.2202  spend: 0.0868  w_freq: 0.490  w_spend: 0.511
Epoch  11/100 — train_loss: 0.6677  val_loss: 0.6185  freq: 1.2119  spend: 0.0572  w_freq: 0.488  w_spend: 0.513
Epoch  12/100 — train_loss: 0.6471  val_loss: 0.6021  freq: 1.2082  spend: 0.0339  w_freq: 0.487  w_spend: 0.516
Epoch  13/100 — train_loss: 0.6302  val_loss: 0.5892  freq: 1.2055  spend: 0.0164  w_freq: 0.485  w_spend: 0.518
Epoch  14/100 — train_loss: 0.6190  val_loss: 0.5796  freq: 1.2070  spend: 0.0014  w_freq: 0.483  w_spend: 0.520
Epoch  15/100 — train_loss: 0.6091  val_loss: 0.5703  freq: 1.2098  spend: -0.0138  w_freq: 0.482  w_spend: 0.523
Epoch  16/100 — train_loss: 0.6009  val_loss: 0.5615  freq: 1.2090  spend: -0.0249  w_freq: 0.480  w_spend: 0.525
Epoch  17/100 — train_loss: 0.5916  val_loss: 0.5524  freq: 1.2049  spend: -0.0333  w_freq: 0.479  w_spend: 0.528
Epoch  18/100 — train_loss: 0.5827  val_loss: 0.5435  freq: 1.1956  spend: -0.0370  w_freq: 0.477  w_spend: 0.530
Epoch  19/100 — train_loss: 0.5736  val_loss: 0.5342  freq: 1.1861  spend: -0.0413  w_freq: 0.476  w_spend: 0.533
Epoch  20/100 — train_loss: 0.5645  val_loss: 0.5294  freq: 1.1783  spend: -0.0395  w_freq: 0.475  w_spend: 0.535
Epoch  21/100 — train_loss: 0.5575  val_loss: 0.5206  freq: 1.1746  spend: -0.0489  w_freq: 0.474  w_spend: 0.537
Epoch  22/100 — train_loss: 0.5516  val_loss: 0.5153  freq: 1.1710  spend: -0.0519  w_freq: 0.473  w_spend: 0.539
Epoch  23/100 — train_loss: 0.5458  val_loss: 0.5114  freq: 1.1673  spend: -0.0524  w_freq: 0.472  w_spend: 0.541
Epoch  24/100 — train_loss: 0.5426  val_loss: 0.5094  freq: 1.1657  spend: -0.0511  w_freq: 0.471  w_spend: 0.542
Epoch  25/100 — train_loss: 0.5384  val_loss: 0.5023  freq: 1.1640  spend: -0.0593  w_freq: 0.470  w_spend: 0.544
Epoch  26/100 — train_loss: 0.5337  val_loss: 0.4979  freq: 1.1607  spend: -0.0604  w_freq: 0.469  w_spend: 0.546
Epoch  27/100 — train_loss: 0.5296  val_loss: 0.4931  freq: 1.1583  spend: -0.0626  w_freq: 0.468  w_spend: 0.549
Epoch  28/100 — train_loss: 0.5270  val_loss: 0.4899  freq: 1.1567  spend: -0.0630  w_freq: 0.467  w_spend: 0.551
Epoch  29/100 — train_loss: 0.5214  val_loss: 0.4864  freq: 1.1552  spend: -0.0641  w_freq: 0.466  w_spend: 0.553
Epoch  30/100 — train_loss: 0.5187  val_loss: 0.4844  freq: 1.1543  spend: -0.0628  w_freq: 0.465  w_spend: 0.555
Epoch  31/100 — train_loss: 0.5144  val_loss: 0.4799  freq: 1.1525  spend: -0.0653  w_freq: 0.464  w_spend: 0.558
Epoch  32/100 — train_loss: 0.5122  val_loss: 0.4778  freq: 1.1523  spend: -0.0646  w_freq: 0.463  w_spend: 0.560
Epoch  33/100 — train_loss: 0.5088  val_loss: 0.4737  freq: 1.1501  spend: -0.0665  w_freq: 0.462  w_spend: 0.562
Epoch  34/100 — train_loss: 0.5056  val_loss: 0.4725  freq: 1.1491  spend: -0.0646  w_freq: 0.461  w_spend: 0.564
Epoch  35/100 — train_loss: 0.5024  val_loss: 0.4695  freq: 1.1493  spend: -0.0668  w_freq: 0.461  w_spend: 0.566
Epoch  36/100 — train_loss: 0.5011  val_loss: 0.4661  freq: 1.1475  spend: -0.0682  w_freq: 0.460  w_spend: 0.568
Epoch  37/100 — train_loss: 0.4989  val_loss: 0.4666  freq: 1.1475  spend: -0.0644  w_freq: 0.459  w_spend: 0.570
Epoch  38/100 — train_loss: 0.4959  val_loss: 0.4625  freq: 1.1461  spend: -0.0676  w_freq: 0.459  w_spend: 0.571
Epoch  39/100 — train_loss: 0.4932  val_loss: 0.4602  freq: 1.1463  spend: -0.0689  w_freq: 0.458  w_spend: 0.573
Epoch  40/100 — train_loss: 0.4915  val_loss: 0.4600  freq: 1.1474  spend: -0.0667  w_freq: 0.457  w_spend: 0.575
Epoch  41/100 — train_loss: 0.4893  val_loss: 0.4567  freq: 1.1452  spend: -0.0677  w_freq: 0.457  w_spend: 0.577
Epoch  42/100 — train_loss: 0.4862  val_loss: 0.4540  freq: 1.1443  spend: -0.0685  w_freq: 0.456  w_spend: 0.579
Epoch  43/100 — train_loss: 0.4838  val_loss: 0.4514  freq: 1.1434  spend: -0.0692  w_freq: 0.455  w_spend: 0.581
Epoch  44/100 — train_loss: 0.4807  val_loss: 0.4497  freq: 1.1435  spend: -0.0696  w_freq: 0.455  w_spend: 0.582
Epoch  45/100 — train_loss: 0.4794  val_loss: 0.4491  freq: 1.1429  spend: -0.0675  w_freq: 0.454  w_spend: 0.584
Epoch  46/100 — train_loss: 0.4773  val_loss: 0.4457  freq: 1.1421  spend: -0.0702  w_freq: 0.454  w_spend: 0.586
Epoch  47/100 — train_loss: 0.4747  val_loss: 0.4432  freq: 1.1416  spend: -0.0716  w_freq: 0.453  w_spend: 0.587
Epoch  48/100 — train_loss: 0.4734  val_loss: 0.4410  freq: 1.1409  spend: -0.0724  w_freq: 0.453  w_spend: 0.589
Epoch  49/100 — train_loss: 0.4722  val_loss: 0.4402  freq: 1.1405  spend: -0.0713  w_freq: 0.452  w_spend: 0.590
Epoch  50/100 — train_loss: 0.4721  val_loss: 0.4409  freq: 1.1411  spend: -0.0688  w_freq: 0.452  w_spend: 0.592
Epoch  51/100 — train_loss: 0.4691  val_loss: 0.4373  freq: 1.1405  spend: -0.0727  w_freq: 0.451  w_spend: 0.593
Epoch  52/100 — train_loss: 0.4671  val_loss: 0.4357  freq: 1.1397  spend: -0.0728  w_freq: 0.451  w_spend: 0.594
Epoch  53/100 — train_loss: 0.4661  val_loss: 0.4344  freq: 1.1394  spend: -0.0726  w_freq: 0.451  w_spend: 0.595
Epoch  54/100 — train_loss: 0.4635  val_loss: 0.4333  freq: 1.1392  spend: -0.0722  w_freq: 0.450  w_spend: 0.597
Epoch  55/100 — train_loss: 0.4629  val_loss: 0.4316  freq: 1.1394  spend: -0.0732  w_freq: 0.450  w_spend: 0.598
Epoch  56/100 — train_loss: 0.4616  val_loss: 0.4295  freq: 1.1385  spend: -0.0741  w_freq: 0.450  w_spend: 0.599
Epoch  57/100 — train_loss: 0.4601  val_loss: 0.4293  freq: 1.1385  spend: -0.0726  w_freq: 0.449  w_spend: 0.600
Epoch  58/100 — train_loss: 0.4592  val_loss: 0.4268  freq: 1.1380  spend: -0.0747  w_freq: 0.449  w_spend: 0.602
Epoch  59/100 — train_loss: 0.4581  val_loss: 0.4269  freq: 1.1385  spend: -0.0734  w_freq: 0.449  w_spend: 0.603
Epoch  60/100 — train_loss: 0.4559  val_loss: 0.4258  freq: 1.1385  spend: -0.0738  w_freq: 0.448  w_spend: 0.604
Epoch  61/100 — train_loss: 0.4548  val_loss: 0.4239  freq: 1.1376  spend: -0.0746  w_freq: 0.448  w_spend: 0.605
Epoch  62/100 — train_loss: 0.4522  val_loss: 0.4227  freq: 1.1376  spend: -0.0751  w_freq: 0.448  w_spend: 0.606
Epoch  63/100 — train_loss: 0.4523  val_loss: 0.4215  freq: 1.1375  spend: -0.0755  w_freq: 0.447  w_spend: 0.607
Epoch  64/100 — train_loss: 0.4518  val_loss: 0.4215  freq: 1.1379  spend: -0.0745  w_freq: 0.447  w_spend: 0.608
Epoch  65/100 — train_loss: 0.4506  val_loss: 0.4195  freq: 1.1370  spend: -0.0755  w_freq: 0.447  w_spend: 0.609
Epoch  66/100 — train_loss: 0.4500  val_loss: 0.4188  freq: 1.1369  spend: -0.0755  w_freq: 0.447  w_spend: 0.609
Epoch  67/100 — train_loss: 0.4484  val_loss: 0.4180  freq: 1.1368  spend: -0.0755  w_freq: 0.446  w_spend: 0.610
Epoch  68/100 — train_loss: 0.4473  val_loss: 0.4175  freq: 1.1372  spend: -0.0754  w_freq: 0.446  w_spend: 0.611
Epoch  69/100 — train_loss: 0.4468  val_loss: 0.4167  freq: 1.1364  spend: -0.0751  w_freq: 0.446  w_spend: 0.612
Epoch  70/100 — train_loss: 0.4465  val_loss: 0.4160  freq: 1.1362  spend: -0.0751  w_freq: 0.446  w_spend: 0.613
Epoch  71/100 — train_loss: 0.4455  val_loss: 0.4164  freq: 1.1363  spend: -0.0736  w_freq: 0.446  w_spend: 0.613
Epoch  72/100 — train_loss: 0.4435  val_loss: 0.4145  freq: 1.1361  spend: -0.0756  w_freq: 0.445  w_spend: 0.614
Epoch  73/100 — train_loss: 0.4438  val_loss: 0.4142  freq: 1.1360  spend: -0.0753  w_freq: 0.445  w_spend: 0.614
Epoch  74/100 — train_loss: 0.4429  val_loss: 0.4141  freq: 1.1365  spend: -0.0751  w_freq: 0.445  w_spend: 0.615
Epoch  75/100 — train_loss: 0.4428  val_loss: 0.4132  freq: 1.1360  spend: -0.0755  w_freq: 0.445  w_spend: 0.615
Epoch  76/100 — train_loss: 0.4421  val_loss: 0.4128  freq: 1.1358  spend: -0.0754  w_freq: 0.445  w_spend: 0.616
Epoch  77/100 — train_loss: 0.4413  val_loss: 0.4130  freq: 1.1361  spend: -0.0746  w_freq: 0.445  w_spend: 0.616
Epoch  78/100 — train_loss: 0.4406  val_loss: 0.4117  freq: 1.1360  spend: -0.0761  w_freq: 0.445  w_spend: 0.617
Epoch  79/100 — train_loss: 0.4403  val_loss: 0.4110  freq: 1.1359  spend: -0.0766  w_freq: 0.445  w_spend: 0.617
Epoch  80/100 — train_loss: 0.4405  val_loss: 0.4106  freq: 1.1356  spend: -0.0766  w_freq: 0.444  w_spend: 0.618
Epoch  81/100 — train_loss: 0.4395  val_loss: 0.4109  freq: 1.1357  spend: -0.0758  w_freq: 0.444  w_spend: 0.618
Epoch  82/100 — train_loss: 0.4398  val_loss: 0.4107  freq: 1.1358  spend: -0.0757  w_freq: 0.444  w_spend: 0.618
Epoch  83/100 — train_loss: 0.4389  val_loss: 0.4098  freq: 1.1357  spend: -0.0768  w_freq: 0.444  w_spend: 0.618
Epoch  84/100 — train_loss: 0.4387  val_loss: 0.4096  freq: 1.1356  spend: -0.0768  w_freq: 0.444  w_spend: 0.619
Epoch  85/100 — train_loss: 0.4384  val_loss: 0.4099  freq: 1.1357  spend: -0.0761  w_freq: 0.444  w_spend: 0.619
Epoch  86/100 — train_loss: 0.4380  val_loss: 0.4093  freq: 1.1355  spend: -0.0766  w_freq: 0.444  w_spend: 0.619
Epoch  87/100 — train_loss: 0.4372  val_loss: 0.4093  freq: 1.1357  spend: -0.0765  w_freq: 0.444  w_spend: 0.619
Epoch  88/100 — train_loss: 0.4377  val_loss: 0.4089  freq: 1.1354  spend: -0.0767  w_freq: 0.444  w_spend: 0.619
Epoch  89/100 — train_loss: 0.4374  val_loss: 0.4090  freq: 1.1355  spend: -0.0766  w_freq: 0.444  w_spend: 0.619
Epoch  90/100 — train_loss: 0.4376  val_loss: 0.4088  freq: 1.1355  spend: -0.0766  w_freq: 0.444  w_spend: 0.620
Epoch  91/100 — train_loss: 0.4375  val_loss: 0.4086  freq: 1.1354  spend: -0.0767  w_freq: 0.444  w_spend: 0.620
Epoch  92/100 — train_loss: 0.4371  val_loss: 0.4086  freq: 1.1354  spend: -0.0767  w_freq: 0.444  w_spend: 0.620
Epoch  93/100 — train_loss: 0.4375  val_loss: 0.4087  freq: 1.1354  spend: -0.0766  w_freq: 0.444  w_spend: 0.620
Epoch  94/100 — train_loss: 0.4373  val_loss: 0.4086  freq: 1.1355  spend: -0.0767  w_freq: 0.444  w_spend: 0.620
Epoch  95/100 — train_loss: 0.4376  val_loss: 0.4086  freq: 1.1355  spend: -0.0766  w_freq: 0.444  w_spend: 0.620
Epoch  96/100 — train_loss: 0.4370  val_loss: 0.4085  freq: 1.1355  spend: -0.0767  w_freq: 0.444  w_spend: 0.620
Epoch  97/100 — train_loss: 0.4371  val_loss: 0.4085  freq: 1.1354  spend: -0.0767  w_freq: 0.444  w_spend: 0.620
Epoch  98/100 — train_loss: 0.4365  val_loss: 0.4085  freq: 1.1354  spend: -0.0767  w_freq: 0.444  w_spend: 0.620
Epoch  99/100 — train_loss: 0.4364  val_loss: 0.4085  freq: 1.1354  spend: -0.0767  w_freq: 0.444  w_spend: 0.620
Epoch 100/100 — train_loss: 0.4360  val_loss: 0.4085  freq: 1.1354  spend: -0.0767  w_freq: 0.444  w_spend: 0.620

Checkpoint saved: /kaggle/working/results/checkpoints/extension3_lstm_none_dunnhumby_final_seed42_sample.pt
Validation-fitted softmax temperature: 0.7500

Duan's smearing factor (val): 1.3722
Validation aggregate calibration: freq_factor=1.0774, spend_factor=0.9917

Running autoregressive inference on holdout period ...
  inference mode: sample  n_scenarios: 30  temperature: 0.7500

=== Prediction Diagnostics ===
  Mean predicted freq/week:    1.0273
  Mean actual freq/week:       1.1882
  Over-prediction ratio:       0.865x
  Customers predicted as zero total:  0.164
  Customers actually zero total:      0.188
  Non-zero rate (pred, avg > 0.05):  0.910
  Non-zero rate (true):               0.542

Metrics saved: /kaggle/working/results/tables/extension3_lstm_none_dunnhumby_final_seed42_sample_metrics.json
Array artifacts saved: /kaggle/working/results/tables/extension3_lstm_none_dunnhumby_final_seed42_sample_arrays.npz

=== Holdout Evaluation ===
  metric_definition_version: valendin_aggregate_mape_v1
  freq_rmse: 3.3676
  freq_mae: 2.0294
  freq_normalized_gini: 0.8494
  freq_calibration_factor: 1.0774
  freq_horizon_abs_bias_pct: 6.8441
  bias_pct: -6.8441
  freq_weekly_mae: 203.1336
  freq_weekly_total_true: 11872.0000
  freq_weekly_total_pred: 11059.4658
  freq_valendin_mape: 6.8441
  freq_horizon_bias_pct: -6.8441
  freq_weekly_mean_pct_mape: 6.8307
  freq_weekly_mean_pct_bias_pct: -6.8307
  freq_weekly_bias_pct: -6.8441
  freq_weekly_mape: 6.8441
  freq_mape: 6.8441
  freq_mase: 0.9602
  freq_mase_scale: 0.8235
  smearing_factor: 1.3722
  spend_calibration_factor: 0.9917
  spend_mae_raw: 64.2059
  spend_rmse_raw: 104.0775
  spend_normalized_gini: 0.8250
  spend_mae_log: 1.0145
  spend_rmse_log: 1.4338
  spend_r2_log: 0.5330
  spend_bias_pct: -4.5952
  spend_weekly_mae: 3987.7617
  spend_weekly_total_true: 347125.7605
  spend_weekly_total_pred: 331174.7139
  spend_valendin_mape: 4.5952
  spend_horizon_abs_bias_pct: 4.5952
  spend_horizon_bias_pct: -4.5952
  spend_weekly_mean_pct_mape: 4.4571
  spend_weekly_mean_pct_bias_pct: -4.4571
  spend_weekly_bias_pct: -4.5952
  spend_weekly_mape: 4.5952
  spend_mase: 0.9631
  spend_mase_scale: 27.5152
  clv_mae: 64.0340
  clv_rmse: 103.7950
  clv_spearman: 0.7932
  clv_decile_lift: 3.4158
  clv_normalized_gini: 0.8250
  clv_total_true: 346205.2188
  clv_total_pred: 330283.9062
  calibration_temperature_source: rolling_origin_autoregressive
  validation_temperature: 0.7500
  smearing_source: rolling_origin_autoregressive
  calibration_source: rolling_origin_autoregressive
  validation_freq_true_total: 2215.0000
  validation_freq_pred_total: 1918.1357
  validation_spend_true_total: 63355.4414
  validation_spend_pred_total: 64422.6953
  validation_freq_calibration_factor: 1.0774
  validation_spend_calibration_factor: 0.9917
  validation_rolling_origin_count: 2
  protocol_name: dunnhumby_configured_80x4
  cohort_size: 2498
  calibration_weeks: 80
  holdout_weeks: 4
  inference_mode: sample
  n_scenarios: 30
  final_manifest_version: 2026-05-20-results-recovery-protocol
  final_manifest_run_name: extension3_lstm_none_dunnhumby_final_seed42_sample
  final_manifest_config: experiments/configs/extension3_lstm_none_dunnhumby.yaml
  final_manifest_config_hash: 4c7fd1defbd6
  final_manifest_actual_config_hash: 174c0a04f9ff
  final_manifest_seed: 42
  final_manifest_epochs: 100
  final_manifest_inference_mode: sample
  final_manifest_n_scenarios: 30
  run_valid: True
  run_invalid_reason: 
  run_warning: 
  epochs_completed: 100
  max_epochs_configured: 100
History saved: /kaggle/working/results/tables/extension3_lstm_none_dunnhumby_final_seed42_sample_history.json
