[Kaggle] raw_dir  → /kaggle/working/input/tafeng-dataset
[Kaggle] results  → /kaggle/working/results
Config: experiments/configs/lstm_joint_tafeng_v3.yaml
Run: lstm_joint_tafeng_v3_seed42_sample
Device: cuda
Loading dataset: tafeng ...
[pipeline] freq_cap=4 (auto q=0.99) → freq_bins=[0, 1, 2, 3]... (n_classes=5)
  Train customers: 25029, Val: 2780, Inference: 27809
[tafeng] Customers with 0 calibration transactions: 0 / 27809
  top-bin decode: class_values[-1] = 4.473 (max_trans = 4)
Model: lstm — 98,262 parameters

Training for up to 300 epochs ...
/kaggle/working/thesis-code/src/training/trainer.py:116: FutureWarning: `torch.cuda.amp.GradScaler(args...)` is deprecated. Please use `torch.amp.GradScaler('cuda', args...)` instead.
  self.scaler = torch.cuda.amp.GradScaler(enabled=self.amp_enabled)
[Kendall] log_vars frozen for 5 warm-up epochs.
Epoch   1/300 — train_loss: 0.9422  val_loss: 0.9215  freq: 1.5601  spend: 0.2828  w_freq: 0.500  w_spend: 0.500
Epoch   2/300 — train_loss: 0.8928  val_loss: 0.8307  freq: 1.3854  spend: 0.2760  w_freq: 0.500  w_spend: 0.500
Epoch   3/300 — train_loss: 0.7113  val_loss: 0.5348  freq: 0.8310  spend: 0.2387  w_freq: 0.500  w_spend: 0.500
Epoch   4/300 — train_loss: 0.4837  val_loss: 0.4410  freq: 0.6593  spend: 0.2227  w_freq: 0.500  w_spend: 0.500
Epoch   5/300 — train_loss: 0.4369  val_loss: 0.4147  freq: 0.6202  spend: 0.2092  w_freq: 0.500  w_spend: 0.500
[Kendall] log_vars unfrozen at epoch 6.
Epoch   6/300 — train_loss: 0.4104  val_loss: 0.3843  freq: 0.6004  spend: 0.1792  w_freq: 0.502  w_spend: 0.502
Epoch   7/300 — train_loss: 0.3708  val_loss: 0.3462  freq: 0.5851  spend: 0.1310  w_freq: 0.507  w_spend: 0.507
Epoch   8/300 — train_loss: 0.3425  val_loss: 0.3247  freq: 0.5725  spend: 0.1160  w_freq: 0.512  w_spend: 0.512
Epoch   9/300 — train_loss: 0.3235  val_loss: 0.3099  freq: 0.5666  spend: 0.1101  w_freq: 0.518  w_spend: 0.519
Epoch  10/300 — train_loss: 0.3101  val_loss: 0.2967  freq: 0.5619  spend: 0.1062  w_freq: 0.525  w_spend: 0.526
Epoch  11/300 — train_loss: 0.2956  val_loss: 0.2829  freq: 0.5587  spend: 0.1030  w_freq: 0.533  w_spend: 0.534
Epoch  12/300 — train_loss: 0.2829  val_loss: 0.2702  freq: 0.5565  spend: 0.1009  w_freq: 0.541  w_spend: 0.542
Epoch  13/300 — train_loss: 0.2700  val_loss: 0.2563  freq: 0.5550  spend: 0.0979  w_freq: 0.550  w_spend: 0.552
Epoch  14/300 — train_loss: 0.2539  val_loss: 0.2407  freq: 0.5518  spend: 0.0977  w_freq: 0.561  w_spend: 0.563
Epoch  15/300 — train_loss: 0.2369  val_loss: 0.2241  freq: 0.5506  spend: 0.0960  w_freq: 0.573  w_spend: 0.576
Epoch  16/300 — train_loss: 0.2197  val_loss: 0.2068  freq: 0.5486  spend: 0.0941  w_freq: 0.586  w_spend: 0.591
Epoch  17/300 — train_loss: 0.2046  val_loss: 0.1915  freq: 0.5472  spend: 0.0925  w_freq: 0.598  w_spend: 0.605
Epoch  18/300 — train_loss: 0.1903  val_loss: 0.1806  freq: 0.5477  spend: 0.0949  w_freq: 0.610  w_spend: 0.619
Epoch  19/300 — train_loss: 0.1773  val_loss: 0.1642  freq: 0.5465  spend: 0.0895  w_freq: 0.621  w_spend: 0.632
Epoch  20/300 — train_loss: 0.1608  val_loss: 0.1539  freq: 0.5488  spend: 0.0934  w_freq: 0.633  w_spend: 0.647
Epoch  21/300 — train_loss: 0.1460  val_loss: 0.1396  freq: 0.5453  spend: 0.0959  w_freq: 0.646  w_spend: 0.663
Epoch  22/300 — train_loss: 0.1325  val_loss: 0.1223  freq: 0.5455  spend: 0.0880  w_freq: 0.659  w_spend: 0.679
Epoch  23/300 — train_loss: 0.1184  val_loss: 0.1094  freq: 0.5445  spend: 0.0880  w_freq: 0.670  w_spend: 0.694
Epoch  24/300 — train_loss: 0.1041  val_loss: 0.0977  freq: 0.5442  spend: 0.0904  w_freq: 0.682  w_spend: 0.710
Epoch  25/300 — train_loss: 0.0914  val_loss: 0.0829  freq: 0.5445  spend: 0.0863  w_freq: 0.694  w_spend: 0.728
Epoch  26/300 — train_loss: 0.0775  val_loss: 0.0738  freq: 0.5459  spend: 0.0887  w_freq: 0.705  w_spend: 0.745
Epoch  27/300 — train_loss: 0.0635  val_loss: 0.0600  freq: 0.5435  spend: 0.0891  w_freq: 0.717  w_spend: 0.763
Epoch  28/300 — train_loss: 0.0528  val_loss: 0.0471  freq: 0.5440  spend: 0.0857  w_freq: 0.728  w_spend: 0.781
Epoch  29/300 — train_loss: 0.0426  val_loss: 0.0371  freq: 0.5439  spend: 0.0870  w_freq: 0.738  w_spend: 0.797
Epoch  30/300 — train_loss: 0.0287  val_loss: 0.0242  freq: 0.5443  spend: 0.0848  w_freq: 0.749  w_spend: 0.816
Epoch  31/300 — train_loss: 0.0162  val_loss: 0.0118  freq: 0.5439  spend: 0.0837  w_freq: 0.759  w_spend: 0.835
Epoch  32/300 — train_loss: 0.0047  val_loss: 0.0030  freq: 0.5451  spend: 0.0853  w_freq: 0.769  w_spend: 0.855
Epoch  33/300 — train_loss: -0.0065  val_loss: -0.0076  freq: 0.5436  spend: 0.0861  w_freq: 0.779  w_spend: 0.875
Epoch  34/300 — train_loss: -0.0174  val_loss: -0.0198  freq: 0.5427  spend: 0.0844  w_freq: 0.788  w_spend: 0.894
Epoch  35/300 — train_loss: -0.0278  val_loss: -0.0309  freq: 0.5440  spend: 0.0822  w_freq: 0.797  w_spend: 0.914
Epoch  36/300 — train_loss: -0.0396  val_loss: -0.0412  freq: 0.5428  spend: 0.0834  w_freq: 0.806  w_spend: 0.934
Epoch  37/300 — train_loss: -0.0508  val_loss: -0.0514  freq: 0.5431  spend: 0.0834  w_freq: 0.815  w_spend: 0.956
Epoch  38/300 — train_loss: -0.0608  val_loss: -0.0608  freq: 0.5430  spend: 0.0841  w_freq: 0.823  w_spend: 0.979
Epoch  39/300 — train_loss: -0.0711  val_loss: -0.0690  freq: 0.5448  spend: 0.0840  w_freq: 0.831  w_spend: 1.001
Epoch  40/300 — train_loss: -0.0819  val_loss: -0.0795  freq: 0.5433  spend: 0.0838  w_freq: 0.838  w_spend: 1.022
Epoch  41/300 — train_loss: -0.0896  val_loss: -0.0832  freq: 0.5455  spend: 0.0867  w_freq: 0.844  w_spend: 1.043
Epoch  42/300 — train_loss: -0.1004  val_loss: -0.0984  freq: 0.5434  spend: 0.0828  w_freq: 0.850  w_spend: 1.066
Epoch  43/300 — train_loss: -0.1109  val_loss: -0.1055  freq: 0.5437  spend: 0.0847  w_freq: 0.857  w_spend: 1.090
Epoch  44/300 — train_loss: -0.1205  val_loss: -0.1149  freq: 0.5444  spend: 0.0835  w_freq: 0.862  w_spend: 1.114
Epoch  45/300 — train_loss: -0.1306  val_loss: -0.1224  freq: 0.5442  spend: 0.0850  w_freq: 0.868  w_spend: 1.138
Epoch  46/300 — train_loss: -0.1420  val_loss: -0.1311  freq: 0.5437  spend: 0.0855  w_freq: 0.873  w_spend: 1.163
Epoch  47/300 — train_loss: -0.1523  val_loss: -0.1444  freq: 0.5424  spend: 0.0828  w_freq: 0.878  w_spend: 1.188
Epoch  48/300 — train_loss: -0.1585  val_loss: -0.1471  freq: 0.5425  spend: 0.0871  w_freq: 0.882  w_spend: 1.214

Training failed with a repairable error: FloatingPointError: Non-finite gradients in spend_head.weight
Metrics saved: /kaggle/working/results/tables/lstm_joint_tafeng_v3_seed42_sample_metrics.json
Retrying once as robustness repair (amp_disabled) ...
Config: experiments/configs/lstm_joint_tafeng_v3.yaml
Run: lstm_joint_tafeng_v3_seed42_sample_repair
Device: cuda
Loading dataset: tafeng ...
[pipeline] freq_cap=4 (auto q=0.99) → freq_bins=[0, 1, 2, 3]... (n_classes=5)
  Train customers: 25029, Val: 2780, Inference: 27809
[tafeng] Customers with 0 calibration transactions: 0 / 27809
  top-bin decode: class_values[-1] = 4.473 (max_trans = 4)
Model: lstm — 98,262 parameters

Training for up to 300 epochs ...
/kaggle/working/thesis-code/src/training/trainer.py:116: FutureWarning: `torch.cuda.amp.GradScaler(args...)` is deprecated. Please use `torch.amp.GradScaler('cuda', args...)` instead.
  self.scaler = torch.cuda.amp.GradScaler(enabled=self.amp_enabled)
[Kendall] log_vars frozen for 5 warm-up epochs.
Epoch   1/300 — train_loss: 0.9423  val_loss: 0.9215  freq: 1.5601  spend: 0.2828  w_freq: 0.500  w_spend: 0.500
Epoch   2/300 — train_loss: 0.8929  val_loss: 0.8307  freq: 1.3854  spend: 0.2760  w_freq: 0.500  w_spend: 0.500
Epoch   3/300 — train_loss: 0.7113  val_loss: 0.5348  freq: 0.8310  spend: 0.2387  w_freq: 0.500  w_spend: 0.500
Epoch   4/300 — train_loss: 0.4833  val_loss: 0.4410  freq: 0.6595  spend: 0.2226  w_freq: 0.500  w_spend: 0.500
Epoch   5/300 — train_loss: 0.4366  val_loss: 0.4147  freq: 0.6203  spend: 0.2090  w_freq: 0.500  w_spend: 0.500
[Kendall] log_vars unfrozen at epoch 6.
Epoch   6/300 — train_loss: 0.4107  val_loss: 0.3842  freq: 0.6007  spend: 0.1787  w_freq: 0.502  w_spend: 0.502
Epoch   7/300 — train_loss: 0.3710  val_loss: 0.3462  freq: 0.5851  spend: 0.1311  w_freq: 0.507  w_spend: 0.507
Epoch   8/300 — train_loss: 0.3424  val_loss: 0.3251  freq: 0.5726  spend: 0.1166  w_freq: 0.512  w_spend: 0.512
Epoch   9/300 — train_loss: 0.3239  val_loss: 0.3102  freq: 0.5667  spend: 0.1108  w_freq: 0.518  w_spend: 0.519
Epoch  10/300 — train_loss: 0.3095  val_loss: 0.2972  freq: 0.5632  spend: 0.1062  w_freq: 0.525  w_spend: 0.526
Epoch  11/300 — train_loss: 0.2957  val_loss: 0.2830  freq: 0.5589  spend: 0.1031  w_freq: 0.533  w_spend: 0.534
Epoch  12/300 — train_loss: 0.2828  val_loss: 0.2696  freq: 0.5563  spend: 0.1002  w_freq: 0.541  w_spend: 0.542
Epoch  13/300 — train_loss: 0.2701  val_loss: 0.2560  freq: 0.5553  spend: 0.0973  w_freq: 0.550  w_spend: 0.552
Epoch  14/300 — train_loss: 0.2532  val_loss: 0.2395  freq: 0.5518  spend: 0.0956  w_freq: 0.561  w_spend: 0.563
Epoch  15/300 — train_loss: 0.2363  val_loss: 0.2248  freq: 0.5506  spend: 0.0975  w_freq: 0.573  w_spend: 0.576
Epoch  16/300 — train_loss: 0.2195  val_loss: 0.2060  freq: 0.5485  spend: 0.0932  w_freq: 0.586  w_spend: 0.591
Epoch  17/300 — train_loss: 0.2040  val_loss: 0.1917  freq: 0.5470  spend: 0.0935  w_freq: 0.598  w_spend: 0.605
Epoch  18/300 — train_loss: 0.1883  val_loss: 0.1779  freq: 0.5470  spend: 0.0935  w_freq: 0.611  w_spend: 0.619
Epoch  19/300 — train_loss: 0.1735  val_loss: 0.1618  freq: 0.5456  spend: 0.0903  w_freq: 0.623  w_spend: 0.634
Epoch  20/300 — train_loss: 0.1587  val_loss: 0.1520  freq: 0.5472  spend: 0.0942  w_freq: 0.635  w_spend: 0.649
Epoch  21/300 — train_loss: 0.1445  val_loss: 0.1388  freq: 0.5453  spend: 0.0961  w_freq: 0.647  w_spend: 0.664
Epoch  22/300 — train_loss: 0.1311  val_loss: 0.1213  freq: 0.5461  spend: 0.0876  w_freq: 0.660  w_spend: 0.680
Epoch  23/300 — train_loss: 0.1174  val_loss: 0.1074  freq: 0.5439  spend: 0.0871  w_freq: 0.671  w_spend: 0.695
Epoch  24/300 — train_loss: 0.1026  val_loss: 0.0958  freq: 0.5444  spend: 0.0889  w_freq: 0.683  w_spend: 0.712
Epoch  25/300 — train_loss: 0.0901  val_loss: 0.0815  freq: 0.5440  spend: 0.0862  w_freq: 0.695  w_spend: 0.729
Epoch  26/300 — train_loss: 0.0764  val_loss: 0.0729  freq: 0.5462  spend: 0.0882  w_freq: 0.706  w_spend: 0.746
Epoch  27/300 — train_loss: 0.0626  val_loss: 0.0597  freq: 0.5432  spend: 0.0899  w_freq: 0.718  w_spend: 0.764
Epoch  28/300 — train_loss: 0.0520  val_loss: 0.0448  freq: 0.5432  spend: 0.0847  w_freq: 0.729  w_spend: 0.782
Epoch  29/300 — train_loss: 0.0410  val_loss: 0.0357  freq: 0.5437  spend: 0.0865  w_freq: 0.739  w_spend: 0.799
Epoch  30/300 — train_loss: 0.0279  val_loss: 0.0232  freq: 0.5441  spend: 0.0848  w_freq: 0.750  w_spend: 0.818
Epoch  31/300 — train_loss: 0.0156  val_loss: 0.0108  freq: 0.5437  spend: 0.0834  w_freq: 0.760  w_spend: 0.837
Epoch  32/300 — train_loss: 0.0046  val_loss: 0.0042  freq: 0.5463  spend: 0.0862  w_freq: 0.770  w_spend: 0.856
Epoch  33/300 — train_loss: -0.0070  val_loss: -0.0083  freq: 0.5435  spend: 0.0857  w_freq: 0.780  w_spend: 0.875
Epoch  34/300 — train_loss: -0.0175  val_loss: -0.0197  freq: 0.5428  spend: 0.0846  w_freq: 0.789  w_spend: 0.894
Epoch  35/300 — train_loss: -0.0281  val_loss: -0.0295  freq: 0.5453  spend: 0.0826  w_freq: 0.797  w_spend: 0.914
Epoch  36/300 — train_loss: -0.0396  val_loss: -0.0413  freq: 0.5427  spend: 0.0833  w_freq: 0.806  w_spend: 0.934
Epoch  37/300 — train_loss: -0.0513  val_loss: -0.0513  freq: 0.5435  spend: 0.0832  w_freq: 0.815  w_spend: 0.956
Epoch  38/300 — train_loss: -0.0626  val_loss: -0.0609  freq: 0.5429  spend: 0.0843  w_freq: 0.823  w_spend: 0.979
Epoch  39/300 — train_loss: -0.0724  val_loss: -0.0711  freq: 0.5430  spend: 0.0839  w_freq: 0.831  w_spend: 1.002
Epoch  40/300 — train_loss: -0.0817  val_loss: -0.0799  freq: 0.5431  spend: 0.0839  w_freq: 0.838  w_spend: 1.023
Epoch  41/300 — train_loss: -0.0901  val_loss: -0.0828  freq: 0.5461  spend: 0.0870  w_freq: 0.844  w_spend: 1.044
Epoch  42/300 — train_loss: -0.1019  val_loss: -0.0979  freq: 0.5433  spend: 0.0836  w_freq: 0.851  w_spend: 1.067
Epoch  43/300 — train_loss: -0.1111  val_loss: -0.1057  freq: 0.5435  spend: 0.0849  w_freq: 0.857  w_spend: 1.090
Epoch  44/300 — train_loss: -0.1213  val_loss: -0.1170  freq: 0.5430  spend: 0.0830  w_freq: 0.863  w_spend: 1.115
Epoch  45/300 — train_loss: -0.1329  val_loss: -0.1230  freq: 0.5438  spend: 0.0853  w_freq: 0.868  w_spend: 1.139
Epoch  46/300 — train_loss: -0.1417  val_loss: -0.1316  freq: 0.5437  spend: 0.0854  w_freq: 0.874  w_spend: 1.164
Epoch  47/300 — train_loss: -0.1531  val_loss: -0.1472  freq: 0.5425  spend: 0.0808  w_freq: 0.878  w_spend: 1.190
Epoch  48/300 — train_loss: -0.1607  val_loss: -0.1477  freq: 0.5427  spend: 0.0871  w_freq: 0.883  w_spend: 1.216
Epoch  49/300 — train_loss: -0.1688  val_loss: -0.1586  freq: 0.5422  spend: 0.0845  w_freq: 0.886  w_spend: 1.240
Epoch  50/300 — train_loss: -0.1787  val_loss: -0.1655  freq: 0.5431  spend: 0.0846  w_freq: 0.890  w_spend: 1.263
Epoch  51/300 — train_loss: -0.1845  val_loss: -0.1741  freq: 0.5440  spend: 0.0837  w_freq: 0.893  w_spend: 1.290
Epoch  52/300 — train_loss: -0.1960  val_loss: -0.1851  freq: 0.5429  spend: 0.0822  w_freq: 0.897  w_spend: 1.316
Epoch  53/300 — train_loss: -0.2052  val_loss: -0.1908  freq: 0.5426  spend: 0.0842  w_freq: 0.899  w_spend: 1.344
Epoch  54/300 — train_loss: -0.2151  val_loss: -0.1951  freq: 0.5430  spend: 0.0865  w_freq: 0.902  w_spend: 1.371
Epoch  55/300 — train_loss: -0.2227  val_loss: -0.2082  freq: 0.5433  spend: 0.0819  w_freq: 0.904  w_spend: 1.398
Epoch  56/300 — train_loss: -0.2323  val_loss: -0.2157  freq: 0.5423  spend: 0.0825  w_freq: 0.906  w_spend: 1.425
Epoch  57/300 — train_loss: -0.2401  val_loss: -0.2197  freq: 0.5421  spend: 0.0850  w_freq: 0.908  w_spend: 1.452
Epoch  58/300 — train_loss: -0.2481  val_loss: -0.2261  freq: 0.5433  spend: 0.0848  w_freq: 0.910  w_spend: 1.481
Epoch  59/300 — train_loss: -0.2574  val_loss: -0.2350  freq: 0.5429  spend: 0.0841  w_freq: 0.912  w_spend: 1.511
Epoch  60/300 — train_loss: -0.2656  val_loss: -0.2442  freq: 0.5423  spend: 0.0829  w_freq: 0.913  w_spend: 1.540
Epoch  61/300 — train_loss: -0.2745  val_loss: -0.2479  freq: 0.5426  spend: 0.0846  w_freq: 0.914  w_spend: 1.568
Epoch  62/300 — train_loss: -0.2846  val_loss: -0.2531  freq: 0.5434  spend: 0.0852  w_freq: 0.915  w_spend: 1.597
Epoch  63/300 — train_loss: -0.2870  val_loss: -0.2643  freq: 0.5425  spend: 0.0827  w_freq: 0.916  w_spend: 1.626
Epoch  64/300 — train_loss: -0.2976  val_loss: -0.2678  freq: 0.5425  spend: 0.0846  w_freq: 0.917  w_spend: 1.656
Epoch  65/300 — train_loss: -0.3065  val_loss: -0.2711  freq: 0.5422  spend: 0.0869  w_freq: 0.918  w_spend: 1.687
Epoch  66/300 — train_loss: -0.3128  val_loss: -0.2844  freq: 0.5420  spend: 0.0830  w_freq: 0.919  w_spend: 1.720
Epoch  67/300 — train_loss: -0.3250  val_loss: -0.2881  freq: 0.5422  spend: 0.0845  w_freq: 0.919  w_spend: 1.752
Epoch  68/300 — train_loss: -0.3317  val_loss: -0.2863  freq: 0.5422  spend: 0.0888  w_freq: 0.920  w_spend: 1.782
Epoch  69/300 — train_loss: -0.3327  val_loss: -0.2879  freq: 0.5446  spend: 0.0896  w_freq: 0.920  w_spend: 1.812
Epoch  70/300 — train_loss: -0.3468  val_loss: -0.3059  freq: 0.5424  spend: 0.0841  w_freq: 0.920  w_spend: 1.842
Epoch  71/300 — train_loss: -0.3523  val_loss: -0.3062  freq: 0.5425  spend: 0.0870  w_freq: 0.921  w_spend: 1.874
Epoch  72/300 — train_loss: -0.3608  val_loss: -0.3149  freq: 0.5422  spend: 0.0855  w_freq: 0.921  w_spend: 1.905
Epoch  73/300 — train_loss: -0.3680  val_loss: -0.3126  freq: 0.5433  spend: 0.0889  w_freq: 0.922  w_spend: 1.936
Epoch  74/300 — train_loss: -0.3749  val_loss: -0.3108  freq: 0.5429  spend: 0.0928  w_freq: 0.922  w_spend: 1.969
Epoch  75/300 — train_loss: -0.3804  val_loss: -0.3247  freq: 0.5421  spend: 0.0887  w_freq: 0.923  w_spend: 2.001
Epoch  76/300 — train_loss: -0.3882  val_loss: -0.3306  freq: 0.5428  spend: 0.0880  w_freq: 0.923  w_spend: 2.032
Epoch  77/300 — train_loss: -0.3954  val_loss: -0.3328  freq: 0.5429  spend: 0.0895  w_freq: 0.923  w_spend: 2.068
Epoch  78/300 — train_loss: -0.4063  val_loss: -0.3273  freq: 0.5425  spend: 0.0944  w_freq: 0.923  w_spend: 2.099
Epoch  79/300 — train_loss: -0.4132  val_loss: -0.3343  freq: 0.5422  spend: 0.0933  w_freq: 0.923  w_spend: 2.131
Epoch  80/300 — train_loss: -0.4222  val_loss: -0.3511  freq: 0.5427  spend: 0.0877  w_freq: 0.923  w_spend: 2.164
Epoch  81/300 — train_loss: -0.4253  val_loss: -0.3467  freq: 0.5430  spend: 0.0916  w_freq: 0.924  w_spend: 2.199
Epoch  82/300 — train_loss: -0.4357  val_loss: -0.3525  freq: 0.5424  spend: 0.0912  w_freq: 0.924  w_spend: 2.232
Epoch  83/300 — train_loss: -0.4475  val_loss: -0.3340  freq: 0.5443  spend: 0.1006  w_freq: 0.923  w_spend: 2.267
Epoch  84/300 — train_loss: -0.4498  val_loss: -0.3595  freq: 0.5426  spend: 0.0919  w_freq: 0.923  w_spend: 2.301
Epoch  85/300 — train_loss: -0.4598  val_loss: -0.3632  freq: 0.5431  spend: 0.0920  w_freq: 0.924  w_spend: 2.335
Epoch  86/300 — train_loss: -0.4642  val_loss: -0.3509  freq: 0.5431  spend: 0.0988  w_freq: 0.924  w_spend: 2.369
Epoch  87/300 — train_loss: -0.4773  val_loss: -0.3588  freq: 0.5437  spend: 0.0970  w_freq: 0.924  w_spend: 2.404
Epoch  88/300 — train_loss: -0.4810  val_loss: -0.3542  freq: 0.5433  spend: 0.1006  w_freq: 0.925  w_spend: 2.440
Epoch  89/300 — train_loss: -0.4896  val_loss: -0.3628  freq: 0.5429  spend: 0.0987  w_freq: 0.924  w_spend: 2.476
Epoch  90/300 — train_loss: -0.5034  val_loss: -0.3609  freq: 0.5426  spend: 0.1010  w_freq: 0.925  w_spend: 2.511
Epoch  91/300 — train_loss: -0.5034  val_loss: -0.3686  freq: 0.5431  spend: 0.0991  w_freq: 0.925  w_spend: 2.548
Epoch  92/300 — train_loss: -0.5182  val_loss: -0.3654  freq: 0.5431  spend: 0.1017  w_freq: 0.925  w_spend: 2.583
Epoch  93/300 — train_loss: -0.5257  val_loss: -0.3704  freq: 0.5432  spend: 0.1010  w_freq: 0.925  w_spend: 2.620
Epoch  94/300 — train_loss: -0.5340  val_loss: -0.3685  freq: 0.5431  spend: 0.1029  w_freq: 0.925  w_spend: 2.657
Epoch  95/300 — train_loss: -0.5399  val_loss: -0.3814  freq: 0.5431  spend: 0.0993  w_freq: 0.925  w_spend: 2.695
Epoch  96/300 — train_loss: -0.5465  val_loss: -0.3837  freq: 0.5446  spend: 0.0991  w_freq: 0.925  w_spend: 2.731
Epoch  97/300 — train_loss: -0.5590  val_loss: -0.3747  freq: 0.5436  spend: 0.1038  w_freq: 0.925  w_spend: 2.770
Epoch  98/300 — train_loss: -0.5675  val_loss: -0.3612  freq: 0.5434  spend: 0.1097  w_freq: 0.925  w_spend: 2.810
Epoch  99/300 — train_loss: -0.5789  val_loss: -0.3675  freq: 0.5438  spend: 0.1084  w_freq: 0.925  w_spend: 2.851
Epoch 100/300 — train_loss: -0.5858  val_loss: -0.3665  freq: 0.5439  spend: 0.1095  w_freq: 0.925  w_spend: 2.892
Epoch 101/300 — train_loss: -0.5929  val_loss: -0.3705  freq: 0.5437  spend: 0.1091  w_freq: 0.925  w_spend: 2.930
Epoch 102/300 — train_loss: -0.6062  val_loss: -0.3850  freq: 0.5441  spend: 0.1049  w_freq: 0.926  w_spend: 2.971
Epoch 103/300 — train_loss: -0.6133  val_loss: -0.3503  freq: 0.5440  spend: 0.1172  w_freq: 0.925  w_spend: 3.012
Epoch 104/300 — train_loss: -0.6234  val_loss: -0.3703  freq: 0.5435  spend: 0.1114  w_freq: 0.926  w_spend: 3.051
Epoch 105/300 — train_loss: -0.6323  val_loss: -0.3779  freq: 0.5438  spend: 0.1095  w_freq: 0.926  w_spend: 3.089
Epoch 106/300 — train_loss: -0.6390  val_loss: -0.3365  freq: 0.5438  spend: 0.1233  w_freq: 0.926  w_spend: 3.130
Epoch 107/300 — train_loss: -0.6498  val_loss: -0.3381  freq: 0.5444  spend: 0.1231  w_freq: 0.925  w_spend: 3.170
Epoch 108/300 — train_loss: -0.6635  val_loss: -0.3412  freq: 0.5440  spend: 0.1226  w_freq: 0.926  w_spend: 3.209
Epoch 109/300 — train_loss: -0.6691  val_loss: -0.3472  freq: 0.5443  spend: 0.1211  w_freq: 0.925  w_spend: 3.251
Epoch 110/300 — train_loss: -0.6829  val_loss: -0.3339  freq: 0.5442  spend: 0.1255  w_freq: 0.926  w_spend: 3.291
Epoch 111/300 — train_loss: -0.6893  val_loss: -0.3361  freq: 0.5446  spend: 0.1251  w_freq: 0.926  w_spend: 3.335
Epoch 112/300 — train_loss: -0.7035  val_loss: -0.3218  freq: 0.5438  spend: 0.1298  w_freq: 0.925  w_spend: 3.379
Epoch 113/300 — train_loss: -0.7134  val_loss: -0.3222  freq: 0.5442  spend: 0.1298  w_freq: 0.926  w_spend: 3.423
Epoch 114/300 — train_loss: -0.7281  val_loss: -0.3179  freq: 0.5443  spend: 0.1312  w_freq: 0.925  w_spend: 3.466
Epoch 115/300 — train_loss: -0.7371  val_loss: -0.2937  freq: 0.5441  spend: 0.1382  w_freq: 0.925  w_spend: 3.510
Epoch 116/300 — train_loss: -0.7483  val_loss: -0.3060  freq: 0.5450  spend: 0.1346  w_freq: 0.925  w_spend: 3.555
Epoch 117/300 — train_loss: -0.7591  val_loss: -0.2632  freq: 0.5444  spend: 0.1466  w_freq: 0.925  w_spend: 3.599
Epoch 118/300 — train_loss: -0.7661  val_loss: -0.2629  freq: 0.5447  spend: 0.1465  w_freq: 0.926  w_spend: 3.643
Epoch 119/300 — train_loss: -0.7763  val_loss: -0.2704  freq: 0.5454  spend: 0.1441  w_freq: 0.925  w_spend: 3.687
Epoch 120/300 — train_loss: -0.7899  val_loss: -0.2778  freq: 0.5452  spend: 0.1421  w_freq: 0.925  w_spend: 3.734
Epoch 121/300 — train_loss: -0.8081  val_loss: -0.2703  freq: 0.5449  spend: 0.1440  w_freq: 0.925  w_spend: 3.778
Epoch 122/300 — train_loss: -0.8143  val_loss: -0.2878  freq: 0.5444  spend: 0.1394  w_freq: 0.925  w_spend: 3.823
Early stopping triggered at epoch 122.

Checkpoint saved: /kaggle/working/results/checkpoints/lstm_joint_tafeng_v3_seed42_sample_repair.pt
Validation-fitted softmax temperature: 0.7500

Duan's smearing factor (val): 1.9928
Validation aggregate calibration: freq_factor=1.4825, spend_factor=1.2257

Running autoregressive inference on holdout period ...
  inference mode: sample  n_scenarios: 200  temperature: 0.7500

=== Prediction Diagnostics ===
  Mean predicted freq/week:    0.1507
  Mean actual freq/week:       0.2167
  Over-prediction ratio:       0.695x
  Customers predicted as zero total:  0.635
  Customers actually zero total:      0.504
  Non-zero rate (pred, avg > 0.05):  0.639
  Non-zero rate (true):               0.175

Metrics saved: /kaggle/working/results/tables/lstm_joint_tafeng_v3_seed42_sample_repair_metrics.json
Array artifacts saved: /kaggle/working/results/tables/lstm_joint_tafeng_v3_seed42_sample_repair_arrays.npz

=== Holdout Evaluation ===
  metric_definition_version: valendin_aggregate_mape_v1
  freq_rmse: 1.4984
  freq_mae: 0.9202
  freq_normalized_gini: 0.6012
  freq_calibration_factor: 1.4825
  freq_horizon_abs_bias_pct: 3.1097
  bias_pct: 3.1097
  freq_weekly_mae: 1435.2578
  freq_weekly_total_true: 30127.0000
  freq_weekly_total_pred: 31063.8674
  freq_valendin_mape: 23.8201
  freq_horizon_bias_pct: 3.1097
  freq_weekly_mean_pct_mape: 28.8548
  freq_weekly_mean_pct_bias_pct: 8.6707
  freq_weekly_bias_pct: 3.1097
  freq_weekly_mape: 23.8201
  freq_mape: 23.8201
  freq_mase: 0.8326
  freq_mase_scale: 0.3519
  smearing_factor: 1.9928
  spend_calibration_factor: 1.2257
  spend_mae_raw: 1251.7412
  spend_rmse_raw: 5020.9434
  spend_normalized_gini: 0.5172
  spend_mae_log: 3.7029
  spend_rmse_log: 4.6862
  spend_r2_log: -0.7619
  spend_bias_pct: 78.9588
  spend_weekly_mae: 3713192.0819
  spend_weekly_total_true: 23513493.8879
  spend_weekly_total_pred: 42079454.2972
  spend_valendin_mape: 78.9587
  spend_horizon_abs_bias_pct: 78.9587
  spend_horizon_bias_pct: 78.9587
  spend_weekly_mean_pct_mape: 84.3138
  spend_weekly_mean_pct_bias_pct: 84.3138
  spend_weekly_bias_pct: 78.9587
  spend_weekly_mape: 78.9587
  spend_mase: 1.2146
  spend_mase_scale: 289.2989
  clv_mae: 1251.7412
  clv_rmse: 5020.9434
  clv_spearman: 0.3627
  clv_decile_lift: 3.1086
  clv_normalized_gini: 0.5172
  clv_total_true: 23513494.0000
  clv_total_pred: 42079456.0000
  calibration_temperature_source: rolling_origin_autoregressive
  validation_temperature: 0.7500
  smearing_source: rolling_origin_autoregressive
  calibration_source: rolling_origin_autoregressive
  validation_freq_true_total: 2897.0000
  validation_freq_pred_total: 1474.2405
  validation_spend_true_total: 3010621.0000
  validation_spend_pred_total: 2074379.4375
  validation_freq_calibration_factor: 1.4825
  validation_spend_calibration_factor: 1.2257
  validation_rolling_origin_count: 2
  protocol_name: tafeng_configured_12x5
  cohort_size: 27809
  calibration_weeks: 12
  holdout_weeks: 5
  inference_mode: sample
  n_scenarios: 200
  repair_attempted: True
  repair_strategy: amp_disabled
  repair_source_failure_type: FloatingPointError
  training_lr_after_repair: 0.0005
  training_max_grad_norm_after_repair: 0.5000
  training_amp_enabled_after_repair: False
  run_valid: True
  run_invalid_reason: 
  run_warning: 
  epochs_completed: 122
  max_epochs_configured: 300
History saved: /kaggle/working/results/tables/lstm_joint_tafeng_v3_seed42_sample_repair_history.json
