[Kaggle] raw_dir  → /kaggle/working/input/dunnhumby
[Kaggle] results  → /kaggle/working/results
Config: experiments/configs/lstm_base_dunnhumby_v2.yaml
Run: lstm_base_dunnhumby_v2_seed123_sample
Device: cuda
Loading dataset: dunnhumby ...
[pipeline] freq_cap=10 (auto q=0.99) → freq_bins=[0, 1, 2, 3]... (n_classes=11)
  Train customers: 2249, Val: 249, Inference: 2498
[dunnhumby] Customers with 0 calibration transactions: 0 / 2498
  top-bin decode: class_values[-1] = 13.099 (max_trans = 10)
Model: lstm — 91,095 parameters

Training for up to 300 epochs ...
/kaggle/working/thesis-code/src/training/trainer.py:116: FutureWarning: `torch.cuda.amp.GradScaler(args...)` is deprecated. Please use `torch.amp.GradScaler('cuda', args...)` instead.
  self.scaler = torch.cuda.amp.GradScaler(enabled=self.amp_enabled)
Epoch   1/300 — train_loss: 2.3356  val_loss: 2.3286
Epoch   2/300 — train_loss: 2.3231  val_loss: 2.3076
Epoch   3/300 — train_loss: 2.2955  val_loss: 2.2658
Epoch   4/300 — train_loss: 2.2378  val_loss: 2.1705
Epoch   5/300 — train_loss: 2.0654  val_loss: 1.7771
Epoch   6/300 — train_loss: 1.6847  val_loss: 1.5611
Epoch   7/300 — train_loss: 1.5446  val_loss: 1.4560
Epoch   8/300 — train_loss: 1.4825  val_loss: 1.3820
Epoch   9/300 — train_loss: 1.4318  val_loss: 1.3596
Epoch  10/300 — train_loss: 1.3830  val_loss: 1.2994
Epoch  11/300 — train_loss: 1.3443  val_loss: 1.2721
Epoch  12/300 — train_loss: 1.3195  val_loss: 1.2437
Epoch  13/300 — train_loss: 1.2938  val_loss: 1.2275
Epoch  14/300 — train_loss: 1.2766  val_loss: 1.2165
Epoch  15/300 — train_loss: 1.2650  val_loss: 1.2021
Epoch  16/300 — train_loss: 1.2545  val_loss: 1.1953
Epoch  17/300 — train_loss: 1.2467  val_loss: 1.1867
Epoch  18/300 — train_loss: 1.2413  val_loss: 1.1871
Epoch  19/300 — train_loss: 1.2385  val_loss: 1.1843
Epoch  20/300 — train_loss: 1.2322  val_loss: 1.1742
Epoch  21/300 — train_loss: 1.2262  val_loss: 1.1732
Epoch  22/300 — train_loss: 1.2215  val_loss: 1.1668
Epoch  23/300 — train_loss: 1.2179  val_loss: 1.1652
Epoch  24/300 — train_loss: 1.2165  val_loss: 1.1609
Epoch  25/300 — train_loss: 1.2118  val_loss: 1.1602
Epoch  26/300 — train_loss: 1.2109  val_loss: 1.1571
Epoch  27/300 — train_loss: 1.2051  val_loss: 1.1543
Epoch  28/300 — train_loss: 1.2034  val_loss: 1.1574
Epoch  29/300 — train_loss: 1.2054  val_loss: 1.1569
Epoch  30/300 — train_loss: 1.2013  val_loss: 1.1551
Epoch  31/300 — train_loss: 1.1992  val_loss: 1.1498
Epoch  32/300 — train_loss: 1.1965  val_loss: 1.1460
Epoch  33/300 — train_loss: 1.1951  val_loss: 1.1456
Epoch  34/300 — train_loss: 1.1937  val_loss: 1.1463
Epoch  35/300 — train_loss: 1.1911  val_loss: 1.1426
Epoch  36/300 — train_loss: 1.1909  val_loss: 1.1412
Epoch  37/300 — train_loss: 1.1903  val_loss: 1.1405
Epoch  38/300 — train_loss: 1.1884  val_loss: 1.1404
Epoch  39/300 — train_loss: 1.1877  val_loss: 1.1390
Epoch  40/300 — train_loss: 1.1854  val_loss: 1.1384
Epoch  41/300 — train_loss: 1.1868  val_loss: 1.1387
Epoch  42/300 — train_loss: 1.1881  val_loss: 1.1410
Epoch  43/300 — train_loss: 1.1862  val_loss: 1.1391
Epoch  44/300 — train_loss: 1.1857  val_loss: 1.1369
Epoch  45/300 — train_loss: 1.1837  val_loss: 1.1359
Epoch  46/300 — train_loss: 1.1817  val_loss: 1.1360
Epoch  47/300 — train_loss: 1.1832  val_loss: 1.1354
Epoch  48/300 — train_loss: 1.1828  val_loss: 1.1340
Epoch  49/300 — train_loss: 1.1814  val_loss: 1.1341
Epoch  50/300 — train_loss: 1.1818  val_loss: 1.1354
Epoch  51/300 — train_loss: 1.1814  val_loss: 1.1350
Epoch  52/300 — train_loss: 1.1797  val_loss: 1.1331
Epoch  53/300 — train_loss: 1.1794  val_loss: 1.1330
Epoch  54/300 — train_loss: 1.1784  val_loss: 1.1328
Epoch  55/300 — train_loss: 1.1789  val_loss: 1.1326
Epoch  56/300 — train_loss: 1.1793  val_loss: 1.1323
Epoch  57/300 — train_loss: 1.1798  val_loss: 1.1321
Epoch  58/300 — train_loss: 1.1776  val_loss: 1.1318
Epoch  59/300 — train_loss: 1.1774  val_loss: 1.1324
Epoch  60/300 — train_loss: 1.1787  val_loss: 1.1317
Epoch  61/300 — train_loss: 1.1781  val_loss: 1.1345
Epoch  62/300 — train_loss: 1.1773  val_loss: 1.1311
Epoch  63/300 — train_loss: 1.1770  val_loss: 1.1309
Epoch  64/300 — train_loss: 1.1751  val_loss: 1.1311
Epoch  65/300 — train_loss: 1.1754  val_loss: 1.1307
Epoch  66/300 — train_loss: 1.1776  val_loss: 1.1301
Epoch  67/300 — train_loss: 1.1758  val_loss: 1.1306
Epoch  68/300 — train_loss: 1.1774  val_loss: 1.1296
Epoch  69/300 — train_loss: 1.1743  val_loss: 1.1299
Epoch  70/300 — train_loss: 1.1747  val_loss: 1.1303
Epoch  71/300 — train_loss: 1.1748  val_loss: 1.1299
Epoch  72/300 — train_loss: 1.1756  val_loss: 1.1302
Epoch  73/300 — train_loss: 1.1747  val_loss: 1.1305
Epoch  74/300 — train_loss: 1.1766  val_loss: 1.1293
Epoch  75/300 — train_loss: 1.1775  val_loss: 1.1323
Epoch  76/300 — train_loss: 1.1752  val_loss: 1.1297
Epoch  77/300 — train_loss: 1.1757  val_loss: 1.1296
Epoch  78/300 — train_loss: 1.1759  val_loss: 1.1297
Epoch  79/300 — train_loss: 1.1757  val_loss: 1.1303
Epoch  80/300 — train_loss: 1.1747  val_loss: 1.1293
Epoch  81/300 — train_loss: 1.1741  val_loss: 1.1289
Epoch  82/300 — train_loss: 1.1738  val_loss: 1.1295
Epoch  83/300 — train_loss: 1.1747  val_loss: 1.1294
Epoch  84/300 — train_loss: 1.1737  val_loss: 1.1292
Epoch  85/300 — train_loss: 1.1752  val_loss: 1.1298
Epoch  86/300 — train_loss: 1.1732  val_loss: 1.1285
Epoch  87/300 — train_loss: 1.1747  val_loss: 1.1280
Epoch  88/300 — train_loss: 1.1729  val_loss: 1.1286
Epoch  89/300 — train_loss: 1.1734  val_loss: 1.1283
Epoch  90/300 — train_loss: 1.1728  val_loss: 1.1285
Epoch  91/300 — train_loss: 1.1728  val_loss: 1.1289
Epoch  92/300 — train_loss: 1.1737  val_loss: 1.1284
Epoch  93/300 — train_loss: 1.1711  val_loss: 1.1286
Epoch  94/300 — train_loss: 1.1729  val_loss: 1.1282
Epoch  95/300 — train_loss: 1.1713  val_loss: 1.1282
Epoch  96/300 — train_loss: 1.1724  val_loss: 1.1290
Epoch  97/300 — train_loss: 1.1730  val_loss: 1.1283
Epoch  98/300 — train_loss: 1.1721  val_loss: 1.1288
Epoch  99/300 — train_loss: 1.1714  val_loss: 1.1277
Epoch 100/300 — train_loss: 1.1710  val_loss: 1.1277
Epoch 101/300 — train_loss: 1.1718  val_loss: 1.1288
Epoch 102/300 — train_loss: 1.1724  val_loss: 1.1280
Epoch 103/300 — train_loss: 1.1721  val_loss: 1.1287
Epoch 104/300 — train_loss: 1.1716  val_loss: 1.1276
Epoch 105/300 — train_loss: 1.1720  val_loss: 1.1288
Epoch 106/300 — train_loss: 1.1728  val_loss: 1.1272
Epoch 107/300 — train_loss: 1.1705  val_loss: 1.1281
Epoch 108/300 — train_loss: 1.1723  val_loss: 1.1292
Epoch 109/300 — train_loss: 1.1715  val_loss: 1.1281
Epoch 110/300 — train_loss: 1.1712  val_loss: 1.1276
Epoch 111/300 — train_loss: 1.1712  val_loss: 1.1284
Epoch 112/300 — train_loss: 1.1689  val_loss: 1.1279
Epoch 113/300 — train_loss: 1.1719  val_loss: 1.1291
Epoch 114/300 — train_loss: 1.1724  val_loss: 1.1274
Epoch 115/300 — train_loss: 1.1713  val_loss: 1.1280
Epoch 116/300 — train_loss: 1.1720  val_loss: 1.1279
Epoch 117/300 — train_loss: 1.1708  val_loss: 1.1273
Epoch 118/300 — train_loss: 1.1694  val_loss: 1.1277
Epoch 119/300 — train_loss: 1.1711  val_loss: 1.1281
Epoch 120/300 — train_loss: 1.1716  val_loss: 1.1274
Epoch 121/300 — train_loss: 1.1701  val_loss: 1.1273
Epoch 122/300 — train_loss: 1.1706  val_loss: 1.1271
Epoch 123/300 — train_loss: 1.1708  val_loss: 1.1276
Epoch 124/300 — train_loss: 1.1688  val_loss: 1.1273
Epoch 125/300 — train_loss: 1.1704  val_loss: 1.1270
Epoch 126/300 — train_loss: 1.1711  val_loss: 1.1285
Epoch 127/300 — train_loss: 1.1704  val_loss: 1.1271
Epoch 128/300 — train_loss: 1.1697  val_loss: 1.1267
Epoch 129/300 — train_loss: 1.1698  val_loss: 1.1275
Epoch 130/300 — train_loss: 1.1700  val_loss: 1.1271
Epoch 131/300 — train_loss: 1.1682  val_loss: 1.1271
Epoch 132/300 — train_loss: 1.1711  val_loss: 1.1273
Epoch 133/300 — train_loss: 1.1683  val_loss: 1.1273
Epoch 134/300 — train_loss: 1.1687  val_loss: 1.1271
Epoch 135/300 — train_loss: 1.1691  val_loss: 1.1279
Epoch 136/300 — train_loss: 1.1687  val_loss: 1.1272
Epoch 137/300 — train_loss: 1.1694  val_loss: 1.1276
Epoch 138/300 — train_loss: 1.1707  val_loss: 1.1276
Epoch 139/300 — train_loss: 1.1681  val_loss: 1.1273
Epoch 140/300 — train_loss: 1.1680  val_loss: 1.1269
Epoch 141/300 — train_loss: 1.1693  val_loss: 1.1269
Epoch 142/300 — train_loss: 1.1691  val_loss: 1.1271
Epoch 143/300 — train_loss: 1.1679  val_loss: 1.1273
Epoch 144/300 — train_loss: 1.1687  val_loss: 1.1280
Epoch 145/300 — train_loss: 1.1690  val_loss: 1.1281
Epoch 146/300 — train_loss: 1.1686  val_loss: 1.1274
Epoch 147/300 — train_loss: 1.1670  val_loss: 1.1273
Epoch 148/300 — train_loss: 1.1679  val_loss: 1.1281
Early stopping triggered at epoch 148.

Checkpoint saved: /kaggle/working/results/checkpoints/lstm_base_dunnhumby_v2_seed123_sample.pt
Validation-fitted softmax temperature: 1.0000
Validation aggregate calibration: freq_factor=1.0286, spend_factor=1.0000

Running autoregressive inference on holdout period ...
  inference mode: sample  n_scenarios: 200  temperature: 1.0000

=== Prediction Diagnostics ===
  Mean predicted freq/week:    1.1379
  Mean actual freq/week:       1.1447
  Over-prediction ratio:       0.994x
  Customers predicted as zero total:  0.000
  Customers actually zero total:      0.036
  Non-zero rate (pred, avg > 0.05):  0.998
  Non-zero rate (true):               0.532

Metrics saved: /kaggle/working/results/tables/lstm_base_dunnhumby_v2_seed123_sample_metrics.json
Array artifacts saved: /kaggle/working/results/tables/lstm_base_dunnhumby_v2_seed123_sample_arrays.npz

=== Holdout Evaluation ===
  metric_definition_version: valendin_aggregate_mape_v1
  freq_rmse: 13.7676
  freq_mae: 8.4930
  freq_normalized_gini: 0.8773
  freq_calibration_factor: 1.0286
  freq_horizon_abs_bias_pct: 2.2466
  bias_pct: 2.2466
  freq_weekly_mae: 117.3108
  freq_weekly_total_true: 62910.0000
  freq_weekly_total_pred: 64323.3526
  freq_valendin_mape: 4.1024
  freq_horizon_bias_pct: 2.2466
  freq_weekly_mean_pct_mape: 5.6702
  freq_weekly_mean_pct_bias_pct: 3.9068
  freq_weekly_bias_pct: 2.2466
  freq_weekly_mape: 4.1024
  freq_mape: 4.1024
  freq_mase: 1.0293
  freq_mase_scale: 0.8235
  calibration_temperature_source: rolling_origin_autoregressive
  validation_temperature: 1.0000
  calibration_source: rolling_origin_autoregressive
  validation_freq_true_total: 6257.0000
  validation_freq_pred_total: 5917.9810
  validation_spend_true_total: 0.0000
  validation_spend_pred_total: 0.0000
  validation_freq_calibration_factor: 1.0286
  validation_spend_calibration_factor: 1.0000
  validation_rolling_origin_count: 2
  protocol_name: dunnhumby_configured_80x22
  cohort_size: 2498
  calibration_weeks: 80
  holdout_weeks: 22
  inference_mode: sample
  n_scenarios: 200
  final_manifest_version: 2026-05-20-results-recovery-protocol
  final_manifest_run_name: lstm_base_dunnhumby_v2_seed123_sample
  final_manifest_config: experiments/configs/lstm_base_dunnhumby_v2.yaml
  final_manifest_config_hash: a3d25fc97b18
  final_manifest_actual_config_hash: b8aa63d14208
  final_manifest_seed: 123
  final_manifest_epochs: 300
  final_manifest_inference_mode: sample
  final_manifest_n_scenarios: 200
  run_valid: True
  run_invalid_reason: 
  run_warning: 
  epochs_completed: 148
  max_epochs_configured: 300
History saved: /kaggle/working/results/tables/lstm_base_dunnhumby_v2_seed123_sample_history.json
