[Kaggle] raw_dir  → /kaggle/working/input/dunnhumby
[Kaggle] results  → /kaggle/working/results
Config: experiments/configs/lstm_joint_dunnhumby_v3.yaml
Run: lstm_joint_dunnhumby_v3_seed7_sample
Device: cuda
Loading dataset: dunnhumby ...
[pipeline] freq_cap=10 (auto q=0.99) → freq_bins=[0, 1, 2, 3]... (n_classes=11)
  Train customers: 2249, Val: 249, Inference: 2498
[dunnhumby] Customers with 0 calibration transactions: 0 / 2498
  top-bin decode: class_values[-1] = 13.099 (max_trans = 10)
Model: lstm — 99,577 parameters

Training for up to 300 epochs ...
/kaggle/working/thesis-code/src/training/trainer.py:116: FutureWarning: `torch.cuda.amp.GradScaler(args...)` is deprecated. Please use `torch.amp.GradScaler('cuda', args...)` instead.
  self.scaler = torch.cuda.amp.GradScaler(enabled=self.amp_enabled)
[Kendall] log_vars frozen for 5 warm-up epochs.
Epoch   1/300 — train_loss: 1.3037  val_loss: 1.3008  freq: 2.3517  spend: 0.2498  w_freq: 0.500  w_spend: 0.500
Epoch   2/300 — train_loss: 1.2971  val_loss: 1.2898  freq: 2.3306  spend: 0.2489  w_freq: 0.500  w_spend: 0.500
Epoch   3/300 — train_loss: 1.2829  val_loss: 1.2705  freq: 2.2939  spend: 0.2471  w_freq: 0.500  w_spend: 0.500
Epoch   4/300 — train_loss: 1.2591  val_loss: 1.2396  freq: 2.2353  spend: 0.2440  w_freq: 0.500  w_spend: 0.500
Epoch   5/300 — train_loss: 1.2215  val_loss: 1.1882  freq: 2.1389  spend: 0.2375  w_freq: 0.500  w_spend: 0.500
[Kendall] log_vars unfrozen at epoch 6.
Epoch   6/300 — train_loss: 1.1563  val_loss: 1.0937  freq: 1.9676  spend: 0.2227  w_freq: 0.500  w_spend: 0.500
Epoch   7/300 — train_loss: 1.0289  val_loss: 0.8876  freq: 1.6044  spend: 0.1758  w_freq: 0.499  w_spend: 0.501
Epoch   8/300 — train_loss: 0.8474  val_loss: 0.7518  freq: 1.3864  spend: 0.1245  w_freq: 0.498  w_spend: 0.502
Epoch   9/300 — train_loss: 0.7645  val_loss: 0.7180  freq: 1.3083  spend: 0.1371  w_freq: 0.497  w_spend: 0.504
Epoch  10/300 — train_loss: 0.7306  val_loss: 0.6788  freq: 1.2624  spend: 0.1077  w_freq: 0.496  w_spend: 0.505
Epoch  11/300 — train_loss: 0.7097  val_loss: 0.6596  freq: 1.2412  spend: 0.0942  w_freq: 0.495  w_spend: 0.507
Epoch  12/300 — train_loss: 0.6878  val_loss: 0.6430  freq: 1.2324  spend: 0.0745  w_freq: 0.494  w_spend: 0.509
Epoch  13/300 — train_loss: 0.6669  val_loss: 0.6200  freq: 1.2280  spend: 0.0385  w_freq: 0.493  w_spend: 0.511
Epoch  14/300 — train_loss: 0.6439  val_loss: 0.5991  freq: 1.2245  spend: 0.0065  w_freq: 0.492  w_spend: 0.513
Epoch  15/300 — train_loss: 0.6239  val_loss: 0.5833  freq: 1.2193  spend: -0.0133  w_freq: 0.490  w_spend: 0.516
Epoch  16/300 — train_loss: 0.6061  val_loss: 0.5659  freq: 1.2089  spend: -0.0310  w_freq: 0.489  w_spend: 0.519
Epoch  17/300 — train_loss: 0.5903  val_loss: 0.5527  freq: 1.1985  spend: -0.0407  w_freq: 0.488  w_spend: 0.522
Epoch  18/300 — train_loss: 0.5801  val_loss: 0.5416  freq: 1.1887  spend: -0.0471  w_freq: 0.486  w_spend: 0.525
Epoch  19/300 — train_loss: 0.5713  val_loss: 0.5350  freq: 1.1842  spend: -0.0501  w_freq: 0.485  w_spend: 0.527
Epoch  20/300 — train_loss: 0.5645  val_loss: 0.5277  freq: 1.1797  spend: -0.0550  w_freq: 0.484  w_spend: 0.530
Epoch  21/300 — train_loss: 0.5577  val_loss: 0.5216  freq: 1.1749  spend: -0.0571  w_freq: 0.483  w_spend: 0.532
Epoch  22/300 — train_loss: 0.5523  val_loss: 0.5161  freq: 1.1702  spend: -0.0580  w_freq: 0.482  w_spend: 0.535
Epoch  23/300 — train_loss: 0.5450  val_loss: 0.5103  freq: 1.1662  spend: -0.0601  w_freq: 0.480  w_spend: 0.537
Epoch  24/300 — train_loss: 0.5390  val_loss: 0.5060  freq: 1.1636  spend: -0.0605  w_freq: 0.479  w_spend: 0.540
Epoch  25/300 — train_loss: 0.5367  val_loss: 0.5024  freq: 1.1615  spend: -0.0601  w_freq: 0.478  w_spend: 0.543
Epoch  26/300 — train_loss: 0.5314  val_loss: 0.4993  freq: 1.1580  spend: -0.0580  w_freq: 0.477  w_spend: 0.546
Epoch  27/300 — train_loss: 0.5284  val_loss: 0.4933  freq: 1.1565  spend: -0.0636  w_freq: 0.476  w_spend: 0.548
Epoch  28/300 — train_loss: 0.5249  val_loss: 0.4910  freq: 1.1553  spend: -0.0628  w_freq: 0.475  w_spend: 0.550
Epoch  29/300 — train_loss: 0.5214  val_loss: 0.4867  freq: 1.1547  spend: -0.0663  w_freq: 0.475  w_spend: 0.552
Epoch  30/300 — train_loss: 0.5162  val_loss: 0.4843  freq: 1.1533  spend: -0.0652  w_freq: 0.474  w_spend: 0.554
Epoch  31/300 — train_loss: 0.5137  val_loss: 0.4796  freq: 1.1513  spend: -0.0680  w_freq: 0.473  w_spend: 0.557
Epoch  32/300 — train_loss: 0.5104  val_loss: 0.4774  freq: 1.1507  spend: -0.0672  w_freq: 0.472  w_spend: 0.559
Epoch  33/300 — train_loss: 0.5071  val_loss: 0.4748  freq: 1.1486  spend: -0.0659  w_freq: 0.471  w_spend: 0.561
Epoch  34/300 — train_loss: 0.5039  val_loss: 0.4712  freq: 1.1489  spend: -0.0681  w_freq: 0.470  w_spend: 0.564
Epoch  35/300 — train_loss: 0.4997  val_loss: 0.4665  freq: 1.1471  spend: -0.0703  w_freq: 0.470  w_spend: 0.566
Epoch  36/300 — train_loss: 0.4967  val_loss: 0.4659  freq: 1.1462  spend: -0.0661  w_freq: 0.469  w_spend: 0.569
Epoch  37/300 — train_loss: 0.4930  val_loss: 0.4643  freq: 1.1455  spend: -0.0640  w_freq: 0.468  w_spend: 0.572
Epoch  38/300 — train_loss: 0.4905  val_loss: 0.4587  freq: 1.1447  spend: -0.0687  w_freq: 0.467  w_spend: 0.574
Epoch  39/300 — train_loss: 0.4876  val_loss: 0.4560  freq: 1.1441  spend: -0.0686  w_freq: 0.466  w_spend: 0.577
Epoch  40/300 — train_loss: 0.4837  val_loss: 0.4518  freq: 1.1436  spend: -0.0712  w_freq: 0.465  w_spend: 0.579
Epoch  41/300 — train_loss: 0.4796  val_loss: 0.4501  freq: 1.1429  spend: -0.0689  w_freq: 0.464  w_spend: 0.582
Epoch  42/300 — train_loss: 0.4770  val_loss: 0.4472  freq: 1.1428  spend: -0.0696  w_freq: 0.463  w_spend: 0.585
Epoch  43/300 — train_loss: 0.4733  val_loss: 0.4428  freq: 1.1413  spend: -0.0714  w_freq: 0.463  w_spend: 0.588
Epoch  44/300 — train_loss: 0.4702  val_loss: 0.4391  freq: 1.1415  spend: -0.0735  w_freq: 0.462  w_spend: 0.590
Epoch  45/300 — train_loss: 0.4675  val_loss: 0.4368  freq: 1.1408  spend: -0.0731  w_freq: 0.461  w_spend: 0.593
Epoch  46/300 — train_loss: 0.4653  val_loss: 0.4346  freq: 1.1422  spend: -0.0737  w_freq: 0.460  w_spend: 0.595
Epoch  47/300 — train_loss: 0.4622  val_loss: 0.4322  freq: 1.1398  spend: -0.0720  w_freq: 0.460  w_spend: 0.598
Epoch  48/300 — train_loss: 0.4602  val_loss: 0.4290  freq: 1.1395  spend: -0.0734  w_freq: 0.459  w_spend: 0.600
Epoch  49/300 — train_loss: 0.4585  val_loss: 0.4309  freq: 1.1413  spend: -0.0680  w_freq: 0.458  w_spend: 0.603
Epoch  50/300 — train_loss: 0.4560  val_loss: 0.4252  freq: 1.1400  spend: -0.0731  w_freq: 0.458  w_spend: 0.605
Epoch  51/300 — train_loss: 0.4530  val_loss: 0.4224  freq: 1.1388  spend: -0.0734  w_freq: 0.457  w_spend: 0.607
Epoch  52/300 — train_loss: 0.4488  val_loss: 0.4229  freq: 1.1394  spend: -0.0693  w_freq: 0.456  w_spend: 0.610
Epoch  53/300 — train_loss: 0.4460  val_loss: 0.4192  freq: 1.1380  spend: -0.0706  w_freq: 0.456  w_spend: 0.612
Epoch  54/300 — train_loss: 0.4439  val_loss: 0.4142  freq: 1.1375  spend: -0.0746  w_freq: 0.455  w_spend: 0.615
Epoch  55/300 — train_loss: 0.4411  val_loss: 0.4119  freq: 1.1379  spend: -0.0748  w_freq: 0.454  w_spend: 0.618
Epoch  56/300 — train_loss: 0.4373  val_loss: 0.4111  freq: 1.1377  spend: -0.0722  w_freq: 0.454  w_spend: 0.620
Epoch  57/300 — train_loss: 0.4352  val_loss: 0.4060  freq: 1.1371  spend: -0.0762  w_freq: 0.453  w_spend: 0.623
Epoch  58/300 — train_loss: 0.4333  val_loss: 0.4066  freq: 1.1386  spend: -0.0726  w_freq: 0.452  w_spend: 0.625
Epoch  59/300 — train_loss: 0.4317  val_loss: 0.4015  freq: 1.1372  spend: -0.0761  w_freq: 0.452  w_spend: 0.628
Epoch  60/300 — train_loss: 0.4290  val_loss: 0.3985  freq: 1.1365  spend: -0.0767  w_freq: 0.451  w_spend: 0.631
Epoch  61/300 — train_loss: 0.4227  val_loss: 0.3954  freq: 1.1360  spend: -0.0772  w_freq: 0.451  w_spend: 0.633
Epoch  62/300 — train_loss: 0.4212  val_loss: 0.3926  freq: 1.1359  spend: -0.0775  w_freq: 0.450  w_spend: 0.636
Epoch  63/300 — train_loss: 0.4182  val_loss: 0.3931  freq: 1.1359  spend: -0.0730  w_freq: 0.449  w_spend: 0.639
Epoch  64/300 — train_loss: 0.4155  val_loss: 0.3894  freq: 1.1360  spend: -0.0753  w_freq: 0.449  w_spend: 0.642
Epoch  65/300 — train_loss: 0.4128  val_loss: 0.3849  freq: 1.1353  spend: -0.0784  w_freq: 0.448  w_spend: 0.644
Epoch  66/300 — train_loss: 0.4114  val_loss: 0.3829  freq: 1.1350  spend: -0.0777  w_freq: 0.448  w_spend: 0.647
Epoch  67/300 — train_loss: 0.4080  val_loss: 0.3806  freq: 1.1352  spend: -0.0781  w_freq: 0.447  w_spend: 0.650
Epoch  68/300 — train_loss: 0.4049  val_loss: 0.3775  freq: 1.1344  spend: -0.0788  w_freq: 0.447  w_spend: 0.652
Epoch  69/300 — train_loss: 0.4019  val_loss: 0.3753  freq: 1.1344  spend: -0.0786  w_freq: 0.446  w_spend: 0.655
Epoch  70/300 — train_loss: 0.3971  val_loss: 0.3734  freq: 1.1344  spend: -0.0778  w_freq: 0.446  w_spend: 0.658
Epoch  71/300 — train_loss: 0.3964  val_loss: 0.3704  freq: 1.1340  spend: -0.0786  w_freq: 0.445  w_spend: 0.661
Epoch  72/300 — train_loss: 0.3938  val_loss: 0.3667  freq: 1.1334  spend: -0.0801  w_freq: 0.445  w_spend: 0.663
Epoch  73/300 — train_loss: 0.3902  val_loss: 0.3638  freq: 1.1337  spend: -0.0809  w_freq: 0.444  w_spend: 0.666
Epoch  74/300 — train_loss: 0.3881  val_loss: 0.3617  freq: 1.1331  spend: -0.0801  w_freq: 0.444  w_spend: 0.669
Epoch  75/300 — train_loss: 0.3850  val_loss: 0.3584  freq: 1.1330  spend: -0.0816  w_freq: 0.443  w_spend: 0.672
Epoch  76/300 — train_loss: 0.3826  val_loss: 0.3579  freq: 1.1341  spend: -0.0797  w_freq: 0.443  w_spend: 0.675
Epoch  77/300 — train_loss: 0.3809  val_loss: 0.3544  freq: 1.1328  spend: -0.0809  w_freq: 0.442  w_spend: 0.678
Epoch  78/300 — train_loss: 0.3775  val_loss: 0.3563  freq: 1.1335  spend: -0.0754  w_freq: 0.442  w_spend: 0.680
Epoch  79/300 — train_loss: 0.3776  val_loss: 0.3529  freq: 1.1352  spend: -0.0788  w_freq: 0.442  w_spend: 0.683
Epoch  80/300 — train_loss: 0.3753  val_loss: 0.3494  freq: 1.1336  spend: -0.0803  w_freq: 0.441  w_spend: 0.685
Epoch  81/300 — train_loss: 0.3726  val_loss: 0.3470  freq: 1.1327  spend: -0.0804  w_freq: 0.441  w_spend: 0.687
Epoch  82/300 — train_loss: 0.3694  val_loss: 0.3441  freq: 1.1325  spend: -0.0816  w_freq: 0.441  w_spend: 0.690
Epoch  83/300 — train_loss: 0.3671  val_loss: 0.3444  freq: 1.1331  spend: -0.0785  w_freq: 0.440  w_spend: 0.692
Epoch  84/300 — train_loss: 0.3646  val_loss: 0.3399  freq: 1.1325  spend: -0.0817  w_freq: 0.440  w_spend: 0.695
Epoch  85/300 — train_loss: 0.3634  val_loss: 0.3372  freq: 1.1324  spend: -0.0824  w_freq: 0.440  w_spend: 0.697
Epoch  86/300 — train_loss: 0.3605  val_loss: 0.3365  freq: 1.1318  spend: -0.0801  w_freq: 0.439  w_spend: 0.700
Epoch  87/300 — train_loss: 0.3584  val_loss: 0.3326  freq: 1.1317  spend: -0.0828  w_freq: 0.439  w_spend: 0.703
Epoch  88/300 — train_loss: 0.3554  val_loss: 0.3300  freq: 1.1315  spend: -0.0834  w_freq: 0.439  w_spend: 0.705
Epoch  89/300 — train_loss: 0.3534  val_loss: 0.3291  freq: 1.1322  spend: -0.0822  w_freq: 0.438  w_spend: 0.708
Epoch  90/300 — train_loss: 0.3522  val_loss: 0.3295  freq: 1.1324  spend: -0.0790  w_freq: 0.438  w_spend: 0.710
Epoch  91/300 — train_loss: 0.3490  val_loss: 0.3244  freq: 1.1314  spend: -0.0829  w_freq: 0.438  w_spend: 0.713
Epoch  92/300 — train_loss: 0.3463  val_loss: 0.3236  freq: 1.1332  spend: -0.0820  w_freq: 0.437  w_spend: 0.715
Epoch  93/300 — train_loss: 0.3427  val_loss: 0.3209  freq: 1.1318  spend: -0.0818  w_freq: 0.437  w_spend: 0.718
Epoch  94/300 — train_loss: 0.3406  val_loss: 0.3180  freq: 1.1310  spend: -0.0823  w_freq: 0.437  w_spend: 0.721
Epoch  95/300 — train_loss: 0.3394  val_loss: 0.3180  freq: 1.1313  spend: -0.0796  w_freq: 0.437  w_spend: 0.724
Epoch  96/300 — train_loss: 0.3364  val_loss: 0.3138  freq: 1.1305  spend: -0.0822  w_freq: 0.436  w_spend: 0.726
Epoch  97/300 — train_loss: 0.3350  val_loss: 0.3136  freq: 1.1307  spend: -0.0801  w_freq: 0.436  w_spend: 0.729
Epoch  98/300 — train_loss: 0.3322  val_loss: 0.3093  freq: 1.1310  spend: -0.0836  w_freq: 0.436  w_spend: 0.731
Epoch  99/300 — train_loss: 0.3305  val_loss: 0.3069  freq: 1.1308  spend: -0.0840  w_freq: 0.436  w_spend: 0.734
Epoch 100/300 — train_loss: 0.3271  val_loss: 0.3060  freq: 1.1307  spend: -0.0824  w_freq: 0.435  w_spend: 0.736
Epoch 101/300 — train_loss: 0.3268  val_loss: 0.3027  freq: 1.1304  spend: -0.0839  w_freq: 0.435  w_spend: 0.739
Epoch 102/300 — train_loss: 0.3238  val_loss: 0.3008  freq: 1.1305  spend: -0.0839  w_freq: 0.435  w_spend: 0.742
Epoch 103/300 — train_loss: 0.3219  val_loss: 0.3001  freq: 1.1304  spend: -0.0819  w_freq: 0.435  w_spend: 0.745
Epoch 104/300 — train_loss: 0.3177  val_loss: 0.2968  freq: 1.1302  spend: -0.0834  w_freq: 0.434  w_spend: 0.747
Epoch 105/300 — train_loss: 0.3166  val_loss: 0.2972  freq: 1.1310  spend: -0.0806  w_freq: 0.434  w_spend: 0.750
Epoch 106/300 — train_loss: 0.3139  val_loss: 0.2921  freq: 1.1302  spend: -0.0842  w_freq: 0.434  w_spend: 0.753
Epoch 107/300 — train_loss: 0.3122  val_loss: 0.2906  freq: 1.1299  spend: -0.0832  w_freq: 0.434  w_spend: 0.756
Epoch 108/300 — train_loss: 0.3094  val_loss: 0.2880  freq: 1.1300  spend: -0.0841  w_freq: 0.433  w_spend: 0.758
Epoch 109/300 — train_loss: 0.3074  val_loss: 0.2887  freq: 1.1299  spend: -0.0805  w_freq: 0.433  w_spend: 0.761
Epoch 110/300 — train_loss: 0.3058  val_loss: 0.2846  freq: 1.1301  spend: -0.0834  w_freq: 0.433  w_spend: 0.764
Epoch 111/300 — train_loss: 0.3025  val_loss: 0.2830  freq: 1.1302  spend: -0.0830  w_freq: 0.433  w_spend: 0.767
Epoch 112/300 — train_loss: 0.3008  val_loss: 0.2828  freq: 1.1300  spend: -0.0806  w_freq: 0.433  w_spend: 0.769
Epoch 113/300 — train_loss: 0.2988  val_loss: 0.2808  freq: 1.1302  spend: -0.0810  w_freq: 0.432  w_spend: 0.772
Epoch 114/300 — train_loss: 0.2981  val_loss: 0.2785  freq: 1.1305  spend: -0.0820  w_freq: 0.432  w_spend: 0.774
Epoch 115/300 — train_loss: 0.2946  val_loss: 0.2770  freq: 1.1307  spend: -0.0818  w_freq: 0.432  w_spend: 0.777
Epoch 116/300 — train_loss: 0.2939  val_loss: 0.2739  freq: 1.1296  spend: -0.0831  w_freq: 0.432  w_spend: 0.779
Epoch 117/300 — train_loss: 0.2920  val_loss: 0.2748  freq: 1.1299  spend: -0.0801  w_freq: 0.432  w_spend: 0.781
Epoch 118/300 — train_loss: 0.2898  val_loss: 0.2740  freq: 1.1294  spend: -0.0788  w_freq: 0.432  w_spend: 0.783
Epoch 119/300 — train_loss: 0.2887  val_loss: 0.2690  freq: 1.1299  spend: -0.0834  w_freq: 0.432  w_spend: 0.785
Epoch 120/300 — train_loss: 0.2872  val_loss: 0.2678  freq: 1.1296  spend: -0.0829  w_freq: 0.431  w_spend: 0.788
Epoch 121/300 — train_loss: 0.2846  val_loss: 0.2651  freq: 1.1293  spend: -0.0839  w_freq: 0.431  w_spend: 0.790
Epoch 122/300 — train_loss: 0.2825  val_loss: 0.2655  freq: 1.1297  spend: -0.0814  w_freq: 0.431  w_spend: 0.792
Epoch 123/300 — train_loss: 0.2806  val_loss: 0.2640  freq: 1.1298  spend: -0.0811  w_freq: 0.431  w_spend: 0.795
Epoch 124/300 — train_loss: 0.2794  val_loss: 0.2625  freq: 1.1307  spend: -0.0813  w_freq: 0.431  w_spend: 0.797
Epoch 125/300 — train_loss: 0.2766  val_loss: 0.2597  freq: 1.1298  spend: -0.0821  w_freq: 0.431  w_spend: 0.800
Epoch 126/300 — train_loss: 0.2752  val_loss: 0.2574  freq: 1.1298  spend: -0.0828  w_freq: 0.431  w_spend: 0.802
Epoch 127/300 — train_loss: 0.2721  val_loss: 0.2553  freq: 1.1295  spend: -0.0830  w_freq: 0.431  w_spend: 0.805
Epoch 128/300 — train_loss: 0.2709  val_loss: 0.2533  freq: 1.1293  spend: -0.0831  w_freq: 0.430  w_spend: 0.807
Epoch 129/300 — train_loss: 0.2701  val_loss: 0.2542  freq: 1.1294  spend: -0.0800  w_freq: 0.430  w_spend: 0.810
Epoch 130/300 — train_loss: 0.2672  val_loss: 0.2501  freq: 1.1292  spend: -0.0830  w_freq: 0.430  w_spend: 0.812
Epoch 131/300 — train_loss: 0.2654  val_loss: 0.2486  freq: 1.1291  spend: -0.0826  w_freq: 0.430  w_spend: 0.815
Epoch 132/300 — train_loss: 0.2640  val_loss: 0.2477  freq: 1.1293  spend: -0.0820  w_freq: 0.430  w_spend: 0.817
Epoch 133/300 — train_loss: 0.2620  val_loss: 0.2457  freq: 1.1289  spend: -0.0821  w_freq: 0.430  w_spend: 0.819
Epoch 134/300 — train_loss: 0.2601  val_loss: 0.2441  freq: 1.1290  spend: -0.0822  w_freq: 0.430  w_spend: 0.822
Epoch 135/300 — train_loss: 0.2585  val_loss: 0.2413  freq: 1.1288  spend: -0.0836  w_freq: 0.430  w_spend: 0.824
Epoch 136/300 — train_loss: 0.2560  val_loss: 0.2417  freq: 1.1290  spend: -0.0815  w_freq: 0.430  w_spend: 0.826
Epoch 137/300 — train_loss: 0.2555  val_loss: 0.2394  freq: 1.1288  spend: -0.0824  w_freq: 0.430  w_spend: 0.828
Epoch 138/300 — train_loss: 0.2531  val_loss: 0.2396  freq: 1.1296  spend: -0.0807  w_freq: 0.429  w_spend: 0.831
Epoch 139/300 — train_loss: 0.2507  val_loss: 0.2373  freq: 1.1294  spend: -0.0816  w_freq: 0.429  w_spend: 0.833
Epoch 140/300 — train_loss: 0.2495  val_loss: 0.2361  freq: 1.1294  spend: -0.0814  w_freq: 0.429  w_spend: 0.835
Epoch 141/300 — train_loss: 0.2477  val_loss: 0.2349  freq: 1.1288  spend: -0.0809  w_freq: 0.429  w_spend: 0.837
Epoch 142/300 — train_loss: 0.2457  val_loss: 0.2330  freq: 1.1288  spend: -0.0814  w_freq: 0.429  w_spend: 0.839
Epoch 143/300 — train_loss: 0.2440  val_loss: 0.2300  freq: 1.1288  spend: -0.0832  w_freq: 0.429  w_spend: 0.841
Epoch 144/300 — train_loss: 0.2438  val_loss: 0.2298  freq: 1.1287  spend: -0.0816  w_freq: 0.429  w_spend: 0.843
Epoch 145/300 — train_loss: 0.2429  val_loss: 0.2287  freq: 1.1289  spend: -0.0815  w_freq: 0.429  w_spend: 0.845
Epoch 146/300 — train_loss: 0.2410  val_loss: 0.2266  freq: 1.1286  spend: -0.0822  w_freq: 0.429  w_spend: 0.847
Epoch 147/300 — train_loss: 0.2383  val_loss: 0.2251  freq: 1.1290  spend: -0.0823  w_freq: 0.429  w_spend: 0.849
Epoch 148/300 — train_loss: 0.2377  val_loss: 0.2260  freq: 1.1292  spend: -0.0797  w_freq: 0.429  w_spend: 0.852
Epoch 149/300 — train_loss: 0.2349  val_loss: 0.2219  freq: 1.1286  spend: -0.0825  w_freq: 0.429  w_spend: 0.854
Epoch 150/300 — train_loss: 0.2330  val_loss: 0.2209  freq: 1.1286  spend: -0.0819  w_freq: 0.429  w_spend: 0.856
Epoch 151/300 — train_loss: 0.2314  val_loss: 0.2201  freq: 1.1290  spend: -0.0814  w_freq: 0.429  w_spend: 0.858
Epoch 152/300 — train_loss: 0.2310  val_loss: 0.2195  freq: 1.1285  spend: -0.0801  w_freq: 0.429  w_spend: 0.861
Epoch 153/300 — train_loss: 0.2287  val_loss: 0.2169  freq: 1.1283  spend: -0.0815  w_freq: 0.428  w_spend: 0.863
Epoch 154/300 — train_loss: 0.2278  val_loss: 0.2160  freq: 1.1286  spend: -0.0812  w_freq: 0.428  w_spend: 0.865
Epoch 155/300 — train_loss: 0.2262  val_loss: 0.2151  freq: 1.1286  spend: -0.0807  w_freq: 0.428  w_spend: 0.867
Epoch 156/300 — train_loss: 0.2251  val_loss: 0.2148  freq: 1.1287  spend: -0.0795  w_freq: 0.428  w_spend: 0.869
Epoch 157/300 — train_loss: 0.2230  val_loss: 0.2119  freq: 1.1288  spend: -0.0814  w_freq: 0.428  w_spend: 0.871
Epoch 158/300 — train_loss: 0.2217  val_loss: 0.2129  freq: 1.1287  spend: -0.0788  w_freq: 0.428  w_spend: 0.873
Epoch 159/300 — train_loss: 0.2200  val_loss: 0.2117  freq: 1.1283  spend: -0.0787  w_freq: 0.428  w_spend: 0.874
Epoch 160/300 — train_loss: 0.2189  val_loss: 0.2089  freq: 1.1285  spend: -0.0806  w_freq: 0.428  w_spend: 0.876
Epoch 161/300 — train_loss: 0.2171  val_loss: 0.2070  freq: 1.1283  spend: -0.0812  w_freq: 0.428  w_spend: 0.878
Epoch 162/300 — train_loss: 0.2156  val_loss: 0.2071  freq: 1.1290  spend: -0.0800  w_freq: 0.428  w_spend: 0.880
Epoch 163/300 — train_loss: 0.2153  val_loss: 0.2081  freq: 1.1284  spend: -0.0772  w_freq: 0.428  w_spend: 0.882
Epoch 164/300 — train_loss: 0.2134  val_loss: 0.2047  freq: 1.1285  spend: -0.0798  w_freq: 0.428  w_spend: 0.884
Epoch 165/300 — train_loss: 0.2119  val_loss: 0.2035  freq: 1.1286  spend: -0.0799  w_freq: 0.428  w_spend: 0.886
Epoch 166/300 — train_loss: 0.2097  val_loss: 0.2011  freq: 1.1282  spend: -0.0812  w_freq: 0.428  w_spend: 0.887
Epoch 167/300 — train_loss: 0.2098  val_loss: 0.2004  freq: 1.1284  spend: -0.0809  w_freq: 0.428  w_spend: 0.889
Epoch 168/300 — train_loss: 0.2076  val_loss: 0.1981  freq: 1.1284  spend: -0.0822  w_freq: 0.428  w_spend: 0.891
Epoch 169/300 — train_loss: 0.2082  val_loss: 0.1984  freq: 1.1284  spend: -0.0806  w_freq: 0.428  w_spend: 0.893
Epoch 170/300 — train_loss: 0.2069  val_loss: 0.1971  freq: 1.1283  spend: -0.0807  w_freq: 0.428  w_spend: 0.894
Epoch 171/300 — train_loss: 0.2033  val_loss: 0.1956  freq: 1.1282  spend: -0.0811  w_freq: 0.428  w_spend: 0.896
Epoch 172/300 — train_loss: 0.2023  val_loss: 0.1954  freq: 1.1286  spend: -0.0801  w_freq: 0.428  w_spend: 0.898
Epoch 173/300 — train_loss: 0.2016  val_loss: 0.1948  freq: 1.1286  spend: -0.0796  w_freq: 0.428  w_spend: 0.900
Epoch 174/300 — train_loss: 0.2002  val_loss: 0.1936  freq: 1.1285  spend: -0.0796  w_freq: 0.428  w_spend: 0.902
Epoch 175/300 — train_loss: 0.1998  val_loss: 0.1914  freq: 1.1285  spend: -0.0809  w_freq: 0.428  w_spend: 0.903
Epoch 176/300 — train_loss: 0.1989  val_loss: 0.1899  freq: 1.1286  spend: -0.0815  w_freq: 0.428  w_spend: 0.905
Epoch 177/300 — train_loss: 0.1970  val_loss: 0.1915  freq: 1.1282  spend: -0.0785  w_freq: 0.428  w_spend: 0.906
Epoch 178/300 — train_loss: 0.1960  val_loss: 0.1876  freq: 1.1285  spend: -0.0819  w_freq: 0.428  w_spend: 0.908
Epoch 179/300 — train_loss: 0.1949  val_loss: 0.1879  freq: 1.1287  spend: -0.0805  w_freq: 0.428  w_spend: 0.909
Epoch 180/300 — train_loss: 0.1933  val_loss: 0.1886  freq: 1.1281  spend: -0.0785  w_freq: 0.428  w_spend: 0.911
Epoch 181/300 — train_loss: 0.1924  val_loss: 0.1891  freq: 1.1286  spend: -0.0771  w_freq: 0.427  w_spend: 0.913
Epoch 182/300 — train_loss: 0.1917  val_loss: 0.1887  freq: 1.1287  spend: -0.0766  w_freq: 0.427  w_spend: 0.914
Epoch 183/300 — train_loss: 0.1902  val_loss: 0.1865  freq: 1.1284  spend: -0.0778  w_freq: 0.427  w_spend: 0.916
Epoch 184/300 — train_loss: 0.1892  val_loss: 0.1851  freq: 1.1284  spend: -0.0783  w_freq: 0.427  w_spend: 0.917
Epoch 185/300 — train_loss: 0.1874  val_loss: 0.1825  freq: 1.1285  spend: -0.0803  w_freq: 0.427  w_spend: 0.918
Epoch 186/300 — train_loss: 0.1872  val_loss: 0.1811  freq: 1.1284  spend: -0.0808  w_freq: 0.427  w_spend: 0.920
Epoch 187/300 — train_loss: 0.1851  val_loss: 0.1813  freq: 1.1282  spend: -0.0796  w_freq: 0.427  w_spend: 0.921
Epoch 188/300 — train_loss: 0.1853  val_loss: 0.1821  freq: 1.1282  spend: -0.0777  w_freq: 0.427  w_spend: 0.923
Epoch 189/300 — train_loss: 0.1839  val_loss: 0.1807  freq: 1.1283  spend: -0.0784  w_freq: 0.427  w_spend: 0.924
Epoch 190/300 — train_loss: 0.1831  val_loss: 0.1781  freq: 1.1283  spend: -0.0802  w_freq: 0.427  w_spend: 0.925
Epoch 191/300 — train_loss: 0.1823  val_loss: 0.1789  freq: 1.1284  spend: -0.0786  w_freq: 0.427  w_spend: 0.927
Epoch 192/300 — train_loss: 0.1800  val_loss: 0.1767  freq: 1.1281  spend: -0.0799  w_freq: 0.427  w_spend: 0.928
Epoch 193/300 — train_loss: 0.1794  val_loss: 0.1787  freq: 1.1285  spend: -0.0769  w_freq: 0.427  w_spend: 0.930
Epoch 194/300 — train_loss: 0.1788  val_loss: 0.1787  freq: 1.1284  spend: -0.0760  w_freq: 0.427  w_spend: 0.931
Epoch 195/300 — train_loss: 0.1784  val_loss: 0.1758  freq: 1.1284  spend: -0.0782  w_freq: 0.427  w_spend: 0.932
Epoch 196/300 — train_loss: 0.1784  val_loss: 0.1738  freq: 1.1286  spend: -0.0797  w_freq: 0.427  w_spend: 0.934
Epoch 197/300 — train_loss: 0.1765  val_loss: 0.1723  freq: 1.1282  spend: -0.0803  w_freq: 0.427  w_spend: 0.935
Epoch 198/300 — train_loss: 0.1753  val_loss: 0.1721  freq: 1.1282  spend: -0.0797  w_freq: 0.427  w_spend: 0.936
Epoch 199/300 — train_loss: 0.1743  val_loss: 0.1725  freq: 1.1283  spend: -0.0786  w_freq: 0.427  w_spend: 0.937
Epoch 200/300 — train_loss: 0.1738  val_loss: 0.1726  freq: 1.1281  spend: -0.0776  w_freq: 0.427  w_spend: 0.938
Epoch 201/300 — train_loss: 0.1716  val_loss: 0.1723  freq: 1.1284  spend: -0.0773  w_freq: 0.427  w_spend: 0.940
Epoch 202/300 — train_loss: 0.1719  val_loss: 0.1694  freq: 1.1283  spend: -0.0796  w_freq: 0.427  w_spend: 0.941
Epoch 203/300 — train_loss: 0.1705  val_loss: 0.1687  freq: 1.1283  spend: -0.0796  w_freq: 0.427  w_spend: 0.942
Epoch 204/300 — train_loss: 0.1699  val_loss: 0.1692  freq: 1.1286  spend: -0.0785  w_freq: 0.427  w_spend: 0.943
Epoch 205/300 — train_loss: 0.1691  val_loss: 0.1682  freq: 1.1282  spend: -0.0788  w_freq: 0.427  w_spend: 0.944
Epoch 206/300 — train_loss: 0.1675  val_loss: 0.1669  freq: 1.1284  spend: -0.0796  w_freq: 0.427  w_spend: 0.945
Epoch 207/300 — train_loss: 0.1693  val_loss: 0.1673  freq: 1.1285  spend: -0.0785  w_freq: 0.427  w_spend: 0.946
Epoch 208/300 — train_loss: 0.1680  val_loss: 0.1657  freq: 1.1284  spend: -0.0797  w_freq: 0.427  w_spend: 0.947
Epoch 209/300 — train_loss: 0.1684  val_loss: 0.1663  freq: 1.1281  spend: -0.0783  w_freq: 0.427  w_spend: 0.948
Epoch 210/300 — train_loss: 0.1654  val_loss: 0.1654  freq: 1.1285  spend: -0.0789  w_freq: 0.427  w_spend: 0.949
Epoch 211/300 — train_loss: 0.1655  val_loss: 0.1661  freq: 1.1282  spend: -0.0774  w_freq: 0.427  w_spend: 0.950
Epoch 212/300 — train_loss: 0.1648  val_loss: 0.1659  freq: 1.1282  spend: -0.0770  w_freq: 0.427  w_spend: 0.951
Epoch 213/300 — train_loss: 0.1639  val_loss: 0.1657  freq: 1.1282  spend: -0.0766  w_freq: 0.427  w_spend: 0.952
Epoch 214/300 — train_loss: 0.1636  val_loss: 0.1648  freq: 1.1282  spend: -0.0770  w_freq: 0.427  w_spend: 0.953
Epoch 215/300 — train_loss: 0.1627  val_loss: 0.1633  freq: 1.1282  spend: -0.0779  w_freq: 0.427  w_spend: 0.953
Epoch 216/300 — train_loss: 0.1623  val_loss: 0.1637  freq: 1.1282  spend: -0.0769  w_freq: 0.427  w_spend: 0.954
Epoch 217/300 — train_loss: 0.1612  val_loss: 0.1608  freq: 1.1282  spend: -0.0794  w_freq: 0.427  w_spend: 0.955
Epoch 218/300 — train_loss: 0.1600  val_loss: 0.1613  freq: 1.1283  spend: -0.0784  w_freq: 0.427  w_spend: 0.956
Epoch 219/300 — train_loss: 0.1605  val_loss: 0.1611  freq: 1.1282  spend: -0.0780  w_freq: 0.427  w_spend: 0.957
Epoch 220/300 — train_loss: 0.1589  val_loss: 0.1627  freq: 1.1284  spend: -0.0759  w_freq: 0.427  w_spend: 0.958
Epoch 221/300 — train_loss: 0.1592  val_loss: 0.1611  freq: 1.1282  spend: -0.0769  w_freq: 0.427  w_spend: 0.959
Epoch 222/300 — train_loss: 0.1597  val_loss: 0.1596  freq: 1.1282  spend: -0.0781  w_freq: 0.427  w_spend: 0.960
Epoch 223/300 — train_loss: 0.1577  val_loss: 0.1602  freq: 1.1285  spend: -0.0771  w_freq: 0.427  w_spend: 0.960
Epoch 224/300 — train_loss: 0.1574  val_loss: 0.1583  freq: 1.1281  spend: -0.0784  w_freq: 0.427  w_spend: 0.961
Epoch 225/300 — train_loss: 0.1572  val_loss: 0.1585  freq: 1.1283  spend: -0.0778  w_freq: 0.427  w_spend: 0.962
Epoch 226/300 — train_loss: 0.1560  val_loss: 0.1580  freq: 1.1284  spend: -0.0779  w_freq: 0.427  w_spend: 0.963
Epoch 227/300 — train_loss: 0.1552  val_loss: 0.1575  freq: 1.1283  spend: -0.0780  w_freq: 0.427  w_spend: 0.963
Epoch 228/300 — train_loss: 0.1549  val_loss: 0.1589  freq: 1.1281  spend: -0.0760  w_freq: 0.427  w_spend: 0.964
Epoch 229/300 — train_loss: 0.1553  val_loss: 0.1577  freq: 1.1283  spend: -0.0769  w_freq: 0.427  w_spend: 0.965
Epoch 230/300 — train_loss: 0.1537  val_loss: 0.1563  freq: 1.1281  spend: -0.0778  w_freq: 0.427  w_spend: 0.965
Epoch 231/300 — train_loss: 0.1539  val_loss: 0.1557  freq: 1.1282  spend: -0.0782  w_freq: 0.427  w_spend: 0.966
Epoch 232/300 — train_loss: 0.1543  val_loss: 0.1561  freq: 1.1283  spend: -0.0774  w_freq: 0.427  w_spend: 0.967
Epoch 233/300 — train_loss: 0.1524  val_loss: 0.1565  freq: 1.1283  spend: -0.0766  w_freq: 0.427  w_spend: 0.967
Epoch 234/300 — train_loss: 0.1513  val_loss: 0.1558  freq: 1.1282  spend: -0.0770  w_freq: 0.427  w_spend: 0.968
Epoch 235/300 — train_loss: 0.1516  val_loss: 0.1546  freq: 1.1283  spend: -0.0779  w_freq: 0.427  w_spend: 0.968
Epoch 236/300 — train_loss: 0.1507  val_loss: 0.1559  freq: 1.1282  spend: -0.0762  w_freq: 0.427  w_spend: 0.969
Epoch 237/300 — train_loss: 0.1514  val_loss: 0.1544  freq: 1.1283  spend: -0.0774  w_freq: 0.427  w_spend: 0.969
Epoch 238/300 — train_loss: 0.1503  val_loss: 0.1534  freq: 1.1283  spend: -0.0781  w_freq: 0.427  w_spend: 0.970
Epoch 239/300 — train_loss: 0.1505  val_loss: 0.1545  freq: 1.1284  spend: -0.0767  w_freq: 0.427  w_spend: 0.971
Epoch 240/300 — train_loss: 0.1501  val_loss: 0.1543  freq: 1.1282  spend: -0.0765  w_freq: 0.427  w_spend: 0.971
Epoch 241/300 — train_loss: 0.1492  val_loss: 0.1536  freq: 1.1282  spend: -0.0770  w_freq: 0.427  w_spend: 0.972
Epoch 242/300 — train_loss: 0.1481  val_loss: 0.1529  freq: 1.1283  spend: -0.0774  w_freq: 0.427  w_spend: 0.972
Epoch 243/300 — train_loss: 0.1493  val_loss: 0.1526  freq: 1.1283  spend: -0.0775  w_freq: 0.427  w_spend: 0.973
Epoch 244/300 — train_loss: 0.1486  val_loss: 0.1541  freq: 1.1283  spend: -0.0757  w_freq: 0.427  w_spend: 0.973
Epoch 245/300 — train_loss: 0.1477  val_loss: 0.1526  freq: 1.1283  spend: -0.0769  w_freq: 0.427  w_spend: 0.973
Epoch 246/300 — train_loss: 0.1486  val_loss: 0.1529  freq: 1.1283  spend: -0.0764  w_freq: 0.427  w_spend: 0.974
Epoch 247/300 — train_loss: 0.1488  val_loss: 0.1526  freq: 1.1284  spend: -0.0765  w_freq: 0.427  w_spend: 0.974
Epoch 248/300 — train_loss: 0.1473  val_loss: 0.1523  freq: 1.1282  spend: -0.0765  w_freq: 0.427  w_spend: 0.975
Epoch 249/300 — train_loss: 0.1465  val_loss: 0.1513  freq: 1.1284  spend: -0.0773  w_freq: 0.427  w_spend: 0.975
Epoch 250/300 — train_loss: 0.1470  val_loss: 0.1517  freq: 1.1284  spend: -0.0768  w_freq: 0.427  w_spend: 0.975
Epoch 251/300 — train_loss: 0.1480  val_loss: 0.1512  freq: 1.1283  spend: -0.0770  w_freq: 0.427  w_spend: 0.976
Epoch 252/300 — train_loss: 0.1452  val_loss: 0.1513  freq: 1.1283  spend: -0.0767  w_freq: 0.427  w_spend: 0.976
Epoch 253/300 — train_loss: 0.1452  val_loss: 0.1511  freq: 1.1284  spend: -0.0768  w_freq: 0.427  w_spend: 0.976
Epoch 254/300 — train_loss: 0.1458  val_loss: 0.1507  freq: 1.1282  spend: -0.0770  w_freq: 0.427  w_spend: 0.977
Epoch 255/300 — train_loss: 0.1455  val_loss: 0.1507  freq: 1.1283  spend: -0.0768  w_freq: 0.427  w_spend: 0.977
Epoch 256/300 — train_loss: 0.1467  val_loss: 0.1515  freq: 1.1284  spend: -0.0759  w_freq: 0.427  w_spend: 0.977
Epoch 257/300 — train_loss: 0.1452  val_loss: 0.1500  freq: 1.1283  spend: -0.0772  w_freq: 0.427  w_spend: 0.977
Epoch 258/300 — train_loss: 0.1455  val_loss: 0.1499  freq: 1.1284  spend: -0.0772  w_freq: 0.427  w_spend: 0.978
Epoch 259/300 — train_loss: 0.1450  val_loss: 0.1513  freq: 1.1283  spend: -0.0756  w_freq: 0.427  w_spend: 0.978
Epoch 260/300 — train_loss: 0.1460  val_loss: 0.1496  freq: 1.1284  spend: -0.0772  w_freq: 0.427  w_spend: 0.978
Epoch 261/300 — train_loss: 0.1445  val_loss: 0.1505  freq: 1.1282  spend: -0.0761  w_freq: 0.427  w_spend: 0.978
Epoch 262/300 — train_loss: 0.1457  val_loss: 0.1498  freq: 1.1284  spend: -0.0767  w_freq: 0.427  w_spend: 0.979
Epoch 263/300 — train_loss: 0.1446  val_loss: 0.1501  freq: 1.1284  spend: -0.0763  w_freq: 0.427  w_spend: 0.979
Epoch 264/300 — train_loss: 0.1439  val_loss: 0.1500  freq: 1.1284  spend: -0.0763  w_freq: 0.427  w_spend: 0.979
Epoch 265/300 — train_loss: 0.1434  val_loss: 0.1496  freq: 1.1283  spend: -0.0766  w_freq: 0.427  w_spend: 0.979
Epoch 266/300 — train_loss: 0.1438  val_loss: 0.1495  freq: 1.1284  spend: -0.0766  w_freq: 0.427  w_spend: 0.979
Epoch 267/300 — train_loss: 0.1443  val_loss: 0.1495  freq: 1.1284  spend: -0.0765  w_freq: 0.427  w_spend: 0.980
Epoch 268/300 — train_loss: 0.1432  val_loss: 0.1496  freq: 1.1283  spend: -0.0763  w_freq: 0.427  w_spend: 0.980
Epoch 269/300 — train_loss: 0.1440  val_loss: 0.1487  freq: 1.1283  spend: -0.0771  w_freq: 0.427  w_spend: 0.980
Epoch 270/300 — train_loss: 0.1427  val_loss: 0.1495  freq: 1.1283  spend: -0.0762  w_freq: 0.427  w_spend: 0.980
Epoch 271/300 — train_loss: 0.1431  val_loss: 0.1489  freq: 1.1284  spend: -0.0768  w_freq: 0.427  w_spend: 0.980
Epoch 272/300 — train_loss: 0.1434  val_loss: 0.1489  freq: 1.1284  spend: -0.0767  w_freq: 0.427  w_spend: 0.980
Epoch 273/300 — train_loss: 0.1427  val_loss: 0.1492  freq: 1.1284  spend: -0.0763  w_freq: 0.427  w_spend: 0.980
Epoch 274/300 — train_loss: 0.1422  val_loss: 0.1493  freq: 1.1283  spend: -0.0762  w_freq: 0.427  w_spend: 0.981
Epoch 275/300 — train_loss: 0.1428  val_loss: 0.1489  freq: 1.1283  spend: -0.0765  w_freq: 0.427  w_spend: 0.981
Epoch 276/300 — train_loss: 0.1430  val_loss: 0.1483  freq: 1.1284  spend: -0.0771  w_freq: 0.427  w_spend: 0.981
Epoch 277/300 — train_loss: 0.1418  val_loss: 0.1493  freq: 1.1284  spend: -0.0760  w_freq: 0.427  w_spend: 0.981
Epoch 278/300 — train_loss: 0.1423  val_loss: 0.1489  freq: 1.1284  spend: -0.0764  w_freq: 0.427  w_spend: 0.981
Epoch 279/300 — train_loss: 0.1426  val_loss: 0.1492  freq: 1.1284  spend: -0.0761  w_freq: 0.427  w_spend: 0.981
Epoch 280/300 — train_loss: 0.1425  val_loss: 0.1488  freq: 1.1284  spend: -0.0764  w_freq: 0.427  w_spend: 0.981
Epoch 281/300 — train_loss: 0.1428  val_loss: 0.1486  freq: 1.1284  spend: -0.0765  w_freq: 0.427  w_spend: 0.981
Epoch 282/300 — train_loss: 0.1427  val_loss: 0.1485  freq: 1.1284  spend: -0.0766  w_freq: 0.427  w_spend: 0.981
Epoch 283/300 — train_loss: 0.1417  val_loss: 0.1488  freq: 1.1283  spend: -0.0763  w_freq: 0.427  w_spend: 0.981
Epoch 284/300 — train_loss: 0.1421  val_loss: 0.1487  freq: 1.1284  spend: -0.0764  w_freq: 0.427  w_spend: 0.981
Epoch 285/300 — train_loss: 0.1416  val_loss: 0.1486  freq: 1.1283  spend: -0.0765  w_freq: 0.427  w_spend: 0.981
Epoch 286/300 — train_loss: 0.1404  val_loss: 0.1486  freq: 1.1283  spend: -0.0765  w_freq: 0.427  w_spend: 0.981
Epoch 287/300 — train_loss: 0.1419  val_loss: 0.1487  freq: 1.1284  spend: -0.0764  w_freq: 0.427  w_spend: 0.981
Epoch 288/300 — train_loss: 0.1422  val_loss: 0.1488  freq: 1.1283  spend: -0.0762  w_freq: 0.427  w_spend: 0.981
Epoch 289/300 — train_loss: 0.1413  val_loss: 0.1487  freq: 1.1283  spend: -0.0763  w_freq: 0.427  w_spend: 0.981
Epoch 290/300 — train_loss: 0.1422  val_loss: 0.1487  freq: 1.1284  spend: -0.0763  w_freq: 0.427  w_spend: 0.981
Epoch 291/300 — train_loss: 0.1427  val_loss: 0.1487  freq: 1.1284  spend: -0.0763  w_freq: 0.427  w_spend: 0.981
Epoch 292/300 — train_loss: 0.1417  val_loss: 0.1487  freq: 1.1284  spend: -0.0763  w_freq: 0.427  w_spend: 0.981
Epoch 293/300 — train_loss: 0.1415  val_loss: 0.1487  freq: 1.1284  spend: -0.0763  w_freq: 0.427  w_spend: 0.981
Epoch 294/300 — train_loss: 0.1417  val_loss: 0.1487  freq: 1.1284  spend: -0.0763  w_freq: 0.427  w_spend: 0.981
Epoch 295/300 — train_loss: 0.1421  val_loss: 0.1487  freq: 1.1284  spend: -0.0763  w_freq: 0.427  w_spend: 0.981
Epoch 296/300 — train_loss: 0.1423  val_loss: 0.1487  freq: 1.1284  spend: -0.0763  w_freq: 0.427  w_spend: 0.981
Early stopping triggered at epoch 296.

Checkpoint saved: /kaggle/working/results/checkpoints/lstm_joint_dunnhumby_v3_seed7_sample.pt
Validation-fitted softmax temperature: 0.9000

Duan's smearing factor (val): 1.3563
Validation aggregate calibration: freq_factor=1.0471, spend_factor=0.9855

Running autoregressive inference on holdout period ...
  inference mode: sample  n_scenarios: 200  temperature: 0.9000

=== Prediction Diagnostics ===
  Mean predicted freq/week:    1.0243
  Mean actual freq/week:       1.1447
  Over-prediction ratio:       0.895x
  Customers predicted as zero total:  0.000
  Customers actually zero total:      0.036
  Non-zero rate (pred, avg > 0.05):  0.992
  Non-zero rate (true):               0.532

Metrics saved: /kaggle/working/results/tables/lstm_joint_dunnhumby_v3_seed7_sample_metrics.json
Array artifacts saved: /kaggle/working/results/tables/lstm_joint_dunnhumby_v3_seed7_sample_arrays.npz

=== Holdout Evaluation ===
  metric_definition_version: valendin_aggregate_mape_v1
  freq_rmse: 14.3286
  freq_mae: 8.6063
  freq_normalized_gini: 0.8684
  freq_calibration_factor: 1.0471
  freq_horizon_abs_bias_pct: 6.3022
  bias_pct: -6.3022
  freq_weekly_mae: 264.7806
  freq_weekly_total_true: 62910.0000
  freq_weekly_total_pred: 58945.2703
  freq_valendin_mape: 9.2595
  freq_horizon_bias_pct: -6.3022
  freq_weekly_mean_pct_mape: 10.1880
  freq_weekly_mean_pct_bias_pct: -4.9548
  freq_weekly_bias_pct: -6.3022
  freq_weekly_mape: 9.2595
  freq_mape: 9.2595
  freq_mase: 1.0116
  freq_mase_scale: 0.8235
  smearing_factor: 1.3563
  spend_calibration_factor: 0.9855
  spend_mae_raw: 299.6514
  spend_rmse_raw: 471.3939
  spend_normalized_gini: 0.8527
  spend_mae_log: 0.7352
  spend_rmse_log: 1.1935
  spend_r2_log: 0.5167
  spend_bias_pct: -5.8969
  spend_weekly_mae: 8376.1246
  spend_weekly_total_true: 1965992.3000
  spend_weekly_total_pred: 1850060.0736
  spend_valendin_mape: 9.3731
  spend_horizon_abs_bias_pct: 5.8969
  spend_horizon_bias_pct: -5.8969
  spend_weekly_mean_pct_mape: 10.2283
  spend_weekly_mean_pct_bias_pct: -4.0021
  spend_weekly_bias_pct: -5.8969
  spend_weekly_mape: 9.3731
  spend_mase: 1.0743
  spend_mase_scale: 27.5152
  clv_mae: 293.6224
  clv_rmse: 462.0053
  clv_spearman: 0.8157
  clv_decile_lift: 3.1961
  clv_normalized_gini: 0.8532
  clv_total_true: 1929812.7500
  clv_total_pred: 1815595.8750
  calibration_temperature_source: rolling_origin_autoregressive
  validation_temperature: 0.9000
  smearing_source: rolling_origin_autoregressive
  calibration_source: rolling_origin_autoregressive
  validation_freq_true_total: 6257.0000
  validation_freq_pred_total: 5718.1816
  validation_spend_true_total: 181327.5781
  validation_spend_pred_total: 186749.7656
  validation_freq_calibration_factor: 1.0471
  validation_spend_calibration_factor: 0.9855
  validation_rolling_origin_count: 2
  protocol_name: dunnhumby_configured_80x22
  cohort_size: 2498
  calibration_weeks: 80
  holdout_weeks: 22
  inference_mode: sample
  n_scenarios: 200
  run_valid: True
  run_invalid_reason: 
  run_warning: 
  epochs_completed: 296
  max_epochs_configured: 300
History saved: /kaggle/working/results/tables/lstm_joint_dunnhumby_v3_seed7_sample_history.json
