[Kaggle] raw_dir  → /kaggle/working/input/uci-retail
[Kaggle] results  → /kaggle/working/results
Config: experiments/configs/lstm_base_uci_v2.yaml
Run: lstm_base_uci_v2_seed7_sample
Device: cuda
Loading dataset: uci ...
[pipeline] freq_cap=4 (auto q=0.99) → freq_bins=[0, 1, 2, 3]... (n_classes=5)
  Train customers: 4437, Val: 493, Inference: 4930
[uci] Customers with 0 calibration transactions: 0 / 4930
  top-bin decode: class_values[-1] = 5.515 (max_trans = 4)
Model: lstm — 89,780 parameters

Training for up to 300 epochs ...
/kaggle/working/thesis-code/src/training/trainer.py:116: FutureWarning: `torch.cuda.amp.GradScaler(args...)` is deprecated. Please use `torch.amp.GradScaler('cuda', args...)` instead.
  self.scaler = torch.cuda.amp.GradScaler(enabled=self.amp_enabled)
Epoch   1/300 — train_loss: 1.6089  val_loss: 1.5893
Epoch   2/300 — train_loss: 1.5522  val_loss: 1.4942
Epoch   3/300 — train_loss: 1.3831  val_loss: 1.1730
Epoch   4/300 — train_loss: 0.6782  val_loss: 0.3293
Epoch   5/300 — train_loss: 0.3242  val_loss: 0.2848
Epoch   6/300 — train_loss: 0.2980  val_loss: 0.2801
Epoch   7/300 — train_loss: 0.2923  val_loss: 0.2777
Epoch   8/300 — train_loss: 0.2906  val_loss: 0.2758
Epoch   9/300 — train_loss: 0.2879  val_loss: 0.2736

Training failed with a repairable error: FloatingPointError: Non-finite gradients in lstm.weight_ih_l0
Metrics saved: /kaggle/working/results/tables/lstm_base_uci_v2_seed7_sample_metrics.json
Retrying once as robustness repair (amp_disabled; lr_0.0005; grad_clip_0.5) ...
Config: experiments/configs/lstm_base_uci_v2.yaml
Run: lstm_base_uci_v2_seed7_sample_repair
Device: cuda
Loading dataset: uci ...
[pipeline] freq_cap=4 (auto q=0.99) → freq_bins=[0, 1, 2, 3]... (n_classes=5)
  Train customers: 4437, Val: 493, Inference: 4930
[uci] Customers with 0 calibration transactions: 0 / 4930
  top-bin decode: class_values[-1] = 5.515 (max_trans = 4)
Model: lstm — 89,780 parameters

Training for up to 300 epochs ...
/kaggle/working/thesis-code/src/training/trainer.py:116: FutureWarning: `torch.cuda.amp.GradScaler(args...)` is deprecated. Please use `torch.amp.GradScaler('cuda', args...)` instead.
  self.scaler = torch.cuda.amp.GradScaler(enabled=self.amp_enabled)
Epoch   1/300 — train_loss: 1.6132  val_loss: 1.6035
Epoch   2/300 — train_loss: 1.5863  val_loss: 1.5608
Epoch   3/300 — train_loss: 1.5248  val_loss: 1.4705
Epoch   4/300 — train_loss: 1.3817  val_loss: 1.2304
Epoch   5/300 — train_loss: 0.8624  val_loss: 0.3549
Epoch   6/300 — train_loss: 0.3313  val_loss: 0.2911
Epoch   7/300 — train_loss: 0.2994  val_loss: 0.2813
Epoch   8/300 — train_loss: 0.2947  val_loss: 0.2786
Epoch   9/300 — train_loss: 0.2911  val_loss: 0.2766
Epoch  10/300 — train_loss: 0.2888  val_loss: 0.2739
Epoch  11/300 — train_loss: 0.2847  val_loss: 0.2619
Epoch  12/300 — train_loss: 0.2723  val_loss: 0.2596
Epoch  13/300 — train_loss: 0.2679  val_loss: 0.2545
Epoch  14/300 — train_loss: 0.2632  val_loss: 0.2493
Epoch  15/300 — train_loss: 0.2596  val_loss: 0.2563
Epoch  16/300 — train_loss: 0.2587  val_loss: 0.2501
Epoch  17/300 — train_loss: 0.2561  val_loss: 0.2448
Epoch  18/300 — train_loss: 0.2549  val_loss: 0.2447
Epoch  19/300 — train_loss: 0.2516  val_loss: 0.2451
Epoch  20/300 — train_loss: 0.2510  val_loss: 0.2428
Epoch  21/300 — train_loss: 0.2521  val_loss: 0.2457
Epoch  22/300 — train_loss: 0.2538  val_loss: 0.2442
Epoch  23/300 — train_loss: 0.2487  val_loss: 0.2419
Epoch  24/300 — train_loss: 0.2496  val_loss: 0.2438
Epoch  25/300 — train_loss: 0.2518  val_loss: 0.2412
Epoch  26/300 — train_loss: 0.2477  val_loss: 0.2408
Epoch  27/300 — train_loss: 0.2501  val_loss: 0.2413
Epoch  28/300 — train_loss: 0.2490  val_loss: 0.2408
Epoch  29/300 — train_loss: 0.2485  val_loss: 0.2411
Epoch  30/300 — train_loss: 0.2460  val_loss: 0.2403
Epoch  31/300 — train_loss: 0.2471  val_loss: 0.2404
Epoch  32/300 — train_loss: 0.2480  val_loss: 0.2397
Epoch  33/300 — train_loss: 0.2451  val_loss: 0.2396
Epoch  34/300 — train_loss: 0.2463  val_loss: 0.2393
Epoch  35/300 — train_loss: 0.2479  val_loss: 0.2391
Epoch  36/300 — train_loss: 0.2467  val_loss: 0.2391
Epoch  37/300 — train_loss: 0.2437  val_loss: 0.2400
Epoch  38/300 — train_loss: 0.2463  val_loss: 0.2386
Epoch  39/300 — train_loss: 0.2460  val_loss: 0.2415
Epoch  40/300 — train_loss: 0.2467  val_loss: 0.2392
Epoch  41/300 — train_loss: 0.2453  val_loss: 0.2387
Epoch  42/300 — train_loss: 0.2476  val_loss: 0.2387
Epoch  43/300 — train_loss: 0.2449  val_loss: 0.2404
Epoch  44/300 — train_loss: 0.2450  val_loss: 0.2383
Epoch  45/300 — train_loss: 0.2442  val_loss: 0.2383
Epoch  46/300 — train_loss: 0.2482  val_loss: 0.2386
Epoch  47/300 — train_loss: 0.2450  val_loss: 0.2389
Epoch  48/300 — train_loss: 0.2449  val_loss: 0.2423
Epoch  49/300 — train_loss: 0.2474  val_loss: 0.2383
Epoch  50/300 — train_loss: 0.2433  val_loss: 0.2392
Epoch  51/300 — train_loss: 0.2459  val_loss: 0.2403
Epoch  52/300 — train_loss: 0.2458  val_loss: 0.2380
Epoch  53/300 — train_loss: 0.2442  val_loss: 0.2378
Epoch  54/300 — train_loss: 0.2421  val_loss: 0.2387
Epoch  55/300 — train_loss: 0.2430  val_loss: 0.2389
Epoch  56/300 — train_loss: 0.2451  val_loss: 0.2383
Epoch  57/300 — train_loss: 0.2466  val_loss: 0.2381
Epoch  58/300 — train_loss: 0.2433  val_loss: 0.2381
Epoch  59/300 — train_loss: 0.2431  val_loss: 0.2371
Epoch  60/300 — train_loss: 0.2428  val_loss: 0.2381
Epoch  61/300 — train_loss: 0.2429  val_loss: 0.2376
Epoch  62/300 — train_loss: 0.2419  val_loss: 0.2368
Epoch  63/300 — train_loss: 0.2417  val_loss: 0.2371
Epoch  64/300 — train_loss: 0.2439  val_loss: 0.2369
Epoch  65/300 — train_loss: 0.2416  val_loss: 0.2396
Epoch  66/300 — train_loss: 0.2429  val_loss: 0.2369
Epoch  67/300 — train_loss: 0.2429  val_loss: 0.2377
Epoch  68/300 — train_loss: 0.2416  val_loss: 0.2365
Epoch  69/300 — train_loss: 0.2412  val_loss: 0.2370
Epoch  70/300 — train_loss: 0.2434  val_loss: 0.2365
Epoch  71/300 — train_loss: 0.2412  val_loss: 0.2365
Epoch  72/300 — train_loss: 0.2405  val_loss: 0.2369
Epoch  73/300 — train_loss: 0.2431  val_loss: 0.2392
Epoch  74/300 — train_loss: 0.2423  val_loss: 0.2382
Epoch  75/300 — train_loss: 0.2426  val_loss: 0.2392
Epoch  76/300 — train_loss: 0.2410  val_loss: 0.2363
Epoch  77/300 — train_loss: 0.2430  val_loss: 0.2379
Epoch  78/300 — train_loss: 0.2429  val_loss: 0.2367
Epoch  79/300 — train_loss: 0.2413  val_loss: 0.2362
Epoch  80/300 — train_loss: 0.2414  val_loss: 0.2360
Epoch  81/300 — train_loss: 0.2413  val_loss: 0.2362
Epoch  82/300 — train_loss: 0.2412  val_loss: 0.2364
Epoch  83/300 — train_loss: 0.2417  val_loss: 0.2359
Epoch  84/300 — train_loss: 0.2404  val_loss: 0.2358
Epoch  85/300 — train_loss: 0.2410  val_loss: 0.2360
Epoch  86/300 — train_loss: 0.2405  val_loss: 0.2366
Epoch  87/300 — train_loss: 0.2420  val_loss: 0.2363
Epoch  88/300 — train_loss: 0.2427  val_loss: 0.2367
Epoch  89/300 — train_loss: 0.2417  val_loss: 0.2359
Epoch  90/300 — train_loss: 0.2402  val_loss: 0.2356
Epoch  91/300 — train_loss: 0.2397  val_loss: 0.2356
Epoch  92/300 — train_loss: 0.2422  val_loss: 0.2364
Epoch  93/300 — train_loss: 0.2406  val_loss: 0.2368
Epoch  94/300 — train_loss: 0.2418  val_loss: 0.2364
Epoch  95/300 — train_loss: 0.2418  val_loss: 0.2380
Epoch  96/300 — train_loss: 0.2414  val_loss: 0.2383
Epoch  97/300 — train_loss: 0.2411  val_loss: 0.2358
Epoch  98/300 — train_loss: 0.2393  val_loss: 0.2355
Epoch  99/300 — train_loss: 0.2414  val_loss: 0.2420
Epoch 100/300 — train_loss: 0.2426  val_loss: 0.2363
Epoch 101/300 — train_loss: 0.2404  val_loss: 0.2358
Epoch 102/300 — train_loss: 0.2402  val_loss: 0.2360
Epoch 103/300 — train_loss: 0.2421  val_loss: 0.2360
Epoch 104/300 — train_loss: 0.2384  val_loss: 0.2353
Epoch 105/300 — train_loss: 0.2391  val_loss: 0.2356
Epoch 106/300 — train_loss: 0.2389  val_loss: 0.2355
Epoch 107/300 — train_loss: 0.2414  val_loss: 0.2359
Epoch 108/300 — train_loss: 0.2399  val_loss: 0.2357
Epoch 109/300 — train_loss: 0.2394  val_loss: 0.2357
Epoch 110/300 — train_loss: 0.2401  val_loss: 0.2354
Epoch 111/300 — train_loss: 0.2394  val_loss: 0.2357
Epoch 112/300 — train_loss: 0.2408  val_loss: 0.2352
Epoch 113/300 — train_loss: 0.2401  val_loss: 0.2352
Epoch 114/300 — train_loss: 0.2396  val_loss: 0.2356
Epoch 115/300 — train_loss: 0.2398  val_loss: 0.2351
Epoch 116/300 — train_loss: 0.2395  val_loss: 0.2352
Epoch 117/300 — train_loss: 0.2395  val_loss: 0.2356
Epoch 118/300 — train_loss: 0.2388  val_loss: 0.2363
Epoch 119/300 — train_loss: 0.2402  val_loss: 0.2362
Epoch 120/300 — train_loss: 0.2401  val_loss: 0.2364
Epoch 121/300 — train_loss: 0.2390  val_loss: 0.2352
Epoch 122/300 — train_loss: 0.2387  val_loss: 0.2355
Epoch 123/300 — train_loss: 0.2384  val_loss: 0.2351
Epoch 124/300 — train_loss: 0.2404  val_loss: 0.2361
Epoch 125/300 — train_loss: 0.2419  val_loss: 0.2357
Epoch 126/300 — train_loss: 0.2400  val_loss: 0.2354
Epoch 127/300 — train_loss: 0.2397  val_loss: 0.2354
Epoch 128/300 — train_loss: 0.2407  val_loss: 0.2356
Epoch 129/300 — train_loss: 0.2381  val_loss: 0.2353
Epoch 130/300 — train_loss: 0.2397  val_loss: 0.2353
Epoch 131/300 — train_loss: 0.2391  val_loss: 0.2352
Epoch 132/300 — train_loss: 0.2409  val_loss: 0.2356
Epoch 133/300 — train_loss: 0.2381  val_loss: 0.2353
Epoch 134/300 — train_loss: 0.2375  val_loss: 0.2351
Epoch 135/300 — train_loss: 0.2395  val_loss: 0.2366
Epoch 136/300 — train_loss: 0.2390  val_loss: 0.2353
Epoch 137/300 — train_loss: 0.2391  val_loss: 0.2360
Epoch 138/300 — train_loss: 0.2373  val_loss: 0.2351
Epoch 139/300 — train_loss: 0.2386  val_loss: 0.2354
Epoch 140/300 — train_loss: 0.2403  val_loss: 0.2350
Epoch 141/300 — train_loss: 0.2383  val_loss: 0.2369
Epoch 142/300 — train_loss: 0.2396  val_loss: 0.2352
Epoch 143/300 — train_loss: 0.2385  val_loss: 0.2351
Epoch 144/300 — train_loss: 0.2390  val_loss: 0.2353
Epoch 145/300 — train_loss: 0.2387  val_loss: 0.2351
Epoch 146/300 — train_loss: 0.2395  val_loss: 0.2352
Epoch 147/300 — train_loss: 0.2371  val_loss: 0.2352
Epoch 148/300 — train_loss: 0.2382  val_loss: 0.2350
Epoch 149/300 — train_loss: 0.2383  val_loss: 0.2351
Epoch 150/300 — train_loss: 0.2401  val_loss: 0.2353
Epoch 151/300 — train_loss: 0.2377  val_loss: 0.2350
Epoch 152/300 — train_loss: 0.2379  val_loss: 0.2350
Epoch 153/300 — train_loss: 0.2388  val_loss: 0.2352
Epoch 154/300 — train_loss: 0.2390  val_loss: 0.2351
Epoch 155/300 — train_loss: 0.2385  val_loss: 0.2354
Epoch 156/300 — train_loss: 0.2388  val_loss: 0.2352
Epoch 157/300 — train_loss: 0.2381  val_loss: 0.2353
Epoch 158/300 — train_loss: 0.2388  val_loss: 0.2352
Epoch 159/300 — train_loss: 0.2396  val_loss: 0.2351
Epoch 160/300 — train_loss: 0.2373  val_loss: 0.2351
Epoch 161/300 — train_loss: 0.2368  val_loss: 0.2356
Epoch 162/300 — train_loss: 0.2379  val_loss: 0.2349
Epoch 163/300 — train_loss: 0.2389  val_loss: 0.2351
Epoch 164/300 — train_loss: 0.2381  val_loss: 0.2351
Epoch 165/300 — train_loss: 0.2371  val_loss: 0.2356
Epoch 166/300 — train_loss: 0.2384  val_loss: 0.2353
Epoch 167/300 — train_loss: 0.2352  val_loss: 0.2352
Epoch 168/300 — train_loss: 0.2379  val_loss: 0.2353
Epoch 169/300 — train_loss: 0.2366  val_loss: 0.2349
Epoch 170/300 — train_loss: 0.2373  val_loss: 0.2350
Epoch 171/300 — train_loss: 0.2381  val_loss: 0.2349
Epoch 172/300 — train_loss: 0.2384  val_loss: 0.2352
Epoch 173/300 — train_loss: 0.2389  val_loss: 0.2350
Epoch 174/300 — train_loss: 0.2372  val_loss: 0.2352
Epoch 175/300 — train_loss: 0.2366  val_loss: 0.2356
Epoch 176/300 — train_loss: 0.2381  val_loss: 0.2352
Epoch 177/300 — train_loss: 0.2372  val_loss: 0.2355
Epoch 178/300 — train_loss: 0.2370  val_loss: 0.2351
Epoch 179/300 — train_loss: 0.2365  val_loss: 0.2358
Epoch 180/300 — train_loss: 0.2375  val_loss: 0.2352
Epoch 181/300 — train_loss: 0.2381  val_loss: 0.2356
Epoch 182/300 — train_loss: 0.2374  val_loss: 0.2350
Early stopping triggered at epoch 182.

Checkpoint saved: /kaggle/working/results/checkpoints/lstm_base_uci_v2_seed7_sample_repair.pt
Validation-fitted softmax temperature: 0.7500
Validation aggregate calibration: freq_factor=1.8282, spend_factor=1.0000

Running autoregressive inference on holdout period ...
  inference mode: sample  n_scenarios: 200  temperature: 0.7500

=== Prediction Diagnostics ===
  Mean predicted freq/week:    0.0290
  Mean actual freq/week:       0.0656
  Over-prediction ratio:       0.442x
  Customers predicted as zero total:  0.715
  Customers actually zero total:      0.484
  Non-zero rate (pred, avg > 0.05):  0.123
  Non-zero rate (true):               0.055

Metrics saved: /kaggle/working/results/tables/lstm_base_uci_v2_seed7_sample_repair_metrics.json
Array artifacts saved: /kaggle/working/results/tables/lstm_base_uci_v2_seed7_sample_repair_arrays.npz

=== Holdout Evaluation ===
  metric_definition_version: valendin_aggregate_mape_v1
  freq_rmse: 2.5597
  freq_mae: 1.1616
  freq_normalized_gini: 0.7535
  freq_calibration_factor: 1.8282
  freq_horizon_abs_bias_pct: 19.2352
  bias_pct: -19.2352
  freq_weekly_mae: 67.0062
  freq_weekly_total_true: 8413.0000
  freq_weekly_total_pred: 6794.7397
  freq_valendin_mape: 20.7080
  freq_horizon_bias_pct: -19.2352
  freq_weekly_mean_pct_mape: 19.5302
  freq_weekly_mean_pct_bias_pct: -17.4583
  freq_weekly_bias_pct: -19.2352
  freq_weekly_mape: 20.7080
  freq_mape: 20.7080
  freq_mase: 0.8323
  freq_mase_scale: 0.1146
  calibration_temperature_source: rolling_origin_autoregressive
  validation_temperature: 0.7500
  calibration_source: rolling_origin_autoregressive
  validation_freq_true_total: 662.0000
  validation_freq_pred_total: 249.2090
  validation_spend_true_total: 0.0000
  validation_spend_pred_total: 0.0000
  validation_freq_calibration_factor: 1.8282
  validation_spend_calibration_factor: 1.0000
  validation_rolling_origin_count: 2
  protocol_name: uci_configured_78x26
  cohort_size: 4930
  calibration_weeks: 78
  holdout_weeks: 26
  inference_mode: sample
  n_scenarios: 200
  repair_attempted: True
  repair_strategy: amp_disabled; lr_0.0005; grad_clip_0.5
  repair_source_failure_type: FloatingPointError
  training_lr_after_repair: 0.0005
  training_max_grad_norm_after_repair: 0.5000
  training_amp_enabled_after_repair: False
  final_manifest_version: 2026-05-20-results-recovery-protocol
  final_manifest_run_name: lstm_base_uci_v2_seed7_sample_repair
  final_manifest_config: experiments/configs/lstm_base_uci_v2.yaml
  final_manifest_config_hash: aa05ce9f3c96
  final_manifest_actual_config_hash: 84380aad1a75
  final_manifest_seed: 7
  final_manifest_epochs: 300
  final_manifest_inference_mode: sample
  final_manifest_n_scenarios: 200
  run_valid: True
  run_invalid_reason: 
  run_warning: 
  epochs_completed: 182
  max_epochs_configured: 300
History saved: /kaggle/working/results/tables/lstm_base_uci_v2_seed7_sample_repair_history.json
