[Kaggle] raw_dir  → /kaggle/working/input/dunnhumby
[Kaggle] results  → /kaggle/working/results
Config: experiments/configs/lstm_joint_dunnhumby_v3.yaml
Run: lstm_joint_dunnhumby_v3_seed123_sample
Device: cuda
Loading dataset: dunnhumby ...
[pipeline] freq_cap=10 (auto q=0.99) → freq_bins=[0, 1, 2, 3]... (n_classes=11)
  Train customers: 2249, Val: 249, Inference: 2498
[dunnhumby] Customers with 0 calibration transactions: 0 / 2498
  top-bin decode: class_values[-1] = 13.099 (max_trans = 10)
Model: lstm — 99,577 parameters

Training for up to 300 epochs ...
/kaggle/working/thesis-code/src/training/trainer.py:116: FutureWarning: `torch.cuda.amp.GradScaler(args...)` is deprecated. Please use `torch.amp.GradScaler('cuda', args...)` instead.
  self.scaler = torch.cuda.amp.GradScaler(enabled=self.amp_enabled)
[Kendall] log_vars frozen for 5 warm-up epochs.
Epoch   1/300 — train_loss: 1.3206  val_loss: 1.3188  freq: 2.3859  spend: 0.2516  w_freq: 0.500  w_spend: 0.500
Epoch   2/300 — train_loss: 1.3151  val_loss: 1.3100  freq: 2.3693  spend: 0.2507  w_freq: 0.500  w_spend: 0.500
Epoch   3/300 — train_loss: 1.3040  val_loss: 1.2953  freq: 2.3415  spend: 0.2492  w_freq: 0.500  w_spend: 0.500
Epoch   4/300 — train_loss: 1.2861  val_loss: 1.2723  freq: 2.2978  spend: 0.2468  w_freq: 0.500  w_spend: 0.500
Epoch   5/300 — train_loss: 1.2577  val_loss: 1.2324  freq: 2.2227  spend: 0.2421  w_freq: 0.500  w_spend: 0.500
[Kendall] log_vars unfrozen at epoch 6.
Epoch   6/300 — train_loss: 1.2071  val_loss: 1.1583  freq: 2.0881  spend: 0.2315  w_freq: 0.500  w_spend: 0.500
Epoch   7/300 — train_loss: 1.1060  val_loss: 0.9933  freq: 1.7919  spend: 0.2003  w_freq: 0.499  w_spend: 0.501
Epoch   8/300 — train_loss: 0.9394  val_loss: 0.8414  freq: 1.5420  spend: 0.1487  w_freq: 0.498  w_spend: 0.502
Epoch   9/300 — train_loss: 0.8358  val_loss: 0.7776  freq: 1.4119  spend: 0.1535  w_freq: 0.497  w_spend: 0.504
Epoch  10/300 — train_loss: 0.7855  val_loss: 0.7204  freq: 1.3279  spend: 0.1261  w_freq: 0.496  w_spend: 0.505
Epoch  11/300 — train_loss: 0.7388  val_loss: 0.6776  freq: 1.2795  spend: 0.0927  w_freq: 0.495  w_spend: 0.507
Epoch  12/300 — train_loss: 0.7012  val_loss: 0.6483  freq: 1.2577  spend: 0.0607  w_freq: 0.494  w_spend: 0.509
Epoch  13/300 — train_loss: 0.6764  val_loss: 0.6247  freq: 1.2480  spend: 0.0286  w_freq: 0.493  w_spend: 0.511
Epoch  14/300 — train_loss: 0.6567  val_loss: 0.6087  freq: 1.2422  spend: 0.0081  w_freq: 0.492  w_spend: 0.513
Epoch  15/300 — train_loss: 0.6411  val_loss: 0.5981  freq: 1.2408  spend: -0.0052  w_freq: 0.490  w_spend: 0.516
Epoch  16/300 — train_loss: 0.6288  val_loss: 0.5887  freq: 1.2370  spend: -0.0140  w_freq: 0.489  w_spend: 0.519
Epoch  17/300 — train_loss: 0.6201  val_loss: 0.5799  freq: 1.2338  spend: -0.0223  w_freq: 0.488  w_spend: 0.522
Epoch  18/300 — train_loss: 0.6082  val_loss: 0.5682  freq: 1.2272  spend: -0.0327  w_freq: 0.486  w_spend: 0.524
Epoch  19/300 — train_loss: 0.5959  val_loss: 0.5548  freq: 1.2162  spend: -0.0427  w_freq: 0.485  w_spend: 0.527
Epoch  20/300 — train_loss: 0.5851  val_loss: 0.5456  freq: 1.2081  spend: -0.0475  w_freq: 0.484  w_spend: 0.530
Epoch  21/300 — train_loss: 0.5747  val_loss: 0.5434  freq: 1.2007  spend: -0.0398  w_freq: 0.483  w_spend: 0.532
Epoch  22/300 — train_loss: 0.5690  val_loss: 0.5328  freq: 1.1941  spend: -0.0493  w_freq: 0.482  w_spend: 0.535
Epoch  23/300 — train_loss: 0.5616  val_loss: 0.5262  freq: 1.1896  spend: -0.0536  w_freq: 0.481  w_spend: 0.537
Epoch  24/300 — train_loss: 0.5573  val_loss: 0.5194  freq: 1.1853  spend: -0.0581  w_freq: 0.480  w_spend: 0.539
Epoch  25/300 — train_loss: 0.5524  val_loss: 0.5153  freq: 1.1819  spend: -0.0587  w_freq: 0.479  w_spend: 0.541
Epoch  26/300 — train_loss: 0.5465  val_loss: 0.5110  freq: 1.1791  spend: -0.0597  w_freq: 0.478  w_spend: 0.543
Epoch  27/300 — train_loss: 0.5433  val_loss: 0.5067  freq: 1.1770  spend: -0.0613  w_freq: 0.478  w_spend: 0.546
Epoch  28/300 — train_loss: 0.5390  val_loss: 0.5027  freq: 1.1761  spend: -0.0634  w_freq: 0.477  w_spend: 0.548
Epoch  29/300 — train_loss: 0.5352  val_loss: 0.4970  freq: 1.1722  spend: -0.0660  w_freq: 0.476  w_spend: 0.550
Epoch  30/300 — train_loss: 0.5293  val_loss: 0.4926  freq: 1.1698  spend: -0.0672  w_freq: 0.475  w_spend: 0.553
Epoch  31/300 — train_loss: 0.5250  val_loss: 0.4891  freq: 1.1674  spend: -0.0667  w_freq: 0.474  w_spend: 0.555
Epoch  32/300 — train_loss: 0.5225  val_loss: 0.4881  freq: 1.1675  spend: -0.0642  w_freq: 0.473  w_spend: 0.558
Epoch  33/300 — train_loss: 0.5179  val_loss: 0.4811  freq: 1.1635  spend: -0.0692  w_freq: 0.472  w_spend: 0.560
Epoch  34/300 — train_loss: 0.5143  val_loss: 0.4788  freq: 1.1622  spend: -0.0679  w_freq: 0.471  w_spend: 0.563
Epoch  35/300 — train_loss: 0.5097  val_loss: 0.4757  freq: 1.1611  spend: -0.0683  w_freq: 0.471  w_spend: 0.565
Epoch  36/300 — train_loss: 0.5071  val_loss: 0.4707  freq: 1.1592  spend: -0.0713  w_freq: 0.470  w_spend: 0.567
Epoch  37/300 — train_loss: 0.5037  val_loss: 0.4689  freq: 1.1587  spend: -0.0698  w_freq: 0.469  w_spend: 0.570
Epoch  38/300 — train_loss: 0.4988  val_loss: 0.4642  freq: 1.1560  spend: -0.0716  w_freq: 0.468  w_spend: 0.572
Epoch  39/300 — train_loss: 0.4959  val_loss: 0.4619  freq: 1.1563  spend: -0.0716  w_freq: 0.468  w_spend: 0.575
Epoch  40/300 — train_loss: 0.4912  val_loss: 0.4590  freq: 1.1531  spend: -0.0698  w_freq: 0.467  w_spend: 0.577
Epoch  41/300 — train_loss: 0.4885  val_loss: 0.4526  freq: 1.1515  spend: -0.0750  w_freq: 0.466  w_spend: 0.580
Epoch  42/300 — train_loss: 0.4839  val_loss: 0.4514  freq: 1.1525  spend: -0.0736  w_freq: 0.465  w_spend: 0.583
Epoch  43/300 — train_loss: 0.4820  val_loss: 0.4478  freq: 1.1501  spend: -0.0735  w_freq: 0.464  w_spend: 0.585
Epoch  44/300 — train_loss: 0.4775  val_loss: 0.4448  freq: 1.1502  spend: -0.0746  w_freq: 0.464  w_spend: 0.588
Epoch  45/300 — train_loss: 0.4777  val_loss: 0.4449  freq: 1.1505  spend: -0.0710  w_freq: 0.463  w_spend: 0.590
Epoch  46/300 — train_loss: 0.4732  val_loss: 0.4404  freq: 1.1485  spend: -0.0735  w_freq: 0.462  w_spend: 0.593
Epoch  47/300 — train_loss: 0.4712  val_loss: 0.4391  freq: 1.1472  spend: -0.0714  w_freq: 0.462  w_spend: 0.595
Epoch  48/300 — train_loss: 0.4672  val_loss: 0.4353  freq: 1.1470  spend: -0.0738  w_freq: 0.461  w_spend: 0.597
Epoch  49/300 — train_loss: 0.4646  val_loss: 0.4335  freq: 1.1475  spend: -0.0735  w_freq: 0.461  w_spend: 0.600
Epoch  50/300 — train_loss: 0.4602  val_loss: 0.4282  freq: 1.1454  spend: -0.0767  w_freq: 0.460  w_spend: 0.602
Epoch  51/300 — train_loss: 0.4585  val_loss: 0.4243  freq: 1.1442  spend: -0.0779  w_freq: 0.459  w_spend: 0.605
Epoch  52/300 — train_loss: 0.4552  val_loss: 0.4217  freq: 1.1443  spend: -0.0780  w_freq: 0.458  w_spend: 0.608
Epoch  53/300 — train_loss: 0.4523  val_loss: 0.4215  freq: 1.1438  spend: -0.0739  w_freq: 0.458  w_spend: 0.610
Epoch  54/300 — train_loss: 0.4492  val_loss: 0.4170  freq: 1.1431  spend: -0.0768  w_freq: 0.457  w_spend: 0.613
Epoch  55/300 — train_loss: 0.4461  val_loss: 0.4161  freq: 1.1445  spend: -0.0754  w_freq: 0.457  w_spend: 0.616
Epoch  56/300 — train_loss: 0.4438  val_loss: 0.4126  freq: 1.1429  spend: -0.0761  w_freq: 0.456  w_spend: 0.618
Epoch  57/300 — train_loss: 0.4420  val_loss: 0.4100  freq: 1.1428  spend: -0.0767  w_freq: 0.455  w_spend: 0.621
Epoch  58/300 — train_loss: 0.4377  val_loss: 0.4069  freq: 1.1416  spend: -0.0770  w_freq: 0.455  w_spend: 0.623
Epoch  59/300 — train_loss: 0.4333  val_loss: 0.4028  freq: 1.1411  spend: -0.0791  w_freq: 0.454  w_spend: 0.626
Epoch  60/300 — train_loss: 0.4312  val_loss: 0.4004  freq: 1.1411  spend: -0.0788  w_freq: 0.454  w_spend: 0.629
Epoch  61/300 — train_loss: 0.4289  val_loss: 0.3997  freq: 1.1400  spend: -0.0752  w_freq: 0.453  w_spend: 0.632
Epoch  62/300 — train_loss: 0.4254  val_loss: 0.3954  freq: 1.1396  spend: -0.0781  w_freq: 0.452  w_spend: 0.635
Epoch  63/300 — train_loss: 0.4223  val_loss: 0.3944  freq: 1.1394  spend: -0.0757  w_freq: 0.452  w_spend: 0.637
Epoch  64/300 — train_loss: 0.4205  val_loss: 0.3888  freq: 1.1393  spend: -0.0810  w_freq: 0.451  w_spend: 0.640
Epoch  65/300 — train_loss: 0.4178  val_loss: 0.3873  freq: 1.1393  spend: -0.0793  w_freq: 0.451  w_spend: 0.643
Epoch  66/300 — train_loss: 0.4147  val_loss: 0.3845  freq: 1.1381  spend: -0.0790  w_freq: 0.450  w_spend: 0.646
Epoch  67/300 — train_loss: 0.4121  val_loss: 0.3817  freq: 1.1386  spend: -0.0801  w_freq: 0.450  w_spend: 0.649
Epoch  68/300 — train_loss: 0.4090  val_loss: 0.3797  freq: 1.1391  spend: -0.0801  w_freq: 0.449  w_spend: 0.651
Epoch  69/300 — train_loss: 0.4064  val_loss: 0.3765  freq: 1.1381  spend: -0.0807  w_freq: 0.449  w_spend: 0.654
Epoch  70/300 — train_loss: 0.4033  val_loss: 0.3733  freq: 1.1383  spend: -0.0819  w_freq: 0.448  w_spend: 0.657
Epoch  71/300 — train_loss: 0.4008  val_loss: 0.3716  freq: 1.1379  spend: -0.0806  w_freq: 0.448  w_spend: 0.660
Epoch  72/300 — train_loss: 0.3975  val_loss: 0.3680  freq: 1.1375  spend: -0.0824  w_freq: 0.447  w_spend: 0.662
Epoch  73/300 — train_loss: 0.3960  val_loss: 0.3665  freq: 1.1374  spend: -0.0813  w_freq: 0.447  w_spend: 0.665
Epoch  74/300 — train_loss: 0.3937  val_loss: 0.3634  freq: 1.1363  spend: -0.0818  w_freq: 0.446  w_spend: 0.668
Epoch  75/300 — train_loss: 0.3911  val_loss: 0.3607  freq: 1.1367  spend: -0.0830  w_freq: 0.446  w_spend: 0.670
Epoch  76/300 — train_loss: 0.3878  val_loss: 0.3594  freq: 1.1361  spend: -0.0814  w_freq: 0.445  w_spend: 0.673
Epoch  77/300 — train_loss: 0.3857  val_loss: 0.3555  freq: 1.1359  spend: -0.0837  w_freq: 0.445  w_spend: 0.676
Epoch  78/300 — train_loss: 0.3826  val_loss: 0.3529  freq: 1.1355  spend: -0.0839  w_freq: 0.445  w_spend: 0.678
Epoch  79/300 — train_loss: 0.3803  val_loss: 0.3518  freq: 1.1363  spend: -0.0826  w_freq: 0.444  w_spend: 0.681
Epoch  80/300 — train_loss: 0.3778  val_loss: 0.3476  freq: 1.1349  spend: -0.0845  w_freq: 0.444  w_spend: 0.684
Epoch  81/300 — train_loss: 0.3755  val_loss: 0.3482  freq: 1.1368  spend: -0.0819  w_freq: 0.443  w_spend: 0.687
Epoch  82/300 — train_loss: 0.3726  val_loss: 0.3441  freq: 1.1350  spend: -0.0836  w_freq: 0.443  w_spend: 0.689
Epoch  83/300 — train_loss: 0.3688  val_loss: 0.3418  freq: 1.1356  spend: -0.0841  w_freq: 0.443  w_spend: 0.692
Epoch  84/300 — train_loss: 0.3677  val_loss: 0.3394  freq: 1.1346  spend: -0.0835  w_freq: 0.442  w_spend: 0.695
Epoch  85/300 — train_loss: 0.3655  val_loss: 0.3376  freq: 1.1347  spend: -0.0831  w_freq: 0.442  w_spend: 0.697
Epoch  86/300 — train_loss: 0.3636  val_loss: 0.3365  freq: 1.1347  spend: -0.0817  w_freq: 0.441  w_spend: 0.700
Epoch  87/300 — train_loss: 0.3590  val_loss: 0.3327  freq: 1.1339  spend: -0.0834  w_freq: 0.441  w_spend: 0.703
Epoch  88/300 — train_loss: 0.3584  val_loss: 0.3315  freq: 1.1364  spend: -0.0835  w_freq: 0.441  w_spend: 0.706
Epoch  89/300 — train_loss: 0.3548  val_loss: 0.3279  freq: 1.1348  spend: -0.0845  w_freq: 0.440  w_spend: 0.708
Epoch  90/300 — train_loss: 0.3530  val_loss: 0.3253  freq: 1.1344  spend: -0.0847  w_freq: 0.440  w_spend: 0.711
Epoch  91/300 — train_loss: 0.3499  val_loss: 0.3243  freq: 1.1346  spend: -0.0832  w_freq: 0.440  w_spend: 0.714
Epoch  92/300 — train_loss: 0.3480  val_loss: 0.3202  freq: 1.1332  spend: -0.0852  w_freq: 0.439  w_spend: 0.717
Epoch  93/300 — train_loss: 0.3468  val_loss: 0.3185  freq: 1.1332  spend: -0.0849  w_freq: 0.439  w_spend: 0.719
Epoch  94/300 — train_loss: 0.3441  val_loss: 0.3190  freq: 1.1352  spend: -0.0828  w_freq: 0.439  w_spend: 0.722
Epoch  95/300 — train_loss: 0.3413  val_loss: 0.3154  freq: 1.1336  spend: -0.0842  w_freq: 0.438  w_spend: 0.724
Epoch  96/300 — train_loss: 0.3385  val_loss: 0.3123  freq: 1.1329  spend: -0.0854  w_freq: 0.438  w_spend: 0.727
Epoch  97/300 — train_loss: 0.3362  val_loss: 0.3103  freq: 1.1333  spend: -0.0855  w_freq: 0.438  w_spend: 0.729
Epoch  98/300 — train_loss: 0.3341  val_loss: 0.3096  freq: 1.1341  spend: -0.0841  w_freq: 0.438  w_spend: 0.732
Epoch  99/300 — train_loss: 0.3330  val_loss: 0.3087  freq: 1.1355  spend: -0.0835  w_freq: 0.437  w_spend: 0.735
Epoch 100/300 — train_loss: 0.3308  val_loss: 0.3043  freq: 1.1325  spend: -0.0852  w_freq: 0.437  w_spend: 0.737
Epoch 101/300 — train_loss: 0.3281  val_loss: 0.3057  freq: 1.1332  spend: -0.0811  w_freq: 0.437  w_spend: 0.740
Epoch 102/300 — train_loss: 0.3253  val_loss: 0.3055  freq: 1.1339  spend: -0.0794  w_freq: 0.437  w_spend: 0.742
Epoch 103/300 — train_loss: 0.3256  val_loss: 0.2998  freq: 1.1333  spend: -0.0847  w_freq: 0.436  w_spend: 0.744
Epoch 104/300 — train_loss: 0.3214  val_loss: 0.2989  freq: 1.1319  spend: -0.0828  w_freq: 0.436  w_spend: 0.746
Epoch 105/300 — train_loss: 0.3208  val_loss: 0.2970  freq: 1.1322  spend: -0.0833  w_freq: 0.436  w_spend: 0.749
Epoch 106/300 — train_loss: 0.3192  val_loss: 0.2967  freq: 1.1346  spend: -0.0829  w_freq: 0.436  w_spend: 0.751
Epoch 107/300 — train_loss: 0.3188  val_loss: 0.2930  freq: 1.1321  spend: -0.0840  w_freq: 0.436  w_spend: 0.753
Epoch 108/300 — train_loss: 0.3150  val_loss: 0.2914  freq: 1.1324  spend: -0.0844  w_freq: 0.435  w_spend: 0.755
Epoch 109/300 — train_loss: 0.3126  val_loss: 0.2904  freq: 1.1323  spend: -0.0833  w_freq: 0.435  w_spend: 0.758
Epoch 110/300 — train_loss: 0.3105  val_loss: 0.2882  freq: 1.1321  spend: -0.0836  w_freq: 0.435  w_spend: 0.760
Epoch 111/300 — train_loss: 0.3103  val_loss: 0.2850  freq: 1.1319  spend: -0.0851  w_freq: 0.435  w_spend: 0.763
Epoch 112/300 — train_loss: 0.3064  val_loss: 0.2830  freq: 1.1334  spend: -0.0860  w_freq: 0.435  w_spend: 0.765
Epoch 113/300 — train_loss: 0.3050  val_loss: 0.2801  freq: 1.1318  spend: -0.0863  w_freq: 0.434  w_spend: 0.768
Epoch 114/300 — train_loss: 0.3022  val_loss: 0.2787  freq: 1.1318  spend: -0.0855  w_freq: 0.434  w_spend: 0.771
Epoch 115/300 — train_loss: 0.2997  val_loss: 0.2784  freq: 1.1331  spend: -0.0840  w_freq: 0.434  w_spend: 0.773
Epoch 116/300 — train_loss: 0.2995  val_loss: 0.2781  freq: 1.1313  spend: -0.0812  w_freq: 0.434  w_spend: 0.776
Epoch 117/300 — train_loss: 0.2965  val_loss: 0.2727  freq: 1.1318  spend: -0.0864  w_freq: 0.434  w_spend: 0.778
Epoch 118/300 — train_loss: 0.2944  val_loss: 0.2711  freq: 1.1313  spend: -0.0857  w_freq: 0.434  w_spend: 0.781
Epoch 119/300 — train_loss: 0.2922  val_loss: 0.2705  freq: 1.1315  spend: -0.0842  w_freq: 0.433  w_spend: 0.783
Epoch 120/300 — train_loss: 0.2905  val_loss: 0.2699  freq: 1.1326  spend: -0.0831  w_freq: 0.433  w_spend: 0.786
Epoch 121/300 — train_loss: 0.2882  val_loss: 0.2672  freq: 1.1319  spend: -0.0838  w_freq: 0.433  w_spend: 0.788
Epoch 122/300 — train_loss: 0.2862  val_loss: 0.2660  freq: 1.1333  spend: -0.0840  w_freq: 0.433  w_spend: 0.791
Epoch 123/300 — train_loss: 0.2859  val_loss: 0.2616  freq: 1.1311  spend: -0.0864  w_freq: 0.433  w_spend: 0.793
Epoch 124/300 — train_loss: 0.2829  val_loss: 0.2616  freq: 1.1315  spend: -0.0844  w_freq: 0.432  w_spend: 0.795
Epoch 125/300 — train_loss: 0.2795  val_loss: 0.2595  freq: 1.1314  spend: -0.0848  w_freq: 0.432  w_spend: 0.798
Epoch 126/300 — train_loss: 0.2785  val_loss: 0.2567  freq: 1.1311  spend: -0.0860  w_freq: 0.432  w_spend: 0.800
Epoch 127/300 — train_loss: 0.2766  val_loss: 0.2555  freq: 1.1314  spend: -0.0853  w_freq: 0.432  w_spend: 0.803
Epoch 128/300 — train_loss: 0.2750  val_loss: 0.2546  freq: 1.1312  spend: -0.0841  w_freq: 0.432  w_spend: 0.806
Epoch 129/300 — train_loss: 0.2719  val_loss: 0.2552  freq: 1.1317  spend: -0.0815  w_freq: 0.432  w_spend: 0.808
Epoch 130/300 — train_loss: 0.2717  val_loss: 0.2494  freq: 1.1321  spend: -0.0869  w_freq: 0.432  w_spend: 0.810
Epoch 131/300 — train_loss: 0.2680  val_loss: 0.2483  freq: 1.1310  spend: -0.0855  w_freq: 0.431  w_spend: 0.813
Epoch 132/300 — train_loss: 0.2674  val_loss: 0.2492  freq: 1.1311  spend: -0.0824  w_freq: 0.431  w_spend: 0.815
Epoch 133/300 — train_loss: 0.2657  val_loss: 0.2445  freq: 1.1312  spend: -0.0863  w_freq: 0.431  w_spend: 0.818
Epoch 134/300 — train_loss: 0.2639  val_loss: 0.2438  freq: 1.1313  spend: -0.0852  w_freq: 0.431  w_spend: 0.820
Epoch 135/300 — train_loss: 0.2629  val_loss: 0.2432  freq: 1.1309  spend: -0.0840  w_freq: 0.431  w_spend: 0.822
Epoch 136/300 — train_loss: 0.2601  val_loss: 0.2392  freq: 1.1309  spend: -0.0871  w_freq: 0.431  w_spend: 0.824
Epoch 137/300 — train_loss: 0.2585  val_loss: 0.2434  freq: 1.1308  spend: -0.0800  w_freq: 0.431  w_spend: 0.826
Epoch 138/300 — train_loss: 0.2569  val_loss: 0.2369  freq: 1.1308  spend: -0.0861  w_freq: 0.431  w_spend: 0.829
Epoch 139/300 — train_loss: 0.2548  val_loss: 0.2353  freq: 1.1310  spend: -0.0862  w_freq: 0.431  w_spend: 0.831
Epoch 140/300 — train_loss: 0.2532  val_loss: 0.2330  freq: 1.1307  spend: -0.0870  w_freq: 0.430  w_spend: 0.833
Epoch 141/300 — train_loss: 0.2517  val_loss: 0.2337  freq: 1.1309  spend: -0.0844  w_freq: 0.430  w_spend: 0.835
Epoch 142/300 — train_loss: 0.2501  val_loss: 0.2307  freq: 1.1310  spend: -0.0861  w_freq: 0.430  w_spend: 0.838
Epoch 143/300 — train_loss: 0.2480  val_loss: 0.2308  freq: 1.1317  spend: -0.0846  w_freq: 0.430  w_spend: 0.840
Epoch 144/300 — train_loss: 0.2474  val_loss: 0.2291  freq: 1.1312  spend: -0.0847  w_freq: 0.430  w_spend: 0.842
Epoch 145/300 — train_loss: 0.2460  val_loss: 0.2269  freq: 1.1309  spend: -0.0856  w_freq: 0.430  w_spend: 0.844
Epoch 146/300 — train_loss: 0.2450  val_loss: 0.2267  freq: 1.1311  spend: -0.0844  w_freq: 0.430  w_spend: 0.846
Epoch 147/300 — train_loss: 0.2429  val_loss: 0.2230  freq: 1.1309  spend: -0.0870  w_freq: 0.430  w_spend: 0.848
Epoch 148/300 — train_loss: 0.2405  val_loss: 0.2241  freq: 1.1304  spend: -0.0838  w_freq: 0.430  w_spend: 0.850
Epoch 149/300 — train_loss: 0.2383  val_loss: 0.2219  freq: 1.1313  spend: -0.0853  w_freq: 0.430  w_spend: 0.852
Epoch 150/300 — train_loss: 0.2379  val_loss: 0.2200  freq: 1.1304  spend: -0.0855  w_freq: 0.429  w_spend: 0.854
Epoch 151/300 — train_loss: 0.2346  val_loss: 0.2191  freq: 1.1306  spend: -0.0849  w_freq: 0.429  w_spend: 0.856
Epoch 152/300 — train_loss: 0.2334  val_loss: 0.2169  freq: 1.1308  spend: -0.0858  w_freq: 0.429  w_spend: 0.858
Epoch 153/300 — train_loss: 0.2331  val_loss: 0.2162  freq: 1.1312  spend: -0.0851  w_freq: 0.429  w_spend: 0.861
Epoch 154/300 — train_loss: 0.2302  val_loss: 0.2138  freq: 1.1308  spend: -0.0858  w_freq: 0.429  w_spend: 0.863
Epoch 155/300 — train_loss: 0.2288  val_loss: 0.2121  freq: 1.1307  spend: -0.0862  w_freq: 0.429  w_spend: 0.865
Epoch 156/300 — train_loss: 0.2276  val_loss: 0.2131  freq: 1.1306  spend: -0.0835  w_freq: 0.429  w_spend: 0.867
Epoch 157/300 — train_loss: 0.2260  val_loss: 0.2097  freq: 1.1309  spend: -0.0860  w_freq: 0.429  w_spend: 0.869
Epoch 158/300 — train_loss: 0.2240  val_loss: 0.2081  freq: 1.1309  spend: -0.0862  w_freq: 0.429  w_spend: 0.871
Epoch 159/300 — train_loss: 0.2223  val_loss: 0.2067  freq: 1.1305  spend: -0.0860  w_freq: 0.429  w_spend: 0.873
Epoch 160/300 — train_loss: 0.2214  val_loss: 0.2052  freq: 1.1305  spend: -0.0862  w_freq: 0.429  w_spend: 0.876
Epoch 161/300 — train_loss: 0.2203  val_loss: 0.2040  freq: 1.1310  spend: -0.0864  w_freq: 0.429  w_spend: 0.878
Epoch 162/300 — train_loss: 0.2194  val_loss: 0.2036  freq: 1.1307  spend: -0.0853  w_freq: 0.429  w_spend: 0.880
Epoch 163/300 — train_loss: 0.2171  val_loss: 0.2017  freq: 1.1306  spend: -0.0861  w_freq: 0.429  w_spend: 0.881
Epoch 164/300 — train_loss: 0.2162  val_loss: 0.2008  freq: 1.1302  spend: -0.0856  w_freq: 0.429  w_spend: 0.883
Epoch 165/300 — train_loss: 0.2141  val_loss: 0.1993  freq: 1.1305  spend: -0.0860  w_freq: 0.429  w_spend: 0.885
Epoch 166/300 — train_loss: 0.2138  val_loss: 0.1983  freq: 1.1310  spend: -0.0859  w_freq: 0.428  w_spend: 0.887
Epoch 167/300 — train_loss: 0.2126  val_loss: 0.1971  freq: 1.1305  spend: -0.0858  w_freq: 0.428  w_spend: 0.889
Epoch 168/300 — train_loss: 0.2112  val_loss: 0.1973  freq: 1.1305  spend: -0.0844  w_freq: 0.428  w_spend: 0.890
Epoch 169/300 — train_loss: 0.2086  val_loss: 0.1956  freq: 1.1303  spend: -0.0850  w_freq: 0.428  w_spend: 0.892
Epoch 170/300 — train_loss: 0.2087  val_loss: 0.1943  freq: 1.1305  spend: -0.0853  w_freq: 0.428  w_spend: 0.894
Epoch 171/300 — train_loss: 0.2065  val_loss: 0.1922  freq: 1.1305  spend: -0.0864  w_freq: 0.428  w_spend: 0.895
Epoch 172/300 — train_loss: 0.2059  val_loss: 0.1917  freq: 1.1303  spend: -0.0856  w_freq: 0.428  w_spend: 0.897
Epoch 173/300 — train_loss: 0.2053  val_loss: 0.1912  freq: 1.1305  spend: -0.0851  w_freq: 0.428  w_spend: 0.899
Epoch 174/300 — train_loss: 0.2034  val_loss: 0.1892  freq: 1.1304  spend: -0.0861  w_freq: 0.428  w_spend: 0.901
Epoch 175/300 — train_loss: 0.2027  val_loss: 0.1911  freq: 1.1306  spend: -0.0829  w_freq: 0.428  w_spend: 0.902
Epoch 176/300 — train_loss: 0.2026  val_loss: 0.1879  freq: 1.1308  spend: -0.0855  w_freq: 0.428  w_spend: 0.904
Epoch 177/300 — train_loss: 0.1994  val_loss: 0.1871  freq: 1.1303  spend: -0.0852  w_freq: 0.428  w_spend: 0.905
Epoch 178/300 — train_loss: 0.1980  val_loss: 0.1853  freq: 1.1304  spend: -0.0861  w_freq: 0.428  w_spend: 0.907
Epoch 179/300 — train_loss: 0.1978  val_loss: 0.1854  freq: 1.1303  spend: -0.0849  w_freq: 0.428  w_spend: 0.908
Epoch 180/300 — train_loss: 0.1957  val_loss: 0.1856  freq: 1.1311  spend: -0.0839  w_freq: 0.428  w_spend: 0.910
Epoch 181/300 — train_loss: 0.1951  val_loss: 0.1821  freq: 1.1303  spend: -0.0863  w_freq: 0.428  w_spend: 0.911
Epoch 182/300 — train_loss: 0.1944  val_loss: 0.1816  freq: 1.1305  spend: -0.0858  w_freq: 0.428  w_spend: 0.913
Epoch 183/300 — train_loss: 0.1936  val_loss: 0.1803  freq: 1.1305  spend: -0.0862  w_freq: 0.428  w_spend: 0.915
Epoch 184/300 — train_loss: 0.1914  val_loss: 0.1790  freq: 1.1305  spend: -0.0866  w_freq: 0.428  w_spend: 0.916
Epoch 185/300 — train_loss: 0.1909  val_loss: 0.1784  freq: 1.1306  spend: -0.0861  w_freq: 0.428  w_spend: 0.918
Epoch 186/300 — train_loss: 0.1900  val_loss: 0.1771  freq: 1.1304  spend: -0.0864  w_freq: 0.428  w_spend: 0.919
Epoch 187/300 — train_loss: 0.1891  val_loss: 0.1774  freq: 1.1305  spend: -0.0852  w_freq: 0.428  w_spend: 0.921
Epoch 188/300 — train_loss: 0.1884  val_loss: 0.1758  freq: 1.1303  spend: -0.0860  w_freq: 0.428  w_spend: 0.922
Epoch 189/300 — train_loss: 0.1868  val_loss: 0.1750  freq: 1.1305  spend: -0.0859  w_freq: 0.428  w_spend: 0.923
Epoch 190/300 — train_loss: 0.1865  val_loss: 0.1741  freq: 1.1304  spend: -0.0859  w_freq: 0.428  w_spend: 0.925
Epoch 191/300 — train_loss: 0.1858  val_loss: 0.1741  freq: 1.1303  spend: -0.0849  w_freq: 0.428  w_spend: 0.926
Epoch 192/300 — train_loss: 0.1839  val_loss: 0.1725  freq: 1.1305  spend: -0.0858  w_freq: 0.428  w_spend: 0.928
Epoch 193/300 — train_loss: 0.1819  val_loss: 0.1714  freq: 1.1306  spend: -0.0861  w_freq: 0.428  w_spend: 0.929
Epoch 194/300 — train_loss: 0.1816  val_loss: 0.1717  freq: 1.1307  spend: -0.0848  w_freq: 0.427  w_spend: 0.931
Epoch 195/300 — train_loss: 0.1800  val_loss: 0.1718  freq: 1.1304  spend: -0.0837  w_freq: 0.427  w_spend: 0.932
Epoch 196/300 — train_loss: 0.1804  val_loss: 0.1696  freq: 1.1303  spend: -0.0852  w_freq: 0.427  w_spend: 0.933
Epoch 197/300 — train_loss: 0.1794  val_loss: 0.1682  freq: 1.1303  spend: -0.0859  w_freq: 0.427  w_spend: 0.934
Epoch 198/300 — train_loss: 0.1782  val_loss: 0.1679  freq: 1.1304  spend: -0.0855  w_freq: 0.427  w_spend: 0.936
Epoch 199/300 — train_loss: 0.1770  val_loss: 0.1668  freq: 1.1303  spend: -0.0857  w_freq: 0.427  w_spend: 0.937
Epoch 200/300 — train_loss: 0.1771  val_loss: 0.1661  freq: 1.1304  spend: -0.0858  w_freq: 0.427  w_spend: 0.938
Epoch 201/300 — train_loss: 0.1747  val_loss: 0.1662  freq: 1.1303  spend: -0.0848  w_freq: 0.427  w_spend: 0.939
Epoch 202/300 — train_loss: 0.1749  val_loss: 0.1660  freq: 1.1301  spend: -0.0842  w_freq: 0.427  w_spend: 0.940
Epoch 203/300 — train_loss: 0.1738  val_loss: 0.1636  freq: 1.1304  spend: -0.0862  w_freq: 0.427  w_spend: 0.942
Epoch 204/300 — train_loss: 0.1724  val_loss: 0.1638  freq: 1.1302  spend: -0.0852  w_freq: 0.427  w_spend: 0.943
Epoch 205/300 — train_loss: 0.1726  val_loss: 0.1632  freq: 1.1304  spend: -0.0852  w_freq: 0.427  w_spend: 0.944
Epoch 206/300 — train_loss: 0.1704  val_loss: 0.1626  freq: 1.1304  spend: -0.0852  w_freq: 0.427  w_spend: 0.945
Epoch 207/300 — train_loss: 0.1713  val_loss: 0.1637  freq: 1.1301  spend: -0.0833  w_freq: 0.427  w_spend: 0.946
Epoch 208/300 — train_loss: 0.1707  val_loss: 0.1603  freq: 1.1303  spend: -0.0862  w_freq: 0.427  w_spend: 0.947
Epoch 209/300 — train_loss: 0.1681  val_loss: 0.1603  freq: 1.1303  spend: -0.0857  w_freq: 0.427  w_spend: 0.948
Epoch 210/300 — train_loss: 0.1677  val_loss: 0.1607  freq: 1.1302  spend: -0.0845  w_freq: 0.427  w_spend: 0.949
Epoch 211/300 — train_loss: 0.1664  val_loss: 0.1597  freq: 1.1308  spend: -0.0851  w_freq: 0.427  w_spend: 0.950
Epoch 212/300 — train_loss: 0.1672  val_loss: 0.1593  freq: 1.1302  spend: -0.0847  w_freq: 0.427  w_spend: 0.951
Epoch 213/300 — train_loss: 0.1664  val_loss: 0.1601  freq: 1.1301  spend: -0.0833  w_freq: 0.427  w_spend: 0.952
Epoch 214/300 — train_loss: 0.1662  val_loss: 0.1598  freq: 1.1301  spend: -0.0830  w_freq: 0.427  w_spend: 0.953
Epoch 215/300 — train_loss: 0.1655  val_loss: 0.1587  freq: 1.1302  spend: -0.0837  w_freq: 0.427  w_spend: 0.953
Epoch 216/300 — train_loss: 0.1651  val_loss: 0.1566  freq: 1.1302  spend: -0.0854  w_freq: 0.427  w_spend: 0.954
Epoch 217/300 — train_loss: 0.1649  val_loss: 0.1567  freq: 1.1305  spend: -0.0850  w_freq: 0.427  w_spend: 0.955
Epoch 218/300 — train_loss: 0.1634  val_loss: 0.1558  freq: 1.1301  spend: -0.0853  w_freq: 0.427  w_spend: 0.956
Epoch 219/300 — train_loss: 0.1624  val_loss: 0.1550  freq: 1.1302  spend: -0.0858  w_freq: 0.427  w_spend: 0.956
Epoch 220/300 — train_loss: 0.1621  val_loss: 0.1556  freq: 1.1301  spend: -0.0846  w_freq: 0.427  w_spend: 0.957
Epoch 221/300 — train_loss: 0.1621  val_loss: 0.1543  freq: 1.1302  spend: -0.0854  w_freq: 0.427  w_spend: 0.958
Epoch 222/300 — train_loss: 0.1618  val_loss: 0.1539  freq: 1.1300  spend: -0.0854  w_freq: 0.427  w_spend: 0.959
Epoch 223/300 — train_loss: 0.1607  val_loss: 0.1533  freq: 1.1301  spend: -0.0854  w_freq: 0.427  w_spend: 0.960
Epoch 224/300 — train_loss: 0.1598  val_loss: 0.1531  freq: 1.1303  spend: -0.0853  w_freq: 0.427  w_spend: 0.960
Epoch 225/300 — train_loss: 0.1596  val_loss: 0.1530  freq: 1.1302  spend: -0.0848  w_freq: 0.427  w_spend: 0.961
Epoch 226/300 — train_loss: 0.1578  val_loss: 0.1525  freq: 1.1301  spend: -0.0849  w_freq: 0.427  w_spend: 0.962
Epoch 227/300 — train_loss: 0.1587  val_loss: 0.1528  freq: 1.1302  spend: -0.0841  w_freq: 0.427  w_spend: 0.963
Epoch 228/300 — train_loss: 0.1575  val_loss: 0.1518  freq: 1.1301  spend: -0.0847  w_freq: 0.427  w_spend: 0.963
Epoch 229/300 — train_loss: 0.1573  val_loss: 0.1512  freq: 1.1302  spend: -0.0849  w_freq: 0.427  w_spend: 0.964
Epoch 230/300 — train_loss: 0.1566  val_loss: 0.1511  freq: 1.1302  spend: -0.0846  w_freq: 0.427  w_spend: 0.965
Epoch 231/300 — train_loss: 0.1549  val_loss: 0.1510  freq: 1.1302  spend: -0.0843  w_freq: 0.427  w_spend: 0.965
Epoch 232/300 — train_loss: 0.1553  val_loss: 0.1519  freq: 1.1302  spend: -0.0830  w_freq: 0.427  w_spend: 0.966
Epoch 233/300 — train_loss: 0.1547  val_loss: 0.1503  freq: 1.1302  spend: -0.0842  w_freq: 0.427  w_spend: 0.967
Epoch 234/300 — train_loss: 0.1540  val_loss: 0.1491  freq: 1.1302  spend: -0.0851  w_freq: 0.427  w_spend: 0.967
Epoch 235/300 — train_loss: 0.1549  val_loss: 0.1505  freq: 1.1302  spend: -0.0833  w_freq: 0.427  w_spend: 0.968
Epoch 236/300 — train_loss: 0.1539  val_loss: 0.1497  freq: 1.1301  spend: -0.0837  w_freq: 0.427  w_spend: 0.968
Epoch 237/300 — train_loss: 0.1542  val_loss: 0.1496  freq: 1.1301  spend: -0.0835  w_freq: 0.427  w_spend: 0.969
Epoch 238/300 — train_loss: 0.1545  val_loss: 0.1482  freq: 1.1304  spend: -0.0848  w_freq: 0.427  w_spend: 0.969
Epoch 239/300 — train_loss: 0.1525  val_loss: 0.1475  freq: 1.1301  spend: -0.0851  w_freq: 0.427  w_spend: 0.970
Epoch 240/300 — train_loss: 0.1521  val_loss: 0.1477  freq: 1.1302  spend: -0.0847  w_freq: 0.427  w_spend: 0.970
Epoch 241/300 — train_loss: 0.1525  val_loss: 0.1475  freq: 1.1302  spend: -0.0845  w_freq: 0.427  w_spend: 0.971
Epoch 242/300 — train_loss: 0.1521  val_loss: 0.1466  freq: 1.1304  spend: -0.0853  w_freq: 0.427  w_spend: 0.971
Epoch 243/300 — train_loss: 0.1527  val_loss: 0.1469  freq: 1.1302  spend: -0.0846  w_freq: 0.427  w_spend: 0.972
Epoch 244/300 — train_loss: 0.1520  val_loss: 0.1468  freq: 1.1302  spend: -0.0845  w_freq: 0.427  w_spend: 0.972
Epoch 245/300 — train_loss: 0.1517  val_loss: 0.1462  freq: 1.1302  spend: -0.0849  w_freq: 0.427  w_spend: 0.973
Epoch 246/300 — train_loss: 0.1508  val_loss: 0.1473  freq: 1.1302  spend: -0.0835  w_freq: 0.427  w_spend: 0.973
Epoch 247/300 — train_loss: 0.1509  val_loss: 0.1466  freq: 1.1301  spend: -0.0839  w_freq: 0.427  w_spend: 0.973
Epoch 248/300 — train_loss: 0.1506  val_loss: 0.1456  freq: 1.1302  spend: -0.0847  w_freq: 0.427  w_spend: 0.974
Epoch 249/300 — train_loss: 0.1500  val_loss: 0.1452  freq: 1.1303  spend: -0.0849  w_freq: 0.427  w_spend: 0.974
Epoch 250/300 — train_loss: 0.1505  val_loss: 0.1457  freq: 1.1302  spend: -0.0842  w_freq: 0.427  w_spend: 0.974
Epoch 251/300 — train_loss: 0.1498  val_loss: 0.1467  freq: 1.1302  spend: -0.0830  w_freq: 0.427  w_spend: 0.975
Epoch 252/300 — train_loss: 0.1484  val_loss: 0.1451  freq: 1.1302  spend: -0.0845  w_freq: 0.427  w_spend: 0.975
Epoch 253/300 — train_loss: 0.1499  val_loss: 0.1447  freq: 1.1302  spend: -0.0847  w_freq: 0.427  w_spend: 0.975
Epoch 254/300 — train_loss: 0.1479  val_loss: 0.1457  freq: 1.1302  spend: -0.0834  w_freq: 0.427  w_spend: 0.976
Epoch 255/300 — train_loss: 0.1479  val_loss: 0.1442  freq: 1.1302  spend: -0.0848  w_freq: 0.427  w_spend: 0.976
Epoch 256/300 — train_loss: 0.1488  val_loss: 0.1447  freq: 1.1302  spend: -0.0840  w_freq: 0.427  w_spend: 0.976
Epoch 257/300 — train_loss: 0.1481  val_loss: 0.1444  freq: 1.1302  spend: -0.0842  w_freq: 0.427  w_spend: 0.977
Epoch 258/300 — train_loss: 0.1477  val_loss: 0.1438  freq: 1.1302  spend: -0.0847  w_freq: 0.427  w_spend: 0.977
Epoch 259/300 — train_loss: 0.1472  val_loss: 0.1438  freq: 1.1302  spend: -0.0846  w_freq: 0.427  w_spend: 0.977
Epoch 260/300 — train_loss: 0.1462  val_loss: 0.1442  freq: 1.1302  spend: -0.0840  w_freq: 0.427  w_spend: 0.977
Epoch 261/300 — train_loss: 0.1470  val_loss: 0.1437  freq: 1.1302  spend: -0.0844  w_freq: 0.427  w_spend: 0.978
Epoch 262/300 — train_loss: 0.1486  val_loss: 0.1436  freq: 1.1302  spend: -0.0844  w_freq: 0.427  w_spend: 0.978
Epoch 263/300 — train_loss: 0.1472  val_loss: 0.1436  freq: 1.1302  spend: -0.0843  w_freq: 0.427  w_spend: 0.978
Epoch 264/300 — train_loss: 0.1464  val_loss: 0.1433  freq: 1.1302  spend: -0.0844  w_freq: 0.427  w_spend: 0.978
Epoch 265/300 — train_loss: 0.1465  val_loss: 0.1436  freq: 1.1302  spend: -0.0839  w_freq: 0.427  w_spend: 0.978
Epoch 266/300 — train_loss: 0.1475  val_loss: 0.1433  freq: 1.1302  spend: -0.0842  w_freq: 0.427  w_spend: 0.979
Epoch 267/300 — train_loss: 0.1469  val_loss: 0.1433  freq: 1.1302  spend: -0.0841  w_freq: 0.427  w_spend: 0.979
Epoch 268/300 — train_loss: 0.1460  val_loss: 0.1432  freq: 1.1302  spend: -0.0841  w_freq: 0.427  w_spend: 0.979
Epoch 269/300 — train_loss: 0.1470  val_loss: 0.1431  freq: 1.1302  spend: -0.0841  w_freq: 0.427  w_spend: 0.979
Epoch 270/300 — train_loss: 0.1447  val_loss: 0.1427  freq: 1.1302  spend: -0.0844  w_freq: 0.427  w_spend: 0.979
Epoch 271/300 — train_loss: 0.1456  val_loss: 0.1430  freq: 1.1302  spend: -0.0840  w_freq: 0.427  w_spend: 0.979
Epoch 272/300 — train_loss: 0.1450  val_loss: 0.1427  freq: 1.1302  spend: -0.0843  w_freq: 0.427  w_spend: 0.979
Epoch 273/300 — train_loss: 0.1461  val_loss: 0.1427  freq: 1.1302  spend: -0.0842  w_freq: 0.427  w_spend: 0.980
Epoch 274/300 — train_loss: 0.1443  val_loss: 0.1427  freq: 1.1302  spend: -0.0842  w_freq: 0.427  w_spend: 0.980
Epoch 275/300 — train_loss: 0.1453  val_loss: 0.1426  freq: 1.1302  spend: -0.0842  w_freq: 0.427  w_spend: 0.980
Epoch 276/300 — train_loss: 0.1456  val_loss: 0.1424  freq: 1.1302  spend: -0.0843  w_freq: 0.427  w_spend: 0.980
Epoch 277/300 — train_loss: 0.1457  val_loss: 0.1424  freq: 1.1302  spend: -0.0843  w_freq: 0.427  w_spend: 0.980
Epoch 278/300 — train_loss: 0.1447  val_loss: 0.1425  freq: 1.1302  spend: -0.0841  w_freq: 0.427  w_spend: 0.980
Epoch 279/300 — train_loss: 0.1457  val_loss: 0.1425  freq: 1.1302  spend: -0.0841  w_freq: 0.427  w_spend: 0.980
Epoch 280/300 — train_loss: 0.1458  val_loss: 0.1424  freq: 1.1302  spend: -0.0842  w_freq: 0.427  w_spend: 0.980
Epoch 281/300 — train_loss: 0.1453  val_loss: 0.1423  freq: 1.1302  spend: -0.0842  w_freq: 0.427  w_spend: 0.980
Epoch 282/300 — train_loss: 0.1443  val_loss: 0.1423  freq: 1.1302  spend: -0.0842  w_freq: 0.427  w_spend: 0.980
Epoch 283/300 — train_loss: 0.1457  val_loss: 0.1424  freq: 1.1302  spend: -0.0841  w_freq: 0.427  w_spend: 0.980
Epoch 284/300 — train_loss: 0.1459  val_loss: 0.1422  freq: 1.1302  spend: -0.0843  w_freq: 0.427  w_spend: 0.980
Epoch 285/300 — train_loss: 0.1451  val_loss: 0.1422  freq: 1.1302  spend: -0.0843  w_freq: 0.427  w_spend: 0.980
Epoch 286/300 — train_loss: 0.1440  val_loss: 0.1421  freq: 1.1302  spend: -0.0843  w_freq: 0.427  w_spend: 0.980
Epoch 287/300 — train_loss: 0.1456  val_loss: 0.1422  freq: 1.1302  spend: -0.0842  w_freq: 0.427  w_spend: 0.981
Epoch 288/300 — train_loss: 0.1449  val_loss: 0.1422  freq: 1.1302  spend: -0.0842  w_freq: 0.427  w_spend: 0.981
Epoch 289/300 — train_loss: 0.1435  val_loss: 0.1421  freq: 1.1302  spend: -0.0842  w_freq: 0.427  w_spend: 0.981
Epoch 290/300 — train_loss: 0.1439  val_loss: 0.1421  freq: 1.1302  spend: -0.0843  w_freq: 0.427  w_spend: 0.981
Epoch 291/300 — train_loss: 0.1447  val_loss: 0.1421  freq: 1.1302  spend: -0.0842  w_freq: 0.427  w_spend: 0.981
Epoch 292/300 — train_loss: 0.1451  val_loss: 0.1422  freq: 1.1302  spend: -0.0842  w_freq: 0.427  w_spend: 0.981
Epoch 293/300 — train_loss: 0.1468  val_loss: 0.1422  freq: 1.1302  spend: -0.0842  w_freq: 0.427  w_spend: 0.981
Epoch 294/300 — train_loss: 0.1453  val_loss: 0.1421  freq: 1.1302  spend: -0.0842  w_freq: 0.427  w_spend: 0.981
Epoch 295/300 — train_loss: 0.1453  val_loss: 0.1421  freq: 1.1302  spend: -0.0842  w_freq: 0.427  w_spend: 0.981
Epoch 296/300 — train_loss: 0.1449  val_loss: 0.1421  freq: 1.1302  spend: -0.0842  w_freq: 0.427  w_spend: 0.981
Epoch 297/300 — train_loss: 0.1450  val_loss: 0.1421  freq: 1.1302  spend: -0.0842  w_freq: 0.427  w_spend: 0.981
Epoch 298/300 — train_loss: 0.1450  val_loss: 0.1421  freq: 1.1302  spend: -0.0842  w_freq: 0.427  w_spend: 0.981
Epoch 299/300 — train_loss: 0.1463  val_loss: 0.1421  freq: 1.1302  spend: -0.0842  w_freq: 0.427  w_spend: 0.981
Epoch 300/300 — train_loss: 0.1441  val_loss: 0.1421  freq: 1.1302  spend: -0.0842  w_freq: 0.427  w_spend: 0.981

Checkpoint saved: /kaggle/working/results/checkpoints/lstm_joint_dunnhumby_v3_seed123_sample.pt
Validation-fitted softmax temperature: 1.0000

Duan's smearing factor (val): 1.3395
Validation aggregate calibration: freq_factor=1.0123, spend_factor=0.9693

Running autoregressive inference on holdout period ...
  inference mode: sample  n_scenarios: 200  temperature: 1.0000

=== Prediction Diagnostics ===
  Mean predicted freq/week:    1.1008
  Mean actual freq/week:       1.1447
  Over-prediction ratio:       0.962x
  Customers predicted as zero total:  0.000
  Customers actually zero total:      0.036
  Non-zero rate (pred, avg > 0.05):  0.998
  Non-zero rate (true):               0.532

Metrics saved: /kaggle/working/results/tables/lstm_joint_dunnhumby_v3_seed123_sample_metrics.json
Array artifacts saved: /kaggle/working/results/tables/lstm_joint_dunnhumby_v3_seed123_sample_arrays.npz

=== Holdout Evaluation ===
  metric_definition_version: valendin_aggregate_mape_v1
  freq_rmse: 14.4249
  freq_mae: 8.7025
  freq_normalized_gini: 0.8707
  freq_calibration_factor: 1.0123
  freq_horizon_abs_bias_pct: 2.6578
  bias_pct: -2.6578
  freq_weekly_mae: 191.5826
  freq_weekly_total_true: 62910.0000
  freq_weekly_total_pred: 61237.9743
  freq_valendin_mape: 6.6998
  freq_horizon_bias_pct: -2.6578
  freq_weekly_mean_pct_mape: 7.9825
  freq_weekly_mean_pct_bias_pct: -1.0769
  freq_weekly_bias_pct: -2.6578
  freq_weekly_mape: 6.6998
  freq_mape: 6.6998
  freq_mase: 1.0320
  freq_mase_scale: 0.8235
  smearing_factor: 1.3395
  spend_calibration_factor: 0.9693
  spend_mae_raw: 290.9289
  spend_rmse_raw: 450.3705
  spend_normalized_gini: 0.8528
  spend_mae_log: 0.7457
  spend_rmse_log: 1.2658
  spend_r2_log: 0.4564
  spend_bias_pct: -5.5040
  spend_weekly_mae: 8586.9910
  spend_weekly_total_true: 1965992.3000
  spend_weekly_total_pred: 1857784.4837
  spend_valendin_mape: 9.6091
  spend_horizon_abs_bias_pct: 5.5040
  spend_horizon_bias_pct: -5.5040
  spend_weekly_mean_pct_mape: 10.6609
  spend_weekly_mean_pct_bias_pct: -3.4757
  spend_weekly_bias_pct: -5.5040
  spend_weekly_mape: 9.6091
  spend_mase: 1.0901
  spend_mase_scale: 27.5152
  clv_mae: 285.1107
  clv_rmse: 441.4713
  clv_spearman: 0.8144
  clv_decile_lift: 3.2537
  clv_normalized_gini: 0.8533
  clv_total_true: 1929812.7500
  clv_total_pred: 1822876.5000
  calibration_temperature_source: rolling_origin_autoregressive
  validation_temperature: 1.0000
  smearing_source: rolling_origin_autoregressive
  calibration_source: rolling_origin_autoregressive
  validation_freq_true_total: 6257.0000
  validation_freq_pred_total: 6107.1702
  validation_spend_true_total: 181327.5781
  validation_spend_pred_total: 193176.1641
  validation_freq_calibration_factor: 1.0123
  validation_spend_calibration_factor: 0.9693
  validation_rolling_origin_count: 2
  protocol_name: dunnhumby_configured_80x22
  cohort_size: 2498
  calibration_weeks: 80
  holdout_weeks: 22
  inference_mode: sample
  n_scenarios: 200
  run_valid: True
  run_invalid_reason: 
  run_warning: 
  epochs_completed: 300
  max_epochs_configured: 300
History saved: /kaggle/working/results/tables/lstm_joint_dunnhumby_v3_seed123_sample_history.json
