[Kaggle] raw_dir  → /kaggle/working/input/cdnow-dataset
[Kaggle] results  → /kaggle/working/results
Config: experiments/configs/lstm_joint_cdnow_v3.yaml
Run: lstm_joint_cdnow_v3_seed123_sample
Device: cuda
Loading dataset: cdnow ...
[pipeline] freq_bins from config: [0, 1, 2, 3]
  Train customers: 2115, Val: 234, Inference: 2349
[cdnow] Customers with 0 calibration transactions: 0 / 2349
  top-bin decode: class_values[-1] = 4.071 (max_trans = 3)
Model: lstm — 97,614 parameters

Training for up to 300 epochs ...
/kaggle/working/thesis-code/src/training/trainer.py:116: FutureWarning: `torch.cuda.amp.GradScaler(args...)` is deprecated. Please use `torch.amp.GradScaler('cuda', args...)` instead.
  self.scaler = torch.cuda.amp.GradScaler(enabled=self.amp_enabled)
[Kendall] log_vars frozen for 5 warm-up epochs.
Epoch   1/300 — train_loss: 0.8389  val_loss: 0.8159  freq: 1.4118  spend: 0.2201  w_freq: 0.500  w_spend: 0.500
Epoch   2/300 — train_loss: 0.8158  val_loss: 0.7857  freq: 1.3529  spend: 0.2186  w_freq: 0.500  w_spend: 0.500
Epoch   3/300 — train_loss: 0.7809  val_loss: 0.7421  freq: 1.2680  spend: 0.2162  w_freq: 0.500  w_spend: 0.500
Epoch   4/300 — train_loss: 0.7352  val_loss: 0.6833  freq: 1.1544  spend: 0.2122  w_freq: 0.500  w_spend: 0.500
Epoch   5/300 — train_loss: 0.6644  val_loss: 0.6022  freq: 0.9994  spend: 0.2049  w_freq: 0.500  w_spend: 0.500
[Kendall] log_vars unfrozen at epoch 6.
Epoch   6/300 — train_loss: 0.5664  val_loss: 0.4785  freq: 0.7686  spend: 0.1902  w_freq: 0.500  w_spend: 0.500
Epoch   7/300 — train_loss: 0.4359  val_loss: 0.3080  freq: 0.4627  spend: 0.1583  w_freq: 0.501  w_spend: 0.501
Epoch   8/300 — train_loss: 0.2594  val_loss: 0.1539  freq: 0.2176  spend: 0.1007  w_freq: 0.502  w_spend: 0.502
Epoch   9/300 — train_loss: 0.1654  val_loss: 0.1199  freq: 0.1606  spend: 0.0952  w_freq: 0.504  w_spend: 0.504
Epoch  10/300 — train_loss: 0.1837  val_loss: 0.1070  freq: 0.1570  spend: 0.0787  w_freq: 0.506  w_spend: 0.505
Epoch  11/300 — train_loss: 0.1382  val_loss: 0.1072  freq: 0.1471  spend: 0.0949  w_freq: 0.507  w_spend: 0.507
Epoch  12/300 — train_loss: 0.1301  val_loss: 0.0975  freq: 0.1399  spend: 0.0900  w_freq: 0.509  w_spend: 0.508
Epoch  13/300 — train_loss: 0.1200  val_loss: 0.0860  freq: 0.1351  spend: 0.0797  w_freq: 0.512  w_spend: 0.510
Epoch  14/300 — train_loss: 0.1189  val_loss: 0.0824  freq: 0.1319  spend: 0.0839  w_freq: 0.514  w_spend: 0.512
Epoch  15/300 — train_loss: 0.1117  val_loss: 0.0775  freq: 0.1295  spend: 0.0856  w_freq: 0.517  w_spend: 0.515
Epoch  16/300 — train_loss: 0.1007  val_loss: 0.0699  freq: 0.1276  spend: 0.0818  w_freq: 0.519  w_spend: 0.517
Epoch  17/300 — train_loss: 0.1030  val_loss: 0.0648  freq: 0.1262  spend: 0.0823  w_freq: 0.522  w_spend: 0.520
Epoch  18/300 — train_loss: 0.1004  val_loss: 0.0611  freq: 0.1253  spend: 0.0843  w_freq: 0.525  w_spend: 0.523
Epoch  19/300 — train_loss: 0.0845  val_loss: 0.0550  freq: 0.1246  spend: 0.0816  w_freq: 0.528  w_spend: 0.525
Epoch  20/300 — train_loss: 0.0829  val_loss: 0.0494  freq: 0.1236  spend: 0.0804  w_freq: 0.530  w_spend: 0.528
Epoch  21/300 — train_loss: 0.0868  val_loss: 0.0434  freq: 0.1227  spend: 0.0779  w_freq: 0.533  w_spend: 0.530
Epoch  22/300 — train_loss: 0.0730  val_loss: 0.0428  freq: 0.1241  spend: 0.0828  w_freq: 0.535  w_spend: 0.532
Epoch  23/300 — train_loss: 0.0650  val_loss: 0.0342  freq: 0.1220  spend: 0.0762  w_freq: 0.538  w_spend: 0.535
Epoch  24/300 — train_loss: 0.0758  val_loss: 0.0276  freq: 0.1253  spend: 0.0682  w_freq: 0.540  w_spend: 0.537
Epoch  25/300 — train_loss: 0.0729  val_loss: 0.0280  freq: 0.1212  spend: 0.0801  w_freq: 0.543  w_spend: 0.539
Epoch  26/300 — train_loss: 0.0530  val_loss: 0.0179  freq: 0.1212  spend: 0.0687  w_freq: 0.545  w_spend: 0.542
Epoch  27/300 — train_loss: 0.0449  val_loss: 0.0271  freq: 0.1265  spend: 0.0872  w_freq: 0.547  w_spend: 0.544
Epoch  28/300 — train_loss: 0.0456  val_loss: 0.0119  freq: 0.1240  spend: 0.0682  w_freq: 0.550  w_spend: 0.546
Epoch  29/300 — train_loss: 0.0376  val_loss: -0.0122  freq: 0.1222  spend: 0.0313  w_freq: 0.552  w_spend: 0.548
Epoch  30/300 — train_loss: 0.0226  val_loss: -0.0050  freq: 0.1233  spend: 0.0483  w_freq: 0.553  w_spend: 0.550

Training failed with a repairable error: FloatingPointError: Non-finite gradients in lstm.weight_ih_l0
Metrics saved: /kaggle/working/results/tables/lstm_joint_cdnow_v3_seed123_sample_metrics.json
Retrying once as robustness repair (amp_disabled) ...
Config: experiments/configs/lstm_joint_cdnow_v3.yaml
Run: lstm_joint_cdnow_v3_seed123_sample_repair
Device: cuda
Loading dataset: cdnow ...
[pipeline] freq_bins from config: [0, 1, 2, 3]
  Train customers: 2115, Val: 234, Inference: 2349
[cdnow] Customers with 0 calibration transactions: 0 / 2349
  top-bin decode: class_values[-1] = 4.071 (max_trans = 3)
Model: lstm — 97,614 parameters

Training for up to 300 epochs ...
/kaggle/working/thesis-code/src/training/trainer.py:116: FutureWarning: `torch.cuda.amp.GradScaler(args...)` is deprecated. Please use `torch.amp.GradScaler('cuda', args...)` instead.
  self.scaler = torch.cuda.amp.GradScaler(enabled=self.amp_enabled)
[Kendall] log_vars frozen for 5 warm-up epochs.
Epoch   1/300 — train_loss: 0.8389  val_loss: 0.8159  freq: 1.4118  spend: 0.2201  w_freq: 0.500  w_spend: 0.500
Epoch   2/300 — train_loss: 0.8158  val_loss: 0.7858  freq: 1.3529  spend: 0.2186  w_freq: 0.500  w_spend: 0.500
Epoch   3/300 — train_loss: 0.7810  val_loss: 0.7421  freq: 1.2681  spend: 0.2162  w_freq: 0.500  w_spend: 0.500
Epoch   4/300 — train_loss: 0.7354  val_loss: 0.6833  freq: 1.1545  spend: 0.2122  w_freq: 0.500  w_spend: 0.500
Epoch   5/300 — train_loss: 0.6645  val_loss: 0.6022  freq: 0.9995  spend: 0.2050  w_freq: 0.500  w_spend: 0.500
[Kendall] log_vars unfrozen at epoch 6.
Epoch   6/300 — train_loss: 0.5665  val_loss: 0.4786  freq: 0.7687  spend: 0.1902  w_freq: 0.500  w_spend: 0.500
Epoch   7/300 — train_loss: 0.4360  val_loss: 0.3081  freq: 0.4628  spend: 0.1583  w_freq: 0.501  w_spend: 0.501
Epoch   8/300 — train_loss: 0.2594  val_loss: 0.1540  freq: 0.2176  spend: 0.1007  w_freq: 0.502  w_spend: 0.502
Epoch   9/300 — train_loss: 0.1656  val_loss: 0.1205  freq: 0.1607  spend: 0.0963  w_freq: 0.504  w_spend: 0.504
Epoch  10/300 — train_loss: 0.1836  val_loss: 0.1070  freq: 0.1568  spend: 0.0789  w_freq: 0.506  w_spend: 0.505
Epoch  11/300 — train_loss: 0.1389  val_loss: 0.1072  freq: 0.1470  spend: 0.0951  w_freq: 0.507  w_spend: 0.507
Epoch  12/300 — train_loss: 0.1315  val_loss: 0.0978  freq: 0.1399  spend: 0.0906  w_freq: 0.509  w_spend: 0.508
Epoch  13/300 — train_loss: 0.1218  val_loss: 0.0864  freq: 0.1351  spend: 0.0803  w_freq: 0.512  w_spend: 0.510
Epoch  14/300 — train_loss: 0.1200  val_loss: 0.0826  freq: 0.1320  spend: 0.0840  w_freq: 0.514  w_spend: 0.512
Epoch  15/300 — train_loss: 0.1122  val_loss: 0.0775  freq: 0.1296  spend: 0.0851  w_freq: 0.517  w_spend: 0.515
Epoch  16/300 — train_loss: 0.1013  val_loss: 0.0701  freq: 0.1277  spend: 0.0819  w_freq: 0.519  w_spend: 0.517
Epoch  17/300 — train_loss: 0.1033  val_loss: 0.0652  freq: 0.1263  spend: 0.0829  w_freq: 0.522  w_spend: 0.520
Epoch  18/300 — train_loss: 0.1005  val_loss: 0.0610  freq: 0.1253  spend: 0.0840  w_freq: 0.525  w_spend: 0.523
Epoch  19/300 — train_loss: 0.0842  val_loss: 0.0553  freq: 0.1250  spend: 0.0818  w_freq: 0.528  w_spend: 0.525
Epoch  20/300 — train_loss: 0.0824  val_loss: 0.0497  freq: 0.1237  spend: 0.0808  w_freq: 0.530  w_spend: 0.528
Epoch  21/300 — train_loss: 0.0866  val_loss: 0.0435  freq: 0.1227  spend: 0.0781  w_freq: 0.533  w_spend: 0.530
Epoch  22/300 — train_loss: 0.0735  val_loss: 0.0431  freq: 0.1250  spend: 0.0825  w_freq: 0.535  w_spend: 0.532
Epoch  23/300 — train_loss: 0.0642  val_loss: 0.0347  freq: 0.1219  spend: 0.0772  w_freq: 0.538  w_spend: 0.535
Epoch  24/300 — train_loss: 0.0752  val_loss: 0.0292  freq: 0.1259  spend: 0.0705  w_freq: 0.540  w_spend: 0.537
Epoch  25/300 — train_loss: 0.0779  val_loss: 0.0306  freq: 0.1225  spend: 0.0835  w_freq: 0.543  w_spend: 0.539
Epoch  26/300 — train_loss: 0.0558  val_loss: 0.0219  freq: 0.1215  spend: 0.0760  w_freq: 0.545  w_spend: 0.542
Epoch  27/300 — train_loss: 0.0501  val_loss: 0.0168  freq: 0.1233  spend: 0.0726  w_freq: 0.548  w_spend: 0.544
Epoch  28/300 — train_loss: 0.0446  val_loss: 0.0084  freq: 0.1208  spend: 0.0667  w_freq: 0.550  w_spend: 0.547
Epoch  29/300 — train_loss: 0.0373  val_loss: -0.0062  freq: 0.1230  spend: 0.0440  w_freq: 0.552  w_spend: 0.549
Epoch  30/300 — train_loss: 0.0268  val_loss: 0.0175  freq: 0.1258  spend: 0.0892  w_freq: 0.554  w_spend: 0.551
Epoch  31/300 — train_loss: 0.0359  val_loss: 0.0078  freq: 0.1232  spend: 0.0783  w_freq: 0.556  w_spend: 0.552
Epoch  32/300 — train_loss: 0.0133  val_loss: -0.0271  freq: 0.1216  spend: 0.0207  w_freq: 0.557  w_spend: 0.554
Epoch  33/300 — train_loss: 0.0131  val_loss: -0.0267  freq: 0.1218  spend: 0.0252  w_freq: 0.559  w_spend: 0.555
Epoch  34/300 — train_loss: 0.0094  val_loss: -0.0179  freq: 0.1220  spend: 0.0445  w_freq: 0.560  w_spend: 0.556
Epoch  35/300 — train_loss: 0.0203  val_loss: -0.0452  freq: 0.1212  spend: -0.0004  w_freq: 0.561  w_spend: 0.557
Epoch  36/300 — train_loss: -0.0198  val_loss: -0.0520  freq: 0.1215  spend: -0.0096  w_freq: 0.562  w_spend: 0.559
Epoch  37/300 — train_loss: -0.0190  val_loss: -0.0581  freq: 0.1215  spend: -0.0165  w_freq: 0.563  w_spend: 0.560
Epoch  38/300 — train_loss: -0.0337  val_loss: -0.0097  freq: 0.1222  spend: 0.0735  w_freq: 0.565  w_spend: 0.561
Epoch  39/300 — train_loss: 0.0035  val_loss: -0.0134  freq: 0.1228  spend: 0.0694  w_freq: 0.566  w_spend: 0.563
Epoch  40/300 — train_loss: -0.0163  val_loss: -0.0184  freq: 0.1215  spend: 0.0646  w_freq: 0.567  w_spend: 0.564
Epoch  41/300 — train_loss: 0.0019  val_loss: -0.0423  freq: 0.1220  spend: 0.0250  w_freq: 0.568  w_spend: 0.565
Epoch  42/300 — train_loss: -0.0157  val_loss: -0.0486  freq: 0.1211  spend: 0.0183  w_freq: 0.569  w_spend: 0.566
Epoch  43/300 — train_loss: -0.0138  val_loss: -0.0631  freq: 0.1211  spend: -0.0040  w_freq: 0.570  w_spend: 0.567
Epoch  44/300 — train_loss: -0.0329  val_loss: -0.0605  freq: 0.1213  spend: 0.0037  w_freq: 0.571  w_spend: 0.568
Epoch  45/300 — train_loss: -0.0372  val_loss: -0.0876  freq: 0.1211  spend: -0.0396  w_freq: 0.573  w_spend: 0.570
Epoch  46/300 — train_loss: -0.0422  val_loss: -0.0867  freq: 0.1209  spend: -0.0345  w_freq: 0.574  w_spend: 0.571
Epoch  47/300 — train_loss: -0.0597  val_loss: -0.0882  freq: 0.1209  spend: -0.0333  w_freq: 0.575  w_spend: 0.572
Epoch  48/300 — train_loss: -0.0552  val_loss: -0.1009  freq: 0.1208  spend: -0.0513  w_freq: 0.576  w_spend: 0.574
Epoch  49/300 — train_loss: -0.0674  val_loss: -0.0673  freq: 0.1210  spend: 0.0112  w_freq: 0.578  w_spend: 0.575
Epoch  50/300 — train_loss: -0.0434  val_loss: -0.0982  freq: 0.1207  spend: -0.0386  w_freq: 0.579  w_spend: 0.577
Epoch  51/300 — train_loss: -0.0553  val_loss: -0.0970  freq: 0.1208  spend: -0.0337  w_freq: 0.580  w_spend: 0.578
Epoch  52/300 — train_loss: -0.0678  val_loss: -0.0964  freq: 0.1206  spend: -0.0288  w_freq: 0.581  w_spend: 0.579
Epoch  53/300 — train_loss: -0.0744  val_loss: -0.1071  freq: 0.1207  spend: -0.0430  w_freq: 0.582  w_spend: 0.581
Epoch  54/300 — train_loss: -0.0786  val_loss: -0.0991  freq: 0.1211  spend: -0.0248  w_freq: 0.584  w_spend: 0.582
Epoch  55/300 — train_loss: -0.0631  val_loss: -0.1193  freq: 0.1207  spend: -0.0546  w_freq: 0.586  w_spend: 0.584
Epoch  56/300 — train_loss: -0.0837  val_loss: -0.1231  freq: 0.1205  spend: -0.0557  w_freq: 0.587  w_spend: 0.586
Epoch  57/300 — train_loss: -0.0908  val_loss: -0.1172  freq: 0.1207  spend: -0.0407  w_freq: 0.589  w_spend: 0.588
Epoch  58/300 — train_loss: -0.0882  val_loss: -0.1123  freq: 0.1208  spend: -0.0281  w_freq: 0.591  w_spend: 0.590
Epoch  59/300 — train_loss: -0.0968  val_loss: -0.1319  freq: 0.1205  spend: -0.0562  w_freq: 0.592  w_spend: 0.591
Epoch  60/300 — train_loss: -0.0949  val_loss: -0.1156  freq: 0.1205  spend: -0.0237  w_freq: 0.594  w_spend: 0.593
Epoch  61/300 — train_loss: -0.1007  val_loss: -0.1382  freq: 0.1204  spend: -0.0571  w_freq: 0.596  w_spend: 0.595
Epoch  62/300 — train_loss: -0.1031  val_loss: -0.1378  freq: 0.1206  spend: -0.0518  w_freq: 0.597  w_spend: 0.597
Epoch  63/300 — train_loss: -0.1025  val_loss: -0.1436  freq: 0.1205  spend: -0.0562  w_freq: 0.599  w_spend: 0.599
Epoch  64/300 — train_loss: -0.1111  val_loss: -0.1461  freq: 0.1205  spend: -0.0545  w_freq: 0.601  w_spend: 0.601
Epoch  65/300 — train_loss: -0.1247  val_loss: -0.1513  freq: 0.1205  spend: -0.0569  w_freq: 0.603  w_spend: 0.603
Epoch  66/300 — train_loss: -0.1109  val_loss: -0.1471  freq: 0.1207  spend: -0.0451  w_freq: 0.605  w_spend: 0.606
Epoch  67/300 — train_loss: -0.1166  val_loss: -0.1584  freq: 0.1203  spend: -0.0591  w_freq: 0.607  w_spend: 0.607
Epoch  68/300 — train_loss: -0.1157  val_loss: -0.1577  freq: 0.1206  spend: -0.0542  w_freq: 0.608  w_spend: 0.609
Epoch  69/300 — train_loss: -0.1279  val_loss: -0.1600  freq: 0.1204  spend: -0.0534  w_freq: 0.610  w_spend: 0.611
Epoch  70/300 — train_loss: -0.1356  val_loss: -0.1646  freq: 0.1204  spend: -0.0561  w_freq: 0.611  w_spend: 0.613
Epoch  71/300 — train_loss: -0.1234  val_loss: -0.1661  freq: 0.1203  spend: -0.0526  w_freq: 0.613  w_spend: 0.615
Epoch  72/300 — train_loss: -0.1350  val_loss: -0.1649  freq: 0.1204  spend: -0.0456  w_freq: 0.615  w_spend: 0.617
Epoch  73/300 — train_loss: -0.1452  val_loss: -0.1747  freq: 0.1204  spend: -0.0562  w_freq: 0.617  w_spend: 0.619
Epoch  74/300 — train_loss: -0.1631  val_loss: -0.1778  freq: 0.1203  spend: -0.0553  w_freq: 0.619  w_spend: 0.622
Epoch  75/300 — train_loss: -0.1536  val_loss: -0.1871  freq: 0.1204  spend: -0.0650  w_freq: 0.622  w_spend: 0.624
Epoch  76/300 — train_loss: -0.1511  val_loss: -0.1799  freq: 0.1213  spend: -0.0498  w_freq: 0.623  w_spend: 0.626
Epoch  77/300 — train_loss: -0.1565  val_loss: -0.1858  freq: 0.1203  spend: -0.0539  w_freq: 0.625  w_spend: 0.628
Epoch  78/300 — train_loss: -0.1553  val_loss: -0.1847  freq: 0.1204  spend: -0.0482  w_freq: 0.627  w_spend: 0.630
Epoch  79/300 — train_loss: -0.1578  val_loss: -0.1932  freq: 0.1204  spend: -0.0575  w_freq: 0.628  w_spend: 0.632
Epoch  80/300 — train_loss: -0.1665  val_loss: -0.1959  freq: 0.1208  spend: -0.0572  w_freq: 0.630  w_spend: 0.634
Epoch  81/300 — train_loss: -0.1759  val_loss: -0.1982  freq: 0.1205  spend: -0.0556  w_freq: 0.632  w_spend: 0.636
Epoch  82/300 — train_loss: -0.1799  val_loss: -0.1758  freq: 0.1204  spend: -0.0154  w_freq: 0.634  w_spend: 0.638
Epoch  83/300 — train_loss: -0.1839  val_loss: -0.1915  freq: 0.1206  spend: -0.0352  w_freq: 0.636  w_spend: 0.640
Epoch  84/300 — train_loss: -0.1821  val_loss: -0.1984  freq: 0.1204  spend: -0.0410  w_freq: 0.638  w_spend: 0.642
Epoch  85/300 — train_loss: -0.1917  val_loss: -0.1990  freq: 0.1204  spend: -0.0374  w_freq: 0.640  w_spend: 0.645
Epoch  86/300 — train_loss: -0.1859  val_loss: -0.2131  freq: 0.1204  spend: -0.0548  w_freq: 0.642  w_spend: 0.647
Epoch  87/300 — train_loss: -0.1960  val_loss: -0.2207  freq: 0.1203  spend: -0.0617  w_freq: 0.644  w_spend: 0.649
Epoch  88/300 — train_loss: -0.1932  val_loss: -0.2201  freq: 0.1208  spend: -0.0568  w_freq: 0.645  w_spend: 0.651
Epoch  89/300 — train_loss: -0.1836  val_loss: -0.2086  freq: 0.1205  spend: -0.0355  w_freq: 0.647  w_spend: 0.653
Epoch  90/300 — train_loss: -0.1963  val_loss: -0.2009  freq: 0.1206  spend: -0.0208  w_freq: 0.648  w_spend: 0.654
Epoch  91/300 — train_loss: -0.1983  val_loss: -0.2293  freq: 0.1202  spend: -0.0603  w_freq: 0.650  w_spend: 0.656
Epoch  92/300 — train_loss: -0.2125  val_loss: -0.2123  freq: 0.1204  spend: -0.0305  w_freq: 0.651  w_spend: 0.658
Epoch  93/300 — train_loss: -0.2100  val_loss: -0.2153  freq: 0.1202  spend: -0.0307  w_freq: 0.653  w_spend: 0.660
Epoch  94/300 — train_loss: -0.2115  val_loss: -0.2415  freq: 0.1201  spend: -0.0663  w_freq: 0.655  w_spend: 0.661
Epoch  95/300 — train_loss: -0.2134  val_loss: -0.2371  freq: 0.1203  spend: -0.0557  w_freq: 0.657  w_spend: 0.663
Epoch  96/300 — train_loss: -0.2265  val_loss: -0.2451  freq: 0.1203  spend: -0.0639  w_freq: 0.658  w_spend: 0.665
Epoch  97/300 — train_loss: -0.2255  val_loss: -0.2466  freq: 0.1204  spend: -0.0618  w_freq: 0.660  w_spend: 0.667
Epoch  98/300 — train_loss: -0.2274  val_loss: -0.2528  freq: 0.1203  spend: -0.0664  w_freq: 0.662  w_spend: 0.670
Epoch  99/300 — train_loss: -0.2375  val_loss: -0.2457  freq: 0.1202  spend: -0.0515  w_freq: 0.664  w_spend: 0.672
Epoch 100/300 — train_loss: -0.2410  val_loss: -0.2422  freq: 0.1203  spend: -0.0426  w_freq: 0.666  w_spend: 0.674
Epoch 101/300 — train_loss: -0.2434  val_loss: -0.2424  freq: 0.1203  spend: -0.0389  w_freq: 0.667  w_spend: 0.676
Epoch 102/300 — train_loss: -0.2479  val_loss: -0.2401  freq: 0.1202  spend: -0.0315  w_freq: 0.669  w_spend: 0.678
Epoch 103/300 — train_loss: -0.2420  val_loss: -0.2473  freq: 0.1201  spend: -0.0379  w_freq: 0.671  w_spend: 0.680
Epoch 104/300 — train_loss: -0.2505  val_loss: -0.2511  freq: 0.1203  spend: -0.0398  w_freq: 0.673  w_spend: 0.682
Epoch 105/300 — train_loss: -0.2652  val_loss: -0.2689  freq: 0.1201  spend: -0.0615  w_freq: 0.674  w_spend: 0.684
Epoch 106/300 — train_loss: -0.2503  val_loss: -0.2727  freq: 0.1202  spend: -0.0631  w_freq: 0.676  w_spend: 0.686
Epoch 107/300 — train_loss: -0.2588  val_loss: -0.2784  freq: 0.1200  spend: -0.0673  w_freq: 0.678  w_spend: 0.688
Epoch 108/300 — train_loss: -0.2609  val_loss: -0.2800  freq: 0.1199  spend: -0.0659  w_freq: 0.680  w_spend: 0.690
Epoch 109/300 — train_loss: -0.2664  val_loss: -0.2798  freq: 0.1198  spend: -0.0613  w_freq: 0.682  w_spend: 0.692
Epoch 110/300 — train_loss: -0.2478  val_loss: -0.2786  freq: 0.1200  spend: -0.0565  w_freq: 0.683  w_spend: 0.694
Epoch 111/300 — train_loss: -0.2931  val_loss: -0.2860  freq: 0.1199  spend: -0.0636  w_freq: 0.685  w_spend: 0.696
Epoch 112/300 — train_loss: -0.2751  val_loss: -0.2897  freq: 0.1198  spend: -0.0657  w_freq: 0.687  w_spend: 0.698
Epoch 113/300 — train_loss: -0.2667  val_loss: -0.2735  freq: 0.1202  spend: -0.0403  w_freq: 0.688  w_spend: 0.699
Epoch 114/300 — train_loss: -0.2779  val_loss: -0.2785  freq: 0.1201  spend: -0.0447  w_freq: 0.689  w_spend: 0.700
Epoch 115/300 — train_loss: -0.2919  val_loss: -0.2854  freq: 0.1201  spend: -0.0511  w_freq: 0.690  w_spend: 0.702
Epoch 116/300 — train_loss: -0.2895  val_loss: -0.2973  freq: 0.1198  spend: -0.0638  w_freq: 0.692  w_spend: 0.704
Epoch 117/300 — train_loss: -0.3022  val_loss: -0.2937  freq: 0.1200  spend: -0.0550  w_freq: 0.694  w_spend: 0.706
Epoch 118/300 — train_loss: -0.2989  val_loss: -0.3080  freq: 0.1199  spend: -0.0714  w_freq: 0.696  w_spend: 0.708
Epoch 119/300 — train_loss: -0.2900  val_loss: -0.3073  freq: 0.1198  spend: -0.0666  w_freq: 0.698  w_spend: 0.710
Epoch 120/300 — train_loss: -0.2987  val_loss: -0.3053  freq: 0.1198  spend: -0.0605  w_freq: 0.699  w_spend: 0.712
Epoch 121/300 — train_loss: -0.3029  val_loss: -0.3049  freq: 0.1201  spend: -0.0572  w_freq: 0.701  w_spend: 0.714
Epoch 122/300 — train_loss: -0.3177  val_loss: -0.3150  freq: 0.1200  spend: -0.0676  w_freq: 0.702  w_spend: 0.716
Epoch 123/300 — train_loss: -0.3216  val_loss: -0.3194  freq: 0.1199  spend: -0.0698  w_freq: 0.704  w_spend: 0.718
Epoch 124/300 — train_loss: -0.3216  val_loss: -0.3210  freq: 0.1200  spend: -0.0686  w_freq: 0.706  w_spend: 0.720
Epoch 125/300 — train_loss: -0.3171  val_loss: -0.3254  freq: 0.1197  spend: -0.0713  w_freq: 0.708  w_spend: 0.722
Epoch 126/300 — train_loss: -0.3330  val_loss: -0.3184  freq: 0.1198  spend: -0.0584  w_freq: 0.709  w_spend: 0.724
Epoch 127/300 — train_loss: -0.3332  val_loss: -0.3141  freq: 0.1198  spend: -0.0494  w_freq: 0.711  w_spend: 0.726
Epoch 128/300 — train_loss: -0.3288  val_loss: -0.3264  freq: 0.1197  spend: -0.0630  w_freq: 0.712  w_spend: 0.728
Epoch 129/300 — train_loss: -0.3407  val_loss: -0.3341  freq: 0.1197  spend: -0.0700  w_freq: 0.714  w_spend: 0.730
Epoch 130/300 — train_loss: -0.3302  val_loss: -0.3339  freq: 0.1197  spend: -0.0668  w_freq: 0.716  w_spend: 0.731
Epoch 131/300 — train_loss: -0.3484  val_loss: -0.3304  freq: 0.1196  spend: -0.0594  w_freq: 0.717  w_spend: 0.733
Epoch 132/300 — train_loss: -0.3439  val_loss: -0.3342  freq: 0.1197  spend: -0.0623  w_freq: 0.718  w_spend: 0.735
Epoch 133/300 — train_loss: -0.3433  val_loss: -0.3369  freq: 0.1195  spend: -0.0635  w_freq: 0.719  w_spend: 0.736
Epoch 134/300 — train_loss: -0.3503  val_loss: -0.3393  freq: 0.1196  spend: -0.0643  w_freq: 0.721  w_spend: 0.737
Epoch 135/300 — train_loss: -0.3623  val_loss: -0.3403  freq: 0.1196  spend: -0.0623  w_freq: 0.722  w_spend: 0.739
Epoch 136/300 — train_loss: -0.3547  val_loss: -0.3369  freq: 0.1197  spend: -0.0548  w_freq: 0.724  w_spend: 0.741
Epoch 137/300 — train_loss: -0.3615  val_loss: -0.3477  freq: 0.1194  spend: -0.0665  w_freq: 0.725  w_spend: 0.743
Epoch 138/300 — train_loss: -0.3572  val_loss: -0.3388  freq: 0.1195  spend: -0.0519  w_freq: 0.727  w_spend: 0.744
Epoch 139/300 — train_loss: -0.3740  val_loss: -0.3492  freq: 0.1196  spend: -0.0629  w_freq: 0.728  w_spend: 0.746
Epoch 140/300 — train_loss: -0.3694  val_loss: -0.3457  freq: 0.1197  spend: -0.0556  w_freq: 0.730  w_spend: 0.748
Epoch 141/300 — train_loss: -0.3834  val_loss: -0.3482  freq: 0.1195  spend: -0.0560  w_freq: 0.731  w_spend: 0.750
Epoch 142/300 — train_loss: -0.3906  val_loss: -0.3367  freq: 0.1196  spend: -0.0382  w_freq: 0.732  w_spend: 0.751
Epoch 143/300 — train_loss: -0.3828  val_loss: -0.3368  freq: 0.1195  spend: -0.0357  w_freq: 0.734  w_spend: 0.753
Epoch 144/300 — train_loss: -0.3808  val_loss: -0.3583  freq: 0.1196  spend: -0.0624  w_freq: 0.735  w_spend: 0.755
Epoch 145/300 — train_loss: -0.3848  val_loss: -0.3474  freq: 0.1195  spend: -0.0462  w_freq: 0.736  w_spend: 0.756
Epoch 146/300 — train_loss: -0.3795  val_loss: -0.3439  freq: 0.1197  spend: -0.0398  w_freq: 0.737  w_spend: 0.757
Epoch 147/300 — train_loss: -0.3938  val_loss: -0.3225  freq: 0.1197  spend: -0.0097  w_freq: 0.738  w_spend: 0.758
Epoch 148/300 — train_loss: -0.3809  val_loss: -0.3531  freq: 0.1194  spend: -0.0476  w_freq: 0.739  w_spend: 0.759
Epoch 149/300 — train_loss: -0.3882  val_loss: -0.3436  freq: 0.1196  spend: -0.0332  w_freq: 0.740  w_spend: 0.761
Epoch 150/300 — train_loss: -0.4129  val_loss: -0.3603  freq: 0.1194  spend: -0.0525  w_freq: 0.741  w_spend: 0.762
Epoch 151/300 — train_loss: -0.4115  val_loss: -0.3536  freq: 0.1196  spend: -0.0414  w_freq: 0.743  w_spend: 0.764
Epoch 152/300 — train_loss: -0.4108  val_loss: -0.3638  freq: 0.1195  spend: -0.0523  w_freq: 0.744  w_spend: 0.765
Epoch 153/300 — train_loss: -0.4139  val_loss: -0.3539  freq: 0.1197  spend: -0.0371  w_freq: 0.745  w_spend: 0.767
Epoch 154/300 — train_loss: -0.4149  val_loss: -0.3506  freq: 0.1196  spend: -0.0306  w_freq: 0.747  w_spend: 0.769
Epoch 155/300 — train_loss: -0.4172  val_loss: -0.3297  freq: 0.1196  spend: -0.0015  w_freq: 0.748  w_spend: 0.770
Epoch 156/300 — train_loss: -0.4160  val_loss: -0.3605  freq: 0.1196  spend: -0.0399  w_freq: 0.749  w_spend: 0.771
Epoch 157/300 — train_loss: -0.4068  val_loss: -0.3653  freq: 0.1196  spend: -0.0446  w_freq: 0.750  w_spend: 0.772
Epoch 158/300 — train_loss: -0.4201  val_loss: -0.3650  freq: 0.1196  spend: -0.0427  w_freq: 0.750  w_spend: 0.773
Epoch 159/300 — train_loss: -0.4287  val_loss: -0.3680  freq: 0.1196  spend: -0.0449  w_freq: 0.751  w_spend: 0.774
Epoch 160/300 — train_loss: -0.4195  val_loss: -0.3317  freq: 0.1196  spend: 0.0035  w_freq: 0.752  w_spend: 0.776
Epoch 161/300 — train_loss: -0.4356  val_loss: -0.3513  freq: 0.1195  spend: -0.0203  w_freq: 0.753  w_spend: 0.777
Epoch 162/300 — train_loss: -0.4146  val_loss: -0.3420  freq: 0.1196  spend: -0.0068  w_freq: 0.754  w_spend: 0.778
Epoch 163/300 — train_loss: -0.4348  val_loss: -0.3615  freq: 0.1196  spend: -0.0306  w_freq: 0.755  w_spend: 0.779
Epoch 164/300 — train_loss: -0.4485  val_loss: -0.3510  freq: 0.1196  spend: -0.0154  w_freq: 0.755  w_spend: 0.780
Epoch 165/300 — train_loss: -0.4228  val_loss: -0.3669  freq: 0.1195  spend: -0.0339  w_freq: 0.757  w_spend: 0.781
Epoch 166/300 — train_loss: -0.4439  val_loss: -0.3634  freq: 0.1196  spend: -0.0281  w_freq: 0.757  w_spend: 0.782
Epoch 167/300 — train_loss: -0.4519  val_loss: -0.3658  freq: 0.1194  spend: -0.0294  w_freq: 0.758  w_spend: 0.783
Epoch 168/300 — train_loss: -0.4436  val_loss: -0.3625  freq: 0.1196  spend: -0.0235  w_freq: 0.759  w_spend: 0.784
Epoch 169/300 — train_loss: -0.4547  val_loss: -0.3682  freq: 0.1194  spend: -0.0289  w_freq: 0.760  w_spend: 0.786
Epoch 170/300 — train_loss: -0.4579  val_loss: -0.3630  freq: 0.1195  spend: -0.0205  w_freq: 0.761  w_spend: 0.787
Epoch 171/300 — train_loss: -0.4596  val_loss: -0.3605  freq: 0.1195  spend: -0.0155  w_freq: 0.762  w_spend: 0.788
Epoch 172/300 — train_loss: -0.4632  val_loss: -0.3535  freq: 0.1194  spend: -0.0048  w_freq: 0.763  w_spend: 0.790
Epoch 173/300 — train_loss: -0.4723  val_loss: -0.3682  freq: 0.1195  spend: -0.0216  w_freq: 0.764  w_spend: 0.791
Epoch 174/300 — train_loss: -0.4641  val_loss: -0.3603  freq: 0.1194  spend: -0.0099  w_freq: 0.766  w_spend: 0.792
Epoch 175/300 — train_loss: -0.4741  val_loss: -0.3616  freq: 0.1195  spend: -0.0100  w_freq: 0.767  w_spend: 0.794
Epoch 176/300 — train_loss: -0.4660  val_loss: -0.3553  freq: 0.1194  spend: -0.0005  w_freq: 0.767  w_spend: 0.795
Epoch 177/300 — train_loss: -0.4765  val_loss: -0.3592  freq: 0.1195  spend: -0.0040  w_freq: 0.768  w_spend: 0.796
Epoch 178/300 — train_loss: -0.4733  val_loss: -0.3552  freq: 0.1194  spend: 0.0025  w_freq: 0.769  w_spend: 0.797
Epoch 179/300 — train_loss: -0.4848  val_loss: -0.3467  freq: 0.1195  spend: 0.0143  w_freq: 0.770  w_spend: 0.798
Epoch 180/300 — train_loss: -0.4862  val_loss: -0.3580  freq: 0.1194  spend: 0.0016  w_freq: 0.771  w_spend: 0.799
Epoch 181/300 — train_loss: -0.4822  val_loss: -0.3541  freq: 0.1196  spend: 0.0075  w_freq: 0.771  w_spend: 0.800
Epoch 182/300 — train_loss: -0.4827  val_loss: -0.3432  freq: 0.1195  spend: 0.0226  w_freq: 0.772  w_spend: 0.801
Epoch 183/300 — train_loss: -0.4828  val_loss: -0.3591  freq: 0.1194  spend: 0.0040  w_freq: 0.773  w_spend: 0.802
Epoch 184/300 — train_loss: -0.4795  val_loss: -0.3627  freq: 0.1195  spend: 0.0006  w_freq: 0.774  w_spend: 0.803
Epoch 185/300 — train_loss: -0.4909  val_loss: -0.3667  freq: 0.1195  spend: -0.0033  w_freq: 0.774  w_spend: 0.804
Epoch 186/300 — train_loss: -0.5002  val_loss: -0.3558  freq: 0.1195  spend: 0.0116  w_freq: 0.775  w_spend: 0.805
Epoch 187/300 — train_loss: -0.4947  val_loss: -0.3598  freq: 0.1195  spend: 0.0080  w_freq: 0.776  w_spend: 0.806
Epoch 188/300 — train_loss: -0.5090  val_loss: -0.3605  freq: 0.1195  spend: 0.0082  w_freq: 0.777  w_spend: 0.807
Epoch 189/300 — train_loss: -0.5084  val_loss: -0.3572  freq: 0.1195  spend: 0.0134  w_freq: 0.777  w_spend: 0.808
Epoch 190/300 — train_loss: -0.5110  val_loss: -0.3637  freq: 0.1195  spend: 0.0065  w_freq: 0.778  w_spend: 0.809
Epoch 191/300 — train_loss: -0.5064  val_loss: -0.3447  freq: 0.1195  spend: 0.0312  w_freq: 0.779  w_spend: 0.809
Epoch 192/300 — train_loss: -0.5168  val_loss: -0.3556  freq: 0.1195  spend: 0.0187  w_freq: 0.780  w_spend: 0.810
Epoch 193/300 — train_loss: -0.4905  val_loss: -0.3680  freq: 0.1195  spend: 0.0042  w_freq: 0.780  w_spend: 0.811
Early stopping triggered at epoch 193.

Checkpoint saved: /kaggle/working/results/checkpoints/lstm_joint_cdnow_v3_seed123_sample_repair.pt
Validation-fitted softmax temperature: 0.7500

Duan's smearing factor (val): 1.3338
Validation aggregate calibration: freq_factor=2.4456, spend_factor=2.0489

Running autoregressive inference on holdout period ...
  inference mode: sample  n_scenarios: 200  temperature: 0.7500

=== Prediction Diagnostics ===
  Mean predicted freq/week:    0.0037
  Mean actual freq/week:       0.0196
  Over-prediction ratio:       0.188x
  Customers predicted as zero total:  0.964
  Customers actually zero total:      0.781
  Non-zero rate (pred, avg > 0.05):  0.006
  Non-zero rate (true):               0.018

Metrics saved: /kaggle/working/results/tables/lstm_joint_cdnow_v3_seed123_sample_repair_metrics.json
Array artifacts saved: /kaggle/working/results/tables/lstm_joint_cdnow_v3_seed123_sample_repair_arrays.npz

=== Holdout Evaluation ===
  metric_definition_version: valendin_aggregate_mape_v1
  freq_rmse: 1.3377
  freq_mae: 0.5189
  freq_normalized_gini: 0.6313
  freq_calibration_factor: 2.4456
  freq_horizon_abs_bias_pct: 54.0221
  bias_pct: -54.0221
  freq_weekly_mae: 24.8502
  freq_weekly_total_true: 1196.0000
  freq_weekly_total_pred: 549.8958
  freq_valendin_mape: 54.0221
  freq_horizon_bias_pct: -54.0221
  freq_weekly_mean_pct_mape: 51.9920
  freq_weekly_mean_pct_bias_pct: -51.9920
  freq_weekly_bias_pct: -54.0221
  freq_weekly_mape: 54.0221
  freq_mape: 54.0221
  freq_mase: 0.3290
  freq_mase_scale: 0.0834
  smearing_factor: 1.3338
  spend_calibration_factor: 2.0489
  spend_mae_raw: 18.8209
  spend_rmse_raw: 53.2048
  spend_normalized_gini: 0.6526
  spend_mae_log: 1.4853
  spend_rmse_log: 1.6838
  spend_r2_log: 0.0219
  spend_bias_pct: -57.6661
  spend_weekly_mae: 956.0023
  spend_weekly_total_true: 43103.4400
  spend_weekly_total_pred: 18247.3802
  spend_valendin_mape: 57.6661
  spend_horizon_abs_bias_pct: 57.6661
  spend_horizon_bias_pct: -57.6661
  spend_weekly_mean_pct_mape: 54.3318
  spend_weekly_mean_pct_bias_pct: -54.3318
  spend_weekly_bias_pct: -57.6661
  spend_weekly_mape: 57.6661
  spend_mase: 0.5471
  spend_mase_scale: 1.7675
  clv_mae: 18.4234
  clv_rmse: 52.1069
  clv_spearman: 0.3622
  clv_decile_lift: 4.7228
  clv_normalized_gini: 0.6537
  clv_total_true: 42218.7344
  clv_total_pred: 17892.9375
  calibration_temperature_source: rolling_origin_autoregressive
  validation_temperature: 0.7500
  smearing_source: rolling_origin_autoregressive
  calibration_source: rolling_origin_autoregressive
  validation_freq_true_total: 120.0000
  validation_freq_pred_total: 30.8382
  validation_spend_true_total: 4587.6401
  validation_spend_pred_total: 1480.9319
  validation_freq_calibration_factor: 2.4456
  validation_spend_calibration_factor: 2.0489
  validation_rolling_origin_count: 2
  protocol_name: cdnow_sample_52x26
  cohort_size: 2349
  calibration_weeks: 52
  holdout_weeks: 26
  inference_mode: sample
  n_scenarios: 200
  repair_attempted: True
  repair_strategy: amp_disabled
  repair_source_failure_type: FloatingPointError
  training_lr_after_repair: 0.0005
  training_max_grad_norm_after_repair: 0.5000
  training_amp_enabled_after_repair: False
  run_valid: True
  run_invalid_reason: 
  run_warning: 
  epochs_completed: 193
  max_epochs_configured: 300
History saved: /kaggle/working/results/tables/lstm_joint_cdnow_v3_seed123_sample_repair_history.json
