[Kaggle] raw_dir  → /kaggle/working/input/tafeng-dataset
[Kaggle] results  → /kaggle/working/results
Config: experiments/configs/lstm_joint_tafeng_v3.yaml
Run: lstm_joint_tafeng_v3_seed123_sample
Device: cuda
Loading dataset: tafeng ...
[pipeline] freq_cap=4 (auto q=0.99) → freq_bins=[0, 1, 2, 3]... (n_classes=5)
  Train customers: 25029, Val: 2780, Inference: 27809
[tafeng] Customers with 0 calibration transactions: 0 / 27809
  top-bin decode: class_values[-1] = 4.473 (max_trans = 4)
Model: lstm — 98,262 parameters

Training for up to 300 epochs ...
/kaggle/working/thesis-code/src/training/trainer.py:116: FutureWarning: `torch.cuda.amp.GradScaler(args...)` is deprecated. Please use `torch.amp.GradScaler('cuda', args...)` instead.
  self.scaler = torch.cuda.amp.GradScaler(enabled=self.amp_enabled)
[Kendall] log_vars frozen for 5 warm-up epochs.
Epoch   1/300 — train_loss: 0.9961  val_loss: 0.9753  freq: 1.6650  spend: 0.2856  w_freq: 0.500  w_spend: 0.500
Epoch   2/300 — train_loss: 0.9476  val_loss: 0.8874  freq: 1.4947  spend: 0.2800  w_freq: 0.500  w_spend: 0.500
Epoch   3/300 — train_loss: 0.7452  val_loss: 0.5296  freq: 0.8236  spend: 0.2356  w_freq: 0.500  w_spend: 0.500
Epoch   4/300 — train_loss: 0.4830  val_loss: 0.4435  freq: 0.6639  spend: 0.2230  w_freq: 0.500  w_spend: 0.500
Epoch   5/300 — train_loss: 0.4458  val_loss: 0.4260  freq: 0.6359  spend: 0.2162  w_freq: 0.500  w_spend: 0.500
[Kendall] log_vars unfrozen at epoch 6.
Epoch   6/300 — train_loss: 0.4275  val_loss: 0.4043  freq: 0.6174  spend: 0.2016  w_freq: 0.502  w_spend: 0.502
Epoch   7/300 — train_loss: 0.3918  val_loss: 0.3554  freq: 0.5959  spend: 0.1393  w_freq: 0.507  w_spend: 0.507
Epoch   8/300 — train_loss: 0.3539  val_loss: 0.3357  freq: 0.5817  spend: 0.1267  w_freq: 0.512  w_spend: 0.512
Epoch   9/300 — train_loss: 0.3332  val_loss: 0.3168  freq: 0.5739  spend: 0.1122  w_freq: 0.517  w_spend: 0.518
Epoch  10/300 — train_loss: 0.3180  val_loss: 0.3019  freq: 0.5674  spend: 0.1066  w_freq: 0.524  w_spend: 0.524
Epoch  11/300 — train_loss: 0.3028  val_loss: 0.2875  freq: 0.5624  spend: 0.1043  w_freq: 0.531  w_spend: 0.532
Epoch  12/300 — train_loss: 0.2887  val_loss: 0.2749  freq: 0.5598  spend: 0.1023  w_freq: 0.540  w_spend: 0.541
Epoch  13/300 — train_loss: 0.2738  val_loss: 0.2596  freq: 0.5548  spend: 0.1003  w_freq: 0.549  w_spend: 0.550
Epoch  14/300 — train_loss: 0.2630  val_loss: 0.2536  freq: 0.5527  spend: 0.1103  w_freq: 0.558  w_spend: 0.560
Epoch  15/300 — train_loss: 0.2491  val_loss: 0.2374  freq: 0.5506  spend: 0.1042  w_freq: 0.567  w_spend: 0.569
Epoch  16/300 — train_loss: 0.2333  val_loss: 0.2229  freq: 0.5489  spend: 0.1025  w_freq: 0.578  w_spend: 0.581
Epoch  17/300 — train_loss: 0.2175  val_loss: 0.2059  freq: 0.5503  spend: 0.0945  w_freq: 0.589  w_spend: 0.594
Epoch  18/300 — train_loss: 0.2026  val_loss: 0.1904  freq: 0.5476  spend: 0.0923  w_freq: 0.600  w_spend: 0.606
Epoch  19/300 — train_loss: 0.1912  val_loss: 0.1780  freq: 0.5461  spend: 0.0919  w_freq: 0.612  w_spend: 0.619
Epoch  20/300 — train_loss: 0.1750  val_loss: 0.1645  freq: 0.5458  spend: 0.0924  w_freq: 0.622  w_spend: 0.632
Epoch  21/300 — train_loss: 0.1628  val_loss: 0.1520  freq: 0.5448  spend: 0.0923  w_freq: 0.634  w_spend: 0.646
Epoch  22/300 — train_loss: 0.1491  val_loss: 0.1389  freq: 0.5449  spend: 0.0908  w_freq: 0.645  w_spend: 0.660
Epoch  23/300 — train_loss: 0.1350  val_loss: 0.1248  freq: 0.5449  spend: 0.0890  w_freq: 0.657  w_spend: 0.675
Epoch  24/300 — train_loss: 0.1212  val_loss: 0.1158  freq: 0.5447  spend: 0.0947  w_freq: 0.669  w_spend: 0.691
Epoch  25/300 — train_loss: 0.1108  val_loss: 0.1039  freq: 0.5442  spend: 0.0941  w_freq: 0.680  w_spend: 0.707
Epoch  26/300 — train_loss: 0.0970  val_loss: 0.0878  freq: 0.5438  spend: 0.0889  w_freq: 0.692  w_spend: 0.723
Epoch  27/300 — train_loss: 0.0832  val_loss: 0.0777  freq: 0.5456  spend: 0.0903  w_freq: 0.703  w_spend: 0.740
Epoch  28/300 — train_loss: 0.0712  val_loss: 0.0672  freq: 0.5457  spend: 0.0912  w_freq: 0.715  w_spend: 0.757
Epoch  29/300 — train_loss: 0.0609  val_loss: 0.0546  freq: 0.5449  spend: 0.0900  w_freq: 0.726  w_spend: 0.774
Epoch  30/300 — train_loss: 0.0471  val_loss: 0.0414  freq: 0.5452  spend: 0.0881  w_freq: 0.736  w_spend: 0.792
Epoch  31/300 — train_loss: 0.0352  val_loss: 0.0309  freq: 0.5467  spend: 0.0869  w_freq: 0.747  w_spend: 0.811
Epoch  32/300 — train_loss: 0.0270  val_loss: 0.0219  freq: 0.5433  spend: 0.0914  w_freq: 0.757  w_spend: 0.829
Epoch  33/300 — train_loss: 0.0151  val_loss: 0.0088  freq: 0.5437  spend: 0.0865  w_freq: 0.766  w_spend: 0.846
Epoch  34/300 — train_loss: 0.0025  val_loss: 0.0002  freq: 0.5445  spend: 0.0890  w_freq: 0.776  w_spend: 0.864
Epoch  35/300 — train_loss: -0.0086  val_loss: -0.0142  freq: 0.5430  spend: 0.0864  w_freq: 0.786  w_spend: 0.886
Epoch  36/300 — train_loss: -0.0221  val_loss: -0.0248  freq: 0.5431  spend: 0.0866  w_freq: 0.795  w_spend: 0.907
Epoch  37/300 — train_loss: -0.0315  val_loss: -0.0352  freq: 0.5428  spend: 0.0862  w_freq: 0.805  w_spend: 0.928
Epoch  38/300 — train_loss: -0.0425  val_loss: -0.0445  freq: 0.5430  spend: 0.0864  w_freq: 0.813  w_spend: 0.948
Epoch  39/300 — train_loss: -0.0535  val_loss: -0.0559  freq: 0.5420  spend: 0.0853  w_freq: 0.820  w_spend: 0.969
Epoch  40/300 — train_loss: -0.0612  val_loss: -0.0608  freq: 0.5430  spend: 0.0890  w_freq: 0.828  w_spend: 0.990
Epoch  41/300 — train_loss: -0.0725  val_loss: -0.0727  freq: 0.5446  spend: 0.0854  w_freq: 0.835  w_spend: 1.012

Training failed with a repairable error: FloatingPointError: Non-finite gradients in spend_head.weight
Metrics saved: /kaggle/working/results/tables/lstm_joint_tafeng_v3_seed123_sample_metrics.json
Retrying once as robustness repair (amp_disabled) ...
Config: experiments/configs/lstm_joint_tafeng_v3.yaml
Run: lstm_joint_tafeng_v3_seed123_sample_repair
Device: cuda
Loading dataset: tafeng ...
[pipeline] freq_cap=4 (auto q=0.99) → freq_bins=[0, 1, 2, 3]... (n_classes=5)
  Train customers: 25029, Val: 2780, Inference: 27809
[tafeng] Customers with 0 calibration transactions: 0 / 27809
  top-bin decode: class_values[-1] = 4.473 (max_trans = 4)
Model: lstm — 98,262 parameters

Training for up to 300 epochs ...
/kaggle/working/thesis-code/src/training/trainer.py:116: FutureWarning: `torch.cuda.amp.GradScaler(args...)` is deprecated. Please use `torch.amp.GradScaler('cuda', args...)` instead.
  self.scaler = torch.cuda.amp.GradScaler(enabled=self.amp_enabled)
[Kendall] log_vars frozen for 5 warm-up epochs.
Epoch   1/300 — train_loss: 0.9961  val_loss: 0.9753  freq: 1.6650  spend: 0.2856  w_freq: 0.500  w_spend: 0.500
Epoch   2/300 — train_loss: 0.9476  val_loss: 0.8874  freq: 1.4947  spend: 0.2800  w_freq: 0.500  w_spend: 0.500
Epoch   3/300 — train_loss: 0.7448  val_loss: 0.5295  freq: 0.8233  spend: 0.2357  w_freq: 0.500  w_spend: 0.500
Epoch   4/300 — train_loss: 0.4835  val_loss: 0.4439  freq: 0.6648  spend: 0.2230  w_freq: 0.500  w_spend: 0.500
Epoch   5/300 — train_loss: 0.4459  val_loss: 0.4260  freq: 0.6359  spend: 0.2162  w_freq: 0.500  w_spend: 0.500
[Kendall] log_vars unfrozen at epoch 6.
Epoch   6/300 — train_loss: 0.4273  val_loss: 0.4043  freq: 0.6172  spend: 0.2018  w_freq: 0.502  w_spend: 0.502
Epoch   7/300 — train_loss: 0.3912  val_loss: 0.3537  freq: 0.5939  spend: 0.1379  w_freq: 0.507  w_spend: 0.507
Epoch   8/300 — train_loss: 0.3534  val_loss: 0.3323  freq: 0.5810  spend: 0.1202  w_freq: 0.512  w_spend: 0.512
Epoch   9/300 — train_loss: 0.3350  val_loss: 0.3176  freq: 0.5738  spend: 0.1124  w_freq: 0.517  w_spend: 0.517
Epoch  10/300 — train_loss: 0.3187  val_loss: 0.3025  freq: 0.5676  spend: 0.1067  w_freq: 0.523  w_spend: 0.523
Epoch  11/300 — train_loss: 0.3040  val_loss: 0.2903  freq: 0.5622  spend: 0.1084  w_freq: 0.531  w_spend: 0.532
Epoch  12/300 — train_loss: 0.2879  val_loss: 0.2745  freq: 0.5594  spend: 0.1035  w_freq: 0.540  w_spend: 0.541
Epoch  13/300 — train_loss: 0.2739  val_loss: 0.2630  freq: 0.5557  spend: 0.1067  w_freq: 0.549  w_spend: 0.551
Epoch  14/300 — train_loss: 0.2586  val_loss: 0.2447  freq: 0.5537  spend: 0.0980  w_freq: 0.559  w_spend: 0.561
Epoch  15/300 — train_loss: 0.2418  val_loss: 0.2308  freq: 0.5497  spend: 0.1006  w_freq: 0.570  w_spend: 0.573
Epoch  16/300 — train_loss: 0.2273  val_loss: 0.2182  freq: 0.5482  spend: 0.1020  w_freq: 0.581  w_spend: 0.585
Epoch  17/300 — train_loss: 0.2141  val_loss: 0.2030  freq: 0.5500  spend: 0.0945  w_freq: 0.592  w_spend: 0.597
Epoch  18/300 — train_loss: 0.1996  val_loss: 0.1927  freq: 0.5474  spend: 0.1008  w_freq: 0.603  w_spend: 0.609
Epoch  19/300 — train_loss: 0.1857  val_loss: 0.1739  freq: 0.5460  spend: 0.0922  w_freq: 0.614  w_spend: 0.622
Epoch  20/300 — train_loss: 0.1702  val_loss: 0.1599  freq: 0.5449  spend: 0.0922  w_freq: 0.626  w_spend: 0.637
Epoch  21/300 — train_loss: 0.1589  val_loss: 0.1479  freq: 0.5467  spend: 0.0901  w_freq: 0.638  w_spend: 0.651
Epoch  22/300 — train_loss: 0.1451  val_loss: 0.1353  freq: 0.5457  spend: 0.0899  w_freq: 0.649  w_spend: 0.664
Epoch  23/300 — train_loss: 0.1328  val_loss: 0.1211  freq: 0.5438  spend: 0.0883  w_freq: 0.660  w_spend: 0.679
Epoch  24/300 — train_loss: 0.1182  val_loss: 0.1110  freq: 0.5463  spend: 0.0900  w_freq: 0.672  w_spend: 0.694
Epoch  25/300 — train_loss: 0.1055  val_loss: 0.0992  freq: 0.5439  spend: 0.0925  w_freq: 0.683  w_spend: 0.711
Epoch  26/300 — train_loss: 0.0928  val_loss: 0.0834  freq: 0.5436  spend: 0.0877  w_freq: 0.695  w_spend: 0.727
Epoch  27/300 — train_loss: 0.0802  val_loss: 0.0751  freq: 0.5447  spend: 0.0909  w_freq: 0.706  w_spend: 0.744
Epoch  28/300 — train_loss: 0.0693  val_loss: 0.0644  freq: 0.5451  spend: 0.0908  w_freq: 0.717  w_spend: 0.761
Epoch  29/300 — train_loss: 0.0580  val_loss: 0.0520  freq: 0.5443  spend: 0.0890  w_freq: 0.727  w_spend: 0.777
Epoch  30/300 — train_loss: 0.0447  val_loss: 0.0404  freq: 0.5461  spend: 0.0875  w_freq: 0.738  w_spend: 0.794
Epoch  31/300 — train_loss: 0.0351  val_loss: 0.0290  freq: 0.5455  spend: 0.0866  w_freq: 0.748  w_spend: 0.813
Epoch  32/300 — train_loss: 0.0254  val_loss: 0.0173  freq: 0.5435  spend: 0.0872  w_freq: 0.758  w_spend: 0.830
Epoch  33/300 — train_loss: 0.0126  val_loss: 0.0070  freq: 0.5432  spend: 0.0875  w_freq: 0.768  w_spend: 0.849
Epoch  34/300 — train_loss: 0.0016  val_loss: -0.0017  freq: 0.5453  spend: 0.0877  w_freq: 0.777  w_spend: 0.868
Epoch  35/300 — train_loss: -0.0100  val_loss: -0.0142  freq: 0.5427  spend: 0.0879  w_freq: 0.787  w_spend: 0.888
Epoch  36/300 — train_loss: -0.0219  val_loss: -0.0255  freq: 0.5428  spend: 0.0867  w_freq: 0.796  w_spend: 0.908
Epoch  37/300 — train_loss: -0.0334  val_loss: -0.0363  freq: 0.5426  spend: 0.0863  w_freq: 0.805  w_spend: 0.930
Epoch  38/300 — train_loss: -0.0425  val_loss: -0.0435  freq: 0.5433  spend: 0.0879  w_freq: 0.813  w_spend: 0.950
Epoch  39/300 — train_loss: -0.0524  val_loss: -0.0559  freq: 0.5423  spend: 0.0848  w_freq: 0.821  w_spend: 0.969
Epoch  40/300 — train_loss: -0.0614  val_loss: -0.0607  freq: 0.5436  spend: 0.0885  w_freq: 0.828  w_spend: 0.990
Epoch  41/300 — train_loss: -0.0731  val_loss: -0.0747  freq: 0.5439  spend: 0.0841  w_freq: 0.835  w_spend: 1.012
Epoch  42/300 — train_loss: -0.0824  val_loss: -0.0829  freq: 0.5428  spend: 0.0848  w_freq: 0.842  w_spend: 1.033
Epoch  43/300 — train_loss: -0.0931  val_loss: -0.0904  freq: 0.5429  spend: 0.0864  w_freq: 0.848  w_spend: 1.054
Epoch  44/300 — train_loss: -0.1019  val_loss: -0.1017  freq: 0.5430  spend: 0.0843  w_freq: 0.854  w_spend: 1.077
Epoch  45/300 — train_loss: -0.1122  val_loss: -0.1134  freq: 0.5437  spend: 0.0819  w_freq: 0.861  w_spend: 1.102
Epoch  46/300 — train_loss: -0.1221  val_loss: -0.1199  freq: 0.5435  spend: 0.0845  w_freq: 0.866  w_spend: 1.127
Epoch  47/300 — train_loss: -0.1334  val_loss: -0.1277  freq: 0.5439  spend: 0.0855  w_freq: 0.872  w_spend: 1.153
Epoch  48/300 — train_loss: -0.1415  val_loss: -0.1372  freq: 0.5426  spend: 0.0852  w_freq: 0.876  w_spend: 1.178
Epoch  49/300 — train_loss: -0.1504  val_loss: -0.1448  freq: 0.5424  spend: 0.0857  w_freq: 0.881  w_spend: 1.201
Epoch  50/300 — train_loss: -0.1584  val_loss: -0.1524  freq: 0.5420  spend: 0.0858  w_freq: 0.884  w_spend: 1.225
Epoch  51/300 — train_loss: -0.1665  val_loss: -0.1534  freq: 0.5435  spend: 0.0902  w_freq: 0.888  w_spend: 1.248
Epoch  52/300 — train_loss: -0.1772  val_loss: -0.1705  freq: 0.5422  spend: 0.0839  w_freq: 0.891  w_spend: 1.273
Epoch  53/300 — train_loss: -0.1860  val_loss: -0.1783  freq: 0.5419  spend: 0.0842  w_freq: 0.895  w_spend: 1.300
Epoch  54/300 — train_loss: -0.1937  val_loss: -0.1817  freq: 0.5421  spend: 0.0869  w_freq: 0.897  w_spend: 1.325
Epoch  55/300 — train_loss: -0.2023  val_loss: -0.1954  freq: 0.5425  spend: 0.0820  w_freq: 0.900  w_spend: 1.350
Epoch  56/300 — train_loss: -0.2108  val_loss: -0.2007  freq: 0.5421  spend: 0.0841  w_freq: 0.902  w_spend: 1.377
Epoch  57/300 — train_loss: -0.2191  val_loss: -0.2016  freq: 0.5422  spend: 0.0885  w_freq: 0.905  w_spend: 1.405
Epoch  58/300 — train_loss: -0.2308  val_loss: -0.2175  freq: 0.5426  spend: 0.0826  w_freq: 0.906  w_spend: 1.432
Epoch  59/300 — train_loss: -0.2353  val_loss: -0.2237  freq: 0.5425  spend: 0.0833  w_freq: 0.908  w_spend: 1.461
Epoch  60/300 — train_loss: -0.2432  val_loss: -0.2316  freq: 0.5431  spend: 0.0818  w_freq: 0.909  w_spend: 1.486
Epoch  61/300 — train_loss: -0.2536  val_loss: -0.2346  freq: 0.5420  spend: 0.0853  w_freq: 0.911  w_spend: 1.514
Epoch  62/300 — train_loss: -0.2606  val_loss: -0.2434  freq: 0.5428  spend: 0.0836  w_freq: 0.913  w_spend: 1.543
Epoch  63/300 — train_loss: -0.2678  val_loss: -0.2492  freq: 0.5425  spend: 0.0847  w_freq: 0.914  w_spend: 1.573
Epoch  64/300 — train_loss: -0.2747  val_loss: -0.2557  freq: 0.5421  spend: 0.0851  w_freq: 0.915  w_spend: 1.604
Epoch  65/300 — train_loss: -0.2843  val_loss: -0.2663  freq: 0.5426  spend: 0.0825  w_freq: 0.916  w_spend: 1.633
Epoch  66/300 — train_loss: -0.2952  val_loss: -0.2745  freq: 0.5422  spend: 0.0823  w_freq: 0.917  w_spend: 1.666
Epoch  67/300 — train_loss: -0.3038  val_loss: -0.2782  freq: 0.5428  spend: 0.0839  w_freq: 0.918  w_spend: 1.700
Epoch  68/300 — train_loss: -0.3101  val_loss: -0.2876  freq: 0.5421  spend: 0.0825  w_freq: 0.919  w_spend: 1.732
Epoch  69/300 — train_loss: -0.3148  val_loss: -0.2921  freq: 0.5418  spend: 0.0837  w_freq: 0.920  w_spend: 1.763
Epoch  70/300 — train_loss: -0.3251  val_loss: -0.2924  freq: 0.5422  spend: 0.0867  w_freq: 0.920  w_spend: 1.794
Epoch  71/300 — train_loss: -0.3339  val_loss: -0.2949  freq: 0.5427  spend: 0.0880  w_freq: 0.920  w_spend: 1.824
Epoch  72/300 — train_loss: -0.3395  val_loss: -0.3012  freq: 0.5426  spend: 0.0879  w_freq: 0.921  w_spend: 1.856
Epoch  73/300 — train_loss: -0.3442  val_loss: -0.3051  freq: 0.5426  spend: 0.0883  w_freq: 0.921  w_spend: 1.885
Epoch  74/300 — train_loss: -0.3537  val_loss: -0.3125  freq: 0.5431  spend: 0.0870  w_freq: 0.921  w_spend: 1.913
Epoch  75/300 — train_loss: -0.3586  val_loss: -0.3239  freq: 0.5422  spend: 0.0842  w_freq: 0.922  w_spend: 1.943
Epoch  76/300 — train_loss: -0.3681  val_loss: -0.3307  freq: 0.5423  spend: 0.0837  w_freq: 0.921  w_spend: 1.977
Epoch  77/300 — train_loss: -0.3751  val_loss: -0.3265  freq: 0.5423  spend: 0.0883  w_freq: 0.922  w_spend: 2.009
Epoch  78/300 — train_loss: -0.3831  val_loss: -0.3325  freq: 0.5431  spend: 0.0876  w_freq: 0.922  w_spend: 2.042
Epoch  79/300 — train_loss: -0.3889  val_loss: -0.3395  freq: 0.5422  spend: 0.0870  w_freq: 0.921  w_spend: 2.075
Epoch  80/300 — train_loss: -0.3968  val_loss: -0.3466  freq: 0.5421  spend: 0.0862  w_freq: 0.922  w_spend: 2.109
Epoch  81/300 — train_loss: -0.4023  val_loss: -0.3500  freq: 0.5423  spend: 0.0869  w_freq: 0.923  w_spend: 2.143
Epoch  82/300 — train_loss: -0.4112  val_loss: -0.3577  freq: 0.5423  spend: 0.0854  w_freq: 0.923  w_spend: 2.176
Epoch  83/300 — train_loss: -0.4159  val_loss: -0.3569  freq: 0.5423  spend: 0.0880  w_freq: 0.923  w_spend: 2.209
Epoch  84/300 — train_loss: -0.4236  val_loss: -0.3509  freq: 0.5424  spend: 0.0927  w_freq: 0.924  w_spend: 2.245
Epoch  85/300 — train_loss: -0.4320  val_loss: -0.3553  freq: 0.5431  spend: 0.0923  w_freq: 0.923  w_spend: 2.277
Epoch  86/300 — train_loss: -0.4393  val_loss: -0.3690  freq: 0.5423  spend: 0.0887  w_freq: 0.924  w_spend: 2.312
Epoch  87/300 — train_loss: -0.4447  val_loss: -0.3606  freq: 0.5429  spend: 0.0939  w_freq: 0.924  w_spend: 2.350
Epoch  88/300 — train_loss: -0.4520  val_loss: -0.3776  freq: 0.5424  spend: 0.0886  w_freq: 0.924  w_spend: 2.384
Epoch  89/300 — train_loss: -0.4574  val_loss: -0.3711  freq: 0.5431  spend: 0.0929  w_freq: 0.924  w_spend: 2.420
Epoch  90/300 — train_loss: -0.4661  val_loss: -0.3826  freq: 0.5426  spend: 0.0900  w_freq: 0.925  w_spend: 2.457
Epoch  91/300 — train_loss: -0.4720  val_loss: -0.3872  freq: 0.5423  spend: 0.0900  w_freq: 0.924  w_spend: 2.494
Epoch  92/300 — train_loss: -0.4789  val_loss: -0.3864  freq: 0.5427  spend: 0.0917  w_freq: 0.924  w_spend: 2.531
Epoch  93/300 — train_loss: -0.4852  val_loss: -0.3879  freq: 0.5428  spend: 0.0925  w_freq: 0.924  w_spend: 2.567
Epoch  94/300 — train_loss: -0.4955  val_loss: -0.4039  freq: 0.5425  spend: 0.0879  w_freq: 0.924  w_spend: 2.603
Epoch  95/300 — train_loss: -0.5027  val_loss: -0.3991  freq: 0.5425  spend: 0.0912  w_freq: 0.924  w_spend: 2.641
Epoch  96/300 — train_loss: -0.5109  val_loss: -0.3917  freq: 0.5424  spend: 0.0954  w_freq: 0.924  w_spend: 2.682
Epoch  97/300 — train_loss: -0.5197  val_loss: -0.3962  freq: 0.5424  spend: 0.0950  w_freq: 0.924  w_spend: 2.721
Epoch  98/300 — train_loss: -0.5259  val_loss: -0.4027  freq: 0.5429  spend: 0.0937  w_freq: 0.925  w_spend: 2.760
Epoch  99/300 — train_loss: -0.5270  val_loss: -0.3949  freq: 0.5430  spend: 0.0974  w_freq: 0.924  w_spend: 2.796
Epoch 100/300 — train_loss: -0.5366  val_loss: -0.3854  freq: 0.5429  spend: 0.1017  w_freq: 0.924  w_spend: 2.829
Epoch 101/300 — train_loss: -0.5412  val_loss: -0.3940  freq: 0.5437  spend: 0.0994  w_freq: 0.925  w_spend: 2.864
Epoch 102/300 — train_loss: -0.5529  val_loss: -0.4029  freq: 0.5450  spend: 0.0969  w_freq: 0.925  w_spend: 2.900
Epoch 103/300 — train_loss: -0.5561  val_loss: -0.4111  freq: 0.5430  spend: 0.0958  w_freq: 0.925  w_spend: 2.940
Epoch 104/300 — train_loss: -0.5683  val_loss: -0.4019  freq: 0.5436  spend: 0.0995  w_freq: 0.925  w_spend: 2.978
Epoch 105/300 — train_loss: -0.5738  val_loss: -0.3844  freq: 0.5432  spend: 0.1063  w_freq: 0.925  w_spend: 3.018
Epoch 106/300 — train_loss: -0.5804  val_loss: -0.4088  freq: 0.5431  spend: 0.0991  w_freq: 0.924  w_spend: 3.057
Epoch 107/300 — train_loss: -0.5928  val_loss: -0.4055  freq: 0.5432  spend: 0.1010  w_freq: 0.924  w_spend: 3.099
Epoch 108/300 — train_loss: -0.5975  val_loss: -0.4198  freq: 0.5431  spend: 0.0972  w_freq: 0.925  w_spend: 3.139
Epoch 109/300 — train_loss: -0.6032  val_loss: -0.4128  freq: 0.5438  spend: 0.1000  w_freq: 0.924  w_spend: 3.180
Epoch 110/300 — train_loss: -0.6166  val_loss: -0.4062  freq: 0.5433  spend: 0.1029  w_freq: 0.924  w_spend: 3.223
Epoch 111/300 — train_loss: -0.6243  val_loss: -0.3877  freq: 0.5435  spend: 0.1091  w_freq: 0.925  w_spend: 3.264
Epoch 112/300 — train_loss: -0.6289  val_loss: -0.4172  freq: 0.5439  spend: 0.1007  w_freq: 0.924  w_spend: 3.305
Epoch 113/300 — train_loss: -0.6356  val_loss: -0.3855  freq: 0.5438  spend: 0.1107  w_freq: 0.924  w_spend: 3.348
Epoch 114/300 — train_loss: -0.6445  val_loss: -0.4096  freq: 0.5433  spend: 0.1042  w_freq: 0.925  w_spend: 3.389
Epoch 115/300 — train_loss: -0.6525  val_loss: -0.3827  freq: 0.5433  spend: 0.1125  w_freq: 0.925  w_spend: 3.430
Epoch 116/300 — train_loss: -0.6633  val_loss: -0.4084  freq: 0.5433  spend: 0.1055  w_freq: 0.925  w_spend: 3.472
Epoch 117/300 — train_loss: -0.6708  val_loss: -0.3967  freq: 0.5432  spend: 0.1093  w_freq: 0.925  w_spend: 3.517
Epoch 118/300 — train_loss: -0.6847  val_loss: -0.3486  freq: 0.5436  spend: 0.1230  w_freq: 0.924  w_spend: 3.559
Epoch 119/300 — train_loss: -0.6900  val_loss: -0.3915  freq: 0.5450  spend: 0.1110  w_freq: 0.925  w_spend: 3.603
Epoch 120/300 — train_loss: -0.7034  val_loss: -0.3669  freq: 0.5442  spend: 0.1182  w_freq: 0.925  w_spend: 3.646
Epoch 121/300 — train_loss: -0.7075  val_loss: -0.3019  freq: 0.5440  spend: 0.1360  w_freq: 0.925  w_spend: 3.689
Epoch 122/300 — train_loss: -0.7190  val_loss: -0.3305  freq: 0.5442  spend: 0.1283  w_freq: 0.925  w_spend: 3.733
Epoch 123/300 — train_loss: -0.7222  val_loss: -0.3564  freq: 0.5440  spend: 0.1216  w_freq: 0.926  w_spend: 3.779
Epoch 124/300 — train_loss: -0.7391  val_loss: -0.3815  freq: 0.5435  spend: 0.1153  w_freq: 0.925  w_spend: 3.824
Epoch 125/300 — train_loss: -0.7447  val_loss: -0.3728  freq: 0.5437  spend: 0.1176  w_freq: 0.926  w_spend: 3.868
Epoch 126/300 — train_loss: -0.7565  val_loss: -0.3461  freq: 0.5443  spend: 0.1244  w_freq: 0.926  w_spend: 3.913
Epoch 127/300 — train_loss: -0.7662  val_loss: -0.3330  freq: 0.5437  spend: 0.1278  w_freq: 0.925  w_spend: 3.958
Epoch 128/300 — train_loss: -0.7795  val_loss: -0.3373  freq: 0.5442  spend: 0.1266  w_freq: 0.925  w_spend: 4.003
Early stopping triggered at epoch 128.

Checkpoint saved: /kaggle/working/results/checkpoints/lstm_joint_tafeng_v3_seed123_sample_repair.pt
Validation-fitted softmax temperature: 0.7500

Duan's smearing factor (val): 1.9252
Validation aggregate calibration: freq_factor=1.4023, spend_factor=1.2546

Running autoregressive inference on holdout period ...
  inference mode: sample  n_scenarios: 200  temperature: 0.7500

=== Prediction Diagnostics ===
  Mean predicted freq/week:    0.2296
  Mean actual freq/week:       0.2167
  Over-prediction ratio:       1.060x
  Customers predicted as zero total:  0.430
  Customers actually zero total:      0.504
  Non-zero rate (pred, avg > 0.05):  0.822
  Non-zero rate (true):               0.175

Metrics saved: /kaggle/working/results/tables/lstm_joint_tafeng_v3_seed123_sample_repair_metrics.json
Array artifacts saved: /kaggle/working/results/tables/lstm_joint_tafeng_v3_seed123_sample_repair_arrays.npz

=== Holdout Evaluation ===
  metric_definition_version: valendin_aggregate_mape_v1
  freq_rmse: 1.6350
  freq_mae: 1.0717
  freq_normalized_gini: 0.6449
  freq_calibration_factor: 1.4023
  freq_horizon_abs_bias_pct: 48.6066
  bias_pct: 48.6066
  freq_weekly_mae: 4044.0088
  freq_weekly_total_true: 30127.0000
  freq_weekly_total_pred: 44770.7086
  freq_valendin_mape: 67.1160
  freq_horizon_bias_pct: 48.6066
  freq_weekly_mean_pct_mape: 75.0952
  freq_weekly_mean_pct_bias_pct: 56.7308
  freq_weekly_bias_pct: 48.6066
  freq_weekly_mape: 67.1160
  freq_mape: 67.1160
  freq_mase: 0.9877
  freq_mase_scale: 0.3519
  smearing_factor: 1.9252
  spend_calibration_factor: 1.2546
  spend_mae_raw: 1601.9332
  spend_rmse_raw: 4554.5308
  spend_normalized_gini: 0.5640
  spend_mae_log: 3.9594
  spend_rmse_log: 4.9939
  spend_r2_log: -1.0008
  spend_bias_pct: 144.1482
  spend_weekly_mae: 7369243.1290
  spend_weekly_total_true: 23513493.8879
  spend_weekly_total_pred: 57407765.4821
  spend_valendin_mape: 156.7024
  spend_horizon_abs_bias_pct: 144.1482
  spend_horizon_bias_pct: 144.1482
  spend_weekly_mean_pct_mape: 165.5330
  spend_weekly_mean_pct_bias_pct: 153.2592
  spend_weekly_bias_pct: 144.1482
  spend_weekly_mape: 156.7024
  spend_mase: 1.4970
  spend_mase_scale: 289.2989
  clv_mae: 1601.9332
  clv_rmse: 4554.5308
  clv_spearman: 0.4138
  clv_decile_lift: 3.2657
  clv_normalized_gini: 0.5640
  clv_total_true: 23513494.0000
  clv_total_pred: 57407764.0000
  calibration_temperature_source: rolling_origin_autoregressive
  validation_temperature: 0.7500
  smearing_source: rolling_origin_autoregressive
  calibration_source: rolling_origin_autoregressive
  validation_freq_true_total: 2897.0000
  validation_freq_pred_total: 1605.3480
  validation_spend_true_total: 3010621.0000
  validation_spend_pred_total: 1994874.7500
  validation_freq_calibration_factor: 1.4023
  validation_spend_calibration_factor: 1.2546
  validation_rolling_origin_count: 2
  protocol_name: tafeng_configured_12x5
  cohort_size: 27809
  calibration_weeks: 12
  holdout_weeks: 5
  inference_mode: sample
  n_scenarios: 200
  repair_attempted: True
  repair_strategy: amp_disabled
  repair_source_failure_type: FloatingPointError
  training_lr_after_repair: 0.0005
  training_max_grad_norm_after_repair: 0.5000
  training_amp_enabled_after_repair: False
  run_valid: True
  run_invalid_reason: 
  run_warning: large spend bias (144.1%)
  epochs_completed: 128
  max_epochs_configured: 300
History saved: /kaggle/working/results/tables/lstm_joint_tafeng_v3_seed123_sample_repair_history.json
