[Kaggle] raw_dir  → /kaggle/working/input/uci-retail
[Kaggle] results  → /kaggle/working/results
Config: experiments/configs/lstm_base_uci_v2.yaml
Run: lstm_base_uci_v2_seed42_sample
Device: cuda
Loading dataset: uci ...
[pipeline] freq_cap=4 (auto q=0.99) → freq_bins=[0, 1, 2, 3]... (n_classes=5)
  Train customers: 4437, Val: 493, Inference: 4930
[uci] Customers with 0 calibration transactions: 0 / 4930
  top-bin decode: class_values[-1] = 5.515 (max_trans = 4)
Model: lstm — 89,780 parameters

Training for up to 300 epochs ...
/kaggle/working/thesis-code/src/training/trainer.py:116: FutureWarning: `torch.cuda.amp.GradScaler(args...)` is deprecated. Please use `torch.amp.GradScaler('cuda', args...)` instead.
  self.scaler = torch.cuda.amp.GradScaler(enabled=self.amp_enabled)
Epoch   1/300 — train_loss: 1.5876  val_loss: 1.5748
Epoch   2/300 — train_loss: 1.5503  val_loss: 1.5118
Epoch   3/300 — train_loss: 1.4390  val_loss: 1.3017
Epoch   4/300 — train_loss: 0.8302  val_loss: 0.3693
Epoch   5/300 — train_loss: 0.3502  val_loss: 0.2959
Epoch   6/300 — train_loss: 0.3018  val_loss: 0.2818
Epoch   7/300 — train_loss: 0.2968  val_loss: 0.2791
Epoch   8/300 — train_loss: 0.2985  val_loss: 0.2769
Epoch   9/300 — train_loss: 0.2907  val_loss: 0.2757
Epoch  10/300 — train_loss: 0.2872  val_loss: 0.2740
Epoch  11/300 — train_loss: 0.2894  val_loss: 0.2728
Epoch  12/300 — train_loss: 0.2862  val_loss: 0.2720
Epoch  13/300 — train_loss: 0.2846  val_loss: 0.2702
Epoch  14/300 — train_loss: 0.2828  val_loss: 0.2681
Epoch  15/300 — train_loss: 0.2780  val_loss: 0.2611
Epoch  16/300 — train_loss: 0.2764  val_loss: 0.2653
Epoch  17/300 — train_loss: 0.2666  val_loss: 0.2663
Epoch  18/300 — train_loss: 0.2602  val_loss: 0.2551
Epoch  19/300 — train_loss: 0.2566  val_loss: 0.2438
Epoch  20/300 — train_loss: 0.2505  val_loss: 0.2431
Epoch  21/300 — train_loss: 0.2483  val_loss: 0.2420
Epoch  22/300 — train_loss: 0.2522  val_loss: 0.2521
Epoch  23/300 — train_loss: 0.2495  val_loss: 0.2421
Epoch  24/300 — train_loss: 0.2478  val_loss: 0.2427
Epoch  25/300 — train_loss: 0.2479  val_loss: 0.2415
Epoch  26/300 — train_loss: 0.2472  val_loss: 0.2406
Epoch  27/300 — train_loss: 0.2457  val_loss: 0.2406
Epoch  28/300 — train_loss: 0.2455  val_loss: 0.2413
Epoch  29/300 — train_loss: 0.2491  val_loss: 0.2414
Epoch  30/300 — train_loss: 0.2480  val_loss: 0.2408
Epoch  31/300 — train_loss: 0.2476  val_loss: 0.2401
Epoch  32/300 — train_loss: 0.2452  val_loss: 0.2404
Epoch  33/300 — train_loss: 0.2483  val_loss: 0.2400
Epoch  34/300 — train_loss: 0.2471  val_loss: 0.2395
Epoch  35/300 — train_loss: 0.2480  val_loss: 0.2397
Epoch  36/300 — train_loss: 0.2448  val_loss: 0.2398
Epoch  37/300 — train_loss: 0.2461  val_loss: 0.2392
Epoch  38/300 — train_loss: 0.2447  val_loss: 0.2389
Epoch  39/300 — train_loss: 0.2447  val_loss: 0.2392
Epoch  40/300 — train_loss: 0.2434  val_loss: 0.2388
Epoch  41/300 — train_loss: 0.2436  val_loss: 0.2387
Epoch  42/300 — train_loss: 0.2460  val_loss: 0.2386
Epoch  43/300 — train_loss: 0.2464  val_loss: 0.2387
Epoch  44/300 — train_loss: 0.2435  val_loss: 0.2388
Epoch  45/300 — train_loss: 0.2428  val_loss: 0.2384
Epoch  46/300 — train_loss: 0.2430  val_loss: 0.2388
Epoch  47/300 — train_loss: 0.2437  val_loss: 0.2414
Epoch  48/300 — train_loss: 0.2452  val_loss: 0.2379
Epoch  49/300 — train_loss: 0.2428  val_loss: 0.2375
Epoch  50/300 — train_loss: 0.2439  val_loss: 0.2374
Epoch  51/300 — train_loss: 0.2422  val_loss: 0.2372
Epoch  52/300 — train_loss: 0.2437  val_loss: 0.2368
Epoch  53/300 — train_loss: 0.2425  val_loss: 0.2374
Epoch  54/300 — train_loss: 0.2447  val_loss: 0.2375
Epoch  55/300 — train_loss: 0.2444  val_loss: 0.2366
Epoch  56/300 — train_loss: 0.2420  val_loss: 0.2365
Epoch  57/300 — train_loss: 0.2431  val_loss: 0.2368
Epoch  58/300 — train_loss: 0.2436  val_loss: 0.2365
Epoch  59/300 — train_loss: 0.2417  val_loss: 0.2363
Epoch  60/300 — train_loss: 0.2418  val_loss: 0.2373
Epoch  61/300 — train_loss: 0.2423  val_loss: 0.2370
Epoch  62/300 — train_loss: 0.2409  val_loss: 0.2366
Epoch  63/300 — train_loss: 0.2419  val_loss: 0.2357
Epoch  64/300 — train_loss: 0.2411  val_loss: 0.2373
Epoch  65/300 — train_loss: 0.2435  val_loss: 0.2358
Epoch  66/300 — train_loss: 0.2411  val_loss: 0.2358
Epoch  67/300 — train_loss: 0.2394  val_loss: 0.2357
Epoch  68/300 — train_loss: 0.2388  val_loss: 0.2356
Epoch  69/300 — train_loss: 0.2413  val_loss: 0.2358
Epoch  70/300 — train_loss: 0.2385  val_loss: 0.2357
Epoch  71/300 — train_loss: 0.2412  val_loss: 0.2355
Epoch  72/300 — train_loss: 0.2387  val_loss: 0.2359
Epoch  73/300 — train_loss: 0.2385  val_loss: 0.2357
Epoch  74/300 — train_loss: 0.2399  val_loss: 0.2367
Epoch  75/300 — train_loss: 0.2426  val_loss: 0.2360
Epoch  76/300 — train_loss: 0.2421  val_loss: 0.2367
Epoch  77/300 — train_loss: 0.2420  val_loss: 0.2357
Epoch  78/300 — train_loss: 0.2421  val_loss: 0.2381
Epoch  79/300 — train_loss: 0.2425  val_loss: 0.2358
Epoch  80/300 — train_loss: 0.2410  val_loss: 0.2358
Epoch  81/300 — train_loss: 0.2414  val_loss: 0.2356
Epoch  82/300 — train_loss: 0.2386  val_loss: 0.2369
Epoch  83/300 — train_loss: 0.2392  val_loss: 0.2355
Epoch  84/300 — train_loss: 0.2405  val_loss: 0.2364
Epoch  85/300 — train_loss: 0.2386  val_loss: 0.2354
Epoch  86/300 — train_loss: 0.2381  val_loss: 0.2354
Epoch  87/300 — train_loss: 0.2397  val_loss: 0.2352
Epoch  88/300 — train_loss: 0.2414  val_loss: 0.2353
Epoch  89/300 — train_loss: 0.2394  val_loss: 0.2354
Epoch  90/300 — train_loss: 0.2404  val_loss: 0.2365
Epoch  91/300 — train_loss: 0.2414  val_loss: 0.2374
Epoch  92/300 — train_loss: 0.2395  val_loss: 0.2355
Epoch  93/300 — train_loss: 0.2406  val_loss: 0.2367
Epoch  94/300 — train_loss: 0.2400  val_loss: 0.2359
Epoch  95/300 — train_loss: 0.2408  val_loss: 0.2390
Epoch  96/300 — train_loss: 0.2398  val_loss: 0.2354
Epoch  97/300 — train_loss: 0.2397  val_loss: 0.2351
Epoch  98/300 — train_loss: 0.2384  val_loss: 0.2354
Epoch  99/300 — train_loss: 0.2394  val_loss: 0.2350
Epoch 100/300 — train_loss: 0.2394  val_loss: 0.2354
Epoch 101/300 — train_loss: 0.2385  val_loss: 0.2356
Epoch 102/300 — train_loss: 0.2377  val_loss: 0.2360
Epoch 103/300 — train_loss: 0.2394  val_loss: 0.2358
Epoch 104/300 — train_loss: 0.2384  val_loss: 0.2354
Epoch 105/300 — train_loss: 0.2425  val_loss: 0.2352
Epoch 106/300 — train_loss: 0.2378  val_loss: 0.2353
Epoch 107/300 — train_loss: 0.2379  val_loss: 0.2350
Epoch 108/300 — train_loss: 0.2385  val_loss: 0.2351
Epoch 109/300 — train_loss: 0.2385  val_loss: 0.2358
Epoch 110/300 — train_loss: 0.2379  val_loss: 0.2353
Epoch 111/300 — train_loss: 0.2378  val_loss: 0.2360
Epoch 112/300 — train_loss: 0.2375  val_loss: 0.2352
Epoch 113/300 — train_loss: 0.2381  val_loss: 0.2360
Epoch 114/300 — train_loss: 0.2382  val_loss: 0.2355
Epoch 115/300 — train_loss: 0.2373  val_loss: 0.2352
Epoch 116/300 — train_loss: 0.2375  val_loss: 0.2362
Epoch 117/300 — train_loss: 0.2380  val_loss: 0.2351
Epoch 118/300 — train_loss: 0.2382  val_loss: 0.2357
Epoch 119/300 — train_loss: 0.2379  val_loss: 0.2352
Epoch 120/300 — train_loss: 0.2389  val_loss: 0.2355
Epoch 121/300 — train_loss: 0.2367  val_loss: 0.2355
Epoch 122/300 — train_loss: 0.2374  val_loss: 0.2355
Epoch 123/300 — train_loss: 0.2360  val_loss: 0.2351
Epoch 124/300 — train_loss: 0.2370  val_loss: 0.2351
Epoch 125/300 — train_loss: 0.2382  val_loss: 0.2360
Epoch 126/300 — train_loss: 0.2362  val_loss: 0.2359
Epoch 127/300 — train_loss: 0.2384  val_loss: 0.2353
Early stopping triggered at epoch 127.

Checkpoint saved: /kaggle/working/results/checkpoints/lstm_base_uci_v2_seed42_sample.pt
Validation-fitted softmax temperature: 0.7500
Validation aggregate calibration: freq_factor=1.9030, spend_factor=1.0000

Running autoregressive inference on holdout period ...
  inference mode: sample  n_scenarios: 200  temperature: 0.7500

=== Prediction Diagnostics ===
  Mean predicted freq/week:    0.0268
  Mean actual freq/week:       0.0656
  Over-prediction ratio:       0.408x
  Customers predicted as zero total:  0.763
  Customers actually zero total:      0.484
  Non-zero rate (pred, avg > 0.05):  0.111
  Non-zero rate (true):               0.055

Metrics saved: /kaggle/working/results/tables/lstm_base_uci_v2_seed42_sample_metrics.json
Array artifacts saved: /kaggle/working/results/tables/lstm_base_uci_v2_seed42_sample_arrays.npz

=== Holdout Evaluation ===
  metric_definition_version: valendin_aggregate_mape_v1
  freq_rmse: 2.5443
  freq_mae: 1.1797
  freq_normalized_gini: 0.7372
  freq_calibration_factor: 1.9030
  freq_horizon_abs_bias_pct: 22.3332
  bias_pct: -22.3332
  freq_weekly_mae: 77.2800
  freq_weekly_total_true: 8413.0000
  freq_weekly_total_pred: 6534.1058
  freq_valendin_mape: 23.8830
  freq_horizon_bias_pct: -22.3332
  freq_weekly_mean_pct_mape: 22.3243
  freq_weekly_mean_pct_bias_pct: -20.1535
  freq_weekly_bias_pct: -22.3332
  freq_weekly_mape: 23.8830
  freq_mape: 23.8830
  freq_mase: 0.8092
  freq_mase_scale: 0.1146
  calibration_temperature_source: rolling_origin_autoregressive
  validation_temperature: 0.7500
  calibration_source: rolling_origin_autoregressive
  validation_freq_true_total: 662.0000
  validation_freq_pred_total: 235.9226
  validation_spend_true_total: 0.0000
  validation_spend_pred_total: 0.0000
  validation_freq_calibration_factor: 1.9030
  validation_spend_calibration_factor: 1.0000
  validation_rolling_origin_count: 2
  protocol_name: uci_configured_78x26
  cohort_size: 4930
  calibration_weeks: 78
  holdout_weeks: 26
  inference_mode: sample
  n_scenarios: 200
  final_manifest_version: 2026-05-20-results-recovery-protocol
  final_manifest_run_name: lstm_base_uci_v2_seed42_sample
  final_manifest_config: experiments/configs/lstm_base_uci_v2.yaml
  final_manifest_config_hash: aa05ce9f3c96
  final_manifest_actual_config_hash: 7595a9cb40e0
  final_manifest_seed: 42
  final_manifest_epochs: 300
  final_manifest_inference_mode: sample
  final_manifest_n_scenarios: 200
  run_valid: True
  run_invalid_reason: 
  run_warning: 
  epochs_completed: 127
  max_epochs_configured: 300
History saved: /kaggle/working/results/tables/lstm_base_uci_v2_seed42_sample_history.json
