[Kaggle] raw_dir  → /kaggle/working/input/dunnhumby
[Kaggle] results  → /kaggle/working/results
Config: experiments/configs/lstm_joint_dunnhumby_v3.yaml
Run: lstm_joint_dunnhumby_v3_seed42_sample
Device: cuda
Loading dataset: dunnhumby ...
[pipeline] freq_cap=10 (auto q=0.99) → freq_bins=[0, 1, 2, 3]... (n_classes=11)
  Train customers: 2249, Val: 249, Inference: 2498
[dunnhumby] Customers with 0 calibration transactions: 0 / 2498
  top-bin decode: class_values[-1] = 13.099 (max_trans = 10)
Model: lstm — 99,577 parameters

Training for up to 300 epochs ...
/kaggle/working/thesis-code/src/training/trainer.py:116: FutureWarning: `torch.cuda.amp.GradScaler(args...)` is deprecated. Please use `torch.amp.GradScaler('cuda', args...)` instead.
  self.scaler = torch.cuda.amp.GradScaler(enabled=self.amp_enabled)
[Kendall] log_vars frozen for 5 warm-up epochs.
Epoch   1/300 — train_loss: 1.3184  val_loss: 1.3162  freq: 2.3831  spend: 0.2494  w_freq: 0.500  w_spend: 0.500
Epoch   2/300 — train_loss: 1.3117  val_loss: 1.3051  freq: 2.3618  spend: 0.2484  w_freq: 0.500  w_spend: 0.500
Epoch   3/300 — train_loss: 1.2975  val_loss: 1.2857  freq: 2.3249  spend: 0.2465  w_freq: 0.500  w_spend: 0.500
Epoch   4/300 — train_loss: 1.2738  val_loss: 1.2544  freq: 2.2656  spend: 0.2431  w_freq: 0.500  w_spend: 0.500
Epoch   5/300 — train_loss: 1.2352  val_loss: 1.1991  freq: 2.1623  spend: 0.2359  w_freq: 0.500  w_spend: 0.500
[Kendall] log_vars unfrozen at epoch 6.
Epoch   6/300 — train_loss: 1.1654  val_loss: 1.0959  freq: 1.9754  spend: 0.2193  w_freq: 0.500  w_spend: 0.500
Epoch   7/300 — train_loss: 1.0305  val_loss: 0.8995  freq: 1.6259  spend: 0.1782  w_freq: 0.499  w_spend: 0.501
Epoch   8/300 — train_loss: 0.8985  val_loss: 0.8191  freq: 1.5009  spend: 0.1449  w_freq: 0.498  w_spend: 0.502
Epoch   9/300 — train_loss: 0.8324  val_loss: 0.7824  freq: 1.4234  spend: 0.1517  w_freq: 0.497  w_spend: 0.503
Epoch  10/300 — train_loss: 0.7976  val_loss: 0.7389  freq: 1.3559  spend: 0.1354  w_freq: 0.496  w_spend: 0.505
Epoch  11/300 — train_loss: 0.7559  val_loss: 0.6992  freq: 1.2904  spend: 0.1251  w_freq: 0.495  w_spend: 0.507
Epoch  12/300 — train_loss: 0.7189  val_loss: 0.6621  freq: 1.2425  spend: 0.1031  w_freq: 0.493  w_spend: 0.509
Epoch  13/300 — train_loss: 0.6913  val_loss: 0.6402  freq: 1.2245  spend: 0.0821  w_freq: 0.492  w_spend: 0.511
Epoch  14/300 — train_loss: 0.6694  val_loss: 0.6158  freq: 1.2162  spend: 0.0474  w_freq: 0.491  w_spend: 0.514
Epoch  15/300 — train_loss: 0.6466  val_loss: 0.6018  freq: 1.2147  spend: 0.0266  w_freq: 0.490  w_spend: 0.516
Epoch  16/300 — train_loss: 0.6304  val_loss: 0.5866  freq: 1.2122  spend: 0.0047  w_freq: 0.488  w_spend: 0.519
Epoch  17/300 — train_loss: 0.6158  val_loss: 0.5747  freq: 1.2133  spend: -0.0136  w_freq: 0.487  w_spend: 0.521
Epoch  18/300 — train_loss: 0.6044  val_loss: 0.5638  freq: 1.2115  spend: -0.0274  w_freq: 0.486  w_spend: 0.524
Epoch  19/300 — train_loss: 0.5940  val_loss: 0.5532  freq: 1.2005  spend: -0.0323  w_freq: 0.485  w_spend: 0.526
Epoch  20/300 — train_loss: 0.5820  val_loss: 0.5421  freq: 1.1900  spend: -0.0387  w_freq: 0.484  w_spend: 0.529
Epoch  21/300 — train_loss: 0.5734  val_loss: 0.5347  freq: 1.1845  spend: -0.0434  w_freq: 0.483  w_spend: 0.531
Epoch  22/300 — train_loss: 0.5670  val_loss: 0.5462  freq: 1.1794  spend: -0.0134  w_freq: 0.482  w_spend: 0.533
Epoch  23/300 — train_loss: 0.5667  val_loss: 0.5260  freq: 1.1747  spend: -0.0440  w_freq: 0.481  w_spend: 0.535
Epoch  24/300 — train_loss: 0.5598  val_loss: 0.5236  freq: 1.1726  spend: -0.0437  w_freq: 0.480  w_spend: 0.537
Epoch  25/300 — train_loss: 0.5555  val_loss: 0.5179  freq: 1.1717  spend: -0.0509  w_freq: 0.480  w_spend: 0.538
Epoch  26/300 — train_loss: 0.5515  val_loss: 0.5178  freq: 1.1688  spend: -0.0453  w_freq: 0.479  w_spend: 0.540
Epoch  27/300 — train_loss: 0.5502  val_loss: 0.5108  freq: 1.1669  spend: -0.0538  w_freq: 0.479  w_spend: 0.541
Epoch  28/300 — train_loss: 0.5441  val_loss: 0.5051  freq: 1.1641  spend: -0.0585  w_freq: 0.478  w_spend: 0.543
Epoch  29/300 — train_loss: 0.5378  val_loss: 0.5016  freq: 1.1621  spend: -0.0587  w_freq: 0.477  w_spend: 0.545
Epoch  30/300 — train_loss: 0.5346  val_loss: 0.4972  freq: 1.1597  spend: -0.0603  w_freq: 0.477  w_spend: 0.547
Epoch  31/300 — train_loss: 0.5299  val_loss: 0.4934  freq: 1.1577  spend: -0.0607  w_freq: 0.476  w_spend: 0.550
Epoch  32/300 — train_loss: 0.5261  val_loss: 0.4894  freq: 1.1563  spend: -0.0614  w_freq: 0.475  w_spend: 0.552
Epoch  33/300 — train_loss: 0.5213  val_loss: 0.4847  freq: 1.1541  spend: -0.0630  w_freq: 0.474  w_spend: 0.555
Epoch  34/300 — train_loss: 0.5167  val_loss: 0.4821  freq: 1.1549  spend: -0.0634  w_freq: 0.473  w_spend: 0.558
Epoch  35/300 — train_loss: 0.5134  val_loss: 0.4777  freq: 1.1514  spend: -0.0634  w_freq: 0.472  w_spend: 0.561
Epoch  36/300 — train_loss: 0.5109  val_loss: 0.4739  freq: 1.1499  spend: -0.0643  w_freq: 0.471  w_spend: 0.564
Epoch  37/300 — train_loss: 0.5099  val_loss: 0.4715  freq: 1.1497  spend: -0.0649  w_freq: 0.470  w_spend: 0.566
Epoch  38/300 — train_loss: 0.5032  val_loss: 0.4681  freq: 1.1491  spend: -0.0667  w_freq: 0.470  w_spend: 0.568
Epoch  39/300 — train_loss: 0.4995  val_loss: 0.4664  freq: 1.1477  spend: -0.0645  w_freq: 0.469  w_spend: 0.570
Epoch  40/300 — train_loss: 0.4984  val_loss: 0.4650  freq: 1.1480  spend: -0.0634  w_freq: 0.468  w_spend: 0.573
Epoch  41/300 — train_loss: 0.4946  val_loss: 0.4619  freq: 1.1465  spend: -0.0638  w_freq: 0.467  w_spend: 0.575
Epoch  42/300 — train_loss: 0.4914  val_loss: 0.4573  freq: 1.1460  spend: -0.0673  w_freq: 0.467  w_spend: 0.577
Epoch  43/300 — train_loss: 0.4884  val_loss: 0.4550  freq: 1.1444  spend: -0.0659  w_freq: 0.466  w_spend: 0.580
Epoch  44/300 — train_loss: 0.4844  val_loss: 0.4509  freq: 1.1437  spend: -0.0686  w_freq: 0.465  w_spend: 0.582
Epoch  45/300 — train_loss: 0.4813  val_loss: 0.4499  freq: 1.1446  spend: -0.0671  w_freq: 0.465  w_spend: 0.585
Epoch  46/300 — train_loss: 0.4784  val_loss: 0.4467  freq: 1.1427  spend: -0.0667  w_freq: 0.464  w_spend: 0.587
Epoch  47/300 — train_loss: 0.4747  val_loss: 0.4407  freq: 1.1415  spend: -0.0714  w_freq: 0.463  w_spend: 0.590
Epoch  48/300 — train_loss: 0.4723  val_loss: 0.4382  freq: 1.1411  spend: -0.0711  w_freq: 0.462  w_spend: 0.593
Epoch  49/300 — train_loss: 0.4686  val_loss: 0.4356  freq: 1.1407  spend: -0.0710  w_freq: 0.462  w_spend: 0.595
Epoch  50/300 — train_loss: 0.4662  val_loss: 0.4330  freq: 1.1404  spend: -0.0712  w_freq: 0.461  w_spend: 0.598
Epoch  51/300 — train_loss: 0.4625  val_loss: 0.4306  freq: 1.1399  spend: -0.0710  w_freq: 0.460  w_spend: 0.600
Epoch  52/300 — train_loss: 0.4605  val_loss: 0.4326  freq: 1.1412  spend: -0.0649  w_freq: 0.460  w_spend: 0.603
Epoch  53/300 — train_loss: 0.4597  val_loss: 0.4272  freq: 1.1390  spend: -0.0690  w_freq: 0.459  w_spend: 0.605
Epoch  54/300 — train_loss: 0.4561  val_loss: 0.4278  freq: 1.1412  spend: -0.0665  w_freq: 0.459  w_spend: 0.607
Epoch  55/300 — train_loss: 0.4552  val_loss: 0.4259  freq: 1.1422  spend: -0.0673  w_freq: 0.458  w_spend: 0.610
Epoch  56/300 — train_loss: 0.4534  val_loss: 0.4212  freq: 1.1379  spend: -0.0690  w_freq: 0.458  w_spend: 0.612
Epoch  57/300 — train_loss: 0.4502  val_loss: 0.4174  freq: 1.1390  spend: -0.0731  w_freq: 0.457  w_spend: 0.613
Epoch  58/300 — train_loss: 0.4491  val_loss: 0.4185  freq: 1.1388  spend: -0.0682  w_freq: 0.457  w_spend: 0.615
Epoch  59/300 — train_loss: 0.4469  val_loss: 0.4139  freq: 1.1371  spend: -0.0715  w_freq: 0.456  w_spend: 0.617
Epoch  60/300 — train_loss: 0.4436  val_loss: 0.4125  freq: 1.1386  spend: -0.0718  w_freq: 0.456  w_spend: 0.619
Epoch  61/300 — train_loss: 0.4402  val_loss: 0.4075  freq: 1.1370  spend: -0.0749  w_freq: 0.455  w_spend: 0.622
Epoch  62/300 — train_loss: 0.4367  val_loss: 0.4070  freq: 1.1365  spend: -0.0712  w_freq: 0.455  w_spend: 0.625
Epoch  63/300 — train_loss: 0.4342  val_loss: 0.4026  freq: 1.1357  spend: -0.0736  w_freq: 0.454  w_spend: 0.628
Epoch  64/300 — train_loss: 0.4306  val_loss: 0.3983  freq: 1.1355  spend: -0.0758  w_freq: 0.453  w_spend: 0.631
Epoch  65/300 — train_loss: 0.4276  val_loss: 0.3961  freq: 1.1350  spend: -0.0747  w_freq: 0.453  w_spend: 0.634
Epoch  66/300 — train_loss: 0.4247  val_loss: 0.3948  freq: 1.1357  spend: -0.0732  w_freq: 0.452  w_spend: 0.637
Epoch  67/300 — train_loss: 0.4218  val_loss: 0.3893  freq: 1.1340  spend: -0.0766  w_freq: 0.451  w_spend: 0.640
Epoch  68/300 — train_loss: 0.4184  val_loss: 0.3872  freq: 1.1341  spend: -0.0759  w_freq: 0.451  w_spend: 0.643
Epoch  69/300 — train_loss: 0.4167  val_loss: 0.3852  freq: 1.1340  spend: -0.0753  w_freq: 0.450  w_spend: 0.646
Epoch  70/300 — train_loss: 0.4147  val_loss: 0.3840  freq: 1.1338  spend: -0.0736  w_freq: 0.450  w_spend: 0.648
Epoch  71/300 — train_loss: 0.4121  val_loss: 0.3812  freq: 1.1332  spend: -0.0745  w_freq: 0.449  w_spend: 0.651
Epoch  72/300 — train_loss: 0.4067  val_loss: 0.3784  freq: 1.1334  spend: -0.0751  w_freq: 0.449  w_spend: 0.653
Epoch  73/300 — train_loss: 0.4043  val_loss: 0.3769  freq: 1.1345  spend: -0.0743  w_freq: 0.448  w_spend: 0.656
Epoch  74/300 — train_loss: 0.4039  val_loss: 0.3723  freq: 1.1329  spend: -0.0765  w_freq: 0.448  w_spend: 0.659
Epoch  75/300 — train_loss: 0.4002  val_loss: 0.3703  freq: 1.1332  spend: -0.0759  w_freq: 0.447  w_spend: 0.662
Epoch  76/300 — train_loss: 0.3976  val_loss: 0.3678  freq: 1.1323  spend: -0.0756  w_freq: 0.447  w_spend: 0.665
Epoch  77/300 — train_loss: 0.3931  val_loss: 0.3634  freq: 1.1320  spend: -0.0783  w_freq: 0.446  w_spend: 0.668
Epoch  78/300 — train_loss: 0.3907  val_loss: 0.3606  freq: 1.1316  spend: -0.0786  w_freq: 0.446  w_spend: 0.671
Epoch  79/300 — train_loss: 0.3879  val_loss: 0.3592  freq: 1.1319  spend: -0.0774  w_freq: 0.445  w_spend: 0.674
Epoch  80/300 — train_loss: 0.3863  val_loss: 0.3571  freq: 1.1332  spend: -0.0777  w_freq: 0.445  w_spend: 0.677
Epoch  81/300 — train_loss: 0.3824  val_loss: 0.3532  freq: 1.1317  spend: -0.0789  w_freq: 0.444  w_spend: 0.680
Epoch  82/300 — train_loss: 0.3811  val_loss: 0.3513  freq: 1.1305  spend: -0.0776  w_freq: 0.444  w_spend: 0.683
Epoch  83/300 — train_loss: 0.3775  val_loss: 0.3500  freq: 1.1312  spend: -0.0767  w_freq: 0.443  w_spend: 0.686
Epoch  84/300 — train_loss: 0.3753  val_loss: 0.3468  freq: 1.1308  spend: -0.0781  w_freq: 0.443  w_spend: 0.688
Epoch  85/300 — train_loss: 0.3740  val_loss: 0.3463  freq: 1.1313  spend: -0.0762  w_freq: 0.443  w_spend: 0.691
Epoch  86/300 — train_loss: 0.3720  val_loss: 0.3431  freq: 1.1301  spend: -0.0773  w_freq: 0.442  w_spend: 0.693
Epoch  87/300 — train_loss: 0.3680  val_loss: 0.3409  freq: 1.1299  spend: -0.0774  w_freq: 0.442  w_spend: 0.696
Epoch  88/300 — train_loss: 0.3661  val_loss: 0.3387  freq: 1.1299  spend: -0.0773  w_freq: 0.442  w_spend: 0.698
Epoch  89/300 — train_loss: 0.3639  val_loss: 0.3351  freq: 1.1296  spend: -0.0796  w_freq: 0.441  w_spend: 0.701
Epoch  90/300 — train_loss: 0.3617  val_loss: 0.3339  freq: 1.1304  spend: -0.0788  w_freq: 0.441  w_spend: 0.704
Epoch  91/300 — train_loss: 0.3586  val_loss: 0.3321  freq: 1.1296  spend: -0.0777  w_freq: 0.441  w_spend: 0.706
Epoch  92/300 — train_loss: 0.3559  val_loss: 0.3297  freq: 1.1313  spend: -0.0790  w_freq: 0.440  w_spend: 0.709
Epoch  93/300 — train_loss: 0.3544  val_loss: 0.3263  freq: 1.1299  spend: -0.0796  w_freq: 0.440  w_spend: 0.712
Epoch  94/300 — train_loss: 0.3521  val_loss: 0.3247  freq: 1.1303  spend: -0.0792  w_freq: 0.440  w_spend: 0.715
Epoch  95/300 — train_loss: 0.3502  val_loss: 0.3217  freq: 1.1291  spend: -0.0798  w_freq: 0.439  w_spend: 0.718
Epoch  96/300 — train_loss: 0.3465  val_loss: 0.3198  freq: 1.1292  spend: -0.0796  w_freq: 0.439  w_spend: 0.720
Epoch  97/300 — train_loss: 0.3437  val_loss: 0.3190  freq: 1.1294  spend: -0.0779  w_freq: 0.439  w_spend: 0.723
Epoch  98/300 — train_loss: 0.3434  val_loss: 0.3179  freq: 1.1294  spend: -0.0768  w_freq: 0.438  w_spend: 0.726
Epoch  99/300 — train_loss: 0.3396  val_loss: 0.3133  freq: 1.1289  spend: -0.0802  w_freq: 0.438  w_spend: 0.728
Epoch 100/300 — train_loss: 0.3366  val_loss: 0.3107  freq: 1.1287  spend: -0.0810  w_freq: 0.438  w_spend: 0.731
Epoch 101/300 — train_loss: 0.3351  val_loss: 0.3102  freq: 1.1286  spend: -0.0790  w_freq: 0.438  w_spend: 0.733
Epoch 102/300 — train_loss: 0.3342  val_loss: 0.3082  freq: 1.1284  spend: -0.0793  w_freq: 0.437  w_spend: 0.736
Epoch 103/300 — train_loss: 0.3342  val_loss: 0.3083  freq: 1.1300  spend: -0.0778  w_freq: 0.437  w_spend: 0.738
Epoch 104/300 — train_loss: 0.3327  val_loss: 0.3052  freq: 1.1283  spend: -0.0789  w_freq: 0.437  w_spend: 0.740
Epoch 105/300 — train_loss: 0.3306  val_loss: 0.3054  freq: 1.1293  spend: -0.0772  w_freq: 0.437  w_spend: 0.742
Epoch 106/300 — train_loss: 0.3277  val_loss: 0.3018  freq: 1.1289  spend: -0.0796  w_freq: 0.436  w_spend: 0.744
Epoch 107/300 — train_loss: 0.3232  val_loss: 0.3012  freq: 1.1285  spend: -0.0777  w_freq: 0.436  w_spend: 0.746
Epoch 108/300 — train_loss: 0.3220  val_loss: 0.2977  freq: 1.1284  spend: -0.0798  w_freq: 0.436  w_spend: 0.749
Epoch 109/300 — train_loss: 0.3204  val_loss: 0.2976  freq: 1.1287  spend: -0.0776  w_freq: 0.436  w_spend: 0.751
Epoch 110/300 — train_loss: 0.3184  val_loss: 0.2927  freq: 1.1282  spend: -0.0813  w_freq: 0.436  w_spend: 0.754
Epoch 111/300 — train_loss: 0.3159  val_loss: 0.2913  freq: 1.1281  spend: -0.0805  w_freq: 0.435  w_spend: 0.757
Epoch 112/300 — train_loss: 0.3137  val_loss: 0.2892  freq: 1.1279  spend: -0.0805  w_freq: 0.435  w_spend: 0.759
Epoch 113/300 — train_loss: 0.3110  val_loss: 0.2873  freq: 1.1285  spend: -0.0808  w_freq: 0.435  w_spend: 0.762
Epoch 114/300 — train_loss: 0.3096  val_loss: 0.2840  freq: 1.1278  spend: -0.0822  w_freq: 0.435  w_spend: 0.765
Epoch 115/300 — train_loss: 0.3064  val_loss: 0.2827  freq: 1.1274  spend: -0.0812  w_freq: 0.434  w_spend: 0.767
Epoch 116/300 — train_loss: 0.3047  val_loss: 0.2815  freq: 1.1275  spend: -0.0804  w_freq: 0.434  w_spend: 0.770
Epoch 117/300 — train_loss: 0.3033  val_loss: 0.2807  freq: 1.1298  spend: -0.0803  w_freq: 0.434  w_spend: 0.772
Epoch 118/300 — train_loss: 0.3012  val_loss: 0.2799  freq: 1.1282  spend: -0.0783  w_freq: 0.434  w_spend: 0.775
Epoch 119/300 — train_loss: 0.2986  val_loss: 0.2751  freq: 1.1274  spend: -0.0818  w_freq: 0.434  w_spend: 0.777
Epoch 120/300 — train_loss: 0.2960  val_loss: 0.2747  freq: 1.1277  spend: -0.0800  w_freq: 0.434  w_spend: 0.780
Epoch 121/300 — train_loss: 0.2947  val_loss: 0.2731  freq: 1.1276  spend: -0.0796  w_freq: 0.433  w_spend: 0.782
Epoch 122/300 — train_loss: 0.2936  val_loss: 0.2702  freq: 1.1274  spend: -0.0811  w_freq: 0.433  w_spend: 0.785
Epoch 123/300 — train_loss: 0.2903  val_loss: 0.2678  freq: 1.1274  spend: -0.0819  w_freq: 0.433  w_spend: 0.787
Epoch 124/300 — train_loss: 0.2887  val_loss: 0.2677  freq: 1.1274  spend: -0.0798  w_freq: 0.433  w_spend: 0.790
Epoch 125/300 — train_loss: 0.2865  val_loss: 0.2644  freq: 1.1276  spend: -0.0820  w_freq: 0.433  w_spend: 0.792
Epoch 126/300 — train_loss: 0.2847  val_loss: 0.2630  freq: 1.1271  spend: -0.0817  w_freq: 0.433  w_spend: 0.794
Epoch 127/300 — train_loss: 0.2822  val_loss: 0.2618  freq: 1.1273  spend: -0.0810  w_freq: 0.432  w_spend: 0.796
Epoch 128/300 — train_loss: 0.2816  val_loss: 0.2632  freq: 1.1274  spend: -0.0774  w_freq: 0.432  w_spend: 0.799
Epoch 129/300 — train_loss: 0.2790  val_loss: 0.2576  freq: 1.1271  spend: -0.0823  w_freq: 0.432  w_spend: 0.801
Epoch 130/300 — train_loss: 0.2773  val_loss: 0.2561  freq: 1.1271  spend: -0.0823  w_freq: 0.432  w_spend: 0.803
Epoch 131/300 — train_loss: 0.2766  val_loss: 0.2575  freq: 1.1273  spend: -0.0789  w_freq: 0.432  w_spend: 0.805
Epoch 132/300 — train_loss: 0.2755  val_loss: 0.2545  freq: 1.1271  spend: -0.0808  w_freq: 0.432  w_spend: 0.807
Epoch 133/300 — train_loss: 0.2727  val_loss: 0.2514  freq: 1.1270  spend: -0.0829  w_freq: 0.432  w_spend: 0.809
Epoch 134/300 — train_loss: 0.2716  val_loss: 0.2496  freq: 1.1271  spend: -0.0833  w_freq: 0.432  w_spend: 0.811
Epoch 135/300 — train_loss: 0.2676  val_loss: 0.2490  freq: 1.1270  spend: -0.0821  w_freq: 0.432  w_spend: 0.813
Epoch 136/300 — train_loss: 0.2678  val_loss: 0.2482  freq: 1.1273  spend: -0.0811  w_freq: 0.431  w_spend: 0.816
Epoch 137/300 — train_loss: 0.2664  val_loss: 0.2461  freq: 1.1285  spend: -0.0824  w_freq: 0.431  w_spend: 0.818
Epoch 138/300 — train_loss: 0.2644  val_loss: 0.2439  freq: 1.1269  spend: -0.0822  w_freq: 0.431  w_spend: 0.821
Epoch 139/300 — train_loss: 0.2631  val_loss: 0.2447  freq: 1.1276  spend: -0.0798  w_freq: 0.431  w_spend: 0.823
Epoch 140/300 — train_loss: 0.2608  val_loss: 0.2421  freq: 1.1278  spend: -0.0812  w_freq: 0.431  w_spend: 0.825
Epoch 141/300 — train_loss: 0.2602  val_loss: 0.2407  freq: 1.1281  spend: -0.0813  w_freq: 0.431  w_spend: 0.827
Epoch 142/300 — train_loss: 0.2581  val_loss: 0.2400  freq: 1.1270  spend: -0.0799  w_freq: 0.431  w_spend: 0.829
Epoch 143/300 — train_loss: 0.2558  val_loss: 0.2380  freq: 1.1280  spend: -0.0811  w_freq: 0.431  w_spend: 0.831
Epoch 144/300 — train_loss: 0.2540  val_loss: 0.2343  freq: 1.1271  spend: -0.0835  w_freq: 0.431  w_spend: 0.833
Epoch 145/300 — train_loss: 0.2533  val_loss: 0.2349  freq: 1.1267  spend: -0.0809  w_freq: 0.430  w_spend: 0.835
Epoch 146/300 — train_loss: 0.2517  val_loss: 0.2313  freq: 1.1274  spend: -0.0841  w_freq: 0.430  w_spend: 0.837
Epoch 147/300 — train_loss: 0.2498  val_loss: 0.2346  freq: 1.1272  spend: -0.0785  w_freq: 0.430  w_spend: 0.839
Epoch 148/300 — train_loss: 0.2495  val_loss: 0.2298  freq: 1.1277  spend: -0.0829  w_freq: 0.430  w_spend: 0.841
Epoch 149/300 — train_loss: 0.2466  val_loss: 0.2296  freq: 1.1269  spend: -0.0811  w_freq: 0.430  w_spend: 0.843
Epoch 150/300 — train_loss: 0.2449  val_loss: 0.2273  freq: 1.1268  spend: -0.0821  w_freq: 0.430  w_spend: 0.845
Epoch 151/300 — train_loss: 0.2447  val_loss: 0.2266  freq: 1.1270  spend: -0.0812  w_freq: 0.430  w_spend: 0.847
Epoch 152/300 — train_loss: 0.2417  val_loss: 0.2238  freq: 1.1272  spend: -0.0830  w_freq: 0.430  w_spend: 0.850
Epoch 153/300 — train_loss: 0.2410  val_loss: 0.2239  freq: 1.1275  spend: -0.0813  w_freq: 0.430  w_spend: 0.852
Epoch 154/300 — train_loss: 0.2397  val_loss: 0.2220  freq: 1.1275  spend: -0.0820  w_freq: 0.430  w_spend: 0.854
Epoch 155/300 — train_loss: 0.2382  val_loss: 0.2211  freq: 1.1271  spend: -0.0813  w_freq: 0.430  w_spend: 0.856
Epoch 156/300 — train_loss: 0.2359  val_loss: 0.2176  freq: 1.1271  spend: -0.0838  w_freq: 0.430  w_spend: 0.858
Epoch 157/300 — train_loss: 0.2343  val_loss: 0.2191  freq: 1.1271  spend: -0.0805  w_freq: 0.429  w_spend: 0.860
Epoch 158/300 — train_loss: 0.2327  val_loss: 0.2150  freq: 1.1268  spend: -0.0836  w_freq: 0.429  w_spend: 0.862
Epoch 159/300 — train_loss: 0.2303  val_loss: 0.2162  freq: 1.1269  spend: -0.0807  w_freq: 0.429  w_spend: 0.864
Epoch 160/300 — train_loss: 0.2300  val_loss: 0.2129  freq: 1.1269  spend: -0.0829  w_freq: 0.429  w_spend: 0.866
Epoch 161/300 — train_loss: 0.2286  val_loss: 0.2121  freq: 1.1270  spend: -0.0822  w_freq: 0.429  w_spend: 0.868
Epoch 162/300 — train_loss: 0.2270  val_loss: 0.2108  freq: 1.1268  spend: -0.0822  w_freq: 0.429  w_spend: 0.870
Epoch 163/300 — train_loss: 0.2253  val_loss: 0.2095  freq: 1.1271  spend: -0.0823  w_freq: 0.429  w_spend: 0.872
Epoch 164/300 — train_loss: 0.2246  val_loss: 0.2073  freq: 1.1271  spend: -0.0833  w_freq: 0.429  w_spend: 0.874
Epoch 165/300 — train_loss: 0.2218  val_loss: 0.2091  freq: 1.1268  spend: -0.0797  w_freq: 0.429  w_spend: 0.876
Epoch 166/300 — train_loss: 0.2196  val_loss: 0.2048  freq: 1.1271  spend: -0.0833  w_freq: 0.429  w_spend: 0.878
Epoch 167/300 — train_loss: 0.2185  val_loss: 0.2042  freq: 1.1267  spend: -0.0824  w_freq: 0.429  w_spend: 0.880
Epoch 168/300 — train_loss: 0.2174  val_loss: 0.2041  freq: 1.1270  spend: -0.0811  w_freq: 0.429  w_spend: 0.882
Epoch 169/300 — train_loss: 0.2172  val_loss: 0.2031  freq: 1.1267  spend: -0.0808  w_freq: 0.429  w_spend: 0.884
Epoch 170/300 — train_loss: 0.2166  val_loss: 0.2008  freq: 1.1271  spend: -0.0823  w_freq: 0.429  w_spend: 0.886
Epoch 171/300 — train_loss: 0.2132  val_loss: 0.2008  freq: 1.1274  spend: -0.0813  w_freq: 0.429  w_spend: 0.887
Epoch 172/300 — train_loss: 0.2122  val_loss: 0.1985  freq: 1.1268  spend: -0.0824  w_freq: 0.429  w_spend: 0.889
Epoch 173/300 — train_loss: 0.2118  val_loss: 0.1987  freq: 1.1268  spend: -0.0810  w_freq: 0.429  w_spend: 0.891
Epoch 174/300 — train_loss: 0.2101  val_loss: 0.1971  freq: 1.1274  spend: -0.0818  w_freq: 0.428  w_spend: 0.892
Epoch 175/300 — train_loss: 0.2094  val_loss: 0.1956  freq: 1.1267  spend: -0.0821  w_freq: 0.428  w_spend: 0.894
Epoch 176/300 — train_loss: 0.2071  val_loss: 0.1943  freq: 1.1268  spend: -0.0824  w_freq: 0.428  w_spend: 0.895
Epoch 177/300 — train_loss: 0.2078  val_loss: 0.1951  freq: 1.1270  spend: -0.0803  w_freq: 0.428  w_spend: 0.897
Epoch 178/300 — train_loss: 0.2063  val_loss: 0.1926  freq: 1.1269  spend: -0.0821  w_freq: 0.428  w_spend: 0.899
Epoch 179/300 — train_loss: 0.2050  val_loss: 0.1928  freq: 1.1268  spend: -0.0808  w_freq: 0.428  w_spend: 0.900
Epoch 180/300 — train_loss: 0.2022  val_loss: 0.1906  freq: 1.1268  spend: -0.0821  w_freq: 0.428  w_spend: 0.902
Epoch 181/300 — train_loss: 0.2032  val_loss: 0.1882  freq: 1.1270  spend: -0.0837  w_freq: 0.428  w_spend: 0.903
Epoch 182/300 — train_loss: 0.2012  val_loss: 0.1884  freq: 1.1267  spend: -0.0823  w_freq: 0.428  w_spend: 0.905
Epoch 183/300 — train_loss: 0.2001  val_loss: 0.1869  freq: 1.1270  spend: -0.0830  w_freq: 0.428  w_spend: 0.906
Epoch 184/300 — train_loss: 0.1997  val_loss: 0.1863  freq: 1.1268  spend: -0.0825  w_freq: 0.428  w_spend: 0.908
Epoch 185/300 — train_loss: 0.1985  val_loss: 0.1883  freq: 1.1267  spend: -0.0792  w_freq: 0.428  w_spend: 0.909
Epoch 186/300 — train_loss: 0.1972  val_loss: 0.1845  freq: 1.1269  spend: -0.0827  w_freq: 0.428  w_spend: 0.911
Epoch 187/300 — train_loss: 0.1963  val_loss: 0.1841  freq: 1.1269  spend: -0.0822  w_freq: 0.428  w_spend: 0.912
Epoch 188/300 — train_loss: 0.1950  val_loss: 0.1848  freq: 1.1271  spend: -0.0805  w_freq: 0.428  w_spend: 0.913
Epoch 189/300 — train_loss: 0.1941  val_loss: 0.1832  freq: 1.1270  spend: -0.0813  w_freq: 0.428  w_spend: 0.915
Epoch 190/300 — train_loss: 0.1927  val_loss: 0.1817  freq: 1.1269  spend: -0.0819  w_freq: 0.428  w_spend: 0.916
Epoch 191/300 — train_loss: 0.1919  val_loss: 0.1813  freq: 1.1267  spend: -0.0813  w_freq: 0.428  w_spend: 0.918
Epoch 192/300 — train_loss: 0.1908  val_loss: 0.1806  freq: 1.1270  spend: -0.0812  w_freq: 0.428  w_spend: 0.919
Epoch 193/300 — train_loss: 0.1901  val_loss: 0.1807  freq: 1.1270  spend: -0.0802  w_freq: 0.428  w_spend: 0.920
Epoch 194/300 — train_loss: 0.1892  val_loss: 0.1815  freq: 1.1271  spend: -0.0787  w_freq: 0.428  w_spend: 0.922
Epoch 195/300 — train_loss: 0.1891  val_loss: 0.1782  freq: 1.1267  spend: -0.0812  w_freq: 0.428  w_spend: 0.923
Epoch 196/300 — train_loss: 0.1877  val_loss: 0.1766  freq: 1.1268  spend: -0.0822  w_freq: 0.428  w_spend: 0.924
Epoch 197/300 — train_loss: 0.1874  val_loss: 0.1761  freq: 1.1269  spend: -0.0821  w_freq: 0.428  w_spend: 0.925
Epoch 198/300 — train_loss: 0.1859  val_loss: 0.1773  freq: 1.1271  spend: -0.0802  w_freq: 0.428  w_spend: 0.926
Epoch 199/300 — train_loss: 0.1857  val_loss: 0.1772  freq: 1.1266  spend: -0.0793  w_freq: 0.428  w_spend: 0.927
Epoch 200/300 — train_loss: 0.1830  val_loss: 0.1755  freq: 1.1268  spend: -0.0805  w_freq: 0.428  w_spend: 0.928
Epoch 201/300 — train_loss: 0.1832  val_loss: 0.1746  freq: 1.1268  spend: -0.0807  w_freq: 0.428  w_spend: 0.930
Epoch 202/300 — train_loss: 0.1824  val_loss: 0.1732  freq: 1.1267  spend: -0.0813  w_freq: 0.428  w_spend: 0.931
Epoch 203/300 — train_loss: 0.1820  val_loss: 0.1713  freq: 1.1269  spend: -0.0826  w_freq: 0.428  w_spend: 0.932
Epoch 204/300 — train_loss: 0.1812  val_loss: 0.1710  freq: 1.1270  spend: -0.0823  w_freq: 0.428  w_spend: 0.933
Epoch 205/300 — train_loss: 0.1792  val_loss: 0.1705  freq: 1.1270  spend: -0.0822  w_freq: 0.428  w_spend: 0.934
Epoch 206/300 — train_loss: 0.1800  val_loss: 0.1716  freq: 1.1269  spend: -0.0803  w_freq: 0.428  w_spend: 0.935
Epoch 207/300 — train_loss: 0.1789  val_loss: 0.1716  freq: 1.1269  spend: -0.0796  w_freq: 0.428  w_spend: 0.936
Epoch 208/300 — train_loss: 0.1770  val_loss: 0.1696  freq: 1.1268  spend: -0.0811  w_freq: 0.428  w_spend: 0.937
Epoch 209/300 — train_loss: 0.1774  val_loss: 0.1700  freq: 1.1271  spend: -0.0801  w_freq: 0.428  w_spend: 0.938
Epoch 210/300 — train_loss: 0.1766  val_loss: 0.1685  freq: 1.1268  spend: -0.0809  w_freq: 0.428  w_spend: 0.939
Epoch 211/300 — train_loss: 0.1765  val_loss: 0.1694  freq: 1.1268  spend: -0.0794  w_freq: 0.428  w_spend: 0.940
Epoch 212/300 — train_loss: 0.1757  val_loss: 0.1669  freq: 1.1268  spend: -0.0814  w_freq: 0.428  w_spend: 0.941
Epoch 213/300 — train_loss: 0.1743  val_loss: 0.1669  freq: 1.1270  spend: -0.0809  w_freq: 0.428  w_spend: 0.942
Epoch 214/300 — train_loss: 0.1746  val_loss: 0.1663  freq: 1.1271  spend: -0.0811  w_freq: 0.427  w_spend: 0.943
Epoch 215/300 — train_loss: 0.1741  val_loss: 0.1655  freq: 1.1271  spend: -0.0814  w_freq: 0.427  w_spend: 0.944
Epoch 216/300 — train_loss: 0.1728  val_loss: 0.1650  freq: 1.1268  spend: -0.0814  w_freq: 0.427  w_spend: 0.944
Epoch 217/300 — train_loss: 0.1713  val_loss: 0.1651  freq: 1.1267  spend: -0.0807  w_freq: 0.427  w_spend: 0.945
Epoch 218/300 — train_loss: 0.1729  val_loss: 0.1645  freq: 1.1267  spend: -0.0808  w_freq: 0.427  w_spend: 0.946
Epoch 219/300 — train_loss: 0.1722  val_loss: 0.1639  freq: 1.1267  spend: -0.0809  w_freq: 0.427  w_spend: 0.947
Epoch 220/300 — train_loss: 0.1704  val_loss: 0.1639  freq: 1.1268  spend: -0.0805  w_freq: 0.427  w_spend: 0.947
Epoch 221/300 — train_loss: 0.1700  val_loss: 0.1634  freq: 1.1268  spend: -0.0806  w_freq: 0.427  w_spend: 0.948
Epoch 222/300 — train_loss: 0.1698  val_loss: 0.1630  freq: 1.1270  spend: -0.0806  w_freq: 0.427  w_spend: 0.949
Epoch 223/300 — train_loss: 0.1687  val_loss: 0.1619  freq: 1.1268  spend: -0.0810  w_freq: 0.427  w_spend: 0.950
Epoch 224/300 — train_loss: 0.1685  val_loss: 0.1611  freq: 1.1269  spend: -0.0815  w_freq: 0.427  w_spend: 0.951
Epoch 225/300 — train_loss: 0.1671  val_loss: 0.1611  freq: 1.1269  spend: -0.0810  w_freq: 0.427  w_spend: 0.951
Epoch 226/300 — train_loss: 0.1684  val_loss: 0.1616  freq: 1.1268  spend: -0.0800  w_freq: 0.427  w_spend: 0.952
Epoch 227/300 — train_loss: 0.1685  val_loss: 0.1614  freq: 1.1267  spend: -0.0798  w_freq: 0.427  w_spend: 0.953
Epoch 228/300 — train_loss: 0.1665  val_loss: 0.1614  freq: 1.1266  spend: -0.0794  w_freq: 0.427  w_spend: 0.953
Epoch 229/300 — train_loss: 0.1656  val_loss: 0.1601  freq: 1.1267  spend: -0.0803  w_freq: 0.427  w_spend: 0.954
Epoch 230/300 — train_loss: 0.1652  val_loss: 0.1600  freq: 1.1267  spend: -0.0800  w_freq: 0.427  w_spend: 0.955
Epoch 231/300 — train_loss: 0.1649  val_loss: 0.1590  freq: 1.1267  spend: -0.0807  w_freq: 0.427  w_spend: 0.955
Epoch 232/300 — train_loss: 0.1640  val_loss: 0.1587  freq: 1.1268  spend: -0.0806  w_freq: 0.427  w_spend: 0.956
Epoch 233/300 — train_loss: 0.1650  val_loss: 0.1582  freq: 1.1267  spend: -0.0807  w_freq: 0.427  w_spend: 0.957
Epoch 234/300 — train_loss: 0.1622  val_loss: 0.1580  freq: 1.1268  spend: -0.0806  w_freq: 0.427  w_spend: 0.957
Epoch 235/300 — train_loss: 0.1622  val_loss: 0.1573  freq: 1.1268  spend: -0.0810  w_freq: 0.427  w_spend: 0.958
Epoch 236/300 — train_loss: 0.1624  val_loss: 0.1580  freq: 1.1269  spend: -0.0800  w_freq: 0.427  w_spend: 0.958
Epoch 237/300 — train_loss: 0.1616  val_loss: 0.1569  freq: 1.1268  spend: -0.0808  w_freq: 0.427  w_spend: 0.959
Epoch 238/300 — train_loss: 0.1620  val_loss: 0.1567  freq: 1.1268  spend: -0.0806  w_freq: 0.427  w_spend: 0.959
Epoch 239/300 — train_loss: 0.1612  val_loss: 0.1564  freq: 1.1269  spend: -0.0806  w_freq: 0.427  w_spend: 0.960
Epoch 240/300 — train_loss: 0.1599  val_loss: 0.1573  freq: 1.1268  spend: -0.0793  w_freq: 0.427  w_spend: 0.960
Epoch 241/300 — train_loss: 0.1599  val_loss: 0.1567  freq: 1.1268  spend: -0.0796  w_freq: 0.427  w_spend: 0.961
Epoch 242/300 — train_loss: 0.1608  val_loss: 0.1553  freq: 1.1268  spend: -0.0807  w_freq: 0.427  w_spend: 0.961
Epoch 243/300 — train_loss: 0.1604  val_loss: 0.1561  freq: 1.1268  spend: -0.0797  w_freq: 0.427  w_spend: 0.962
Epoch 244/300 — train_loss: 0.1601  val_loss: 0.1561  freq: 1.1268  spend: -0.0794  w_freq: 0.427  w_spend: 0.962
Epoch 245/300 — train_loss: 0.1597  val_loss: 0.1557  freq: 1.1268  spend: -0.0795  w_freq: 0.427  w_spend: 0.963
Epoch 246/300 — train_loss: 0.1592  val_loss: 0.1552  freq: 1.1268  spend: -0.0799  w_freq: 0.427  w_spend: 0.963
Epoch 247/300 — train_loss: 0.1589  val_loss: 0.1545  freq: 1.1268  spend: -0.0803  w_freq: 0.427  w_spend: 0.964
Epoch 248/300 — train_loss: 0.1589  val_loss: 0.1541  freq: 1.1268  spend: -0.0805  w_freq: 0.427  w_spend: 0.964
Epoch 249/300 — train_loss: 0.1580  val_loss: 0.1544  freq: 1.1268  spend: -0.0800  w_freq: 0.427  w_spend: 0.964
Epoch 250/300 — train_loss: 0.1571  val_loss: 0.1549  freq: 1.1268  spend: -0.0792  w_freq: 0.427  w_spend: 0.965
Epoch 251/300 — train_loss: 0.1587  val_loss: 0.1533  freq: 1.1269  spend: -0.0807  w_freq: 0.427  w_spend: 0.965
Epoch 252/300 — train_loss: 0.1584  val_loss: 0.1542  freq: 1.1267  spend: -0.0795  w_freq: 0.427  w_spend: 0.965
Epoch 253/300 — train_loss: 0.1570  val_loss: 0.1539  freq: 1.1267  spend: -0.0796  w_freq: 0.427  w_spend: 0.966
Epoch 254/300 — train_loss: 0.1559  val_loss: 0.1534  freq: 1.1268  spend: -0.0800  w_freq: 0.427  w_spend: 0.966
Epoch 255/300 — train_loss: 0.1578  val_loss: 0.1526  freq: 1.1268  spend: -0.0806  w_freq: 0.427  w_spend: 0.966
Epoch 256/300 — train_loss: 0.1567  val_loss: 0.1530  freq: 1.1268  spend: -0.0800  w_freq: 0.427  w_spend: 0.967
Epoch 257/300 — train_loss: 0.1552  val_loss: 0.1535  freq: 1.1268  spend: -0.0794  w_freq: 0.427  w_spend: 0.967
Epoch 258/300 — train_loss: 0.1560  val_loss: 0.1523  freq: 1.1268  spend: -0.0804  w_freq: 0.427  w_spend: 0.967
Epoch 259/300 — train_loss: 0.1560  val_loss: 0.1525  freq: 1.1268  spend: -0.0800  w_freq: 0.427  w_spend: 0.967
Epoch 260/300 — train_loss: 0.1563  val_loss: 0.1524  freq: 1.1268  spend: -0.0800  w_freq: 0.427  w_spend: 0.968
Epoch 261/300 — train_loss: 0.1558  val_loss: 0.1524  freq: 1.1268  spend: -0.0799  w_freq: 0.427  w_spend: 0.968
Epoch 262/300 — train_loss: 0.1558  val_loss: 0.1522  freq: 1.1268  spend: -0.0799  w_freq: 0.427  w_spend: 0.968
Epoch 263/300 — train_loss: 0.1563  val_loss: 0.1521  freq: 1.1268  spend: -0.0799  w_freq: 0.427  w_spend: 0.968
Epoch 264/300 — train_loss: 0.1551  val_loss: 0.1516  freq: 1.1268  spend: -0.0803  w_freq: 0.427  w_spend: 0.969
Epoch 265/300 — train_loss: 0.1547  val_loss: 0.1520  freq: 1.1268  spend: -0.0798  w_freq: 0.427  w_spend: 0.969
Epoch 266/300 — train_loss: 0.1540  val_loss: 0.1516  freq: 1.1268  spend: -0.0800  w_freq: 0.427  w_spend: 0.969
Epoch 267/300 — train_loss: 0.1545  val_loss: 0.1519  freq: 1.1268  spend: -0.0797  w_freq: 0.427  w_spend: 0.969
Epoch 268/300 — train_loss: 0.1547  val_loss: 0.1517  freq: 1.1268  spend: -0.0798  w_freq: 0.427  w_spend: 0.969
Epoch 269/300 — train_loss: 0.1543  val_loss: 0.1514  freq: 1.1268  spend: -0.0800  w_freq: 0.427  w_spend: 0.969
Epoch 270/300 — train_loss: 0.1542  val_loss: 0.1514  freq: 1.1268  spend: -0.0799  w_freq: 0.427  w_spend: 0.970
Epoch 271/300 — train_loss: 0.1544  val_loss: 0.1512  freq: 1.1268  spend: -0.0800  w_freq: 0.427  w_spend: 0.970
Epoch 272/300 — train_loss: 0.1537  val_loss: 0.1514  freq: 1.1268  spend: -0.0797  w_freq: 0.427  w_spend: 0.970
Epoch 273/300 — train_loss: 0.1531  val_loss: 0.1510  freq: 1.1268  spend: -0.0800  w_freq: 0.427  w_spend: 0.970
Epoch 274/300 — train_loss: 0.1535  val_loss: 0.1511  freq: 1.1268  spend: -0.0799  w_freq: 0.427  w_spend: 0.970
Epoch 275/300 — train_loss: 0.1526  val_loss: 0.1511  freq: 1.1268  spend: -0.0798  w_freq: 0.427  w_spend: 0.970
Epoch 276/300 — train_loss: 0.1545  val_loss: 0.1510  freq: 1.1268  spend: -0.0800  w_freq: 0.427  w_spend: 0.970
Epoch 277/300 — train_loss: 0.1535  val_loss: 0.1510  freq: 1.1268  spend: -0.0799  w_freq: 0.427  w_spend: 0.970
Epoch 278/300 — train_loss: 0.1528  val_loss: 0.1509  freq: 1.1268  spend: -0.0799  w_freq: 0.427  w_spend: 0.970
Epoch 279/300 — train_loss: 0.1536  val_loss: 0.1511  freq: 1.1268  spend: -0.0796  w_freq: 0.427  w_spend: 0.971
Epoch 280/300 — train_loss: 0.1524  val_loss: 0.1510  freq: 1.1268  spend: -0.0798  w_freq: 0.427  w_spend: 0.971
Epoch 281/300 — train_loss: 0.1522  val_loss: 0.1508  freq: 1.1268  spend: -0.0799  w_freq: 0.427  w_spend: 0.971
Epoch 282/300 — train_loss: 0.1523  val_loss: 0.1508  freq: 1.1268  spend: -0.0798  w_freq: 0.427  w_spend: 0.971
Epoch 283/300 — train_loss: 0.1535  val_loss: 0.1507  freq: 1.1268  spend: -0.0799  w_freq: 0.427  w_spend: 0.971
Epoch 284/300 — train_loss: 0.1527  val_loss: 0.1508  freq: 1.1268  spend: -0.0798  w_freq: 0.427  w_spend: 0.971
Epoch 285/300 — train_loss: 0.1534  val_loss: 0.1508  freq: 1.1268  spend: -0.0798  w_freq: 0.427  w_spend: 0.971
Epoch 286/300 — train_loss: 0.1526  val_loss: 0.1507  freq: 1.1268  spend: -0.0799  w_freq: 0.427  w_spend: 0.971
Epoch 287/300 — train_loss: 0.1532  val_loss: 0.1507  freq: 1.1268  spend: -0.0799  w_freq: 0.427  w_spend: 0.971
Epoch 288/300 — train_loss: 0.1529  val_loss: 0.1507  freq: 1.1268  spend: -0.0799  w_freq: 0.427  w_spend: 0.971
Epoch 289/300 — train_loss: 0.1532  val_loss: 0.1508  freq: 1.1268  spend: -0.0797  w_freq: 0.427  w_spend: 0.971
Epoch 290/300 — train_loss: 0.1518  val_loss: 0.1507  freq: 1.1268  spend: -0.0798  w_freq: 0.427  w_spend: 0.971
Epoch 291/300 — train_loss: 0.1528  val_loss: 0.1506  freq: 1.1268  spend: -0.0799  w_freq: 0.427  w_spend: 0.971
Epoch 292/300 — train_loss: 0.1536  val_loss: 0.1507  freq: 1.1268  spend: -0.0799  w_freq: 0.427  w_spend: 0.971
Epoch 293/300 — train_loss: 0.1531  val_loss: 0.1507  freq: 1.1268  spend: -0.0798  w_freq: 0.427  w_spend: 0.971
Epoch 294/300 — train_loss: 0.1529  val_loss: 0.1506  freq: 1.1268  spend: -0.0799  w_freq: 0.427  w_spend: 0.971
Epoch 295/300 — train_loss: 0.1540  val_loss: 0.1506  freq: 1.1268  spend: -0.0798  w_freq: 0.427  w_spend: 0.971
Epoch 296/300 — train_loss: 0.1524  val_loss: 0.1506  freq: 1.1268  spend: -0.0798  w_freq: 0.427  w_spend: 0.971
Epoch 297/300 — train_loss: 0.1530  val_loss: 0.1506  freq: 1.1268  spend: -0.0798  w_freq: 0.427  w_spend: 0.971
Epoch 298/300 — train_loss: 0.1521  val_loss: 0.1506  freq: 1.1268  spend: -0.0798  w_freq: 0.427  w_spend: 0.971
Epoch 299/300 — train_loss: 0.1531  val_loss: 0.1506  freq: 1.1268  spend: -0.0798  w_freq: 0.427  w_spend: 0.971
Epoch 300/300 — train_loss: 0.1525  val_loss: 0.1506  freq: 1.1268  spend: -0.0798  w_freq: 0.427  w_spend: 0.971

Checkpoint saved: /kaggle/working/results/checkpoints/lstm_joint_dunnhumby_v3_seed42_sample.pt
Validation-fitted softmax temperature: 0.9000

Duan's smearing factor (val): 1.3439
Validation aggregate calibration: freq_factor=1.0542, spend_factor=0.9848

Running autoregressive inference on holdout period ...
  inference mode: sample  n_scenarios: 200  temperature: 0.9000

=== Prediction Diagnostics ===
  Mean predicted freq/week:    1.0476
  Mean actual freq/week:       1.1447
  Over-prediction ratio:       0.915x
  Customers predicted as zero total:  0.000
  Customers actually zero total:      0.036
  Non-zero rate (pred, avg > 0.05):  0.992
  Non-zero rate (true):               0.532

Metrics saved: /kaggle/working/results/tables/lstm_joint_dunnhumby_v3_seed42_sample_metrics.json
Array artifacts saved: /kaggle/working/results/tables/lstm_joint_dunnhumby_v3_seed42_sample_arrays.npz

=== Holdout Evaluation ===
  metric_definition_version: valendin_aggregate_mape_v1
  freq_rmse: 14.7704
  freq_mae: 8.6015
  freq_normalized_gini: 0.8698
  freq_calibration_factor: 1.0542
  freq_horizon_abs_bias_pct: 3.5213
  bias_pct: -3.5213
  freq_weekly_mae: 211.2646
  freq_weekly_total_true: 62910.0000
  freq_weekly_total_pred: 60694.7733
  freq_valendin_mape: 7.3880
  freq_horizon_bias_pct: -3.5213
  freq_weekly_mean_pct_mape: 8.6027
  freq_weekly_mean_pct_bias_pct: -1.9301
  freq_weekly_bias_pct: -3.5213
  freq_weekly_mape: 7.3880
  freq_mape: 7.3880
  freq_mase: 1.0139
  freq_mase_scale: 0.8235
  smearing_factor: 1.3439
  spend_calibration_factor: 0.9848
  spend_mae_raw: 293.6543
  spend_rmse_raw: 470.3640
  spend_normalized_gini: 0.8542
  spend_mae_log: 0.7264
  spend_rmse_log: 1.1913
  spend_r2_log: 0.5185
  spend_bias_pct: -7.6251
  spend_weekly_mae: 9920.1899
  spend_weekly_total_true: 1965992.3000
  spend_weekly_total_pred: 1816084.2788
  spend_valendin_mape: 11.1010
  spend_horizon_abs_bias_pct: 7.6251
  spend_horizon_bias_pct: -7.6251
  spend_weekly_mean_pct_mape: 11.9522
  spend_weekly_mean_pct_bias_pct: -5.7264
  spend_weekly_bias_pct: -7.6251
  spend_weekly_mape: 11.1010
  spend_mase: 1.0757
  spend_mase_scale: 27.5152
  clv_mae: 287.8543
  clv_rmse: 460.9939
  clv_spearman: 0.8181
  clv_decile_lift: 3.2323
  clv_normalized_gini: 0.8547
  clv_total_true: 1929812.7500
  clv_total_pred: 1782130.0000
  calibration_temperature_source: rolling_origin_autoregressive
  validation_temperature: 0.9000
  smearing_source: rolling_origin_autoregressive
  calibration_source: rolling_origin_autoregressive
  validation_freq_true_total: 6257.0000
  validation_freq_pred_total: 5645.0986
  validation_spend_true_total: 181327.5781
  validation_spend_pred_total: 187020.9297
  validation_freq_calibration_factor: 1.0542
  validation_spend_calibration_factor: 0.9848
  validation_rolling_origin_count: 2
  protocol_name: dunnhumby_configured_80x22
  cohort_size: 2498
  calibration_weeks: 80
  holdout_weeks: 22
  inference_mode: sample
  n_scenarios: 200
  run_valid: True
  run_invalid_reason: 
  run_warning: 
  epochs_completed: 300
  max_epochs_configured: 300
History saved: /kaggle/working/results/tables/lstm_joint_dunnhumby_v3_seed42_sample_history.json
