[Kaggle] raw_dir  → /kaggle/working/input/tafeng-dataset
[Kaggle] results  → /kaggle/working/results
Config: experiments/configs/lstm_base_tafeng_v2.yaml
Run: lstm_base_tafeng_v2_seed123_sample
Device: cuda
Loading dataset: tafeng ...
[pipeline] freq_cap=4 (auto q=0.99) → freq_bins=[0, 1, 2, 3]... (n_classes=5)
  Train customers: 25029, Val: 2780, Inference: 27809
[tafeng] Customers with 0 calibration transactions: 0 / 27809
  top-bin decode: class_values[-1] = 4.473 (max_trans = 4)
Model: lstm — 89,780 parameters

Training for up to 300 epochs ...
/kaggle/working/thesis-code/src/training/trainer.py:116: FutureWarning: `torch.cuda.amp.GradScaler(args...)` is deprecated. Please use `torch.amp.GradScaler('cuda', args...)` instead.
  self.scaler = torch.cuda.amp.GradScaler(enabled=self.amp_enabled)
Epoch   1/300 — train_loss: 1.5716  val_loss: 1.4997
Epoch   2/300 — train_loss: 1.0680  val_loss: 0.6960
Epoch   3/300 — train_loss: 0.6456  val_loss: 0.6083
Epoch   4/300 — train_loss: 0.5934  val_loss: 0.5824
Epoch   5/300 — train_loss: 0.5752  val_loss: 0.5682
Epoch   6/300 — train_loss: 0.5637  val_loss: 0.5590
Epoch   7/300 — train_loss: 0.5564  val_loss: 0.5526
Epoch   8/300 — train_loss: 0.5514  val_loss: 0.5506
Epoch   9/300 — train_loss: 0.5486  val_loss: 0.5500
Epoch  10/300 — train_loss: 0.5472  val_loss: 0.5482
Epoch  11/300 — train_loss: 0.5457  val_loss: 0.5466
Epoch  12/300 — train_loss: 0.5452  val_loss: 0.5461
Epoch  13/300 — train_loss: 0.5444  val_loss: 0.5462
Epoch  14/300 — train_loss: 0.5447  val_loss: 0.5473
Epoch  15/300 — train_loss: 0.5444  val_loss: 0.5478
Epoch  16/300 — train_loss: 0.5437  val_loss: 0.5447
Epoch  17/300 — train_loss: 0.5441  val_loss: 0.5449
Epoch  18/300 — train_loss: 0.5440  val_loss: 0.5449
Epoch  19/300 — train_loss: 0.5431  val_loss: 0.5460
Epoch  20/300 — train_loss: 0.5436  val_loss: 0.5451
Epoch  21/300 — train_loss: 0.5432  val_loss: 0.5460
Epoch  22/300 — train_loss: 0.5427  val_loss: 0.5451
Epoch  23/300 — train_loss: 0.5431  val_loss: 0.5444
Epoch  24/300 — train_loss: 0.5429  val_loss: 0.5446
Epoch  25/300 — train_loss: 0.5423  val_loss: 0.5446
Epoch  26/300 — train_loss: 0.5428  val_loss: 0.5458
Epoch  27/300 — train_loss: 0.5426  val_loss: 0.5453
Epoch  28/300 — train_loss: 0.5422  val_loss: 0.5438
Epoch  29/300 — train_loss: 0.5422  val_loss: 0.5439
Epoch  30/300 — train_loss: 0.5419  val_loss: 0.5440
Epoch  31/300 — train_loss: 0.5422  val_loss: 0.5446
Epoch  32/300 — train_loss: 0.5422  val_loss: 0.5440
Epoch  33/300 — train_loss: 0.5418  val_loss: 0.5444
Epoch  34/300 — train_loss: 0.5420  val_loss: 0.5444
Epoch  35/300 — train_loss: 0.5418  val_loss: 0.5440
Epoch  36/300 — train_loss: 0.5415  val_loss: 0.5441
Epoch  37/300 — train_loss: 0.5414  val_loss: 0.5438
Epoch  38/300 — train_loss: 0.5417  val_loss: 0.5436
Epoch  39/300 — train_loss: 0.5412  val_loss: 0.5436
Epoch  40/300 — train_loss: 0.5412  val_loss: 0.5436
Epoch  41/300 — train_loss: 0.5412  val_loss: 0.5437
Epoch  42/300 — train_loss: 0.5414  val_loss: 0.5438
Epoch  43/300 — train_loss: 0.5413  val_loss: 0.5438
Epoch  44/300 — train_loss: 0.5409  val_loss: 0.5440
Epoch  45/300 — train_loss: 0.5411  val_loss: 0.5441
Epoch  46/300 — train_loss: 0.5409  val_loss: 0.5442
Epoch  47/300 — train_loss: 0.5411  val_loss: 0.5444
Epoch  48/300 — train_loss: 0.5409  val_loss: 0.5438
Epoch  49/300 — train_loss: 0.5409  val_loss: 0.5454
Epoch  50/300 — train_loss: 0.5405  val_loss: 0.5448
Epoch  51/300 — train_loss: 0.5407  val_loss: 0.5440
Epoch  52/300 — train_loss: 0.5410  val_loss: 0.5441
Epoch  53/300 — train_loss: 0.5404  val_loss: 0.5446
Epoch  54/300 — train_loss: 0.5409  val_loss: 0.5453
Epoch  55/300 — train_loss: 0.5404  val_loss: 0.5440
Epoch  56/300 — train_loss: 0.5398  val_loss: 0.5438
Epoch  57/300 — train_loss: 0.5399  val_loss: 0.5445
Epoch  58/300 — train_loss: 0.5403  val_loss: 0.5439
Epoch  59/300 — train_loss: 0.5402  val_loss: 0.5440
Epoch  60/300 — train_loss: 0.5403  val_loss: 0.5438
Early stopping triggered at epoch 60.

Checkpoint saved: /kaggle/working/results/checkpoints/lstm_base_tafeng_v2_seed123_sample.pt
Validation-fitted softmax temperature: 0.7500
Validation aggregate calibration: freq_factor=1.4522, spend_factor=1.0000

Running autoregressive inference on holdout period ...
  inference mode: sample  n_scenarios: 200  temperature: 0.7500

=== Prediction Diagnostics ===
  Mean predicted freq/week:    0.2066
  Mean actual freq/week:       0.2167
  Over-prediction ratio:       0.953x
  Customers predicted as zero total:  0.586
  Customers actually zero total:      0.504
  Non-zero rate (pred, avg > 0.05):  0.690
  Non-zero rate (true):               0.175

Metrics saved: /kaggle/working/results/tables/lstm_base_tafeng_v2_seed123_sample_metrics.json
Array artifacts saved: /kaggle/working/results/tables/lstm_base_tafeng_v2_seed123_sample_arrays.npz

=== Holdout Evaluation ===
  metric_definition_version: valendin_aggregate_mape_v1
  freq_rmse: 1.8742
  freq_mae: 1.0763
  freq_normalized_gini: 0.6559
  freq_calibration_factor: 1.4522
  freq_horizon_abs_bias_pct: 38.4409
  bias_pct: 38.4409
  freq_weekly_mae: 3314.6866
  freq_weekly_total_true: 30127.0000
  freq_weekly_total_pred: 41708.0820
  freq_valendin_mape: 55.0119
  freq_horizon_bias_pct: 38.4409
  freq_weekly_mean_pct_mape: 65.2392
  freq_weekly_mean_pct_bias_pct: 48.8662
  freq_weekly_bias_pct: 38.4409
  freq_weekly_mape: 55.0119
  freq_mape: 55.0119
  freq_mase: 0.9405
  freq_mase_scale: 0.3519
  calibration_temperature_source: rolling_origin_autoregressive
  validation_temperature: 0.7500
  calibration_source: rolling_origin_autoregressive
  validation_freq_true_total: 2897.0000
  validation_freq_pred_total: 1521.2559
  validation_spend_true_total: 0.0000
  validation_spend_pred_total: 0.0000
  validation_freq_calibration_factor: 1.4522
  validation_spend_calibration_factor: 1.0000
  validation_rolling_origin_count: 2
  protocol_name: tafeng_configured_12x5
  cohort_size: 27809
  calibration_weeks: 12
  holdout_weeks: 5
  inference_mode: sample
  n_scenarios: 200
  final_manifest_version: 2026-05-20-results-recovery-protocol
  final_manifest_run_name: lstm_base_tafeng_v2_seed123_sample
  final_manifest_config: experiments/configs/lstm_base_tafeng_v2.yaml
  final_manifest_config_hash: 7ab58480ddce
  final_manifest_actual_config_hash: d340d691f58b
  final_manifest_seed: 123
  final_manifest_epochs: 300
  final_manifest_inference_mode: sample
  final_manifest_n_scenarios: 200
  run_valid: True
  run_invalid_reason: 
  run_warning: 
  epochs_completed: 60
  max_epochs_configured: 300
History saved: /kaggle/working/results/tables/lstm_base_tafeng_v2_seed123_sample_history.json
