[Kaggle] raw_dir  → /kaggle/working/input/uci-retail
[Kaggle] results  → /kaggle/working/results
Config: experiments/configs/lstm_joint_uci_v3.yaml
Run: lstm_joint_uci_v3_seed42_sample
Device: cuda
Loading dataset: uci ...
[pipeline] freq_cap=4 (auto q=0.99) → freq_bins=[0, 1, 2, 3]... (n_classes=5)
  Train customers: 4437, Val: 493, Inference: 4930
[uci] Customers with 0 calibration transactions: 0 / 4930
  top-bin decode: class_values[-1] = 5.515 (max_trans = 4)
Model: lstm — 98,262 parameters

Training for up to 300 epochs ...
/kaggle/working/thesis-code/src/training/trainer.py:116: FutureWarning: `torch.cuda.amp.GradScaler(args...)` is deprecated. Please use `torch.amp.GradScaler('cuda', args...)` instead.
  self.scaler = torch.cuda.amp.GradScaler(enabled=self.amp_enabled)
[Kendall] log_vars frozen for 5 warm-up epochs.
Epoch   1/300 — train_loss: 1.0468  val_loss: 1.0192  freq: 1.6181  spend: 0.4204  w_freq: 0.500  w_spend: 0.500
Epoch   2/300 — train_loss: 0.9974  val_loss: 0.9480  freq: 1.4764  spend: 0.4195  w_freq: 0.500  w_spend: 0.500
Epoch   3/300 — train_loss: 0.8993  val_loss: 0.8163  freq: 1.2159  spend: 0.4167  w_freq: 0.500  w_spend: 0.500
Epoch   4/300 — train_loss: 0.7305  val_loss: 0.5769  freq: 0.7449  spend: 0.4089  w_freq: 0.500  w_spend: 0.500
Epoch   5/300 — train_loss: 0.4650  val_loss: 0.3693  freq: 0.3301  spend: 0.4085  w_freq: 0.500  w_spend: 0.500
[Kendall] log_vars unfrozen at epoch 6.
Epoch   6/300 — train_loss: 0.3737  val_loss: 0.3504  freq: 0.2942  spend: 0.4105  w_freq: 0.501  w_spend: 0.501
Epoch   7/300 — train_loss: 0.3644  val_loss: 0.3347  freq: 0.2767  spend: 0.4017  w_freq: 0.502  w_spend: 0.502
Epoch   8/300 — train_loss: 0.3458  val_loss: 0.3282  freq: 0.2701  spend: 0.4016  w_freq: 0.505  w_spend: 0.504
Epoch   9/300 — train_loss: 0.3331  val_loss: 0.3176  freq: 0.2664  spend: 0.3908  w_freq: 0.507  w_spend: 0.507
Epoch  10/300 — train_loss: 0.3226  val_loss: 0.3077  freq: 0.2629  spend: 0.3824  w_freq: 0.510  w_spend: 0.509
Epoch  11/300 — train_loss: 0.3056  val_loss: 0.3001  freq: 0.2595  spend: 0.3789  w_freq: 0.513  w_spend: 0.512
Epoch  12/300 — train_loss: 0.2850  val_loss: 0.2596  freq: 0.2591  spend: 0.3069  w_freq: 0.516  w_spend: 0.515
Epoch  13/300 — train_loss: 0.2553  val_loss: 0.2333  freq: 0.2582  spend: 0.2650  w_freq: 0.518  w_spend: 0.518

Training failed with a repairable error: FloatingPointError: Non-finite gradients in lstm.weight_ih_l0
Metrics saved: /kaggle/working/results/tables/lstm_joint_uci_v3_seed42_sample_metrics.json
Retrying once as robustness repair (amp_disabled) ...
Config: experiments/configs/lstm_joint_uci_v3.yaml
Run: lstm_joint_uci_v3_seed42_sample_repair
Device: cuda
Loading dataset: uci ...
[pipeline] freq_cap=4 (auto q=0.99) → freq_bins=[0, 1, 2, 3]... (n_classes=5)
  Train customers: 4437, Val: 493, Inference: 4930
[uci] Customers with 0 calibration transactions: 0 / 4930
  top-bin decode: class_values[-1] = 5.515 (max_trans = 4)
Model: lstm — 98,262 parameters

Training for up to 300 epochs ...
/kaggle/working/thesis-code/src/training/trainer.py:116: FutureWarning: `torch.cuda.amp.GradScaler(args...)` is deprecated. Please use `torch.amp.GradScaler('cuda', args...)` instead.
  self.scaler = torch.cuda.amp.GradScaler(enabled=self.amp_enabled)
[Kendall] log_vars frozen for 5 warm-up epochs.
Epoch   1/300 — train_loss: 1.0468  val_loss: 1.0192  freq: 1.6181  spend: 0.4204  w_freq: 0.500  w_spend: 0.500
Epoch   2/300 — train_loss: 0.9973  val_loss: 0.9480  freq: 1.4764  spend: 0.4195  w_freq: 0.500  w_spend: 0.500
Epoch   3/300 — train_loss: 0.8994  val_loss: 0.8163  freq: 1.2158  spend: 0.4168  w_freq: 0.500  w_spend: 0.500
Epoch   4/300 — train_loss: 0.7306  val_loss: 0.5768  freq: 0.7447  spend: 0.4088  w_freq: 0.500  w_spend: 0.500
Epoch   5/300 — train_loss: 0.4652  val_loss: 0.3694  freq: 0.3302  spend: 0.4085  w_freq: 0.500  w_spend: 0.500
[Kendall] log_vars unfrozen at epoch 6.
Epoch   6/300 — train_loss: 0.3734  val_loss: 0.3503  freq: 0.2941  spend: 0.4104  w_freq: 0.501  w_spend: 0.501
Epoch   7/300 — train_loss: 0.3647  val_loss: 0.3347  freq: 0.2768  spend: 0.4017  w_freq: 0.502  w_spend: 0.502
Epoch   8/300 — train_loss: 0.3455  val_loss: 0.3283  freq: 0.2700  spend: 0.4017  w_freq: 0.505  w_spend: 0.504
Epoch   9/300 — train_loss: 0.3336  val_loss: 0.3176  freq: 0.2663  spend: 0.3909  w_freq: 0.507  w_spend: 0.507
Epoch  10/300 — train_loss: 0.3228  val_loss: 0.3078  freq: 0.2629  spend: 0.3827  w_freq: 0.510  w_spend: 0.509
Epoch  11/300 — train_loss: 0.3043  val_loss: 0.2830  freq: 0.2590  spend: 0.3459  w_freq: 0.513  w_spend: 0.512
Epoch  12/300 — train_loss: 0.2714  val_loss: 0.2437  freq: 0.2580  spend: 0.2776  w_freq: 0.516  w_spend: 0.515
Epoch  13/300 — train_loss: 0.2495  val_loss: 0.2221  freq: 0.2575  spend: 0.2419  w_freq: 0.518  w_spend: 0.518
Epoch  14/300 — train_loss: 0.2288  val_loss: 0.2091  freq: 0.2572  spend: 0.2225  w_freq: 0.520  w_spend: 0.520
Epoch  15/300 — train_loss: 0.2196  val_loss: 0.2380  freq: 0.2576  spend: 0.2826  w_freq: 0.522  w_spend: 0.522
Epoch  16/300 — train_loss: 0.2099  val_loss: 0.2000  freq: 0.2565  spend: 0.2155  w_freq: 0.523  w_spend: 0.524
Epoch  17/300 — train_loss: 0.2041  val_loss: 0.1907  freq: 0.2565  spend: 0.2015  w_freq: 0.525  w_spend: 0.525
Epoch  18/300 — train_loss: 0.1892  val_loss: 0.1824  freq: 0.2558  spend: 0.1914  w_freq: 0.526  w_spend: 0.527
Epoch  19/300 — train_loss: 0.1913  val_loss: 0.1822  freq: 0.2555  spend: 0.1977  w_freq: 0.528  w_spend: 0.529
Epoch  20/300 — train_loss: 0.1697  val_loss: 0.1794  freq: 0.2551  spend: 0.1992  w_freq: 0.530  w_spend: 0.532
Epoch  21/300 — train_loss: 0.1688  val_loss: 0.1807  freq: 0.2552  spend: 0.2077  w_freq: 0.532  w_spend: 0.535
Epoch  22/300 — train_loss: 0.1591  val_loss: 0.1672  freq: 0.2552  spend: 0.1882  w_freq: 0.534  w_spend: 0.537
Epoch  23/300 — train_loss: 0.1548  val_loss: 0.1492  freq: 0.2536  spend: 0.1625  w_freq: 0.536  w_spend: 0.539
Epoch  24/300 — train_loss: 0.1421  val_loss: 0.1426  freq: 0.2527  spend: 0.1601  w_freq: 0.538  w_spend: 0.543
Epoch  25/300 — train_loss: 0.1530  val_loss: 0.1565  freq: 0.2523  spend: 0.1925  w_freq: 0.541  w_spend: 0.546
Epoch  26/300 — train_loss: 0.1337  val_loss: 0.1394  freq: 0.2524  spend: 0.1688  w_freq: 0.543  w_spend: 0.549
Epoch  27/300 — train_loss: 0.1275  val_loss: 0.1347  freq: 0.2510  spend: 0.1688  w_freq: 0.546  w_spend: 0.552
Epoch  28/300 — train_loss: 0.1216  val_loss: 0.1265  freq: 0.2513  spend: 0.1610  w_freq: 0.548  w_spend: 0.555
Epoch  29/300 — train_loss: 0.1123  val_loss: 0.1203  freq: 0.2511  spend: 0.1609  w_freq: 0.551  w_spend: 0.559
Epoch  30/300 — train_loss: 0.1021  val_loss: 0.1007  freq: 0.2494  spend: 0.1381  w_freq: 0.555  w_spend: 0.564
Epoch  31/300 — train_loss: 0.0944  val_loss: 0.1050  freq: 0.2491  spend: 0.1563  w_freq: 0.559  w_spend: 0.569
Epoch  32/300 — train_loss: 0.0843  val_loss: 0.0889  freq: 0.2473  spend: 0.1402  w_freq: 0.562  w_spend: 0.574
Epoch  33/300 — train_loss: 0.0776  val_loss: 0.0843  freq: 0.2469  spend: 0.1430  w_freq: 0.566  w_spend: 0.578
Epoch  34/300 — train_loss: 0.0723  val_loss: 0.0691  freq: 0.2458  spend: 0.1262  w_freq: 0.570  w_spend: 0.583
Epoch  35/300 — train_loss: 0.0572  val_loss: 0.0646  freq: 0.2456  spend: 0.1275  w_freq: 0.573  w_spend: 0.587
Epoch  36/300 — train_loss: 0.0557  val_loss: 0.0579  freq: 0.2453  spend: 0.1274  w_freq: 0.577  w_spend: 0.592
Epoch  37/300 — train_loss: 0.0419  val_loss: 0.0517  freq: 0.2450  spend: 0.1287  w_freq: 0.581  w_spend: 0.597
Epoch  38/300 — train_loss: 0.0375  val_loss: 0.0619  freq: 0.2446  spend: 0.1543  w_freq: 0.585  w_spend: 0.602
Epoch  39/300 — train_loss: 0.0395  val_loss: 0.0392  freq: 0.2447  spend: 0.1241  w_freq: 0.588  w_spend: 0.606
Epoch  40/300 — train_loss: 0.0228  val_loss: 0.0344  freq: 0.2472  spend: 0.1250  w_freq: 0.592  w_spend: 0.611
Epoch  41/300 — train_loss: 0.0127  val_loss: 0.0243  freq: 0.2447  spend: 0.1217  w_freq: 0.597  w_spend: 0.617
Epoch  42/300 — train_loss: -0.0021  val_loss: 0.0241  freq: 0.2447  spend: 0.1316  w_freq: 0.601  w_spend: 0.622
Epoch  43/300 — train_loss: -0.0012  val_loss: 0.0204  freq: 0.2433  spend: 0.1354  w_freq: 0.605  w_spend: 0.627
Epoch  44/300 — train_loss: -0.0149  val_loss: 0.0230  freq: 0.2436  spend: 0.1474  w_freq: 0.609  w_spend: 0.632
Epoch  45/300 — train_loss: -0.0192  val_loss: -0.0001  freq: 0.2430  spend: 0.1195  w_freq: 0.613  w_spend: 0.637
Epoch  46/300 — train_loss: -0.0212  val_loss: 0.0001  freq: 0.2441  spend: 0.1274  w_freq: 0.616  w_spend: 0.641
Epoch  47/300 — train_loss: -0.0320  val_loss: 0.0004  freq: 0.2441  spend: 0.1369  w_freq: 0.620  w_spend: 0.646
Epoch  48/300 — train_loss: -0.0418  val_loss: -0.0074  freq: 0.2425  spend: 0.1360  w_freq: 0.625  w_spend: 0.652
Epoch  49/300 — train_loss: -0.0471  val_loss: -0.0223  freq: 0.2423  spend: 0.1215  w_freq: 0.629  w_spend: 0.657
Epoch  50/300 — train_loss: -0.0529  val_loss: -0.0253  freq: 0.2423  spend: 0.1270  w_freq: 0.634  w_spend: 0.663
Epoch  51/300 — train_loss: -0.0627  val_loss: -0.0314  freq: 0.2423  spend: 0.1281  w_freq: 0.639  w_spend: 0.669
Epoch  52/300 — train_loss: -0.0733  val_loss: -0.0405  freq: 0.2420  spend: 0.1251  w_freq: 0.644  w_spend: 0.676
Epoch  53/300 — train_loss: -0.0841  val_loss: -0.0398  freq: 0.2425  spend: 0.1341  w_freq: 0.649  w_spend: 0.682
Epoch  54/300 — train_loss: -0.0914  val_loss: -0.0510  freq: 0.2423  spend: 0.1259  w_freq: 0.653  w_spend: 0.687
Epoch  55/300 — train_loss: -0.0948  val_loss: -0.0605  freq: 0.2422  spend: 0.1214  w_freq: 0.658  w_spend: 0.693
Epoch  56/300 — train_loss: -0.1007  val_loss: -0.0607  freq: 0.2418  spend: 0.1300  w_freq: 0.663  w_spend: 0.700
Epoch  57/300 — train_loss: -0.1112  val_loss: -0.0722  freq: 0.2415  spend: 0.1218  w_freq: 0.667  w_spend: 0.705
Epoch  58/300 — train_loss: -0.1214  val_loss: -0.0794  freq: 0.2414  spend: 0.1193  w_freq: 0.672  w_spend: 0.711
Epoch  59/300 — train_loss: -0.1286  val_loss: -0.0699  freq: 0.2412  spend: 0.1396  w_freq: 0.676  w_spend: 0.716
Epoch  60/300 — train_loss: -0.1387  val_loss: -0.0817  freq: 0.2413  spend: 0.1299  w_freq: 0.680  w_spend: 0.721
Epoch  61/300 — train_loss: -0.1429  val_loss: -0.0900  freq: 0.2415  spend: 0.1256  w_freq: 0.684  w_spend: 0.726
Epoch  62/300 — train_loss: -0.1540  val_loss: -0.0865  freq: 0.2431  spend: 0.1367  w_freq: 0.689  w_spend: 0.733
Epoch  63/300 — train_loss: -0.1583  val_loss: -0.1077  freq: 0.2410  spend: 0.1193  w_freq: 0.694  w_spend: 0.739
Epoch  64/300 — train_loss: -0.1683  val_loss: -0.1059  freq: 0.2412  spend: 0.1295  w_freq: 0.699  w_spend: 0.747
Epoch  65/300 — train_loss: -0.1749  val_loss: -0.1013  freq: 0.2412  spend: 0.1422  w_freq: 0.704  w_spend: 0.753
Epoch  66/300 — train_loss: -0.1823  val_loss: -0.1247  freq: 0.2414  spend: 0.1180  w_freq: 0.708  w_spend: 0.758
Epoch  67/300 — train_loss: -0.1889  val_loss: -0.1256  freq: 0.2420  spend: 0.1235  w_freq: 0.713  w_spend: 0.764
Epoch  68/300 — train_loss: -0.2026  val_loss: -0.1285  freq: 0.2410  spend: 0.1286  w_freq: 0.718  w_spend: 0.771
Epoch  69/300 — train_loss: -0.2018  val_loss: -0.1213  freq: 0.2412  spend: 0.1444  w_freq: 0.723  w_spend: 0.778
Epoch  70/300 — train_loss: -0.2055  val_loss: -0.1275  freq: 0.2410  spend: 0.1423  w_freq: 0.727  w_spend: 0.783
Epoch  71/300 — train_loss: -0.2164  val_loss: -0.1447  freq: 0.2408  spend: 0.1267  w_freq: 0.732  w_spend: 0.789
Epoch  72/300 — train_loss: -0.2237  val_loss: -0.1412  freq: 0.2407  spend: 0.1373  w_freq: 0.736  w_spend: 0.794
Epoch  73/300 — train_loss: -0.2313  val_loss: -0.1505  freq: 0.2409  spend: 0.1319  w_freq: 0.741  w_spend: 0.800
Epoch  74/300 — train_loss: -0.2435  val_loss: -0.1457  freq: 0.2411  spend: 0.1441  w_freq: 0.746  w_spend: 0.807
Epoch  75/300 — train_loss: -0.2516  val_loss: -0.1529  freq: 0.2410  spend: 0.1421  w_freq: 0.751  w_spend: 0.813
Epoch  76/300 — train_loss: -0.2557  val_loss: -0.1666  freq: 0.2415  spend: 0.1315  w_freq: 0.756  w_spend: 0.820
Epoch  77/300 — train_loss: -0.2670  val_loss: -0.1814  freq: 0.2406  spend: 0.1211  w_freq: 0.761  w_spend: 0.827
Epoch  78/300 — train_loss: -0.2714  val_loss: -0.1794  freq: 0.2409  spend: 0.1295  w_freq: 0.766  w_spend: 0.834
Epoch  79/300 — train_loss: -0.2836  val_loss: -0.1744  freq: 0.2409  spend: 0.1411  w_freq: 0.771  w_spend: 0.841
Epoch  80/300 — train_loss: -0.2844  val_loss: -0.1826  freq: 0.2412  spend: 0.1360  w_freq: 0.775  w_spend: 0.847
Epoch  81/300 — train_loss: -0.2947  val_loss: -0.1630  freq: 0.2419  spend: 0.1630  w_freq: 0.779  w_spend: 0.852
Epoch  82/300 — train_loss: -0.2937  val_loss: -0.1879  freq: 0.2409  spend: 0.1390  w_freq: 0.783  w_spend: 0.857
Epoch  83/300 — train_loss: -0.3055  val_loss: -0.1977  freq: 0.2408  spend: 0.1321  w_freq: 0.786  w_spend: 0.862
Epoch  84/300 — train_loss: -0.3042  val_loss: -0.2026  freq: 0.2412  spend: 0.1312  w_freq: 0.791  w_spend: 0.868
Epoch  85/300 — train_loss: -0.3152  val_loss: -0.1983  freq: 0.2409  spend: 0.1413  w_freq: 0.795  w_spend: 0.874
Epoch  86/300 — train_loss: -0.3273  val_loss: -0.1982  freq: 0.2408  spend: 0.1463  w_freq: 0.799  w_spend: 0.880
Epoch  87/300 — train_loss: -0.3286  val_loss: -0.2055  freq: 0.2408  spend: 0.1429  w_freq: 0.804  w_spend: 0.886
Epoch  88/300 — train_loss: -0.3320  val_loss: -0.2196  freq: 0.2407  spend: 0.1322  w_freq: 0.808  w_spend: 0.892
Epoch  89/300 — train_loss: -0.3485  val_loss: -0.2095  freq: 0.2407  spend: 0.1484  w_freq: 0.813  w_spend: 0.899
Epoch  90/300 — train_loss: -0.3544  val_loss: -0.2199  freq: 0.2413  spend: 0.1409  w_freq: 0.817  w_spend: 0.905
Epoch  91/300 — train_loss: -0.3568  val_loss: -0.2303  freq: 0.2410  spend: 0.1343  w_freq: 0.822  w_spend: 0.911
Epoch  92/300 — train_loss: -0.3657  val_loss: -0.2253  freq: 0.2409  spend: 0.1442  w_freq: 0.826  w_spend: 0.917
Epoch  93/300 — train_loss: -0.3732  val_loss: -0.2470  freq: 0.2408  spend: 0.1255  w_freq: 0.831  w_spend: 0.924
Epoch  94/300 — train_loss: -0.3785  val_loss: -0.2469  freq: 0.2409  spend: 0.1300  w_freq: 0.835  w_spend: 0.930
Epoch  95/300 — train_loss: -0.3860  val_loss: -0.2357  freq: 0.2408  spend: 0.1465  w_freq: 0.840  w_spend: 0.937
Epoch  96/300 — train_loss: -0.3940  val_loss: -0.2436  freq: 0.2408  spend: 0.1423  w_freq: 0.844  w_spend: 0.943
Epoch  97/300 — train_loss: -0.3927  val_loss: -0.2446  freq: 0.2409  spend: 0.1455  w_freq: 0.848  w_spend: 0.950
Epoch  98/300 — train_loss: -0.4009  val_loss: -0.2373  freq: 0.2406  spend: 0.1569  w_freq: 0.853  w_spend: 0.956
Epoch  99/300 — train_loss: -0.4143  val_loss: -0.2346  freq: 0.2416  spend: 0.1625  w_freq: 0.856  w_spend: 0.961
Epoch 100/300 — train_loss: -0.4169  val_loss: -0.2354  freq: 0.2410  spend: 0.1659  w_freq: 0.861  w_spend: 0.967
Epoch 101/300 — train_loss: -0.4149  val_loss: -0.2432  freq: 0.2406  spend: 0.1613  w_freq: 0.864  w_spend: 0.973
Epoch 102/300 — train_loss: -0.4346  val_loss: -0.2650  freq: 0.2408  spend: 0.1427  w_freq: 0.868  w_spend: 0.979
Epoch 103/300 — train_loss: -0.4363  val_loss: -0.2452  freq: 0.2408  spend: 0.1664  w_freq: 0.873  w_spend: 0.985
Epoch 104/300 — train_loss: -0.4412  val_loss: -0.2420  freq: 0.2406  spend: 0.1734  w_freq: 0.877  w_spend: 0.991
Epoch 105/300 — train_loss: -0.4503  val_loss: -0.2616  freq: 0.2410  spend: 0.1573  w_freq: 0.881  w_spend: 0.998
Epoch 106/300 — train_loss: -0.4555  val_loss: -0.2368  freq: 0.2407  spend: 0.1855  w_freq: 0.885  w_spend: 1.004
Epoch 107/300 — train_loss: -0.4571  val_loss: -0.2710  freq: 0.2407  spend: 0.1544  w_freq: 0.889  w_spend: 1.010
Epoch 108/300 — train_loss: -0.4714  val_loss: -0.2477  freq: 0.2409  spend: 0.1800  w_freq: 0.893  w_spend: 1.015
Epoch 109/300 — train_loss: -0.4697  val_loss: -0.2748  freq: 0.2407  spend: 0.1569  w_freq: 0.896  w_spend: 1.021
Epoch 110/300 — train_loss: -0.4870  val_loss: -0.2665  freq: 0.2406  spend: 0.1685  w_freq: 0.901  w_spend: 1.028
Epoch 111/300 — train_loss: -0.4817  val_loss: -0.2735  freq: 0.2407  spend: 0.1647  w_freq: 0.905  w_spend: 1.034
Epoch 112/300 — train_loss: -0.5002  val_loss: -0.2965  freq: 0.2411  spend: 0.1452  w_freq: 0.909  w_spend: 1.040
Epoch 113/300 — train_loss: -0.4923  val_loss: -0.2776  freq: 0.2403  spend: 0.1669  w_freq: 0.913  w_spend: 1.046
Epoch 114/300 — train_loss: -0.5097  val_loss: -0.2842  freq: 0.2408  spend: 0.1629  w_freq: 0.916  w_spend: 1.052
Epoch 115/300 — train_loss: -0.5088  val_loss: -0.2211  freq: 0.2407  spend: 0.2250  w_freq: 0.920  w_spend: 1.057
Epoch 116/300 — train_loss: -0.5110  val_loss: -0.2938  freq: 0.2404  spend: 0.1589  w_freq: 0.923  w_spend: 1.062
Epoch 117/300 — train_loss: -0.5262  val_loss: -0.2914  freq: 0.2408  spend: 0.1634  w_freq: 0.926  w_spend: 1.067
Epoch 118/300 — train_loss: -0.5303  val_loss: -0.2443  freq: 0.2408  spend: 0.2104  w_freq: 0.930  w_spend: 1.074
Epoch 119/300 — train_loss: -0.5375  val_loss: -0.2734  freq: 0.2407  spend: 0.1862  w_freq: 0.934  w_spend: 1.081
Epoch 120/300 — train_loss: -0.5480  val_loss: -0.2577  freq: 0.2406  spend: 0.2033  w_freq: 0.938  w_spend: 1.087
Epoch 121/300 — train_loss: -0.5564  val_loss: -0.2636  freq: 0.2409  spend: 0.2001  w_freq: 0.942  w_spend: 1.093
Epoch 122/300 — train_loss: -0.5607  val_loss: -0.2542  freq: 0.2406  spend: 0.2112  w_freq: 0.946  w_spend: 1.099
Epoch 123/300 — train_loss: -0.5627  val_loss: -0.2502  freq: 0.2406  spend: 0.2169  w_freq: 0.949  w_spend: 1.105
Epoch 124/300 — train_loss: -0.5726  val_loss: -0.2573  freq: 0.2406  spend: 0.2127  w_freq: 0.953  w_spend: 1.111
Epoch 125/300 — train_loss: -0.5834  val_loss: -0.2648  freq: 0.2406  spend: 0.2080  w_freq: 0.956  w_spend: 1.117
Epoch 126/300 — train_loss: -0.5778  val_loss: -0.2870  freq: 0.2413  spend: 0.1897  w_freq: 0.960  w_spend: 1.122
Epoch 127/300 — train_loss: -0.5874  val_loss: -0.2710  freq: 0.2406  spend: 0.2065  w_freq: 0.963  w_spend: 1.128
Epoch 128/300 — train_loss: -0.6006  val_loss: -0.2221  freq: 0.2407  spend: 0.2515  w_freq: 0.966  w_spend: 1.133
Epoch 129/300 — train_loss: -0.6052  val_loss: -0.2481  freq: 0.2408  spend: 0.2304  w_freq: 0.970  w_spend: 1.139
Epoch 130/300 — train_loss: -0.5997  val_loss: -0.2698  freq: 0.2407  spend: 0.2135  w_freq: 0.973  w_spend: 1.145
Epoch 131/300 — train_loss: -0.6111  val_loss: -0.2600  freq: 0.2404  spend: 0.2241  w_freq: 0.977  w_spend: 1.151
Epoch 132/300 — train_loss: -0.6224  val_loss: -0.2698  freq: 0.2406  spend: 0.2171  w_freq: 0.980  w_spend: 1.156
Early stopping triggered at epoch 132.

Checkpoint saved: /kaggle/working/results/checkpoints/lstm_joint_uci_v3_seed42_sample_repair.pt
Validation-fitted softmax temperature: 0.7500

Duan's smearing factor (val): 1.2039
Validation aggregate calibration: freq_factor=1.7812, spend_factor=1.5655

Running autoregressive inference on holdout period ...
  inference mode: sample  n_scenarios: 200  temperature: 0.7500

=== Prediction Diagnostics ===
  Mean predicted freq/week:    0.0173
  Mean actual freq/week:       0.0656
  Over-prediction ratio:       0.263x
  Customers predicted as zero total:  0.787
  Customers actually zero total:      0.484
  Non-zero rate (pred, avg > 0.05):  0.063
  Non-zero rate (true):               0.055

Metrics saved: /kaggle/working/results/tables/lstm_joint_uci_v3_seed42_sample_repair_metrics.json
Array artifacts saved: /kaggle/working/results/tables/lstm_joint_uci_v3_seed42_sample_repair_arrays.npz

=== Holdout Evaluation ===
  metric_definition_version: valendin_aggregate_mape_v1
  freq_rmse: 2.8406
  freq_mae: 1.2356
  freq_normalized_gini: 0.7597
  freq_calibration_factor: 1.7812
  freq_horizon_abs_bias_pct: 53.0929
  bias_pct: -53.0929
  freq_weekly_mae: 171.7963
  freq_weekly_total_true: 8413.0000
  freq_weekly_total_pred: 3946.2951
  freq_valendin_mape: 53.0929
  freq_horizon_bias_pct: -53.0929
  freq_weekly_mean_pct_mape: 50.3809
  freq_weekly_mean_pct_bias_pct: -50.3809
  freq_weekly_bias_pct: -53.0929
  freq_weekly_mape: 53.0929
  freq_mape: 53.0929
  freq_mase: 0.7175
  freq_mase_scale: 0.1146
  smearing_factor: 1.2039
  spend_calibration_factor: 1.5655
  spend_mae_raw: 621.3367
  spend_rmse_raw: 3470.3545
  spend_normalized_gini: 0.8558
  spend_mae_log: 2.5355
  spend_rmse_log: 2.9618
  spend_r2_log: 0.2226
  spend_bias_pct: -56.4131
  spend_weekly_mae: 92581.0620
  spend_weekly_total_true: 4266929.6797
  spend_weekly_total_pred: 1859822.0670
  spend_valendin_mape: 56.4131
  spend_horizon_abs_bias_pct: 56.4131
  spend_horizon_bias_pct: -56.4131
  spend_weekly_mean_pct_mape: 53.1593
  spend_weekly_mean_pct_bias_pct: -53.1593
  spend_weekly_bias_pct: -56.4131
  spend_weekly_mape: 56.4131
  spend_mase: 1.0942
  spend_mase_scale: 36.7368
  clv_mae: 605.1146
  clv_rmse: 3382.0698
  clv_spearman: 0.5970
  clv_decile_lift: 6.2484
  clv_normalized_gini: 0.8562
  clv_total_true: 4160751.5000
  clv_total_pred: 1819407.5000
  calibration_temperature_source: rolling_origin_autoregressive
  validation_temperature: 0.7500
  smearing_source: rolling_origin_autoregressive
  calibration_source: rolling_origin_autoregressive
  validation_freq_true_total: 662.0000
  validation_freq_pred_total: 258.3558
  validation_spend_true_total: 287846.2422
  validation_spend_pred_total: 135078.3008
  validation_freq_calibration_factor: 1.7812
  validation_spend_calibration_factor: 1.5655
  validation_rolling_origin_count: 2
  protocol_name: uci_configured_78x26
  cohort_size: 4930
  calibration_weeks: 78
  holdout_weeks: 26
  inference_mode: sample
  n_scenarios: 200
  repair_attempted: True
  repair_strategy: amp_disabled
  repair_source_failure_type: FloatingPointError
  training_lr_after_repair: 0.0005
  training_max_grad_norm_after_repair: 0.5000
  training_amp_enabled_after_repair: False
  run_valid: True
  run_invalid_reason: 
  run_warning: 
  epochs_completed: 132
  max_epochs_configured: 300
History saved: /kaggle/working/results/tables/lstm_joint_uci_v3_seed42_sample_repair_history.json
