[Kaggle] raw_dir  → /kaggle/working/input/uci-retail
[Kaggle] results  → /kaggle/working/results
Config: experiments/configs/lstm_joint_uci_v3.yaml
Run: lstm_joint_uci_v3_seed123_sample
Device: cuda
Loading dataset: uci ...
[pipeline] freq_cap=4 (auto q=0.99) → freq_bins=[0, 1, 2, 3]... (n_classes=5)
  Train customers: 4437, Val: 493, Inference: 4930
[uci] Customers with 0 calibration transactions: 0 / 4930
  top-bin decode: class_values[-1] = 5.515 (max_trans = 4)
Model: lstm — 98,262 parameters

Training for up to 300 epochs ...
/kaggle/working/thesis-code/src/training/trainer.py:116: FutureWarning: `torch.cuda.amp.GradScaler(args...)` is deprecated. Please use `torch.amp.GradScaler('cuda', args...)` instead.
  self.scaler = torch.cuda.amp.GradScaler(enabled=self.amp_enabled)
[Kendall] log_vars frozen for 5 warm-up epochs.
Epoch   1/300 — train_loss: 1.0642  val_loss: 1.0432  freq: 1.6692  spend: 0.4172  w_freq: 0.500  w_spend: 0.500
Epoch   2/300 — train_loss: 1.0305  val_loss: 0.9905  freq: 1.5646  spend: 0.4163  w_freq: 0.500  w_spend: 0.500
Epoch   3/300 — train_loss: 0.9595  val_loss: 0.8997  freq: 1.3848  spend: 0.4146  w_freq: 0.500  w_spend: 0.500
Epoch   4/300 — train_loss: 0.8331  val_loss: 0.7192  freq: 1.0282  spend: 0.4102  w_freq: 0.500  w_spend: 0.500
Epoch   5/300 — train_loss: 0.5942  val_loss: 0.4303  freq: 0.4568  spend: 0.4038  w_freq: 0.500  w_spend: 0.500
[Kendall] log_vars unfrozen at epoch 6.
Epoch   6/300 — train_loss: 0.3974  val_loss: 0.3599  freq: 0.3155  spend: 0.4084  w_freq: 0.501  w_spend: 0.501
Epoch   7/300 — train_loss: 0.3651  val_loss: 0.3370  freq: 0.2809  spend: 0.4023  w_freq: 0.503  w_spend: 0.502
Epoch   8/300 — train_loss: 0.3462  val_loss: 0.3275  freq: 0.2706  spend: 0.3999  w_freq: 0.505  w_spend: 0.504
Epoch   9/300 — train_loss: 0.3347  val_loss: 0.3176  freq: 0.2664  spend: 0.3916  w_freq: 0.507  w_spend: 0.507
Epoch  10/300 — train_loss: 0.3275  val_loss: 0.3094  freq: 0.2635  spend: 0.3863  w_freq: 0.510  w_spend: 0.510
Epoch  11/300 — train_loss: 0.3099  val_loss: 0.2791  freq: 0.2586  spend: 0.3405  w_freq: 0.514  w_spend: 0.513
Epoch  12/300 — train_loss: 0.2853  val_loss: 0.2681  freq: 0.2604  spend: 0.3247  w_freq: 0.517  w_spend: 0.516
Epoch  13/300 — train_loss: 0.2630  val_loss: 0.2318  freq: 0.2570  spend: 0.2661  w_freq: 0.519  w_spend: 0.519

Training failed with a repairable error: FloatingPointError: Non-finite gradients in lstm.weight_ih_l0
Metrics saved: /kaggle/working/results/tables/lstm_joint_uci_v3_seed123_sample_metrics.json
Retrying once as robustness repair (amp_disabled) ...
Config: experiments/configs/lstm_joint_uci_v3.yaml
Run: lstm_joint_uci_v3_seed123_sample_repair
Device: cuda
Loading dataset: uci ...
[pipeline] freq_cap=4 (auto q=0.99) → freq_bins=[0, 1, 2, 3]... (n_classes=5)
  Train customers: 4437, Val: 493, Inference: 4930
[uci] Customers with 0 calibration transactions: 0 / 4930
  top-bin decode: class_values[-1] = 5.515 (max_trans = 4)
Model: lstm — 98,262 parameters

Training for up to 300 epochs ...
/kaggle/working/thesis-code/src/training/trainer.py:116: FutureWarning: `torch.cuda.amp.GradScaler(args...)` is deprecated. Please use `torch.amp.GradScaler('cuda', args...)` instead.
  self.scaler = torch.cuda.amp.GradScaler(enabled=self.amp_enabled)
[Kendall] log_vars frozen for 5 warm-up epochs.
Epoch   1/300 — train_loss: 1.0642  val_loss: 1.0432  freq: 1.6692  spend: 0.4172  w_freq: 0.500  w_spend: 0.500
Epoch   2/300 — train_loss: 1.0306  val_loss: 0.9905  freq: 1.5646  spend: 0.4163  w_freq: 0.500  w_spend: 0.500
Epoch   3/300 — train_loss: 0.9596  val_loss: 0.8997  freq: 1.3848  spend: 0.4146  w_freq: 0.500  w_spend: 0.500
Epoch   4/300 — train_loss: 0.8331  val_loss: 0.7193  freq: 1.0284  spend: 0.4102  w_freq: 0.500  w_spend: 0.500
Epoch   5/300 — train_loss: 0.5943  val_loss: 0.4303  freq: 0.4569  spend: 0.4037  w_freq: 0.500  w_spend: 0.500
[Kendall] log_vars unfrozen at epoch 6.
Epoch   6/300 — train_loss: 0.3973  val_loss: 0.3602  freq: 0.3158  spend: 0.4087  w_freq: 0.501  w_spend: 0.501
Epoch   7/300 — train_loss: 0.3654  val_loss: 0.3371  freq: 0.2810  spend: 0.4024  w_freq: 0.503  w_spend: 0.502
Epoch   8/300 — train_loss: 0.3462  val_loss: 0.3276  freq: 0.2706  spend: 0.4000  w_freq: 0.505  w_spend: 0.504
Epoch   9/300 — train_loss: 0.3344  val_loss: 0.3177  freq: 0.2664  spend: 0.3917  w_freq: 0.507  w_spend: 0.507
Epoch  10/300 — train_loss: 0.3281  val_loss: 0.3095  freq: 0.2638  spend: 0.3862  w_freq: 0.510  w_spend: 0.510
Epoch  11/300 — train_loss: 0.3099  val_loss: 0.2777  freq: 0.2600  spend: 0.3364  w_freq: 0.514  w_spend: 0.513
Epoch  12/300 — train_loss: 0.2822  val_loss: 0.2649  freq: 0.2612  spend: 0.3178  w_freq: 0.517  w_spend: 0.516
Epoch  13/300 — train_loss: 0.2603  val_loss: 0.2379  freq: 0.2579  spend: 0.2758  w_freq: 0.519  w_spend: 0.519
Epoch  14/300 — train_loss: 0.2409  val_loss: 0.2155  freq: 0.2573  spend: 0.2391  w_freq: 0.522  w_spend: 0.521
Epoch  15/300 — train_loss: 0.2199  val_loss: 0.2193  freq: 0.2572  spend: 0.2511  w_freq: 0.523  w_spend: 0.523
Epoch  16/300 — train_loss: 0.2295  val_loss: 0.2273  freq: 0.2576  spend: 0.2692  w_freq: 0.525  w_spend: 0.525
Epoch  17/300 — train_loss: 0.2345  val_loss: 0.2181  freq: 0.2572  spend: 0.2550  w_freq: 0.526  w_spend: 0.526
Epoch  18/300 — train_loss: 0.2076  val_loss: 0.1884  freq: 0.2566  spend: 0.2034  w_freq: 0.527  w_spend: 0.527
Epoch  19/300 — train_loss: 0.2014  val_loss: 0.2213  freq: 0.2571  spend: 0.2693  w_freq: 0.528  w_spend: 0.529
Epoch  20/300 — train_loss: 0.1937  val_loss: 0.1926  freq: 0.2558  spend: 0.2203  w_freq: 0.530  w_spend: 0.531
Epoch  21/300 — train_loss: 0.1847  val_loss: 0.1708  freq: 0.2553  spend: 0.1854  w_freq: 0.531  w_spend: 0.533
Epoch  22/300 — train_loss: 0.1701  val_loss: 0.1683  freq: 0.2551  spend: 0.1871  w_freq: 0.533  w_spend: 0.535
Epoch  23/300 — train_loss: 0.1704  val_loss: 0.1836  freq: 0.2544  spend: 0.2219  w_freq: 0.535  w_spend: 0.537
Epoch  24/300 — train_loss: 0.1870  val_loss: 0.1727  freq: 0.2540  spend: 0.2058  w_freq: 0.537  w_spend: 0.540
Epoch  25/300 — train_loss: 0.1675  val_loss: 0.1814  freq: 0.2536  spend: 0.2280  w_freq: 0.539  w_spend: 0.542
Epoch  26/300 — train_loss: 0.1690  val_loss: 0.1496  freq: 0.2528  spend: 0.1747  w_freq: 0.540  w_spend: 0.544
Epoch  27/300 — train_loss: 0.1441  val_loss: 0.1469  freq: 0.2517  spend: 0.1784  w_freq: 0.542  w_spend: 0.546
Epoch  28/300 — train_loss: 0.1327  val_loss: 0.1296  freq: 0.2499  spend: 0.1554  w_freq: 0.545  w_spend: 0.549
Epoch  29/300 — train_loss: 0.1419  val_loss: 0.1331  freq: 0.2504  spend: 0.1679  w_freq: 0.547  w_spend: 0.552
Epoch  30/300 — train_loss: 0.1221  val_loss: 0.1204  freq: 0.2478  spend: 0.1547  w_freq: 0.549  w_spend: 0.555
Epoch  31/300 — train_loss: 0.1242  val_loss: 0.1174  freq: 0.2490  spend: 0.1546  w_freq: 0.552  w_spend: 0.558
Epoch  32/300 — train_loss: 0.1141  val_loss: 0.1185  freq: 0.2473  spend: 0.1652  w_freq: 0.554  w_spend: 0.561
Epoch  33/300 — train_loss: 0.1013  val_loss: 0.1088  freq: 0.2474  spend: 0.1551  w_freq: 0.557  w_spend: 0.564
Epoch  34/300 — train_loss: 0.1000  val_loss: 0.0999  freq: 0.2461  spend: 0.1477  w_freq: 0.559  w_spend: 0.568
Epoch  35/300 — train_loss: 0.0864  val_loss: 0.0847  freq: 0.2476  spend: 0.1283  w_freq: 0.562  w_spend: 0.571
Epoch  36/300 — train_loss: 0.0857  val_loss: 0.1132  freq: 0.2479  spend: 0.1859  w_freq: 0.565  w_spend: 0.575
Epoch  37/300 — train_loss: 0.0878  val_loss: 0.0819  freq: 0.2455  spend: 0.1410  w_freq: 0.568  w_spend: 0.579
Epoch  38/300 — train_loss: 0.0756  val_loss: 0.0845  freq: 0.2459  spend: 0.1549  w_freq: 0.571  w_spend: 0.583
Epoch  39/300 — train_loss: 0.0633  val_loss: 0.0671  freq: 0.2452  spend: 0.1340  w_freq: 0.575  w_spend: 0.587
Epoch  40/300 — train_loss: 0.0519  val_loss: 0.0618  freq: 0.2449  spend: 0.1342  w_freq: 0.578  w_spend: 0.591
Epoch  41/300 — train_loss: 0.0482  val_loss: 0.0549  freq: 0.2443  spend: 0.1330  w_freq: 0.581  w_spend: 0.596
Epoch  42/300 — train_loss: 0.0572  val_loss: 0.0662  freq: 0.2443  spend: 0.1592  w_freq: 0.585  w_spend: 0.601
Epoch  43/300 — train_loss: 0.0362  val_loss: 0.0500  freq: 0.2455  spend: 0.1389  w_freq: 0.588  w_spend: 0.604
Epoch  44/300 — train_loss: 0.0195  val_loss: 0.0335  freq: 0.2431  spend: 0.1247  w_freq: 0.592  w_spend: 0.609
Epoch  45/300 — train_loss: 0.0169  val_loss: 0.0222  freq: 0.2445  spend: 0.1165  w_freq: 0.596  w_spend: 0.615
Epoch  46/300 — train_loss: 0.0013  val_loss: 0.0183  freq: 0.2429  spend: 0.1226  w_freq: 0.601  w_spend: 0.621
Epoch  47/300 — train_loss: -0.0042  val_loss: 0.0143  freq: 0.2425  spend: 0.1275  w_freq: 0.606  w_spend: 0.627
Epoch  48/300 — train_loss: -0.0155  val_loss: 0.0024  freq: 0.2426  spend: 0.1185  w_freq: 0.610  w_spend: 0.633
Epoch  49/300 — train_loss: -0.0286  val_loss: 0.0036  freq: 0.2425  spend: 0.1310  w_freq: 0.615  w_spend: 0.639
Epoch  50/300 — train_loss: -0.0256  val_loss: 0.0021  freq: 0.2423  spend: 0.1374  w_freq: 0.619  w_spend: 0.644
Epoch  51/300 — train_loss: -0.0442  val_loss: -0.0112  freq: 0.2458  spend: 0.1234  w_freq: 0.623  w_spend: 0.649
Epoch  52/300 — train_loss: -0.0439  val_loss: -0.0246  freq: 0.2431  spend: 0.1152  w_freq: 0.628  w_spend: 0.656
Epoch  53/300 — train_loss: -0.0580  val_loss: -0.0223  freq: 0.2423  spend: 0.1279  w_freq: 0.632  w_spend: 0.661
Epoch  54/300 — train_loss: -0.0678  val_loss: -0.0302  freq: 0.2424  spend: 0.1244  w_freq: 0.637  w_spend: 0.666
Epoch  55/300 — train_loss: -0.0744  val_loss: -0.0404  freq: 0.2412  spend: 0.1188  w_freq: 0.641  w_spend: 0.672
Epoch  56/300 — train_loss: -0.0806  val_loss: -0.0407  freq: 0.2433  spend: 0.1244  w_freq: 0.645  w_spend: 0.677
Epoch  57/300 — train_loss: -0.0832  val_loss: -0.0266  freq: 0.2423  spend: 0.1532  w_freq: 0.649  w_spend: 0.682
Epoch  58/300 — train_loss: -0.0899  val_loss: -0.0558  freq: 0.2410  spend: 0.1189  w_freq: 0.653  w_spend: 0.687
Epoch  59/300 — train_loss: -0.0929  val_loss: -0.0526  freq: 0.2406  spend: 0.1322  w_freq: 0.657  w_spend: 0.693
Epoch  60/300 — train_loss: -0.1024  val_loss: -0.0648  freq: 0.2414  spend: 0.1224  w_freq: 0.661  w_spend: 0.698
Epoch  61/300 — train_loss: -0.1145  val_loss: -0.0692  freq: 0.2418  spend: 0.1247  w_freq: 0.666  w_spend: 0.705
Epoch  62/300 — train_loss: -0.1286  val_loss: -0.0704  freq: 0.2411  spend: 0.1317  w_freq: 0.671  w_spend: 0.711
Epoch  63/300 — train_loss: -0.1327  val_loss: -0.0805  freq: 0.2413  spend: 0.1264  w_freq: 0.676  w_spend: 0.717
Epoch  64/300 — train_loss: -0.1396  val_loss: -0.0775  freq: 0.2419  spend: 0.1392  w_freq: 0.681  w_spend: 0.724
Epoch  65/300 — train_loss: -0.1408  val_loss: -0.0820  freq: 0.2409  spend: 0.1408  w_freq: 0.686  w_spend: 0.730
Epoch  66/300 — train_loss: -0.1598  val_loss: -0.0755  freq: 0.2409  spend: 0.1570  w_freq: 0.690  w_spend: 0.736
Epoch  67/300 — train_loss: -0.1578  val_loss: -0.0910  freq: 0.2404  spend: 0.1442  w_freq: 0.695  w_spend: 0.742
Epoch  68/300 — train_loss: -0.1763  val_loss: -0.1072  freq: 0.2403  spend: 0.1308  w_freq: 0.700  w_spend: 0.748
Epoch  69/300 — train_loss: -0.1715  val_loss: -0.1093  freq: 0.2403  spend: 0.1350  w_freq: 0.705  w_spend: 0.755
Epoch  70/300 — train_loss: -0.1866  val_loss: -0.0827  freq: 0.2408  spend: 0.1755  w_freq: 0.709  w_spend: 0.760
Epoch  71/300 — train_loss: -0.1882  val_loss: -0.1101  freq: 0.2403  spend: 0.1463  w_freq: 0.713  w_spend: 0.766
Epoch  72/300 — train_loss: -0.1979  val_loss: -0.1137  freq: 0.2408  spend: 0.1470  w_freq: 0.718  w_spend: 0.771
Epoch  73/300 — train_loss: -0.2035  val_loss: -0.1266  freq: 0.2405  spend: 0.1371  w_freq: 0.722  w_spend: 0.777
Epoch  74/300 — train_loss: -0.2101  val_loss: -0.1322  freq: 0.2404  spend: 0.1371  w_freq: 0.726  w_spend: 0.783
Epoch  75/300 — train_loss: -0.2240  val_loss: -0.1377  freq: 0.2410  spend: 0.1371  w_freq: 0.732  w_spend: 0.790
Epoch  76/300 — train_loss: -0.2261  val_loss: -0.1379  freq: 0.2402  spend: 0.1445  w_freq: 0.737  w_spend: 0.797
Epoch  77/300 — train_loss: -0.2350  val_loss: -0.1437  freq: 0.2406  spend: 0.1432  w_freq: 0.742  w_spend: 0.804
Epoch  78/300 — train_loss: -0.2433  val_loss: -0.1374  freq: 0.2406  spend: 0.1571  w_freq: 0.747  w_spend: 0.810
Epoch  79/300 — train_loss: -0.2447  val_loss: -0.1502  freq: 0.2404  spend: 0.1481  w_freq: 0.752  w_spend: 0.817
Epoch  80/300 — train_loss: -0.2584  val_loss: -0.1647  freq: 0.2404  spend: 0.1366  w_freq: 0.757  w_spend: 0.823
Epoch  81/300 — train_loss: -0.2572  val_loss: -0.1443  freq: 0.2403  spend: 0.1663  w_freq: 0.761  w_spend: 0.829
Epoch  82/300 — train_loss: -0.2728  val_loss: -0.1733  freq: 0.2401  spend: 0.1372  w_freq: 0.765  w_spend: 0.835
Epoch  83/300 — train_loss: -0.2802  val_loss: -0.1425  freq: 0.2402  spend: 0.1792  w_freq: 0.770  w_spend: 0.841
Epoch  84/300 — train_loss: -0.2832  val_loss: -0.1781  freq: 0.2411  spend: 0.1424  w_freq: 0.775  w_spend: 0.848
Epoch  85/300 — train_loss: -0.2892  val_loss: -0.1600  freq: 0.2406  spend: 0.1697  w_freq: 0.780  w_spend: 0.855
Epoch  86/300 — train_loss: -0.2969  val_loss: -0.1850  freq: 0.2401  spend: 0.1461  w_freq: 0.784  w_spend: 0.861
Epoch  87/300 — train_loss: -0.3064  val_loss: -0.1871  freq: 0.2402  spend: 0.1481  w_freq: 0.789  w_spend: 0.867
Epoch  88/300 — train_loss: -0.3154  val_loss: -0.1883  freq: 0.2402  spend: 0.1518  w_freq: 0.793  w_spend: 0.872
Epoch  89/300 — train_loss: -0.3257  val_loss: -0.1712  freq: 0.2401  spend: 0.1763  w_freq: 0.797  w_spend: 0.879
Epoch  90/300 — train_loss: -0.3189  val_loss: -0.1904  freq: 0.2406  spend: 0.1593  w_freq: 0.802  w_spend: 0.885
Epoch  91/300 — train_loss: -0.3362  val_loss: -0.1860  freq: 0.2398  spend: 0.1699  w_freq: 0.807  w_spend: 0.892
Epoch  92/300 — train_loss: -0.3409  val_loss: -0.1869  freq: 0.2398  spend: 0.1732  w_freq: 0.811  w_spend: 0.898
Epoch  93/300 — train_loss: -0.3518  val_loss: -0.2076  freq: 0.2397  spend: 0.1546  w_freq: 0.816  w_spend: 0.904
Epoch  94/300 — train_loss: -0.3557  val_loss: -0.1910  freq: 0.2400  spend: 0.1775  w_freq: 0.820  w_spend: 0.911
Epoch  95/300 — train_loss: -0.3593  val_loss: -0.2003  freq: 0.2401  spend: 0.1725  w_freq: 0.825  w_spend: 0.918
Epoch  96/300 — train_loss: -0.3767  val_loss: -0.2049  freq: 0.2400  spend: 0.1728  w_freq: 0.831  w_spend: 0.925
Epoch  97/300 — train_loss: -0.3759  val_loss: -0.1947  freq: 0.2398  spend: 0.1886  w_freq: 0.836  w_spend: 0.933
Epoch  98/300 — train_loss: -0.3839  val_loss: -0.2179  freq: 0.2399  spend: 0.1682  w_freq: 0.841  w_spend: 0.940
Epoch  99/300 — train_loss: -0.3886  val_loss: -0.1999  freq: 0.2400  spend: 0.1914  w_freq: 0.846  w_spend: 0.947
Epoch 100/300 — train_loss: -0.4007  val_loss: -0.2239  freq: 0.2401  spend: 0.1705  w_freq: 0.850  w_spend: 0.954
Epoch 101/300 — train_loss: -0.4068  val_loss: -0.2237  freq: 0.2397  spend: 0.1753  w_freq: 0.856  w_spend: 0.961
Epoch 102/300 — train_loss: -0.4133  val_loss: -0.2189  freq: 0.2406  spend: 0.1833  w_freq: 0.860  w_spend: 0.967
Epoch 103/300 — train_loss: -0.4178  val_loss: -0.2152  freq: 0.2398  spend: 0.1912  w_freq: 0.864  w_spend: 0.974
Epoch 104/300 — train_loss: -0.4297  val_loss: -0.2091  freq: 0.2398  spend: 0.2015  w_freq: 0.869  w_spend: 0.980
Epoch 105/300 — train_loss: -0.4372  val_loss: -0.2353  freq: 0.2395  spend: 0.1791  w_freq: 0.874  w_spend: 0.987
Epoch 106/300 — train_loss: -0.4367  val_loss: -0.2454  freq: 0.2396  spend: 0.1725  w_freq: 0.879  w_spend: 0.994
Epoch 107/300 — train_loss: -0.4450  val_loss: -0.2465  freq: 0.2398  spend: 0.1748  w_freq: 0.883  w_spend: 1.001
Epoch 108/300 — train_loss: -0.4576  val_loss: -0.2580  freq: 0.2397  spend: 0.1671  w_freq: 0.887  w_spend: 1.007
Epoch 109/300 — train_loss: -0.4580  val_loss: -0.2322  freq: 0.2395  spend: 0.1956  w_freq: 0.891  w_spend: 1.014
Epoch 110/300 — train_loss: -0.4729  val_loss: -0.2501  freq: 0.2399  spend: 0.1808  w_freq: 0.895  w_spend: 1.019
Epoch 111/300 — train_loss: -0.4696  val_loss: -0.2350  freq: 0.2399  spend: 0.1989  w_freq: 0.900  w_spend: 1.026
Epoch 112/300 — train_loss: -0.4791  val_loss: -0.2651  freq: 0.2398  spend: 0.1731  w_freq: 0.904  w_spend: 1.033
Epoch 113/300 — train_loss: -0.4869  val_loss: -0.2453  freq: 0.2396  spend: 0.1953  w_freq: 0.908  w_spend: 1.039
Epoch 114/300 — train_loss: -0.4950  val_loss: -0.2334  freq: 0.2398  spend: 0.2093  w_freq: 0.912  w_spend: 1.046
Epoch 115/300 — train_loss: -0.5051  val_loss: -0.2669  freq: 0.2396  spend: 0.1805  w_freq: 0.916  w_spend: 1.052
Epoch 116/300 — train_loss: -0.5077  val_loss: -0.2431  freq: 0.2400  spend: 0.2053  w_freq: 0.920  w_spend: 1.058
Epoch 117/300 — train_loss: -0.5172  val_loss: -0.2655  freq: 0.2398  spend: 0.1867  w_freq: 0.924  w_spend: 1.063
Epoch 118/300 — train_loss: -0.5144  val_loss: -0.2689  freq: 0.2397  spend: 0.1859  w_freq: 0.927  w_spend: 1.069
Epoch 119/300 — train_loss: -0.5302  val_loss: -0.2427  freq: 0.2397  spend: 0.2128  w_freq: 0.931  w_spend: 1.074
Epoch 120/300 — train_loss: -0.5267  val_loss: -0.2813  freq: 0.2400  spend: 0.1792  w_freq: 0.934  w_spend: 1.080
Epoch 121/300 — train_loss: -0.5280  val_loss: -0.2525  freq: 0.2399  spend: 0.2082  w_freq: 0.938  w_spend: 1.086
Epoch 122/300 — train_loss: -0.5461  val_loss: -0.2577  freq: 0.2395  spend: 0.2061  w_freq: 0.942  w_spend: 1.091
Epoch 123/300 — train_loss: -0.5541  val_loss: -0.2494  freq: 0.2396  spend: 0.2157  w_freq: 0.945  w_spend: 1.097
Epoch 124/300 — train_loss: -0.5547  val_loss: -0.2756  freq: 0.2398  spend: 0.1941  w_freq: 0.949  w_spend: 1.103
Epoch 125/300 — train_loss: -0.5648  val_loss: -0.2438  freq: 0.2398  spend: 0.2252  w_freq: 0.953  w_spend: 1.109
Epoch 126/300 — train_loss: -0.5747  val_loss: -0.2397  freq: 0.2396  spend: 0.2315  w_freq: 0.957  w_spend: 1.116
Epoch 127/300 — train_loss: -0.5681  val_loss: -0.2620  freq: 0.2399  spend: 0.2136  w_freq: 0.961  w_spend: 1.122
Epoch 128/300 — train_loss: -0.5738  val_loss: -0.2640  freq: 0.2397  spend: 0.2139  w_freq: 0.964  w_spend: 1.128
Epoch 129/300 — train_loss: -0.5936  val_loss: -0.2654  freq: 0.2397  spend: 0.2146  w_freq: 0.968  w_spend: 1.134
Epoch 130/300 — train_loss: -0.5949  val_loss: -0.2447  freq: 0.2396  spend: 0.2350  w_freq: 0.971  w_spend: 1.140
Epoch 131/300 — train_loss: -0.6028  val_loss: -0.2703  freq: 0.2402  spend: 0.2139  w_freq: 0.975  w_spend: 1.145
Epoch 132/300 — train_loss: -0.5983  val_loss: -0.2283  freq: 0.2397  spend: 0.2523  w_freq: 0.978  w_spend: 1.151
Epoch 133/300 — train_loss: -0.6102  val_loss: -0.2716  freq: 0.2398  spend: 0.2164  w_freq: 0.981  w_spend: 1.155
Epoch 134/300 — train_loss: -0.6146  val_loss: -0.2583  freq: 0.2399  spend: 0.2297  w_freq: 0.984  w_spend: 1.161
Epoch 135/300 — train_loss: -0.6185  val_loss: -0.2654  freq: 0.2396  spend: 0.2258  w_freq: 0.988  w_spend: 1.168
Epoch 136/300 — train_loss: -0.6247  val_loss: -0.2755  freq: 0.2398  spend: 0.2189  w_freq: 0.992  w_spend: 1.174
Epoch 137/300 — train_loss: -0.6392  val_loss: -0.2060  freq: 0.2399  spend: 0.2795  w_freq: 0.995  w_spend: 1.180
Epoch 138/300 — train_loss: -0.6439  val_loss: -0.2702  freq: 0.2399  spend: 0.2268  w_freq: 0.999  w_spend: 1.186
Epoch 139/300 — train_loss: -0.6525  val_loss: -0.2478  freq: 0.2398  spend: 0.2474  w_freq: 1.002  w_spend: 1.192
Epoch 140/300 — train_loss: -0.6525  val_loss: -0.2752  freq: 0.2398  spend: 0.2261  w_freq: 1.006  w_spend: 1.198
Early stopping triggered at epoch 140.

Checkpoint saved: /kaggle/working/results/checkpoints/lstm_joint_uci_v3_seed123_sample_repair.pt
Validation-fitted softmax temperature: 0.7500

Duan's smearing factor (val): 1.1824
Validation aggregate calibration: freq_factor=1.6397, spend_factor=1.3883

Running autoregressive inference on holdout period ...
  inference mode: sample  n_scenarios: 200  temperature: 0.7500

=== Prediction Diagnostics ===
  Mean predicted freq/week:    0.0212
  Mean actual freq/week:       0.0656
  Over-prediction ratio:       0.324x
  Customers predicted as zero total:  0.745
  Customers actually zero total:      0.484
  Non-zero rate (pred, avg > 0.05):  0.092
  Non-zero rate (true):               0.055

Metrics saved: /kaggle/working/results/tables/lstm_joint_uci_v3_seed123_sample_repair_metrics.json
Array artifacts saved: /kaggle/working/results/tables/lstm_joint_uci_v3_seed123_sample_repair_arrays.npz

=== Holdout Evaluation ===
  metric_definition_version: valendin_aggregate_mape_v1
  freq_rmse: 2.8255
  freq_mae: 1.1828
  freq_normalized_gini: 0.7615
  freq_calibration_factor: 1.6397
  freq_horizon_abs_bias_pct: 46.9475
  bias_pct: -46.9475
  freq_weekly_mae: 151.9114
  freq_weekly_total_true: 8413.0000
  freq_weekly_total_pred: 4463.3032
  freq_valendin_mape: 46.9475
  freq_horizon_bias_pct: -46.9475
  freq_weekly_mean_pct_mape: 44.7964
  freq_weekly_mean_pct_bias_pct: -44.7964
  freq_weekly_bias_pct: -46.9475
  freq_weekly_mape: 46.9475
  freq_mape: 46.9475
  freq_mase: 0.7459
  freq_mase_scale: 0.1146
  smearing_factor: 1.1824
  spend_calibration_factor: 1.3883
  spend_mae_raw: 594.8992
  spend_rmse_raw: 3407.9146
  spend_normalized_gini: 0.8598
  spend_mae_log: 2.5509
  spend_rmse_log: 3.0191
  spend_r2_log: 0.1923
  spend_bias_pct: -52.5043
  spend_weekly_mae: 86901.8528
  spend_weekly_total_true: 4266929.6797
  spend_weekly_total_pred: 2026607.9067
  spend_valendin_mape: 52.9526
  spend_horizon_abs_bias_pct: 52.5043
  spend_horizon_bias_pct: -52.5043
  spend_weekly_mean_pct_mape: 49.9240
  spend_weekly_mean_pct_bias_pct: -49.1065
  spend_weekly_bias_pct: -52.5043
  spend_weekly_mape: 52.9526
  spend_mase: 1.1167
  spend_mase_scale: 36.7368
  clv_mae: 579.5038
  clv_rmse: 3321.7605
  clv_spearman: 0.6090
  clv_decile_lift: 6.2823
  clv_normalized_gini: 0.8602
  clv_total_true: 4160751.5000
  clv_total_pred: 1981316.8750
  calibration_temperature_source: rolling_origin_autoregressive
  validation_temperature: 0.7500
  smearing_source: rolling_origin_autoregressive
  calibration_source: rolling_origin_autoregressive
  validation_freq_true_total: 662.0000
  validation_freq_pred_total: 290.4330
  validation_spend_true_total: 287846.2422
  validation_spend_pred_total: 162012.6016
  validation_freq_calibration_factor: 1.6397
  validation_spend_calibration_factor: 1.3883
  validation_rolling_origin_count: 2
  protocol_name: uci_configured_78x26
  cohort_size: 4930
  calibration_weeks: 78
  holdout_weeks: 26
  inference_mode: sample
  n_scenarios: 200
  repair_attempted: True
  repair_strategy: amp_disabled
  repair_source_failure_type: FloatingPointError
  training_lr_after_repair: 0.0005
  training_max_grad_norm_after_repair: 0.5000
  training_amp_enabled_after_repair: False
  run_valid: True
  run_invalid_reason: 
  run_warning: 
  epochs_completed: 140
  max_epochs_configured: 300
History saved: /kaggle/working/results/tables/lstm_joint_uci_v3_seed123_sample_repair_history.json
