[Kaggle] raw_dir  → /kaggle/working/input/cdnow-dataset
[Kaggle] results  → /kaggle/working/results
Config: experiments/configs/lstm_base_cdnow_v2.yaml
Run: lstm_base_cdnow_v2_seed7_sample
Device: cuda
Loading dataset: cdnow ...
[pipeline] freq_bins from config: [0, 1, 2, 3]
  Train customers: 2115, Val: 234, Inference: 2349
[cdnow] Customers with 0 calibration transactions: 0 / 2349
  top-bin decode: class_values[-1] = 4.071 (max_trans = 3)
Model: lstm — 89,132 parameters

Training for up to 300 epochs ...
/kaggle/working/thesis-code/src/training/trainer.py:116: FutureWarning: `torch.cuda.amp.GradScaler(args...)` is deprecated. Please use `torch.amp.GradScaler('cuda', args...)` instead.
  self.scaler = torch.cuda.amp.GradScaler(enabled=self.amp_enabled)
Epoch   1/300 — train_loss: 1.3314  val_loss: 1.3223
Epoch   2/300 — train_loss: 1.3081  val_loss: 1.2858
Epoch   3/300 — train_loss: 1.2586  val_loss: 1.2163
Epoch   4/300 — train_loss: 1.1611  val_loss: 1.0695
Epoch   5/300 — train_loss: 0.9152  val_loss: 0.6070
Epoch   6/300 — train_loss: 0.3121  val_loss: 0.1654
Epoch   7/300 — train_loss: 0.1708  val_loss: 0.1763
Epoch   8/300 — train_loss: 0.1615  val_loss: 0.1448
Epoch   9/300 — train_loss: 0.1444  val_loss: 0.1432
Epoch  10/300 — train_loss: 0.1418  val_loss: 0.1390
Epoch  11/300 — train_loss: 0.1390  val_loss: 0.1389
Epoch  12/300 — train_loss: 0.1384  val_loss: 0.1376
Epoch  13/300 — train_loss: 0.1393  val_loss: 0.1372
Epoch  14/300 — train_loss: 0.1380  val_loss: 0.1369
Epoch  15/300 — train_loss: 0.1419  val_loss: 0.1364
Epoch  16/300 — train_loss: 0.1398  val_loss: 0.1362
Epoch  17/300 — train_loss: 0.1370  val_loss: 0.1359
Epoch  18/300 — train_loss: 0.1385  val_loss: 0.1357
Epoch  19/300 — train_loss: 0.1354  val_loss: 0.1353
Epoch  20/300 — train_loss: 0.1357  val_loss: 0.1352
Epoch  21/300 — train_loss: 0.1333  val_loss: 0.1349
Epoch  22/300 — train_loss: 0.1373  val_loss: 0.1348
Epoch  23/300 — train_loss: 0.1317  val_loss: 0.1344
Epoch  24/300 — train_loss: 0.1362  val_loss: 0.1343
Epoch  25/300 — train_loss: 0.1340  val_loss: 0.1340
Epoch  26/300 — train_loss: 0.1340  val_loss: 0.1340
Epoch  27/300 — train_loss: 0.1327  val_loss: 0.1336
Epoch  28/300 — train_loss: 0.1353  val_loss: 0.1335
Epoch  29/300 — train_loss: 0.1367  val_loss: 0.1329
Epoch  30/300 — train_loss: 0.1334  val_loss: 0.1323
Epoch  31/300 — train_loss: 0.1342  val_loss: 0.1369
Epoch  32/300 — train_loss: 0.1334  val_loss: 0.1332
Epoch  33/300 — train_loss: 0.1336  val_loss: 0.1327
Epoch  34/300 — train_loss: 0.1327  val_loss: 0.1322
Epoch  35/300 — train_loss: 0.1351  val_loss: 0.1316
Epoch  36/300 — train_loss: 0.1318  val_loss: 0.1306
Epoch  37/300 — train_loss: 0.1278  val_loss: 0.1299
Epoch  38/300 — train_loss: 0.1292  val_loss: 0.1295
Epoch  39/300 — train_loss: 0.1285  val_loss: 0.1280
Epoch  40/300 — train_loss: 0.1329  val_loss: 0.1294
Epoch  41/300 — train_loss: 0.1304  val_loss: 0.1281
Epoch  42/300 — train_loss: 0.1259  val_loss: 0.1239
Epoch  43/300 — train_loss: 0.1200  val_loss: 0.1233
Epoch  44/300 — train_loss: 0.1266  val_loss: 0.1266
Epoch  45/300 — train_loss: 0.1220  val_loss: 0.1211
Epoch  46/300 — train_loss: 0.1230  val_loss: 0.1226
Epoch  47/300 — train_loss: 0.1224  val_loss: 0.1200
Epoch  48/300 — train_loss: 0.1208  val_loss: 0.1207
Epoch  49/300 — train_loss: 0.1195  val_loss: 0.1196
Epoch  50/300 — train_loss: 0.1215  val_loss: 0.1202
Epoch  51/300 — train_loss: 0.1186  val_loss: 0.1229
Epoch  52/300 — train_loss: 0.1231  val_loss: 0.1236
Epoch  53/300 — train_loss: 0.1238  val_loss: 0.1210
Epoch  54/300 — train_loss: 0.1197  val_loss: 0.1195
Epoch  55/300 — train_loss: 0.1176  val_loss: 0.1199
Epoch  56/300 — train_loss: 0.1202  val_loss: 0.1204
Epoch  57/300 — train_loss: 0.1172  val_loss: 0.1197
Epoch  58/300 — train_loss: 0.1191  val_loss: 0.1192
Epoch  59/300 — train_loss: 0.1179  val_loss: 0.1204
Epoch  60/300 — train_loss: 0.1174  val_loss: 0.1189
Epoch  61/300 — train_loss: 0.1182  val_loss: 0.1188
Epoch  62/300 — train_loss: 0.1197  val_loss: 0.1190
Epoch  63/300 — train_loss: 0.1175  val_loss: 0.1187
Epoch  64/300 — train_loss: 0.1184  val_loss: 0.1187
Epoch  65/300 — train_loss: 0.1188  val_loss: 0.1203
Epoch  66/300 — train_loss: 0.1203  val_loss: 0.1186
Epoch  67/300 — train_loss: 0.1162  val_loss: 0.1201
Epoch  68/300 — train_loss: 0.1184  val_loss: 0.1189
Epoch  69/300 — train_loss: 0.1162  val_loss: 0.1188
Epoch  70/300 — train_loss: 0.1160  val_loss: 0.1188
Epoch  71/300 — train_loss: 0.1189  val_loss: 0.1186
Epoch  72/300 — train_loss: 0.1208  val_loss: 0.1187
Epoch  73/300 — train_loss: 0.1172  val_loss: 0.1195
Epoch  74/300 — train_loss: 0.1172  val_loss: 0.1186
Epoch  75/300 — train_loss: 0.1174  val_loss: 0.1186
Epoch  76/300 — train_loss: 0.1199  val_loss: 0.1188
Epoch  77/300 — train_loss: 0.1166  val_loss: 0.1184
Epoch  78/300 — train_loss: 0.1162  val_loss: 0.1190
Epoch  79/300 — train_loss: 0.1180  val_loss: 0.1184
Epoch  80/300 — train_loss: 0.1218  val_loss: 0.1190
Epoch  81/300 — train_loss: 0.1169  val_loss: 0.1192
Epoch  82/300 — train_loss: 0.1177  val_loss: 0.1191
Epoch  83/300 — train_loss: 0.1177  val_loss: 0.1185
Epoch  84/300 — train_loss: 0.1191  val_loss: 0.1209
Epoch  85/300 — train_loss: 0.1170  val_loss: 0.1186
Epoch  86/300 — train_loss: 0.1199  val_loss: 0.1204
Epoch  87/300 — train_loss: 0.1183  val_loss: 0.1187
Epoch  88/300 — train_loss: 0.1190  val_loss: 0.1204
Epoch  89/300 — train_loss: 0.1200  val_loss: 0.1187
Epoch  90/300 — train_loss: 0.1185  val_loss: 0.1185
Epoch  91/300 — train_loss: 0.1189  val_loss: 0.1194
Epoch  92/300 — train_loss: 0.1169  val_loss: 0.1184
Epoch  93/300 — train_loss: 0.1169  val_loss: 0.1190
Epoch  94/300 — train_loss: 0.1205  val_loss: 0.1193
Epoch  95/300 — train_loss: 0.1213  val_loss: 0.1218
Epoch  96/300 — train_loss: 0.1176  val_loss: 0.1194
Epoch  97/300 — train_loss: 0.1199  val_loss: 0.1189
Epoch  98/300 — train_loss: 0.1182  val_loss: 0.1185
Epoch  99/300 — train_loss: 0.1162  val_loss: 0.1194
Epoch 100/300 — train_loss: 0.1184  val_loss: 0.1184
Epoch 101/300 — train_loss: 0.1180  val_loss: 0.1189
Epoch 102/300 — train_loss: 0.1186  val_loss: 0.1192
Epoch 103/300 — train_loss: 0.1175  val_loss: 0.1184
Epoch 104/300 — train_loss: 0.1166  val_loss: 0.1185
Epoch 105/300 — train_loss: 0.1194  val_loss: 0.1184
Epoch 106/300 — train_loss: 0.1156  val_loss: 0.1185
Epoch 107/300 — train_loss: 0.1162  val_loss: 0.1186
Epoch 108/300 — train_loss: 0.1173  val_loss: 0.1185
Epoch 109/300 — train_loss: 0.1165  val_loss: 0.1185
Epoch 110/300 — train_loss: 0.1156  val_loss: 0.1184
Epoch 111/300 — train_loss: 0.1175  val_loss: 0.1184
Epoch 112/300 — train_loss: 0.1196  val_loss: 0.1196
Epoch 113/300 — train_loss: 0.1166  val_loss: 0.1182
Epoch 114/300 — train_loss: 0.1174  val_loss: 0.1185
Epoch 115/300 — train_loss: 0.1179  val_loss: 0.1186
Epoch 116/300 — train_loss: 0.1202  val_loss: 0.1189
Epoch 117/300 — train_loss: 0.1175  val_loss: 0.1183
Epoch 118/300 — train_loss: 0.1180  val_loss: 0.1185
Epoch 119/300 — train_loss: 0.1171  val_loss: 0.1195
Epoch 120/300 — train_loss: 0.1157  val_loss: 0.1183
Epoch 121/300 — train_loss: 0.1188  val_loss: 0.1184
Epoch 122/300 — train_loss: 0.1169  val_loss: 0.1195
Epoch 123/300 — train_loss: 0.1170  val_loss: 0.1182
Epoch 124/300 — train_loss: 0.1179  val_loss: 0.1185
Epoch 125/300 — train_loss: 0.1176  val_loss: 0.1186
Epoch 126/300 — train_loss: 0.1193  val_loss: 0.1181
Epoch 127/300 — train_loss: 0.1183  val_loss: 0.1183
Epoch 128/300 — train_loss: 0.1184  val_loss: 0.1183
Epoch 129/300 — train_loss: 0.1156  val_loss: 0.1194
Epoch 130/300 — train_loss: 0.1170  val_loss: 0.1183
Epoch 131/300 — train_loss: 0.1197  val_loss: 0.1185
Epoch 132/300 — train_loss: 0.1171  val_loss: 0.1187
Epoch 133/300 — train_loss: 0.1164  val_loss: 0.1181
Epoch 134/300 — train_loss: 0.1168  val_loss: 0.1183
Epoch 135/300 — train_loss: 0.1166  val_loss: 0.1187
Epoch 136/300 — train_loss: 0.1153  val_loss: 0.1182
Epoch 137/300 — train_loss: 0.1172  val_loss: 0.1189
Epoch 138/300 — train_loss: 0.1148  val_loss: 0.1181
Epoch 139/300 — train_loss: 0.1118  val_loss: 0.1189
Epoch 140/300 — train_loss: 0.1154  val_loss: 0.1189
Epoch 141/300 — train_loss: 0.1160  val_loss: 0.1183
Epoch 142/300 — train_loss: 0.1172  val_loss: 0.1183
Epoch 143/300 — train_loss: 0.1183  val_loss: 0.1184
Epoch 144/300 — train_loss: 0.1156  val_loss: 0.1183
Epoch 145/300 — train_loss: 0.1182  val_loss: 0.1197
Epoch 146/300 — train_loss: 0.1157  val_loss: 0.1184
Early stopping triggered at epoch 146.

Checkpoint saved: /kaggle/working/results/checkpoints/lstm_base_cdnow_v2_seed7_sample.pt
Validation-fitted softmax temperature: 0.7500
Validation aggregate calibration: freq_factor=2.3033, spend_factor=1.0000

Running autoregressive inference on holdout period ...
  inference mode: sample  n_scenarios: 200  temperature: 0.7500

=== Prediction Diagnostics ===
  Mean predicted freq/week:    0.0032
  Mean actual freq/week:       0.0196
  Over-prediction ratio:       0.161x
  Customers predicted as zero total:  0.977
  Customers actually zero total:      0.781
  Non-zero rate (pred, avg > 0.05):  0.006
  Non-zero rate (true):               0.018

Metrics saved: /kaggle/working/results/tables/lstm_base_cdnow_v2_seed7_sample_metrics.json
Array artifacts saved: /kaggle/working/results/tables/lstm_base_cdnow_v2_seed7_sample_arrays.npz

=== Holdout Evaluation ===
  metric_definition_version: valendin_aggregate_mape_v1
  freq_rmse: 1.2799
  freq_mae: 0.5040
  freq_normalized_gini: 0.6281
  freq_calibration_factor: 2.3033
  freq_horizon_abs_bias_pct: 62.8934
  bias_pct: -62.8934
  freq_weekly_mae: 28.9310
  freq_weekly_total_true: 1196.0000
  freq_weekly_total_pred: 443.7944
  freq_valendin_mape: 62.8934
  freq_horizon_bias_pct: -62.8934
  freq_weekly_mean_pct_mape: 61.4389
  freq_weekly_mean_pct_bias_pct: -61.4389
  freq_weekly_bias_pct: -62.8934
  freq_weekly_mape: 62.8934
  freq_mape: 62.8934
  freq_mase: 0.3065
  freq_mase_scale: 0.0834
  calibration_temperature_source: rolling_origin_autoregressive
  validation_temperature: 0.7500
  calibration_source: rolling_origin_autoregressive
  validation_freq_true_total: 120.0000
  validation_freq_pred_total: 33.2725
  validation_spend_true_total: 0.0000
  validation_spend_pred_total: 0.0000
  validation_freq_calibration_factor: 2.3033
  validation_spend_calibration_factor: 1.0000
  validation_rolling_origin_count: 2
  protocol_name: cdnow_sample_52x26
  cohort_size: 2349
  calibration_weeks: 52
  holdout_weeks: 26
  inference_mode: sample
  n_scenarios: 200
  final_manifest_version: 2026-05-20-results-recovery-protocol
  final_manifest_run_name: lstm_base_cdnow_v2_seed7_sample
  final_manifest_config: experiments/configs/lstm_base_cdnow_v2.yaml
  final_manifest_config_hash: d61a76eef5f0
  final_manifest_actual_config_hash: 9dd20ea45719
  final_manifest_seed: 7
  final_manifest_epochs: 300
  final_manifest_inference_mode: sample
  final_manifest_n_scenarios: 200
  run_valid: True
  run_invalid_reason: 
  run_warning: 
  epochs_completed: 146
  max_epochs_configured: 300
History saved: /kaggle/working/results/tables/lstm_base_cdnow_v2_seed7_sample_history.json
