[Kaggle] raw_dir  → /kaggle/working/input/cdnow-dataset
[Kaggle] results  → /kaggle/working/results
Config: experiments/configs/lstm_joint_cdnow_v3.yaml
Run: lstm_joint_cdnow_v3_seed7_sample
Device: cuda
Loading dataset: cdnow ...
[pipeline] freq_bins from config: [0, 1, 2, 3]
  Train customers: 2115, Val: 234, Inference: 2349
[cdnow] Customers with 0 calibration transactions: 0 / 2349
  top-bin decode: class_values[-1] = 4.071 (max_trans = 3)
Model: lstm — 97,614 parameters

Training for up to 300 epochs ...
/kaggle/working/thesis-code/src/training/trainer.py:116: FutureWarning: `torch.cuda.amp.GradScaler(args...)` is deprecated. Please use `torch.amp.GradScaler('cuda', args...)` instead.
  self.scaler = torch.cuda.amp.GradScaler(enabled=self.amp_enabled)
[Kendall] log_vars frozen for 5 warm-up epochs.
Epoch   1/300 — train_loss: 0.7926  val_loss: 0.7720  freq: 1.3247  spend: 0.2193  w_freq: 0.500  w_spend: 0.500
Epoch   2/300 — train_loss: 0.7745  val_loss: 0.7420  freq: 1.2656  spend: 0.2183  w_freq: 0.500  w_spend: 0.500
Epoch   3/300 — train_loss: 0.7401  val_loss: 0.6935  freq: 1.1704  spend: 0.2166  w_freq: 0.500  w_spend: 0.500
Epoch   4/300 — train_loss: 0.6825  val_loss: 0.6224  freq: 1.0320  spend: 0.2128  w_freq: 0.500  w_spend: 0.500
Epoch   5/300 — train_loss: 0.5969  val_loss: 0.5231  freq: 0.8420  spend: 0.2042  w_freq: 0.500  w_spend: 0.500
[Kendall] log_vars unfrozen at epoch 6.
Epoch   6/300 — train_loss: 0.4907  val_loss: 0.3854  freq: 0.5878  spend: 0.1852  w_freq: 0.500  w_spend: 0.500
Epoch   7/300 — train_loss: 0.3458  val_loss: 0.2274  freq: 0.3151  spend: 0.1455  w_freq: 0.501  w_spend: 0.501
Epoch   8/300 — train_loss: 0.1943  val_loss: 0.1236  freq: 0.1708  spend: 0.0873  w_freq: 0.502  w_spend: 0.502
Epoch   9/300 — train_loss: 0.1444  val_loss: 0.1161  freq: 0.1618  spend: 0.0867  w_freq: 0.504  w_spend: 0.504
Epoch  10/300 — train_loss: 0.1427  val_loss: 0.1066  freq: 0.1528  spend: 0.0825  w_freq: 0.506  w_spend: 0.505
Epoch  11/300 — train_loss: 0.1284  val_loss: 0.1009  freq: 0.1431  spend: 0.0873  w_freq: 0.507  w_spend: 0.507
Epoch  12/300 — train_loss: 0.1282  val_loss: 0.0939  freq: 0.1376  spend: 0.0861  w_freq: 0.509  w_spend: 0.509
Epoch  13/300 — train_loss: 0.1333  val_loss: 0.0869  freq: 0.1343  spend: 0.0826  w_freq: 0.512  w_spend: 0.511
Epoch  14/300 — train_loss: 0.1183  val_loss: 0.0826  freq: 0.1317  spend: 0.0842  w_freq: 0.514  w_spend: 0.513
Epoch  15/300 — train_loss: 0.1132  val_loss: 0.0787  freq: 0.1292  spend: 0.0872  w_freq: 0.516  w_spend: 0.515
Epoch  16/300 — train_loss: 0.1107  val_loss: 0.0697  freq: 0.1274  spend: 0.0793  w_freq: 0.519  w_spend: 0.517
Epoch  17/300 — train_loss: 0.1040  val_loss: 0.0693  freq: 0.1263  spend: 0.0873  w_freq: 0.521  w_spend: 0.520
Epoch  18/300 — train_loss: 0.1012  val_loss: 0.0612  freq: 0.1254  spend: 0.0802  w_freq: 0.523  w_spend: 0.522
Epoch  19/300 — train_loss: 0.0916  val_loss: 0.0561  freq: 0.1245  spend: 0.0790  w_freq: 0.526  w_spend: 0.524
Epoch  20/300 — train_loss: 0.0836  val_loss: 0.0493  freq: 0.1241  spend: 0.0746  w_freq: 0.528  w_spend: 0.526
Epoch  21/300 — train_loss: 0.0800  val_loss: 0.0460  freq: 0.1235  spend: 0.0769  w_freq: 0.531  w_spend: 0.529
Epoch  22/300 — train_loss: 0.0736  val_loss: 0.0345  freq: 0.1231  spend: 0.0629  w_freq: 0.533  w_spend: 0.531
Epoch  23/300 — train_loss: 0.0668  val_loss: 0.0264  freq: 0.1225  spend: 0.0549  w_freq: 0.535  w_spend: 0.533
Epoch  24/300 — train_loss: 0.0632  val_loss: 0.0255  freq: 0.1221  spend: 0.0594  w_freq: 0.537  w_spend: 0.535
Epoch  25/300 — train_loss: 0.0530  val_loss: 0.0149  freq: 0.1224  spend: 0.0451  w_freq: 0.539  w_spend: 0.537
Epoch  26/300 — train_loss: 0.0402  val_loss: -0.0153  freq: 0.1217  spend: -0.0039  w_freq: 0.541  w_spend: 0.539

Training failed with a repairable error: FloatingPointError: Non-finite gradients in lstm.weight_ih_l0
Metrics saved: /kaggle/working/results/tables/lstm_joint_cdnow_v3_seed7_sample_metrics.json
Retrying once as robustness repair (amp_disabled) ...
Config: experiments/configs/lstm_joint_cdnow_v3.yaml
Run: lstm_joint_cdnow_v3_seed7_sample_repair
Device: cuda
Loading dataset: cdnow ...
[pipeline] freq_bins from config: [0, 1, 2, 3]
  Train customers: 2115, Val: 234, Inference: 2349
[cdnow] Customers with 0 calibration transactions: 0 / 2349
  top-bin decode: class_values[-1] = 4.071 (max_trans = 3)
Model: lstm — 97,614 parameters

Training for up to 300 epochs ...
/kaggle/working/thesis-code/src/training/trainer.py:116: FutureWarning: `torch.cuda.amp.GradScaler(args...)` is deprecated. Please use `torch.amp.GradScaler('cuda', args...)` instead.
  self.scaler = torch.cuda.amp.GradScaler(enabled=self.amp_enabled)
[Kendall] log_vars frozen for 5 warm-up epochs.
Epoch   1/300 — train_loss: 0.7926  val_loss: 0.7720  freq: 1.3247  spend: 0.2193  w_freq: 0.500  w_spend: 0.500
Epoch   2/300 — train_loss: 0.7744  val_loss: 0.7420  freq: 1.2656  spend: 0.2183  w_freq: 0.500  w_spend: 0.500
Epoch   3/300 — train_loss: 0.7400  val_loss: 0.6935  freq: 1.1705  spend: 0.2166  w_freq: 0.500  w_spend: 0.500
Epoch   4/300 — train_loss: 0.6827  val_loss: 0.6224  freq: 1.0320  spend: 0.2128  w_freq: 0.500  w_spend: 0.500
Epoch   5/300 — train_loss: 0.5969  val_loss: 0.5231  freq: 0.8421  spend: 0.2042  w_freq: 0.500  w_spend: 0.500
[Kendall] log_vars unfrozen at epoch 6.
Epoch   6/300 — train_loss: 0.4908  val_loss: 0.3855  freq: 0.5879  spend: 0.1852  w_freq: 0.500  w_spend: 0.500
Epoch   7/300 — train_loss: 0.3454  val_loss: 0.2275  freq: 0.3152  spend: 0.1455  w_freq: 0.501  w_spend: 0.501
Epoch   8/300 — train_loss: 0.1949  val_loss: 0.1237  freq: 0.1709  spend: 0.0873  w_freq: 0.502  w_spend: 0.502
Epoch   9/300 — train_loss: 0.1448  val_loss: 0.1161  freq: 0.1619  spend: 0.0866  w_freq: 0.504  w_spend: 0.504
Epoch  10/300 — train_loss: 0.1431  val_loss: 0.1066  freq: 0.1529  spend: 0.0825  w_freq: 0.506  w_spend: 0.505
Epoch  11/300 — train_loss: 0.1281  val_loss: 0.1008  freq: 0.1432  spend: 0.0870  w_freq: 0.507  w_spend: 0.507
Epoch  12/300 — train_loss: 0.1291  val_loss: 0.0940  freq: 0.1376  spend: 0.0862  w_freq: 0.509  w_spend: 0.509
Epoch  13/300 — train_loss: 0.1329  val_loss: 0.0868  freq: 0.1344  spend: 0.0824  w_freq: 0.512  w_spend: 0.511
Epoch  14/300 — train_loss: 0.1192  val_loss: 0.0828  freq: 0.1321  spend: 0.0843  w_freq: 0.514  w_spend: 0.513
Epoch  15/300 — train_loss: 0.1141  val_loss: 0.0789  freq: 0.1294  spend: 0.0871  w_freq: 0.516  w_spend: 0.515
Epoch  16/300 — train_loss: 0.1106  val_loss: 0.0697  freq: 0.1275  spend: 0.0793  w_freq: 0.519  w_spend: 0.517
Epoch  17/300 — train_loss: 0.1026  val_loss: 0.0684  freq: 0.1262  spend: 0.0858  w_freq: 0.521  w_spend: 0.520
Epoch  18/300 — train_loss: 0.1015  val_loss: 0.0601  freq: 0.1252  spend: 0.0787  w_freq: 0.523  w_spend: 0.522
Epoch  19/300 — train_loss: 0.0909  val_loss: 0.0561  freq: 0.1244  spend: 0.0796  w_freq: 0.526  w_spend: 0.524
Epoch  20/300 — train_loss: 0.0839  val_loss: 0.0481  freq: 0.1239  spend: 0.0727  w_freq: 0.528  w_spend: 0.526
Epoch  21/300 — train_loss: 0.0775  val_loss: 0.0512  freq: 0.1243  spend: 0.0863  w_freq: 0.531  w_spend: 0.529
Epoch  22/300 — train_loss: 0.0787  val_loss: 0.0363  freq: 0.1225  spend: 0.0671  w_freq: 0.533  w_spend: 0.531
Epoch  23/300 — train_loss: 0.0603  val_loss: 0.0315  freq: 0.1249  spend: 0.0624  w_freq: 0.535  w_spend: 0.533
Epoch  24/300 — train_loss: 0.0505  val_loss: 0.0063  freq: 0.1220  spend: 0.0245  w_freq: 0.538  w_spend: 0.536
Epoch  25/300 — train_loss: 0.0364  val_loss: -0.0117  freq: 0.1222  spend: -0.0039  w_freq: 0.539  w_spend: 0.537
Epoch  26/300 — train_loss: 0.0393  val_loss: -0.0215  freq: 0.1223  spend: -0.0181  w_freq: 0.541  w_spend: 0.539
Epoch  27/300 — train_loss: 0.0252  val_loss: 0.0089  freq: 0.1215  spend: 0.0423  w_freq: 0.542  w_spend: 0.540
Epoch  28/300 — train_loss: 0.0132  val_loss: -0.0187  freq: 0.1213  spend: -0.0047  w_freq: 0.543  w_spend: 0.541
Epoch  29/300 — train_loss: 0.0117  val_loss: -0.0290  freq: 0.1219  spend: -0.0200  w_freq: 0.544  w_spend: 0.542
Epoch  30/300 — train_loss: 0.0015  val_loss: -0.0259  freq: 0.1213  spend: -0.0093  w_freq: 0.546  w_spend: 0.544
Epoch  31/300 — train_loss: -0.0067  val_loss: -0.0431  freq: 0.1214  spend: -0.0364  w_freq: 0.547  w_spend: 0.545
Epoch  32/300 — train_loss: -0.0098  val_loss: -0.0469  freq: 0.1212  spend: -0.0387  w_freq: 0.548  w_spend: 0.547
Epoch  33/300 — train_loss: -0.0085  val_loss: -0.0469  freq: 0.1208  spend: -0.0345  w_freq: 0.550  w_spend: 0.548
Epoch  34/300 — train_loss: -0.0200  val_loss: -0.0553  freq: 0.1206  spend: -0.0452  w_freq: 0.551  w_spend: 0.549
Epoch  35/300 — train_loss: -0.0066  val_loss: -0.0524  freq: 0.1206  spend: -0.0357  w_freq: 0.552  w_spend: 0.551
Epoch  36/300 — train_loss: -0.0238  val_loss: -0.0449  freq: 0.1206  spend: -0.0175  w_freq: 0.553  w_spend: 0.552
Epoch  37/300 — train_loss: -0.0281  val_loss: -0.0540  freq: 0.1215  spend: -0.0297  w_freq: 0.555  w_spend: 0.554
Epoch  38/300 — train_loss: -0.0160  val_loss: -0.0587  freq: 0.1205  spend: -0.0333  w_freq: 0.556  w_spend: 0.556
Epoch  39/300 — train_loss: -0.0241  val_loss: -0.0712  freq: 0.1206  spend: -0.0521  w_freq: 0.558  w_spend: 0.557
Epoch  40/300 — train_loss: -0.0367  val_loss: -0.0612  freq: 0.1203  spend: -0.0292  w_freq: 0.559  w_spend: 0.558
Epoch  41/300 — train_loss: -0.0501  val_loss: -0.0568  freq: 0.1200  spend: -0.0158  w_freq: 0.560  w_spend: 0.560
Epoch  42/300 — train_loss: -0.0439  val_loss: -0.0798  freq: 0.1205  spend: -0.0522  w_freq: 0.562  w_spend: 0.562
Epoch  43/300 — train_loss: -0.0433  val_loss: -0.0824  freq: 0.1201  spend: -0.0511  w_freq: 0.564  w_spend: 0.563
Epoch  44/300 — train_loss: -0.0528  val_loss: -0.0862  freq: 0.1199  spend: -0.0524  w_freq: 0.565  w_spend: 0.565
Epoch  45/300 — train_loss: -0.0563  val_loss: -0.0954  freq: 0.1199  spend: -0.0628  w_freq: 0.567  w_spend: 0.567
Epoch  46/300 — train_loss: -0.0683  val_loss: -0.0708  freq: 0.1198  spend: -0.0140  w_freq: 0.569  w_spend: 0.569
Epoch  47/300 — train_loss: -0.0573  val_loss: -0.0997  freq: 0.1203  spend: -0.0597  w_freq: 0.571  w_spend: 0.571
Epoch  48/300 — train_loss: -0.0634  val_loss: -0.0946  freq: 0.1199  spend: -0.0454  w_freq: 0.572  w_spend: 0.573
Epoch  49/300 — train_loss: -0.0556  val_loss: -0.0899  freq: 0.1203  spend: -0.0335  w_freq: 0.574  w_spend: 0.575
Epoch  50/300 — train_loss: -0.0694  val_loss: -0.1040  freq: 0.1198  spend: -0.0519  w_freq: 0.575  w_spend: 0.576
Epoch  51/300 — train_loss: -0.0728  val_loss: -0.0926  freq: 0.1197  spend: -0.0258  w_freq: 0.577  w_spend: 0.579
Epoch  52/300 — train_loss: -0.0744  val_loss: -0.0916  freq: 0.1197  spend: -0.0191  w_freq: 0.579  w_spend: 0.581
Epoch  53/300 — train_loss: -0.0853  val_loss: -0.0899  freq: 0.1206  spend: -0.0127  w_freq: 0.581  w_spend: 0.582
Epoch  54/300 — train_loss: -0.0688  val_loss: -0.1074  freq: 0.1198  spend: -0.0376  w_freq: 0.582  w_spend: 0.584
Epoch  55/300 — train_loss: -0.0760  val_loss: -0.1077  freq: 0.1202  spend: -0.0343  w_freq: 0.584  w_spend: 0.586
Epoch  56/300 — train_loss: -0.0822  val_loss: -0.1193  freq: 0.1200  spend: -0.0498  w_freq: 0.585  w_spend: 0.587
Epoch  57/300 — train_loss: -0.0842  val_loss: -0.1205  freq: 0.1197  spend: -0.0474  w_freq: 0.587  w_spend: 0.589
Epoch  58/300 — train_loss: -0.0910  val_loss: -0.1239  freq: 0.1198  spend: -0.0486  w_freq: 0.588  w_spend: 0.590
Epoch  59/300 — train_loss: -0.1069  val_loss: -0.1284  freq: 0.1197  spend: -0.0500  w_freq: 0.590  w_spend: 0.592
Epoch  60/300 — train_loss: -0.1005  val_loss: -0.1315  freq: 0.1197  spend: -0.0490  w_freq: 0.592  w_spend: 0.595
Epoch  61/300 — train_loss: -0.1025  val_loss: -0.1394  freq: 0.1196  spend: -0.0557  w_freq: 0.594  w_spend: 0.597
Epoch  62/300 — train_loss: -0.1137  val_loss: -0.1462  freq: 0.1197  spend: -0.0600  w_freq: 0.597  w_spend: 0.600
Epoch  63/300 — train_loss: -0.1134  val_loss: -0.1504  freq: 0.1195  spend: -0.0609  w_freq: 0.599  w_spend: 0.602
Epoch  64/300 — train_loss: -0.1281  val_loss: -0.1355  freq: 0.1195  spend: -0.0309  w_freq: 0.601  w_spend: 0.604
Epoch  65/300 — train_loss: -0.1251  val_loss: -0.1463  freq: 0.1197  spend: -0.0435  w_freq: 0.603  w_spend: 0.607
Epoch  66/300 — train_loss: -0.1291  val_loss: -0.1513  freq: 0.1200  spend: -0.0469  w_freq: 0.605  w_spend: 0.609
Epoch  67/300 — train_loss: -0.1360  val_loss: -0.1543  freq: 0.1203  spend: -0.0469  w_freq: 0.607  w_spend: 0.611
Epoch  68/300 — train_loss: -0.1327  val_loss: -0.1665  freq: 0.1200  spend: -0.0605  w_freq: 0.609  w_spend: 0.613
Epoch  69/300 — train_loss: -0.1330  val_loss: -0.1629  freq: 0.1198  spend: -0.0498  w_freq: 0.611  w_spend: 0.615
Epoch  70/300 — train_loss: -0.1454  val_loss: -0.1659  freq: 0.1195  spend: -0.0496  w_freq: 0.613  w_spend: 0.617
Epoch  71/300 — train_loss: -0.1551  val_loss: -0.1687  freq: 0.1194  spend: -0.0478  w_freq: 0.615  w_spend: 0.619
Epoch  72/300 — train_loss: -0.1578  val_loss: -0.1553  freq: 0.1197  spend: -0.0206  w_freq: 0.617  w_spend: 0.622
Epoch  73/300 — train_loss: -0.1457  val_loss: -0.1795  freq: 0.1193  spend: -0.0544  w_freq: 0.619  w_spend: 0.624
Epoch  74/300 — train_loss: -0.1649  val_loss: -0.1727  freq: 0.1193  spend: -0.0382  w_freq: 0.621  w_spend: 0.626
Epoch  75/300 — train_loss: -0.1512  val_loss: -0.1674  freq: 0.1199  spend: -0.0245  w_freq: 0.623  w_spend: 0.629
Epoch  76/300 — train_loss: -0.1601  val_loss: -0.1805  freq: 0.1196  spend: -0.0397  w_freq: 0.625  w_spend: 0.631
Epoch  77/300 — train_loss: -0.1822  val_loss: -0.1543  freq: 0.1201  spend: 0.0068  w_freq: 0.627  w_spend: 0.634
Epoch  78/300 — train_loss: -0.1613  val_loss: -0.1935  freq: 0.1193  spend: -0.0497  w_freq: 0.629  w_spend: 0.636
Epoch  79/300 — train_loss: -0.1725  val_loss: -0.1850  freq: 0.1196  spend: -0.0320  w_freq: 0.631  w_spend: 0.638
Epoch  80/300 — train_loss: -0.1798  val_loss: -0.2010  freq: 0.1193  spend: -0.0527  w_freq: 0.633  w_spend: 0.640
Epoch  81/300 — train_loss: -0.1839  val_loss: -0.2036  freq: 0.1196  spend: -0.0517  w_freq: 0.635  w_spend: 0.642
Epoch  82/300 — train_loss: -0.1877  val_loss: -0.2040  freq: 0.1196  spend: -0.0466  w_freq: 0.637  w_spend: 0.644
Epoch  83/300 — train_loss: -0.1959  val_loss: -0.2074  freq: 0.1194  spend: -0.0461  w_freq: 0.640  w_spend: 0.647
Epoch  84/300 — train_loss: -0.1791  val_loss: -0.2000  freq: 0.1193  spend: -0.0305  w_freq: 0.642  w_spend: 0.649
Epoch  85/300 — train_loss: -0.1927  val_loss: -0.2160  freq: 0.1197  spend: -0.0518  w_freq: 0.643  w_spend: 0.651
Epoch  86/300 — train_loss: -0.1828  val_loss: -0.2038  freq: 0.1196  spend: -0.0291  w_freq: 0.645  w_spend: 0.653
Epoch  87/300 — train_loss: -0.2017  val_loss: -0.2116  freq: 0.1196  spend: -0.0366  w_freq: 0.646  w_spend: 0.655
Epoch  88/300 — train_loss: -0.2052  val_loss: -0.2221  freq: 0.1196  spend: -0.0479  w_freq: 0.648  w_spend: 0.657
Epoch  89/300 — train_loss: -0.2065  val_loss: -0.2281  freq: 0.1194  spend: -0.0521  w_freq: 0.650  w_spend: 0.659
Epoch  90/300 — train_loss: -0.2267  val_loss: -0.2327  freq: 0.1192  spend: -0.0532  w_freq: 0.653  w_spend: 0.662
Epoch  91/300 — train_loss: -0.2216  val_loss: -0.2284  freq: 0.1197  spend: -0.0417  w_freq: 0.655  w_spend: 0.664
Epoch  92/300 — train_loss: -0.2254  val_loss: -0.2394  freq: 0.1196  spend: -0.0524  w_freq: 0.657  w_spend: 0.667
Epoch  93/300 — train_loss: -0.2270  val_loss: -0.2431  freq: 0.1198  spend: -0.0525  w_freq: 0.660  w_spend: 0.670
Epoch  94/300 — train_loss: -0.2395  val_loss: -0.2533  freq: 0.1197  spend: -0.0622  w_freq: 0.662  w_spend: 0.672
Epoch  95/300 — train_loss: -0.2251  val_loss: -0.2578  freq: 0.1191  spend: -0.0635  w_freq: 0.665  w_spend: 0.675
Epoch  96/300 — train_loss: -0.2382  val_loss: -0.2545  freq: 0.1195  spend: -0.0550  w_freq: 0.667  w_spend: 0.677
Epoch  97/300 — train_loss: -0.2522  val_loss: -0.2604  freq: 0.1192  spend: -0.0586  w_freq: 0.668  w_spend: 0.679
Epoch  98/300 — train_loss: -0.2472  val_loss: -0.2641  freq: 0.1191  spend: -0.0590  w_freq: 0.671  w_spend: 0.682
Epoch  99/300 — train_loss: -0.2510  val_loss: -0.2540  freq: 0.1192  spend: -0.0397  w_freq: 0.673  w_spend: 0.684
Epoch 100/300 — train_loss: -0.2543  val_loss: -0.2700  freq: 0.1190  spend: -0.0590  w_freq: 0.675  w_spend: 0.686
Epoch 101/300 — train_loss: -0.2649  val_loss: -0.2738  freq: 0.1195  spend: -0.0602  w_freq: 0.677  w_spend: 0.689
Epoch 102/300 — train_loss: -0.2696  val_loss: -0.2725  freq: 0.1193  spend: -0.0534  w_freq: 0.679  w_spend: 0.691
Epoch 103/300 — train_loss: -0.2686  val_loss: -0.2766  freq: 0.1197  spend: -0.0546  w_freq: 0.681  w_spend: 0.694
Epoch 104/300 — train_loss: -0.2787  val_loss: -0.2631  freq: 0.1192  spend: -0.0298  w_freq: 0.684  w_spend: 0.696
Epoch 105/300 — train_loss: -0.2709  val_loss: -0.2874  freq: 0.1189  spend: -0.0599  w_freq: 0.686  w_spend: 0.699
Epoch 106/300 — train_loss: -0.2894  val_loss: -0.2918  freq: 0.1192  spend: -0.0617  w_freq: 0.688  w_spend: 0.701
Epoch 107/300 — train_loss: -0.2848  val_loss: -0.2926  freq: 0.1195  spend: -0.0588  w_freq: 0.690  w_spend: 0.704
Epoch 108/300 — train_loss: -0.2896  val_loss: -0.2942  freq: 0.1194  spend: -0.0564  w_freq: 0.692  w_spend: 0.706
Epoch 109/300 — train_loss: -0.2899  val_loss: -0.2941  freq: 0.1195  spend: -0.0522  w_freq: 0.694  w_spend: 0.708
Epoch 110/300 — train_loss: -0.3006  val_loss: -0.3051  freq: 0.1190  spend: -0.0632  w_freq: 0.696  w_spend: 0.711
Epoch 111/300 — train_loss: -0.3071  val_loss: -0.3095  freq: 0.1188  spend: -0.0654  w_freq: 0.698  w_spend: 0.713
Epoch 112/300 — train_loss: -0.2968  val_loss: -0.3089  freq: 0.1189  spend: -0.0611  w_freq: 0.700  w_spend: 0.715
Epoch 113/300 — train_loss: -0.3074  val_loss: -0.3088  freq: 0.1190  spend: -0.0572  w_freq: 0.702  w_spend: 0.717
Epoch 114/300 — train_loss: -0.3212  val_loss: -0.3050  freq: 0.1195  spend: -0.0482  w_freq: 0.704  w_spend: 0.719
Epoch 115/300 — train_loss: -0.3123  val_loss: -0.3168  freq: 0.1193  spend: -0.0601  w_freq: 0.706  w_spend: 0.722
Epoch 116/300 — train_loss: -0.3168  val_loss: -0.3171  freq: 0.1188  spend: -0.0562  w_freq: 0.708  w_spend: 0.724
Epoch 117/300 — train_loss: -0.3183  val_loss: -0.2986  freq: 0.1188  spend: -0.0275  w_freq: 0.710  w_spend: 0.726
Epoch 118/300 — train_loss: -0.3213  val_loss: -0.3110  freq: 0.1188  spend: -0.0419  w_freq: 0.711  w_spend: 0.728
Epoch 119/300 — train_loss: -0.3339  val_loss: -0.3027  freq: 0.1192  spend: -0.0280  w_freq: 0.713  w_spend: 0.729
Epoch 120/300 — train_loss: -0.3348  val_loss: -0.3098  freq: 0.1188  spend: -0.0343  w_freq: 0.714  w_spend: 0.731
Epoch 121/300 — train_loss: -0.3330  val_loss: -0.3294  freq: 0.1194  spend: -0.0589  w_freq: 0.716  w_spend: 0.733
Epoch 122/300 — train_loss: -0.3445  val_loss: -0.3253  freq: 0.1192  spend: -0.0504  w_freq: 0.717  w_spend: 0.734
Epoch 123/300 — train_loss: -0.3492  val_loss: -0.3266  freq: 0.1197  spend: -0.0497  w_freq: 0.719  w_spend: 0.736
Epoch 124/300 — train_loss: -0.3509  val_loss: -0.3331  freq: 0.1190  spend: -0.0545  w_freq: 0.720  w_spend: 0.738
Epoch 125/300 — train_loss: -0.3518  val_loss: -0.3345  freq: 0.1189  spend: -0.0530  w_freq: 0.722  w_spend: 0.740
Epoch 126/300 — train_loss: -0.3456  val_loss: -0.3145  freq: 0.1189  spend: -0.0229  w_freq: 0.724  w_spend: 0.742
Epoch 127/300 — train_loss: -0.3383  val_loss: -0.3380  freq: 0.1189  spend: -0.0522  w_freq: 0.725  w_spend: 0.744
Epoch 128/300 — train_loss: -0.3527  val_loss: -0.3387  freq: 0.1189  spend: -0.0506  w_freq: 0.727  w_spend: 0.745
Epoch 129/300 — train_loss: -0.3647  val_loss: -0.3468  freq: 0.1190  spend: -0.0594  w_freq: 0.728  w_spend: 0.747
Epoch 130/300 — train_loss: -0.3627  val_loss: -0.3415  freq: 0.1188  spend: -0.0495  w_freq: 0.729  w_spend: 0.748
Epoch 131/300 — train_loss: -0.3610  val_loss: -0.3463  freq: 0.1191  spend: -0.0532  w_freq: 0.731  w_spend: 0.750
Epoch 132/300 — train_loss: -0.3675  val_loss: -0.3376  freq: 0.1192  spend: -0.0391  w_freq: 0.732  w_spend: 0.752
Epoch 133/300 — train_loss: -0.3745  val_loss: -0.3461  freq: 0.1193  spend: -0.0474  w_freq: 0.734  w_spend: 0.753
Epoch 134/300 — train_loss: -0.3760  val_loss: -0.3496  freq: 0.1188  spend: -0.0490  w_freq: 0.735  w_spend: 0.755
Epoch 135/300 — train_loss: -0.3811  val_loss: -0.3533  freq: 0.1189  spend: -0.0515  w_freq: 0.736  w_spend: 0.757
Epoch 136/300 — train_loss: -0.3788  val_loss: -0.3476  freq: 0.1193  spend: -0.0420  w_freq: 0.738  w_spend: 0.758
Epoch 137/300 — train_loss: -0.4014  val_loss: -0.3486  freq: 0.1190  spend: -0.0406  w_freq: 0.739  w_spend: 0.760
Epoch 138/300 — train_loss: -0.3927  val_loss: -0.3486  freq: 0.1190  spend: -0.0379  w_freq: 0.740  w_spend: 0.762
Epoch 139/300 — train_loss: -0.4168  val_loss: -0.3546  freq: 0.1189  spend: -0.0431  w_freq: 0.742  w_spend: 0.763
Epoch 140/300 — train_loss: -0.3904  val_loss: -0.3559  freq: 0.1188  spend: -0.0422  w_freq: 0.743  w_spend: 0.765
Epoch 141/300 — train_loss: -0.3927  val_loss: -0.3558  freq: 0.1191  spend: -0.0405  w_freq: 0.744  w_spend: 0.766
Epoch 142/300 — train_loss: -0.3900  val_loss: -0.3559  freq: 0.1195  spend: -0.0393  w_freq: 0.746  w_spend: 0.768
Epoch 143/300 — train_loss: -0.3974  val_loss: -0.3442  freq: 0.1191  spend: -0.0221  w_freq: 0.746  w_spend: 0.769
Epoch 144/300 — train_loss: -0.3999  val_loss: -0.3418  freq: 0.1188  spend: -0.0168  w_freq: 0.747  w_spend: 0.770
Epoch 145/300 — train_loss: -0.4147  val_loss: -0.3553  freq: 0.1191  spend: -0.0329  w_freq: 0.748  w_spend: 0.771
Epoch 146/300 — train_loss: -0.4143  val_loss: -0.3471  freq: 0.1189  spend: -0.0204  w_freq: 0.749  w_spend: 0.772
Epoch 147/300 — train_loss: -0.4273  val_loss: -0.3491  freq: 0.1188  spend: -0.0211  w_freq: 0.750  w_spend: 0.774
Epoch 148/300 — train_loss: -0.4135  val_loss: -0.3525  freq: 0.1190  spend: -0.0238  w_freq: 0.751  w_spend: 0.775
Epoch 149/300 — train_loss: -0.4279  val_loss: -0.3581  freq: 0.1189  spend: -0.0291  w_freq: 0.752  w_spend: 0.776
Epoch 150/300 — train_loss: -0.4425  val_loss: -0.3577  freq: 0.1192  spend: -0.0269  w_freq: 0.754  w_spend: 0.777
Epoch 151/300 — train_loss: -0.4383  val_loss: -0.3438  freq: 0.1187  spend: -0.0067  w_freq: 0.755  w_spend: 0.779
Epoch 152/300 — train_loss: -0.4335  val_loss: -0.3445  freq: 0.1191  spend: -0.0062  w_freq: 0.756  w_spend: 0.780
Epoch 153/300 — train_loss: -0.4339  val_loss: -0.3487  freq: 0.1191  spend: -0.0098  w_freq: 0.757  w_spend: 0.781
Epoch 154/300 — train_loss: -0.4451  val_loss: -0.3521  freq: 0.1189  spend: -0.0122  w_freq: 0.758  w_spend: 0.783
Epoch 155/300 — train_loss: -0.4486  val_loss: -0.3471  freq: 0.1189  spend: -0.0039  w_freq: 0.759  w_spend: 0.784
Epoch 156/300 — train_loss: -0.4346  val_loss: -0.3528  freq: 0.1190  spend: -0.0092  w_freq: 0.760  w_spend: 0.785
Epoch 157/300 — train_loss: -0.4488  val_loss: -0.3507  freq: 0.1191  spend: -0.0049  w_freq: 0.761  w_spend: 0.787
Epoch 158/300 — train_loss: -0.4565  val_loss: -0.3561  freq: 0.1190  spend: -0.0101  w_freq: 0.762  w_spend: 0.788
Epoch 159/300 — train_loss: -0.4552  val_loss: -0.3681  freq: 0.1192  spend: -0.0238  w_freq: 0.763  w_spend: 0.789
Epoch 160/300 — train_loss: -0.4629  val_loss: -0.3436  freq: 0.1187  spend: 0.0093  w_freq: 0.764  w_spend: 0.790
Epoch 161/300 — train_loss: -0.4703  val_loss: -0.3508  freq: 0.1188  spend: 0.0013  w_freq: 0.765  w_spend: 0.791
Epoch 162/300 — train_loss: -0.4615  val_loss: -0.3348  freq: 0.1189  spend: 0.0226  w_freq: 0.766  w_spend: 0.792
Epoch 163/300 — train_loss: -0.4843  val_loss: -0.3378  freq: 0.1191  spend: 0.0200  w_freq: 0.766  w_spend: 0.793
Epoch 164/300 — train_loss: -0.4719  val_loss: -0.3370  freq: 0.1190  spend: 0.0226  w_freq: 0.767  w_spend: 0.794
Epoch 165/300 — train_loss: -0.4680  val_loss: -0.3384  freq: 0.1190  spend: 0.0221  w_freq: 0.768  w_spend: 0.796
Epoch 166/300 — train_loss: -0.4767  val_loss: -0.3389  freq: 0.1189  spend: 0.0227  w_freq: 0.769  w_spend: 0.796
Epoch 167/300 — train_loss: -0.4730  val_loss: -0.3443  freq: 0.1191  spend: 0.0170  w_freq: 0.770  w_spend: 0.797
Epoch 168/300 — train_loss: -0.4857  val_loss: -0.3287  freq: 0.1191  spend: 0.0376  w_freq: 0.770  w_spend: 0.798
Epoch 169/300 — train_loss: -0.5024  val_loss: -0.3357  freq: 0.1190  spend: 0.0303  w_freq: 0.771  w_spend: 0.799
Epoch 170/300 — train_loss: -0.4974  val_loss: -0.3213  freq: 0.1191  spend: 0.0495  w_freq: 0.772  w_spend: 0.800
Epoch 171/300 — train_loss: -0.5008  val_loss: -0.3145  freq: 0.1189  spend: 0.0595  w_freq: 0.773  w_spend: 0.801
Epoch 172/300 — train_loss: -0.4932  val_loss: -0.3341  freq: 0.1188  spend: 0.0361  w_freq: 0.773  w_spend: 0.802
Epoch 173/300 — train_loss: -0.5033  val_loss: -0.3333  freq: 0.1190  spend: 0.0380  w_freq: 0.774  w_spend: 0.803
Epoch 174/300 — train_loss: -0.5028  val_loss: -0.3184  freq: 0.1190  spend: 0.0575  w_freq: 0.775  w_spend: 0.804
Epoch 175/300 — train_loss: -0.4988  val_loss: -0.3242  freq: 0.1189  spend: 0.0511  w_freq: 0.775  w_spend: 0.805
Epoch 176/300 — train_loss: -0.5227  val_loss: -0.3378  freq: 0.1191  spend: 0.0350  w_freq: 0.776  w_spend: 0.805
Epoch 177/300 — train_loss: -0.5091  val_loss: -0.3374  freq: 0.1188  spend: 0.0368  w_freq: 0.776  w_spend: 0.806
Epoch 178/300 — train_loss: -0.5047  val_loss: -0.3464  freq: 0.1190  spend: 0.0266  w_freq: 0.777  w_spend: 0.807
Epoch 179/300 — train_loss: -0.5151  val_loss: -0.3183  freq: 0.1188  spend: 0.0626  w_freq: 0.778  w_spend: 0.808
Early stopping triggered at epoch 179.

Checkpoint saved: /kaggle/working/results/checkpoints/lstm_joint_cdnow_v3_seed7_sample_repair.pt
Validation-fitted softmax temperature: 0.7500

Duan's smearing factor (val): 1.2592
Validation aggregate calibration: freq_factor=2.4730, spend_factor=1.9940

Running autoregressive inference on holdout period ...
  inference mode: sample  n_scenarios: 200  temperature: 0.7500

=== Prediction Diagnostics ===
  Mean predicted freq/week:    0.0055
  Mean actual freq/week:       0.0196
  Over-prediction ratio:       0.279x
  Customers predicted as zero total:  0.932
  Customers actually zero total:      0.781
  Non-zero rate (pred, avg > 0.05):  0.016
  Non-zero rate (true):               0.018

Metrics saved: /kaggle/working/results/tables/lstm_joint_cdnow_v3_seed7_sample_repair_metrics.json
Array artifacts saved: /kaggle/working/results/tables/lstm_joint_cdnow_v3_seed7_sample_repair_arrays.npz

=== Holdout Evaluation ===
  metric_definition_version: valendin_aggregate_mape_v1
  freq_rmse: 1.2735
  freq_mae: 0.5320
  freq_normalized_gini: 0.6281
  freq_calibration_factor: 2.4730
  freq_horizon_abs_bias_pct: 31.1169
  bias_pct: -31.1169
  freq_weekly_mae: 14.9255
  freq_weekly_total_true: 1196.0000
  freq_weekly_total_pred: 823.8424
  freq_valendin_mape: 32.4468
  freq_horizon_bias_pct: -31.1169
  freq_weekly_mean_pct_mape: 29.8065
  freq_weekly_mean_pct_bias_pct: -27.6422
  freq_weekly_bias_pct: -31.1169
  freq_weekly_mape: 32.4468
  freq_mape: 32.4468
  freq_mase: 0.3720
  freq_mase_scale: 0.0834
  smearing_factor: 1.2592
  spend_calibration_factor: 1.9940
  spend_mae_raw: 18.9220
  spend_rmse_raw: 50.8587
  spend_normalized_gini: 0.6631
  spend_mae_log: 1.4975
  spend_rmse_log: 1.7355
  spend_r2_log: -0.0391
  spend_bias_pct: -37.9462
  spend_weekly_mae: 660.9373
  spend_weekly_total_true: 43103.4400
  spend_weekly_total_pred: 26747.3151
  spend_valendin_mape: 39.8677
  spend_horizon_abs_bias_pct: 37.9462
  spend_horizon_bias_pct: -37.9462
  spend_weekly_mean_pct_mape: 36.6013
  spend_weekly_mean_pct_bias_pct: -32.7995
  spend_weekly_bias_pct: -37.9462
  spend_weekly_mape: 39.8677
  spend_mase: 0.6107
  spend_mase_scale: 1.7675
  clv_mae: 18.5237
  clv_rmse: 49.8026
  clv_spearman: 0.3785
  clv_decile_lift: 5.1238
  clv_normalized_gini: 0.6641
  clv_total_true: 42218.7344
  clv_total_pred: 26227.6738
  calibration_temperature_source: rolling_origin_autoregressive
  validation_temperature: 0.7500
  smearing_source: rolling_origin_autoregressive
  calibration_source: rolling_origin_autoregressive
  validation_freq_true_total: 120.0000
  validation_freq_pred_total: 30.4107
  validation_spend_true_total: 4587.6401
  validation_spend_pred_total: 1535.3999
  validation_freq_calibration_factor: 2.4730
  validation_spend_calibration_factor: 1.9940
  validation_rolling_origin_count: 2
  protocol_name: cdnow_sample_52x26
  cohort_size: 2349
  calibration_weeks: 52
  holdout_weeks: 26
  inference_mode: sample
  n_scenarios: 200
  repair_attempted: True
  repair_strategy: amp_disabled
  repair_source_failure_type: FloatingPointError
  training_lr_after_repair: 0.0005
  training_max_grad_norm_after_repair: 0.5000
  training_amp_enabled_after_repair: False
  run_valid: True
  run_invalid_reason: 
  run_warning: 
  epochs_completed: 179
  max_epochs_configured: 300
History saved: /kaggle/working/results/tables/lstm_joint_cdnow_v3_seed7_sample_repair_history.json
