[Kaggle] raw_dir  → /kaggle/working/input/uci-retail
[Kaggle] results  → /kaggle/working/results
Config: experiments/configs/lstm_joint_uci_v3.yaml
Run: lstm_joint_uci_v3_seed7_sample
Device: cuda
Loading dataset: uci ...
[pipeline] freq_cap=4 (auto q=0.99) → freq_bins=[0, 1, 2, 3]... (n_classes=5)
  Train customers: 4437, Val: 493, Inference: 4930
[uci] Customers with 0 calibration transactions: 0 / 4930
  top-bin decode: class_values[-1] = 5.515 (max_trans = 4)
Model: lstm — 98,262 parameters

Training for up to 300 epochs ...
/kaggle/working/thesis-code/src/training/trainer.py:116: FutureWarning: `torch.cuda.amp.GradScaler(args...)` is deprecated. Please use `torch.amp.GradScaler('cuda', args...)` instead.
  self.scaler = torch.cuda.amp.GradScaler(enabled=self.amp_enabled)
[Kendall] log_vars frozen for 5 warm-up epochs.
Epoch   1/300 — train_loss: 1.0126  val_loss: 0.9893  freq: 1.5607  spend: 0.4180  w_freq: 0.500  w_spend: 0.500
Epoch   2/300 — train_loss: 0.9675  val_loss: 0.9163  freq: 1.4154  spend: 0.4171  w_freq: 0.500  w_spend: 0.500
Epoch   3/300 — train_loss: 0.8741  val_loss: 0.7874  freq: 1.1609  spend: 0.4138  w_freq: 0.500  w_spend: 0.500
Epoch   4/300 — train_loss: 0.7092  val_loss: 0.5732  freq: 0.7408  spend: 0.4055  w_freq: 0.500  w_spend: 0.500
Epoch   5/300 — train_loss: 0.4829  val_loss: 0.3880  freq: 0.3657  spend: 0.4102  w_freq: 0.500  w_spend: 0.500
[Kendall] log_vars unfrozen at epoch 6.
Epoch   6/300 — train_loss: 0.3831  val_loss: 0.3594  freq: 0.3126  spend: 0.4102  w_freq: 0.501  w_spend: 0.501
Epoch   7/300 — train_loss: 0.3629  val_loss: 0.3399  freq: 0.2838  spend: 0.4051  w_freq: 0.503  w_spend: 0.502
Epoch   8/300 — train_loss: 0.3493  val_loss: 0.3303  freq: 0.2717  spend: 0.4038  w_freq: 0.505  w_spend: 0.504
Epoch   9/300 — train_loss: 0.3361  val_loss: 0.3219  freq: 0.2668  spend: 0.3990  w_freq: 0.507  w_spend: 0.507
Epoch  10/300 — train_loss: 0.3315  val_loss: 0.3126  freq: 0.2646  spend: 0.3902  w_freq: 0.510  w_spend: 0.509
Epoch  11/300 — train_loss: 0.3159  val_loss: 0.2949  freq: 0.2612  spend: 0.3668  w_freq: 0.513  w_spend: 0.512
Epoch  12/300 — train_loss: 0.2986  val_loss: 0.2689  freq: 0.2579  spend: 0.3266  w_freq: 0.516  w_spend: 0.515

Training failed with a repairable error: FloatingPointError: Non-finite gradients in lstm.weight_ih_l0
Metrics saved: /kaggle/working/results/tables/lstm_joint_uci_v3_seed7_sample_metrics.json
Retrying once as robustness repair (amp_disabled) ...
Config: experiments/configs/lstm_joint_uci_v3.yaml
Run: lstm_joint_uci_v3_seed7_sample_repair
Device: cuda
Loading dataset: uci ...
[pipeline] freq_cap=4 (auto q=0.99) → freq_bins=[0, 1, 2, 3]... (n_classes=5)
  Train customers: 4437, Val: 493, Inference: 4930
[uci] Customers with 0 calibration transactions: 0 / 4930
  top-bin decode: class_values[-1] = 5.515 (max_trans = 4)
Model: lstm — 98,262 parameters

Training for up to 300 epochs ...
/kaggle/working/thesis-code/src/training/trainer.py:116: FutureWarning: `torch.cuda.amp.GradScaler(args...)` is deprecated. Please use `torch.amp.GradScaler('cuda', args...)` instead.
  self.scaler = torch.cuda.amp.GradScaler(enabled=self.amp_enabled)
[Kendall] log_vars frozen for 5 warm-up epochs.
Epoch   1/300 — train_loss: 1.0126  val_loss: 0.9894  freq: 1.5607  spend: 0.4180  w_freq: 0.500  w_spend: 0.500
Epoch   2/300 — train_loss: 0.9675  val_loss: 0.9163  freq: 1.4154  spend: 0.4171  w_freq: 0.500  w_spend: 0.500
Epoch   3/300 — train_loss: 0.8741  val_loss: 0.7874  freq: 1.1609  spend: 0.4138  w_freq: 0.500  w_spend: 0.500
Epoch   4/300 — train_loss: 0.7091  val_loss: 0.5732  freq: 0.7409  spend: 0.4055  w_freq: 0.500  w_spend: 0.500
Epoch   5/300 — train_loss: 0.4832  val_loss: 0.3879  freq: 0.3658  spend: 0.4100  w_freq: 0.500  w_spend: 0.500
[Kendall] log_vars unfrozen at epoch 6.
Epoch   6/300 — train_loss: 0.3832  val_loss: 0.3596  freq: 0.3128  spend: 0.4104  w_freq: 0.501  w_spend: 0.501
Epoch   7/300 — train_loss: 0.3631  val_loss: 0.3399  freq: 0.2838  spend: 0.4051  w_freq: 0.503  w_spend: 0.502
Epoch   8/300 — train_loss: 0.3495  val_loss: 0.3302  freq: 0.2717  spend: 0.4037  w_freq: 0.505  w_spend: 0.504
Epoch   9/300 — train_loss: 0.3359  val_loss: 0.3220  freq: 0.2668  spend: 0.3993  w_freq: 0.507  w_spend: 0.507
Epoch  10/300 — train_loss: 0.3313  val_loss: 0.3127  freq: 0.2646  spend: 0.3903  w_freq: 0.510  w_spend: 0.509
Epoch  11/300 — train_loss: 0.3165  val_loss: 0.2956  freq: 0.2604  spend: 0.3690  w_freq: 0.513  w_spend: 0.512
Epoch  12/300 — train_loss: 0.3010  val_loss: 0.2816  freq: 0.2564  spend: 0.3530  w_freq: 0.516  w_spend: 0.515
Epoch  13/300 — train_loss: 0.2735  val_loss: 0.2449  freq: 0.2579  spend: 0.2883  w_freq: 0.519  w_spend: 0.518
Epoch  14/300 — train_loss: 0.2399  val_loss: 0.2138  freq: 0.2573  spend: 0.2362  w_freq: 0.522  w_spend: 0.521
Epoch  15/300 — train_loss: 0.2228  val_loss: 0.2941  freq: 0.2619  spend: 0.3896  w_freq: 0.524  w_spend: 0.523
Epoch  16/300 — train_loss: 0.2309  val_loss: 0.2180  freq: 0.2575  spend: 0.2523  w_freq: 0.525  w_spend: 0.525
Epoch  17/300 — train_loss: 0.2055  val_loss: 0.2755  freq: 0.2597  spend: 0.3631  w_freq: 0.526  w_spend: 0.526
Epoch  18/300 — train_loss: 0.2157  val_loss: 0.1982  freq: 0.2563  spend: 0.2234  w_freq: 0.528  w_spend: 0.528
Epoch  19/300 — train_loss: 0.2081  val_loss: 0.2119  freq: 0.2572  spend: 0.2522  w_freq: 0.529  w_spend: 0.529
Epoch  20/300 — train_loss: 0.2046  val_loss: 0.1956  freq: 0.2556  spend: 0.2260  w_freq: 0.530  w_spend: 0.531
Epoch  21/300 — train_loss: 0.1797  val_loss: 0.2037  freq: 0.2559  spend: 0.2452  w_freq: 0.531  w_spend: 0.532
Epoch  22/300 — train_loss: 0.1788  val_loss: 0.1869  freq: 0.2553  spend: 0.2188  w_freq: 0.533  w_spend: 0.534
Epoch  23/300 — train_loss: 0.1690  val_loss: 0.1692  freq: 0.2538  spend: 0.1926  w_freq: 0.534  w_spend: 0.536
Epoch  24/300 — train_loss: 0.1630  val_loss: 0.1692  freq: 0.2533  spend: 0.1994  w_freq: 0.536  w_spend: 0.538
Epoch  25/300 — train_loss: 0.1590  val_loss: 0.1705  freq: 0.2535  spend: 0.2068  w_freq: 0.538  w_spend: 0.541
Epoch  26/300 — train_loss: 0.1684  val_loss: 0.1560  freq: 0.2535  spend: 0.1850  w_freq: 0.540  w_spend: 0.543
Epoch  27/300 — train_loss: 0.1509  val_loss: 0.1683  freq: 0.2526  spend: 0.2134  w_freq: 0.542  w_spend: 0.545
Epoch  28/300 — train_loss: 0.1438  val_loss: 0.1482  freq: 0.2524  spend: 0.1838  w_freq: 0.544  w_spend: 0.548
Epoch  29/300 — train_loss: 0.1295  val_loss: 0.1402  freq: 0.2518  spend: 0.1777  w_freq: 0.546  w_spend: 0.551
Epoch  30/300 — train_loss: 0.1246  val_loss: 0.1202  freq: 0.2514  spend: 0.1504  w_freq: 0.549  w_spend: 0.555
Epoch  31/300 — train_loss: 0.1225  val_loss: 0.1189  freq: 0.2495  spend: 0.1575  w_freq: 0.552  w_spend: 0.558
Epoch  32/300 — train_loss: 0.1169  val_loss: 0.1210  freq: 0.2497  spend: 0.1677  w_freq: 0.555  w_spend: 0.561
Epoch  33/300 — train_loss: 0.1117  val_loss: 0.1167  freq: 0.2487  spend: 0.1669  w_freq: 0.557  w_spend: 0.564
Epoch  34/300 — train_loss: 0.1042  val_loss: 0.1287  freq: 0.2484  spend: 0.1946  w_freq: 0.559  w_spend: 0.567
Epoch  35/300 — train_loss: 0.1026  val_loss: 0.1310  freq: 0.2520  spend: 0.2029  w_freq: 0.562  w_spend: 0.570
Epoch  36/300 — train_loss: 0.0837  val_loss: 0.0910  freq: 0.2490  spend: 0.1453  w_freq: 0.565  w_spend: 0.574
Epoch  37/300 — train_loss: 0.0722  val_loss: 0.0829  freq: 0.2519  spend: 0.1385  w_freq: 0.568  w_spend: 0.579
Epoch  38/300 — train_loss: 0.0737  val_loss: 0.0711  freq: 0.2465  spend: 0.1327  w_freq: 0.572  w_spend: 0.584
Epoch  39/300 — train_loss: 0.0565  val_loss: 0.0613  freq: 0.2463  spend: 0.1247  w_freq: 0.575  w_spend: 0.588
Epoch  40/300 — train_loss: 0.0494  val_loss: 0.0603  freq: 0.2468  spend: 0.1324  w_freq: 0.579  w_spend: 0.592
Epoch  41/300 — train_loss: 0.0426  val_loss: 0.0569  freq: 0.2455  spend: 0.1380  w_freq: 0.583  w_spend: 0.597
Epoch  42/300 — train_loss: 0.0402  val_loss: 0.0515  freq: 0.2478  spend: 0.1359  w_freq: 0.587  w_spend: 0.602
Epoch  43/300 — train_loss: 0.0265  val_loss: 0.0476  freq: 0.2451  spend: 0.1405  w_freq: 0.590  w_spend: 0.607
Epoch  44/300 — train_loss: 0.0250  val_loss: 0.0382  freq: 0.2450  spend: 0.1326  w_freq: 0.593  w_spend: 0.611
Epoch  45/300 — train_loss: 0.0081  val_loss: 0.0250  freq: 0.2450  spend: 0.1215  w_freq: 0.597  w_spend: 0.616
Epoch  46/300 — train_loss: 0.0127  val_loss: 0.0380  freq: 0.2453  spend: 0.1505  w_freq: 0.601  w_spend: 0.621
Epoch  47/300 — train_loss: 0.0043  val_loss: 0.0240  freq: 0.2452  spend: 0.1368  w_freq: 0.605  w_spend: 0.625
Epoch  48/300 — train_loss: -0.0091  val_loss: 0.0189  freq: 0.2463  spend: 0.1361  w_freq: 0.609  w_spend: 0.630
Epoch  49/300 — train_loss: -0.0166  val_loss: 0.0012  freq: 0.2444  spend: 0.1207  w_freq: 0.613  w_spend: 0.635
Epoch  50/300 — train_loss: -0.0257  val_loss: 0.0075  freq: 0.2440  spend: 0.1413  w_freq: 0.618  w_spend: 0.642
Epoch  51/300 — train_loss: -0.0358  val_loss: 0.0048  freq: 0.2446  spend: 0.1464  w_freq: 0.622  w_spend: 0.648
Epoch  52/300 — train_loss: -0.0421  val_loss: 0.0014  freq: 0.2437  spend: 0.1512  w_freq: 0.627  w_spend: 0.653
Epoch  53/300 — train_loss: -0.0471  val_loss: -0.0204  freq: 0.2436  spend: 0.1254  w_freq: 0.631  w_spend: 0.659
Epoch  54/300 — train_loss: -0.0560  val_loss: -0.0238  freq: 0.2442  spend: 0.1277  w_freq: 0.635  w_spend: 0.663
Epoch  55/300 — train_loss: -0.0666  val_loss: -0.0230  freq: 0.2436  spend: 0.1369  w_freq: 0.639  w_spend: 0.668
Epoch  56/300 — train_loss: -0.0686  val_loss: -0.0306  freq: 0.2432  spend: 0.1333  w_freq: 0.642  w_spend: 0.673
Epoch  57/300 — train_loss: -0.0778  val_loss: -0.0364  freq: 0.2444  spend: 0.1313  w_freq: 0.646  w_spend: 0.678
Epoch  58/300 — train_loss: -0.0780  val_loss: -0.0488  freq: 0.2433  spend: 0.1218  w_freq: 0.650  w_spend: 0.683
Epoch  59/300 — train_loss: -0.0756  val_loss: -0.0438  freq: 0.2433  spend: 0.1349  w_freq: 0.654  w_spend: 0.688
Epoch  60/300 — train_loss: -0.0802  val_loss: -0.0443  freq: 0.2435  spend: 0.1389  w_freq: 0.657  w_spend: 0.691
Epoch  61/300 — train_loss: -0.1029  val_loss: -0.0426  freq: 0.2424  spend: 0.1486  w_freq: 0.660  w_spend: 0.695
Epoch  62/300 — train_loss: -0.1075  val_loss: -0.0432  freq: 0.2447  spend: 0.1526  w_freq: 0.664  w_spend: 0.700
Epoch  63/300 — train_loss: -0.1074  val_loss: -0.0578  freq: 0.2433  spend: 0.1409  w_freq: 0.668  w_spend: 0.705
Epoch  64/300 — train_loss: -0.1249  val_loss: -0.0392  freq: 0.2426  spend: 0.1739  w_freq: 0.672  w_spend: 0.711
Epoch  65/300 — train_loss: -0.1226  val_loss: -0.0770  freq: 0.2425  spend: 0.1263  w_freq: 0.675  w_spend: 0.715
Epoch  66/300 — train_loss: -0.1295  val_loss: -0.0707  freq: 0.2430  spend: 0.1413  w_freq: 0.679  w_spend: 0.719
Epoch  67/300 — train_loss: -0.1429  val_loss: -0.0857  freq: 0.2427  spend: 0.1288  w_freq: 0.683  w_spend: 0.725
Epoch  68/300 — train_loss: -0.1550  val_loss: -0.0675  freq: 0.2434  spend: 0.1600  w_freq: 0.688  w_spend: 0.731
Epoch  69/300 — train_loss: -0.1598  val_loss: -0.0956  freq: 0.2430  spend: 0.1293  w_freq: 0.692  w_spend: 0.737
Epoch  70/300 — train_loss: -0.1508  val_loss: -0.0955  freq: 0.2431  spend: 0.1360  w_freq: 0.696  w_spend: 0.742
Epoch  71/300 — train_loss: -0.1633  val_loss: -0.1053  freq: 0.2419  spend: 0.1303  w_freq: 0.700  w_spend: 0.748
Epoch  72/300 — train_loss: -0.1638  val_loss: -0.0808  freq: 0.2424  spend: 0.1670  w_freq: 0.704  w_spend: 0.752
Epoch  73/300 — train_loss: -0.1788  val_loss: -0.1077  freq: 0.2418  spend: 0.1383  w_freq: 0.707  w_spend: 0.757
Epoch  74/300 — train_loss: -0.1815  val_loss: -0.1005  freq: 0.2424  spend: 0.1539  w_freq: 0.712  w_spend: 0.763
Epoch  75/300 — train_loss: -0.1959  val_loss: -0.1212  freq: 0.2414  spend: 0.1354  w_freq: 0.716  w_spend: 0.769
Epoch  76/300 — train_loss: -0.2065  val_loss: -0.1292  freq: 0.2415  spend: 0.1325  w_freq: 0.722  w_spend: 0.776
Epoch  77/300 — train_loss: -0.2051  val_loss: -0.1413  freq: 0.2414  spend: 0.1252  w_freq: 0.727  w_spend: 0.783
Epoch  78/300 — train_loss: -0.2250  val_loss: -0.1393  freq: 0.2412  spend: 0.1357  w_freq: 0.733  w_spend: 0.790
Epoch  79/300 — train_loss: -0.2283  val_loss: -0.1455  freq: 0.2408  spend: 0.1353  w_freq: 0.738  w_spend: 0.798
Epoch  80/300 — train_loss: -0.2298  val_loss: -0.1452  freq: 0.2407  spend: 0.1417  w_freq: 0.743  w_spend: 0.804
Epoch  81/300 — train_loss: -0.2422  val_loss: -0.1267  freq: 0.2416  spend: 0.1699  w_freq: 0.747  w_spend: 0.810
Epoch  82/300 — train_loss: -0.2483  val_loss: -0.1472  freq: 0.2403  spend: 0.1519  w_freq: 0.752  w_spend: 0.817
Epoch  83/300 — train_loss: -0.2583  val_loss: -0.1407  freq: 0.2426  spend: 0.1642  w_freq: 0.757  w_spend: 0.823
Epoch  84/300 — train_loss: -0.2685  val_loss: -0.1657  freq: 0.2405  spend: 0.1420  w_freq: 0.762  w_spend: 0.830
Epoch  85/300 — train_loss: -0.2669  val_loss: -0.1620  freq: 0.2402  spend: 0.1522  w_freq: 0.767  w_spend: 0.837
Epoch  86/300 — train_loss: -0.2801  val_loss: -0.1379  freq: 0.2411  spend: 0.1854  w_freq: 0.771  w_spend: 0.843
Epoch  87/300 — train_loss: -0.2801  val_loss: -0.1705  freq: 0.2401  spend: 0.1532  w_freq: 0.776  w_spend: 0.849
Epoch  88/300 — train_loss: -0.2808  val_loss: -0.1882  freq: 0.2405  spend: 0.1370  w_freq: 0.781  w_spend: 0.855
Epoch  89/300 — train_loss: -0.3033  val_loss: -0.1914  freq: 0.2403  spend: 0.1387  w_freq: 0.785  w_spend: 0.861
Epoch  90/300 — train_loss: -0.3034  val_loss: -0.1585  freq: 0.2398  spend: 0.1820  w_freq: 0.789  w_spend: 0.867
Epoch  91/300 — train_loss: -0.3135  val_loss: -0.1962  freq: 0.2400  spend: 0.1429  w_freq: 0.793  w_spend: 0.872
Epoch  92/300 — train_loss: -0.3198  val_loss: -0.2055  freq: 0.2408  spend: 0.1367  w_freq: 0.798  w_spend: 0.878
Epoch  93/300 — train_loss: -0.3279  val_loss: -0.1808  freq: 0.2400  spend: 0.1710  w_freq: 0.802  w_spend: 0.885
Epoch  94/300 — train_loss: -0.3379  val_loss: -0.2017  freq: 0.2395  spend: 0.1529  w_freq: 0.807  w_spend: 0.892
Epoch  95/300 — train_loss: -0.3425  val_loss: -0.2011  freq: 0.2394  spend: 0.1595  w_freq: 0.813  w_spend: 0.899
Epoch  96/300 — train_loss: -0.3463  val_loss: -0.2085  freq: 0.2400  spend: 0.1560  w_freq: 0.818  w_spend: 0.907
Epoch  97/300 — train_loss: -0.3487  val_loss: -0.2116  freq: 0.2398  spend: 0.1567  w_freq: 0.822  w_spend: 0.913
Epoch  98/300 — train_loss: -0.3641  val_loss: -0.2097  freq: 0.2398  spend: 0.1632  w_freq: 0.826  w_spend: 0.919
Epoch  99/300 — train_loss: -0.3717  val_loss: -0.2042  freq: 0.2392  spend: 0.1742  w_freq: 0.831  w_spend: 0.926
Epoch 100/300 — train_loss: -0.3833  val_loss: -0.2274  freq: 0.2399  spend: 0.1537  w_freq: 0.836  w_spend: 0.933
Epoch 101/300 — train_loss: -0.3901  val_loss: -0.2224  freq: 0.2398  spend: 0.1636  w_freq: 0.841  w_spend: 0.940
Epoch 102/300 — train_loss: -0.3914  val_loss: -0.1875  freq: 0.2395  spend: 0.2048  w_freq: 0.846  w_spend: 0.947
Epoch 103/300 — train_loss: -0.4040  val_loss: -0.2235  freq: 0.2395  spend: 0.1707  w_freq: 0.850  w_spend: 0.953
Epoch 104/300 — train_loss: -0.4116  val_loss: -0.2030  freq: 0.2394  spend: 0.1961  w_freq: 0.854  w_spend: 0.959
Epoch 105/300 — train_loss: -0.4181  val_loss: -0.2116  freq: 0.2395  spend: 0.1912  w_freq: 0.859  w_spend: 0.966
Epoch 106/300 — train_loss: -0.4201  val_loss: -0.1867  freq: 0.2393  spend: 0.2202  w_freq: 0.864  w_spend: 0.973
Epoch 107/300 — train_loss: -0.4311  val_loss: -0.2077  freq: 0.2391  spend: 0.2022  w_freq: 0.867  w_spend: 0.978
Epoch 108/300 — train_loss: -0.4369  val_loss: -0.2225  freq: 0.2395  spend: 0.1901  w_freq: 0.872  w_spend: 0.985
Epoch 109/300 — train_loss: -0.4299  val_loss: -0.2162  freq: 0.2394  spend: 0.1996  w_freq: 0.876  w_spend: 0.991
Epoch 110/300 — train_loss: -0.4583  val_loss: -0.2061  freq: 0.2396  spend: 0.2128  w_freq: 0.880  w_spend: 0.996
Epoch 111/300 — train_loss: -0.4516  val_loss: -0.2084  freq: 0.2400  spend: 0.2133  w_freq: 0.884  w_spend: 1.003
Epoch 112/300 — train_loss: -0.4616  val_loss: -0.1981  freq: 0.2395  spend: 0.2266  w_freq: 0.888  w_spend: 1.008
Epoch 113/300 — train_loss: -0.4681  val_loss: -0.2208  freq: 0.2393  spend: 0.2072  w_freq: 0.892  w_spend: 1.014
Epoch 114/300 — train_loss: -0.4736  val_loss: -0.2084  freq: 0.2395  spend: 0.2221  w_freq: 0.895  w_spend: 1.020
Epoch 115/300 — train_loss: -0.4801  val_loss: -0.1770  freq: 0.2391  spend: 0.2554  w_freq: 0.899  w_spend: 1.026
Epoch 116/300 — train_loss: -0.4931  val_loss: -0.2124  freq: 0.2396  spend: 0.2234  w_freq: 0.903  w_spend: 1.032
Epoch 117/300 — train_loss: -0.4948  val_loss: -0.1960  freq: 0.2391  spend: 0.2422  w_freq: 0.907  w_spend: 1.038
Epoch 118/300 — train_loss: -0.4950  val_loss: -0.2057  freq: 0.2398  spend: 0.2345  w_freq: 0.910  w_spend: 1.043
Epoch 119/300 — train_loss: -0.5085  val_loss: -0.1704  freq: 0.2394  spend: 0.2707  w_freq: 0.914  w_spend: 1.049
Epoch 120/300 — train_loss: -0.5120  val_loss: -0.1879  freq: 0.2394  spend: 0.2562  w_freq: 0.917  w_spend: 1.054
Early stopping triggered at epoch 120.

Checkpoint saved: /kaggle/working/results/checkpoints/lstm_joint_uci_v3_seed7_sample_repair.pt
Validation-fitted softmax temperature: 0.7500

Duan's smearing factor (val): 1.1849
Validation aggregate calibration: freq_factor=1.8455, spend_factor=1.5889

Running autoregressive inference on holdout period ...
  inference mode: sample  n_scenarios: 200  temperature: 0.7500

=== Prediction Diagnostics ===
  Mean predicted freq/week:    0.0209
  Mean actual freq/week:       0.0656
  Over-prediction ratio:       0.318x
  Customers predicted as zero total:  0.743
  Customers actually zero total:      0.484
  Non-zero rate (pred, avg > 0.05):  0.099
  Non-zero rate (true):               0.055

Metrics saved: /kaggle/working/results/tables/lstm_joint_uci_v3_seed7_sample_repair_metrics.json
Array artifacts saved: /kaggle/working/results/tables/lstm_joint_uci_v3_seed7_sample_repair_arrays.npz

=== Holdout Evaluation ===
  metric_definition_version: valendin_aggregate_mape_v1
  freq_rmse: 3.0066
  freq_mae: 1.1884
  freq_normalized_gini: 0.7587
  freq_calibration_factor: 1.8455
  freq_horizon_abs_bias_pct: 41.3303
  bias_pct: -41.3303
  freq_weekly_mae: 134.4670
  freq_weekly_total_true: 8413.0000
  freq_weekly_total_pred: 4935.8805
  freq_valendin_mape: 41.5564
  freq_horizon_bias_pct: -41.3303
  freq_weekly_mean_pct_mape: 38.4533
  freq_weekly_mean_pct_bias_pct: -38.1664
  freq_weekly_bias_pct: -41.3303
  freq_weekly_mape: 41.5564
  freq_mape: 41.5564
  freq_mase: 0.7798
  freq_mase_scale: 0.1146
  smearing_factor: 1.1849
  spend_calibration_factor: 1.5889
  spend_mae_raw: 607.7729
  spend_rmse_raw: 3740.1812
  spend_normalized_gini: 0.8615
  spend_mae_log: 2.6124
  spend_rmse_log: 3.1414
  spend_r2_log: 0.1255
  spend_bias_pct: -49.3348
  spend_weekly_mae: 82186.6458
  spend_weekly_total_true: 4266929.6797
  spend_weekly_total_pred: 2161848.3861
  spend_valendin_mape: 50.0794
  spend_horizon_abs_bias_pct: 49.3348
  spend_horizon_bias_pct: -49.3348
  spend_weekly_mean_pct_mape: 46.8635
  spend_weekly_mean_pct_bias_pct: -45.5056
  spend_weekly_bias_pct: -49.3348
  spend_weekly_mape: 50.0794
  spend_mase: 1.1583
  spend_mase_scale: 36.7368
  clv_mae: 591.8464
  clv_rmse: 3643.9688
  clv_spearman: 0.6010
  clv_decile_lift: 6.2703
  clv_normalized_gini: 0.8619
  clv_total_true: 4160751.5000
  clv_total_pred: 2113840.2500
  calibration_temperature_source: rolling_origin_autoregressive
  validation_temperature: 0.7500
  smearing_source: rolling_origin_autoregressive
  calibration_source: rolling_origin_autoregressive
  validation_freq_true_total: 662.0000
  validation_freq_pred_total: 246.0032
  validation_spend_true_total: 287846.2422
  validation_spend_pred_total: 132171.2188
  validation_freq_calibration_factor: 1.8455
  validation_spend_calibration_factor: 1.5889
  validation_rolling_origin_count: 2
  protocol_name: uci_configured_78x26
  cohort_size: 4930
  calibration_weeks: 78
  holdout_weeks: 26
  inference_mode: sample
  n_scenarios: 200
  repair_attempted: True
  repair_strategy: amp_disabled
  repair_source_failure_type: FloatingPointError
  training_lr_after_repair: 0.0005
  training_max_grad_norm_after_repair: 0.5000
  training_amp_enabled_after_repair: False
  run_valid: True
  run_invalid_reason: 
  run_warning: 
  epochs_completed: 120
  max_epochs_configured: 300
History saved: /kaggle/working/results/tables/lstm_joint_uci_v3_seed7_sample_repair_history.json
