[Kaggle] raw_dir  → /kaggle/working/input/tafeng-dataset
[Kaggle] results  → /kaggle/working/results
Config: experiments/configs/transformer_joint_tafeng_v3.yaml
Run: transformer_joint_tafeng_v3_seed7_sample
Device: cuda
Loading dataset: tafeng ...
[pipeline] freq_cap=4 (auto q=0.99) → freq_bins=[0, 1, 2, 3]... (n_classes=5)
  Train customers: 25029, Val: 2780, Inference: 27809
[tafeng] Customers with 0 calibration transactions: 0 / 27809
  top-bin decode: class_values[-1] = 4.473 (max_trans = 4)
Model: transformer — 102,086 parameters

Training for up to 300 epochs ...
/kaggle/working/thesis-code/src/training/trainer.py:116: FutureWarning: `torch.cuda.amp.GradScaler(args...)` is deprecated. Please use `torch.amp.GradScaler('cuda', args...)` instead.
  self.scaler = torch.cuda.amp.GradScaler(enabled=self.amp_enabled)
[Kendall] log_vars frozen for 5 warm-up epochs.

Training failed with a repairable error: FloatingPointError: Non-finite gradients in freq_head.weight, spend_head.weight
Metrics saved: /kaggle/working/results/tables/transformer_joint_tafeng_v3_seed7_sample_metrics.json
Retrying once as robustness repair (amp_disabled) ...
Config: experiments/configs/transformer_joint_tafeng_v3.yaml
Run: transformer_joint_tafeng_v3_seed7_sample_repair
Device: cuda
Loading dataset: tafeng ...
[pipeline] freq_cap=4 (auto q=0.99) → freq_bins=[0, 1, 2, 3]... (n_classes=5)
  Train customers: 25029, Val: 2780, Inference: 27809
[tafeng] Customers with 0 calibration transactions: 0 / 27809
  top-bin decode: class_values[-1] = 4.473 (max_trans = 4)
Model: transformer — 102,086 parameters

Training for up to 300 epochs ...
/kaggle/working/thesis-code/src/training/trainer.py:116: FutureWarning: `torch.cuda.amp.GradScaler(args...)` is deprecated. Please use `torch.amp.GradScaler('cuda', args...)` instead.
  self.scaler = torch.cuda.amp.GradScaler(enabled=self.amp_enabled)
[Kendall] log_vars frozen for 5 warm-up epochs.
Epoch   1/300 — train_loss: 2.6431  val_loss: 2.1343  freq: 3.8468  spend: 0.4218  w_freq: 0.500  w_spend: 0.500
Epoch   2/300 — train_loss: 1.6475  val_loss: 0.7936  freq: 1.3159  spend: 0.2713  w_freq: 0.500  w_spend: 0.500
Epoch   3/300 — train_loss: 0.6632  val_loss: 0.4400  freq: 0.6747  spend: 0.2053  w_freq: 0.500  w_spend: 0.500
Epoch   4/300 — train_loss: 0.4879  val_loss: 0.3986  freq: 0.6023  spend: 0.1949  w_freq: 0.500  w_spend: 0.500
Epoch   5/300 — train_loss: 0.4527  val_loss: 0.3823  freq: 0.5782  spend: 0.1863  w_freq: 0.500  w_spend: 0.500
[Kendall] log_vars unfrozen at epoch 6.
Epoch   6/300 — train_loss: 0.4256  val_loss: 0.3733  freq: 0.5725  spend: 0.1852  w_freq: 0.502  w_spend: 0.502
Epoch   7/300 — train_loss: 0.4016  val_loss: 0.3609  freq: 0.5654  spend: 0.1810  w_freq: 0.507  w_spend: 0.507
Epoch   8/300 — train_loss: 0.3836  val_loss: 0.3480  freq: 0.5564  spend: 0.1783  w_freq: 0.513  w_spend: 0.513
Epoch   9/300 — train_loss: 0.3665  val_loss: 0.3333  freq: 0.5540  spend: 0.1681  w_freq: 0.519  w_spend: 0.519
Epoch  10/300 — train_loss: 0.3496  val_loss: 0.3181  freq: 0.5553  spend: 0.1543  w_freq: 0.526  w_spend: 0.526
Epoch  11/300 — train_loss: 0.3265  val_loss: 0.2908  freq: 0.5543  spend: 0.1236  w_freq: 0.535  w_spend: 0.534
Epoch  12/300 — train_loss: 0.3030  val_loss: 0.2742  freq: 0.5527  spend: 0.1143  w_freq: 0.543  w_spend: 0.543
Epoch  13/300 — train_loss: 0.2842  val_loss: 0.2617  freq: 0.5528  spend: 0.1128  w_freq: 0.553  w_spend: 0.553
Epoch  14/300 — train_loss: 0.2678  val_loss: 0.2423  freq: 0.5507  spend: 0.1023  w_freq: 0.563  w_spend: 0.564
Epoch  15/300 — train_loss: 0.2514  val_loss: 0.2279  freq: 0.5504  spend: 0.1019  w_freq: 0.574  w_spend: 0.576
Epoch  16/300 — train_loss: 0.2350  val_loss: 0.2102  freq: 0.5484  spend: 0.0980  w_freq: 0.586  w_spend: 0.590
Epoch  17/300 — train_loss: 0.2186  val_loss: 0.1965  freq: 0.5484  spend: 0.0974  w_freq: 0.598  w_spend: 0.604
Epoch  18/300 — train_loss: 0.2044  val_loss: 0.1821  freq: 0.5470  spend: 0.0951  w_freq: 0.609  w_spend: 0.617
Epoch  19/300 — train_loss: 0.1890  val_loss: 0.1691  freq: 0.5470  spend: 0.0949  w_freq: 0.620  w_spend: 0.630
Epoch  20/300 — train_loss: 0.1751  val_loss: 0.1565  freq: 0.5469  spend: 0.0956  w_freq: 0.632  w_spend: 0.645
Epoch  21/300 — train_loss: 0.1601  val_loss: 0.1401  freq: 0.5467  spend: 0.0908  w_freq: 0.644  w_spend: 0.660
Epoch  22/300 — train_loss: 0.1451  val_loss: 0.1309  freq: 0.5452  spend: 0.0975  w_freq: 0.656  w_spend: 0.676
Epoch  23/300 — train_loss: 0.1317  val_loss: 0.1178  freq: 0.5476  spend: 0.0927  w_freq: 0.667  w_spend: 0.691
Epoch  24/300 — train_loss: 0.1199  val_loss: 0.1037  freq: 0.5459  spend: 0.0915  w_freq: 0.678  w_spend: 0.706
Epoch  25/300 — train_loss: 0.1058  val_loss: 0.0921  freq: 0.5438  spend: 0.0940  w_freq: 0.690  w_spend: 0.722
Epoch  26/300 — train_loss: 0.0938  val_loss: 0.0799  freq: 0.5444  spend: 0.0927  w_freq: 0.701  w_spend: 0.739
Epoch  27/300 — train_loss: 0.0820  val_loss: 0.0659  freq: 0.5442  spend: 0.0882  w_freq: 0.711  w_spend: 0.755
Epoch  28/300 — train_loss: 0.0691  val_loss: 0.0589  freq: 0.5437  spend: 0.0937  w_freq: 0.721  w_spend: 0.771
Epoch  29/300 — train_loss: 0.0573  val_loss: 0.0450  freq: 0.5448  spend: 0.0886  w_freq: 0.732  w_spend: 0.788
Epoch  30/300 — train_loss: 0.0450  val_loss: 0.0360  freq: 0.5435  spend: 0.0920  w_freq: 0.742  w_spend: 0.806
Epoch  31/300 — train_loss: 0.0350  val_loss: 0.0228  freq: 0.5441  spend: 0.0880  w_freq: 0.751  w_spend: 0.824
Epoch  32/300 — train_loss: 0.0240  val_loss: 0.0109  freq: 0.5431  spend: 0.0869  w_freq: 0.761  w_spend: 0.842
Epoch  33/300 — train_loss: 0.0113  val_loss: 0.0010  freq: 0.5440  spend: 0.0860  w_freq: 0.770  w_spend: 0.860
Epoch  34/300 — train_loss: 0.0016  val_loss: -0.0090  freq: 0.5432  spend: 0.0859  w_freq: 0.779  w_spend: 0.877
Epoch  35/300 — train_loss: -0.0084  val_loss: -0.0169  freq: 0.5431  spend: 0.0881  w_freq: 0.787  w_spend: 0.896
Epoch  36/300 — train_loss: -0.0190  val_loss: -0.0246  freq: 0.5429  spend: 0.0901  w_freq: 0.795  w_spend: 0.915
Epoch  37/300 — train_loss: -0.0263  val_loss: -0.0366  freq: 0.5432  spend: 0.0863  w_freq: 0.803  w_spend: 0.933
Epoch  38/300 — train_loss: -0.0365  val_loss: -0.0451  freq: 0.5442  spend: 0.0858  w_freq: 0.810  w_spend: 0.952
Epoch  39/300 — train_loss: -0.0444  val_loss: -0.0528  freq: 0.5436  spend: 0.0864  w_freq: 0.817  w_spend: 0.970
Epoch  40/300 — train_loss: -0.0534  val_loss: -0.0628  freq: 0.5432  spend: 0.0855  w_freq: 0.823  w_spend: 0.988
Epoch  41/300 — train_loss: -0.0658  val_loss: -0.0729  freq: 0.5433  spend: 0.0836  w_freq: 0.830  w_spend: 1.008
Epoch  42/300 — train_loss: -0.0696  val_loss: -0.0770  freq: 0.5435  spend: 0.0865  w_freq: 0.835  w_spend: 1.026
Epoch  43/300 — train_loss: -0.0808  val_loss: -0.0881  freq: 0.5432  spend: 0.0840  w_freq: 0.841  w_spend: 1.045
Epoch  44/300 — train_loss: -0.0867  val_loss: -0.0954  freq: 0.5428  spend: 0.0850  w_freq: 0.846  w_spend: 1.065
Epoch  45/300 — train_loss: -0.0941  val_loss: -0.0971  freq: 0.5427  spend: 0.0898  w_freq: 0.851  w_spend: 1.084
Epoch  46/300 — train_loss: -0.1032  val_loss: -0.1065  freq: 0.5433  spend: 0.0876  w_freq: 0.856  w_spend: 1.103
Epoch  47/300 — train_loss: -0.1142  val_loss: -0.1167  freq: 0.5429  spend: 0.0861  w_freq: 0.861  w_spend: 1.124
Epoch  48/300 — train_loss: -0.1221  val_loss: -0.1289  freq: 0.5427  spend: 0.0826  w_freq: 0.866  w_spend: 1.147
Epoch  49/300 — train_loss: -0.1305  val_loss: -0.1357  freq: 0.5429  spend: 0.0833  w_freq: 0.870  w_spend: 1.169
Epoch  50/300 — train_loss: -0.1375  val_loss: -0.1406  freq: 0.5439  spend: 0.0845  w_freq: 0.874  w_spend: 1.190
Epoch  51/300 — train_loss: -0.1475  val_loss: -0.1467  freq: 0.5426  spend: 0.0867  w_freq: 0.878  w_spend: 1.212
Epoch  52/300 — train_loss: -0.1549  val_loss: -0.1534  freq: 0.5434  spend: 0.0865  w_freq: 0.881  w_spend: 1.235
Epoch  53/300 — train_loss: -0.1629  val_loss: -0.1588  freq: 0.5442  spend: 0.0871  w_freq: 0.884  w_spend: 1.257
Epoch  54/300 — train_loss: -0.1688  val_loss: -0.1664  freq: 0.5438  spend: 0.0869  w_freq: 0.887  w_spend: 1.280
Epoch  55/300 — train_loss: -0.1790  val_loss: -0.1755  freq: 0.5432  spend: 0.0858  w_freq: 0.890  w_spend: 1.302
Epoch  56/300 — train_loss: -0.1853  val_loss: -0.1813  freq: 0.5433  spend: 0.0868  w_freq: 0.893  w_spend: 1.327
Epoch  57/300 — train_loss: -0.1921  val_loss: -0.1907  freq: 0.5429  spend: 0.0852  w_freq: 0.895  w_spend: 1.352
Epoch  58/300 — train_loss: -0.2003  val_loss: -0.1957  freq: 0.5428  spend: 0.0865  w_freq: 0.897  w_spend: 1.375
Epoch  59/300 — train_loss: -0.2084  val_loss: -0.1944  freq: 0.5430  spend: 0.0920  w_freq: 0.899  w_spend: 1.400
Epoch  60/300 — train_loss: -0.2150  val_loss: -0.1995  freq: 0.5441  spend: 0.0921  w_freq: 0.901  w_spend: 1.424
Epoch  61/300 — train_loss: -0.2228  val_loss: -0.2159  freq: 0.5429  spend: 0.0857  w_freq: 0.903  w_spend: 1.448
Epoch  62/300 — train_loss: -0.2294  val_loss: -0.2218  freq: 0.5434  spend: 0.0853  w_freq: 0.905  w_spend: 1.471
Epoch  63/300 — train_loss: -0.2357  val_loss: -0.2242  freq: 0.5428  spend: 0.0879  w_freq: 0.906  w_spend: 1.493
Epoch  64/300 — train_loss: -0.2421  val_loss: -0.2293  freq: 0.5428  spend: 0.0886  w_freq: 0.907  w_spend: 1.518
Epoch  65/300 — train_loss: -0.2497  val_loss: -0.2332  freq: 0.5426  spend: 0.0901  w_freq: 0.908  w_spend: 1.544
Epoch  66/300 — train_loss: -0.2578  val_loss: -0.2425  freq: 0.5428  spend: 0.0880  w_freq: 0.909  w_spend: 1.570
Epoch  67/300 — train_loss: -0.2635  val_loss: -0.2517  freq: 0.5429  spend: 0.0862  w_freq: 0.910  w_spend: 1.597
Epoch  68/300 — train_loss: -0.2705  val_loss: -0.2451  freq: 0.5429  spend: 0.0938  w_freq: 0.911  w_spend: 1.624
Epoch  69/300 — train_loss: -0.2781  val_loss: -0.2587  freq: 0.5427  spend: 0.0891  w_freq: 0.912  w_spend: 1.651
Epoch  70/300 — train_loss: -0.2845  val_loss: -0.2599  freq: 0.5428  spend: 0.0916  w_freq: 0.913  w_spend: 1.678
Epoch  71/300 — train_loss: -0.2906  val_loss: -0.2629  freq: 0.5434  spend: 0.0926  w_freq: 0.914  w_spend: 1.704
Epoch  72/300 — train_loss: -0.2988  val_loss: -0.2801  freq: 0.5440  spend: 0.0854  w_freq: 0.914  w_spend: 1.730
Epoch  73/300 — train_loss: -0.3065  val_loss: -0.2825  freq: 0.5433  spend: 0.0876  w_freq: 0.915  w_spend: 1.758
Epoch  74/300 — train_loss: -0.3108  val_loss: -0.2861  freq: 0.5431  spend: 0.0889  w_freq: 0.915  w_spend: 1.787
Epoch  75/300 — train_loss: -0.3166  val_loss: -0.2899  freq: 0.5433  spend: 0.0896  w_freq: 0.916  w_spend: 1.816
Epoch  76/300 — train_loss: -0.3246  val_loss: -0.2995  freq: 0.5433  spend: 0.0872  w_freq: 0.916  w_spend: 1.845
Epoch  77/300 — train_loss: -0.3283  val_loss: -0.2971  freq: 0.5435  spend: 0.0910  w_freq: 0.917  w_spend: 1.872
Epoch  78/300 — train_loss: -0.3348  val_loss: -0.3026  freq: 0.5433  spend: 0.0908  w_freq: 0.916  w_spend: 1.901
Epoch  79/300 — train_loss: -0.3439  val_loss: -0.3121  freq: 0.5435  spend: 0.0883  w_freq: 0.917  w_spend: 1.929
Epoch  80/300 — train_loss: -0.3477  val_loss: -0.3105  freq: 0.5443  spend: 0.0911  w_freq: 0.917  w_spend: 1.957
Epoch  81/300 — train_loss: -0.3547  val_loss: -0.3138  freq: 0.5445  spend: 0.0919  w_freq: 0.917  w_spend: 1.987
Epoch  82/300 — train_loss: -0.3611  val_loss: -0.3238  freq: 0.5435  spend: 0.0896  w_freq: 0.918  w_spend: 2.018
Epoch  83/300 — train_loss: -0.3688  val_loss: -0.3309  freq: 0.5433  spend: 0.0888  w_freq: 0.918  w_spend: 2.048
Epoch  84/300 — train_loss: -0.3751  val_loss: -0.3300  freq: 0.5433  spend: 0.0914  w_freq: 0.918  w_spend: 2.080
Epoch  85/300 — train_loss: -0.3762  val_loss: -0.3413  freq: 0.5433  spend: 0.0881  w_freq: 0.918  w_spend: 2.110
Epoch  86/300 — train_loss: -0.3833  val_loss: -0.3398  freq: 0.5435  spend: 0.0908  w_freq: 0.919  w_spend: 2.140
Epoch  87/300 — train_loss: -0.3859  val_loss: -0.3373  freq: 0.5435  spend: 0.0937  w_freq: 0.919  w_spend: 2.169
Epoch  88/300 — train_loss: -0.3929  val_loss: -0.3471  freq: 0.5432  spend: 0.0912  w_freq: 0.919  w_spend: 2.197
Epoch  89/300 — train_loss: -0.4007  val_loss: -0.3547  freq: 0.5436  spend: 0.0895  w_freq: 0.919  w_spend: 2.229
Epoch  90/300 — train_loss: -0.4045  val_loss: -0.3523  freq: 0.5442  spend: 0.0921  w_freq: 0.919  w_spend: 2.259
Epoch  91/300 — train_loss: -0.4132  val_loss: -0.3623  freq: 0.5439  spend: 0.0897  w_freq: 0.920  w_spend: 2.291
Epoch  92/300 — train_loss: -0.4164  val_loss: -0.3660  freq: 0.5439  spend: 0.0899  w_freq: 0.920  w_spend: 2.325
Epoch  93/300 — train_loss: -0.4234  val_loss: -0.3592  freq: 0.5439  spend: 0.0944  w_freq: 0.920  w_spend: 2.358
Epoch  94/300 — train_loss: -0.4302  val_loss: -0.3659  freq: 0.5438  spend: 0.0934  w_freq: 0.920  w_spend: 2.392
Epoch  95/300 — train_loss: -0.4314  val_loss: -0.3763  freq: 0.5441  spend: 0.0906  w_freq: 0.920  w_spend: 2.427
Epoch  96/300 — train_loss: -0.4423  val_loss: -0.3787  freq: 0.5439  spend: 0.0912  w_freq: 0.920  w_spend: 2.460
Epoch  97/300 — train_loss: -0.4403  val_loss: -0.3826  freq: 0.5450  spend: 0.0907  w_freq: 0.921  w_spend: 2.495
Epoch  98/300 — train_loss: -0.4501  val_loss: -0.3886  freq: 0.5444  spend: 0.0899  w_freq: 0.920  w_spend: 2.527
Epoch  99/300 — train_loss: -0.4590  val_loss: -0.3822  freq: 0.5439  spend: 0.0940  w_freq: 0.920  w_spend: 2.561
Epoch 100/300 — train_loss: -0.4628  val_loss: -0.3936  freq: 0.5439  spend: 0.0909  w_freq: 0.920  w_spend: 2.595
Epoch 101/300 — train_loss: -0.4705  val_loss: -0.3849  freq: 0.5441  spend: 0.0954  w_freq: 0.921  w_spend: 2.628
Epoch 102/300 — train_loss: -0.4717  val_loss: -0.3978  freq: 0.5444  spend: 0.0917  w_freq: 0.920  w_spend: 2.664
Epoch 103/300 — train_loss: -0.4755  val_loss: -0.3855  freq: 0.5445  spend: 0.0974  w_freq: 0.920  w_spend: 2.698
Epoch 104/300 — train_loss: -0.4820  val_loss: -0.3931  freq: 0.5441  spend: 0.0958  w_freq: 0.920  w_spend: 2.732
Epoch 105/300 — train_loss: -0.4894  val_loss: -0.3961  freq: 0.5447  spend: 0.0956  w_freq: 0.920  w_spend: 2.765
Epoch 106/300 — train_loss: -0.4901  val_loss: -0.4024  freq: 0.5442  spend: 0.0945  w_freq: 0.920  w_spend: 2.800
Epoch 107/300 — train_loss: -0.4973  val_loss: -0.3940  freq: 0.5442  spend: 0.0985  w_freq: 0.920  w_spend: 2.835
Epoch 108/300 — train_loss: -0.5008  val_loss: -0.4037  freq: 0.5444  spend: 0.0960  w_freq: 0.920  w_spend: 2.870
Epoch 109/300 — train_loss: -0.5045  val_loss: -0.4199  freq: 0.5443  spend: 0.0914  w_freq: 0.920  w_spend: 2.904
Epoch 110/300 — train_loss: -0.5100  val_loss: -0.4180  freq: 0.5440  spend: 0.0930  w_freq: 0.920  w_spend: 2.938
Epoch 111/300 — train_loss: -0.5124  val_loss: -0.4175  freq: 0.5446  spend: 0.0939  w_freq: 0.920  w_spend: 2.974
Epoch 112/300 — train_loss: -0.5193  val_loss: -0.4271  freq: 0.5442  spend: 0.0918  w_freq: 0.919  w_spend: 3.012
Epoch 113/300 — train_loss: -0.5252  val_loss: -0.4197  freq: 0.5443  spend: 0.0950  w_freq: 0.920  w_spend: 3.047
Epoch 114/300 — train_loss: -0.5257  val_loss: -0.4278  freq: 0.5438  spend: 0.0933  w_freq: 0.919  w_spend: 3.084
Epoch 115/300 — train_loss: -0.5367  val_loss: -0.4258  freq: 0.5449  spend: 0.0944  w_freq: 0.919  w_spend: 3.120
Epoch 116/300 — train_loss: -0.5339  val_loss: -0.4243  freq: 0.5445  spend: 0.0957  w_freq: 0.920  w_spend: 3.157
Epoch 117/300 — train_loss: -0.5366  val_loss: -0.4173  freq: 0.5444  spend: 0.0986  w_freq: 0.919  w_spend: 3.194
Epoch 118/300 — train_loss: -0.5471  val_loss: -0.4183  freq: 0.5448  spend: 0.0989  w_freq: 0.919  w_spend: 3.232
Epoch 119/300 — train_loss: -0.5544  val_loss: -0.3916  freq: 0.5461  spend: 0.1073  w_freq: 0.919  w_spend: 3.271
Epoch 120/300 — train_loss: -0.5558  val_loss: -0.4126  freq: 0.5448  spend: 0.1017  w_freq: 0.919  w_spend: 3.306
Epoch 121/300 — train_loss: -0.5664  val_loss: -0.4213  freq: 0.5445  spend: 0.0998  w_freq: 0.919  w_spend: 3.342
Epoch 122/300 — train_loss: -0.5674  val_loss: -0.4261  freq: 0.5446  spend: 0.0989  w_freq: 0.919  w_spend: 3.380
Epoch 123/300 — train_loss: -0.5699  val_loss: -0.4295  freq: 0.5448  spend: 0.0983  w_freq: 0.920  w_spend: 3.416
Epoch 124/300 — train_loss: -0.5731  val_loss: -0.4429  freq: 0.5443  spend: 0.0951  w_freq: 0.919  w_spend: 3.454
Epoch 125/300 — train_loss: -0.5766  val_loss: -0.4391  freq: 0.5448  spend: 0.0966  w_freq: 0.919  w_spend: 3.492
Epoch 126/300 — train_loss: -0.5883  val_loss: -0.4319  freq: 0.5442  spend: 0.0993  w_freq: 0.920  w_spend: 3.531
Epoch 127/300 — train_loss: -0.5920  val_loss: -0.4197  freq: 0.5441  spend: 0.1031  w_freq: 0.920  w_spend: 3.570
Epoch 128/300 — train_loss: -0.5935  val_loss: -0.4214  freq: 0.5442  spend: 0.1030  w_freq: 0.920  w_spend: 3.610
Epoch 129/300 — train_loss: -0.6017  val_loss: -0.4308  freq: 0.5447  spend: 0.1007  w_freq: 0.920  w_spend: 3.647
Epoch 130/300 — train_loss: -0.5975  val_loss: -0.4328  freq: 0.5446  spend: 0.1005  w_freq: 0.920  w_spend: 3.685
Epoch 131/300 — train_loss: -0.6094  val_loss: -0.4262  freq: 0.5446  spend: 0.1026  w_freq: 0.920  w_spend: 3.721
Epoch 132/300 — train_loss: -0.6064  val_loss: -0.4205  freq: 0.5444  spend: 0.1045  w_freq: 0.920  w_spend: 3.761
Epoch 133/300 — train_loss: -0.6132  val_loss: -0.4300  freq: 0.5444  spend: 0.1023  w_freq: 0.920  w_spend: 3.800
Epoch 134/300 — train_loss: -0.6200  val_loss: -0.4331  freq: 0.5444  spend: 0.1018  w_freq: 0.920  w_spend: 3.839
Epoch 135/300 — train_loss: -0.6150  val_loss: -0.4147  freq: 0.5444  spend: 0.1067  w_freq: 0.919  w_spend: 3.874
Epoch 136/300 — train_loss: -0.6271  val_loss: -0.4438  freq: 0.5444  spend: 0.0995  w_freq: 0.919  w_spend: 3.913
Epoch 137/300 — train_loss: -0.6394  val_loss: -0.4247  freq: 0.5443  spend: 0.1046  w_freq: 0.919  w_spend: 3.953
Epoch 138/300 — train_loss: -0.6322  val_loss: -0.4262  freq: 0.5443  spend: 0.1045  w_freq: 0.920  w_spend: 3.992
Epoch 139/300 — train_loss: -0.6308  val_loss: -0.4319  freq: 0.5444  spend: 0.1032  w_freq: 0.919  w_spend: 4.029
Epoch 140/300 — train_loss: -0.6415  val_loss: -0.4485  freq: 0.5444  spend: 0.0993  w_freq: 0.919  w_spend: 4.069
Epoch 141/300 — train_loss: -0.6447  val_loss: -0.4228  freq: 0.5448  spend: 0.1057  w_freq: 0.919  w_spend: 4.108
Epoch 142/300 — train_loss: -0.6501  val_loss: -0.4229  freq: 0.5445  spend: 0.1059  w_freq: 0.919  w_spend: 4.144
Epoch 143/300 — train_loss: -0.6469  val_loss: -0.4641  freq: 0.5445  spend: 0.0962  w_freq: 0.919  w_spend: 4.183
Epoch 144/300 — train_loss: -0.6670  val_loss: -0.4410  freq: 0.5448  spend: 0.1018  w_freq: 0.920  w_spend: 4.223
Epoch 145/300 — train_loss: -0.6601  val_loss: -0.4553  freq: 0.5442  spend: 0.0987  w_freq: 0.920  w_spend: 4.265
Epoch 146/300 — train_loss: -0.6604  val_loss: -0.4572  freq: 0.5447  spend: 0.0983  w_freq: 0.920  w_spend: 4.303
Epoch 147/300 — train_loss: -0.6666  val_loss: -0.4463  freq: 0.5445  spend: 0.1010  w_freq: 0.919  w_spend: 4.342
Epoch 148/300 — train_loss: -0.6726  val_loss: -0.4498  freq: 0.5446  spend: 0.1003  w_freq: 0.920  w_spend: 4.383
Epoch 149/300 — train_loss: -0.6751  val_loss: -0.4424  freq: 0.5445  spend: 0.1021  w_freq: 0.919  w_spend: 4.424
Epoch 150/300 — train_loss: -0.6804  val_loss: -0.4251  freq: 0.5445  spend: 0.1061  w_freq: 0.919  w_spend: 4.463
Epoch 151/300 — train_loss: -0.6847  val_loss: -0.3986  freq: 0.5448  spend: 0.1119  w_freq: 0.919  w_spend: 4.500
Epoch 152/300 — train_loss: -0.6890  val_loss: -0.4519  freq: 0.5449  spend: 0.1002  w_freq: 0.920  w_spend: 4.539
Epoch 153/300 — train_loss: -0.6905  val_loss: -0.4422  freq: 0.5446  spend: 0.1024  w_freq: 0.919  w_spend: 4.579
Epoch 154/300 — train_loss: -0.6962  val_loss: -0.4106  freq: 0.5448  spend: 0.1093  w_freq: 0.919  w_spend: 4.620
Epoch 155/300 — train_loss: -0.7025  val_loss: -0.4066  freq: 0.5448  spend: 0.1101  w_freq: 0.919  w_spend: 4.658
Epoch 156/300 — train_loss: -0.7033  val_loss: -0.4253  freq: 0.5450  spend: 0.1061  w_freq: 0.919  w_spend: 4.697
Epoch 157/300 — train_loss: -0.7027  val_loss: -0.3920  freq: 0.5447  spend: 0.1131  w_freq: 0.919  w_spend: 4.735
Epoch 158/300 — train_loss: -0.7139  val_loss: -0.4149  freq: 0.5449  spend: 0.1082  w_freq: 0.919  w_spend: 4.774
Epoch 159/300 — train_loss: -0.7120  val_loss: -0.4145  freq: 0.5452  spend: 0.1082  w_freq: 0.919  w_spend: 4.813
Epoch 160/300 — train_loss: -0.7311  val_loss: -0.4092  freq: 0.5450  spend: 0.1093  w_freq: 0.920  w_spend: 4.847
Epoch 161/300 — train_loss: -0.7132  val_loss: -0.3798  freq: 0.5451  spend: 0.1153  w_freq: 0.919  w_spend: 4.886
Epoch 162/300 — train_loss: -0.7219  val_loss: -0.4064  freq: 0.5452  spend: 0.1097  w_freq: 0.919  w_spend: 4.923
Epoch 163/300 — train_loss: -0.7219  val_loss: -0.4175  freq: 0.5450  spend: 0.1075  w_freq: 0.919  w_spend: 4.960
Early stopping triggered at epoch 163.

Checkpoint saved: /kaggle/working/results/checkpoints/transformer_joint_tafeng_v3_seed7_sample_repair.pt
Validation-fitted softmax temperature: 0.7500

Duan's smearing factor (val): 1.9333
Validation aggregate calibration: freq_factor=1.3892, spend_factor=1.2257

Running autoregressive inference on holdout period ...
  inference mode: sample  n_scenarios: 200  temperature: 0.7500

=== Prediction Diagnostics ===
  Mean predicted freq/week:    0.1017
  Mean actual freq/week:       0.2167
  Over-prediction ratio:       0.469x
  Customers predicted as zero total:  0.722
  Customers actually zero total:      0.504
  Non-zero rate (pred, avg > 0.05):  0.438
  Non-zero rate (true):               0.175

Metrics saved: /kaggle/working/results/tables/transformer_joint_tafeng_v3_seed7_sample_repair_metrics.json
Array artifacts saved: /kaggle/working/results/tables/transformer_joint_tafeng_v3_seed7_sample_repair_arrays.npz

=== Holdout Evaluation ===
  metric_definition_version: valendin_aggregate_mape_v1
  freq_rmse: 1.3067
  freq_mae: 0.8203
  freq_normalized_gini: 0.6429
  freq_calibration_factor: 1.3892
  freq_horizon_abs_bias_pct: 34.8190
  bias_pct: -34.8190
  freq_weekly_mae: 2097.9860
  freq_weekly_total_true: 30127.0000
  freq_weekly_total_pred: 19637.0700
  freq_valendin_mape: 34.8190
  freq_horizon_bias_pct: -34.8190
  freq_weekly_mean_pct_mape: 34.7756
  freq_weekly_mean_pct_bias_pct: -34.7756
  freq_weekly_bias_pct: -34.8190
  freq_weekly_mape: 34.8190
  freq_mape: 34.8190
  freq_mase: 0.7159
  freq_mase_scale: 0.3519
  smearing_factor: 1.9333
  spend_calibration_factor: 1.2257
  spend_mae_raw: 798.5300
  spend_rmse_raw: 2995.1201
  spend_normalized_gini: 0.5667
  spend_mae_log: 3.3976
  spend_rmse_log: 4.2241
  spend_r2_log: -0.4316
  spend_bias_pct: -7.2033
  spend_weekly_mae: 1271739.7074
  spend_weekly_total_true: 23513493.8879
  spend_weekly_total_pred: 21819750.3917
  spend_valendin_mape: 27.0428
  spend_horizon_abs_bias_pct: 7.2033
  spend_horizon_bias_pct: -7.2033
  spend_weekly_mean_pct_mape: 28.0614
  spend_weekly_mean_pct_bias_pct: -9.2981
  spend_weekly_bias_pct: -7.2033
  spend_weekly_mape: 27.0428
  spend_mase: 0.8285
  spend_mase_scale: 289.2989
  clv_mae: 798.5300
  clv_rmse: 2995.1201
  clv_spearman: 0.4182
  clv_decile_lift: 3.4835
  clv_normalized_gini: 0.5667
  clv_total_true: 23513494.0000
  clv_total_pred: 21819750.0000
  calibration_temperature_source: rolling_origin_autoregressive
  validation_temperature: 0.7500
  smearing_source: rolling_origin_autoregressive
  calibration_source: rolling_origin_autoregressive
  validation_freq_true_total: 2897.0000
  validation_freq_pred_total: 1629.0645
  validation_spend_true_total: 3010621.0000
  validation_spend_pred_total: 2074215.8750
  validation_freq_calibration_factor: 1.3892
  validation_spend_calibration_factor: 1.2257
  validation_rolling_origin_count: 2
  protocol_name: tafeng_configured_12x5
  cohort_size: 27809
  calibration_weeks: 12
  holdout_weeks: 5
  inference_mode: sample
  n_scenarios: 200
  repair_attempted: True
  repair_strategy: amp_disabled
  repair_source_failure_type: FloatingPointError
  training_lr_after_repair: 0.0005
  training_max_grad_norm_after_repair: 0.5000
  training_amp_enabled_after_repair: False
  run_valid: True
  run_invalid_reason: 
  run_warning: 
  epochs_completed: 163
  max_epochs_configured: 300
History saved: /kaggle/working/results/tables/transformer_joint_tafeng_v3_seed7_sample_repair_history.json
