[Kaggle] raw_dir  → /kaggle/working/input/uci-retail
[Kaggle] results  → /kaggle/working/results
Config: experiments/configs/transformer_joint_uci_v3.yaml
Run: transformer_joint_uci_v3_seed7_sample
Device: cuda
Loading dataset: uci ...
[pipeline] freq_cap=4 (auto q=0.99) → freq_bins=[0, 1, 2, 3]... (n_classes=5)
  Train customers: 4437, Val: 493, Inference: 4930
[uci] Customers with 0 calibration transactions: 0 / 4930
  top-bin decode: class_values[-1] = 5.515 (max_trans = 4)
Model: transformer — 102,086 parameters

Training for up to 300 epochs ...
/kaggle/working/thesis-code/src/training/trainer.py:116: FutureWarning: `torch.cuda.amp.GradScaler(args...)` is deprecated. Please use `torch.amp.GradScaler('cuda', args...)` instead.
  self.scaler = torch.cuda.amp.GradScaler(enabled=self.amp_enabled)
[Kendall] log_vars frozen for 5 warm-up epochs.

Training failed with a repairable error: FloatingPointError: Non-finite gradients in input_proj.weight, state_proj.weight, freq_head.weight, spend_head.weight
Metrics saved: /kaggle/working/results/tables/transformer_joint_uci_v3_seed7_sample_metrics.json
Retrying once as robustness repair (amp_disabled) ...
Config: experiments/configs/transformer_joint_uci_v3.yaml
Run: transformer_joint_uci_v3_seed7_sample_repair
Device: cuda
Loading dataset: uci ...
[pipeline] freq_cap=4 (auto q=0.99) → freq_bins=[0, 1, 2, 3]... (n_classes=5)
  Train customers: 4437, Val: 493, Inference: 4930
[uci] Customers with 0 calibration transactions: 0 / 4930
  top-bin decode: class_values[-1] = 5.515 (max_trans = 4)
Model: transformer — 102,086 parameters

Training for up to 300 epochs ...
/kaggle/working/thesis-code/src/training/trainer.py:116: FutureWarning: `torch.cuda.amp.GradScaler(args...)` is deprecated. Please use `torch.amp.GradScaler('cuda', args...)` instead.
  self.scaler = torch.cuda.amp.GradScaler(enabled=self.amp_enabled)
[Kendall] log_vars frozen for 5 warm-up epochs.
Epoch   1/300 — train_loss: 5.6880  val_loss: 5.2785  freq: 9.9458  spend: 0.6111  w_freq: 0.500  w_spend: 0.500
Epoch   2/300 — train_loss: 4.9670  val_loss: 4.1818  freq: 7.7860  spend: 0.5775  w_freq: 0.500  w_spend: 0.500
Epoch   3/300 — train_loss: 3.5799  val_loss: 2.4267  freq: 4.3119  spend: 0.5415  w_freq: 0.500  w_spend: 0.500
Epoch   4/300 — train_loss: 1.7951  val_loss: 0.7133  freq: 0.9421  spend: 0.4845  w_freq: 0.500  w_spend: 0.500
Epoch   5/300 — train_loss: 0.6909  val_loss: 0.4887  freq: 0.5445  spend: 0.4329  w_freq: 0.500  w_spend: 0.500
[Kendall] log_vars unfrozen at epoch 6.
Epoch   6/300 — train_loss: 0.4873  val_loss: 0.3984  freq: 0.3988  spend: 0.4017  w_freq: 0.501  w_spend: 0.501
Epoch   7/300 — train_loss: 0.4467  val_loss: 0.3596  freq: 0.3366  spend: 0.3916  w_freq: 0.503  w_spend: 0.502
Epoch   8/300 — train_loss: 0.4042  val_loss: 0.3461  freq: 0.3238  spend: 0.3831  w_freq: 0.505  w_spend: 0.504
Epoch   9/300 — train_loss: 0.3862  val_loss: 0.3364  freq: 0.3160  spend: 0.3785  w_freq: 0.507  w_spend: 0.507
Epoch  10/300 — train_loss: 0.3741  val_loss: 0.3235  freq: 0.2956  spend: 0.3803  w_freq: 0.510  w_spend: 0.509
Epoch  11/300 — train_loss: 0.3515  val_loss: 0.3018  freq: 0.2832  spend: 0.3598  w_freq: 0.513  w_spend: 0.512
Epoch  12/300 — train_loss: 0.3238  val_loss: 0.2703  freq: 0.2757  spend: 0.3154  w_freq: 0.517  w_spend: 0.516
Epoch  13/300 — train_loss: 0.2859  val_loss: 0.2426  freq: 0.2708  spend: 0.2779  w_freq: 0.521  w_spend: 0.520
Epoch  14/300 — train_loss: 0.2606  val_loss: 0.2252  freq: 0.2809  spend: 0.2450  w_freq: 0.525  w_spend: 0.524
Epoch  15/300 — train_loss: 0.2275  val_loss: 0.1978  freq: 0.2683  spend: 0.2182  w_freq: 0.529  w_spend: 0.528
Epoch  16/300 — train_loss: 0.2204  val_loss: 0.1874  freq: 0.2643  spend: 0.2132  w_freq: 0.534  w_spend: 0.533
Epoch  17/300 — train_loss: 0.1959  val_loss: 0.1606  freq: 0.2598  spend: 0.1786  w_freq: 0.538  w_spend: 0.537
Epoch  18/300 — train_loss: 0.1852  val_loss: 0.1606  freq: 0.2604  spend: 0.1907  w_freq: 0.542  w_spend: 0.541
Epoch  19/300 — train_loss: 0.1709  val_loss: 0.1474  freq: 0.2556  spend: 0.1830  w_freq: 0.547  w_spend: 0.546
Epoch  20/300 — train_loss: 0.1634  val_loss: 0.1398  freq: 0.2568  spend: 0.1804  w_freq: 0.551  w_spend: 0.551
Epoch  21/300 — train_loss: 0.1430  val_loss: 0.1204  freq: 0.2520  spend: 0.1626  w_freq: 0.556  w_spend: 0.556
Epoch  22/300 — train_loss: 0.1304  val_loss: 0.1166  freq: 0.2522  spend: 0.1667  w_freq: 0.561  w_spend: 0.561
Epoch  23/300 — train_loss: 0.1205  val_loss: 0.1133  freq: 0.2508  spend: 0.1744  w_freq: 0.565  w_spend: 0.566
Epoch  24/300 — train_loss: 0.1124  val_loss: 0.0974  freq: 0.2502  spend: 0.1588  w_freq: 0.570  w_spend: 0.572
Epoch  25/300 — train_loss: 0.1058  val_loss: 0.0981  freq: 0.2483  spend: 0.1740  w_freq: 0.575  w_spend: 0.577
Epoch  26/300 — train_loss: 0.0803  val_loss: 0.0875  freq: 0.2480  spend: 0.1666  w_freq: 0.580  w_spend: 0.582
Epoch  27/300 — train_loss: 0.0802  val_loss: 0.0707  freq: 0.2481  spend: 0.1491  w_freq: 0.584  w_spend: 0.587
Epoch  28/300 — train_loss: 0.0690  val_loss: 0.0656  freq: 0.2476  spend: 0.1531  w_freq: 0.589  w_spend: 0.593
Epoch  29/300 — train_loss: 0.0567  val_loss: 0.0577  freq: 0.2489  spend: 0.1500  w_freq: 0.594  w_spend: 0.598
Epoch  30/300 — train_loss: 0.0469  val_loss: 0.0458  freq: 0.2469  spend: 0.1450  w_freq: 0.600  w_spend: 0.604
Epoch  31/300 — train_loss: 0.0319  val_loss: 0.0476  freq: 0.2474  spend: 0.1589  w_freq: 0.606  w_spend: 0.611
Epoch  32/300 — train_loss: 0.0322  val_loss: 0.0372  freq: 0.2462  spend: 0.1524  w_freq: 0.610  w_spend: 0.616
Epoch  33/300 — train_loss: 0.0198  val_loss: 0.0303  freq: 0.2462  spend: 0.1519  w_freq: 0.615  w_spend: 0.621
Epoch  34/300 — train_loss: 0.0079  val_loss: 0.0256  freq: 0.2448  spend: 0.1564  w_freq: 0.620  w_spend: 0.627
Epoch  35/300 — train_loss: -0.0058  val_loss: 0.0165  freq: 0.2458  spend: 0.1517  w_freq: 0.626  w_spend: 0.633
Epoch  36/300 — train_loss: -0.0114  val_loss: 0.0164  freq: 0.2444  spend: 0.1617  w_freq: 0.631  w_spend: 0.638
Epoch  37/300 — train_loss: -0.0215  val_loss: -0.0029  freq: 0.2444  spend: 0.1422  w_freq: 0.636  w_spend: 0.644
Epoch  38/300 — train_loss: -0.0262  val_loss: 0.0006  freq: 0.2444  spend: 0.1583  w_freq: 0.641  w_spend: 0.650
Epoch  39/300 — train_loss: -0.0381  val_loss: -0.0169  freq: 0.2439  spend: 0.1411  w_freq: 0.646  w_spend: 0.656
Epoch  40/300 — train_loss: -0.0434  val_loss: -0.0229  freq: 0.2439  spend: 0.1403  w_freq: 0.651  w_spend: 0.661
Epoch  41/300 — train_loss: -0.0465  val_loss: -0.0218  freq: 0.2432  spend: 0.1523  w_freq: 0.656  w_spend: 0.666
Epoch  42/300 — train_loss: -0.0645  val_loss: -0.0257  freq: 0.2427  spend: 0.1564  w_freq: 0.661  w_spend: 0.673
Epoch  43/300 — train_loss: -0.0750  val_loss: -0.0363  freq: 0.2438  spend: 0.1484  w_freq: 0.666  w_spend: 0.679
Epoch  44/300 — train_loss: -0.0818  val_loss: -0.0485  freq: 0.2435  spend: 0.1390  w_freq: 0.671  w_spend: 0.684
Epoch  45/300 — train_loss: -0.0879  val_loss: -0.0571  freq: 0.2423  spend: 0.1369  w_freq: 0.676  w_spend: 0.690
Epoch  46/300 — train_loss: -0.0979  val_loss: -0.0522  freq: 0.2424  spend: 0.1533  w_freq: 0.682  w_spend: 0.696
Epoch  47/300 — train_loss: -0.1160  val_loss: -0.0574  freq: 0.2424  spend: 0.1554  w_freq: 0.688  w_spend: 0.703
Epoch  48/300 — train_loss: -0.1132  val_loss: -0.0725  freq: 0.2424  spend: 0.1426  w_freq: 0.694  w_spend: 0.710
Epoch  49/300 — train_loss: -0.1190  val_loss: -0.0664  freq: 0.2429  spend: 0.1576  w_freq: 0.698  w_spend: 0.715
Epoch  50/300 — train_loss: -0.1262  val_loss: -0.0778  freq: 0.2416  spend: 0.1504  w_freq: 0.703  w_spend: 0.721
Epoch  51/300 — train_loss: -0.1364  val_loss: -0.0786  freq: 0.2418  spend: 0.1558  w_freq: 0.708  w_spend: 0.726
Epoch  52/300 — train_loss: -0.1472  val_loss: -0.0769  freq: 0.2416  spend: 0.1648  w_freq: 0.712  w_spend: 0.731
Epoch  53/300 — train_loss: -0.1503  val_loss: -0.0992  freq: 0.2417  spend: 0.1422  w_freq: 0.717  w_spend: 0.737
Epoch  54/300 — train_loss: -0.1581  val_loss: -0.0560  freq: 0.2420  spend: 0.2072  w_freq: 0.722  w_spend: 0.743
Epoch  55/300 — train_loss: -0.1637  val_loss: -0.0826  freq: 0.2415  spend: 0.1790  w_freq: 0.727  w_spend: 0.749
Epoch  56/300 — train_loss: -0.1714  val_loss: -0.0994  freq: 0.2417  spend: 0.1626  w_freq: 0.732  w_spend: 0.755
Epoch  57/300 — train_loss: -0.1764  val_loss: -0.0897  freq: 0.2423  spend: 0.1812  w_freq: 0.737  w_spend: 0.760
Epoch  58/300 — train_loss: -0.1898  val_loss: -0.0878  freq: 0.2423  spend: 0.1904  w_freq: 0.742  w_spend: 0.766
Epoch  59/300 — train_loss: -0.2006  val_loss: -0.1157  freq: 0.2412  spend: 0.1623  w_freq: 0.747  w_spend: 0.773
Epoch  60/300 — train_loss: -0.1953  val_loss: -0.1218  freq: 0.2419  spend: 0.1598  w_freq: 0.752  w_spend: 0.779
Epoch  61/300 — train_loss: -0.2168  val_loss: -0.1252  freq: 0.2418  spend: 0.1613  w_freq: 0.757  w_spend: 0.784
Epoch  62/300 — train_loss: -0.2043  val_loss: -0.1289  freq: 0.2411  spend: 0.1624  w_freq: 0.761  w_spend: 0.790
Epoch  63/300 — train_loss: -0.2199  val_loss: -0.1087  freq: 0.2412  spend: 0.1928  w_freq: 0.765  w_spend: 0.794
Epoch  64/300 — train_loss: -0.2254  val_loss: -0.1255  freq: 0.2418  spend: 0.1771  w_freq: 0.770  w_spend: 0.800
Epoch  65/300 — train_loss: -0.2288  val_loss: -0.1303  freq: 0.2415  spend: 0.1774  w_freq: 0.775  w_spend: 0.806
Epoch  66/300 — train_loss: -0.2393  val_loss: -0.1485  freq: 0.2413  spend: 0.1605  w_freq: 0.780  w_spend: 0.812
Epoch  67/300 — train_loss: -0.2485  val_loss: -0.1364  freq: 0.2409  spend: 0.1806  w_freq: 0.784  w_spend: 0.817
Epoch  68/300 — train_loss: -0.2554  val_loss: -0.1285  freq: 0.2421  spend: 0.1944  w_freq: 0.789  w_spend: 0.823
Epoch  69/300 — train_loss: -0.2570  val_loss: -0.1585  freq: 0.2415  spend: 0.1647  w_freq: 0.794  w_spend: 0.829
Epoch  70/300 — train_loss: -0.2651  val_loss: -0.1764  freq: 0.2409  spend: 0.1503  w_freq: 0.800  w_spend: 0.836
Epoch  71/300 — train_loss: -0.2687  val_loss: -0.1548  freq: 0.2410  spend: 0.1809  w_freq: 0.805  w_spend: 0.843
Epoch  72/300 — train_loss: -0.2731  val_loss: -0.1529  freq: 0.2416  spend: 0.1873  w_freq: 0.809  w_spend: 0.848
Epoch  73/300 — train_loss: -0.2792  val_loss: -0.1471  freq: 0.2413  spend: 0.1988  w_freq: 0.814  w_spend: 0.854
Epoch  74/300 — train_loss: -0.2871  val_loss: -0.1677  freq: 0.2412  spend: 0.1801  w_freq: 0.819  w_spend: 0.860
Epoch  75/300 — train_loss: -0.2949  val_loss: -0.1819  freq: 0.2419  spend: 0.1680  w_freq: 0.824  w_spend: 0.866
Epoch  76/300 — train_loss: -0.3072  val_loss: -0.1768  freq: 0.2410  spend: 0.1795  w_freq: 0.829  w_spend: 0.872
Epoch  77/300 — train_loss: -0.3061  val_loss: -0.1848  freq: 0.2409  spend: 0.1752  w_freq: 0.834  w_spend: 0.879
Epoch  78/300 — train_loss: -0.3058  val_loss: -0.1915  freq: 0.2410  spend: 0.1715  w_freq: 0.838  w_spend: 0.884
Epoch  79/300 — train_loss: -0.3176  val_loss: -0.1810  freq: 0.2410  spend: 0.1880  w_freq: 0.843  w_spend: 0.890
Epoch  80/300 — train_loss: -0.3273  val_loss: -0.1779  freq: 0.2410  spend: 0.1963  w_freq: 0.848  w_spend: 0.897
Epoch  81/300 — train_loss: -0.3391  val_loss: -0.1675  freq: 0.2420  spend: 0.2112  w_freq: 0.853  w_spend: 0.903
Epoch  82/300 — train_loss: -0.3484  val_loss: -0.1862  freq: 0.2413  spend: 0.1962  w_freq: 0.858  w_spend: 0.910
Epoch  83/300 — train_loss: -0.3460  val_loss: -0.1898  freq: 0.2421  spend: 0.1963  w_freq: 0.864  w_spend: 0.917
Epoch  84/300 — train_loss: -0.3507  val_loss: -0.2236  freq: 0.2408  spend: 0.1657  w_freq: 0.869  w_spend: 0.924
Epoch  85/300 — train_loss: -0.3611  val_loss: -0.2101  freq: 0.2421  spend: 0.1838  w_freq: 0.875  w_spend: 0.931
Epoch  86/300 — train_loss: -0.3692  val_loss: -0.2157  freq: 0.2411  spend: 0.1835  w_freq: 0.880  w_spend: 0.939
Epoch  87/300 — train_loss: -0.3723  val_loss: -0.2101  freq: 0.2408  spend: 0.1944  w_freq: 0.886  w_spend: 0.946
Epoch  88/300 — train_loss: -0.3747  val_loss: -0.2165  freq: 0.2411  spend: 0.1912  w_freq: 0.892  w_spend: 0.953
Epoch  89/300 — train_loss: -0.3800  val_loss: -0.2090  freq: 0.2406  spend: 0.2025  w_freq: 0.896  w_spend: 0.959
Epoch  90/300 — train_loss: -0.3947  val_loss: -0.2092  freq: 0.2417  spend: 0.2047  w_freq: 0.900  w_spend: 0.964
Epoch  91/300 — train_loss: -0.3919  val_loss: -0.2235  freq: 0.2407  spend: 0.1942  w_freq: 0.905  w_spend: 0.970
Epoch  92/300 — train_loss: -0.4061  val_loss: -0.1808  freq: 0.2413  spend: 0.2406  w_freq: 0.909  w_spend: 0.976
Epoch  93/300 — train_loss: -0.4041  val_loss: -0.2004  freq: 0.2415  spend: 0.2232  w_freq: 0.913  w_spend: 0.982
Epoch  94/300 — train_loss: -0.4134  val_loss: -0.2386  freq: 0.2414  spend: 0.1880  w_freq: 0.917  w_spend: 0.988
Epoch  95/300 — train_loss: -0.4190  val_loss: -0.2062  freq: 0.2409  spend: 0.2245  w_freq: 0.922  w_spend: 0.994
Epoch  96/300 — train_loss: -0.4288  val_loss: -0.2109  freq: 0.2412  spend: 0.2227  w_freq: 0.927  w_spend: 1.001
Epoch  97/300 — train_loss: -0.4421  val_loss: -0.1965  freq: 0.2407  spend: 0.2406  w_freq: 0.932  w_spend: 1.007
Epoch  98/300 — train_loss: -0.4312  val_loss: -0.2382  freq: 0.2406  spend: 0.2021  w_freq: 0.936  w_spend: 1.014
Epoch  99/300 — train_loss: -0.4403  val_loss: -0.2042  freq: 0.2404  spend: 0.2384  w_freq: 0.940  w_spend: 1.019
Epoch 100/300 — train_loss: -0.4475  val_loss: -0.2079  freq: 0.2413  spend: 0.2363  w_freq: 0.944  w_spend: 1.024
Epoch 101/300 — train_loss: -0.4555  val_loss: -0.2211  freq: 0.2409  spend: 0.2266  w_freq: 0.948  w_spend: 1.030
Epoch 102/300 — train_loss: -0.4588  val_loss: -0.2028  freq: 0.2419  spend: 0.2465  w_freq: 0.953  w_spend: 1.037
Epoch 103/300 — train_loss: -0.4633  val_loss: -0.2192  freq: 0.2407  spend: 0.2347  w_freq: 0.958  w_spend: 1.044
Epoch 104/300 — train_loss: -0.4688  val_loss: -0.2146  freq: 0.2411  spend: 0.2417  w_freq: 0.963  w_spend: 1.051
Epoch 105/300 — train_loss: -0.4751  val_loss: -0.2594  freq: 0.2407  spend: 0.2023  w_freq: 0.968  w_spend: 1.058
Epoch 106/300 — train_loss: -0.4871  val_loss: -0.2309  freq: 0.2405  spend: 0.2323  w_freq: 0.973  w_spend: 1.064
Epoch 107/300 — train_loss: -0.4795  val_loss: -0.2348  freq: 0.2404  spend: 0.2312  w_freq: 0.977  w_spend: 1.071
Epoch 108/300 — train_loss: -0.4938  val_loss: -0.2506  freq: 0.2407  spend: 0.2190  w_freq: 0.982  w_spend: 1.078
Epoch 109/300 — train_loss: -0.4959  val_loss: -0.2312  freq: 0.2406  spend: 0.2391  w_freq: 0.986  w_spend: 1.084
Epoch 110/300 — train_loss: -0.5047  val_loss: -0.2380  freq: 0.2406  spend: 0.2343  w_freq: 0.990  w_spend: 1.088
Epoch 111/300 — train_loss: -0.5057  val_loss: -0.2562  freq: 0.2403  spend: 0.2197  w_freq: 0.992  w_spend: 1.093
Epoch 112/300 — train_loss: -0.5101  val_loss: -0.2423  freq: 0.2407  spend: 0.2344  w_freq: 0.996  w_spend: 1.098
Epoch 113/300 — train_loss: -0.5151  val_loss: -0.2343  freq: 0.2409  spend: 0.2436  w_freq: 1.001  w_spend: 1.105
Epoch 114/300 — train_loss: -0.5261  val_loss: -0.2317  freq: 0.2406  spend: 0.2484  w_freq: 1.005  w_spend: 1.111
Epoch 115/300 — train_loss: -0.5266  val_loss: -0.2338  freq: 0.2403  spend: 0.2488  w_freq: 1.009  w_spend: 1.117
Epoch 116/300 — train_loss: -0.5174  val_loss: -0.2205  freq: 0.2408  spend: 0.2620  w_freq: 1.013  w_spend: 1.123
Epoch 117/300 — train_loss: -0.5411  val_loss: -0.2353  freq: 0.2404  spend: 0.2514  w_freq: 1.017  w_spend: 1.129
Epoch 118/300 — train_loss: -0.5516  val_loss: -0.1803  freq: 0.2405  spend: 0.3019  w_freq: 1.022  w_spend: 1.136
Epoch 119/300 — train_loss: -0.5400  val_loss: -0.2517  freq: 0.2408  spend: 0.2411  w_freq: 1.027  w_spend: 1.143
Epoch 120/300 — train_loss: -0.5395  val_loss: -0.2407  freq: 0.2407  spend: 0.2526  w_freq: 1.031  w_spend: 1.149
Epoch 121/300 — train_loss: -0.5578  val_loss: -0.2346  freq: 0.2411  spend: 0.2590  w_freq: 1.035  w_spend: 1.155
Epoch 122/300 — train_loss: -0.5563  val_loss: -0.2432  freq: 0.2406  spend: 0.2539  w_freq: 1.039  w_spend: 1.161
Epoch 123/300 — train_loss: -0.5662  val_loss: -0.2509  freq: 0.2403  spend: 0.2491  w_freq: 1.043  w_spend: 1.167
Epoch 124/300 — train_loss: -0.5729  val_loss: -0.2475  freq: 0.2402  spend: 0.2540  w_freq: 1.047  w_spend: 1.173
Epoch 125/300 — train_loss: -0.5773  val_loss: -0.2519  freq: 0.2406  spend: 0.2518  w_freq: 1.051  w_spend: 1.180
Early stopping triggered at epoch 125.

Checkpoint saved: /kaggle/working/results/checkpoints/transformer_joint_uci_v3_seed7_sample_repair.pt
Validation-fitted softmax temperature: 0.7500

Duan's smearing factor (val): 1.2335
Validation aggregate calibration: freq_factor=1.5537, spend_factor=1.2550

Running autoregressive inference on holdout period ...
  inference mode: sample  n_scenarios: 200  temperature: 0.7500

=== Prediction Diagnostics ===
  Mean predicted freq/week:    0.0292
  Mean actual freq/week:       0.0656
  Over-prediction ratio:       0.445x
  Customers predicted as zero total:  0.719
  Customers actually zero total:      0.484
  Non-zero rate (pred, avg > 0.05):  0.114
  Non-zero rate (true):               0.055

Metrics saved: /kaggle/working/results/tables/transformer_joint_uci_v3_seed7_sample_repair_metrics.json
Array artifacts saved: /kaggle/working/results/tables/transformer_joint_uci_v3_seed7_sample_repair_arrays.npz

=== Holdout Evaluation ===
  metric_definition_version: valendin_aggregate_mape_v1
  freq_rmse: 2.7719
  freq_mae: 1.1822
  freq_normalized_gini: 0.7660
  freq_calibration_factor: 1.5537
  freq_horizon_abs_bias_pct: 30.8305
  bias_pct: -30.8305
  freq_weekly_mae: 102.5545
  freq_weekly_total_true: 8413.0000
  freq_weekly_total_pred: 5819.2309
  freq_valendin_mape: 31.6940
  freq_horizon_bias_pct: -30.8305
  freq_weekly_mean_pct_mape: 28.7343
  freq_weekly_mean_pct_bias_pct: -27.5195
  freq_weekly_bias_pct: -30.8305
  freq_weekly_mape: 31.6940
  freq_mape: 31.6940
  freq_mase: 0.7692
  freq_mase_scale: 0.1146
  smearing_factor: 1.2335
  spend_calibration_factor: 1.2550
  spend_mae_raw: 540.0978
  spend_rmse_raw: 2634.4126
  spend_normalized_gini: 0.8540
  spend_mae_log: 2.2461
  spend_rmse_log: 2.8807
  spend_r2_log: 0.2646
  spend_bias_pct: -31.3657
  spend_weekly_mae: 54625.1136
  spend_weekly_total_true: 4266929.6797
  spend_weekly_total_pred: 2928578.8827
  spend_valendin_mape: 33.2851
  spend_horizon_abs_bias_pct: 31.3657
  spend_horizon_bias_pct: -31.3657
  spend_weekly_mean_pct_mape: 30.3582
  spend_weekly_mean_pct_bias_pct: -27.1094
  spend_weekly_bias_pct: -31.3657
  spend_weekly_mape: 33.2851
  spend_mase: 1.1963
  spend_mase_scale: 36.7368
  clv_mae: 526.2480
  clv_rmse: 2568.5906
  clv_spearman: 0.6165
  clv_decile_lift: 6.2058
  clv_normalized_gini: 0.8543
  clv_total_true: 4160751.5000
  clv_total_pred: 2860747.2500
  calibration_temperature_source: rolling_origin_autoregressive
  validation_temperature: 0.7500
  smearing_source: rolling_origin_autoregressive
  calibration_source: rolling_origin_autoregressive
  validation_freq_true_total: 662.0000
  validation_freq_pred_total: 314.1310
  validation_spend_true_total: 287846.2422
  validation_spend_pred_total: 190631.0469
  validation_freq_calibration_factor: 1.5537
  validation_spend_calibration_factor: 1.2550
  validation_rolling_origin_count: 2
  protocol_name: uci_configured_78x26
  cohort_size: 4930
  calibration_weeks: 78
  holdout_weeks: 26
  inference_mode: sample
  n_scenarios: 200
  repair_attempted: True
  repair_strategy: amp_disabled
  repair_source_failure_type: FloatingPointError
  training_lr_after_repair: 0.0005
  training_max_grad_norm_after_repair: 0.5000
  training_amp_enabled_after_repair: False
  run_valid: True
  run_invalid_reason: 
  run_warning: 
  epochs_completed: 125
  max_epochs_configured: 300
History saved: /kaggle/working/results/tables/transformer_joint_uci_v3_seed7_sample_repair_history.json
