[Kaggle] raw_dir  → /kaggle/working/input/dunnhumby
[Kaggle] results  → /kaggle/working/results
Config: experiments/configs/transformer_joint_dunnhumby_v3.yaml
Run: transformer_joint_dunnhumby_v3_seed123_sample
Device: cuda
Loading dataset: dunnhumby ...
[pipeline] freq_cap=10 (auto q=0.99) → freq_bins=[0, 1, 2, 3]... (n_classes=11)
  Train customers: 2249, Val: 249, Inference: 2498
[dunnhumby] Customers with 0 calibration transactions: 0 / 2498
  top-bin decode: class_values[-1] = 13.099 (max_trans = 10)
Model: transformer — 102,569 parameters

Training for up to 300 epochs ...
/kaggle/working/thesis-code/src/training/trainer.py:116: FutureWarning: `torch.cuda.amp.GradScaler(args...)` is deprecated. Please use `torch.amp.GradScaler('cuda', args...)` instead.
  self.scaler = torch.cuda.amp.GradScaler(enabled=self.amp_enabled)
[Kendall] log_vars frozen for 5 warm-up epochs.

Training failed with a repairable error: FloatingPointError: Non-finite gradients in freq_head.weight, spend_head.weight
Metrics saved: /kaggle/working/results/tables/transformer_joint_dunnhumby_v3_seed123_sample_metrics.json
Retrying once as robustness repair (amp_disabled) ...
Config: experiments/configs/transformer_joint_dunnhumby_v3.yaml
Run: transformer_joint_dunnhumby_v3_seed123_sample_repair
Device: cuda
Loading dataset: dunnhumby ...
[pipeline] freq_cap=10 (auto q=0.99) → freq_bins=[0, 1, 2, 3]... (n_classes=11)
  Train customers: 2249, Val: 249, Inference: 2498
[dunnhumby] Customers with 0 calibration transactions: 0 / 2498
  top-bin decode: class_values[-1] = 13.099 (max_trans = 10)
Model: transformer — 102,569 parameters

Training for up to 300 epochs ...
/kaggle/working/thesis-code/src/training/trainer.py:116: FutureWarning: `torch.cuda.amp.GradScaler(args...)` is deprecated. Please use `torch.amp.GradScaler('cuda', args...)` instead.
  self.scaler = torch.cuda.amp.GradScaler(enabled=self.amp_enabled)
[Kendall] log_vars frozen for 5 warm-up epochs.
Epoch   1/300 — train_loss: 3.9154  val_loss: 3.7395  freq: 7.0634  spend: 0.4156  w_freq: 0.500  w_spend: 0.500
Epoch   2/300 — train_loss: 3.7578  val_loss: 3.4794  freq: 6.5763  spend: 0.3825  w_freq: 0.500  w_spend: 0.500
Epoch   3/300 — train_loss: 3.4539  val_loss: 3.0804  freq: 5.8189  spend: 0.3418  w_freq: 0.500  w_spend: 0.500
Epoch   4/300 — train_loss: 3.0314  val_loss: 2.5844  freq: 4.8722  spend: 0.2967  w_freq: 0.500  w_spend: 0.500
Epoch   5/300 — train_loss: 2.5433  val_loss: 2.0792  freq: 3.9130  spend: 0.2454  w_freq: 0.500  w_spend: 0.500
[Kendall] log_vars unfrozen at epoch 6.
Epoch   6/300 — train_loss: 2.0680  val_loss: 1.6635  freq: 3.1367  spend: 0.1952  w_freq: 0.500  w_spend: 0.500
Epoch   7/300 — train_loss: 1.6529  val_loss: 1.2949  freq: 2.4341  spend: 0.1641  w_freq: 0.499  w_spend: 0.501
Epoch   8/300 — train_loss: 1.2897  val_loss: 0.9641  freq: 1.7883  spend: 0.1498  w_freq: 0.498  w_spend: 0.502
Epoch   9/300 — train_loss: 1.0409  val_loss: 0.8200  freq: 1.5236  spend: 0.1290  w_freq: 0.497  w_spend: 0.504
Epoch  10/300 — train_loss: 0.9226  val_loss: 0.7525  freq: 1.4059  spend: 0.1156  w_freq: 0.495  w_spend: 0.506
Epoch  11/300 — train_loss: 0.8657  val_loss: 0.7106  freq: 1.3381  spend: 0.1038  w_freq: 0.494  w_spend: 0.508
Epoch  12/300 — train_loss: 0.8198  val_loss: 0.6792  freq: 1.2956  spend: 0.0885  w_freq: 0.492  w_spend: 0.510
Epoch  13/300 — train_loss: 0.7795  val_loss: 0.6532  freq: 1.2643  spend: 0.0735  w_freq: 0.490  w_spend: 0.513
Epoch  14/300 — train_loss: 0.7470  val_loss: 0.6364  freq: 1.2446  spend: 0.0655  w_freq: 0.489  w_spend: 0.516
Epoch  15/300 — train_loss: 0.7224  val_loss: 0.6228  freq: 1.2246  spend: 0.0641  w_freq: 0.487  w_spend: 0.519
Epoch  16/300 — train_loss: 0.7027  val_loss: 0.6120  freq: 1.2150  spend: 0.0582  w_freq: 0.485  w_spend: 0.522
Epoch  17/300 — train_loss: 0.6838  val_loss: 0.6021  freq: 1.2033  spend: 0.0560  w_freq: 0.483  w_spend: 0.525
Epoch  18/300 — train_loss: 0.6698  val_loss: 0.5972  freq: 1.1997  spend: 0.0556  w_freq: 0.482  w_spend: 0.528
Epoch  19/300 — train_loss: 0.6588  val_loss: 0.5867  freq: 1.1923  spend: 0.0475  w_freq: 0.480  w_spend: 0.531
Epoch  20/300 — train_loss: 0.6474  val_loss: 0.5806  freq: 1.1869  spend: 0.0456  w_freq: 0.479  w_spend: 0.533
Epoch  21/300 — train_loss: 0.6397  val_loss: 0.5747  freq: 1.1862  spend: 0.0394  w_freq: 0.478  w_spend: 0.536
Epoch  22/300 — train_loss: 0.6334  val_loss: 0.5680  freq: 1.1823  spend: 0.0339  w_freq: 0.477  w_spend: 0.538
Epoch  23/300 — train_loss: 0.6228  val_loss: 0.5575  freq: 1.1805  spend: 0.0202  w_freq: 0.476  w_spend: 0.540
Epoch  24/300 — train_loss: 0.6118  val_loss: 0.5494  freq: 1.1782  spend: 0.0121  w_freq: 0.475  w_spend: 0.543
Epoch  25/300 — train_loss: 0.6037  val_loss: 0.5373  freq: 1.1767  spend: -0.0034  w_freq: 0.474  w_spend: 0.546
Epoch  26/300 — train_loss: 0.5918  val_loss: 0.5272  freq: 1.1749  spend: -0.0149  w_freq: 0.473  w_spend: 0.549
Epoch  27/300 — train_loss: 0.5817  val_loss: 0.5176  freq: 1.1716  spend: -0.0239  w_freq: 0.472  w_spend: 0.552
Epoch  28/300 — train_loss: 0.5732  val_loss: 0.5106  freq: 1.1699  spend: -0.0296  w_freq: 0.470  w_spend: 0.555
Epoch  29/300 — train_loss: 0.5635  val_loss: 0.5032  freq: 1.1681  spend: -0.0357  w_freq: 0.469  w_spend: 0.558
Epoch  30/300 — train_loss: 0.5551  val_loss: 0.4965  freq: 1.1665  spend: -0.0407  w_freq: 0.468  w_spend: 0.561
Epoch  31/300 — train_loss: 0.5486  val_loss: 0.4927  freq: 1.1650  spend: -0.0410  w_freq: 0.467  w_spend: 0.565
Epoch  32/300 — train_loss: 0.5416  val_loss: 0.4871  freq: 1.1634  spend: -0.0444  w_freq: 0.466  w_spend: 0.568
Epoch  33/300 — train_loss: 0.5358  val_loss: 0.4834  freq: 1.1624  spend: -0.0452  w_freq: 0.465  w_spend: 0.571
Epoch  34/300 — train_loss: 0.5319  val_loss: 0.4804  freq: 1.1613  spend: -0.0446  w_freq: 0.464  w_spend: 0.574
Epoch  35/300 — train_loss: 0.5279  val_loss: 0.4762  freq: 1.1603  spend: -0.0469  w_freq: 0.463  w_spend: 0.576
Epoch  36/300 — train_loss: 0.5221  val_loss: 0.4766  freq: 1.1595  spend: -0.0412  w_freq: 0.462  w_spend: 0.579
Epoch  37/300 — train_loss: 0.5205  val_loss: 0.4690  freq: 1.1584  spend: -0.0493  w_freq: 0.461  w_spend: 0.582
Epoch  38/300 — train_loss: 0.5148  val_loss: 0.4659  freq: 1.1578  spend: -0.0497  w_freq: 0.460  w_spend: 0.584
Epoch  39/300 — train_loss: 0.5094  val_loss: 0.4637  freq: 1.1569  spend: -0.0482  w_freq: 0.459  w_spend: 0.587
Epoch  40/300 — train_loss: 0.5071  val_loss: 0.4599  freq: 1.1568  spend: -0.0504  w_freq: 0.459  w_spend: 0.590
Epoch  41/300 — train_loss: 0.5034  val_loss: 0.4575  freq: 1.1554  spend: -0.0497  w_freq: 0.458  w_spend: 0.593
Epoch  42/300 — train_loss: 0.4991  val_loss: 0.4539  freq: 1.1549  spend: -0.0514  w_freq: 0.457  w_spend: 0.595
Epoch  43/300 — train_loss: 0.4961  val_loss: 0.4508  freq: 1.1540  spend: -0.0519  w_freq: 0.456  w_spend: 0.598
Epoch  44/300 — train_loss: 0.4917  val_loss: 0.4472  freq: 1.1530  spend: -0.0529  w_freq: 0.456  w_spend: 0.600
Epoch  45/300 — train_loss: 0.4881  val_loss: 0.4446  freq: 1.1525  spend: -0.0521  w_freq: 0.455  w_spend: 0.603
Epoch  46/300 — train_loss: 0.4851  val_loss: 0.4404  freq: 1.1521  spend: -0.0542  w_freq: 0.454  w_spend: 0.607
Epoch  47/300 — train_loss: 0.4812  val_loss: 0.4422  freq: 1.1506  spend: -0.0460  w_freq: 0.453  w_spend: 0.609
Epoch  48/300 — train_loss: 0.4783  val_loss: 0.4420  freq: 1.1512  spend: -0.0436  w_freq: 0.453  w_spend: 0.612
Epoch  49/300 — train_loss: 0.4760  val_loss: 0.4362  freq: 1.1505  spend: -0.0497  w_freq: 0.452  w_spend: 0.614
Epoch  50/300 — train_loss: 0.4721  val_loss: 0.4305  freq: 1.1503  spend: -0.0553  w_freq: 0.452  w_spend: 0.616
Epoch  51/300 — train_loss: 0.4689  val_loss: 0.4275  freq: 1.1497  spend: -0.0560  w_freq: 0.451  w_spend: 0.619
Epoch  52/300 — train_loss: 0.4669  val_loss: 0.4271  freq: 1.1493  spend: -0.0526  w_freq: 0.450  w_spend: 0.622
Epoch  53/300 — train_loss: 0.4642  val_loss: 0.4254  freq: 1.1487  spend: -0.0518  w_freq: 0.450  w_spend: 0.624
Epoch  54/300 — train_loss: 0.4617  val_loss: 0.4199  freq: 1.1481  spend: -0.0572  w_freq: 0.449  w_spend: 0.626
Epoch  55/300 — train_loss: 0.4582  val_loss: 0.4180  freq: 1.1483  spend: -0.0573  w_freq: 0.449  w_spend: 0.628
Epoch  56/300 — train_loss: 0.4554  val_loss: 0.4151  freq: 1.1474  spend: -0.0578  w_freq: 0.448  w_spend: 0.631
Epoch  57/300 — train_loss: 0.4526  val_loss: 0.4143  freq: 1.1477  spend: -0.0553  w_freq: 0.448  w_spend: 0.634
Epoch  58/300 — train_loss: 0.4486  val_loss: 0.4095  freq: 1.1472  spend: -0.0588  w_freq: 0.447  w_spend: 0.636
Epoch  59/300 — train_loss: 0.4448  val_loss: 0.4068  freq: 1.1463  spend: -0.0582  w_freq: 0.446  w_spend: 0.639
Epoch  60/300 — train_loss: 0.4418  val_loss: 0.4055  freq: 1.1460  spend: -0.0558  w_freq: 0.446  w_spend: 0.643
Epoch  61/300 — train_loss: 0.4401  val_loss: 0.3999  freq: 1.1463  spend: -0.0612  w_freq: 0.445  w_spend: 0.645
Epoch  62/300 — train_loss: 0.4364  val_loss: 0.3983  freq: 1.1456  spend: -0.0598  w_freq: 0.445  w_spend: 0.648
Epoch  63/300 — train_loss: 0.4330  val_loss: 0.3960  freq: 1.1458  spend: -0.0601  w_freq: 0.444  w_spend: 0.651
Epoch  64/300 — train_loss: 0.4292  val_loss: 0.3922  freq: 1.1449  spend: -0.0616  w_freq: 0.444  w_spend: 0.654
Epoch  65/300 — train_loss: 0.4262  val_loss: 0.3900  freq: 1.1449  spend: -0.0610  w_freq: 0.443  w_spend: 0.657
Epoch  66/300 — train_loss: 0.4236  val_loss: 0.3866  freq: 1.1442  spend: -0.0616  w_freq: 0.442  w_spend: 0.660
Epoch  67/300 — train_loss: 0.4201  val_loss: 0.3823  freq: 1.1440  spend: -0.0640  w_freq: 0.442  w_spend: 0.663
Epoch  68/300 — train_loss: 0.4175  val_loss: 0.3807  freq: 1.1442  spend: -0.0632  w_freq: 0.441  w_spend: 0.666
Epoch  69/300 — train_loss: 0.4131  val_loss: 0.3790  freq: 1.1438  spend: -0.0622  w_freq: 0.441  w_spend: 0.669
Epoch  70/300 — train_loss: 0.4107  val_loss: 0.3759  freq: 1.1449  spend: -0.0640  w_freq: 0.440  w_spend: 0.672
Epoch  71/300 — train_loss: 0.4091  val_loss: 0.3724  freq: 1.1433  spend: -0.0647  w_freq: 0.440  w_spend: 0.674
Epoch  72/300 — train_loss: 0.4050  val_loss: 0.3702  freq: 1.1429  spend: -0.0643  w_freq: 0.440  w_spend: 0.677
Epoch  73/300 — train_loss: 0.4031  val_loss: 0.3665  freq: 1.1429  spend: -0.0662  w_freq: 0.439  w_spend: 0.680
Epoch  74/300 — train_loss: 0.4001  val_loss: 0.3648  freq: 1.1441  spend: -0.0660  w_freq: 0.439  w_spend: 0.683
Epoch  75/300 — train_loss: 0.3964  val_loss: 0.3604  freq: 1.1422  spend: -0.0677  w_freq: 0.438  w_spend: 0.686
Epoch  76/300 — train_loss: 0.3935  val_loss: 0.3585  freq: 1.1422  spend: -0.0673  w_freq: 0.438  w_spend: 0.689
Epoch  77/300 — train_loss: 0.3910  val_loss: 0.3565  freq: 1.1435  spend: -0.0676  w_freq: 0.437  w_spend: 0.692
Epoch  78/300 — train_loss: 0.3881  val_loss: 0.3538  freq: 1.1418  spend: -0.0670  w_freq: 0.437  w_spend: 0.695
Epoch  79/300 — train_loss: 0.3836  val_loss: 0.3516  freq: 1.1425  spend: -0.0673  w_freq: 0.437  w_spend: 0.698
Epoch  80/300 — train_loss: 0.3823  val_loss: 0.3475  freq: 1.1424  spend: -0.0698  w_freq: 0.436  w_spend: 0.701
Epoch  81/300 — train_loss: 0.3786  val_loss: 0.3450  freq: 1.1421  spend: -0.0701  w_freq: 0.436  w_spend: 0.704
Epoch  82/300 — train_loss: 0.3756  val_loss: 0.3428  freq: 1.1413  spend: -0.0697  w_freq: 0.435  w_spend: 0.707
Epoch  83/300 — train_loss: 0.3718  val_loss: 0.3399  freq: 1.1409  spend: -0.0705  w_freq: 0.435  w_spend: 0.709
Epoch  84/300 — train_loss: 0.3702  val_loss: 0.3382  freq: 1.1420  spend: -0.0702  w_freq: 0.435  w_spend: 0.712
Epoch  85/300 — train_loss: 0.3677  val_loss: 0.3351  freq: 1.1412  spend: -0.0712  w_freq: 0.434  w_spend: 0.715
Epoch  86/300 — train_loss: 0.3651  val_loss: 0.3325  freq: 1.1416  spend: -0.0717  w_freq: 0.434  w_spend: 0.718
Epoch  87/300 — train_loss: 0.3617  val_loss: 0.3294  freq: 1.1408  spend: -0.0722  w_freq: 0.434  w_spend: 0.721
Epoch  88/300 — train_loss: 0.3604  val_loss: 0.3266  freq: 1.1399  spend: -0.0722  w_freq: 0.433  w_spend: 0.724
Epoch  89/300 — train_loss: 0.3572  val_loss: 0.3241  freq: 1.1402  spend: -0.0727  w_freq: 0.433  w_spend: 0.727
Epoch  90/300 — train_loss: 0.3533  val_loss: 0.3222  freq: 1.1407  spend: -0.0725  w_freq: 0.433  w_spend: 0.730
Epoch  91/300 — train_loss: 0.3517  val_loss: 0.3192  freq: 1.1398  spend: -0.0732  w_freq: 0.433  w_spend: 0.733
Epoch  92/300 — train_loss: 0.3479  val_loss: 0.3199  freq: 1.1410  spend: -0.0702  w_freq: 0.432  w_spend: 0.736
Epoch  93/300 — train_loss: 0.3464  val_loss: 0.3191  freq: 1.1396  spend: -0.0679  w_freq: 0.432  w_spend: 0.739
Epoch  94/300 — train_loss: 0.3457  val_loss: 0.3133  freq: 1.1399  spend: -0.0737  w_freq: 0.432  w_spend: 0.741
Epoch  95/300 — train_loss: 0.3404  val_loss: 0.3117  freq: 1.1401  spend: -0.0734  w_freq: 0.432  w_spend: 0.743
Epoch  96/300 — train_loss: 0.3394  val_loss: 0.3083  freq: 1.1403  spend: -0.0751  w_freq: 0.431  w_spend: 0.746
Epoch  97/300 — train_loss: 0.3381  val_loss: 0.3061  freq: 1.1395  spend: -0.0748  w_freq: 0.431  w_spend: 0.749
Epoch  98/300 — train_loss: 0.3340  val_loss: 0.3051  freq: 1.1393  spend: -0.0736  w_freq: 0.431  w_spend: 0.752
Epoch  99/300 — train_loss: 0.3319  val_loss: 0.3025  freq: 1.1395  spend: -0.0745  w_freq: 0.431  w_spend: 0.754
Epoch 100/300 — train_loss: 0.3291  val_loss: 0.2994  freq: 1.1391  spend: -0.0756  w_freq: 0.430  w_spend: 0.757
Epoch 101/300 — train_loss: 0.3271  val_loss: 0.2980  freq: 1.1385  spend: -0.0743  w_freq: 0.430  w_spend: 0.760
Epoch 102/300 — train_loss: 0.3252  val_loss: 0.2950  freq: 1.1390  spend: -0.0759  w_freq: 0.430  w_spend: 0.763
Epoch 103/300 — train_loss: 0.3220  val_loss: 0.2932  freq: 1.1388  spend: -0.0753  w_freq: 0.430  w_spend: 0.766
Epoch 104/300 — train_loss: 0.3214  val_loss: 0.2910  freq: 1.1391  spend: -0.0753  w_freq: 0.430  w_spend: 0.769
Epoch 105/300 — train_loss: 0.3184  val_loss: 0.2885  freq: 1.1386  spend: -0.0757  w_freq: 0.429  w_spend: 0.772
Epoch 106/300 — train_loss: 0.3153  val_loss: 0.2863  freq: 1.1384  spend: -0.0760  w_freq: 0.429  w_spend: 0.774
Epoch 107/300 — train_loss: 0.3147  val_loss: 0.2845  freq: 1.1389  spend: -0.0761  w_freq: 0.429  w_spend: 0.777
Epoch 108/300 — train_loss: 0.3116  val_loss: 0.2817  freq: 1.1383  spend: -0.0768  w_freq: 0.429  w_spend: 0.780
Epoch 109/300 — train_loss: 0.3081  val_loss: 0.2792  freq: 1.1377  spend: -0.0772  w_freq: 0.429  w_spend: 0.783
Epoch 110/300 — train_loss: 0.3064  val_loss: 0.2779  freq: 1.1378  spend: -0.0767  w_freq: 0.428  w_spend: 0.785
Epoch 111/300 — train_loss: 0.3044  val_loss: 0.2771  freq: 1.1378  spend: -0.0751  w_freq: 0.428  w_spend: 0.788
Epoch 112/300 — train_loss: 0.3021  val_loss: 0.2744  freq: 1.1379  spend: -0.0762  w_freq: 0.428  w_spend: 0.791
Epoch 113/300 — train_loss: 0.3014  val_loss: 0.2723  freq: 1.1373  spend: -0.0762  w_freq: 0.428  w_spend: 0.793
Epoch 114/300 — train_loss: 0.2990  val_loss: 0.2699  freq: 1.1372  spend: -0.0768  w_freq: 0.428  w_spend: 0.796
Epoch 115/300 — train_loss: 0.2965  val_loss: 0.2690  freq: 1.1374  spend: -0.0757  w_freq: 0.428  w_spend: 0.799
Epoch 116/300 — train_loss: 0.2932  val_loss: 0.2670  freq: 1.1372  spend: -0.0759  w_freq: 0.428  w_spend: 0.801
Epoch 117/300 — train_loss: 0.2928  val_loss: 0.2648  freq: 1.1381  spend: -0.0769  w_freq: 0.427  w_spend: 0.804
Epoch 118/300 — train_loss: 0.2888  val_loss: 0.2629  freq: 1.1373  spend: -0.0769  w_freq: 0.427  w_spend: 0.806
Epoch 119/300 — train_loss: 0.2879  val_loss: 0.2611  freq: 1.1370  spend: -0.0769  w_freq: 0.427  w_spend: 0.808
Epoch 120/300 — train_loss: 0.2865  val_loss: 0.2592  freq: 1.1375  spend: -0.0774  w_freq: 0.427  w_spend: 0.811
Epoch 121/300 — train_loss: 0.2827  val_loss: 0.2566  freq: 1.1372  spend: -0.0781  w_freq: 0.427  w_spend: 0.813
Epoch 122/300 — train_loss: 0.2817  val_loss: 0.2555  freq: 1.1370  spend: -0.0772  w_freq: 0.427  w_spend: 0.816
Epoch 123/300 — train_loss: 0.2808  val_loss: 0.2536  freq: 1.1368  spend: -0.0773  w_freq: 0.427  w_spend: 0.819
Epoch 124/300 — train_loss: 0.2778  val_loss: 0.2515  freq: 1.1368  spend: -0.0778  w_freq: 0.427  w_spend: 0.821
Epoch 125/300 — train_loss: 0.2751  val_loss: 0.2497  freq: 1.1369  spend: -0.0779  w_freq: 0.426  w_spend: 0.824
Epoch 126/300 — train_loss: 0.2746  val_loss: 0.2483  freq: 1.1363  spend: -0.0771  w_freq: 0.426  w_spend: 0.826
Epoch 127/300 — train_loss: 0.2714  val_loss: 0.2454  freq: 1.1364  spend: -0.0785  w_freq: 0.426  w_spend: 0.829
Epoch 128/300 — train_loss: 0.2691  val_loss: 0.2435  freq: 1.1371  spend: -0.0790  w_freq: 0.426  w_spend: 0.832
Epoch 129/300 — train_loss: 0.2690  val_loss: 0.2431  freq: 1.1369  spend: -0.0775  w_freq: 0.426  w_spend: 0.834
Epoch 130/300 — train_loss: 0.2660  val_loss: 0.2408  freq: 1.1365  spend: -0.0781  w_freq: 0.426  w_spend: 0.836
Epoch 131/300 — train_loss: 0.2629  val_loss: 0.2388  freq: 1.1362  spend: -0.0785  w_freq: 0.426  w_spend: 0.839
Epoch 132/300 — train_loss: 0.2629  val_loss: 0.2376  freq: 1.1360  spend: -0.0780  w_freq: 0.426  w_spend: 0.841
Epoch 133/300 — train_loss: 0.2610  val_loss: 0.2363  freq: 1.1360  spend: -0.0775  w_freq: 0.426  w_spend: 0.843
Epoch 134/300 — train_loss: 0.2580  val_loss: 0.2329  freq: 1.1359  spend: -0.0794  w_freq: 0.426  w_spend: 0.846
Epoch 135/300 — train_loss: 0.2568  val_loss: 0.2320  freq: 1.1360  spend: -0.0785  w_freq: 0.425  w_spend: 0.849
Epoch 136/300 — train_loss: 0.2552  val_loss: 0.2308  freq: 1.1359  spend: -0.0779  w_freq: 0.425  w_spend: 0.851
Epoch 137/300 — train_loss: 0.2540  val_loss: 0.2302  freq: 1.1359  spend: -0.0768  w_freq: 0.425  w_spend: 0.854
Epoch 138/300 — train_loss: 0.2513  val_loss: 0.2268  freq: 1.1359  spend: -0.0789  w_freq: 0.425  w_spend: 0.856
Epoch 139/300 — train_loss: 0.2503  val_loss: 0.2254  freq: 1.1364  spend: -0.0790  w_freq: 0.425  w_spend: 0.858
Epoch 140/300 — train_loss: 0.2465  val_loss: 0.2239  freq: 1.1365  spend: -0.0789  w_freq: 0.425  w_spend: 0.861
Epoch 141/300 — train_loss: 0.2465  val_loss: 0.2229  freq: 1.1353  spend: -0.0777  w_freq: 0.425  w_spend: 0.863
Epoch 142/300 — train_loss: 0.2455  val_loss: 0.2217  freq: 1.1356  spend: -0.0776  w_freq: 0.425  w_spend: 0.865
Epoch 143/300 — train_loss: 0.2433  val_loss: 0.2188  freq: 1.1357  spend: -0.0794  w_freq: 0.425  w_spend: 0.867
Epoch 144/300 — train_loss: 0.2405  val_loss: 0.2174  freq: 1.1352  spend: -0.0792  w_freq: 0.425  w_spend: 0.870
Epoch 145/300 — train_loss: 0.2403  val_loss: 0.2173  freq: 1.1358  spend: -0.0780  w_freq: 0.425  w_spend: 0.872
Epoch 146/300 — train_loss: 0.2386  val_loss: 0.2146  freq: 1.1356  spend: -0.0794  w_freq: 0.425  w_spend: 0.874
Epoch 147/300 — train_loss: 0.2372  val_loss: 0.2130  freq: 1.1351  spend: -0.0793  w_freq: 0.425  w_spend: 0.876
Epoch 148/300 — train_loss: 0.2349  val_loss: 0.2119  freq: 1.1353  spend: -0.0792  w_freq: 0.425  w_spend: 0.878
Epoch 149/300 — train_loss: 0.2338  val_loss: 0.2114  freq: 1.1351  spend: -0.0780  w_freq: 0.425  w_spend: 0.880
Epoch 150/300 — train_loss: 0.2332  val_loss: 0.2092  freq: 1.1349  spend: -0.0787  w_freq: 0.425  w_spend: 0.883
Epoch 151/300 — train_loss: 0.2300  val_loss: 0.2095  freq: 1.1351  spend: -0.0768  w_freq: 0.425  w_spend: 0.885
Epoch 152/300 — train_loss: 0.2295  val_loss: 0.2056  freq: 1.1348  spend: -0.0795  w_freq: 0.425  w_spend: 0.887
Epoch 153/300 — train_loss: 0.2261  val_loss: 0.2044  freq: 1.1350  spend: -0.0795  w_freq: 0.424  w_spend: 0.889
Epoch 154/300 — train_loss: 0.2259  val_loss: 0.2038  freq: 1.1350  spend: -0.0788  w_freq: 0.424  w_spend: 0.891
Epoch 155/300 — train_loss: 0.2237  val_loss: 0.2010  freq: 1.1349  spend: -0.0803  w_freq: 0.424  w_spend: 0.893
Epoch 156/300 — train_loss: 0.2219  val_loss: 0.1998  freq: 1.1349  spend: -0.0800  w_freq: 0.424  w_spend: 0.895
Epoch 157/300 — train_loss: 0.2202  val_loss: 0.1985  freq: 1.1345  spend: -0.0796  w_freq: 0.424  w_spend: 0.898
Epoch 158/300 — train_loss: 0.2209  val_loss: 0.1983  freq: 1.1348  spend: -0.0787  w_freq: 0.424  w_spend: 0.900
Epoch 159/300 — train_loss: 0.2187  val_loss: 0.1971  freq: 1.1350  spend: -0.0789  w_freq: 0.424  w_spend: 0.902
Epoch 160/300 — train_loss: 0.2187  val_loss: 0.1948  freq: 1.1344  spend: -0.0800  w_freq: 0.424  w_spend: 0.903
Epoch 161/300 — train_loss: 0.2142  val_loss: 0.1943  freq: 1.1348  spend: -0.0795  w_freq: 0.424  w_spend: 0.905
Epoch 162/300 — train_loss: 0.2135  val_loss: 0.1938  freq: 1.1346  spend: -0.0785  w_freq: 0.424  w_spend: 0.907
Epoch 163/300 — train_loss: 0.2120  val_loss: 0.1928  freq: 1.1346  spend: -0.0783  w_freq: 0.424  w_spend: 0.909
Epoch 164/300 — train_loss: 0.2083  val_loss: 0.1910  freq: 1.1346  spend: -0.0790  w_freq: 0.424  w_spend: 0.911
Epoch 165/300 — train_loss: 0.2098  val_loss: 0.1895  freq: 1.1345  spend: -0.0792  w_freq: 0.424  w_spend: 0.913
Epoch 166/300 — train_loss: 0.2086  val_loss: 0.1881  freq: 1.1348  spend: -0.0796  w_freq: 0.424  w_spend: 0.915
Epoch 167/300 — train_loss: 0.2077  val_loss: 0.1869  freq: 1.1346  spend: -0.0795  w_freq: 0.424  w_spend: 0.917
Epoch 168/300 — train_loss: 0.2062  val_loss: 0.1853  freq: 1.1347  spend: -0.0798  w_freq: 0.424  w_spend: 0.919
Epoch 169/300 — train_loss: 0.2044  val_loss: 0.1842  freq: 1.1343  spend: -0.0796  w_freq: 0.424  w_spend: 0.921
Epoch 170/300 — train_loss: 0.2036  val_loss: 0.1824  freq: 1.1344  spend: -0.0804  w_freq: 0.424  w_spend: 0.922
Epoch 171/300 — train_loss: 0.2007  val_loss: 0.1812  freq: 1.1342  spend: -0.0803  w_freq: 0.424  w_spend: 0.924
Epoch 172/300 — train_loss: 0.2008  val_loss: 0.1803  freq: 1.1342  spend: -0.0800  w_freq: 0.424  w_spend: 0.926
Epoch 173/300 — train_loss: 0.1988  val_loss: 0.1792  freq: 1.1342  spend: -0.0800  w_freq: 0.424  w_spend: 0.928
Epoch 174/300 — train_loss: 0.1988  val_loss: 0.1782  freq: 1.1343  spend: -0.0798  w_freq: 0.424  w_spend: 0.930
Epoch 175/300 — train_loss: 0.1971  val_loss: 0.1778  freq: 1.1341  spend: -0.0789  w_freq: 0.424  w_spend: 0.932
Epoch 176/300 — train_loss: 0.1958  val_loss: 0.1758  freq: 1.1339  spend: -0.0798  w_freq: 0.424  w_spend: 0.934
Epoch 177/300 — train_loss: 0.1940  val_loss: 0.1757  freq: 1.1343  spend: -0.0789  w_freq: 0.424  w_spend: 0.936
Epoch 178/300 — train_loss: 0.1924  val_loss: 0.1751  freq: 1.1342  spend: -0.0785  w_freq: 0.424  w_spend: 0.937
Epoch 179/300 — train_loss: 0.1913  val_loss: 0.1725  freq: 1.1342  spend: -0.0800  w_freq: 0.424  w_spend: 0.939
Epoch 180/300 — train_loss: 0.1909  val_loss: 0.1714  freq: 1.1342  spend: -0.0802  w_freq: 0.424  w_spend: 0.941
Epoch 181/300 — train_loss: 0.1888  val_loss: 0.1707  freq: 1.1340  spend: -0.0798  w_freq: 0.424  w_spend: 0.942
Epoch 182/300 — train_loss: 0.1885  val_loss: 0.1686  freq: 1.1342  spend: -0.0812  w_freq: 0.424  w_spend: 0.944
Epoch 183/300 — train_loss: 0.1885  val_loss: 0.1692  freq: 1.1342  spend: -0.0795  w_freq: 0.424  w_spend: 0.945
Epoch 184/300 — train_loss: 0.1860  val_loss: 0.1680  freq: 1.1340  spend: -0.0797  w_freq: 0.424  w_spend: 0.947
Epoch 185/300 — train_loss: 0.1856  val_loss: 0.1661  freq: 1.1340  spend: -0.0807  w_freq: 0.424  w_spend: 0.948
Epoch 186/300 — train_loss: 0.1853  val_loss: 0.1657  freq: 1.1340  spend: -0.0801  w_freq: 0.424  w_spend: 0.950
Epoch 187/300 — train_loss: 0.1824  val_loss: 0.1650  freq: 1.1339  spend: -0.0797  w_freq: 0.424  w_spend: 0.952
Epoch 188/300 — train_loss: 0.1814  val_loss: 0.1637  freq: 1.1339  spend: -0.0802  w_freq: 0.424  w_spend: 0.953
Epoch 189/300 — train_loss: 0.1807  val_loss: 0.1634  freq: 1.1341  spend: -0.0797  w_freq: 0.424  w_spend: 0.955
Epoch 190/300 — train_loss: 0.1791  val_loss: 0.1624  freq: 1.1339  spend: -0.0797  w_freq: 0.424  w_spend: 0.956
Epoch 191/300 — train_loss: 0.1792  val_loss: 0.1615  freq: 1.1341  spend: -0.0798  w_freq: 0.424  w_spend: 0.958
Epoch 192/300 — train_loss: 0.1780  val_loss: 0.1599  freq: 1.1340  spend: -0.0805  w_freq: 0.424  w_spend: 0.959
Epoch 193/300 — train_loss: 0.1772  val_loss: 0.1601  freq: 1.1338  spend: -0.0794  w_freq: 0.424  w_spend: 0.961
Epoch 194/300 — train_loss: 0.1738  val_loss: 0.1583  freq: 1.1338  spend: -0.0803  w_freq: 0.424  w_spend: 0.962
Epoch 195/300 — train_loss: 0.1740  val_loss: 0.1582  freq: 1.1337  spend: -0.0795  w_freq: 0.424  w_spend: 0.963
Epoch 196/300 — train_loss: 0.1732  val_loss: 0.1573  freq: 1.1336  spend: -0.0796  w_freq: 0.424  w_spend: 0.965
Epoch 197/300 — train_loss: 0.1739  val_loss: 0.1565  freq: 1.1337  spend: -0.0795  w_freq: 0.424  w_spend: 0.966
Epoch 198/300 — train_loss: 0.1726  val_loss: 0.1553  freq: 1.1338  spend: -0.0800  w_freq: 0.424  w_spend: 0.967
Epoch 199/300 — train_loss: 0.1720  val_loss: 0.1539  freq: 1.1338  spend: -0.0807  w_freq: 0.424  w_spend: 0.969
Epoch 200/300 — train_loss: 0.1698  val_loss: 0.1537  freq: 1.1339  spend: -0.0802  w_freq: 0.424  w_spend: 0.970
Epoch 201/300 — train_loss: 0.1704  val_loss: 0.1532  freq: 1.1338  spend: -0.0798  w_freq: 0.424  w_spend: 0.971
Epoch 202/300 — train_loss: 0.1689  val_loss: 0.1520  freq: 1.1337  spend: -0.0803  w_freq: 0.424  w_spend: 0.973
Epoch 203/300 — train_loss: 0.1670  val_loss: 0.1513  freq: 1.1338  spend: -0.0803  w_freq: 0.424  w_spend: 0.974
Epoch 204/300 — train_loss: 0.1685  val_loss: 0.1507  freq: 1.1338  spend: -0.0802  w_freq: 0.424  w_spend: 0.975
Epoch 205/300 — train_loss: 0.1673  val_loss: 0.1496  freq: 1.1337  spend: -0.0805  w_freq: 0.424  w_spend: 0.976
Epoch 206/300 — train_loss: 0.1651  val_loss: 0.1493  freq: 1.1336  spend: -0.0801  w_freq: 0.424  w_spend: 0.977
Epoch 207/300 — train_loss: 0.1651  val_loss: 0.1488  freq: 1.1336  spend: -0.0800  w_freq: 0.424  w_spend: 0.978
Epoch 208/300 — train_loss: 0.1639  val_loss: 0.1485  freq: 1.1337  spend: -0.0796  w_freq: 0.424  w_spend: 0.980
Epoch 209/300 — train_loss: 0.1652  val_loss: 0.1469  freq: 1.1342  spend: -0.0808  w_freq: 0.424  w_spend: 0.981
Epoch 210/300 — train_loss: 0.1642  val_loss: 0.1462  freq: 1.1336  spend: -0.0807  w_freq: 0.424  w_spend: 0.982
Epoch 211/300 — train_loss: 0.1618  val_loss: 0.1463  freq: 1.1337  spend: -0.0800  w_freq: 0.424  w_spend: 0.983
Epoch 212/300 — train_loss: 0.1612  val_loss: 0.1461  freq: 1.1337  spend: -0.0797  w_freq: 0.424  w_spend: 0.984
Epoch 213/300 — train_loss: 0.1604  val_loss: 0.1445  freq: 1.1337  spend: -0.0806  w_freq: 0.424  w_spend: 0.985
Epoch 214/300 — train_loss: 0.1609  val_loss: 0.1439  freq: 1.1338  spend: -0.0807  w_freq: 0.424  w_spend: 0.986
Epoch 215/300 — train_loss: 0.1597  val_loss: 0.1436  freq: 1.1336  spend: -0.0803  w_freq: 0.424  w_spend: 0.987
Epoch 216/300 — train_loss: 0.1588  val_loss: 0.1434  freq: 1.1337  spend: -0.0801  w_freq: 0.424  w_spend: 0.988
Epoch 217/300 — train_loss: 0.1582  val_loss: 0.1423  freq: 1.1337  spend: -0.0806  w_freq: 0.424  w_spend: 0.989
Epoch 218/300 — train_loss: 0.1578  val_loss: 0.1422  freq: 1.1336  spend: -0.0802  w_freq: 0.424  w_spend: 0.989
Epoch 219/300 — train_loss: 0.1572  val_loss: 0.1410  freq: 1.1338  spend: -0.0810  w_freq: 0.424  w_spend: 0.990
Epoch 220/300 — train_loss: 0.1568  val_loss: 0.1406  freq: 1.1335  spend: -0.0807  w_freq: 0.424  w_spend: 0.991
Epoch 221/300 — train_loss: 0.1565  val_loss: 0.1405  freq: 1.1335  spend: -0.0804  w_freq: 0.424  w_spend: 0.992
Epoch 222/300 — train_loss: 0.1556  val_loss: 0.1403  freq: 1.1336  spend: -0.0801  w_freq: 0.424  w_spend: 0.993
Epoch 223/300 — train_loss: 0.1572  val_loss: 0.1401  freq: 1.1336  spend: -0.0798  w_freq: 0.424  w_spend: 0.994
Epoch 224/300 — train_loss: 0.1567  val_loss: 0.1392  freq: 1.1336  spend: -0.0803  w_freq: 0.424  w_spend: 0.994
Epoch 225/300 — train_loss: 0.1528  val_loss: 0.1384  freq: 1.1336  spend: -0.0806  w_freq: 0.424  w_spend: 0.995
Epoch 226/300 — train_loss: 0.1536  val_loss: 0.1388  freq: 1.1336  spend: -0.0798  w_freq: 0.424  w_spend: 0.996
Epoch 227/300 — train_loss: 0.1528  val_loss: 0.1384  freq: 1.1336  spend: -0.0799  w_freq: 0.424  w_spend: 0.997
Epoch 228/300 — train_loss: 0.1530  val_loss: 0.1376  freq: 1.1336  spend: -0.0802  w_freq: 0.424  w_spend: 0.997
Epoch 229/300 — train_loss: 0.1521  val_loss: 0.1370  freq: 1.1335  spend: -0.0804  w_freq: 0.423  w_spend: 0.998
Epoch 230/300 — train_loss: 0.1517  val_loss: 0.1371  freq: 1.1335  spend: -0.0799  w_freq: 0.423  w_spend: 0.999
Epoch 231/300 — train_loss: 0.1504  val_loss: 0.1360  freq: 1.1336  spend: -0.0806  w_freq: 0.423  w_spend: 1.000
Epoch 232/300 — train_loss: 0.1504  val_loss: 0.1359  freq: 1.1336  spend: -0.0803  w_freq: 0.423  w_spend: 1.000
Epoch 233/300 — train_loss: 0.1497  val_loss: 0.1355  freq: 1.1335  spend: -0.0803  w_freq: 0.423  w_spend: 1.001
Epoch 234/300 — train_loss: 0.1500  val_loss: 0.1353  freq: 1.1335  spend: -0.0801  w_freq: 0.423  w_spend: 1.002
Epoch 235/300 — train_loss: 0.1509  val_loss: 0.1348  freq: 1.1334  spend: -0.0802  w_freq: 0.423  w_spend: 1.002
Epoch 236/300 — train_loss: 0.1481  val_loss: 0.1342  freq: 1.1336  spend: -0.0806  w_freq: 0.423  w_spend: 1.003
Epoch 237/300 — train_loss: 0.1479  val_loss: 0.1344  freq: 1.1335  spend: -0.0800  w_freq: 0.423  w_spend: 1.003
Epoch 238/300 — train_loss: 0.1492  val_loss: 0.1338  freq: 1.1334  spend: -0.0803  w_freq: 0.423  w_spend: 1.004
Epoch 239/300 — train_loss: 0.1487  val_loss: 0.1333  freq: 1.1334  spend: -0.0804  w_freq: 0.423  w_spend: 1.004
Epoch 240/300 — train_loss: 0.1484  val_loss: 0.1327  freq: 1.1335  spend: -0.0809  w_freq: 0.423  w_spend: 1.005
Epoch 241/300 — train_loss: 0.1473  val_loss: 0.1327  freq: 1.1334  spend: -0.0805  w_freq: 0.423  w_spend: 1.005
Epoch 242/300 — train_loss: 0.1461  val_loss: 0.1325  freq: 1.1334  spend: -0.0804  w_freq: 0.423  w_spend: 1.006
Epoch 243/300 — train_loss: 0.1455  val_loss: 0.1327  freq: 1.1334  spend: -0.0799  w_freq: 0.423  w_spend: 1.006
Epoch 244/300 — train_loss: 0.1445  val_loss: 0.1320  freq: 1.1335  spend: -0.0804  w_freq: 0.423  w_spend: 1.007
Epoch 245/300 — train_loss: 0.1461  val_loss: 0.1315  freq: 1.1335  spend: -0.0806  w_freq: 0.423  w_spend: 1.007
Epoch 246/300 — train_loss: 0.1476  val_loss: 0.1312  freq: 1.1335  spend: -0.0807  w_freq: 0.423  w_spend: 1.008
Epoch 247/300 — train_loss: 0.1466  val_loss: 0.1308  freq: 1.1335  spend: -0.0809  w_freq: 0.423  w_spend: 1.008
Epoch 248/300 — train_loss: 0.1458  val_loss: 0.1310  freq: 1.1335  spend: -0.0804  w_freq: 0.423  w_spend: 1.009
Epoch 249/300 — train_loss: 0.1442  val_loss: 0.1308  freq: 1.1335  spend: -0.0804  w_freq: 0.423  w_spend: 1.009
Epoch 250/300 — train_loss: 0.1446  val_loss: 0.1307  freq: 1.1335  spend: -0.0802  w_freq: 0.423  w_spend: 1.009
Epoch 251/300 — train_loss: 0.1433  val_loss: 0.1303  freq: 1.1335  spend: -0.0804  w_freq: 0.423  w_spend: 1.010
Epoch 252/300 — train_loss: 0.1432  val_loss: 0.1305  freq: 1.1335  spend: -0.0801  w_freq: 0.423  w_spend: 1.010
Epoch 253/300 — train_loss: 0.1444  val_loss: 0.1303  freq: 1.1335  spend: -0.0801  w_freq: 0.423  w_spend: 1.010
Epoch 254/300 — train_loss: 0.1448  val_loss: 0.1297  freq: 1.1335  spend: -0.0805  w_freq: 0.423  w_spend: 1.011
Epoch 255/300 — train_loss: 0.1425  val_loss: 0.1298  freq: 1.1335  spend: -0.0802  w_freq: 0.423  w_spend: 1.011
Epoch 256/300 — train_loss: 0.1452  val_loss: 0.1296  freq: 1.1334  spend: -0.0803  w_freq: 0.423  w_spend: 1.011
Epoch 257/300 — train_loss: 0.1418  val_loss: 0.1295  freq: 1.1334  spend: -0.0802  w_freq: 0.423  w_spend: 1.012
Epoch 258/300 — train_loss: 0.1435  val_loss: 0.1292  freq: 1.1335  spend: -0.0803  w_freq: 0.423  w_spend: 1.012
Epoch 259/300 — train_loss: 0.1430  val_loss: 0.1292  freq: 1.1334  spend: -0.0802  w_freq: 0.423  w_spend: 1.012
Epoch 260/300 — train_loss: 0.1424  val_loss: 0.1290  freq: 1.1334  spend: -0.0802  w_freq: 0.423  w_spend: 1.012
Epoch 261/300 — train_loss: 0.1419  val_loss: 0.1289  freq: 1.1334  spend: -0.0802  w_freq: 0.423  w_spend: 1.013
Epoch 262/300 — train_loss: 0.1426  val_loss: 0.1286  freq: 1.1334  spend: -0.0804  w_freq: 0.423  w_spend: 1.013
Epoch 263/300 — train_loss: 0.1418  val_loss: 0.1285  freq: 1.1334  spend: -0.0803  w_freq: 0.423  w_spend: 1.013
Epoch 264/300 — train_loss: 0.1423  val_loss: 0.1283  freq: 1.1334  spend: -0.0804  w_freq: 0.423  w_spend: 1.013
Epoch 265/300 — train_loss: 0.1415  val_loss: 0.1285  freq: 1.1335  spend: -0.0802  w_freq: 0.423  w_spend: 1.013
Epoch 266/300 — train_loss: 0.1412  val_loss: 0.1283  freq: 1.1334  spend: -0.0803  w_freq: 0.423  w_spend: 1.014
Epoch 267/300 — train_loss: 0.1413  val_loss: 0.1280  freq: 1.1334  spend: -0.0804  w_freq: 0.423  w_spend: 1.014
Epoch 268/300 — train_loss: 0.1411  val_loss: 0.1280  freq: 1.1334  spend: -0.0803  w_freq: 0.423  w_spend: 1.014
Epoch 269/300 — train_loss: 0.1429  val_loss: 0.1281  freq: 1.1334  spend: -0.0802  w_freq: 0.423  w_spend: 1.014
Epoch 270/300 — train_loss: 0.1412  val_loss: 0.1278  freq: 1.1334  spend: -0.0804  w_freq: 0.423  w_spend: 1.014
Epoch 271/300 — train_loss: 0.1423  val_loss: 0.1279  freq: 1.1334  spend: -0.0802  w_freq: 0.423  w_spend: 1.014
Epoch 272/300 — train_loss: 0.1418  val_loss: 0.1277  freq: 1.1334  spend: -0.0803  w_freq: 0.423  w_spend: 1.015
Epoch 273/300 — train_loss: 0.1403  val_loss: 0.1277  freq: 1.1334  spend: -0.0803  w_freq: 0.423  w_spend: 1.015
Epoch 274/300 — train_loss: 0.1396  val_loss: 0.1275  freq: 1.1334  spend: -0.0804  w_freq: 0.423  w_spend: 1.015
Epoch 275/300 — train_loss: 0.1408  val_loss: 0.1275  freq: 1.1334  spend: -0.0803  w_freq: 0.423  w_spend: 1.015
Epoch 276/300 — train_loss: 0.1415  val_loss: 0.1275  freq: 1.1334  spend: -0.0803  w_freq: 0.423  w_spend: 1.015
Epoch 277/300 — train_loss: 0.1408  val_loss: 0.1275  freq: 1.1334  spend: -0.0802  w_freq: 0.423  w_spend: 1.015
Epoch 278/300 — train_loss: 0.1408  val_loss: 0.1274  freq: 1.1334  spend: -0.0803  w_freq: 0.423  w_spend: 1.015
Epoch 279/300 — train_loss: 0.1410  val_loss: 0.1273  freq: 1.1334  spend: -0.0803  w_freq: 0.423  w_spend: 1.015
Epoch 280/300 — train_loss: 0.1420  val_loss: 0.1272  freq: 1.1334  spend: -0.0804  w_freq: 0.423  w_spend: 1.015
Epoch 281/300 — train_loss: 0.1401  val_loss: 0.1272  freq: 1.1334  spend: -0.0804  w_freq: 0.423  w_spend: 1.015
Epoch 282/300 — train_loss: 0.1402  val_loss: 0.1272  freq: 1.1334  spend: -0.0804  w_freq: 0.423  w_spend: 1.015
Epoch 283/300 — train_loss: 0.1424  val_loss: 0.1272  freq: 1.1334  spend: -0.0803  w_freq: 0.423  w_spend: 1.015
Epoch 284/300 — train_loss: 0.1415  val_loss: 0.1271  freq: 1.1334  spend: -0.0804  w_freq: 0.423  w_spend: 1.015
Epoch 285/300 — train_loss: 0.1397  val_loss: 0.1271  freq: 1.1334  spend: -0.0804  w_freq: 0.423  w_spend: 1.016
Epoch 286/300 — train_loss: 0.1405  val_loss: 0.1270  freq: 1.1334  spend: -0.0804  w_freq: 0.423  w_spend: 1.016
Epoch 287/300 — train_loss: 0.1408  val_loss: 0.1270  freq: 1.1334  spend: -0.0804  w_freq: 0.423  w_spend: 1.016
Epoch 288/300 — train_loss: 0.1404  val_loss: 0.1271  freq: 1.1334  spend: -0.0804  w_freq: 0.423  w_spend: 1.016
Epoch 289/300 — train_loss: 0.1400  val_loss: 0.1271  freq: 1.1334  spend: -0.0804  w_freq: 0.423  w_spend: 1.016
Epoch 290/300 — train_loss: 0.1410  val_loss: 0.1271  freq: 1.1334  spend: -0.0803  w_freq: 0.423  w_spend: 1.016
Epoch 291/300 — train_loss: 0.1401  val_loss: 0.1271  freq: 1.1334  spend: -0.0803  w_freq: 0.423  w_spend: 1.016
Epoch 292/300 — train_loss: 0.1400  val_loss: 0.1271  freq: 1.1334  spend: -0.0804  w_freq: 0.423  w_spend: 1.016
Epoch 293/300 — train_loss: 0.1397  val_loss: 0.1270  freq: 1.1334  spend: -0.0804  w_freq: 0.423  w_spend: 1.016
Epoch 294/300 — train_loss: 0.1410  val_loss: 0.1270  freq: 1.1334  spend: -0.0804  w_freq: 0.423  w_spend: 1.016
Epoch 295/300 — train_loss: 0.1387  val_loss: 0.1270  freq: 1.1334  spend: -0.0804  w_freq: 0.423  w_spend: 1.016
Epoch 296/300 — train_loss: 0.1415  val_loss: 0.1270  freq: 1.1334  spend: -0.0804  w_freq: 0.423  w_spend: 1.016
Epoch 297/300 — train_loss: 0.1406  val_loss: 0.1270  freq: 1.1334  spend: -0.0804  w_freq: 0.423  w_spend: 1.016
Epoch 298/300 — train_loss: 0.1426  val_loss: 0.1270  freq: 1.1334  spend: -0.0804  w_freq: 0.423  w_spend: 1.016
Epoch 299/300 — train_loss: 0.1401  val_loss: 0.1270  freq: 1.1334  spend: -0.0804  w_freq: 0.423  w_spend: 1.016
Epoch 300/300 — train_loss: 0.1399  val_loss: 0.1270  freq: 1.1334  spend: -0.0804  w_freq: 0.423  w_spend: 1.016

Checkpoint saved: /kaggle/working/results/checkpoints/transformer_joint_dunnhumby_v3_seed123_sample_repair.pt
Validation-fitted softmax temperature: 1.0000

Duan's smearing factor (val): 1.3900
Validation aggregate calibration: freq_factor=1.0317, spend_factor=0.9763

Running autoregressive inference on holdout period ...
  inference mode: sample  n_scenarios: 200  temperature: 1.0000

=== Prediction Diagnostics ===
  Mean predicted freq/week:    1.1721
  Mean actual freq/week:       1.1447
  Over-prediction ratio:       1.024x
  Customers predicted as zero total:  0.008
  Customers actually zero total:      0.036
  Non-zero rate (pred, avg > 0.05):  0.984
  Non-zero rate (true):               0.532

Metrics saved: /kaggle/working/results/tables/transformer_joint_dunnhumby_v3_seed123_sample_repair_metrics.json
Array artifacts saved: /kaggle/working/results/tables/transformer_joint_dunnhumby_v3_seed123_sample_repair_arrays.npz

=== Holdout Evaluation ===
  metric_definition_version: valendin_aggregate_mape_v1
  freq_rmse: 16.2474
  freq_mae: 9.3569
  freq_normalized_gini: 0.8608
  freq_calibration_factor: 1.0317
  freq_horizon_abs_bias_pct: 5.6311
  bias_pct: 5.6311
  freq_weekly_mae: 183.4758
  freq_weekly_total_true: 62910.0000
  freq_weekly_total_pred: 66452.5179
  freq_valendin_mape: 6.4163
  freq_horizon_bias_pct: 5.6311
  freq_weekly_mean_pct_mape: 8.0762
  freq_weekly_mean_pct_bias_pct: 7.3340
  freq_weekly_bias_pct: 5.6311
  freq_weekly_mape: 6.4163
  freq_mape: 6.4163
  freq_mase: 1.0626
  freq_mase_scale: 0.8235
  smearing_factor: 1.3900
  spend_calibration_factor: 0.9763
  spend_mae_raw: 299.4299
  spend_rmse_raw: 479.9095
  spend_normalized_gini: 0.8562
  spend_mae_log: 0.7317
  spend_rmse_log: 1.2192
  spend_r2_log: 0.4956
  spend_bias_pct: -1.3727
  spend_weekly_mae: 6793.2427
  spend_weekly_total_true: 1965992.3000
  spend_weekly_total_pred: 1939005.7766
  spend_valendin_mape: 7.6018
  spend_horizon_abs_bias_pct: 1.3727
  spend_horizon_bias_pct: -1.3727
  spend_weekly_mean_pct_mape: 8.9137
  spend_weekly_mean_pct_bias_pct: 0.6489
  spend_weekly_bias_pct: -1.3727
  spend_weekly_mape: 7.6018
  spend_mase: 1.0939
  spend_mase_scale: 27.5152
  clv_mae: 293.5467
  clv_rmse: 470.4688
  clv_spearman: 0.8156
  clv_decile_lift: 3.2476
  clv_normalized_gini: 0.8566
  clv_total_true: 1929812.7500
  clv_total_pred: 1902749.5000
  calibration_temperature_source: rolling_origin_autoregressive
  validation_temperature: 1.0000
  smearing_source: rolling_origin_autoregressive
  calibration_source: rolling_origin_autoregressive
  validation_freq_true_total: 6257.0000
  validation_freq_pred_total: 5884.4668
  validation_spend_true_total: 181327.5781
  validation_spend_pred_total: 190351.2188
  validation_freq_calibration_factor: 1.0317
  validation_spend_calibration_factor: 0.9763
  validation_rolling_origin_count: 2
  protocol_name: dunnhumby_configured_80x22
  cohort_size: 2498
  calibration_weeks: 80
  holdout_weeks: 22
  inference_mode: sample
  n_scenarios: 200
  repair_attempted: True
  repair_strategy: amp_disabled
  repair_source_failure_type: FloatingPointError
  training_lr_after_repair: 0.0005
  training_max_grad_norm_after_repair: 0.5000
  training_amp_enabled_after_repair: False
  run_valid: True
  run_invalid_reason: 
  run_warning: 
  epochs_completed: 300
  max_epochs_configured: 300
History saved: /kaggle/working/results/tables/transformer_joint_dunnhumby_v3_seed123_sample_repair_history.json
