[Kaggle] raw_dir  → /kaggle/working/input/dunnhumby
[Kaggle] results  → /kaggle/working/results
Config: experiments/configs/transformer_joint_dunnhumby_v3.yaml
Run: transformer_joint_dunnhumby_v3_seed7_sample
Device: cuda
Loading dataset: dunnhumby ...
[pipeline] freq_cap=10 (auto q=0.99) → freq_bins=[0, 1, 2, 3]... (n_classes=11)
  Train customers: 2249, Val: 249, Inference: 2498
[dunnhumby] Customers with 0 calibration transactions: 0 / 2498
  top-bin decode: class_values[-1] = 13.099 (max_trans = 10)
Model: transformer — 102,569 parameters

Training for up to 300 epochs ...
/kaggle/working/thesis-code/src/training/trainer.py:116: FutureWarning: `torch.cuda.amp.GradScaler(args...)` is deprecated. Please use `torch.amp.GradScaler('cuda', args...)` instead.
  self.scaler = torch.cuda.amp.GradScaler(enabled=self.amp_enabled)
[Kendall] log_vars frozen for 5 warm-up epochs.

Training failed with a repairable error: FloatingPointError: Non-finite gradients in freq_head.weight, spend_head.weight
Metrics saved: /kaggle/working/results/tables/transformer_joint_dunnhumby_v3_seed7_sample_metrics.json
Retrying once as robustness repair (amp_disabled) ...
Config: experiments/configs/transformer_joint_dunnhumby_v3.yaml
Run: transformer_joint_dunnhumby_v3_seed7_sample_repair
Device: cuda
Loading dataset: dunnhumby ...
[pipeline] freq_cap=10 (auto q=0.99) → freq_bins=[0, 1, 2, 3]... (n_classes=11)
  Train customers: 2249, Val: 249, Inference: 2498
[dunnhumby] Customers with 0 calibration transactions: 0 / 2498
  top-bin decode: class_values[-1] = 13.099 (max_trans = 10)
Model: transformer — 102,569 parameters

Training for up to 300 epochs ...
/kaggle/working/thesis-code/src/training/trainer.py:116: FutureWarning: `torch.cuda.amp.GradScaler(args...)` is deprecated. Please use `torch.amp.GradScaler('cuda', args...)` instead.
  self.scaler = torch.cuda.amp.GradScaler(enabled=self.amp_enabled)
[Kendall] log_vars frozen for 5 warm-up epochs.
Epoch   1/300 — train_loss: 3.6861  val_loss: 3.4738  freq: 6.5061  spend: 0.4416  w_freq: 0.500  w_spend: 0.500
Epoch   2/300 — train_loss: 3.5571  val_loss: 3.2519  freq: 6.0939  spend: 0.4098  w_freq: 0.500  w_spend: 0.500
Epoch   3/300 — train_loss: 3.2946  val_loss: 2.9115  freq: 5.4615  spend: 0.3615  w_freq: 0.500  w_spend: 0.500
Epoch   4/300 — train_loss: 2.9411  val_loss: 2.4835  freq: 4.6657  spend: 0.3013  w_freq: 0.500  w_spend: 0.500
Epoch   5/300 — train_loss: 2.5126  val_loss: 2.0170  freq: 3.7974  spend: 0.2366  w_freq: 0.500  w_spend: 0.500
[Kendall] log_vars unfrozen at epoch 6.
Epoch   6/300 — train_loss: 2.0710  val_loss: 1.5829  freq: 2.9903  spend: 0.1803  w_freq: 0.500  w_spend: 0.500
Epoch   7/300 — train_loss: 1.6546  val_loss: 1.2144  freq: 2.2905  spend: 0.1462  w_freq: 0.499  w_spend: 0.501
Epoch   8/300 — train_loss: 1.2868  val_loss: 0.9165  freq: 1.7209  spend: 0.1217  w_freq: 0.498  w_spend: 0.502
Epoch   9/300 — train_loss: 1.0347  val_loss: 0.8029  freq: 1.5141  spend: 0.1045  w_freq: 0.497  w_spend: 0.504
Epoch  10/300 — train_loss: 0.9135  val_loss: 0.7334  freq: 1.3956  spend: 0.0881  w_freq: 0.495  w_spend: 0.506
Epoch  11/300 — train_loss: 0.8449  val_loss: 0.6884  freq: 1.3214  spend: 0.0769  w_freq: 0.493  w_spend: 0.508
Epoch  12/300 — train_loss: 0.7948  val_loss: 0.6584  freq: 1.2761  spend: 0.0673  w_freq: 0.492  w_spend: 0.510
Epoch  13/300 — train_loss: 0.7565  val_loss: 0.6393  freq: 1.2494  spend: 0.0610  w_freq: 0.490  w_spend: 0.513
Epoch  14/300 — train_loss: 0.7283  val_loss: 0.6231  freq: 1.2305  spend: 0.0530  w_freq: 0.488  w_spend: 0.515
Epoch  15/300 — train_loss: 0.7007  val_loss: 0.6061  freq: 1.2129  spend: 0.0434  w_freq: 0.486  w_spend: 0.518
Epoch  16/300 — train_loss: 0.6768  val_loss: 0.5928  freq: 1.2010  spend: 0.0356  w_freq: 0.484  w_spend: 0.522
Epoch  17/300 — train_loss: 0.6591  val_loss: 0.5823  freq: 1.1938  spend: 0.0282  w_freq: 0.482  w_spend: 0.525
Epoch  18/300 — train_loss: 0.6416  val_loss: 0.5729  freq: 1.1900  spend: 0.0192  w_freq: 0.481  w_spend: 0.528
Epoch  19/300 — train_loss: 0.6309  val_loss: 0.5632  freq: 1.1872  spend: 0.0093  w_freq: 0.479  w_spend: 0.531
Epoch  20/300 — train_loss: 0.6197  val_loss: 0.5526  freq: 1.1855  spend: -0.0035  w_freq: 0.478  w_spend: 0.534
Epoch  21/300 — train_loss: 0.6051  val_loss: 0.5415  freq: 1.1817  spend: -0.0152  w_freq: 0.476  w_spend: 0.537
Epoch  22/300 — train_loss: 0.5945  val_loss: 0.5335  freq: 1.1792  spend: -0.0225  w_freq: 0.475  w_spend: 0.540
Epoch  23/300 — train_loss: 0.5856  val_loss: 0.5236  freq: 1.1753  spend: -0.0317  w_freq: 0.474  w_spend: 0.543
Epoch  24/300 — train_loss: 0.5743  val_loss: 0.5157  freq: 1.1728  spend: -0.0382  w_freq: 0.472  w_spend: 0.546
Epoch  25/300 — train_loss: 0.5666  val_loss: 0.5110  freq: 1.1705  spend: -0.0396  w_freq: 0.471  w_spend: 0.549
Epoch  26/300 — train_loss: 0.5624  val_loss: 0.5050  freq: 1.1663  spend: -0.0422  w_freq: 0.470  w_spend: 0.552
Epoch  27/300 — train_loss: 0.5545  val_loss: 0.4985  freq: 1.1642  spend: -0.0469  w_freq: 0.469  w_spend: 0.555
Epoch  28/300 — train_loss: 0.5487  val_loss: 0.4934  freq: 1.1601  spend: -0.0475  w_freq: 0.468  w_spend: 0.558
Epoch  29/300 — train_loss: 0.5428  val_loss: 0.4914  freq: 1.1611  spend: -0.0470  w_freq: 0.466  w_spend: 0.561
Epoch  30/300 — train_loss: 0.5375  val_loss: 0.4854  freq: 1.1575  spend: -0.0501  w_freq: 0.465  w_spend: 0.563
Epoch  31/300 — train_loss: 0.5338  val_loss: 0.4850  freq: 1.1567  spend: -0.0462  w_freq: 0.464  w_spend: 0.566
Epoch  32/300 — train_loss: 0.5301  val_loss: 0.4799  freq: 1.1552  spend: -0.0504  w_freq: 0.464  w_spend: 0.568
Epoch  33/300 — train_loss: 0.5252  val_loss: 0.4758  freq: 1.1538  spend: -0.0525  w_freq: 0.463  w_spend: 0.570
Epoch  34/300 — train_loss: 0.5206  val_loss: 0.4723  freq: 1.1541  spend: -0.0539  w_freq: 0.462  w_spend: 0.573
Epoch  35/300 — train_loss: 0.5155  val_loss: 0.4685  freq: 1.1528  spend: -0.0544  w_freq: 0.461  w_spend: 0.576
Epoch  36/300 — train_loss: 0.5103  val_loss: 0.4646  freq: 1.1518  spend: -0.0552  w_freq: 0.460  w_spend: 0.579
Epoch  37/300 — train_loss: 0.5045  val_loss: 0.4599  freq: 1.1506  spend: -0.0573  w_freq: 0.459  w_spend: 0.582
Epoch  38/300 — train_loss: 0.5016  val_loss: 0.4569  freq: 1.1506  spend: -0.0577  w_freq: 0.458  w_spend: 0.585
Epoch  39/300 — train_loss: 0.4973  val_loss: 0.4542  freq: 1.1502  spend: -0.0574  w_freq: 0.457  w_spend: 0.588
Epoch  40/300 — train_loss: 0.4933  val_loss: 0.4508  freq: 1.1509  spend: -0.0594  w_freq: 0.456  w_spend: 0.591
Epoch  41/300 — train_loss: 0.4891  val_loss: 0.4474  freq: 1.1481  spend: -0.0587  w_freq: 0.455  w_spend: 0.594
Epoch  42/300 — train_loss: 0.4866  val_loss: 0.4440  freq: 1.1483  spend: -0.0606  w_freq: 0.454  w_spend: 0.596
Epoch  43/300 — train_loss: 0.4827  val_loss: 0.4413  freq: 1.1482  spend: -0.0611  w_freq: 0.454  w_spend: 0.599
Epoch  44/300 — train_loss: 0.4788  val_loss: 0.4380  freq: 1.1484  spend: -0.0623  w_freq: 0.453  w_spend: 0.602
Epoch  45/300 — train_loss: 0.4760  val_loss: 0.4346  freq: 1.1480  spend: -0.0633  w_freq: 0.452  w_spend: 0.605
Epoch  46/300 — train_loss: 0.4715  val_loss: 0.4311  freq: 1.1460  spend: -0.0628  w_freq: 0.451  w_spend: 0.608
Epoch  47/300 — train_loss: 0.4680  val_loss: 0.4278  freq: 1.1458  spend: -0.0637  w_freq: 0.451  w_spend: 0.611
Epoch  48/300 — train_loss: 0.4647  val_loss: 0.4250  freq: 1.1460  spend: -0.0641  w_freq: 0.450  w_spend: 0.614
Epoch  49/300 — train_loss: 0.4604  val_loss: 0.4214  freq: 1.1448  spend: -0.0646  w_freq: 0.449  w_spend: 0.617
Epoch  50/300 — train_loss: 0.4571  val_loss: 0.4194  freq: 1.1450  spend: -0.0636  w_freq: 0.448  w_spend: 0.620
Epoch  51/300 — train_loss: 0.4553  val_loss: 0.4150  freq: 1.1445  spend: -0.0662  w_freq: 0.448  w_spend: 0.623
Epoch  52/300 — train_loss: 0.4517  val_loss: 0.4126  freq: 1.1450  spend: -0.0665  w_freq: 0.447  w_spend: 0.626
Epoch  53/300 — train_loss: 0.4478  val_loss: 0.4106  freq: 1.1443  spend: -0.0652  w_freq: 0.446  w_spend: 0.629
Epoch  54/300 — train_loss: 0.4457  val_loss: 0.4106  freq: 1.1454  spend: -0.0627  w_freq: 0.446  w_spend: 0.631
Epoch  55/300 — train_loss: 0.4423  val_loss: 0.4056  freq: 1.1448  spend: -0.0670  w_freq: 0.445  w_spend: 0.634
Epoch  56/300 — train_loss: 0.4392  val_loss: 0.4029  freq: 1.1438  spend: -0.0674  w_freq: 0.445  w_spend: 0.636
Epoch  57/300 — train_loss: 0.4361  val_loss: 0.3997  freq: 1.1439  spend: -0.0690  w_freq: 0.444  w_spend: 0.639
Epoch  58/300 — train_loss: 0.4328  val_loss: 0.3970  freq: 1.1427  spend: -0.0685  w_freq: 0.444  w_spend: 0.641
Epoch  59/300 — train_loss: 0.4313  val_loss: 0.3945  freq: 1.1421  spend: -0.0680  w_freq: 0.443  w_spend: 0.644
Epoch  60/300 — train_loss: 0.4270  val_loss: 0.3911  freq: 1.1432  spend: -0.0699  w_freq: 0.442  w_spend: 0.647
Epoch  61/300 — train_loss: 0.4234  val_loss: 0.3880  freq: 1.1423  spend: -0.0702  w_freq: 0.442  w_spend: 0.650
Epoch  62/300 — train_loss: 0.4208  val_loss: 0.3848  freq: 1.1427  spend: -0.0713  w_freq: 0.441  w_spend: 0.654
Epoch  63/300 — train_loss: 0.4165  val_loss: 0.3819  freq: 1.1421  spend: -0.0714  w_freq: 0.441  w_spend: 0.657
Epoch  64/300 — train_loss: 0.4157  val_loss: 0.3790  freq: 1.1422  spend: -0.0724  w_freq: 0.440  w_spend: 0.659
Epoch  65/300 — train_loss: 0.4121  val_loss: 0.3769  freq: 1.1427  spend: -0.0722  w_freq: 0.440  w_spend: 0.662
Epoch  66/300 — train_loss: 0.4099  val_loss: 0.3752  freq: 1.1429  spend: -0.0713  w_freq: 0.439  w_spend: 0.665
Epoch  67/300 — train_loss: 0.4058  val_loss: 0.3701  freq: 1.1408  spend: -0.0738  w_freq: 0.439  w_spend: 0.668
Epoch  68/300 — train_loss: 0.4035  val_loss: 0.3686  freq: 1.1408  spend: -0.0727  w_freq: 0.438  w_spend: 0.671
Epoch  69/300 — train_loss: 0.3999  val_loss: 0.3649  freq: 1.1405  spend: -0.0746  w_freq: 0.438  w_spend: 0.674
Epoch  70/300 — train_loss: 0.3967  val_loss: 0.3636  freq: 1.1405  spend: -0.0730  w_freq: 0.437  w_spend: 0.677
Epoch  71/300 — train_loss: 0.3952  val_loss: 0.3627  freq: 1.1414  spend: -0.0716  w_freq: 0.437  w_spend: 0.680
Epoch  72/300 — train_loss: 0.3920  val_loss: 0.3584  freq: 1.1406  spend: -0.0743  w_freq: 0.436  w_spend: 0.682
Epoch  73/300 — train_loss: 0.3889  val_loss: 0.3555  freq: 1.1401  spend: -0.0747  w_freq: 0.436  w_spend: 0.685
Epoch  74/300 — train_loss: 0.3869  val_loss: 0.3538  freq: 1.1401  spend: -0.0736  w_freq: 0.436  w_spend: 0.688
Epoch  75/300 — train_loss: 0.3836  val_loss: 0.3505  freq: 1.1395  spend: -0.0746  w_freq: 0.435  w_spend: 0.691
Epoch  76/300 — train_loss: 0.3817  val_loss: 0.3484  freq: 1.1406  spend: -0.0748  w_freq: 0.435  w_spend: 0.694
Epoch  77/300 — train_loss: 0.3795  val_loss: 0.3468  freq: 1.1394  spend: -0.0731  w_freq: 0.434  w_spend: 0.697
Epoch  78/300 — train_loss: 0.3748  val_loss: 0.3435  freq: 1.1394  spend: -0.0750  w_freq: 0.434  w_spend: 0.700
Epoch  79/300 — train_loss: 0.3731  val_loss: 0.3415  freq: 1.1395  spend: -0.0749  w_freq: 0.434  w_spend: 0.702
Epoch  80/300 — train_loss: 0.3720  val_loss: 0.3391  freq: 1.1391  spend: -0.0751  w_freq: 0.433  w_spend: 0.705
Epoch  81/300 — train_loss: 0.3677  val_loss: 0.3383  freq: 1.1395  spend: -0.0732  w_freq: 0.433  w_spend: 0.708
Epoch  82/300 — train_loss: 0.3635  val_loss: 0.3332  freq: 1.1386  spend: -0.0767  w_freq: 0.433  w_spend: 0.711
Epoch  83/300 — train_loss: 0.3636  val_loss: 0.3333  freq: 1.1393  spend: -0.0739  w_freq: 0.432  w_spend: 0.714
Epoch  84/300 — train_loss: 0.3600  val_loss: 0.3296  freq: 1.1393  spend: -0.0760  w_freq: 0.432  w_spend: 0.717
Epoch  85/300 — train_loss: 0.3570  val_loss: 0.3272  freq: 1.1394  spend: -0.0761  w_freq: 0.432  w_spend: 0.720
Epoch  86/300 — train_loss: 0.3542  val_loss: 0.3252  freq: 1.1387  spend: -0.0750  w_freq: 0.431  w_spend: 0.723
Epoch  87/300 — train_loss: 0.3523  val_loss: 0.3223  freq: 1.1383  spend: -0.0756  w_freq: 0.431  w_spend: 0.726
Epoch  88/300 — train_loss: 0.3492  val_loss: 0.3199  freq: 1.1379  spend: -0.0757  w_freq: 0.431  w_spend: 0.729
Epoch  89/300 — train_loss: 0.3461  val_loss: 0.3169  freq: 1.1383  spend: -0.0770  w_freq: 0.431  w_spend: 0.732
Epoch  90/300 — train_loss: 0.3434  val_loss: 0.3171  freq: 1.1380  spend: -0.0735  w_freq: 0.430  w_spend: 0.735
Epoch  91/300 — train_loss: 0.3422  val_loss: 0.3129  freq: 1.1391  spend: -0.0768  w_freq: 0.430  w_spend: 0.738
Epoch  92/300 — train_loss: 0.3387  val_loss: 0.3095  freq: 1.1377  spend: -0.0777  w_freq: 0.430  w_spend: 0.741
Epoch  93/300 — train_loss: 0.3362  val_loss: 0.3082  freq: 1.1382  spend: -0.0770  w_freq: 0.430  w_spend: 0.743
Epoch  94/300 — train_loss: 0.3343  val_loss: 0.3056  freq: 1.1373  spend: -0.0774  w_freq: 0.429  w_spend: 0.746
Epoch  95/300 — train_loss: 0.3307  val_loss: 0.3050  freq: 1.1389  spend: -0.0764  w_freq: 0.429  w_spend: 0.749
Epoch  96/300 — train_loss: 0.3291  val_loss: 0.3027  freq: 1.1387  spend: -0.0766  w_freq: 0.429  w_spend: 0.751
Epoch  97/300 — train_loss: 0.3281  val_loss: 0.3005  freq: 1.1380  spend: -0.0765  w_freq: 0.429  w_spend: 0.754
Epoch  98/300 — train_loss: 0.3274  val_loss: 0.2976  freq: 1.1377  spend: -0.0780  w_freq: 0.429  w_spend: 0.757
Epoch  99/300 — train_loss: 0.3226  val_loss: 0.2969  freq: 1.1378  spend: -0.0768  w_freq: 0.428  w_spend: 0.759
Epoch 100/300 — train_loss: 0.3212  val_loss: 0.2958  freq: 1.1376  spend: -0.0758  w_freq: 0.428  w_spend: 0.761
Epoch 101/300 — train_loss: 0.3195  val_loss: 0.2932  freq: 1.1375  spend: -0.0765  w_freq: 0.428  w_spend: 0.764
Epoch 102/300 — train_loss: 0.3158  val_loss: 0.2909  freq: 1.1375  spend: -0.0769  w_freq: 0.428  w_spend: 0.767
Epoch 103/300 — train_loss: 0.3137  val_loss: 0.2899  freq: 1.1378  spend: -0.0760  w_freq: 0.428  w_spend: 0.769
Epoch 104/300 — train_loss: 0.3134  val_loss: 0.2887  freq: 1.1380  spend: -0.0751  w_freq: 0.428  w_spend: 0.772
Epoch 105/300 — train_loss: 0.3099  val_loss: 0.2842  freq: 1.1367  spend: -0.0775  w_freq: 0.427  w_spend: 0.775
Epoch 106/300 — train_loss: 0.3078  val_loss: 0.2813  freq: 1.1371  spend: -0.0789  w_freq: 0.427  w_spend: 0.777
Epoch 107/300 — train_loss: 0.3056  val_loss: 0.2798  freq: 1.1372  spend: -0.0785  w_freq: 0.427  w_spend: 0.780
Epoch 108/300 — train_loss: 0.3029  val_loss: 0.2786  freq: 1.1370  spend: -0.0776  w_freq: 0.427  w_spend: 0.783
Epoch 109/300 — train_loss: 0.3025  val_loss: 0.2784  freq: 1.1372  spend: -0.0757  w_freq: 0.427  w_spend: 0.785
Epoch 110/300 — train_loss: 0.2983  val_loss: 0.2752  freq: 1.1365  spend: -0.0768  w_freq: 0.427  w_spend: 0.788
Epoch 111/300 — train_loss: 0.2974  val_loss: 0.2751  freq: 1.1367  spend: -0.0746  w_freq: 0.427  w_spend: 0.791
Epoch 112/300 — train_loss: 0.2948  val_loss: 0.2703  freq: 1.1365  spend: -0.0782  w_freq: 0.426  w_spend: 0.793
Epoch 113/300 — train_loss: 0.2915  val_loss: 0.2686  freq: 1.1363  spend: -0.0777  w_freq: 0.426  w_spend: 0.796
Epoch 114/300 — train_loss: 0.2899  val_loss: 0.2666  freq: 1.1367  spend: -0.0780  w_freq: 0.426  w_spend: 0.799
Epoch 115/300 — train_loss: 0.2882  val_loss: 0.2663  freq: 1.1374  spend: -0.0764  w_freq: 0.426  w_spend: 0.802
Epoch 116/300 — train_loss: 0.2861  val_loss: 0.2644  freq: 1.1370  spend: -0.0763  w_freq: 0.426  w_spend: 0.804
Epoch 117/300 — train_loss: 0.2838  val_loss: 0.2611  freq: 1.1363  spend: -0.0776  w_freq: 0.426  w_spend: 0.807
Epoch 118/300 — train_loss: 0.2819  val_loss: 0.2606  freq: 1.1367  spend: -0.0760  w_freq: 0.426  w_spend: 0.810
Epoch 119/300 — train_loss: 0.2791  val_loss: 0.2582  freq: 1.1365  spend: -0.0765  w_freq: 0.426  w_spend: 0.813
Epoch 120/300 — train_loss: 0.2774  val_loss: 0.2547  freq: 1.1367  spend: -0.0786  w_freq: 0.426  w_spend: 0.815
Epoch 121/300 — train_loss: 0.2753  val_loss: 0.2541  freq: 1.1361  spend: -0.0767  w_freq: 0.425  w_spend: 0.818
Epoch 122/300 — train_loss: 0.2734  val_loss: 0.2519  freq: 1.1369  spend: -0.0776  w_freq: 0.425  w_spend: 0.821
Epoch 123/300 — train_loss: 0.2710  val_loss: 0.2488  freq: 1.1362  spend: -0.0787  w_freq: 0.425  w_spend: 0.824
Epoch 124/300 — train_loss: 0.2704  val_loss: 0.2477  freq: 1.1364  spend: -0.0781  w_freq: 0.425  w_spend: 0.826
Epoch 125/300 — train_loss: 0.2675  val_loss: 0.2456  freq: 1.1361  spend: -0.0787  w_freq: 0.425  w_spend: 0.828
Epoch 126/300 — train_loss: 0.2662  val_loss: 0.2453  freq: 1.1363  spend: -0.0770  w_freq: 0.425  w_spend: 0.831
Epoch 127/300 — train_loss: 0.2627  val_loss: 0.2437  freq: 1.1365  spend: -0.0769  w_freq: 0.425  w_spend: 0.833
Epoch 128/300 — train_loss: 0.2630  val_loss: 0.2422  freq: 1.1365  spend: -0.0767  w_freq: 0.425  w_spend: 0.836
Epoch 129/300 — train_loss: 0.2588  val_loss: 0.2399  freq: 1.1367  spend: -0.0772  w_freq: 0.425  w_spend: 0.839
Epoch 130/300 — train_loss: 0.2582  val_loss: 0.2372  freq: 1.1369  spend: -0.0784  w_freq: 0.425  w_spend: 0.841
Epoch 131/300 — train_loss: 0.2543  val_loss: 0.2347  freq: 1.1361  spend: -0.0790  w_freq: 0.425  w_spend: 0.844
Epoch 132/300 — train_loss: 0.2536  val_loss: 0.2341  freq: 1.1359  spend: -0.0777  w_freq: 0.425  w_spend: 0.847
Epoch 133/300 — train_loss: 0.2512  val_loss: 0.2320  freq: 1.1358  spend: -0.0784  w_freq: 0.425  w_spend: 0.849
Epoch 134/300 — train_loss: 0.2490  val_loss: 0.2318  freq: 1.1359  spend: -0.0770  w_freq: 0.424  w_spend: 0.851
Epoch 135/300 — train_loss: 0.2493  val_loss: 0.2315  freq: 1.1363  spend: -0.0758  w_freq: 0.424  w_spend: 0.853
Epoch 136/300 — train_loss: 0.2476  val_loss: 0.2290  freq: 1.1356  spend: -0.0766  w_freq: 0.424  w_spend: 0.855
Epoch 137/300 — train_loss: 0.2450  val_loss: 0.2268  freq: 1.1358  spend: -0.0773  w_freq: 0.424  w_spend: 0.858
Epoch 138/300 — train_loss: 0.2434  val_loss: 0.2264  freq: 1.1362  spend: -0.0761  w_freq: 0.424  w_spend: 0.860
Epoch 139/300 — train_loss: 0.2414  val_loss: 0.2265  freq: 1.1359  spend: -0.0739  w_freq: 0.424  w_spend: 0.863
Epoch 140/300 — train_loss: 0.2390  val_loss: 0.2240  freq: 1.1355  spend: -0.0749  w_freq: 0.424  w_spend: 0.865
Epoch 141/300 — train_loss: 0.2376  val_loss: 0.2200  freq: 1.1355  spend: -0.0778  w_freq: 0.424  w_spend: 0.868
Epoch 142/300 — train_loss: 0.2367  val_loss: 0.2189  freq: 1.1361  spend: -0.0777  w_freq: 0.424  w_spend: 0.870
Epoch 143/300 — train_loss: 0.2349  val_loss: 0.2174  freq: 1.1354  spend: -0.0773  w_freq: 0.424  w_spend: 0.872
Epoch 144/300 — train_loss: 0.2313  val_loss: 0.2175  freq: 1.1360  spend: -0.0759  w_freq: 0.424  w_spend: 0.874
Epoch 145/300 — train_loss: 0.2322  val_loss: 0.2146  freq: 1.1354  spend: -0.0773  w_freq: 0.424  w_spend: 0.877
Epoch 146/300 — train_loss: 0.2282  val_loss: 0.2162  freq: 1.1360  spend: -0.0741  w_freq: 0.424  w_spend: 0.879
Epoch 147/300 — train_loss: 0.2294  val_loss: 0.2134  freq: 1.1355  spend: -0.0755  w_freq: 0.424  w_spend: 0.881
Epoch 148/300 — train_loss: 0.2263  val_loss: 0.2113  freq: 1.1356  spend: -0.0763  w_freq: 0.424  w_spend: 0.883
Epoch 149/300 — train_loss: 0.2239  val_loss: 0.2092  freq: 1.1357  spend: -0.0770  w_freq: 0.424  w_spend: 0.885
Epoch 150/300 — train_loss: 0.2228  val_loss: 0.2071  freq: 1.1352  spend: -0.0777  w_freq: 0.424  w_spend: 0.888
Epoch 151/300 — train_loss: 0.2217  val_loss: 0.2069  freq: 1.1354  spend: -0.0763  w_freq: 0.424  w_spend: 0.890
Epoch 152/300 — train_loss: 0.2196  val_loss: 0.2069  freq: 1.1357  spend: -0.0749  w_freq: 0.424  w_spend: 0.892
Epoch 153/300 — train_loss: 0.2182  val_loss: 0.2054  freq: 1.1354  spend: -0.0749  w_freq: 0.424  w_spend: 0.894
Epoch 154/300 — train_loss: 0.2177  val_loss: 0.2017  freq: 1.1353  spend: -0.0773  w_freq: 0.424  w_spend: 0.897
Epoch 155/300 — train_loss: 0.2151  val_loss: 0.2024  freq: 1.1354  spend: -0.0751  w_freq: 0.424  w_spend: 0.899
Epoch 156/300 — train_loss: 0.2121  val_loss: 0.2043  freq: 1.1356  spend: -0.0715  w_freq: 0.424  w_spend: 0.901
Epoch 157/300 — train_loss: 0.2139  val_loss: 0.2001  freq: 1.1353  spend: -0.0748  w_freq: 0.424  w_spend: 0.903
Epoch 158/300 — train_loss: 0.2107  val_loss: 0.1981  freq: 1.1352  spend: -0.0758  w_freq: 0.424  w_spend: 0.905
Epoch 159/300 — train_loss: 0.2100  val_loss: 0.1966  freq: 1.1355  spend: -0.0763  w_freq: 0.424  w_spend: 0.907
Epoch 160/300 — train_loss: 0.2085  val_loss: 0.1957  freq: 1.1352  spend: -0.0757  w_freq: 0.424  w_spend: 0.909
Epoch 161/300 — train_loss: 0.2068  val_loss: 0.1943  freq: 1.1353  spend: -0.0758  w_freq: 0.424  w_spend: 0.911
Epoch 162/300 — train_loss: 0.2053  val_loss: 0.1924  freq: 1.1354  spend: -0.0765  w_freq: 0.424  w_spend: 0.913
Epoch 163/300 — train_loss: 0.2040  val_loss: 0.1916  freq: 1.1355  spend: -0.0762  w_freq: 0.424  w_spend: 0.915
Epoch 164/300 — train_loss: 0.2028  val_loss: 0.1895  freq: 1.1352  spend: -0.0770  w_freq: 0.424  w_spend: 0.917
Epoch 165/300 — train_loss: 0.2024  val_loss: 0.1881  freq: 1.1351  spend: -0.0772  w_freq: 0.424  w_spend: 0.919
Epoch 166/300 — train_loss: 0.1987  val_loss: 0.1884  freq: 1.1354  spend: -0.0756  w_freq: 0.424  w_spend: 0.921
Epoch 167/300 — train_loss: 0.1990  val_loss: 0.1856  freq: 1.1352  spend: -0.0773  w_freq: 0.424  w_spend: 0.922
Epoch 168/300 — train_loss: 0.1977  val_loss: 0.1848  freq: 1.1355  spend: -0.0769  w_freq: 0.424  w_spend: 0.924
Epoch 169/300 — train_loss: 0.1965  val_loss: 0.1846  freq: 1.1355  spend: -0.0760  w_freq: 0.424  w_spend: 0.926
Epoch 170/300 — train_loss: 0.1945  val_loss: 0.1835  freq: 1.1355  spend: -0.0758  w_freq: 0.423  w_spend: 0.928
Epoch 171/300 — train_loss: 0.1925  val_loss: 0.1812  freq: 1.1354  spend: -0.0770  w_freq: 0.423  w_spend: 0.930
Epoch 172/300 — train_loss: 0.1916  val_loss: 0.1812  freq: 1.1355  spend: -0.0758  w_freq: 0.423  w_spend: 0.932
Epoch 173/300 — train_loss: 0.1911  val_loss: 0.1793  freq: 1.1353  spend: -0.0766  w_freq: 0.423  w_spend: 0.934
Epoch 174/300 — train_loss: 0.1891  val_loss: 0.1789  freq: 1.1354  spend: -0.0758  w_freq: 0.423  w_spend: 0.936
Epoch 175/300 — train_loss: 0.1885  val_loss: 0.1770  freq: 1.1353  spend: -0.0766  w_freq: 0.423  w_spend: 0.938
Epoch 176/300 — train_loss: 0.1851  val_loss: 0.1756  freq: 1.1353  spend: -0.0769  w_freq: 0.423  w_spend: 0.939
Epoch 177/300 — train_loss: 0.1848  val_loss: 0.1750  freq: 1.1353  spend: -0.0764  w_freq: 0.423  w_spend: 0.941
Epoch 178/300 — train_loss: 0.1840  val_loss: 0.1748  freq: 1.1354  spend: -0.0756  w_freq: 0.423  w_spend: 0.943
Epoch 179/300 — train_loss: 0.1821  val_loss: 0.1737  freq: 1.1355  spend: -0.0756  w_freq: 0.423  w_spend: 0.945
Epoch 180/300 — train_loss: 0.1802  val_loss: 0.1743  freq: 1.1353  spend: -0.0739  w_freq: 0.423  w_spend: 0.946
Epoch 181/300 — train_loss: 0.1808  val_loss: 0.1712  freq: 1.1351  spend: -0.0760  w_freq: 0.423  w_spend: 0.948
Epoch 182/300 — train_loss: 0.1790  val_loss: 0.1701  freq: 1.1351  spend: -0.0761  w_freq: 0.423  w_spend: 0.950
Epoch 183/300 — train_loss: 0.1776  val_loss: 0.1682  freq: 1.1350  spend: -0.0770  w_freq: 0.423  w_spend: 0.952
Epoch 184/300 — train_loss: 0.1783  val_loss: 0.1687  freq: 1.1353  spend: -0.0755  w_freq: 0.423  w_spend: 0.953
Epoch 185/300 — train_loss: 0.1765  val_loss: 0.1669  freq: 1.1351  spend: -0.0764  w_freq: 0.423  w_spend: 0.955
Epoch 186/300 — train_loss: 0.1749  val_loss: 0.1657  freq: 1.1349  spend: -0.0765  w_freq: 0.423  w_spend: 0.956
Epoch 187/300 — train_loss: 0.1735  val_loss: 0.1657  freq: 1.1351  spend: -0.0757  w_freq: 0.423  w_spend: 0.958
Epoch 188/300 — train_loss: 0.1737  val_loss: 0.1650  freq: 1.1351  spend: -0.0756  w_freq: 0.423  w_spend: 0.959
Epoch 189/300 — train_loss: 0.1731  val_loss: 0.1648  freq: 1.1350  spend: -0.0748  w_freq: 0.423  w_spend: 0.961
Epoch 190/300 — train_loss: 0.1714  val_loss: 0.1642  freq: 1.1352  spend: -0.0745  w_freq: 0.423  w_spend: 0.962
Epoch 191/300 — train_loss: 0.1696  val_loss: 0.1623  freq: 1.1354  spend: -0.0757  w_freq: 0.423  w_spend: 0.964
Epoch 192/300 — train_loss: 0.1693  val_loss: 0.1615  freq: 1.1350  spend: -0.0754  w_freq: 0.423  w_spend: 0.965
Epoch 193/300 — train_loss: 0.1678  val_loss: 0.1600  freq: 1.1351  spend: -0.0762  w_freq: 0.423  w_spend: 0.967
Epoch 194/300 — train_loss: 0.1664  val_loss: 0.1604  freq: 1.1351  spend: -0.0749  w_freq: 0.423  w_spend: 0.968
Epoch 195/300 — train_loss: 0.1655  val_loss: 0.1594  freq: 1.1351  spend: -0.0751  w_freq: 0.423  w_spend: 0.970
Epoch 196/300 — train_loss: 0.1658  val_loss: 0.1569  freq: 1.1350  spend: -0.0768  w_freq: 0.423  w_spend: 0.971
Epoch 197/300 — train_loss: 0.1648  val_loss: 0.1577  freq: 1.1351  spend: -0.0752  w_freq: 0.423  w_spend: 0.972
Epoch 198/300 — train_loss: 0.1629  val_loss: 0.1585  freq: 1.1350  spend: -0.0735  w_freq: 0.423  w_spend: 0.974
Epoch 199/300 — train_loss: 0.1625  val_loss: 0.1565  freq: 1.1351  spend: -0.0748  w_freq: 0.423  w_spend: 0.975
Epoch 200/300 — train_loss: 0.1613  val_loss: 0.1557  freq: 1.1351  spend: -0.0749  w_freq: 0.423  w_spend: 0.976
Epoch 201/300 — train_loss: 0.1607  val_loss: 0.1534  freq: 1.1352  spend: -0.0766  w_freq: 0.423  w_spend: 0.977
Epoch 202/300 — train_loss: 0.1594  val_loss: 0.1529  freq: 1.1349  spend: -0.0764  w_freq: 0.423  w_spend: 0.979
Epoch 203/300 — train_loss: 0.1602  val_loss: 0.1537  freq: 1.1350  spend: -0.0749  w_freq: 0.423  w_spend: 0.980
Epoch 204/300 — train_loss: 0.1572  val_loss: 0.1553  freq: 1.1351  spend: -0.0726  w_freq: 0.423  w_spend: 0.981
Epoch 205/300 — train_loss: 0.1584  val_loss: 0.1504  freq: 1.1350  spend: -0.0770  w_freq: 0.423  w_spend: 0.982
Epoch 206/300 — train_loss: 0.1561  val_loss: 0.1518  freq: 1.1349  spend: -0.0749  w_freq: 0.423  w_spend: 0.983
Epoch 207/300 — train_loss: 0.1558  val_loss: 0.1513  freq: 1.1350  spend: -0.0748  w_freq: 0.423  w_spend: 0.984
Epoch 208/300 — train_loss: 0.1553  val_loss: 0.1497  freq: 1.1350  spend: -0.0757  w_freq: 0.423  w_spend: 0.985
Epoch 209/300 — train_loss: 0.1548  val_loss: 0.1510  freq: 1.1351  spend: -0.0738  w_freq: 0.423  w_spend: 0.986
Epoch 210/300 — train_loss: 0.1540  val_loss: 0.1488  freq: 1.1349  spend: -0.0752  w_freq: 0.423  w_spend: 0.987
Epoch 211/300 — train_loss: 0.1528  val_loss: 0.1480  freq: 1.1350  spend: -0.0754  w_freq: 0.423  w_spend: 0.988
Epoch 212/300 — train_loss: 0.1529  val_loss: 0.1472  freq: 1.1350  spend: -0.0756  w_freq: 0.423  w_spend: 0.990
Epoch 213/300 — train_loss: 0.1515  val_loss: 0.1465  freq: 1.1350  spend: -0.0757  w_freq: 0.423  w_spend: 0.991
Epoch 214/300 — train_loss: 0.1516  val_loss: 0.1466  freq: 1.1350  spend: -0.0749  w_freq: 0.423  w_spend: 0.992
Epoch 215/300 — train_loss: 0.1503  val_loss: 0.1461  freq: 1.1350  spend: -0.0749  w_freq: 0.423  w_spend: 0.993
Epoch 216/300 — train_loss: 0.1486  val_loss: 0.1449  freq: 1.1353  spend: -0.0756  w_freq: 0.423  w_spend: 0.994
Epoch 217/300 — train_loss: 0.1487  val_loss: 0.1451  freq: 1.1352  spend: -0.0748  w_freq: 0.423  w_spend: 0.995
Epoch 218/300 — train_loss: 0.1483  val_loss: 0.1442  freq: 1.1352  spend: -0.0751  w_freq: 0.424  w_spend: 0.996
Epoch 219/300 — train_loss: 0.1476  val_loss: 0.1432  freq: 1.1350  spend: -0.0755  w_freq: 0.424  w_spend: 0.997
Epoch 220/300 — train_loss: 0.1479  val_loss: 0.1433  freq: 1.1352  spend: -0.0749  w_freq: 0.424  w_spend: 0.998
Epoch 221/300 — train_loss: 0.1467  val_loss: 0.1439  freq: 1.1352  spend: -0.0738  w_freq: 0.424  w_spend: 0.999
Epoch 222/300 — train_loss: 0.1454  val_loss: 0.1424  freq: 1.1350  spend: -0.0747  w_freq: 0.424  w_spend: 1.000
Epoch 223/300 — train_loss: 0.1460  val_loss: 0.1415  freq: 1.1350  spend: -0.0752  w_freq: 0.424  w_spend: 1.000
Epoch 224/300 — train_loss: 0.1466  val_loss: 0.1417  freq: 1.1353  spend: -0.0746  w_freq: 0.424  w_spend: 1.001
Epoch 225/300 — train_loss: 0.1444  val_loss: 0.1405  freq: 1.1352  spend: -0.0753  w_freq: 0.423  w_spend: 1.002
Epoch 226/300 — train_loss: 0.1436  val_loss: 0.1416  freq: 1.1352  spend: -0.0737  w_freq: 0.423  w_spend: 1.003
Epoch 227/300 — train_loss: 0.1435  val_loss: 0.1394  freq: 1.1351  spend: -0.0755  w_freq: 0.424  w_spend: 1.004
Epoch 228/300 — train_loss: 0.1426  val_loss: 0.1400  freq: 1.1352  spend: -0.0746  w_freq: 0.424  w_spend: 1.004
Epoch 229/300 — train_loss: 0.1427  val_loss: 0.1390  freq: 1.1350  spend: -0.0750  w_freq: 0.424  w_spend: 1.005
Epoch 230/300 — train_loss: 0.1406  val_loss: 0.1389  freq: 1.1350  spend: -0.0747  w_freq: 0.424  w_spend: 1.006
Epoch 231/300 — train_loss: 0.1406  val_loss: 0.1388  freq: 1.1352  spend: -0.0744  w_freq: 0.424  w_spend: 1.006
Epoch 232/300 — train_loss: 0.1419  val_loss: 0.1379  freq: 1.1352  spend: -0.0749  w_freq: 0.424  w_spend: 1.007
Epoch 233/300 — train_loss: 0.1406  val_loss: 0.1369  freq: 1.1350  spend: -0.0755  w_freq: 0.424  w_spend: 1.008
Epoch 234/300 — train_loss: 0.1408  val_loss: 0.1381  freq: 1.1351  spend: -0.0740  w_freq: 0.424  w_spend: 1.009
Epoch 235/300 — train_loss: 0.1408  val_loss: 0.1367  freq: 1.1351  spend: -0.0751  w_freq: 0.424  w_spend: 1.009
Epoch 236/300 — train_loss: 0.1405  val_loss: 0.1361  freq: 1.1350  spend: -0.0753  w_freq: 0.424  w_spend: 1.010
Epoch 237/300 — train_loss: 0.1388  val_loss: 0.1358  freq: 1.1350  spend: -0.0752  w_freq: 0.424  w_spend: 1.010
Epoch 238/300 — train_loss: 0.1375  val_loss: 0.1360  freq: 1.1350  spend: -0.0747  w_freq: 0.424  w_spend: 1.011
Epoch 239/300 — train_loss: 0.1377  val_loss: 0.1360  freq: 1.1349  spend: -0.0744  w_freq: 0.424  w_spend: 1.011
Epoch 240/300 — train_loss: 0.1385  val_loss: 0.1358  freq: 1.1350  spend: -0.0743  w_freq: 0.424  w_spend: 1.012
Epoch 241/300 — train_loss: 0.1367  val_loss: 0.1350  freq: 1.1351  spend: -0.0748  w_freq: 0.424  w_spend: 1.013
Epoch 242/300 — train_loss: 0.1377  val_loss: 0.1348  freq: 1.1351  spend: -0.0748  w_freq: 0.424  w_spend: 1.013
Epoch 243/300 — train_loss: 0.1374  val_loss: 0.1347  freq: 1.1352  spend: -0.0746  w_freq: 0.424  w_spend: 1.014
Epoch 244/300 — train_loss: 0.1368  val_loss: 0.1344  freq: 1.1351  spend: -0.0746  w_freq: 0.424  w_spend: 1.014
Epoch 245/300 — train_loss: 0.1367  val_loss: 0.1341  freq: 1.1350  spend: -0.0747  w_freq: 0.424  w_spend: 1.014
Epoch 246/300 — train_loss: 0.1359  val_loss: 0.1340  freq: 1.1350  spend: -0.0745  w_freq: 0.424  w_spend: 1.015
Epoch 247/300 — train_loss: 0.1349  val_loss: 0.1339  freq: 1.1351  spend: -0.0744  w_freq: 0.424  w_spend: 1.015
Epoch 248/300 — train_loss: 0.1352  val_loss: 0.1331  freq: 1.1351  spend: -0.0750  w_freq: 0.424  w_spend: 1.016
Epoch 249/300 — train_loss: 0.1357  val_loss: 0.1332  freq: 1.1350  spend: -0.0747  w_freq: 0.424  w_spend: 1.016
Epoch 250/300 — train_loss: 0.1351  val_loss: 0.1324  freq: 1.1350  spend: -0.0752  w_freq: 0.424  w_spend: 1.016
Epoch 251/300 — train_loss: 0.1334  val_loss: 0.1332  freq: 1.1350  spend: -0.0742  w_freq: 0.424  w_spend: 1.017
Epoch 252/300 — train_loss: 0.1346  val_loss: 0.1321  freq: 1.1350  spend: -0.0751  w_freq: 0.424  w_spend: 1.017
Epoch 253/300 — train_loss: 0.1348  val_loss: 0.1318  freq: 1.1350  spend: -0.0752  w_freq: 0.424  w_spend: 1.018
Epoch 254/300 — train_loss: 0.1341  val_loss: 0.1321  freq: 1.1350  spend: -0.0747  w_freq: 0.424  w_spend: 1.018
Epoch 255/300 — train_loss: 0.1340  val_loss: 0.1320  freq: 1.1350  spend: -0.0746  w_freq: 0.424  w_spend: 1.018
Epoch 256/300 — train_loss: 0.1337  val_loss: 0.1320  freq: 1.1350  spend: -0.0745  w_freq: 0.424  w_spend: 1.018
Epoch 257/300 — train_loss: 0.1335  val_loss: 0.1320  freq: 1.1350  spend: -0.0743  w_freq: 0.424  w_spend: 1.019
Epoch 258/300 — train_loss: 0.1325  val_loss: 0.1318  freq: 1.1351  spend: -0.0744  w_freq: 0.424  w_spend: 1.019
Epoch 259/300 — train_loss: 0.1349  val_loss: 0.1312  freq: 1.1350  spend: -0.0749  w_freq: 0.424  w_spend: 1.019
Epoch 260/300 — train_loss: 0.1323  val_loss: 0.1313  freq: 1.1350  spend: -0.0746  w_freq: 0.424  w_spend: 1.020
Epoch 261/300 — train_loss: 0.1308  val_loss: 0.1312  freq: 1.1350  spend: -0.0746  w_freq: 0.424  w_spend: 1.020
Epoch 262/300 — train_loss: 0.1320  val_loss: 0.1308  freq: 1.1350  spend: -0.0749  w_freq: 0.424  w_spend: 1.020
Epoch 263/300 — train_loss: 0.1321  val_loss: 0.1310  freq: 1.1350  spend: -0.0746  w_freq: 0.424  w_spend: 1.020
Epoch 264/300 — train_loss: 0.1333  val_loss: 0.1310  freq: 1.1351  spend: -0.0745  w_freq: 0.424  w_spend: 1.020
Epoch 265/300 — train_loss: 0.1321  val_loss: 0.1308  freq: 1.1350  spend: -0.0746  w_freq: 0.424  w_spend: 1.021
Epoch 266/300 — train_loss: 0.1329  val_loss: 0.1306  freq: 1.1350  spend: -0.0747  w_freq: 0.424  w_spend: 1.021
Epoch 267/300 — train_loss: 0.1320  val_loss: 0.1307  freq: 1.1350  spend: -0.0745  w_freq: 0.424  w_spend: 1.021
Epoch 268/300 — train_loss: 0.1299  val_loss: 0.1304  freq: 1.1350  spend: -0.0747  w_freq: 0.424  w_spend: 1.021
Epoch 269/300 — train_loss: 0.1305  val_loss: 0.1304  freq: 1.1350  spend: -0.0745  w_freq: 0.424  w_spend: 1.021
Epoch 270/300 — train_loss: 0.1309  val_loss: 0.1306  freq: 1.1350  spend: -0.0743  w_freq: 0.424  w_spend: 1.021
Epoch 271/300 — train_loss: 0.1316  val_loss: 0.1305  freq: 1.1350  spend: -0.0743  w_freq: 0.424  w_spend: 1.022
Epoch 272/300 — train_loss: 0.1319  val_loss: 0.1302  freq: 1.1350  spend: -0.0745  w_freq: 0.424  w_spend: 1.022
Epoch 273/300 — train_loss: 0.1308  val_loss: 0.1299  freq: 1.1350  spend: -0.0747  w_freq: 0.424  w_spend: 1.022
Epoch 274/300 — train_loss: 0.1316  val_loss: 0.1299  freq: 1.1350  spend: -0.0748  w_freq: 0.424  w_spend: 1.022
Epoch 275/300 — train_loss: 0.1303  val_loss: 0.1301  freq: 1.1350  spend: -0.0745  w_freq: 0.424  w_spend: 1.022
Epoch 276/300 — train_loss: 0.1314  val_loss: 0.1303  freq: 1.1350  spend: -0.0743  w_freq: 0.424  w_spend: 1.022
Epoch 277/300 — train_loss: 0.1303  val_loss: 0.1297  freq: 1.1350  spend: -0.0748  w_freq: 0.424  w_spend: 1.022
Epoch 278/300 — train_loss: 0.1314  val_loss: 0.1298  freq: 1.1350  spend: -0.0746  w_freq: 0.424  w_spend: 1.022
Epoch 279/300 — train_loss: 0.1304  val_loss: 0.1298  freq: 1.1350  spend: -0.0746  w_freq: 0.424  w_spend: 1.022
Epoch 280/300 — train_loss: 0.1308  val_loss: 0.1299  freq: 1.1350  spend: -0.0745  w_freq: 0.424  w_spend: 1.022
Epoch 281/300 — train_loss: 0.1305  val_loss: 0.1299  freq: 1.1350  spend: -0.0744  w_freq: 0.424  w_spend: 1.022
Epoch 282/300 — train_loss: 0.1311  val_loss: 0.1300  freq: 1.1350  spend: -0.0743  w_freq: 0.424  w_spend: 1.022
Epoch 283/300 — train_loss: 0.1311  val_loss: 0.1298  freq: 1.1350  spend: -0.0744  w_freq: 0.424  w_spend: 1.023
Epoch 284/300 — train_loss: 0.1301  val_loss: 0.1297  freq: 1.1350  spend: -0.0745  w_freq: 0.424  w_spend: 1.023
Epoch 285/300 — train_loss: 0.1314  val_loss: 0.1298  freq: 1.1350  spend: -0.0745  w_freq: 0.424  w_spend: 1.023
Epoch 286/300 — train_loss: 0.1288  val_loss: 0.1298  freq: 1.1350  spend: -0.0744  w_freq: 0.424  w_spend: 1.023
Epoch 287/300 — train_loss: 0.1305  val_loss: 0.1297  freq: 1.1350  spend: -0.0745  w_freq: 0.424  w_spend: 1.023
Epoch 288/300 — train_loss: 0.1308  val_loss: 0.1297  freq: 1.1350  spend: -0.0745  w_freq: 0.424  w_spend: 1.023
Epoch 289/300 — train_loss: 0.1300  val_loss: 0.1297  freq: 1.1350  spend: -0.0745  w_freq: 0.424  w_spend: 1.023
Epoch 290/300 — train_loss: 0.1300  val_loss: 0.1296  freq: 1.1350  spend: -0.0745  w_freq: 0.424  w_spend: 1.023
Epoch 291/300 — train_loss: 0.1310  val_loss: 0.1296  freq: 1.1350  spend: -0.0745  w_freq: 0.424  w_spend: 1.023
Epoch 292/300 — train_loss: 0.1304  val_loss: 0.1296  freq: 1.1350  spend: -0.0745  w_freq: 0.424  w_spend: 1.023
Epoch 293/300 — train_loss: 0.1297  val_loss: 0.1296  freq: 1.1350  spend: -0.0745  w_freq: 0.424  w_spend: 1.023
Epoch 294/300 — train_loss: 0.1305  val_loss: 0.1296  freq: 1.1350  spend: -0.0745  w_freq: 0.424  w_spend: 1.023
Epoch 295/300 — train_loss: 0.1310  val_loss: 0.1296  freq: 1.1350  spend: -0.0745  w_freq: 0.424  w_spend: 1.023
Epoch 296/300 — train_loss: 0.1297  val_loss: 0.1296  freq: 1.1350  spend: -0.0746  w_freq: 0.424  w_spend: 1.023
Epoch 297/300 — train_loss: 0.1305  val_loss: 0.1296  freq: 1.1350  spend: -0.0746  w_freq: 0.424  w_spend: 1.023
Epoch 298/300 — train_loss: 0.1299  val_loss: 0.1296  freq: 1.1350  spend: -0.0746  w_freq: 0.424  w_spend: 1.023
Epoch 299/300 — train_loss: 0.1293  val_loss: 0.1296  freq: 1.1350  spend: -0.0746  w_freq: 0.424  w_spend: 1.023
Epoch 300/300 — train_loss: 0.1310  val_loss: 0.1296  freq: 1.1350  spend: -0.0746  w_freq: 0.424  w_spend: 1.023

Checkpoint saved: /kaggle/working/results/checkpoints/transformer_joint_dunnhumby_v3_seed7_sample_repair.pt
Validation-fitted softmax temperature: 1.0000

Duan's smearing factor (val): 1.3628
Validation aggregate calibration: freq_factor=1.0311, spend_factor=0.9687

Running autoregressive inference on holdout period ...
  inference mode: sample  n_scenarios: 200  temperature: 1.0000

=== Prediction Diagnostics ===
  Mean predicted freq/week:    1.1826
  Mean actual freq/week:       1.1447
  Over-prediction ratio:       1.033x
  Customers predicted as zero total:  0.004
  Customers actually zero total:      0.036
  Non-zero rate (pred, avg > 0.05):  0.983
  Non-zero rate (true):               0.532

Metrics saved: /kaggle/working/results/tables/transformer_joint_dunnhumby_v3_seed7_sample_repair_metrics.json
Array artifacts saved: /kaggle/working/results/tables/transformer_joint_dunnhumby_v3_seed7_sample_repair_arrays.npz

=== Holdout Evaluation ===
  metric_definition_version: valendin_aggregate_mape_v1
  freq_rmse: 15.2121
  freq_mae: 9.1672
  freq_normalized_gini: 0.8636
  freq_calibration_factor: 1.0311
  freq_horizon_abs_bias_pct: 6.5132
  bias_pct: 6.5132
  freq_weekly_mae: 202.2579
  freq_weekly_total_true: 62910.0000
  freq_weekly_total_pred: 67007.4764
  freq_valendin_mape: 7.0731
  freq_horizon_bias_pct: 6.5132
  freq_weekly_mean_pct_mape: 9.2093
  freq_weekly_mean_pct_bias_pct: 8.6861
  freq_weekly_bias_pct: 6.5132
  freq_weekly_mape: 7.0731
  freq_mape: 7.0731
  freq_mase: 1.0577
  freq_mase_scale: 0.8235
  smearing_factor: 1.3628
  spend_calibration_factor: 0.9687
  spend_mae_raw: 295.5469
  spend_rmse_raw: 471.8101
  spend_normalized_gini: 0.8552
  spend_mae_log: 0.7314
  spend_rmse_log: 1.2053
  spend_r2_log: 0.5071
  spend_bias_pct: -5.6778
  spend_weekly_mae: 8955.1913
  spend_weekly_total_true: 1965992.3000
  spend_weekly_total_pred: 1854366.2043
  spend_valendin_mape: 10.0211
  spend_horizon_abs_bias_pct: 5.6779
  spend_horizon_bias_pct: -5.6779
  spend_weekly_mean_pct_mape: 11.2516
  spend_weekly_mean_pct_bias_pct: -3.4723
  spend_weekly_bias_pct: -5.6779
  spend_weekly_mape: 10.0211
  spend_mase: 1.0841
  spend_mase_scale: 27.5152
  clv_mae: 289.7310
  clv_rmse: 462.5650
  clv_spearman: 0.8151
  clv_decile_lift: 3.2532
  clv_normalized_gini: 0.8556
  clv_total_true: 1929812.7500
  clv_total_pred: 1819441.2500
  calibration_temperature_source: rolling_origin_autoregressive
  validation_temperature: 1.0000
  smearing_source: rolling_origin_autoregressive
  calibration_source: rolling_origin_autoregressive
  validation_freq_true_total: 6257.0000
  validation_freq_pred_total: 5891.0420
  validation_spend_true_total: 181327.5781
  validation_spend_pred_total: 193426.7422
  validation_freq_calibration_factor: 1.0311
  validation_spend_calibration_factor: 0.9687
  validation_rolling_origin_count: 2
  protocol_name: dunnhumby_configured_80x22
  cohort_size: 2498
  calibration_weeks: 80
  holdout_weeks: 22
  inference_mode: sample
  n_scenarios: 200
  repair_attempted: True
  repair_strategy: amp_disabled
  repair_source_failure_type: FloatingPointError
  training_lr_after_repair: 0.0005
  training_max_grad_norm_after_repair: 0.5000
  training_amp_enabled_after_repair: False
  run_valid: True
  run_invalid_reason: 
  run_warning: 
  epochs_completed: 300
  max_epochs_configured: 300
History saved: /kaggle/working/results/tables/transformer_joint_dunnhumby_v3_seed7_sample_repair_history.json
