[Kaggle] raw_dir  → /kaggle/working/input/uci-retail
[Kaggle] results  → /kaggle/working/results
Config: experiments/configs/transformer_joint_uci_v3.yaml
Run: transformer_joint_uci_v3_seed42_sample
Device: cuda
Loading dataset: uci ...
[pipeline] freq_cap=4 (auto q=0.99) → freq_bins=[0, 1, 2, 3]... (n_classes=5)
  Train customers: 4437, Val: 493, Inference: 4930
[uci] Customers with 0 calibration transactions: 0 / 4930
  top-bin decode: class_values[-1] = 5.515 (max_trans = 4)
Model: transformer — 102,086 parameters

Training for up to 300 epochs ...
/kaggle/working/thesis-code/src/training/trainer.py:116: FutureWarning: `torch.cuda.amp.GradScaler(args...)` is deprecated. Please use `torch.amp.GradScaler('cuda', args...)` instead.
  self.scaler = torch.cuda.amp.GradScaler(enabled=self.amp_enabled)
[Kendall] log_vars frozen for 5 warm-up epochs.

Training failed with a repairable error: FloatingPointError: Non-finite gradients in state_proj.weight, freq_head.weight, spend_head.weight
Metrics saved: /kaggle/working/results/tables/transformer_joint_uci_v3_seed42_sample_metrics.json
Retrying once as robustness repair (amp_disabled) ...
Config: experiments/configs/transformer_joint_uci_v3.yaml
Run: transformer_joint_uci_v3_seed42_sample_repair
Device: cuda
Loading dataset: uci ...
[pipeline] freq_cap=4 (auto q=0.99) → freq_bins=[0, 1, 2, 3]... (n_classes=5)
  Train customers: 4437, Val: 493, Inference: 4930
[uci] Customers with 0 calibration transactions: 0 / 4930
  top-bin decode: class_values[-1] = 5.515 (max_trans = 4)
Model: transformer — 102,086 parameters

Training for up to 300 epochs ...
/kaggle/working/thesis-code/src/training/trainer.py:116: FutureWarning: `torch.cuda.amp.GradScaler(args...)` is deprecated. Please use `torch.amp.GradScaler('cuda', args...)` instead.
  self.scaler = torch.cuda.amp.GradScaler(enabled=self.amp_enabled)
[Kendall] log_vars frozen for 5 warm-up epochs.
Epoch   1/300 — train_loss: 2.9458  val_loss: 2.4186  freq: 4.1043  spend: 0.7328  w_freq: 0.500  w_spend: 0.500
Epoch   2/300 — train_loss: 2.3352  val_loss: 1.5456  freq: 2.5569  spend: 0.5344  w_freq: 0.500  w_spend: 0.500
Epoch   3/300 — train_loss: 1.4255  val_loss: 0.7100  freq: 0.9421  spend: 0.4778  w_freq: 0.500  w_spend: 0.500
Epoch   4/300 — train_loss: 0.6898  val_loss: 0.4397  freq: 0.4582  spend: 0.4212  w_freq: 0.500  w_spend: 0.500
Epoch   5/300 — train_loss: 0.4681  val_loss: 0.3904  freq: 0.3613  spend: 0.4194  w_freq: 0.500  w_spend: 0.500
[Kendall] log_vars unfrozen at epoch 6.
Epoch   6/300 — train_loss: 0.4207  val_loss: 0.3639  freq: 0.3368  spend: 0.3951  w_freq: 0.501  w_spend: 0.501
Epoch   7/300 — train_loss: 0.4110  val_loss: 0.3497  freq: 0.3123  spend: 0.3959  w_freq: 0.502  w_spend: 0.502
Epoch   8/300 — train_loss: 0.3791  val_loss: 0.3353  freq: 0.3024  spend: 0.3829  w_freq: 0.505  w_spend: 0.504
Epoch   9/300 — train_loss: 0.3686  val_loss: 0.3295  freq: 0.2954  spend: 0.3850  w_freq: 0.507  w_spend: 0.507
Epoch  10/300 — train_loss: 0.3539  val_loss: 0.3239  freq: 0.2885  spend: 0.3881  w_freq: 0.510  w_spend: 0.509
Epoch  11/300 — train_loss: 0.3393  val_loss: 0.3114  freq: 0.2851  spend: 0.3747  w_freq: 0.513  w_spend: 0.512
Epoch  12/300 — train_loss: 0.3308  val_loss: 0.2981  freq: 0.2762  spend: 0.3671  w_freq: 0.516  w_spend: 0.516
Epoch  13/300 — train_loss: 0.3048  val_loss: 0.2722  freq: 0.2695  spend: 0.3336  w_freq: 0.520  w_spend: 0.519
Epoch  14/300 — train_loss: 0.2844  val_loss: 0.2459  freq: 0.2737  spend: 0.2898  w_freq: 0.524  w_spend: 0.523
Epoch  15/300 — train_loss: 0.2494  val_loss: 0.2201  freq: 0.2683  spend: 0.2566  w_freq: 0.528  w_spend: 0.527
Epoch  16/300 — train_loss: 0.2280  val_loss: 0.1957  freq: 0.2649  spend: 0.2238  w_freq: 0.532  w_spend: 0.531
Epoch  17/300 — train_loss: 0.2065  val_loss: 0.1773  freq: 0.2618  spend: 0.2037  w_freq: 0.536  w_spend: 0.536
Epoch  18/300 — train_loss: 0.1921  val_loss: 0.1664  freq: 0.2613  spend: 0.1949  w_freq: 0.540  w_spend: 0.540
Epoch  19/300 — train_loss: 0.1789  val_loss: 0.1500  freq: 0.2592  spend: 0.1784  w_freq: 0.544  w_spend: 0.545
Epoch  20/300 — train_loss: 0.1627  val_loss: 0.1510  freq: 0.2587  spend: 0.1921  w_freq: 0.548  w_spend: 0.550
Epoch  21/300 — train_loss: 0.1599  val_loss: 0.1335  freq: 0.2581  spend: 0.1707  w_freq: 0.552  w_spend: 0.554
Epoch  22/300 — train_loss: 0.1432  val_loss: 0.1309  freq: 0.2561  spend: 0.1782  w_freq: 0.556  w_spend: 0.558
Epoch  23/300 — train_loss: 0.1323  val_loss: 0.1178  freq: 0.2539  spend: 0.1681  w_freq: 0.560  w_spend: 0.563
Epoch  24/300 — train_loss: 0.1236  val_loss: 0.1043  freq: 0.2530  spend: 0.1574  w_freq: 0.565  w_spend: 0.568
Epoch  25/300 — train_loss: 0.1130  val_loss: 0.0974  freq: 0.2519  spend: 0.1573  w_freq: 0.569  w_spend: 0.573
Epoch  26/300 — train_loss: 0.0974  val_loss: 0.0989  freq: 0.2516  spend: 0.1719  w_freq: 0.574  w_spend: 0.578
Epoch  27/300 — train_loss: 0.0940  val_loss: 0.0834  freq: 0.2512  spend: 0.1570  w_freq: 0.578  w_spend: 0.584
Epoch  28/300 — train_loss: 0.0786  val_loss: 0.0771  freq: 0.2498  spend: 0.1576  w_freq: 0.583  w_spend: 0.589
Epoch  29/300 — train_loss: 0.0719  val_loss: 0.0653  freq: 0.2494  spend: 0.1477  w_freq: 0.587  w_spend: 0.593
Epoch  30/300 — train_loss: 0.0567  val_loss: 0.0555  freq: 0.2486  spend: 0.1428  w_freq: 0.591  w_spend: 0.598
Epoch  31/300 — train_loss: 0.0546  val_loss: 0.0532  freq: 0.2483  spend: 0.1509  w_freq: 0.596  w_spend: 0.604
Epoch  32/300 — train_loss: 0.0444  val_loss: 0.0441  freq: 0.2471  spend: 0.1480  w_freq: 0.601  w_spend: 0.610
Epoch  33/300 — train_loss: 0.0355  val_loss: 0.0363  freq: 0.2465  spend: 0.1467  w_freq: 0.606  w_spend: 0.615
Epoch  34/300 — train_loss: 0.0229  val_loss: 0.0289  freq: 0.2458  spend: 0.1463  w_freq: 0.611  w_spend: 0.621
Epoch  35/300 — train_loss: 0.0146  val_loss: 0.0186  freq: 0.2472  spend: 0.1385  w_freq: 0.616  w_spend: 0.627
Epoch  36/300 — train_loss: 0.0039  val_loss: 0.0207  freq: 0.2469  spend: 0.1523  w_freq: 0.621  w_spend: 0.632
Epoch  37/300 — train_loss: -0.0079  val_loss: 0.0129  freq: 0.2444  spend: 0.1535  w_freq: 0.626  w_spend: 0.638
Epoch  38/300 — train_loss: -0.0183  val_loss: 0.0086  freq: 0.2449  spend: 0.1545  w_freq: 0.631  w_spend: 0.644
Epoch  39/300 — train_loss: -0.0215  val_loss: 0.0006  freq: 0.2446  spend: 0.1500  w_freq: 0.635  w_spend: 0.648
Epoch  40/300 — train_loss: -0.0336  val_loss: 0.0001  freq: 0.2444  spend: 0.1570  w_freq: 0.639  w_spend: 0.653
Epoch  41/300 — train_loss: -0.0441  val_loss: 0.0052  freq: 0.2439  spend: 0.1735  w_freq: 0.643  w_spend: 0.658
Epoch  42/300 — train_loss: -0.0511  val_loss: -0.0075  freq: 0.2440  spend: 0.1615  w_freq: 0.647  w_spend: 0.663
Epoch  43/300 — train_loss: -0.0555  val_loss: -0.0142  freq: 0.2463  spend: 0.1561  w_freq: 0.651  w_spend: 0.667
Epoch  44/300 — train_loss: -0.0647  val_loss: -0.0144  freq: 0.2442  spend: 0.1647  w_freq: 0.655  w_spend: 0.672
Epoch  45/300 — train_loss: -0.0700  val_loss: -0.0263  freq: 0.2437  spend: 0.1547  w_freq: 0.659  w_spend: 0.676
Epoch  46/300 — train_loss: -0.0721  val_loss: -0.0382  freq: 0.2436  spend: 0.1457  w_freq: 0.663  w_spend: 0.682
Epoch  47/300 — train_loss: -0.0831  val_loss: -0.0369  freq: 0.2439  spend: 0.1565  w_freq: 0.668  w_spend: 0.687
Epoch  48/300 — train_loss: -0.0888  val_loss: -0.0550  freq: 0.2432  spend: 0.1402  w_freq: 0.673  w_spend: 0.694
Epoch  49/300 — train_loss: -0.1035  val_loss: -0.0610  freq: 0.2431  spend: 0.1401  w_freq: 0.679  w_spend: 0.700
Epoch  50/300 — train_loss: -0.1126  val_loss: -0.0617  freq: 0.2435  spend: 0.1466  w_freq: 0.683  w_spend: 0.706
Epoch  51/300 — train_loss: -0.1128  val_loss: -0.0731  freq: 0.2427  spend: 0.1386  w_freq: 0.688  w_spend: 0.711
Epoch  52/300 — train_loss: -0.1202  val_loss: -0.0683  freq: 0.2438  spend: 0.1516  w_freq: 0.692  w_spend: 0.717
Epoch  53/300 — train_loss: -0.1342  val_loss: -0.0663  freq: 0.2431  spend: 0.1611  w_freq: 0.697  w_spend: 0.722
Epoch  54/300 — train_loss: -0.1362  val_loss: -0.0775  freq: 0.2433  spend: 0.1535  w_freq: 0.701  w_spend: 0.727
Epoch  55/300 — train_loss: -0.1436  val_loss: -0.0944  freq: 0.2429  spend: 0.1381  w_freq: 0.706  w_spend: 0.734
Epoch  56/300 — train_loss: -0.1548  val_loss: -0.0862  freq: 0.2428  spend: 0.1563  w_freq: 0.711  w_spend: 0.739
Epoch  57/300 — train_loss: -0.1616  val_loss: -0.0986  freq: 0.2427  spend: 0.1477  w_freq: 0.716  w_spend: 0.745
Epoch  58/300 — train_loss: -0.1720  val_loss: -0.1099  freq: 0.2426  spend: 0.1403  w_freq: 0.722  w_spend: 0.752
Epoch  59/300 — train_loss: -0.1763  val_loss: -0.0918  freq: 0.2426  spend: 0.1707  w_freq: 0.726  w_spend: 0.758
Epoch  60/300 — train_loss: -0.1821  val_loss: -0.1030  freq: 0.2422  spend: 0.1627  w_freq: 0.731  w_spend: 0.764
Epoch  61/300 — train_loss: -0.1939  val_loss: -0.1283  freq: 0.2424  spend: 0.1358  w_freq: 0.736  w_spend: 0.769
Epoch  62/300 — train_loss: -0.1977  val_loss: -0.1047  freq: 0.2421  spend: 0.1722  w_freq: 0.740  w_spend: 0.775
Epoch  63/300 — train_loss: -0.1976  val_loss: -0.1209  freq: 0.2422  spend: 0.1565  w_freq: 0.744  w_spend: 0.780
Epoch  64/300 — train_loss: -0.2031  val_loss: -0.1230  freq: 0.2426  spend: 0.1586  w_freq: 0.748  w_spend: 0.785
Epoch  65/300 — train_loss: -0.2175  val_loss: -0.1371  freq: 0.2423  spend: 0.1465  w_freq: 0.752  w_spend: 0.790
Epoch  66/300 — train_loss: -0.2199  val_loss: -0.1484  freq: 0.2421  spend: 0.1388  w_freq: 0.757  w_spend: 0.795
Epoch  67/300 — train_loss: -0.2218  val_loss: -0.1162  freq: 0.2427  spend: 0.1848  w_freq: 0.762  w_spend: 0.802
Epoch  68/300 — train_loss: -0.2392  val_loss: -0.1409  freq: 0.2419  spend: 0.1608  w_freq: 0.767  w_spend: 0.808
Epoch  69/300 — train_loss: -0.2417  val_loss: -0.1215  freq: 0.2424  spend: 0.1900  w_freq: 0.772  w_spend: 0.814
Epoch  70/300 — train_loss: -0.2375  val_loss: -0.1165  freq: 0.2428  spend: 0.2004  w_freq: 0.776  w_spend: 0.820
Epoch  71/300 — train_loss: -0.2513  val_loss: -0.1494  freq: 0.2426  spend: 0.1656  w_freq: 0.780  w_spend: 0.825
Epoch  72/300 — train_loss: -0.2604  val_loss: -0.1513  freq: 0.2417  spend: 0.1694  w_freq: 0.785  w_spend: 0.831
Epoch  73/300 — train_loss: -0.2590  val_loss: -0.1469  freq: 0.2418  spend: 0.1800  w_freq: 0.790  w_spend: 0.837
Epoch  74/300 — train_loss: -0.2676  val_loss: -0.1570  freq: 0.2420  spend: 0.1730  w_freq: 0.794  w_spend: 0.843
Epoch  75/300 — train_loss: -0.2841  val_loss: -0.1684  freq: 0.2415  spend: 0.1654  w_freq: 0.799  w_spend: 0.849
Epoch  76/300 — train_loss: -0.2907  val_loss: -0.1489  freq: 0.2420  spend: 0.1936  w_freq: 0.804  w_spend: 0.856
Epoch  77/300 — train_loss: -0.2983  val_loss: -0.1798  freq: 0.2416  spend: 0.1640  w_freq: 0.810  w_spend: 0.864
Epoch  78/300 — train_loss: -0.3045  val_loss: -0.1591  freq: 0.2416  spend: 0.1934  w_freq: 0.816  w_spend: 0.871
Epoch  79/300 — train_loss: -0.3141  val_loss: -0.1761  freq: 0.2415  spend: 0.1790  w_freq: 0.821  w_spend: 0.877
Epoch  80/300 — train_loss: -0.3181  val_loss: -0.1854  freq: 0.2418  spend: 0.1733  w_freq: 0.826  w_spend: 0.884
Epoch  81/300 — train_loss: -0.3219  val_loss: -0.1136  freq: 0.2421  spend: 0.2578  w_freq: 0.831  w_spend: 0.891
Epoch  82/300 — train_loss: -0.3230  val_loss: -0.1877  freq: 0.2417  spend: 0.1788  w_freq: 0.835  w_spend: 0.896
Epoch  83/300 — train_loss: -0.3335  val_loss: -0.1686  freq: 0.2415  spend: 0.2040  w_freq: 0.839  w_spend: 0.901
Epoch  84/300 — train_loss: -0.3422  val_loss: -0.1819  freq: 0.2418  spend: 0.1934  w_freq: 0.843  w_spend: 0.907
Epoch  85/300 — train_loss: -0.3418  val_loss: -0.2037  freq: 0.2413  spend: 0.1746  w_freq: 0.848  w_spend: 0.914
Epoch  86/300 — train_loss: -0.3407  val_loss: -0.2292  freq: 0.2415  spend: 0.1514  w_freq: 0.853  w_spend: 0.920
Epoch  87/300 — train_loss: -0.3431  val_loss: -0.1971  freq: 0.2413  spend: 0.1900  w_freq: 0.858  w_spend: 0.927
Epoch  88/300 — train_loss: -0.3541  val_loss: -0.1968  freq: 0.2413  spend: 0.1935  w_freq: 0.862  w_spend: 0.932
Epoch  89/300 — train_loss: -0.3759  val_loss: -0.2123  freq: 0.2412  spend: 0.1806  w_freq: 0.866  w_spend: 0.937
Epoch  90/300 — train_loss: -0.3700  val_loss: -0.2254  freq: 0.2416  spend: 0.1708  w_freq: 0.870  w_spend: 0.943
Epoch  91/300 — train_loss: -0.3836  val_loss: -0.2198  freq: 0.2412  spend: 0.1811  w_freq: 0.875  w_spend: 0.950
Epoch  92/300 — train_loss: -0.3860  val_loss: -0.2158  freq: 0.2410  spend: 0.1895  w_freq: 0.880  w_spend: 0.957
Epoch  93/300 — train_loss: -0.3921  val_loss: -0.2152  freq: 0.2414  spend: 0.1938  w_freq: 0.885  w_spend: 0.963
Epoch  94/300 — train_loss: -0.4006  val_loss: -0.2068  freq: 0.2416  spend: 0.2061  w_freq: 0.890  w_spend: 0.970
Epoch  95/300 — train_loss: -0.4002  val_loss: -0.2334  freq: 0.2412  spend: 0.1831  w_freq: 0.895  w_spend: 0.977
Epoch  96/300 — train_loss: -0.4110  val_loss: -0.2326  freq: 0.2412  spend: 0.1875  w_freq: 0.900  w_spend: 0.984
Epoch  97/300 — train_loss: -0.4162  val_loss: -0.2120  freq: 0.2411  spend: 0.2120  w_freq: 0.905  w_spend: 0.990
Epoch  98/300 — train_loss: -0.4163  val_loss: -0.2154  freq: 0.2412  spend: 0.2118  w_freq: 0.910  w_spend: 0.997
Epoch  99/300 — train_loss: -0.4245  val_loss: -0.2134  freq: 0.2411  spend: 0.2166  w_freq: 0.914  w_spend: 1.003
Epoch 100/300 — train_loss: -0.4240  val_loss: -0.2445  freq: 0.2410  spend: 0.1885  w_freq: 0.917  w_spend: 1.008
Epoch 101/300 — train_loss: -0.4537  val_loss: -0.2351  freq: 0.2411  spend: 0.2013  w_freq: 0.922  w_spend: 1.014
Epoch 102/300 — train_loss: -0.4513  val_loss: -0.2548  freq: 0.2409  spend: 0.1858  w_freq: 0.927  w_spend: 1.022
Epoch 103/300 — train_loss: -0.4479  val_loss: -0.2509  freq: 0.2408  spend: 0.1927  w_freq: 0.932  w_spend: 1.028
Epoch 104/300 — train_loss: -0.4621  val_loss: -0.2467  freq: 0.2409  spend: 0.1999  w_freq: 0.936  w_spend: 1.035
Epoch 105/300 — train_loss: -0.4628  val_loss: -0.2477  freq: 0.2409  spend: 0.2016  w_freq: 0.941  w_spend: 1.041
Epoch 106/300 — train_loss: -0.4615  val_loss: -0.2501  freq: 0.2413  spend: 0.2019  w_freq: 0.945  w_spend: 1.047
Epoch 107/300 — train_loss: -0.4781  val_loss: -0.2474  freq: 0.2409  spend: 0.2080  w_freq: 0.950  w_spend: 1.054
Epoch 108/300 — train_loss: -0.4738  val_loss: -0.2527  freq: 0.2407  spend: 0.2056  w_freq: 0.954  w_spend: 1.061
Epoch 109/300 — train_loss: -0.4847  val_loss: -0.2552  freq: 0.2408  spend: 0.2056  w_freq: 0.958  w_spend: 1.066
Epoch 110/300 — train_loss: -0.4940  val_loss: -0.2496  freq: 0.2410  spend: 0.2130  w_freq: 0.962  w_spend: 1.072
Epoch 111/300 — train_loss: -0.4883  val_loss: -0.2617  freq: 0.2405  spend: 0.2045  w_freq: 0.966  w_spend: 1.077
Epoch 112/300 — train_loss: -0.4979  val_loss: -0.2566  freq: 0.2407  spend: 0.2116  w_freq: 0.970  w_spend: 1.083
Epoch 113/300 — train_loss: -0.5109  val_loss: -0.2722  freq: 0.2412  spend: 0.1997  w_freq: 0.974  w_spend: 1.090
Epoch 114/300 — train_loss: -0.5054  val_loss: -0.2633  freq: 0.2412  spend: 0.2101  w_freq: 0.979  w_spend: 1.096
Epoch 115/300 — train_loss: -0.5039  val_loss: -0.2767  freq: 0.2410  spend: 0.2004  w_freq: 0.983  w_spend: 1.102
Epoch 116/300 — train_loss: -0.5183  val_loss: -0.2670  freq: 0.2411  spend: 0.2118  w_freq: 0.987  w_spend: 1.108
Epoch 117/300 — train_loss: -0.5170  val_loss: -0.2778  freq: 0.2410  spend: 0.2046  w_freq: 0.992  w_spend: 1.115
Epoch 118/300 — train_loss: -0.5246  val_loss: -0.3055  freq: 0.2409  spend: 0.1819  w_freq: 0.995  w_spend: 1.121
Epoch 119/300 — train_loss: -0.5298  val_loss: -0.2950  freq: 0.2412  spend: 0.1934  w_freq: 0.999  w_spend: 1.127
Epoch 120/300 — train_loss: -0.5428  val_loss: -0.2482  freq: 0.2412  spend: 0.2367  w_freq: 1.004  w_spend: 1.133
Epoch 121/300 — train_loss: -0.5471  val_loss: -0.2860  freq: 0.2408  spend: 0.2061  w_freq: 1.007  w_spend: 1.139
Epoch 122/300 — train_loss: -0.5435  val_loss: -0.2972  freq: 0.2407  spend: 0.1985  w_freq: 1.012  w_spend: 1.145
Epoch 123/300 — train_loss: -0.5456  val_loss: -0.2720  freq: 0.2409  spend: 0.2222  w_freq: 1.015  w_spend: 1.151
Epoch 124/300 — train_loss: -0.5603  val_loss: -0.2963  freq: 0.2411  spend: 0.2030  w_freq: 1.019  w_spend: 1.157
Epoch 125/300 — train_loss: -0.5624  val_loss: -0.3075  freq: 0.2410  spend: 0.1956  w_freq: 1.023  w_spend: 1.163
Epoch 126/300 — train_loss: -0.5704  val_loss: -0.2611  freq: 0.2413  spend: 0.2368  w_freq: 1.027  w_spend: 1.169
Epoch 127/300 — train_loss: -0.5686  val_loss: -0.2922  freq: 0.2407  spend: 0.2127  w_freq: 1.031  w_spend: 1.175
Epoch 128/300 — train_loss: -0.5803  val_loss: -0.2858  freq: 0.2409  spend: 0.2198  w_freq: 1.035  w_spend: 1.181
Epoch 129/300 — train_loss: -0.5846  val_loss: -0.2904  freq: 0.2409  spend: 0.2176  w_freq: 1.039  w_spend: 1.187
Epoch 130/300 — train_loss: -0.5849  val_loss: -0.2984  freq: 0.2409  spend: 0.2124  w_freq: 1.042  w_spend: 1.192
Epoch 131/300 — train_loss: -0.5821  val_loss: -0.2913  freq: 0.2409  spend: 0.2200  w_freq: 1.045  w_spend: 1.198
Epoch 132/300 — train_loss: -0.5926  val_loss: -0.2856  freq: 0.2409  spend: 0.2265  w_freq: 1.049  w_spend: 1.204
Epoch 133/300 — train_loss: -0.5969  val_loss: -0.2666  freq: 0.2410  spend: 0.2440  w_freq: 1.053  w_spend: 1.210
Epoch 134/300 — train_loss: -0.5906  val_loss: -0.2946  freq: 0.2409  spend: 0.2228  w_freq: 1.058  w_spend: 1.217
Epoch 135/300 — train_loss: -0.5905  val_loss: -0.3046  freq: 0.2406  spend: 0.2165  w_freq: 1.062  w_spend: 1.223
Epoch 136/300 — train_loss: -0.6065  val_loss: -0.2864  freq: 0.2411  spend: 0.2326  w_freq: 1.066  w_spend: 1.229
Epoch 137/300 — train_loss: -0.6233  val_loss: -0.2935  freq: 0.2405  spend: 0.2290  w_freq: 1.070  w_spend: 1.236
Epoch 138/300 — train_loss: -0.6276  val_loss: -0.3026  freq: 0.2409  spend: 0.2230  w_freq: 1.074  w_spend: 1.242
Epoch 139/300 — train_loss: -0.6274  val_loss: -0.3139  freq: 0.2409  spend: 0.2154  w_freq: 1.078  w_spend: 1.248
Epoch 140/300 — train_loss: -0.6347  val_loss: -0.3056  freq: 0.2412  spend: 0.2234  w_freq: 1.081  w_spend: 1.254
Epoch 141/300 — train_loss: -0.6278  val_loss: -0.3282  freq: 0.2407  spend: 0.2074  w_freq: 1.085  w_spend: 1.260
Epoch 142/300 — train_loss: -0.6457  val_loss: -0.2925  freq: 0.2409  spend: 0.2367  w_freq: 1.089  w_spend: 1.266
Epoch 143/300 — train_loss: -0.6414  val_loss: -0.2747  freq: 0.2408  spend: 0.2521  w_freq: 1.092  w_spend: 1.272
Epoch 144/300 — train_loss: -0.6450  val_loss: -0.2986  freq: 0.2410  spend: 0.2344  w_freq: 1.096  w_spend: 1.277
Epoch 145/300 — train_loss: -0.6494  val_loss: -0.3201  freq: 0.2407  spend: 0.2193  w_freq: 1.099  w_spend: 1.283
Epoch 146/300 — train_loss: -0.6430  val_loss: -0.3186  freq: 0.2406  spend: 0.2220  w_freq: 1.103  w_spend: 1.289
Epoch 147/300 — train_loss: -0.6642  val_loss: -0.2802  freq: 0.2409  spend: 0.2526  w_freq: 1.107  w_spend: 1.295
Epoch 148/300 — train_loss: -0.6687  val_loss: -0.3009  freq: 0.2407  spend: 0.2381  w_freq: 1.110  w_spend: 1.301
Epoch 149/300 — train_loss: -0.6684  val_loss: -0.3001  freq: 0.2407  spend: 0.2401  w_freq: 1.114  w_spend: 1.307
Epoch 150/300 — train_loss: -0.6690  val_loss: -0.3138  freq: 0.2407  spend: 0.2310  w_freq: 1.118  w_spend: 1.314
Epoch 151/300 — train_loss: -0.6794  val_loss: -0.2958  freq: 0.2406  spend: 0.2459  w_freq: 1.122  w_spend: 1.320
Epoch 152/300 — train_loss: -0.6812  val_loss: -0.3158  freq: 0.2410  spend: 0.2315  w_freq: 1.125  w_spend: 1.326
Epoch 153/300 — train_loss: -0.6801  val_loss: -0.3123  freq: 0.2405  spend: 0.2358  w_freq: 1.129  w_spend: 1.332
Epoch 154/300 — train_loss: -0.6759  val_loss: -0.3445  freq: 0.2408  spend: 0.2127  w_freq: 1.133  w_spend: 1.338
Epoch 155/300 — train_loss: -0.7048  val_loss: -0.3168  freq: 0.2406  spend: 0.2345  w_freq: 1.136  w_spend: 1.343
Epoch 156/300 — train_loss: -0.6985  val_loss: -0.3276  freq: 0.2407  spend: 0.2275  w_freq: 1.139  w_spend: 1.349
Epoch 157/300 — train_loss: -0.6978  val_loss: -0.2792  freq: 0.2405  spend: 0.2643  w_freq: 1.142  w_spend: 1.354
Epoch 158/300 — train_loss: -0.7085  val_loss: -0.3207  freq: 0.2410  spend: 0.2343  w_freq: 1.145  w_spend: 1.359
Epoch 159/300 — train_loss: -0.7126  val_loss: -0.2752  freq: 0.2406  spend: 0.2690  w_freq: 1.149  w_spend: 1.365
Epoch 160/300 — train_loss: -0.6991  val_loss: -0.3305  freq: 0.2405  spend: 0.2296  w_freq: 1.152  w_spend: 1.371
Epoch 161/300 — train_loss: -0.7044  val_loss: -0.3364  freq: 0.2404  spend: 0.2265  w_freq: 1.155  w_spend: 1.376
Epoch 162/300 — train_loss: -0.7120  val_loss: -0.3179  freq: 0.2402  spend: 0.2410  w_freq: 1.159  w_spend: 1.382
Epoch 163/300 — train_loss: -0.7249  val_loss: -0.3304  freq: 0.2407  spend: 0.2325  w_freq: 1.162  w_spend: 1.388
Epoch 164/300 — train_loss: -0.7251  val_loss: -0.3058  freq: 0.2408  spend: 0.2511  w_freq: 1.166  w_spend: 1.393
Epoch 165/300 — train_loss: -0.7355  val_loss: -0.3313  freq: 0.2407  spend: 0.2337  w_freq: 1.169  w_spend: 1.398
Epoch 166/300 — train_loss: -0.7189  val_loss: -0.3088  freq: 0.2408  spend: 0.2505  w_freq: 1.172  w_spend: 1.404
Epoch 167/300 — train_loss: -0.7301  val_loss: -0.3198  freq: 0.2405  spend: 0.2437  w_freq: 1.175  w_spend: 1.409
Epoch 168/300 — train_loss: -0.7334  val_loss: -0.3342  freq: 0.2404  spend: 0.2343  w_freq: 1.178  w_spend: 1.413
Epoch 169/300 — train_loss: -0.7450  val_loss: -0.3129  freq: 0.2405  spend: 0.2499  w_freq: 1.180  w_spend: 1.418
Epoch 170/300 — train_loss: -0.7465  val_loss: -0.3243  freq: 0.2405  spend: 0.2427  w_freq: 1.183  w_spend: 1.423
Epoch 171/300 — train_loss: -0.7560  val_loss: -0.3088  freq: 0.2407  spend: 0.2541  w_freq: 1.186  w_spend: 1.428
Epoch 172/300 — train_loss: -0.7589  val_loss: -0.3188  freq: 0.2405  spend: 0.2480  w_freq: 1.189  w_spend: 1.433
Epoch 173/300 — train_loss: -0.7550  val_loss: -0.3194  freq: 0.2405  spend: 0.2483  w_freq: 1.192  w_spend: 1.438
Epoch 174/300 — train_loss: -0.7777  val_loss: -0.3034  freq: 0.2406  spend: 0.2600  w_freq: 1.195  w_spend: 1.443
Early stopping triggered at epoch 174.

Checkpoint saved: /kaggle/working/results/checkpoints/transformer_joint_uci_v3_seed42_sample_repair.pt
Validation-fitted softmax temperature: 0.7500

Duan's smearing factor (val): 1.1486
Validation aggregate calibration: freq_factor=1.5654, spend_factor=1.3041

Running autoregressive inference on holdout period ...
  inference mode: sample  n_scenarios: 200  temperature: 0.7500

=== Prediction Diagnostics ===
  Mean predicted freq/week:    0.0292
  Mean actual freq/week:       0.0656
  Over-prediction ratio:       0.445x
  Customers predicted as zero total:  0.678
  Customers actually zero total:      0.484
  Non-zero rate (pred, avg > 0.05):  0.122
  Non-zero rate (true):               0.055

Metrics saved: /kaggle/working/results/tables/transformer_joint_uci_v3_seed42_sample_repair_metrics.json
Array artifacts saved: /kaggle/working/results/tables/transformer_joint_uci_v3_seed42_sample_repair_arrays.npz

=== Holdout Evaluation ===
  metric_definition_version: valendin_aggregate_mape_v1
  freq_rmse: 2.2423
  freq_mae: 1.1329
  freq_normalized_gini: 0.7643
  freq_calibration_factor: 1.5654
  freq_horizon_abs_bias_pct: 30.3312
  bias_pct: -30.3312
  freq_weekly_mae: 102.1802
  freq_weekly_total_true: 8413.0000
  freq_weekly_total_pred: 5861.2396
  freq_valendin_mape: 31.5783
  freq_horizon_bias_pct: -30.3312
  freq_weekly_mean_pct_mape: 29.8892
  freq_weekly_mean_pct_bias_pct: -28.1346
  freq_weekly_bias_pct: -30.3312
  freq_weekly_mape: 31.5783
  freq_mape: 31.5783
  freq_mase: 0.7836
  freq_mase_scale: 0.1146
  smearing_factor: 1.1486
  spend_calibration_factor: 1.3041
  spend_mae_raw: 581.8156
  spend_rmse_raw: 3645.8076
  spend_normalized_gini: 0.8553
  spend_mae_log: 2.5322
  spend_rmse_log: 3.1086
  spend_r2_log: 0.1436
  spend_bias_pct: -42.3028
  spend_weekly_mae: 69424.2296
  spend_weekly_total_true: 4266929.6797
  spend_weekly_total_pred: 2461899.7089
  spend_valendin_mape: 42.3028
  spend_horizon_abs_bias_pct: 42.3028
  spend_horizon_bias_pct: -42.3028
  spend_weekly_mean_pct_mape: 40.0105
  spend_weekly_mean_pct_bias_pct: -40.0105
  spend_weekly_bias_pct: -42.3028
  spend_weekly_mape: 42.3028
  spend_mase: 1.1739
  spend_mase_scale: 36.7368
  clv_mae: 567.0043
  clv_rmse: 3555.6946
  clv_spearman: 0.6086
  clv_decile_lift: 6.1277
  clv_normalized_gini: 0.8556
  clv_total_true: 4160751.5000
  clv_total_pred: 2404174.5000
  calibration_temperature_source: rolling_origin_autoregressive
  validation_temperature: 0.7500
  smearing_source: rolling_origin_autoregressive
  calibration_source: rolling_origin_autoregressive
  validation_freq_true_total: 662.0000
  validation_freq_pred_total: 310.6838
  validation_spend_true_total: 287846.2422
  validation_spend_pred_total: 178983.6406
  validation_freq_calibration_factor: 1.5654
  validation_spend_calibration_factor: 1.3041
  validation_rolling_origin_count: 2
  protocol_name: uci_configured_78x26
  cohort_size: 4930
  calibration_weeks: 78
  holdout_weeks: 26
  inference_mode: sample
  n_scenarios: 200
  repair_attempted: True
  repair_strategy: amp_disabled
  repair_source_failure_type: FloatingPointError
  training_lr_after_repair: 0.0005
  training_max_grad_norm_after_repair: 0.5000
  training_amp_enabled_after_repair: False
  run_valid: True
  run_invalid_reason: 
  run_warning: 
  epochs_completed: 174
  max_epochs_configured: 300
History saved: /kaggle/working/results/tables/transformer_joint_uci_v3_seed42_sample_repair_history.json
