[Kaggle] raw_dir  → /kaggle/working/input/dunnhumby
[Kaggle] results  → /kaggle/working/results
Config: experiments/configs/transformer_joint_dunnhumby_v3.yaml
Run: transformer_joint_dunnhumby_v3_seed42_sample
Device: cuda
Loading dataset: dunnhumby ...
[pipeline] freq_cap=10 (auto q=0.99) → freq_bins=[0, 1, 2, 3]... (n_classes=11)
  Train customers: 2249, Val: 249, Inference: 2498
[dunnhumby] Customers with 0 calibration transactions: 0 / 2498
  top-bin decode: class_values[-1] = 13.099 (max_trans = 10)
Model: transformer — 102,569 parameters

Training for up to 300 epochs ...
/kaggle/working/thesis-code/src/training/trainer.py:116: FutureWarning: `torch.cuda.amp.GradScaler(args...)` is deprecated. Please use `torch.amp.GradScaler('cuda', args...)` instead.
  self.scaler = torch.cuda.amp.GradScaler(enabled=self.amp_enabled)
[Kendall] log_vars frozen for 5 warm-up epochs.

Training failed with a repairable error: FloatingPointError: Non-finite gradients in freq_head.weight, spend_head.weight
Metrics saved: /kaggle/working/results/tables/transformer_joint_dunnhumby_v3_seed42_sample_metrics.json
Retrying once as robustness repair (amp_disabled) ...
Config: experiments/configs/transformer_joint_dunnhumby_v3.yaml
Run: transformer_joint_dunnhumby_v3_seed42_sample_repair
Device: cuda
Loading dataset: dunnhumby ...
[pipeline] freq_cap=10 (auto q=0.99) → freq_bins=[0, 1, 2, 3]... (n_classes=11)
  Train customers: 2249, Val: 249, Inference: 2498
[dunnhumby] Customers with 0 calibration transactions: 0 / 2498
  top-bin decode: class_values[-1] = 13.099 (max_trans = 10)
Model: transformer — 102,569 parameters

Training for up to 300 epochs ...
/kaggle/working/thesis-code/src/training/trainer.py:116: FutureWarning: `torch.cuda.amp.GradScaler(args...)` is deprecated. Please use `torch.amp.GradScaler('cuda', args...)` instead.
  self.scaler = torch.cuda.amp.GradScaler(enabled=self.amp_enabled)
[Kendall] log_vars frozen for 5 warm-up epochs.
Epoch   1/300 — train_loss: 3.5025  val_loss: 3.2343  freq: 6.1624  spend: 0.3061  w_freq: 0.500  w_spend: 0.500
Epoch   2/300 — train_loss: 3.3803  val_loss: 3.0369  freq: 5.7910  spend: 0.2828  w_freq: 0.500  w_spend: 0.500
Epoch   3/300 — train_loss: 3.1353  val_loss: 2.7340  freq: 5.2151  spend: 0.2529  w_freq: 0.500  w_spend: 0.500
Epoch   4/300 — train_loss: 2.8108  val_loss: 2.3513  freq: 4.4813  spend: 0.2212  w_freq: 0.500  w_spend: 0.500
Epoch   5/300 — train_loss: 2.4070  val_loss: 1.9228  freq: 3.6559  spend: 0.1898  w_freq: 0.500  w_spend: 0.500
[Kendall] log_vars unfrozen at epoch 6.
Epoch   6/300 — train_loss: 1.9795  val_loss: 1.5069  freq: 2.8557  spend: 0.1625  w_freq: 0.500  w_spend: 0.500
Epoch   7/300 — train_loss: 1.5697  val_loss: 1.1655  freq: 2.1978  spend: 0.1406  w_freq: 0.499  w_spend: 0.501
Epoch   8/300 — train_loss: 1.2389  val_loss: 0.9042  freq: 1.6931  spend: 0.1247  w_freq: 0.498  w_spend: 0.502
Epoch   9/300 — train_loss: 0.9910  val_loss: 0.7705  freq: 1.4430  spend: 0.1102  w_freq: 0.497  w_spend: 0.504
Epoch  10/300 — train_loss: 0.8748  val_loss: 0.7189  freq: 1.3556  spend: 0.0985  w_freq: 0.495  w_spend: 0.506
Epoch  11/300 — train_loss: 0.8164  val_loss: 0.6790  freq: 1.2965  spend: 0.0824  w_freq: 0.493  w_spend: 0.508
Epoch  12/300 — train_loss: 0.7749  val_loss: 0.6518  freq: 1.2553  spend: 0.0741  w_freq: 0.492  w_spend: 0.510
Epoch  13/300 — train_loss: 0.7417  val_loss: 0.6261  freq: 1.2253  spend: 0.0584  w_freq: 0.490  w_spend: 0.513
Epoch  14/300 — train_loss: 0.7134  val_loss: 0.6115  freq: 1.2107  spend: 0.0500  w_freq: 0.488  w_spend: 0.516
Epoch  15/300 — train_loss: 0.6921  val_loss: 0.6005  freq: 1.1995  spend: 0.0453  w_freq: 0.486  w_spend: 0.519
Epoch  16/300 — train_loss: 0.6756  val_loss: 0.5917  freq: 1.1916  spend: 0.0412  w_freq: 0.484  w_spend: 0.522
Epoch  17/300 — train_loss: 0.6615  val_loss: 0.5809  freq: 1.1867  spend: 0.0310  w_freq: 0.482  w_spend: 0.525
Epoch  18/300 — train_loss: 0.6480  val_loss: 0.5739  freq: 1.1834  spend: 0.0260  w_freq: 0.481  w_spend: 0.528
Epoch  19/300 — train_loss: 0.6366  val_loss: 0.5633  freq: 1.1812  spend: 0.0130  w_freq: 0.479  w_spend: 0.530
Epoch  20/300 — train_loss: 0.6260  val_loss: 0.5558  freq: 1.1775  spend: 0.0071  w_freq: 0.478  w_spend: 0.533
Epoch  21/300 — train_loss: 0.6150  val_loss: 0.5460  freq: 1.1761  spend: -0.0051  w_freq: 0.477  w_spend: 0.536
Epoch  22/300 — train_loss: 0.6066  val_loss: 0.5373  freq: 1.1759  spend: -0.0162  w_freq: 0.476  w_spend: 0.538
Epoch  23/300 — train_loss: 0.5982  val_loss: 0.5309  freq: 1.1738  spend: -0.0212  w_freq: 0.474  w_spend: 0.541
Epoch  24/300 — train_loss: 0.5890  val_loss: 0.5229  freq: 1.1716  spend: -0.0284  w_freq: 0.473  w_spend: 0.544
Epoch  25/300 — train_loss: 0.5806  val_loss: 0.5153  freq: 1.1689  spend: -0.0348  w_freq: 0.472  w_spend: 0.547
Epoch  26/300 — train_loss: 0.5729  val_loss: 0.5128  freq: 1.1670  spend: -0.0329  w_freq: 0.471  w_spend: 0.549
Epoch  27/300 — train_loss: 0.5657  val_loss: 0.5065  freq: 1.1657  spend: -0.0384  w_freq: 0.469  w_spend: 0.552
Epoch  28/300 — train_loss: 0.5600  val_loss: 0.5021  freq: 1.1630  spend: -0.0390  w_freq: 0.468  w_spend: 0.555
Epoch  29/300 — train_loss: 0.5550  val_loss: 0.5001  freq: 1.1633  spend: -0.0381  w_freq: 0.467  w_spend: 0.558
Epoch  30/300 — train_loss: 0.5484  val_loss: 0.4938  freq: 1.1610  spend: -0.0427  w_freq: 0.466  w_spend: 0.560
Epoch  31/300 — train_loss: 0.5447  val_loss: 0.4890  freq: 1.1584  spend: -0.0439  w_freq: 0.465  w_spend: 0.563
Epoch  32/300 — train_loss: 0.5386  val_loss: 0.4852  freq: 1.1571  spend: -0.0446  w_freq: 0.464  w_spend: 0.566
Epoch  33/300 — train_loss: 0.5340  val_loss: 0.4817  freq: 1.1558  spend: -0.0447  w_freq: 0.463  w_spend: 0.569
Epoch  34/300 — train_loss: 0.5284  val_loss: 0.4771  freq: 1.1549  spend: -0.0472  w_freq: 0.462  w_spend: 0.572
Epoch  35/300 — train_loss: 0.5238  val_loss: 0.4726  freq: 1.1529  spend: -0.0487  w_freq: 0.461  w_spend: 0.575
Epoch  36/300 — train_loss: 0.5186  val_loss: 0.4709  freq: 1.1524  spend: -0.0467  w_freq: 0.460  w_spend: 0.578
Epoch  37/300 — train_loss: 0.5156  val_loss: 0.4711  freq: 1.1520  spend: -0.0420  w_freq: 0.459  w_spend: 0.581
Epoch  38/300 — train_loss: 0.5129  val_loss: 0.4670  freq: 1.1510  spend: -0.0449  w_freq: 0.458  w_spend: 0.583
Epoch  39/300 — train_loss: 0.5089  val_loss: 0.4601  freq: 1.1493  spend: -0.0520  w_freq: 0.457  w_spend: 0.585
Epoch  40/300 — train_loss: 0.5038  val_loss: 0.4580  freq: 1.1489  spend: -0.0509  w_freq: 0.457  w_spend: 0.588
Epoch  41/300 — train_loss: 0.4999  val_loss: 0.4543  freq: 1.1472  spend: -0.0514  w_freq: 0.456  w_spend: 0.590
Epoch  42/300 — train_loss: 0.4946  val_loss: 0.4499  freq: 1.1466  spend: -0.0536  w_freq: 0.455  w_spend: 0.593
Epoch  43/300 — train_loss: 0.4915  val_loss: 0.4480  freq: 1.1456  spend: -0.0517  w_freq: 0.454  w_spend: 0.596
Epoch  44/300 — train_loss: 0.4860  val_loss: 0.4437  freq: 1.1457  spend: -0.0548  w_freq: 0.453  w_spend: 0.599
Epoch  45/300 — train_loss: 0.4843  val_loss: 0.4406  freq: 1.1442  spend: -0.0549  w_freq: 0.452  w_spend: 0.602
Epoch  46/300 — train_loss: 0.4808  val_loss: 0.4374  freq: 1.1448  spend: -0.0566  w_freq: 0.452  w_spend: 0.605
Epoch  47/300 — train_loss: 0.4779  val_loss: 0.4348  freq: 1.1433  spend: -0.0556  w_freq: 0.451  w_spend: 0.607
Epoch  48/300 — train_loss: 0.4737  val_loss: 0.4339  freq: 1.1440  spend: -0.0535  w_freq: 0.450  w_spend: 0.610
Epoch  49/300 — train_loss: 0.4722  val_loss: 0.4287  freq: 1.1429  spend: -0.0577  w_freq: 0.450  w_spend: 0.613
Epoch  50/300 — train_loss: 0.4671  val_loss: 0.4266  freq: 1.1428  spend: -0.0577  w_freq: 0.449  w_spend: 0.615
Epoch  51/300 — train_loss: 0.4640  val_loss: 0.4247  freq: 1.1442  spend: -0.0578  w_freq: 0.448  w_spend: 0.618
Epoch  52/300 — train_loss: 0.4601  val_loss: 0.4206  freq: 1.1433  spend: -0.0595  w_freq: 0.448  w_spend: 0.621
Epoch  53/300 — train_loss: 0.4573  val_loss: 0.4191  freq: 1.1423  spend: -0.0569  w_freq: 0.447  w_spend: 0.624
Epoch  54/300 — train_loss: 0.4549  val_loss: 0.4157  freq: 1.1415  spend: -0.0579  w_freq: 0.446  w_spend: 0.627
Epoch  55/300 — train_loss: 0.4499  val_loss: 0.4117  freq: 1.1409  spend: -0.0597  w_freq: 0.446  w_spend: 0.630
Epoch  56/300 — train_loss: 0.4469  val_loss: 0.4084  freq: 1.1419  spend: -0.0620  w_freq: 0.445  w_spend: 0.632
Epoch  57/300 — train_loss: 0.4433  val_loss: 0.4066  freq: 1.1422  spend: -0.0613  w_freq: 0.444  w_spend: 0.635
Epoch  58/300 — train_loss: 0.4403  val_loss: 0.4027  freq: 1.1417  spend: -0.0632  w_freq: 0.444  w_spend: 0.638
Epoch  59/300 — train_loss: 0.4367  val_loss: 0.3998  freq: 1.1402  spend: -0.0629  w_freq: 0.443  w_spend: 0.641
Epoch  60/300 — train_loss: 0.4345  val_loss: 0.3972  freq: 1.1408  spend: -0.0638  w_freq: 0.443  w_spend: 0.644
Epoch  61/300 — train_loss: 0.4314  val_loss: 0.3955  freq: 1.1404  spend: -0.0629  w_freq: 0.442  w_spend: 0.646
Epoch  62/300 — train_loss: 0.4288  val_loss: 0.3916  freq: 1.1400  spend: -0.0653  w_freq: 0.442  w_spend: 0.649
Epoch  63/300 — train_loss: 0.4255  val_loss: 0.3893  freq: 1.1395  spend: -0.0649  w_freq: 0.441  w_spend: 0.652
Epoch  64/300 — train_loss: 0.4236  val_loss: 0.3853  freq: 1.1394  spend: -0.0672  w_freq: 0.441  w_spend: 0.654
Epoch  65/300 — train_loss: 0.4207  val_loss: 0.3850  freq: 1.1403  spend: -0.0649  w_freq: 0.440  w_spend: 0.657
Epoch  66/300 — train_loss: 0.4178  val_loss: 0.3818  freq: 1.1399  spend: -0.0661  w_freq: 0.440  w_spend: 0.660
Epoch  67/300 — train_loss: 0.4134  val_loss: 0.3784  freq: 1.1398  spend: -0.0678  w_freq: 0.439  w_spend: 0.663
Epoch  68/300 — train_loss: 0.4108  val_loss: 0.3755  freq: 1.1395  spend: -0.0682  w_freq: 0.439  w_spend: 0.666
Epoch  69/300 — train_loss: 0.4087  val_loss: 0.3738  freq: 1.1391  spend: -0.0669  w_freq: 0.438  w_spend: 0.669
Epoch  70/300 — train_loss: 0.4068  val_loss: 0.3718  freq: 1.1395  spend: -0.0667  w_freq: 0.438  w_spend: 0.672
Epoch  71/300 — train_loss: 0.4026  val_loss: 0.3667  freq: 1.1380  spend: -0.0700  w_freq: 0.438  w_spend: 0.674
Epoch  72/300 — train_loss: 0.4008  val_loss: 0.3652  freq: 1.1380  spend: -0.0688  w_freq: 0.437  w_spend: 0.677
Epoch  73/300 — train_loss: 0.3949  val_loss: 0.3612  freq: 1.1377  spend: -0.0709  w_freq: 0.437  w_spend: 0.680
Epoch  74/300 — train_loss: 0.3923  val_loss: 0.3592  freq: 1.1381  spend: -0.0704  w_freq: 0.436  w_spend: 0.683
Epoch  75/300 — train_loss: 0.3905  val_loss: 0.3553  freq: 1.1377  spend: -0.0721  w_freq: 0.436  w_spend: 0.686
Epoch  76/300 — train_loss: 0.3876  val_loss: 0.3529  freq: 1.1381  spend: -0.0722  w_freq: 0.435  w_spend: 0.689
Epoch  77/300 — train_loss: 0.3853  val_loss: 0.3518  freq: 1.1392  spend: -0.0714  w_freq: 0.435  w_spend: 0.692
Epoch  78/300 — train_loss: 0.3819  val_loss: 0.3486  freq: 1.1395  spend: -0.0731  w_freq: 0.435  w_spend: 0.695
Epoch  79/300 — train_loss: 0.3795  val_loss: 0.3485  freq: 1.1388  spend: -0.0698  w_freq: 0.434  w_spend: 0.698
Epoch  80/300 — train_loss: 0.3763  val_loss: 0.3436  freq: 1.1368  spend: -0.0728  w_freq: 0.434  w_spend: 0.700
Epoch  81/300 — train_loss: 0.3755  val_loss: 0.3420  freq: 1.1372  spend: -0.0722  w_freq: 0.434  w_spend: 0.703
Epoch  82/300 — train_loss: 0.3733  val_loss: 0.3419  freq: 1.1374  spend: -0.0698  w_freq: 0.433  w_spend: 0.706
Epoch  83/300 — train_loss: 0.3705  val_loss: 0.3397  freq: 1.1373  spend: -0.0701  w_freq: 0.433  w_spend: 0.708
Epoch  84/300 — train_loss: 0.3673  val_loss: 0.3365  freq: 1.1374  spend: -0.0718  w_freq: 0.433  w_spend: 0.711
Epoch  85/300 — train_loss: 0.3642  val_loss: 0.3330  freq: 1.1385  spend: -0.0743  w_freq: 0.433  w_spend: 0.713
Epoch  86/300 — train_loss: 0.3638  val_loss: 0.3284  freq: 1.1363  spend: -0.0761  w_freq: 0.432  w_spend: 0.716
Epoch  87/300 — train_loss: 0.3592  val_loss: 0.3280  freq: 1.1370  spend: -0.0739  w_freq: 0.432  w_spend: 0.719
Epoch  88/300 — train_loss: 0.3569  val_loss: 0.3267  freq: 1.1369  spend: -0.0725  w_freq: 0.432  w_spend: 0.722
Epoch  89/300 — train_loss: 0.3535  val_loss: 0.3224  freq: 1.1370  spend: -0.0756  w_freq: 0.432  w_spend: 0.725
Epoch  90/300 — train_loss: 0.3510  val_loss: 0.3203  freq: 1.1371  spend: -0.0757  w_freq: 0.431  w_spend: 0.728
Epoch  91/300 — train_loss: 0.3487  val_loss: 0.3181  freq: 1.1359  spend: -0.0750  w_freq: 0.431  w_spend: 0.731
Epoch  92/300 — train_loss: 0.3460  val_loss: 0.3147  freq: 1.1351  spend: -0.0762  w_freq: 0.431  w_spend: 0.734
Epoch  93/300 — train_loss: 0.3440  val_loss: 0.3127  freq: 1.1359  spend: -0.0764  w_freq: 0.430  w_spend: 0.736
Epoch  94/300 — train_loss: 0.3413  val_loss: 0.3114  freq: 1.1363  spend: -0.0753  w_freq: 0.430  w_spend: 0.739
Epoch  95/300 — train_loss: 0.3387  val_loss: 0.3092  freq: 1.1361  spend: -0.0752  w_freq: 0.430  w_spend: 0.742
Epoch  96/300 — train_loss: 0.3361  val_loss: 0.3058  freq: 1.1359  spend: -0.0767  w_freq: 0.430  w_spend: 0.745
Epoch  97/300 — train_loss: 0.3336  val_loss: 0.3044  freq: 1.1351  spend: -0.0754  w_freq: 0.430  w_spend: 0.748
Epoch  98/300 — train_loss: 0.3325  val_loss: 0.3015  freq: 1.1360  spend: -0.0772  w_freq: 0.429  w_spend: 0.751
Epoch  99/300 — train_loss: 0.3280  val_loss: 0.3007  freq: 1.1354  spend: -0.0751  w_freq: 0.429  w_spend: 0.754
Epoch 100/300 — train_loss: 0.3258  val_loss: 0.2980  freq: 1.1353  spend: -0.0758  w_freq: 0.429  w_spend: 0.757
Epoch 101/300 — train_loss: 0.3227  val_loss: 0.2940  freq: 1.1354  spend: -0.0782  w_freq: 0.429  w_spend: 0.760
Epoch 102/300 — train_loss: 0.3213  val_loss: 0.2929  freq: 1.1343  spend: -0.0761  w_freq: 0.428  w_spend: 0.763
Epoch 103/300 — train_loss: 0.3191  val_loss: 0.2918  freq: 1.1355  spend: -0.0757  w_freq: 0.428  w_spend: 0.765
Epoch 104/300 — train_loss: 0.3172  val_loss: 0.2895  freq: 1.1354  spend: -0.0760  w_freq: 0.428  w_spend: 0.768
Epoch 105/300 — train_loss: 0.3155  val_loss: 0.2858  freq: 1.1345  spend: -0.0779  w_freq: 0.428  w_spend: 0.771
Epoch 106/300 — train_loss: 0.3129  val_loss: 0.2857  freq: 1.1351  spend: -0.0758  w_freq: 0.428  w_spend: 0.773
Epoch 107/300 — train_loss: 0.3100  val_loss: 0.2839  freq: 1.1342  spend: -0.0750  w_freq: 0.428  w_spend: 0.776
Epoch 108/300 — train_loss: 0.3074  val_loss: 0.2817  freq: 1.1350  spend: -0.0757  w_freq: 0.428  w_spend: 0.779
Epoch 109/300 — train_loss: 0.3054  val_loss: 0.2773  freq: 1.1345  spend: -0.0786  w_freq: 0.427  w_spend: 0.782
Epoch 110/300 — train_loss: 0.3036  val_loss: 0.2761  freq: 1.1347  spend: -0.0778  w_freq: 0.427  w_spend: 0.785
Epoch 111/300 — train_loss: 0.3020  val_loss: 0.2754  freq: 1.1348  spend: -0.0766  w_freq: 0.427  w_spend: 0.787
Epoch 112/300 — train_loss: 0.2982  val_loss: 0.2726  freq: 1.1349  spend: -0.0781  w_freq: 0.427  w_spend: 0.789
Epoch 113/300 — train_loss: 0.2972  val_loss: 0.2712  freq: 1.1340  spend: -0.0771  w_freq: 0.427  w_spend: 0.792
Epoch 114/300 — train_loss: 0.2946  val_loss: 0.2717  freq: 1.1351  spend: -0.0746  w_freq: 0.427  w_spend: 0.795
Epoch 115/300 — train_loss: 0.2927  val_loss: 0.2690  freq: 1.1345  spend: -0.0753  w_freq: 0.427  w_spend: 0.797
Epoch 116/300 — train_loss: 0.2908  val_loss: 0.2673  freq: 1.1348  spend: -0.0755  w_freq: 0.427  w_spend: 0.800
Epoch 117/300 — train_loss: 0.2885  val_loss: 0.2628  freq: 1.1341  spend: -0.0782  w_freq: 0.427  w_spend: 0.802
Epoch 118/300 — train_loss: 0.2880  val_loss: 0.2615  freq: 1.1345  spend: -0.0778  w_freq: 0.426  w_spend: 0.805
Epoch 119/300 — train_loss: 0.2836  val_loss: 0.2618  freq: 1.1345  spend: -0.0755  w_freq: 0.426  w_spend: 0.808
Epoch 120/300 — train_loss: 0.2826  val_loss: 0.2604  freq: 1.1345  spend: -0.0752  w_freq: 0.426  w_spend: 0.810
Epoch 121/300 — train_loss: 0.2802  val_loss: 0.2591  freq: 1.1341  spend: -0.0745  w_freq: 0.426  w_spend: 0.812
Epoch 122/300 — train_loss: 0.2782  val_loss: 0.2588  freq: 1.1343  spend: -0.0730  w_freq: 0.426  w_spend: 0.815
Epoch 123/300 — train_loss: 0.2772  val_loss: 0.2559  freq: 1.1344  spend: -0.0749  w_freq: 0.426  w_spend: 0.817
Epoch 124/300 — train_loss: 0.2755  val_loss: 0.2522  freq: 1.1342  spend: -0.0774  w_freq: 0.426  w_spend: 0.819
Epoch 125/300 — train_loss: 0.2744  val_loss: 0.2516  freq: 1.1343  spend: -0.0760  w_freq: 0.426  w_spend: 0.822
Epoch 126/300 — train_loss: 0.2710  val_loss: 0.2478  freq: 1.1347  spend: -0.0787  w_freq: 0.426  w_spend: 0.824
Epoch 127/300 — train_loss: 0.2712  val_loss: 0.2523  freq: 1.1352  spend: -0.0714  w_freq: 0.426  w_spend: 0.827
Epoch 128/300 — train_loss: 0.2686  val_loss: 0.2457  freq: 1.1341  spend: -0.0767  w_freq: 0.426  w_spend: 0.829
Epoch 129/300 — train_loss: 0.2670  val_loss: 0.2422  freq: 1.1343  spend: -0.0790  w_freq: 0.426  w_spend: 0.832
Epoch 130/300 — train_loss: 0.2633  val_loss: 0.2398  freq: 1.1339  spend: -0.0796  w_freq: 0.425  w_spend: 0.834
Epoch 131/300 — train_loss: 0.2623  val_loss: 0.2392  freq: 1.1339  spend: -0.0784  w_freq: 0.425  w_spend: 0.837
Epoch 132/300 — train_loss: 0.2618  val_loss: 0.2385  freq: 1.1341  spend: -0.0774  w_freq: 0.425  w_spend: 0.839
Epoch 133/300 — train_loss: 0.2587  val_loss: 0.2385  freq: 1.1342  spend: -0.0757  w_freq: 0.425  w_spend: 0.841
Epoch 134/300 — train_loss: 0.2567  val_loss: 0.2350  freq: 1.1338  spend: -0.0778  w_freq: 0.425  w_spend: 0.844
Epoch 135/300 — train_loss: 0.2556  val_loss: 0.2373  freq: 1.1342  spend: -0.0736  w_freq: 0.425  w_spend: 0.846
Epoch 136/300 — train_loss: 0.2529  val_loss: 0.2363  freq: 1.1347  spend: -0.0734  w_freq: 0.425  w_spend: 0.848
Epoch 137/300 — train_loss: 0.2510  val_loss: 0.2343  freq: 1.1346  spend: -0.0740  w_freq: 0.425  w_spend: 0.850
Epoch 138/300 — train_loss: 0.2503  val_loss: 0.2304  freq: 1.1335  spend: -0.0764  w_freq: 0.425  w_spend: 0.852
Epoch 139/300 — train_loss: 0.2489  val_loss: 0.2303  freq: 1.1345  spend: -0.0754  w_freq: 0.425  w_spend: 0.855
Epoch 140/300 — train_loss: 0.2484  val_loss: 0.2273  freq: 1.1335  spend: -0.0766  w_freq: 0.425  w_spend: 0.857
Epoch 141/300 — train_loss: 0.2434  val_loss: 0.2252  freq: 1.1340  spend: -0.0776  w_freq: 0.425  w_spend: 0.859
Epoch 142/300 — train_loss: 0.2434  val_loss: 0.2241  freq: 1.1337  spend: -0.0768  w_freq: 0.425  w_spend: 0.861
Epoch 143/300 — train_loss: 0.2409  val_loss: 0.2223  freq: 1.1338  spend: -0.0770  w_freq: 0.425  w_spend: 0.864
Epoch 144/300 — train_loss: 0.2411  val_loss: 0.2217  freq: 1.1343  spend: -0.0760  w_freq: 0.425  w_spend: 0.866
Epoch 145/300 — train_loss: 0.2367  val_loss: 0.2183  freq: 1.1340  spend: -0.0780  w_freq: 0.425  w_spend: 0.869
Epoch 146/300 — train_loss: 0.2373  val_loss: 0.2157  freq: 1.1335  spend: -0.0789  w_freq: 0.425  w_spend: 0.871
Epoch 147/300 — train_loss: 0.2346  val_loss: 0.2150  freq: 1.1339  spend: -0.0781  w_freq: 0.425  w_spend: 0.874
Epoch 148/300 — train_loss: 0.2319  val_loss: 0.2148  freq: 1.1340  spend: -0.0769  w_freq: 0.425  w_spend: 0.876
Epoch 149/300 — train_loss: 0.2306  val_loss: 0.2128  freq: 1.1337  spend: -0.0775  w_freq: 0.425  w_spend: 0.878
Epoch 150/300 — train_loss: 0.2300  val_loss: 0.2133  freq: 1.1337  spend: -0.0754  w_freq: 0.425  w_spend: 0.880
Epoch 151/300 — train_loss: 0.2277  val_loss: 0.2102  freq: 1.1338  spend: -0.0774  w_freq: 0.425  w_spend: 0.882
Epoch 152/300 — train_loss: 0.2257  val_loss: 0.2100  freq: 1.1340  spend: -0.0761  w_freq: 0.425  w_spend: 0.884
Epoch 153/300 — train_loss: 0.2261  val_loss: 0.2066  freq: 1.1337  spend: -0.0782  w_freq: 0.425  w_spend: 0.887
Epoch 154/300 — train_loss: 0.2241  val_loss: 0.2073  freq: 1.1337  spend: -0.0758  w_freq: 0.425  w_spend: 0.889
Epoch 155/300 — train_loss: 0.2215  val_loss: 0.2047  freq: 1.1341  spend: -0.0773  w_freq: 0.425  w_spend: 0.891
Epoch 156/300 — train_loss: 0.2207  val_loss: 0.2023  freq: 1.1341  spend: -0.0783  w_freq: 0.425  w_spend: 0.893
Epoch 157/300 — train_loss: 0.2186  val_loss: 0.2005  freq: 1.1337  spend: -0.0786  w_freq: 0.425  w_spend: 0.896
Epoch 158/300 — train_loss: 0.2182  val_loss: 0.1994  freq: 1.1338  spend: -0.0783  w_freq: 0.425  w_spend: 0.898
Epoch 159/300 — train_loss: 0.2155  val_loss: 0.1985  freq: 1.1339  spend: -0.0780  w_freq: 0.424  w_spend: 0.900
Epoch 160/300 — train_loss: 0.2146  val_loss: 0.1974  freq: 1.1341  spend: -0.0780  w_freq: 0.424  w_spend: 0.902
Epoch 161/300 — train_loss: 0.2131  val_loss: 0.1974  freq: 1.1345  spend: -0.0768  w_freq: 0.424  w_spend: 0.904
Epoch 162/300 — train_loss: 0.2110  val_loss: 0.1969  freq: 1.1339  spend: -0.0759  w_freq: 0.424  w_spend: 0.906
Epoch 163/300 — train_loss: 0.2107  val_loss: 0.1970  freq: 1.1340  spend: -0.0746  w_freq: 0.424  w_spend: 0.907
Epoch 164/300 — train_loss: 0.2082  val_loss: 0.1940  freq: 1.1338  spend: -0.0766  w_freq: 0.424  w_spend: 0.909
Epoch 165/300 — train_loss: 0.2065  val_loss: 0.1922  freq: 1.1338  spend: -0.0772  w_freq: 0.424  w_spend: 0.911
Epoch 166/300 — train_loss: 0.2058  val_loss: 0.1917  freq: 1.1337  spend: -0.0764  w_freq: 0.424  w_spend: 0.913
Epoch 167/300 — train_loss: 0.2044  val_loss: 0.1921  freq: 1.1338  spend: -0.0747  w_freq: 0.424  w_spend: 0.915
Epoch 168/300 — train_loss: 0.2037  val_loss: 0.1911  freq: 1.1339  spend: -0.0747  w_freq: 0.424  w_spend: 0.917
Epoch 169/300 — train_loss: 0.2017  val_loss: 0.1869  freq: 1.1336  spend: -0.0780  w_freq: 0.424  w_spend: 0.918
Epoch 170/300 — train_loss: 0.1998  val_loss: 0.1876  freq: 1.1336  spend: -0.0762  w_freq: 0.424  w_spend: 0.920
Epoch 171/300 — train_loss: 0.2005  val_loss: 0.1846  freq: 1.1339  spend: -0.0784  w_freq: 0.424  w_spend: 0.922
Epoch 172/300 — train_loss: 0.1978  val_loss: 0.1849  freq: 1.1336  spend: -0.0768  w_freq: 0.424  w_spend: 0.923
Epoch 173/300 — train_loss: 0.1970  val_loss: 0.1854  freq: 1.1342  spend: -0.0755  w_freq: 0.424  w_spend: 0.925
Epoch 174/300 — train_loss: 0.1964  val_loss: 0.1850  freq: 1.1341  spend: -0.0748  w_freq: 0.424  w_spend: 0.927
Epoch 175/300 — train_loss: 0.1957  val_loss: 0.1841  freq: 1.1341  spend: -0.0747  w_freq: 0.424  w_spend: 0.928
Epoch 176/300 — train_loss: 0.1936  val_loss: 0.1809  freq: 1.1338  spend: -0.0769  w_freq: 0.424  w_spend: 0.930
Epoch 177/300 — train_loss: 0.1927  val_loss: 0.1806  freq: 1.1340  spend: -0.0762  w_freq: 0.424  w_spend: 0.931
Epoch 178/300 — train_loss: 0.1918  val_loss: 0.1796  freq: 1.1339  spend: -0.0762  w_freq: 0.424  w_spend: 0.933
Epoch 179/300 — train_loss: 0.1908  val_loss: 0.1768  freq: 1.1337  spend: -0.0779  w_freq: 0.424  w_spend: 0.935
Epoch 180/300 — train_loss: 0.1903  val_loss: 0.1767  freq: 1.1340  spend: -0.0770  w_freq: 0.424  w_spend: 0.937
Epoch 181/300 — train_loss: 0.1881  val_loss: 0.1756  freq: 1.1338  spend: -0.0770  w_freq: 0.424  w_spend: 0.938
Epoch 182/300 — train_loss: 0.1872  val_loss: 0.1739  freq: 1.1336  spend: -0.0777  w_freq: 0.424  w_spend: 0.940
Epoch 183/300 — train_loss: 0.1868  val_loss: 0.1733  freq: 1.1339  spend: -0.0773  w_freq: 0.424  w_spend: 0.942
Epoch 184/300 — train_loss: 0.1863  val_loss: 0.1733  freq: 1.1341  spend: -0.0763  w_freq: 0.424  w_spend: 0.943
Epoch 185/300 — train_loss: 0.1837  val_loss: 0.1736  freq: 1.1338  spend: -0.0749  w_freq: 0.424  w_spend: 0.945
Epoch 186/300 — train_loss: 0.1830  val_loss: 0.1697  freq: 1.1338  spend: -0.0779  w_freq: 0.424  w_spend: 0.947
Epoch 187/300 — train_loss: 0.1825  val_loss: 0.1691  freq: 1.1337  spend: -0.0776  w_freq: 0.424  w_spend: 0.948
Epoch 188/300 — train_loss: 0.1806  val_loss: 0.1679  freq: 1.1336  spend: -0.0778  w_freq: 0.424  w_spend: 0.950
Epoch 189/300 — train_loss: 0.1807  val_loss: 0.1671  freq: 1.1337  spend: -0.0777  w_freq: 0.424  w_spend: 0.951
Epoch 190/300 — train_loss: 0.1799  val_loss: 0.1687  freq: 1.1338  spend: -0.0752  w_freq: 0.424  w_spend: 0.953
Epoch 191/300 — train_loss: 0.1779  val_loss: 0.1669  freq: 1.1337  spend: -0.0763  w_freq: 0.424  w_spend: 0.954
Epoch 192/300 — train_loss: 0.1771  val_loss: 0.1659  freq: 1.1336  spend: -0.0765  w_freq: 0.424  w_spend: 0.955
Epoch 193/300 — train_loss: 0.1754  val_loss: 0.1657  freq: 1.1338  spend: -0.0759  w_freq: 0.424  w_spend: 0.957
Epoch 194/300 — train_loss: 0.1748  val_loss: 0.1655  freq: 1.1339  spend: -0.0753  w_freq: 0.424  w_spend: 0.958
Epoch 195/300 — train_loss: 0.1748  val_loss: 0.1631  freq: 1.1339  spend: -0.0770  w_freq: 0.424  w_spend: 0.959
Epoch 196/300 — train_loss: 0.1739  val_loss: 0.1627  freq: 1.1335  spend: -0.0763  w_freq: 0.424  w_spend: 0.961
Epoch 197/300 — train_loss: 0.1713  val_loss: 0.1607  freq: 1.1334  spend: -0.0775  w_freq: 0.424  w_spend: 0.962
Epoch 198/300 — train_loss: 0.1730  val_loss: 0.1598  freq: 1.1338  spend: -0.0777  w_freq: 0.424  w_spend: 0.964
Epoch 199/300 — train_loss: 0.1696  val_loss: 0.1591  freq: 1.1335  spend: -0.0775  w_freq: 0.424  w_spend: 0.965
Epoch 200/300 — train_loss: 0.1687  val_loss: 0.1592  freq: 1.1337  spend: -0.0767  w_freq: 0.424  w_spend: 0.966
Epoch 201/300 — train_loss: 0.1689  val_loss: 0.1592  freq: 1.1337  spend: -0.0759  w_freq: 0.424  w_spend: 0.968
Epoch 202/300 — train_loss: 0.1678  val_loss: 0.1566  freq: 1.1336  spend: -0.0778  w_freq: 0.424  w_spend: 0.969
Epoch 203/300 — train_loss: 0.1677  val_loss: 0.1569  freq: 1.1338  spend: -0.0769  w_freq: 0.424  w_spend: 0.970
Epoch 204/300 — train_loss: 0.1654  val_loss: 0.1563  freq: 1.1336  spend: -0.0767  w_freq: 0.424  w_spend: 0.971
Epoch 205/300 — train_loss: 0.1663  val_loss: 0.1573  freq: 1.1338  spend: -0.0750  w_freq: 0.424  w_spend: 0.972
Epoch 206/300 — train_loss: 0.1644  val_loss: 0.1557  freq: 1.1337  spend: -0.0759  w_freq: 0.424  w_spend: 0.973
Epoch 207/300 — train_loss: 0.1630  val_loss: 0.1551  freq: 1.1336  spend: -0.0758  w_freq: 0.424  w_spend: 0.975
Epoch 208/300 — train_loss: 0.1622  val_loss: 0.1542  freq: 1.1335  spend: -0.0759  w_freq: 0.424  w_spend: 0.976
Epoch 209/300 — train_loss: 0.1619  val_loss: 0.1539  freq: 1.1338  spend: -0.0757  w_freq: 0.424  w_spend: 0.977
Epoch 210/300 — train_loss: 0.1621  val_loss: 0.1534  freq: 1.1338  spend: -0.0755  w_freq: 0.424  w_spend: 0.978
Epoch 211/300 — train_loss: 0.1606  val_loss: 0.1528  freq: 1.1336  spend: -0.0754  w_freq: 0.424  w_spend: 0.979
Epoch 212/300 — train_loss: 0.1593  val_loss: 0.1519  freq: 1.1338  spend: -0.0758  w_freq: 0.424  w_spend: 0.980
Epoch 213/300 — train_loss: 0.1595  val_loss: 0.1507  freq: 1.1336  spend: -0.0762  w_freq: 0.424  w_spend: 0.981
Epoch 214/300 — train_loss: 0.1584  val_loss: 0.1498  freq: 1.1337  spend: -0.0766  w_freq: 0.424  w_spend: 0.982
Epoch 215/300 — train_loss: 0.1583  val_loss: 0.1497  freq: 1.1338  spend: -0.0762  w_freq: 0.424  w_spend: 0.983
Epoch 216/300 — train_loss: 0.1568  val_loss: 0.1491  freq: 1.1336  spend: -0.0760  w_freq: 0.424  w_spend: 0.984
Epoch 217/300 — train_loss: 0.1563  val_loss: 0.1489  freq: 1.1338  spend: -0.0758  w_freq: 0.424  w_spend: 0.985
Epoch 218/300 — train_loss: 0.1565  val_loss: 0.1476  freq: 1.1335  spend: -0.0765  w_freq: 0.424  w_spend: 0.986
Epoch 219/300 — train_loss: 0.1558  val_loss: 0.1469  freq: 1.1336  spend: -0.0766  w_freq: 0.424  w_spend: 0.987
Epoch 220/300 — train_loss: 0.1547  val_loss: 0.1480  freq: 1.1337  spend: -0.0751  w_freq: 0.424  w_spend: 0.988
Epoch 221/300 — train_loss: 0.1533  val_loss: 0.1469  freq: 1.1335  spend: -0.0756  w_freq: 0.424  w_spend: 0.989
Epoch 222/300 — train_loss: 0.1546  val_loss: 0.1467  freq: 1.1336  spend: -0.0754  w_freq: 0.424  w_spend: 0.990
Epoch 223/300 — train_loss: 0.1515  val_loss: 0.1452  freq: 1.1335  spend: -0.0764  w_freq: 0.424  w_spend: 0.991
Epoch 224/300 — train_loss: 0.1528  val_loss: 0.1451  freq: 1.1336  spend: -0.0760  w_freq: 0.424  w_spend: 0.992
Epoch 225/300 — train_loss: 0.1520  val_loss: 0.1452  freq: 1.1338  spend: -0.0755  w_freq: 0.424  w_spend: 0.992
Epoch 226/300 — train_loss: 0.1522  val_loss: 0.1436  freq: 1.1336  spend: -0.0765  w_freq: 0.424  w_spend: 0.993
Epoch 227/300 — train_loss: 0.1503  val_loss: 0.1435  freq: 1.1336  spend: -0.0763  w_freq: 0.424  w_spend: 0.994
Epoch 228/300 — train_loss: 0.1492  val_loss: 0.1433  freq: 1.1337  spend: -0.0760  w_freq: 0.424  w_spend: 0.995
Epoch 229/300 — train_loss: 0.1510  val_loss: 0.1431  freq: 1.1337  spend: -0.0759  w_freq: 0.424  w_spend: 0.995
Epoch 230/300 — train_loss: 0.1480  val_loss: 0.1427  freq: 1.1337  spend: -0.0757  w_freq: 0.424  w_spend: 0.996
Epoch 231/300 — train_loss: 0.1478  val_loss: 0.1411  freq: 1.1336  spend: -0.0770  w_freq: 0.424  w_spend: 0.997
Epoch 232/300 — train_loss: 0.1488  val_loss: 0.1425  freq: 1.1336  spend: -0.0752  w_freq: 0.424  w_spend: 0.998
Epoch 233/300 — train_loss: 0.1463  val_loss: 0.1409  freq: 1.1336  spend: -0.0764  w_freq: 0.424  w_spend: 0.998
Epoch 234/300 — train_loss: 0.1452  val_loss: 0.1420  freq: 1.1338  spend: -0.0751  w_freq: 0.424  w_spend: 0.999
Epoch 235/300 — train_loss: 0.1464  val_loss: 0.1407  freq: 1.1338  spend: -0.0761  w_freq: 0.424  w_spend: 0.999
Epoch 236/300 — train_loss: 0.1477  val_loss: 0.1404  freq: 1.1336  spend: -0.0759  w_freq: 0.424  w_spend: 1.000
Epoch 237/300 — train_loss: 0.1442  val_loss: 0.1405  freq: 1.1336  spend: -0.0755  w_freq: 0.424  w_spend: 1.001
Epoch 238/300 — train_loss: 0.1467  val_loss: 0.1396  freq: 1.1337  spend: -0.0761  w_freq: 0.424  w_spend: 1.001
Epoch 239/300 — train_loss: 0.1460  val_loss: 0.1392  freq: 1.1337  spend: -0.0762  w_freq: 0.424  w_spend: 1.002
Epoch 240/300 — train_loss: 0.1433  val_loss: 0.1396  freq: 1.1337  spend: -0.0755  w_freq: 0.424  w_spend: 1.002
Epoch 241/300 — train_loss: 0.1457  val_loss: 0.1385  freq: 1.1336  spend: -0.0763  w_freq: 0.424  w_spend: 1.003
Epoch 242/300 — train_loss: 0.1451  val_loss: 0.1384  freq: 1.1337  spend: -0.0762  w_freq: 0.424  w_spend: 1.003
Epoch 243/300 — train_loss: 0.1435  val_loss: 0.1386  freq: 1.1337  spend: -0.0757  w_freq: 0.424  w_spend: 1.004
Epoch 244/300 — train_loss: 0.1443  val_loss: 0.1388  freq: 1.1337  spend: -0.0752  w_freq: 0.424  w_spend: 1.004
Epoch 245/300 — train_loss: 0.1430  val_loss: 0.1378  freq: 1.1337  spend: -0.0759  w_freq: 0.424  w_spend: 1.005
Epoch 246/300 — train_loss: 0.1442  val_loss: 0.1388  freq: 1.1337  spend: -0.0748  w_freq: 0.424  w_spend: 1.005
Epoch 247/300 — train_loss: 0.1435  val_loss: 0.1370  freq: 1.1336  spend: -0.0762  w_freq: 0.424  w_spend: 1.005
Epoch 248/300 — train_loss: 0.1418  val_loss: 0.1380  freq: 1.1337  spend: -0.0751  w_freq: 0.424  w_spend: 1.006
Epoch 249/300 — train_loss: 0.1436  val_loss: 0.1374  freq: 1.1336  spend: -0.0754  w_freq: 0.424  w_spend: 1.006
Epoch 250/300 — train_loss: 0.1423  val_loss: 0.1365  freq: 1.1336  spend: -0.0761  w_freq: 0.424  w_spend: 1.007
Epoch 251/300 — train_loss: 0.1428  val_loss: 0.1367  freq: 1.1337  spend: -0.0757  w_freq: 0.424  w_spend: 1.007
Epoch 252/300 — train_loss: 0.1413  val_loss: 0.1365  freq: 1.1337  spend: -0.0757  w_freq: 0.424  w_spend: 1.007
Epoch 253/300 — train_loss: 0.1419  val_loss: 0.1363  freq: 1.1337  spend: -0.0757  w_freq: 0.424  w_spend: 1.008
Epoch 254/300 — train_loss: 0.1412  val_loss: 0.1363  freq: 1.1337  spend: -0.0755  w_freq: 0.424  w_spend: 1.008
Epoch 255/300 — train_loss: 0.1413  val_loss: 0.1360  freq: 1.1336  spend: -0.0757  w_freq: 0.424  w_spend: 1.008
Epoch 256/300 — train_loss: 0.1408  val_loss: 0.1359  freq: 1.1337  spend: -0.0756  w_freq: 0.424  w_spend: 1.009
Epoch 257/300 — train_loss: 0.1408  val_loss: 0.1360  freq: 1.1337  spend: -0.0753  w_freq: 0.424  w_spend: 1.009
Epoch 258/300 — train_loss: 0.1394  val_loss: 0.1353  freq: 1.1336  spend: -0.0758  w_freq: 0.424  w_spend: 1.009
Epoch 259/300 — train_loss: 0.1403  val_loss: 0.1352  freq: 1.1336  spend: -0.0758  w_freq: 0.424  w_spend: 1.009
Epoch 260/300 — train_loss: 0.1404  val_loss: 0.1353  freq: 1.1337  spend: -0.0756  w_freq: 0.424  w_spend: 1.010
Epoch 261/300 — train_loss: 0.1400  val_loss: 0.1353  freq: 1.1336  spend: -0.0754  w_freq: 0.424  w_spend: 1.010
Epoch 262/300 — train_loss: 0.1395  val_loss: 0.1355  freq: 1.1336  spend: -0.0751  w_freq: 0.424  w_spend: 1.010
Epoch 263/300 — train_loss: 0.1393  val_loss: 0.1350  freq: 1.1336  spend: -0.0755  w_freq: 0.424  w_spend: 1.010
Epoch 264/300 — train_loss: 0.1395  val_loss: 0.1353  freq: 1.1336  spend: -0.0751  w_freq: 0.424  w_spend: 1.011
Epoch 265/300 — train_loss: 0.1416  val_loss: 0.1350  freq: 1.1336  spend: -0.0752  w_freq: 0.424  w_spend: 1.011
Epoch 266/300 — train_loss: 0.1393  val_loss: 0.1344  freq: 1.1336  spend: -0.0757  w_freq: 0.424  w_spend: 1.011
Epoch 267/300 — train_loss: 0.1388  val_loss: 0.1344  freq: 1.1336  spend: -0.0757  w_freq: 0.424  w_spend: 1.011
Epoch 268/300 — train_loss: 0.1380  val_loss: 0.1350  freq: 1.1336  spend: -0.0750  w_freq: 0.424  w_spend: 1.011
Epoch 269/300 — train_loss: 0.1379  val_loss: 0.1348  freq: 1.1336  spend: -0.0752  w_freq: 0.424  w_spend: 1.011
Epoch 270/300 — train_loss: 0.1397  val_loss: 0.1342  freq: 1.1336  spend: -0.0756  w_freq: 0.424  w_spend: 1.012
Epoch 271/300 — train_loss: 0.1395  val_loss: 0.1341  freq: 1.1336  spend: -0.0757  w_freq: 0.424  w_spend: 1.012
Epoch 272/300 — train_loss: 0.1387  val_loss: 0.1344  freq: 1.1336  spend: -0.0753  w_freq: 0.424  w_spend: 1.012
Epoch 273/300 — train_loss: 0.1386  val_loss: 0.1343  freq: 1.1336  spend: -0.0753  w_freq: 0.424  w_spend: 1.012
Epoch 274/300 — train_loss: 0.1381  val_loss: 0.1338  freq: 1.1336  spend: -0.0758  w_freq: 0.424  w_spend: 1.012
Epoch 275/300 — train_loss: 0.1390  val_loss: 0.1341  freq: 1.1336  spend: -0.0754  w_freq: 0.424  w_spend: 1.012
Epoch 276/300 — train_loss: 0.1377  val_loss: 0.1340  freq: 1.1336  spend: -0.0755  w_freq: 0.424  w_spend: 1.012
Epoch 277/300 — train_loss: 0.1396  val_loss: 0.1339  freq: 1.1336  spend: -0.0755  w_freq: 0.424  w_spend: 1.012
Epoch 278/300 — train_loss: 0.1387  val_loss: 0.1339  freq: 1.1336  spend: -0.0755  w_freq: 0.424  w_spend: 1.012
Epoch 279/300 — train_loss: 0.1385  val_loss: 0.1339  freq: 1.1336  spend: -0.0754  w_freq: 0.424  w_spend: 1.013
Epoch 280/300 — train_loss: 0.1381  val_loss: 0.1339  freq: 1.1336  spend: -0.0754  w_freq: 0.424  w_spend: 1.013
Epoch 281/300 — train_loss: 0.1378  val_loss: 0.1338  freq: 1.1336  spend: -0.0755  w_freq: 0.424  w_spend: 1.013
Epoch 282/300 — train_loss: 0.1381  val_loss: 0.1339  freq: 1.1336  spend: -0.0753  w_freq: 0.424  w_spend: 1.013
Epoch 283/300 — train_loss: 0.1371  val_loss: 0.1338  freq: 1.1336  spend: -0.0754  w_freq: 0.424  w_spend: 1.013
Epoch 284/300 — train_loss: 0.1388  val_loss: 0.1337  freq: 1.1336  spend: -0.0755  w_freq: 0.424  w_spend: 1.013
Epoch 285/300 — train_loss: 0.1380  val_loss: 0.1337  freq: 1.1336  spend: -0.0755  w_freq: 0.424  w_spend: 1.013
Epoch 286/300 — train_loss: 0.1391  val_loss: 0.1338  freq: 1.1336  spend: -0.0754  w_freq: 0.424  w_spend: 1.013
Epoch 287/300 — train_loss: 0.1376  val_loss: 0.1337  freq: 1.1336  spend: -0.0754  w_freq: 0.424  w_spend: 1.013
Epoch 288/300 — train_loss: 0.1379  val_loss: 0.1337  freq: 1.1336  spend: -0.0754  w_freq: 0.424  w_spend: 1.013
Epoch 289/300 — train_loss: 0.1385  val_loss: 0.1337  freq: 1.1336  spend: -0.0754  w_freq: 0.424  w_spend: 1.013
Epoch 290/300 — train_loss: 0.1375  val_loss: 0.1337  freq: 1.1336  spend: -0.0754  w_freq: 0.424  w_spend: 1.013
Epoch 291/300 — train_loss: 0.1398  val_loss: 0.1337  freq: 1.1336  spend: -0.0753  w_freq: 0.424  w_spend: 1.013
Epoch 292/300 — train_loss: 0.1396  val_loss: 0.1337  freq: 1.1336  spend: -0.0753  w_freq: 0.424  w_spend: 1.013
Epoch 293/300 — train_loss: 0.1381  val_loss: 0.1337  freq: 1.1336  spend: -0.0754  w_freq: 0.424  w_spend: 1.013
Epoch 294/300 — train_loss: 0.1374  val_loss: 0.1337  freq: 1.1336  spend: -0.0754  w_freq: 0.424  w_spend: 1.013
Epoch 295/300 — train_loss: 0.1390  val_loss: 0.1337  freq: 1.1336  spend: -0.0754  w_freq: 0.424  w_spend: 1.013
Epoch 296/300 — train_loss: 0.1387  val_loss: 0.1337  freq: 1.1336  spend: -0.0754  w_freq: 0.424  w_spend: 1.013
Epoch 297/300 — train_loss: 0.1381  val_loss: 0.1337  freq: 1.1336  spend: -0.0754  w_freq: 0.424  w_spend: 1.013
Epoch 298/300 — train_loss: 0.1381  val_loss: 0.1337  freq: 1.1336  spend: -0.0754  w_freq: 0.424  w_spend: 1.013
Epoch 299/300 — train_loss: 0.1390  val_loss: 0.1337  freq: 1.1336  spend: -0.0754  w_freq: 0.424  w_spend: 1.013
Epoch 300/300 — train_loss: 0.1373  val_loss: 0.1337  freq: 1.1336  spend: -0.0754  w_freq: 0.424  w_spend: 1.013

Checkpoint saved: /kaggle/working/results/checkpoints/transformer_joint_dunnhumby_v3_seed42_sample_repair.pt
Validation-fitted softmax temperature: 0.9000

Duan's smearing factor (val): 1.3585
Validation aggregate calibration: freq_factor=1.0528, spend_factor=0.9762

Running autoregressive inference on holdout period ...
  inference mode: sample  n_scenarios: 200  temperature: 0.9000

=== Prediction Diagnostics ===
  Mean predicted freq/week:    1.1460
  Mean actual freq/week:       1.1447
  Over-prediction ratio:       1.001x
  Customers predicted as zero total:  0.008
  Customers actually zero total:      0.036
  Non-zero rate (pred, avg > 0.05):  0.973
  Non-zero rate (true):               0.532

Metrics saved: /kaggle/working/results/tables/transformer_joint_dunnhumby_v3_seed42_sample_repair_metrics.json
Array artifacts saved: /kaggle/working/results/tables/transformer_joint_dunnhumby_v3_seed42_sample_repair_arrays.npz

=== Holdout Evaluation ===
  metric_definition_version: valendin_aggregate_mape_v1
  freq_rmse: 15.1384
  freq_mae: 9.0248
  freq_normalized_gini: 0.8670
  freq_calibration_factor: 1.0528
  freq_horizon_abs_bias_pct: 5.3947
  bias_pct: 5.3947
  freq_weekly_mae: 174.5559
  freq_weekly_total_true: 62910.0000
  freq_weekly_total_pred: 66303.8335
  freq_valendin_mape: 6.1043
  freq_horizon_bias_pct: 5.3947
  freq_weekly_mean_pct_mape: 7.8305
  freq_weekly_mean_pct_bias_pct: 7.1651
  freq_weekly_bias_pct: 5.3947
  freq_weekly_mape: 6.1043
  freq_mape: 6.1043
  freq_mase: 1.0433
  freq_mase_scale: 0.8235
  smearing_factor: 1.3585
  spend_calibration_factor: 0.9762
  spend_mae_raw: 310.1348
  spend_rmse_raw: 499.4008
  spend_normalized_gini: 0.8563
  spend_mae_log: 0.7320
  spend_rmse_log: 1.1966
  spend_r2_log: 0.5142
  spend_bias_pct: 3.0331
  spend_weekly_mae: 7317.7210
  spend_weekly_total_true: 1965992.3000
  spend_weekly_total_pred: 2025622.6487
  spend_valendin_mape: 8.1887
  spend_horizon_abs_bias_pct: 3.0331
  spend_horizon_bias_pct: 3.0331
  spend_weekly_mean_pct_mape: 10.0162
  spend_weekly_mean_pct_bias_pct: 5.3201
  spend_weekly_bias_pct: 3.0331
  spend_weekly_mape: 8.1887
  spend_mase: 1.1069
  spend_mase_scale: 27.5152
  clv_mae: 303.9804
  clv_rmse: 489.4767
  clv_spearman: 0.8167
  clv_decile_lift: 3.2712
  clv_normalized_gini: 0.8567
  clv_total_true: 1929812.7500
  clv_total_pred: 1987090.7500
  calibration_temperature_source: rolling_origin_autoregressive
  validation_temperature: 0.9000
  smearing_source: rolling_origin_autoregressive
  calibration_source: rolling_origin_autoregressive
  validation_freq_true_total: 6257.0000
  validation_freq_pred_total: 5659.8708
  validation_spend_true_total: 181327.5781
  validation_spend_pred_total: 190375.8125
  validation_freq_calibration_factor: 1.0528
  validation_spend_calibration_factor: 0.9762
  validation_rolling_origin_count: 2
  protocol_name: dunnhumby_configured_80x22
  cohort_size: 2498
  calibration_weeks: 80
  holdout_weeks: 22
  inference_mode: sample
  n_scenarios: 200
  repair_attempted: True
  repair_strategy: amp_disabled
  repair_source_failure_type: FloatingPointError
  training_lr_after_repair: 0.0005
  training_max_grad_norm_after_repair: 0.5000
  training_amp_enabled_after_repair: False
  run_valid: True
  run_invalid_reason: 
  run_warning: 
  epochs_completed: 300
  max_epochs_configured: 300
History saved: /kaggle/working/results/tables/transformer_joint_dunnhumby_v3_seed42_sample_repair_history.json
