[OK]   final manifest loaded: 2026-05-05-final
[OK]   experiments/configs/lstm_base_cdnow.yaml: frozen hash=b875aa811328 run=lstm_base_cdnow_final
[OK]   experiments/configs/lstm_joint_cdnow.yaml: frozen hash=8edfdc226ec0 run=lstm_joint_cdnow_final
[OK]   experiments/configs/transformer_joint_cdnow.yaml: frozen hash=9f195f0222a1 run=transformer_joint_cdnow_final
[OK]   experiments/configs/lstm_base_uci.yaml: frozen hash=29e661e931c2 run=lstm_base_uci_final
[OK]   experiments/configs/lstm_joint_uci.yaml: frozen hash=fb21bd09d925 run=lstm_joint_uci_final
[OK]   experiments/configs/transformer_joint_uci.yaml: frozen hash=5a0f999e1739 run=transformer_joint_uci_final
[OK]   experiments/configs/lstm_base_tafeng.yaml: frozen hash=9a1c33016529 run=lstm_base_tafeng_final
[OK]   experiments/configs/lstm_joint_tafeng.yaml: frozen hash=b145607af989 run=lstm_joint_tafeng_final
[OK]   experiments/configs/transformer_joint_tafeng.yaml: frozen hash=c29b54663a8c run=transformer_joint_tafeng_final
[OK]   experiments/configs/lstm_base_dunnhumby.yaml: frozen hash=79c1874ce833 run=lstm_base_dunnhumby_final
[OK]   experiments/configs/lstm_joint_dunnhumby.yaml: frozen hash=c5fc5390dc23 run=lstm_joint_dunnhumby_final
[OK]   experiments/configs/transformer_joint_dunnhumby.yaml: frozen hash=796764fa4018 run=transformer_joint_dunnhumby_final
[OK]   experiments/configs/extension3_lstm_none_dunnhumby.yaml: frozen hash=ce5fcfe59fc6 run=extension3_lstm_none_dunnhumby_final
[OK]   experiments/configs/extension3_lstm_static_dunnhumby.yaml: frozen hash=59fafe5f48ce run=extension3_lstm_static_dunnhumby_final
[OK]   experiments/configs/extension3_lstm_dynamic_dunnhumby.yaml: frozen hash=2eccc84ee92a run=extension3_lstm_dynamic_dunnhumby_final
[OK]   experiments/configs/extension3_lstm_full_dunnhumby.yaml: frozen hash=3fd344f4dfec run=extension3_lstm_full_dunnhumby_final
[OK]   experiments/configs/extension3_transformer_none_dunnhumby.yaml: frozen hash=c037e439d7f1 run=extension3_transformer_none_dunnhumby_final
[OK]   experiments/configs/extension3_transformer_static_dunnhumby.yaml: frozen hash=b4e7143b64e6 run=extension3_transformer_static_dunnhumby_final
[OK]   experiments/configs/extension3_transformer_dynamic_dunnhumby.yaml: frozen hash=9177059b7d59 run=extension3_transformer_dynamic_dunnhumby_final
[OK]   experiments/configs/extension3_transformer_full_dunnhumby.yaml: frozen hash=7de1275af376 run=extension3_transformer_full_dunnhumby_final
[OK]   BTYD benchmark dependency importable: lifetimes
[OK]   CDNOW canonical sample detected (2,357 raw customers; 2349 with positive spend, split 52/26)
[OK]   final setup preflight complete
