[Kaggle] raw_dir  → /kaggle/working/input/dunnhumby
[Kaggle] results  → /kaggle/working/results
Config: experiments/configs/extension3_transformer_full_dunnhumby_v8.yaml
Run: extension3_transformer_full_dunnhumby_v8_seed2024_sample
Device: cuda
Loading dataset: dunnhumby ...
[pipeline] freq_cap=10 (auto q=0.99) → freq_bins=[0, 1, 2, 3]... (n_classes=11)
  Train customers: 2249, Val: 249, Inference: 2498
[dunnhumby] Customers with 0 calibration transactions: 0 / 2498
  top-bin decode: class_values[-1] = 13.099 (max_trans = 10)
Model: transformer — 102,953 parameters

Training for up to 120 epochs ...
/kaggle/working/thesis-code/src/training/trainer.py:135: FutureWarning: `torch.cuda.amp.GradScaler(args...)` is deprecated. Please use `torch.amp.GradScaler('cuda', args...)` instead.
  self.scaler = torch.cuda.amp.GradScaler(enabled=self.amp_enabled)
[Kendall] log_vars frozen for 5 warm-up epochs.
Epoch   1/120 — train_loss: 4.3551  val_loss: 3.6462  freq: 3.0417  spend: 0.0244  w_freq: 1.359  w_spend: 0.500
Epoch   2/120 — train_loss: 3.4660  val_loss: 2.4116  freq: 2.1345  spend: 0.0211  w_freq: 1.359  w_spend: 0.500
Epoch   3/120 — train_loss: 2.3978  val_loss: 1.6650  freq: 1.5867  spend: 0.0169  w_freq: 1.359  w_spend: 0.500
Epoch   4/120 — train_loss: 1.7832  val_loss: 1.5247  freq: 1.4853  spend: 0.0118  w_freq: 1.359  w_spend: 0.500
Epoch   5/120 — train_loss: 1.6128  val_loss: 1.4020  freq: 1.3962  spend: 0.0088  w_freq: 1.359  w_spend: 0.500
[Kendall] log_vars unfrozen at epoch 6.
[spend-norm] frozen at 0.1942 (absolute val-loss magnitude shifts accordingly; early stopping is relative so this is safe)
Epoch   6/120 — train_loss: 1.5351  val_loss: 1.3588  freq: 1.3567  spend: 0.0339  w_freq: 1.359  w_spend: 0.501
Epoch   7/120 — train_loss: 1.4756  val_loss: 1.3196  freq: 1.3321  spend: 0.0263  w_freq: 1.359  w_spend: 0.503
Epoch   8/120 — train_loss: 1.4300  val_loss: 1.2881  freq: 1.3132  spend: 0.0195  w_freq: 1.359  w_spend: 0.505
Epoch   9/120 — train_loss: 1.3984  val_loss: 1.2709  freq: 1.3033  spend: 0.0165  w_freq: 1.359  w_spend: 0.508
Epoch  10/120 — train_loss: 1.3791  val_loss: 1.2488  freq: 1.2909  spend: 0.0102  w_freq: 1.359  w_spend: 0.510
Epoch  11/120 — train_loss: 1.3564  val_loss: 1.2294  freq: 1.2797  spend: 0.0066  w_freq: 1.359  w_spend: 0.512
Epoch  12/120 — train_loss: 1.3378  val_loss: 1.2150  freq: 1.2719  spend: 0.0043  w_freq: 1.359  w_spend: 0.515
Epoch  13/120 — train_loss: 1.3204  val_loss: 1.2117  freq: 1.2728  spend: 0.0003  w_freq: 1.359  w_spend: 0.517
Epoch  14/120 — train_loss: 1.3132  val_loss: 1.2009  freq: 1.2675  spend: -0.0025  w_freq: 1.359  w_spend: 0.520
Epoch  15/120 — train_loss: 1.2999  val_loss: 1.2023  freq: 1.2711  spend: -0.0051  w_freq: 1.359  w_spend: 0.522
Epoch  16/120 — train_loss: 1.2915  val_loss: 1.1803  freq: 1.2577  spend: -0.0083  w_freq: 1.359  w_spend: 0.524
Epoch  17/120 — train_loss: 1.2787  val_loss: 1.1670  freq: 1.2513  spend: -0.0133  w_freq: 1.359  w_spend: 0.526
Epoch  18/120 — train_loss: 1.2681  val_loss: 1.1587  freq: 1.2481  spend: -0.0169  w_freq: 1.359  w_spend: 0.528
Epoch  19/120 — train_loss: 1.2569  val_loss: 1.1464  freq: 1.2423  spend: -0.0207  w_freq: 1.359  w_spend: 0.531
Epoch  20/120 — train_loss: 1.2470  val_loss: 1.1415  freq: 1.2407  spend: -0.0211  w_freq: 1.359  w_spend: 0.533
Epoch  21/120 — train_loss: 1.2375  val_loss: 1.1336  freq: 1.2380  spend: -0.0241  w_freq: 1.359  w_spend: 0.536
Epoch  22/120 — train_loss: 1.2332  val_loss: 1.1338  freq: 1.2405  spend: -0.0252  w_freq: 1.359  w_spend: 0.539
Epoch  23/120 — train_loss: 1.2287  val_loss: 1.1256  freq: 1.2366  spend: -0.0263  w_freq: 1.359  w_spend: 0.541
Epoch  24/120 — train_loss: 1.2185  val_loss: 1.1191  freq: 1.2341  spend: -0.0278  w_freq: 1.359  w_spend: 0.544
Epoch  25/120 — train_loss: 1.2116  val_loss: 1.1176  freq: 1.2352  spend: -0.0284  w_freq: 1.359  w_spend: 0.546
Epoch  26/120 — train_loss: 1.2015  val_loss: 1.1096  freq: 1.2314  spend: -0.0289  w_freq: 1.359  w_spend: 0.549
Epoch  27/120 — train_loss: 1.1992  val_loss: 1.1049  freq: 1.2301  spend: -0.0296  w_freq: 1.359  w_spend: 0.552
Epoch  28/120 — train_loss: 1.1940  val_loss: 1.0995  freq: 1.2286  spend: -0.0306  w_freq: 1.359  w_spend: 0.555
Epoch  29/120 — train_loss: 1.1887  val_loss: 1.0939  freq: 1.2265  spend: -0.0312  w_freq: 1.359  w_spend: 0.557
Epoch  30/120 — train_loss: 1.1827  val_loss: 1.0897  freq: 1.2255  spend: -0.0321  w_freq: 1.359  w_spend: 0.560
Epoch  31/120 — train_loss: 1.1760  val_loss: 1.0888  freq: 1.2266  spend: -0.0325  w_freq: 1.359  w_spend: 0.562
Epoch  32/120 — train_loss: 1.1767  val_loss: 1.0929  freq: 1.2313  spend: -0.0330  w_freq: 1.359  w_spend: 0.565
Epoch  33/120 — train_loss: 1.1724  val_loss: 1.0863  freq: 1.2275  spend: -0.0322  w_freq: 1.359  w_spend: 0.567
Epoch  34/120 — train_loss: 1.1663  val_loss: 1.0782  freq: 1.2236  spend: -0.0336  w_freq: 1.359  w_spend: 0.569
Epoch  35/120 — train_loss: 1.1621  val_loss: 1.0760  freq: 1.2235  spend: -0.0337  w_freq: 1.359  w_spend: 0.571
Epoch  36/120 — train_loss: 1.1609  val_loss: 1.0761  freq: 1.2249  spend: -0.0331  w_freq: 1.359  w_spend: 0.573
Epoch  37/120 — train_loss: 1.1555  val_loss: 1.0678  freq: 1.2204  spend: -0.0335  w_freq: 1.359  w_spend: 0.576
Epoch  38/120 — train_loss: 1.1540  val_loss: 1.0671  freq: 1.2220  spend: -0.0351  w_freq: 1.359  w_spend: 0.578
Epoch  39/120 — train_loss: 1.1441  val_loss: 1.0618  freq: 1.2195  spend: -0.0351  w_freq: 1.359  w_spend: 0.580
Epoch  40/120 — train_loss: 1.1434  val_loss: 1.0595  freq: 1.2196  spend: -0.0355  w_freq: 1.359  w_spend: 0.582
Epoch  41/120 — train_loss: 1.1388  val_loss: 1.0587  freq: 1.2205  spend: -0.0354  w_freq: 1.359  w_spend: 0.585
Epoch  42/120 — train_loss: 1.1367  val_loss: 1.0530  freq: 1.2178  spend: -0.0353  w_freq: 1.359  w_spend: 0.587
Epoch  43/120 — train_loss: 1.1324  val_loss: 1.0508  freq: 1.2183  spend: -0.0365  w_freq: 1.359  w_spend: 0.590
Epoch  44/120 — train_loss: 1.1285  val_loss: 1.0476  freq: 1.2175  spend: -0.0366  w_freq: 1.359  w_spend: 0.592
Epoch  45/120 — train_loss: 1.1264  val_loss: 1.0442  freq: 1.2167  spend: -0.0367  w_freq: 1.359  w_spend: 0.594
Epoch  46/120 — train_loss: 1.1231  val_loss: 1.0418  freq: 1.2164  spend: -0.0368  w_freq: 1.359  w_spend: 0.597
Epoch  47/120 — train_loss: 1.1215  val_loss: 1.0390  freq: 1.2161  spend: -0.0376  w_freq: 1.359  w_spend: 0.599
Epoch  48/120 — train_loss: 1.1203  val_loss: 1.0344  freq: 1.2141  spend: -0.0376  w_freq: 1.359  w_spend: 0.601
Epoch  49/120 — train_loss: 1.1146  val_loss: 1.0334  freq: 1.2144  spend: -0.0368  w_freq: 1.359  w_spend: 0.603
Epoch  50/120 — train_loss: 1.1118  val_loss: 1.0318  freq: 1.2150  spend: -0.0380  w_freq: 1.359  w_spend: 0.605
Epoch  51/120 — train_loss: 1.1090  val_loss: 1.0282  freq: 1.2136  spend: -0.0375  w_freq: 1.359  w_spend: 0.608
Epoch  52/120 — train_loss: 1.1090  val_loss: 1.0284  freq: 1.2151  spend: -0.0378  w_freq: 1.359  w_spend: 0.610
Epoch  53/120 — train_loss: 1.1038  val_loss: 1.0260  freq: 1.2147  spend: -0.0380  w_freq: 1.359  w_spend: 0.612
Epoch  54/120 — train_loss: 1.1048  val_loss: 1.0223  freq: 1.2135  spend: -0.0385  w_freq: 1.359  w_spend: 0.614
Epoch  55/120 — train_loss: 1.1015  val_loss: 1.0177  freq: 1.2112  spend: -0.0386  w_freq: 1.359  w_spend: 0.616
Epoch  56/120 — train_loss: 1.0992  val_loss: 1.0155  freq: 1.2107  spend: -0.0387  w_freq: 1.359  w_spend: 0.617
Epoch  57/120 — train_loss: 1.0965  val_loss: 1.0151  freq: 1.2116  spend: -0.0386  w_freq: 1.359  w_spend: 0.619
Epoch  58/120 — train_loss: 1.0916  val_loss: 1.0123  freq: 1.2103  spend: -0.0379  w_freq: 1.359  w_spend: 0.621
Epoch  59/120 — train_loss: 1.0918  val_loss: 1.0110  freq: 1.2107  spend: -0.0385  w_freq: 1.359  w_spend: 0.623
Epoch  60/120 — train_loss: 1.0911  val_loss: 1.0095  freq: 1.2107  spend: -0.0387  w_freq: 1.359  w_spend: 0.624
Epoch  61/120 — train_loss: 1.0879  val_loss: 1.0062  freq: 1.2094  spend: -0.0393  w_freq: 1.359  w_spend: 0.626
Epoch  62/120 — train_loss: 1.0855  val_loss: 1.0058  freq: 1.2100  spend: -0.0391  w_freq: 1.359  w_spend: 0.627
Epoch  63/120 — train_loss: 1.0821  val_loss: 1.0030  freq: 1.2092  spend: -0.0396  w_freq: 1.359  w_spend: 0.629
Epoch  64/120 — train_loss: 1.0820  val_loss: 1.0022  freq: 1.2096  spend: -0.0395  w_freq: 1.359  w_spend: 0.631
Epoch  65/120 — train_loss: 1.0792  val_loss: 1.0009  freq: 1.2094  spend: -0.0391  w_freq: 1.359  w_spend: 0.632
Epoch  66/120 — train_loss: 1.0791  val_loss: 0.9986  freq: 1.2089  spend: -0.0397  w_freq: 1.359  w_spend: 0.634
Epoch  67/120 — train_loss: 1.0745  val_loss: 0.9969  freq: 1.2086  spend: -0.0395  w_freq: 1.359  w_spend: 0.635
Epoch  68/120 — train_loss: 1.0783  val_loss: 0.9965  freq: 1.2089  spend: -0.0391  w_freq: 1.359  w_spend: 0.637
Epoch  69/120 — train_loss: 1.0743  val_loss: 0.9957  freq: 1.2095  spend: -0.0399  w_freq: 1.359  w_spend: 0.638
Epoch  70/120 — train_loss: 1.0733  val_loss: 0.9940  freq: 1.2091  spend: -0.0401  w_freq: 1.359  w_spend: 0.640
Epoch  71/120 — train_loss: 1.0697  val_loss: 0.9912  freq: 1.2077  spend: -0.0398  w_freq: 1.359  w_spend: 0.641
Epoch  72/120 — train_loss: 1.0717  val_loss: 0.9906  freq: 1.2081  spend: -0.0398  w_freq: 1.359  w_spend: 0.642
Epoch  73/120 — train_loss: 1.0709  val_loss: 0.9894  freq: 1.2080  spend: -0.0399  w_freq: 1.359  w_spend: 0.644
Epoch  74/120 — train_loss: 1.0671  val_loss: 0.9890  freq: 1.2084  spend: -0.0400  w_freq: 1.359  w_spend: 0.645
Epoch  75/120 — train_loss: 1.0665  val_loss: 0.9854  freq: 1.2066  spend: -0.0403  w_freq: 1.359  w_spend: 0.646
Epoch  76/120 — train_loss: 1.0695  val_loss: 0.9864  freq: 1.2080  spend: -0.0401  w_freq: 1.359  w_spend: 0.647
Epoch  77/120 — train_loss: 1.0634  val_loss: 0.9853  freq: 1.2076  spend: -0.0397  w_freq: 1.359  w_spend: 0.648
Epoch  78/120 — train_loss: 1.0618  val_loss: 0.9845  freq: 1.2081  spend: -0.0406  w_freq: 1.359  w_spend: 0.649
Epoch  79/120 — train_loss: 1.0646  val_loss: 0.9840  freq: 1.2080  spend: -0.0400  w_freq: 1.359  w_spend: 0.650
Epoch  80/120 — train_loss: 1.0599  val_loss: 0.9809  freq: 1.2062  spend: -0.0398  w_freq: 1.359  w_spend: 0.651
Epoch  81/120 — train_loss: 1.0630  val_loss: 0.9819  freq: 1.2076  spend: -0.0404  w_freq: 1.359  w_spend: 0.652
Epoch  82/120 — train_loss: 1.0610  val_loss: 0.9794  freq: 1.2063  spend: -0.0403  w_freq: 1.359  w_spend: 0.653
Epoch  83/120 — train_loss: 1.0576  val_loss: 0.9788  freq: 1.2063  spend: -0.0403  w_freq: 1.359  w_spend: 0.654
Epoch  84/120 — train_loss: 1.0570  val_loss: 0.9795  freq: 1.2073  spend: -0.0403  w_freq: 1.359  w_spend: 0.655
Epoch  85/120 — train_loss: 1.0576  val_loss: 0.9768  freq: 1.2059  spend: -0.0405  w_freq: 1.359  w_spend: 0.655
Epoch  86/120 — train_loss: 1.0553  val_loss: 0.9770  freq: 1.2063  spend: -0.0402  w_freq: 1.359  w_spend: 0.656
Epoch  87/120 — train_loss: 1.0582  val_loss: 0.9768  freq: 1.2066  spend: -0.0404  w_freq: 1.359  w_spend: 0.657
Epoch  88/120 — train_loss: 1.0549  val_loss: 0.9761  freq: 1.2066  spend: -0.0405  w_freq: 1.359  w_spend: 0.657
Epoch  89/120 — train_loss: 1.0499  val_loss: 0.9755  freq: 1.2064  spend: -0.0403  w_freq: 1.359  w_spend: 0.658
Epoch  90/120 — train_loss: 1.0510  val_loss: 0.9751  freq: 1.2066  spend: -0.0406  w_freq: 1.359  w_spend: 0.659
Epoch  91/120 — train_loss: 1.0548  val_loss: 0.9750  freq: 1.2067  spend: -0.0404  w_freq: 1.359  w_spend: 0.659
Epoch  92/120 — train_loss: 1.0538  val_loss: 0.9742  freq: 1.2065  spend: -0.0406  w_freq: 1.359  w_spend: 0.660
Epoch  93/120 — train_loss: 1.0529  val_loss: 0.9745  freq: 1.2070  spend: -0.0405  w_freq: 1.359  w_spend: 0.660
Epoch  94/120 — train_loss: 1.0518  val_loss: 0.9730  freq: 1.2061  spend: -0.0405  w_freq: 1.359  w_spend: 0.661
Epoch  95/120 — train_loss: 1.0525  val_loss: 0.9739  freq: 1.2070  spend: -0.0405  w_freq: 1.359  w_spend: 0.661
Epoch  96/120 — train_loss: 1.0535  val_loss: 0.9724  freq: 1.2061  spend: -0.0405  w_freq: 1.359  w_spend: 0.662
Epoch  97/120 — train_loss: 1.0561  val_loss: 0.9732  freq: 1.2069  spend: -0.0405  w_freq: 1.359  w_spend: 0.662
Epoch  98/120 — train_loss: 1.0528  val_loss: 0.9719  freq: 1.2061  spend: -0.0404  w_freq: 1.359  w_spend: 0.662
Epoch  99/120 — train_loss: 1.0524  val_loss: 0.9718  freq: 1.2063  spend: -0.0405  w_freq: 1.359  w_spend: 0.662
Epoch 100/120 — train_loss: 1.0548  val_loss: 0.9721  freq: 1.2066  spend: -0.0405  w_freq: 1.359  w_spend: 0.663
Epoch 101/120 — train_loss: 1.0530  val_loss: 0.9716  freq: 1.2063  spend: -0.0403  w_freq: 1.359  w_spend: 0.663
Epoch 102/120 — train_loss: 1.0513  val_loss: 0.9716  freq: 1.2065  spend: -0.0404  w_freq: 1.359  w_spend: 0.663
Epoch 103/120 — train_loss: 1.0523  val_loss: 0.9710  freq: 1.2062  spend: -0.0404  w_freq: 1.359  w_spend: 0.663
Epoch 104/120 — train_loss: 1.0510  val_loss: 0.9707  freq: 1.2060  spend: -0.0403  w_freq: 1.359  w_spend: 0.664
Epoch 105/120 — train_loss: 1.0533  val_loss: 0.9712  freq: 1.2064  spend: -0.0402  w_freq: 1.359  w_spend: 0.664
Epoch 106/120 — train_loss: 1.0545  val_loss: 0.9709  freq: 1.2063  spend: -0.0402  w_freq: 1.359  w_spend: 0.664
Epoch 107/120 — train_loss: 1.0499  val_loss: 0.9704  freq: 1.2060  spend: -0.0404  w_freq: 1.359  w_spend: 0.664
Epoch 108/120 — train_loss: 1.0498  val_loss: 0.9703  freq: 1.2060  spend: -0.0404  w_freq: 1.359  w_spend: 0.664
Epoch 109/120 — train_loss: 1.0527  val_loss: 0.9707  freq: 1.2063  spend: -0.0403  w_freq: 1.359  w_spend: 0.664
Epoch 110/120 — train_loss: 1.0495  val_loss: 0.9708  freq: 1.2064  spend: -0.0403  w_freq: 1.359  w_spend: 0.664
Epoch 111/120 — train_loss: 1.0540  val_loss: 0.9706  freq: 1.2063  spend: -0.0402  w_freq: 1.359  w_spend: 0.664
Epoch 112/120 — train_loss: 1.0505  val_loss: 0.9707  freq: 1.2064  spend: -0.0402  w_freq: 1.359  w_spend: 0.664
Epoch 113/120 — train_loss: 1.0485  val_loss: 0.9709  freq: 1.2065  spend: -0.0402  w_freq: 1.359  w_spend: 0.665
Epoch 114/120 — train_loss: 1.0531  val_loss: 0.9708  freq: 1.2065  spend: -0.0402  w_freq: 1.359  w_spend: 0.665
Epoch 115/120 — train_loss: 1.0548  val_loss: 0.9707  freq: 1.2065  spend: -0.0402  w_freq: 1.359  w_spend: 0.665
Epoch 116/120 — train_loss: 1.0532  val_loss: 0.9707  freq: 1.2065  spend: -0.0402  w_freq: 1.359  w_spend: 0.665
Epoch 117/120 — train_loss: 1.0523  val_loss: 0.9708  freq: 1.2065  spend: -0.0402  w_freq: 1.359  w_spend: 0.665
Epoch 118/120 — train_loss: 1.0498  val_loss: 0.9708  freq: 1.2065  spend: -0.0402  w_freq: 1.359  w_spend: 0.665
Epoch 119/120 — train_loss: 1.0517  val_loss: 0.9708  freq: 1.2065  spend: -0.0402  w_freq: 1.359  w_spend: 0.665
Epoch 120/120 — train_loss: 1.0517  val_loss: 0.9708  freq: 1.2065  spend: -0.0402  w_freq: 1.359  w_spend: 0.665

Checkpoint saved: /kaggle/working/results/checkpoints/extension3_transformer_full_dunnhumby_v8_seed2024_sample.pt
Validation-fitted softmax temperature: 0.7500

Duan's smearing factor (val): 1.4493
Validation aggregate calibration: freq_factor=1.0474, spend_factor=0.9937

Running autoregressive inference on holdout period ...
  inference mode: sample  n_scenarios: 30  temperature: 0.7500

=== Prediction Diagnostics ===
  Mean predicted freq/week:    1.0809
  Mean actual freq/week:       1.1882
  Over-prediction ratio:       0.910x
  Customers predicted as zero total:  0.140
  Customers actually zero total:      0.188
  Non-zero rate (pred, avg > 0.05):  0.917
  Non-zero rate (true):               0.542

Metrics saved: /kaggle/working/results/tables/extension3_transformer_full_dunnhumby_v8_seed2024_sample_metrics.json
Array artifacts saved: /kaggle/working/results/tables/extension3_transformer_full_dunnhumby_v8_seed2024_sample_arrays.npz

=== Holdout Evaluation ===
  metric_definition_version: valendin_aggregate_mape_v1
  freq_rmse: 3.5568
  freq_mae: 2.0880
  freq_normalized_gini: 0.8456
  freq_calibration_factor: 1.0474
  freq_horizon_abs_bias_pct: 4.7184
  bias_pct: -4.7184
  freq_weekly_mae: 140.0411
  freq_weekly_total_true: 11872.0000
  freq_weekly_total_pred: 11311.8356
  freq_valendin_mape: 4.7184
  freq_horizon_bias_pct: -4.7184
  freq_weekly_mean_pct_mape: 4.7070
  freq_weekly_mean_pct_bias_pct: -4.7070
  freq_weekly_bias_pct: -4.7184
  freq_weekly_mape: 4.7184
  freq_mape: 4.7184
  freq_mase: 0.9789
  freq_mase_scale: 0.8235
  smearing_factor: 1.4493
  spend_calibration_factor: 0.9937
  spend_mae_raw: 67.2999
  spend_rmse_raw: 107.7902
  spend_normalized_gini: 0.8226
  spend_mae_log: 1.0122
  spend_rmse_log: 1.4664
  spend_r2_log: 0.5115
  spend_bias_pct: 3.4274
  spend_weekly_mae: 4638.9655
  spend_weekly_total_true: 347125.7605
  spend_weekly_total_pred: 359023.2394
  spend_valendin_mape: 5.3456
  spend_horizon_abs_bias_pct: 3.4274
  spend_horizon_bias_pct: 3.4274
  spend_weekly_mean_pct_mape: 5.4177
  spend_weekly_mean_pct_bias_pct: 3.6182
  spend_weekly_bias_pct: 3.4274
  spend_weekly_mape: 5.3456
  spend_mase: 0.9984
  spend_mase_scale: 27.5152
  clv_mae: 67.1211
  clv_rmse: 107.5030
  clv_spearman: 0.7902
  clv_decile_lift: 3.3861
  clv_normalized_gini: 0.8226
  clv_total_true: 346205.2188
  clv_total_pred: 358056.8125
  calibration_temperature_source: rolling_origin_autoregressive
  validation_temperature: 0.7500
  smearing_source: rolling_origin_autoregressive
  calibration_source: rolling_origin_autoregressive
  validation_freq_true_total: 2215.0000
  validation_freq_pred_total: 1862.2581
  validation_spend_true_total: 63355.4414
  validation_spend_pred_total: 64997.9785
  validation_freq_calibration_factor: 1.0474
  validation_spend_calibration_factor: 0.9937
  validation_rolling_origin_count: 2
  protocol_name: dunnhumby_configured_80x4
  cohort_size: 2498
  calibration_weeks: 80
  holdout_weeks: 4
  inference_mode: sample
  n_scenarios: 30
  final_manifest_version: 2026-05-29-v7-v8-extension3-sweep
  final_manifest_run_name: extension3_transformer_full_dunnhumby_v8_seed2024_sample
  final_manifest_config: experiments/configs/extension3_transformer_full_dunnhumby_v8.yaml
  final_manifest_config_hash: 9356fd45c5f9
  final_manifest_actual_config_hash: 29c8f2c3e25d
  final_manifest_seed: 2024
  final_manifest_epochs: 120
  final_manifest_inference_mode: sample
  final_manifest_n_scenarios: 30
  run_valid: True
  run_invalid_reason: 
  run_warning: 
  epochs_completed: 120
  max_epochs_configured: 120
History saved: /kaggle/working/results/tables/extension3_transformer_full_dunnhumby_v8_seed2024_sample_history.json
