[Kaggle] raw_dir  → /kaggle/working/input/dunnhumby
[Kaggle] results  → /kaggle/working/results
Config: experiments/configs/extension3_lstm_full_dunnhumby_v8.yaml
Run: extension3_lstm_full_dunnhumby_v8_seed7_sample
Device: cuda
Loading dataset: dunnhumby ...
[pipeline] freq_cap=10 (auto q=0.99) → freq_bins=[0, 1, 2, 3]... (n_classes=11)
  Train customers: 2249, Val: 249, Inference: 2498
[dunnhumby] Customers with 0 calibration transactions: 0 / 2498
  top-bin decode: class_values[-1] = 13.099 (max_trans = 10)
Model: lstm — 107,817 parameters

Training for up to 120 epochs ...
/kaggle/working/thesis-code/src/training/trainer.py:135: FutureWarning: `torch.cuda.amp.GradScaler(args...)` is deprecated. Please use `torch.amp.GradScaler('cuda', args...)` instead.
  self.scaler = torch.cuda.amp.GradScaler(enabled=self.amp_enabled)
[Kendall] log_vars frozen for 5 warm-up epochs.
Epoch   1/120 — train_loss: 3.7545  val_loss: 3.8009  freq: 3.1552  spend: 0.0250  w_freq: 1.359  w_spend: 0.500
Epoch   2/120 — train_loss: 3.6995  val_loss: 3.7105  freq: 3.0888  spend: 0.0248  w_freq: 1.359  w_spend: 0.500
Epoch   3/120 — train_loss: 3.5776  val_loss: 3.5256  freq: 2.9530  spend: 0.0241  w_freq: 1.359  w_spend: 0.500
Epoch   4/120 — train_loss: 3.3021  val_loss: 3.0354  freq: 2.5933  spend: 0.0217  w_freq: 1.359  w_spend: 0.500
Epoch   5/120 — train_loss: 2.5085  val_loss: 1.7502  freq: 1.6496  spend: 0.0163  w_freq: 1.359  w_spend: 0.500
[Kendall] log_vars unfrozen at epoch 6.
[spend-norm] frozen at 0.2334 (absolute val-loss magnitude shifts accordingly; early stopping is relative so this is safe)
Epoch   6/120 — train_loss: 1.7132  val_loss: 1.5143  freq: 1.4609  spend: 0.0612  w_freq: 1.359  w_spend: 0.501
Epoch   7/120 — train_loss: 1.5648  val_loss: 1.4008  freq: 1.3742  spend: 0.0743  w_freq: 1.359  w_spend: 0.503
Epoch   8/120 — train_loss: 1.4498  val_loss: 1.3209  freq: 1.3269  spend: 0.0478  w_freq: 1.359  w_spend: 0.505
Epoch   9/120 — train_loss: 1.3950  val_loss: 1.2867  freq: 1.3069  spend: 0.0387  w_freq: 1.359  w_spend: 0.508
Epoch  10/120 — train_loss: 1.3578  val_loss: 1.2599  freq: 1.2911  spend: 0.0334  w_freq: 1.359  w_spend: 0.511
Epoch  11/120 — train_loss: 1.3309  val_loss: 1.2402  freq: 1.2798  spend: 0.0303  w_freq: 1.359  w_spend: 0.513
Epoch  12/120 — train_loss: 1.3159  val_loss: 1.2305  freq: 1.2738  spend: 0.0328  w_freq: 1.359  w_spend: 0.516
Epoch  13/120 — train_loss: 1.3023  val_loss: 1.2116  freq: 1.2634  spend: 0.0284  w_freq: 1.359  w_spend: 0.519
Epoch  14/120 — train_loss: 1.2925  val_loss: 1.2039  freq: 1.2600  spend: 0.0268  w_freq: 1.359  w_spend: 0.522
Epoch  15/120 — train_loss: 1.2866  val_loss: 1.1921  freq: 1.2530  spend: 0.0261  w_freq: 1.359  w_spend: 0.524
Epoch  16/120 — train_loss: 1.2712  val_loss: 1.1837  freq: 1.2490  spend: 0.0250  w_freq: 1.359  w_spend: 0.526
Epoch  17/120 — train_loss: 1.2585  val_loss: 1.1714  freq: 1.2432  spend: 0.0219  w_freq: 1.359  w_spend: 0.529
Epoch  18/120 — train_loss: 1.2469  val_loss: 1.1590  freq: 1.2380  spend: 0.0168  w_freq: 1.359  w_spend: 0.532
Epoch  19/120 — train_loss: 1.2339  val_loss: 1.1459  freq: 1.2341  spend: 0.0076  w_freq: 1.359  w_spend: 0.535
Epoch  20/120 — train_loss: 1.2212  val_loss: 1.1352  freq: 1.2312  spend: -0.0002  w_freq: 1.359  w_spend: 0.538
Epoch  21/120 — train_loss: 1.2095  val_loss: 1.1224  freq: 1.2265  spend: -0.0074  w_freq: 1.359  w_spend: 0.541
Epoch  22/120 — train_loss: 1.1983  val_loss: 1.1135  freq: 1.2236  spend: -0.0118  w_freq: 1.359  w_spend: 0.543
Epoch  23/120 — train_loss: 1.1908  val_loss: 1.1056  freq: 1.2209  spend: -0.0153  w_freq: 1.359  w_spend: 0.546
Epoch  24/120 — train_loss: 1.1869  val_loss: 1.0992  freq: 1.2191  spend: -0.0182  w_freq: 1.359  w_spend: 0.549
Epoch  25/120 — train_loss: 1.1802  val_loss: 1.0934  freq: 1.2173  spend: -0.0201  w_freq: 1.359  w_spend: 0.551
Epoch  26/120 — train_loss: 1.1728  val_loss: 1.0898  freq: 1.2170  spend: -0.0216  w_freq: 1.359  w_spend: 0.554
Epoch  27/120 — train_loss: 1.1700  val_loss: 1.0854  freq: 1.2154  spend: -0.0216  w_freq: 1.359  w_spend: 0.556
Epoch  28/120 — train_loss: 1.1636  val_loss: 1.0796  freq: 1.2132  spend: -0.0227  w_freq: 1.359  w_spend: 0.559
Epoch  29/120 — train_loss: 1.1623  val_loss: 1.0760  freq: 1.2121  spend: -0.0226  w_freq: 1.359  w_spend: 0.561
Epoch  30/120 — train_loss: 1.1563  val_loss: 1.0728  freq: 1.2115  spend: -0.0232  w_freq: 1.359  w_spend: 0.563
Epoch  31/120 — train_loss: 1.1545  val_loss: 1.0705  freq: 1.2117  spend: -0.0239  w_freq: 1.359  w_spend: 0.566
Epoch  32/120 — train_loss: 1.1534  val_loss: 1.0681  freq: 1.2116  spend: -0.0241  w_freq: 1.359  w_spend: 0.568
Epoch  33/120 — train_loss: 1.1454  val_loss: 1.0631  freq: 1.2099  spend: -0.0250  w_freq: 1.359  w_spend: 0.570
Epoch  34/120 — train_loss: 1.1461  val_loss: 1.0575  freq: 1.2078  spend: -0.0261  w_freq: 1.359  w_spend: 0.573
Epoch  35/120 — train_loss: 1.1411  val_loss: 1.0562  freq: 1.2080  spend: -0.0251  w_freq: 1.359  w_spend: 0.575
Epoch  36/120 — train_loss: 1.1371  val_loss: 1.0530  freq: 1.2073  spend: -0.0258  w_freq: 1.359  w_spend: 0.577
Epoch  37/120 — train_loss: 1.1370  val_loss: 1.0500  freq: 1.2062  spend: -0.0253  w_freq: 1.359  w_spend: 0.580
Epoch  38/120 — train_loss: 1.1333  val_loss: 1.0467  freq: 1.2057  spend: -0.0266  w_freq: 1.359  w_spend: 0.582
Epoch  39/120 — train_loss: 1.1290  val_loss: 1.0435  freq: 1.2051  spend: -0.0273  w_freq: 1.359  w_spend: 0.584
Epoch  40/120 — train_loss: 1.1274  val_loss: 1.0409  freq: 1.2047  spend: -0.0274  w_freq: 1.359  w_spend: 0.586
Epoch  41/120 — train_loss: 1.1265  val_loss: 1.0391  freq: 1.2041  spend: -0.0259  w_freq: 1.359  w_spend: 0.588
Epoch  42/120 — train_loss: 1.1288  val_loss: 1.0376  freq: 1.2052  spend: -0.0284  w_freq: 1.359  w_spend: 0.590
Epoch  43/120 — train_loss: 1.1201  val_loss: 1.0352  freq: 1.2046  spend: -0.0285  w_freq: 1.359  w_spend: 0.592
Epoch  44/120 — train_loss: 1.1193  val_loss: 1.0320  freq: 1.2031  spend: -0.0277  w_freq: 1.359  w_spend: 0.594
Epoch  45/120 — train_loss: 1.1140  val_loss: 1.0312  freq: 1.2035  spend: -0.0271  w_freq: 1.359  w_spend: 0.596
Epoch  46/120 — train_loss: 1.1136  val_loss: 1.0267  freq: 1.2024  spend: -0.0292  w_freq: 1.359  w_spend: 0.598
Epoch  47/120 — train_loss: 1.1129  val_loss: 1.0239  freq: 1.2017  spend: -0.0294  w_freq: 1.359  w_spend: 0.600
Epoch  48/120 — train_loss: 1.1094  val_loss: 1.0225  freq: 1.2019  spend: -0.0293  w_freq: 1.359  w_spend: 0.602
Epoch  49/120 — train_loss: 1.1106  val_loss: 1.0205  freq: 1.2016  spend: -0.0292  w_freq: 1.359  w_spend: 0.604
Epoch  50/120 — train_loss: 1.1074  val_loss: 1.0178  freq: 1.2010  spend: -0.0296  w_freq: 1.359  w_spend: 0.605
Epoch  51/120 — train_loss: 1.1028  val_loss: 1.0158  freq: 1.2008  spend: -0.0296  w_freq: 1.359  w_spend: 0.607
Epoch  52/120 — train_loss: 1.1039  val_loss: 1.0130  freq: 1.2001  spend: -0.0295  w_freq: 1.359  w_spend: 0.610
Epoch  53/120 — train_loss: 1.0997  val_loss: 1.0114  freq: 1.2002  spend: -0.0297  w_freq: 1.359  w_spend: 0.612
Epoch  54/120 — train_loss: 1.0986  val_loss: 1.0097  freq: 1.1999  spend: -0.0289  w_freq: 1.359  w_spend: 0.614
Epoch  55/120 — train_loss: 1.0978  val_loss: 1.0068  freq: 1.1995  spend: -0.0302  w_freq: 1.359  w_spend: 0.616
Epoch  56/120 — train_loss: 1.0952  val_loss: 1.0054  freq: 1.1995  spend: -0.0299  w_freq: 1.359  w_spend: 0.618
Epoch  57/120 — train_loss: 1.0920  val_loss: 1.0025  freq: 1.1988  spend: -0.0305  w_freq: 1.359  w_spend: 0.619
Epoch  58/120 — train_loss: 1.0920  val_loss: 1.0014  freq: 1.1991  spend: -0.0306  w_freq: 1.359  w_spend: 0.621
Epoch  59/120 — train_loss: 1.0925  val_loss: 0.9994  freq: 1.1985  spend: -0.0300  w_freq: 1.359  w_spend: 0.623
Epoch  60/120 — train_loss: 1.0880  val_loss: 0.9980  freq: 1.1987  spend: -0.0305  w_freq: 1.359  w_spend: 0.625
Epoch  61/120 — train_loss: 1.0864  val_loss: 0.9959  freq: 1.1982  spend: -0.0308  w_freq: 1.359  w_spend: 0.626
Epoch  62/120 — train_loss: 1.0861  val_loss: 0.9951  freq: 1.1984  spend: -0.0304  w_freq: 1.359  w_spend: 0.628
Epoch  63/120 — train_loss: 1.0887  val_loss: 0.9936  freq: 1.1981  spend: -0.0301  w_freq: 1.359  w_spend: 0.629
Epoch  64/120 — train_loss: 1.0850  val_loss: 0.9931  freq: 1.1988  spend: -0.0305  w_freq: 1.359  w_spend: 0.631
Epoch  65/120 — train_loss: 1.0820  val_loss: 0.9919  freq: 1.1988  spend: -0.0308  w_freq: 1.359  w_spend: 0.632
Epoch  66/120 — train_loss: 1.0844  val_loss: 0.9897  freq: 1.1981  spend: -0.0310  w_freq: 1.359  w_spend: 0.634
Epoch  67/120 — train_loss: 1.0821  val_loss: 0.9889  freq: 1.1984  spend: -0.0311  w_freq: 1.359  w_spend: 0.635
Epoch  68/120 — train_loss: 1.0781  val_loss: 0.9864  freq: 1.1973  spend: -0.0312  w_freq: 1.359  w_spend: 0.636
Epoch  69/120 — train_loss: 1.0776  val_loss: 0.9857  freq: 1.1975  spend: -0.0315  w_freq: 1.359  w_spend: 0.637
Epoch  70/120 — train_loss: 1.0792  val_loss: 0.9850  freq: 1.1976  spend: -0.0312  w_freq: 1.359  w_spend: 0.639
Epoch  71/120 — train_loss: 1.0746  val_loss: 0.9840  freq: 1.1972  spend: -0.0306  w_freq: 1.359  w_spend: 0.640
Epoch  72/120 — train_loss: 1.0768  val_loss: 0.9832  freq: 1.1972  spend: -0.0305  w_freq: 1.359  w_spend: 0.641
Epoch  73/120 — train_loss: 1.0759  val_loss: 0.9816  freq: 1.1970  spend: -0.0309  w_freq: 1.359  w_spend: 0.642
Epoch  74/120 — train_loss: 1.0759  val_loss: 0.9808  freq: 1.1970  spend: -0.0307  w_freq: 1.359  w_spend: 0.643
Epoch  75/120 — train_loss: 1.0729  val_loss: 0.9798  freq: 1.1968  spend: -0.0307  w_freq: 1.359  w_spend: 0.644
Epoch  76/120 — train_loss: 1.0761  val_loss: 0.9788  freq: 1.1969  spend: -0.0310  w_freq: 1.359  w_spend: 0.645
Epoch  77/120 — train_loss: 1.0749  val_loss: 0.9776  freq: 1.1967  spend: -0.0311  w_freq: 1.359  w_spend: 0.646
Epoch  78/120 — train_loss: 1.0725  val_loss: 0.9760  freq: 1.1965  spend: -0.0319  w_freq: 1.359  w_spend: 0.647
Epoch  79/120 — train_loss: 1.0711  val_loss: 0.9760  freq: 1.1966  spend: -0.0309  w_freq: 1.359  w_spend: 0.648
Epoch  80/120 — train_loss: 1.0728  val_loss: 0.9744  freq: 1.1963  spend: -0.0317  w_freq: 1.359  w_spend: 0.649
Epoch  81/120 — train_loss: 1.0711  val_loss: 0.9743  freq: 1.1968  spend: -0.0319  w_freq: 1.359  w_spend: 0.650
Epoch  82/120 — train_loss: 1.0731  val_loss: 0.9733  freq: 1.1967  spend: -0.0319  w_freq: 1.359  w_spend: 0.651
Epoch  83/120 — train_loss: 1.0706  val_loss: 0.9732  freq: 1.1967  spend: -0.0314  w_freq: 1.359  w_spend: 0.652
Epoch  84/120 — train_loss: 1.0709  val_loss: 0.9725  freq: 1.1964  spend: -0.0311  w_freq: 1.359  w_spend: 0.652
Epoch  85/120 — train_loss: 1.0711  val_loss: 0.9718  freq: 1.1964  spend: -0.0312  w_freq: 1.359  w_spend: 0.653
Epoch  86/120 — train_loss: 1.0718  val_loss: 0.9710  freq: 1.1962  spend: -0.0313  w_freq: 1.359  w_spend: 0.654
Epoch  87/120 — train_loss: 1.0710  val_loss: 0.9704  freq: 1.1962  spend: -0.0313  w_freq: 1.359  w_spend: 0.654
Epoch  88/120 — train_loss: 1.0693  val_loss: 0.9701  freq: 1.1962  spend: -0.0311  w_freq: 1.359  w_spend: 0.655
Epoch  89/120 — train_loss: 1.0709  val_loss: 0.9695  freq: 1.1962  spend: -0.0313  w_freq: 1.359  w_spend: 0.656
Epoch  90/120 — train_loss: 1.0694  val_loss: 0.9692  freq: 1.1961  spend: -0.0311  w_freq: 1.359  w_spend: 0.656
Epoch  91/120 — train_loss: 1.0667  val_loss: 0.9684  freq: 1.1960  spend: -0.0314  w_freq: 1.359  w_spend: 0.657
Epoch  92/120 — train_loss: 1.0715  val_loss: 0.9688  freq: 1.1965  spend: -0.0310  w_freq: 1.359  w_spend: 0.657
Epoch  93/120 — train_loss: 1.0703  val_loss: 0.9696  freq: 1.1970  spend: -0.0306  w_freq: 1.359  w_spend: 0.658
Epoch  94/120 — train_loss: 1.0716  val_loss: 0.9678  freq: 1.1962  spend: -0.0311  w_freq: 1.359  w_spend: 0.658
Epoch  95/120 — train_loss: 1.0704  val_loss: 0.9674  freq: 1.1960  spend: -0.0309  w_freq: 1.359  w_spend: 0.658
Epoch  96/120 — train_loss: 1.0722  val_loss: 0.9676  freq: 1.1963  spend: -0.0307  w_freq: 1.359  w_spend: 0.659
Epoch  97/120 — train_loss: 1.0704  val_loss: 0.9672  freq: 1.1962  spend: -0.0306  w_freq: 1.359  w_spend: 0.659
Epoch  98/120 — train_loss: 1.0724  val_loss: 0.9669  freq: 1.1961  spend: -0.0305  w_freq: 1.359  w_spend: 0.660
Epoch  99/120 — train_loss: 1.0729  val_loss: 0.9669  freq: 1.1963  spend: -0.0306  w_freq: 1.359  w_spend: 0.660
Epoch 100/120 — train_loss: 1.0731  val_loss: 0.9667  freq: 1.1963  spend: -0.0305  w_freq: 1.359  w_spend: 0.660
Epoch 101/120 — train_loss: 1.0700  val_loss: 0.9667  freq: 1.1963  spend: -0.0303  w_freq: 1.359  w_spend: 0.660
Epoch 102/120 — train_loss: 1.0723  val_loss: 0.9665  freq: 1.1964  spend: -0.0306  w_freq: 1.359  w_spend: 0.661
Epoch 103/120 — train_loss: 1.0716  val_loss: 0.9665  freq: 1.1963  spend: -0.0303  w_freq: 1.359  w_spend: 0.661
Epoch 104/120 — train_loss: 1.0716  val_loss: 0.9664  freq: 1.1964  spend: -0.0304  w_freq: 1.359  w_spend: 0.661
Epoch 105/120 — train_loss: 1.0746  val_loss: 0.9667  freq: 1.1964  spend: -0.0298  w_freq: 1.359  w_spend: 0.661
Epoch 106/120 — train_loss: 1.0746  val_loss: 0.9664  freq: 1.1964  spend: -0.0301  w_freq: 1.359  w_spend: 0.661
Epoch 107/120 — train_loss: 1.0757  val_loss: 0.9661  freq: 1.1963  spend: -0.0302  w_freq: 1.359  w_spend: 0.661
Epoch 108/120 — train_loss: 1.0724  val_loss: 0.9663  freq: 1.1964  spend: -0.0301  w_freq: 1.359  w_spend: 0.661
Epoch 109/120 — train_loss: 1.0743  val_loss: 0.9662  freq: 1.1964  spend: -0.0300  w_freq: 1.359  w_spend: 0.662
Epoch 110/120 — train_loss: 1.0749  val_loss: 0.9660  freq: 1.1963  spend: -0.0300  w_freq: 1.359  w_spend: 0.662
Epoch 111/120 — train_loss: 1.0728  val_loss: 0.9662  freq: 1.1964  spend: -0.0298  w_freq: 1.359  w_spend: 0.662
Epoch 112/120 — train_loss: 1.0750  val_loss: 0.9662  freq: 1.1964  spend: -0.0298  w_freq: 1.359  w_spend: 0.662
Epoch 113/120 — train_loss: 1.0768  val_loss: 0.9662  freq: 1.1964  spend: -0.0297  w_freq: 1.359  w_spend: 0.662
Epoch 114/120 — train_loss: 1.0782  val_loss: 0.9664  freq: 1.1965  spend: -0.0296  w_freq: 1.359  w_spend: 0.662
Epoch 115/120 — train_loss: 1.0770  val_loss: 0.9663  freq: 1.1965  spend: -0.0297  w_freq: 1.359  w_spend: 0.662
Epoch 116/120 — train_loss: 1.0803  val_loss: 0.9663  freq: 1.1965  spend: -0.0296  w_freq: 1.359  w_spend: 0.662
Epoch 117/120 — train_loss: 1.0777  val_loss: 0.9663  freq: 1.1965  spend: -0.0296  w_freq: 1.359  w_spend: 0.662
Epoch 118/120 — train_loss: 1.0794  val_loss: 0.9664  freq: 1.1965  spend: -0.0296  w_freq: 1.359  w_spend: 0.662
Epoch 119/120 — train_loss: 1.0832  val_loss: 0.9664  freq: 1.1965  spend: -0.0296  w_freq: 1.359  w_spend: 0.662
Epoch 120/120 — train_loss: 1.0819  val_loss: 0.9664  freq: 1.1965  spend: -0.0296  w_freq: 1.359  w_spend: 0.662

Checkpoint saved: /kaggle/working/results/checkpoints/extension3_lstm_full_dunnhumby_v8_seed7_sample.pt
Validation-fitted softmax temperature: 0.9000

Duan's smearing factor (val): 1.5060
Validation aggregate calibration: freq_factor=1.0613, spend_factor=0.9854

Running autoregressive inference on holdout period ...
  inference mode: sample  n_scenarios: 30  temperature: 0.9000

=== Prediction Diagnostics ===
  Mean predicted freq/week:    1.0738
  Mean actual freq/week:       1.1882
  Over-prediction ratio:       0.904x
  Customers predicted as zero total:  0.094
  Customers actually zero total:      0.188
  Non-zero rate (pred, avg > 0.05):  0.956
  Non-zero rate (true):               0.542

Metrics saved: /kaggle/working/results/tables/extension3_lstm_full_dunnhumby_v8_seed7_sample_metrics.json
Array artifacts saved: /kaggle/working/results/tables/extension3_lstm_full_dunnhumby_v8_seed7_sample_arrays.npz

=== Holdout Evaluation ===
  metric_definition_version: valendin_aggregate_mape_v1
  freq_rmse: 3.2236
  freq_mae: 1.9841
  freq_normalized_gini: 0.8556
  freq_calibration_factor: 1.0613
  freq_horizon_abs_bias_pct: 4.0803
  bias_pct: -4.0803
  freq_weekly_mae: 121.1047
  freq_weekly_total_true: 11872.0000
  freq_weekly_total_pred: 11387.5810
  freq_valendin_mape: 4.0803
  freq_horizon_bias_pct: -4.0803
  freq_weekly_mean_pct_mape: 4.0653
  freq_weekly_mean_pct_bias_pct: -4.0653
  freq_weekly_bias_pct: -4.0803
  freq_weekly_mape: 4.0803
  freq_mape: 4.0803
  freq_mase: 0.9653
  freq_mase_scale: 0.8235
  smearing_factor: 1.5060
  spend_calibration_factor: 0.9854
  spend_mae_raw: 66.8620
  spend_rmse_raw: 108.9271
  spend_normalized_gini: 0.8315
  spend_mae_log: 1.0511
  spend_rmse_log: 1.4977
  spend_r2_log: 0.4905
  spend_bias_pct: 3.7846
  spend_weekly_mae: 4227.9664
  spend_weekly_total_true: 347125.7605
  spend_weekly_total_pred: 360262.9710
  spend_valendin_mape: 4.8720
  spend_horizon_abs_bias_pct: 3.7846
  spend_horizon_bias_pct: 3.7846
  spend_weekly_mean_pct_mape: 4.9622
  spend_weekly_mean_pct_bias_pct: 3.9420
  spend_weekly_bias_pct: 3.7846
  spend_weekly_mape: 4.8720
  spend_mase: 0.9955
  spend_mase_scale: 27.5152
  clv_mae: 66.6835
  clv_rmse: 108.6332
  clv_spearman: 0.7946
  clv_decile_lift: 3.4264
  clv_normalized_gini: 0.8315
  clv_total_true: 346205.2188
  clv_total_pred: 359295.6562
  calibration_temperature_source: rolling_origin_autoregressive
  validation_temperature: 0.9000
  smearing_source: rolling_origin_autoregressive
  calibration_source: rolling_origin_autoregressive
  validation_freq_true_total: 2215.0000
  validation_freq_pred_total: 1778.5890
  validation_spend_true_total: 63355.4414
  validation_spend_pred_total: 67297.5273
  validation_freq_calibration_factor: 1.0613
  validation_spend_calibration_factor: 0.9854
  validation_rolling_origin_count: 2
  protocol_name: dunnhumby_configured_80x4
  cohort_size: 2498
  calibration_weeks: 80
  holdout_weeks: 4
  inference_mode: sample
  n_scenarios: 30
  final_manifest_version: 2026-05-29-v7-v8-extension3-sweep
  final_manifest_run_name: extension3_lstm_full_dunnhumby_v8_seed7_sample
  final_manifest_config: experiments/configs/extension3_lstm_full_dunnhumby_v8.yaml
  final_manifest_config_hash: 8f7066d2a961
  final_manifest_actual_config_hash: 8f4085f57b47
  final_manifest_seed: 7
  final_manifest_epochs: 120
  final_manifest_inference_mode: sample
  final_manifest_n_scenarios: 30
  run_valid: True
  run_invalid_reason: 
  run_warning: 
  epochs_completed: 120
  max_epochs_configured: 120
History saved: /kaggle/working/results/tables/extension3_lstm_full_dunnhumby_v8_seed7_sample_history.json
