[Kaggle] raw_dir  → /kaggle/working/input/dunnhumby
[Kaggle] results  → /kaggle/working/results
Config: experiments/configs/extension3_transformer_full_dunnhumby_v8.yaml
Run: extension3_transformer_full_dunnhumby_v8_seed42_sample
Device: cuda
Loading dataset: dunnhumby ...
[pipeline] freq_cap=10 (auto q=0.99) → freq_bins=[0, 1, 2, 3]... (n_classes=11)
  Train customers: 2249, Val: 249, Inference: 2498
[dunnhumby] Customers with 0 calibration transactions: 0 / 2498
  top-bin decode: class_values[-1] = 13.099 (max_trans = 10)
Model: transformer — 102,953 parameters

Training for up to 120 epochs ...
/kaggle/working/thesis-code/src/training/trainer.py:135: FutureWarning: `torch.cuda.amp.GradScaler(args...)` is deprecated. Please use `torch.amp.GradScaler('cuda', args...)` instead.
  self.scaler = torch.cuda.amp.GradScaler(enabled=self.amp_enabled)
[Kendall] log_vars frozen for 5 warm-up epochs.
Epoch   1/120 — train_loss: 4.3321  val_loss: 3.8655  freq: 3.2012  spend: 0.0292  w_freq: 1.359  w_spend: 0.500
Epoch   2/120 — train_loss: 3.5701  val_loss: 2.8162  freq: 2.4303  spend: 0.0260  w_freq: 1.359  w_spend: 0.500
Epoch   3/120 — train_loss: 2.5234  val_loss: 1.9447  freq: 1.7913  spend: 0.0201  w_freq: 1.359  w_spend: 0.500
Epoch   4/120 — train_loss: 1.9126  val_loss: 1.7000  freq: 1.6139  spend: 0.0129  w_freq: 1.359  w_spend: 0.500
Epoch   5/120 — train_loss: 1.7226  val_loss: 1.4896  freq: 1.4609  spend: 0.0083  w_freq: 1.359  w_spend: 0.500
[Kendall] log_vars unfrozen at epoch 6.
[spend-norm] frozen at 0.2257 (absolute val-loss magnitude shifts accordingly; early stopping is relative so this is safe)
Epoch   6/120 — train_loss: 1.5878  val_loss: 1.3810  freq: 1.3758  spend: 0.0263  w_freq: 1.359  w_spend: 0.501
Epoch   7/120 — train_loss: 1.4974  val_loss: 1.3159  freq: 1.3320  spend: 0.0194  w_freq: 1.359  w_spend: 0.503
Epoch   8/120 — train_loss: 1.4522  val_loss: 1.2899  freq: 1.3153  spend: 0.0172  w_freq: 1.359  w_spend: 0.505
Epoch   9/120 — train_loss: 1.4190  val_loss: 1.2708  freq: 1.3041  spend: 0.0142  w_freq: 1.359  w_spend: 0.508
Epoch  10/120 — train_loss: 1.3899  val_loss: 1.2464  freq: 1.2894  spend: 0.0101  w_freq: 1.359  w_spend: 0.510
Epoch  11/120 — train_loss: 1.3695  val_loss: 1.2261  freq: 1.2774  spend: 0.0067  w_freq: 1.359  w_spend: 0.512
Epoch  12/120 — train_loss: 1.3454  val_loss: 1.2104  freq: 1.2690  spend: 0.0030  w_freq: 1.359  w_spend: 0.515
Epoch  13/120 — train_loss: 1.3294  val_loss: 1.1961  freq: 1.2609  spend: 0.0008  w_freq: 1.359  w_spend: 0.517
Epoch  14/120 — train_loss: 1.3072  val_loss: 1.1827  freq: 1.2539  spend: -0.0020  w_freq: 1.359  w_spend: 0.520
Epoch  15/120 — train_loss: 1.2939  val_loss: 1.1701  freq: 1.2473  spend: -0.0040  w_freq: 1.359  w_spend: 0.522
Epoch  16/120 — train_loss: 1.2793  val_loss: 1.1555  freq: 1.2403  spend: -0.0084  w_freq: 1.359  w_spend: 0.525
Epoch  17/120 — train_loss: 1.2645  val_loss: 1.1432  freq: 1.2346  spend: -0.0117  w_freq: 1.359  w_spend: 0.528
Epoch  18/120 — train_loss: 1.2526  val_loss: 1.1332  freq: 1.2304  spend: -0.0152  w_freq: 1.359  w_spend: 0.531
Epoch  19/120 — train_loss: 1.2403  val_loss: 1.1268  freq: 1.2288  spend: -0.0184  w_freq: 1.359  w_spend: 0.533
Epoch  20/120 — train_loss: 1.2318  val_loss: 1.1211  freq: 1.2272  spend: -0.0201  w_freq: 1.359  w_spend: 0.536
Epoch  21/120 — train_loss: 1.2229  val_loss: 1.1134  freq: 1.2240  spend: -0.0215  w_freq: 1.359  w_spend: 0.539
Epoch  22/120 — train_loss: 1.2162  val_loss: 1.1086  freq: 1.2224  spend: -0.0220  w_freq: 1.359  w_spend: 0.541
Epoch  23/120 — train_loss: 1.2110  val_loss: 1.1027  freq: 1.2203  spend: -0.0233  w_freq: 1.359  w_spend: 0.544
Epoch  24/120 — train_loss: 1.2015  val_loss: 1.0992  freq: 1.2197  spend: -0.0239  w_freq: 1.359  w_spend: 0.546
Epoch  25/120 — train_loss: 1.1967  val_loss: 1.0909  freq: 1.2157  spend: -0.0249  w_freq: 1.359  w_spend: 0.549
Epoch  26/120 — train_loss: 1.1913  val_loss: 1.0860  freq: 1.2137  spend: -0.0247  w_freq: 1.359  w_spend: 0.551
Epoch  27/120 — train_loss: 1.1853  val_loss: 1.0822  freq: 1.2132  spend: -0.0260  w_freq: 1.359  w_spend: 0.554
Epoch  28/120 — train_loss: 1.1767  val_loss: 1.0770  freq: 1.2112  spend: -0.0259  w_freq: 1.359  w_spend: 0.556
Epoch  29/120 — train_loss: 1.1736  val_loss: 1.0777  freq: 1.2134  spend: -0.0258  w_freq: 1.359  w_spend: 0.559
Epoch  30/120 — train_loss: 1.1734  val_loss: 1.0698  freq: 1.2096  spend: -0.0268  w_freq: 1.359  w_spend: 0.561
Epoch  31/120 — train_loss: 1.1663  val_loss: 1.0673  freq: 1.2095  spend: -0.0276  w_freq: 1.359  w_spend: 0.564
Epoch  32/120 — train_loss: 1.1639  val_loss: 1.0630  freq: 1.2079  spend: -0.0277  w_freq: 1.359  w_spend: 0.566
Epoch  33/120 — train_loss: 1.1580  val_loss: 1.0602  freq: 1.2076  spend: -0.0279  w_freq: 1.359  w_spend: 0.568
Epoch  34/120 — train_loss: 1.1548  val_loss: 1.0566  freq: 1.2065  spend: -0.0278  w_freq: 1.359  w_spend: 0.571
Epoch  35/120 — train_loss: 1.1491  val_loss: 1.0540  freq: 1.2066  spend: -0.0287  w_freq: 1.359  w_spend: 0.573
Epoch  36/120 — train_loss: 1.1458  val_loss: 1.0513  freq: 1.2063  spend: -0.0290  w_freq: 1.359  w_spend: 0.576
Epoch  37/120 — train_loss: 1.1471  val_loss: 1.0471  freq: 1.2047  spend: -0.0290  w_freq: 1.359  w_spend: 0.578
Epoch  38/120 — train_loss: 1.1425  val_loss: 1.0451  freq: 1.2049  spend: -0.0295  w_freq: 1.359  w_spend: 0.580
Epoch  39/120 — train_loss: 1.1351  val_loss: 1.0420  freq: 1.2041  spend: -0.0293  w_freq: 1.359  w_spend: 0.582
Epoch  40/120 — train_loss: 1.1316  val_loss: 1.0413  freq: 1.2052  spend: -0.0295  w_freq: 1.359  w_spend: 0.585
Epoch  41/120 — train_loss: 1.1279  val_loss: 1.0375  freq: 1.2041  spend: -0.0298  w_freq: 1.359  w_spend: 0.587
Epoch  42/120 — train_loss: 1.1239  val_loss: 1.0327  freq: 1.2020  spend: -0.0299  w_freq: 1.359  w_spend: 0.589
Epoch  43/120 — train_loss: 1.1231  val_loss: 1.0310  freq: 1.2023  spend: -0.0301  w_freq: 1.359  w_spend: 0.592
Epoch  44/120 — train_loss: 1.1219  val_loss: 1.0295  freq: 1.2027  spend: -0.0302  w_freq: 1.359  w_spend: 0.594
Epoch  45/120 — train_loss: 1.1152  val_loss: 1.0266  freq: 1.2020  spend: -0.0304  w_freq: 1.359  w_spend: 0.596
Epoch  46/120 — train_loss: 1.1155  val_loss: 1.0238  freq: 1.2016  spend: -0.0310  w_freq: 1.359  w_spend: 0.598
Epoch  47/120 — train_loss: 1.1121  val_loss: 1.0209  freq: 1.2010  spend: -0.0312  w_freq: 1.359  w_spend: 0.601
Epoch  48/120 — train_loss: 1.1073  val_loss: 1.0199  freq: 1.2017  spend: -0.0314  w_freq: 1.359  w_spend: 0.603
Epoch  49/120 — train_loss: 1.1089  val_loss: 1.0166  freq: 1.2006  spend: -0.0313  w_freq: 1.359  w_spend: 0.605
Epoch  50/120 — train_loss: 1.1055  val_loss: 1.0134  freq: 1.1997  spend: -0.0316  w_freq: 1.359  w_spend: 0.607
Epoch  51/120 — train_loss: 1.1029  val_loss: 1.0145  freq: 1.2016  spend: -0.0312  w_freq: 1.359  w_spend: 0.609
Epoch  52/120 — train_loss: 1.1022  val_loss: 1.0107  freq: 1.2006  spend: -0.0323  w_freq: 1.359  w_spend: 0.611
Epoch  53/120 — train_loss: 1.0981  val_loss: 1.0072  freq: 1.1991  spend: -0.0321  w_freq: 1.359  w_spend: 0.613
Epoch  54/120 — train_loss: 1.0949  val_loss: 1.0047  freq: 1.1987  spend: -0.0324  w_freq: 1.359  w_spend: 0.615
Epoch  55/120 — train_loss: 1.0934  val_loss: 1.0031  freq: 1.1985  spend: -0.0319  w_freq: 1.359  w_spend: 0.617
Epoch  56/120 — train_loss: 1.0889  val_loss: 1.0008  freq: 1.1981  spend: -0.0323  w_freq: 1.359  w_spend: 0.619
Epoch  57/120 — train_loss: 1.0905  val_loss: 1.0001  freq: 1.1988  spend: -0.0324  w_freq: 1.359  w_spend: 0.621
Epoch  58/120 — train_loss: 1.0872  val_loss: 0.9985  freq: 1.1989  spend: -0.0329  w_freq: 1.359  w_spend: 0.623
Epoch  59/120 — train_loss: 1.0852  val_loss: 0.9958  freq: 1.1979  spend: -0.0326  w_freq: 1.359  w_spend: 0.624
Epoch  60/120 — train_loss: 1.0835  val_loss: 0.9953  freq: 1.1988  spend: -0.0330  w_freq: 1.359  w_spend: 0.626
Epoch  61/120 — train_loss: 1.0819  val_loss: 0.9944  freq: 1.1990  spend: -0.0328  w_freq: 1.359  w_spend: 0.628
Epoch  62/120 — train_loss: 1.0792  val_loss: 0.9918  freq: 1.1984  spend: -0.0334  w_freq: 1.359  w_spend: 0.630
Epoch  63/120 — train_loss: 1.0778  val_loss: 0.9895  freq: 1.1974  spend: -0.0329  w_freq: 1.359  w_spend: 0.631
Epoch  64/120 — train_loss: 1.0777  val_loss: 0.9888  freq: 1.1978  spend: -0.0330  w_freq: 1.359  w_spend: 0.633
Epoch  65/120 — train_loss: 1.0765  val_loss: 0.9872  freq: 1.1977  spend: -0.0331  w_freq: 1.359  w_spend: 0.634
Epoch  66/120 — train_loss: 1.0730  val_loss: 0.9853  freq: 1.1971  spend: -0.0330  w_freq: 1.359  w_spend: 0.636
Epoch  67/120 — train_loss: 1.0724  val_loss: 0.9847  freq: 1.1975  spend: -0.0331  w_freq: 1.359  w_spend: 0.637
Epoch  68/120 — train_loss: 1.0701  val_loss: 0.9827  freq: 1.1970  spend: -0.0332  w_freq: 1.359  w_spend: 0.639
Epoch  69/120 — train_loss: 1.0691  val_loss: 0.9816  freq: 1.1970  spend: -0.0334  w_freq: 1.359  w_spend: 0.640
Epoch  70/120 — train_loss: 1.0674  val_loss: 0.9809  freq: 1.1971  spend: -0.0329  w_freq: 1.359  w_spend: 0.641
Epoch  71/120 — train_loss: 1.0660  val_loss: 0.9790  freq: 1.1967  spend: -0.0336  w_freq: 1.359  w_spend: 0.643
Epoch  72/120 — train_loss: 1.0659  val_loss: 0.9779  freq: 1.1966  spend: -0.0333  w_freq: 1.359  w_spend: 0.644
Epoch  73/120 — train_loss: 1.0630  val_loss: 0.9782  freq: 1.1975  spend: -0.0334  w_freq: 1.359  w_spend: 0.645
Epoch  74/120 — train_loss: 1.0621  val_loss: 0.9764  freq: 1.1968  spend: -0.0333  w_freq: 1.359  w_spend: 0.646
Epoch  75/120 — train_loss: 1.0607  val_loss: 0.9758  freq: 1.1972  spend: -0.0336  w_freq: 1.359  w_spend: 0.647
Epoch  76/120 — train_loss: 1.0621  val_loss: 0.9750  freq: 1.1972  spend: -0.0336  w_freq: 1.359  w_spend: 0.648
Epoch  77/120 — train_loss: 1.0603  val_loss: 0.9731  freq: 1.1963  spend: -0.0333  w_freq: 1.359  w_spend: 0.649
Epoch  78/120 — train_loss: 1.0572  val_loss: 0.9735  freq: 1.1972  spend: -0.0334  w_freq: 1.359  w_spend: 0.650
Epoch  79/120 — train_loss: 1.0586  val_loss: 0.9725  freq: 1.1971  spend: -0.0335  w_freq: 1.359  w_spend: 0.651
Epoch  80/120 — train_loss: 1.0564  val_loss: 0.9714  freq: 1.1970  spend: -0.0340  w_freq: 1.359  w_spend: 0.652
Epoch  81/120 — train_loss: 1.0560  val_loss: 0.9706  freq: 1.1967  spend: -0.0335  w_freq: 1.359  w_spend: 0.653
Epoch  82/120 — train_loss: 1.0564  val_loss: 0.9700  freq: 1.1969  spend: -0.0339  w_freq: 1.359  w_spend: 0.654
Epoch  83/120 — train_loss: 1.0537  val_loss: 0.9692  freq: 1.1967  spend: -0.0336  w_freq: 1.359  w_spend: 0.655
Epoch  84/120 — train_loss: 1.0554  val_loss: 0.9684  freq: 1.1967  spend: -0.0338  w_freq: 1.359  w_spend: 0.656
Epoch  85/120 — train_loss: 1.0554  val_loss: 0.9678  freq: 1.1966  spend: -0.0337  w_freq: 1.359  w_spend: 0.656
Epoch  86/120 — train_loss: 1.0550  val_loss: 0.9675  freq: 1.1968  spend: -0.0337  w_freq: 1.359  w_spend: 0.657
Epoch  87/120 — train_loss: 1.0530  val_loss: 0.9667  freq: 1.1966  spend: -0.0338  w_freq: 1.359  w_spend: 0.658
Epoch  88/120 — train_loss: 1.0537  val_loss: 0.9667  freq: 1.1968  spend: -0.0334  w_freq: 1.359  w_spend: 0.658
Epoch  89/120 — train_loss: 1.0514  val_loss: 0.9660  freq: 1.1969  spend: -0.0340  w_freq: 1.359  w_spend: 0.659
Epoch  90/120 — train_loss: 1.0511  val_loss: 0.9652  freq: 1.1964  spend: -0.0336  w_freq: 1.359  w_spend: 0.660
Epoch  91/120 — train_loss: 1.0499  val_loss: 0.9651  freq: 1.1968  spend: -0.0338  w_freq: 1.359  w_spend: 0.660
Epoch  92/120 — train_loss: 1.0497  val_loss: 0.9643  freq: 1.1963  spend: -0.0336  w_freq: 1.359  w_spend: 0.661
Epoch  93/120 — train_loss: 1.0489  val_loss: 0.9644  freq: 1.1968  spend: -0.0339  w_freq: 1.359  w_spend: 0.661
Epoch  94/120 — train_loss: 1.0510  val_loss: 0.9636  freq: 1.1963  spend: -0.0335  w_freq: 1.359  w_spend: 0.662
Epoch  95/120 — train_loss: 1.0501  val_loss: 0.9635  freq: 1.1965  spend: -0.0337  w_freq: 1.359  w_spend: 0.662
Epoch  96/120 — train_loss: 1.0483  val_loss: 0.9632  freq: 1.1965  spend: -0.0337  w_freq: 1.359  w_spend: 0.662
Epoch  97/120 — train_loss: 1.0473  val_loss: 0.9625  freq: 1.1962  spend: -0.0338  w_freq: 1.359  w_spend: 0.663
Epoch  98/120 — train_loss: 1.0504  val_loss: 0.9628  freq: 1.1965  spend: -0.0336  w_freq: 1.359  w_spend: 0.663
Epoch  99/120 — train_loss: 1.0511  val_loss: 0.9624  freq: 1.1964  spend: -0.0337  w_freq: 1.359  w_spend: 0.663
Epoch 100/120 — train_loss: 1.0507  val_loss: 0.9623  freq: 1.1965  spend: -0.0336  w_freq: 1.359  w_spend: 0.664
Epoch 101/120 — train_loss: 1.0483  val_loss: 0.9625  freq: 1.1967  spend: -0.0335  w_freq: 1.359  w_spend: 0.664
Epoch 102/120 — train_loss: 1.0495  val_loss: 0.9617  freq: 1.1963  spend: -0.0336  w_freq: 1.359  w_spend: 0.664
Epoch 103/120 — train_loss: 1.0512  val_loss: 0.9619  freq: 1.1966  spend: -0.0336  w_freq: 1.359  w_spend: 0.664
Epoch 104/120 — train_loss: 1.0495  val_loss: 0.9621  freq: 1.1968  spend: -0.0335  w_freq: 1.359  w_spend: 0.664
Epoch 105/120 — train_loss: 1.0495  val_loss: 0.9616  freq: 1.1965  spend: -0.0335  w_freq: 1.359  w_spend: 0.665
Epoch 106/120 — train_loss: 1.0487  val_loss: 0.9618  freq: 1.1968  spend: -0.0336  w_freq: 1.359  w_spend: 0.665
Epoch 107/120 — train_loss: 1.0502  val_loss: 0.9619  freq: 1.1969  spend: -0.0336  w_freq: 1.359  w_spend: 0.665
Epoch 108/120 — train_loss: 1.0470  val_loss: 0.9615  freq: 1.1966  spend: -0.0336  w_freq: 1.359  w_spend: 0.665
Epoch 109/120 — train_loss: 1.0492  val_loss: 0.9613  freq: 1.1966  spend: -0.0336  w_freq: 1.359  w_spend: 0.665
Epoch 110/120 — train_loss: 1.0481  val_loss: 0.9615  freq: 1.1967  spend: -0.0335  w_freq: 1.359  w_spend: 0.665
Epoch 111/120 — train_loss: 1.0482  val_loss: 0.9618  freq: 1.1969  spend: -0.0334  w_freq: 1.359  w_spend: 0.665
Epoch 112/120 — train_loss: 1.0495  val_loss: 0.9617  freq: 1.1968  spend: -0.0334  w_freq: 1.359  w_spend: 0.665
Epoch 113/120 — train_loss: 1.0484  val_loss: 0.9617  freq: 1.1969  spend: -0.0334  w_freq: 1.359  w_spend: 0.665
Epoch 114/120 — train_loss: 1.0515  val_loss: 0.9616  freq: 1.1968  spend: -0.0334  w_freq: 1.359  w_spend: 0.665
Epoch 115/120 — train_loss: 1.0478  val_loss: 0.9616  freq: 1.1968  spend: -0.0334  w_freq: 1.359  w_spend: 0.665
Epoch 116/120 — train_loss: 1.0459  val_loss: 0.9616  freq: 1.1968  spend: -0.0334  w_freq: 1.359  w_spend: 0.665
Epoch 117/120 — train_loss: 1.0488  val_loss: 0.9616  freq: 1.1968  spend: -0.0334  w_freq: 1.359  w_spend: 0.665
Epoch 118/120 — train_loss: 1.0482  val_loss: 0.9616  freq: 1.1968  spend: -0.0334  w_freq: 1.359  w_spend: 0.665
Epoch 119/120 — train_loss: 1.0494  val_loss: 0.9616  freq: 1.1968  spend: -0.0334  w_freq: 1.359  w_spend: 0.665
Epoch 120/120 — train_loss: 1.0508  val_loss: 0.9616  freq: 1.1968  spend: -0.0334  w_freq: 1.359  w_spend: 0.665

Checkpoint saved: /kaggle/working/results/checkpoints/extension3_transformer_full_dunnhumby_v8_seed42_sample.pt
Validation-fitted softmax temperature: 0.7500

Duan's smearing factor (val): 1.4797
Validation aggregate calibration: freq_factor=1.0471, spend_factor=0.9961

Running autoregressive inference on holdout period ...
  inference mode: sample  n_scenarios: 30  temperature: 0.7500

=== Prediction Diagnostics ===
  Mean predicted freq/week:    1.0343
  Mean actual freq/week:       1.1882
  Over-prediction ratio:       0.870x
  Customers predicted as zero total:  0.157
  Customers actually zero total:      0.188
  Non-zero rate (pred, avg > 0.05):  0.902
  Non-zero rate (true):               0.542

Metrics saved: /kaggle/working/results/tables/extension3_transformer_full_dunnhumby_v8_seed42_sample_metrics.json
Array artifacts saved: /kaggle/working/results/tables/extension3_transformer_full_dunnhumby_v8_seed42_sample_arrays.npz

=== Holdout Evaluation ===
  metric_definition_version: valendin_aggregate_mape_v1
  freq_rmse: 3.3932
  freq_mae: 2.0355
  freq_normalized_gini: 0.8470
  freq_calibration_factor: 1.0471
  freq_horizon_abs_bias_pct: 8.8556
  bias_pct: -8.8556
  freq_weekly_mae: 262.8353
  freq_weekly_total_true: 11872.0000
  freq_weekly_total_pred: 10820.6586
  freq_valendin_mape: 8.8556
  freq_horizon_bias_pct: -8.8556
  freq_weekly_mean_pct_mape: 8.8444
  freq_weekly_mean_pct_bias_pct: -8.8444
  freq_weekly_bias_pct: -8.8556
  freq_weekly_mape: 8.8556
  freq_mape: 8.8556
  freq_mase: 0.9608
  freq_mase_scale: 0.8235
  smearing_factor: 1.4797
  spend_calibration_factor: 0.9961
  spend_mae_raw: 68.4385
  spend_rmse_raw: 111.0787
  spend_normalized_gini: 0.8240
  spend_mae_log: 0.9876
  spend_rmse_log: 1.4233
  spend_r2_log: 0.5399
  spend_bias_pct: 2.4341
  spend_weekly_mae: 5426.8496
  spend_weekly_total_true: 347125.7605
  spend_weekly_total_pred: 355575.1245
  spend_valendin_mape: 6.2535
  spend_horizon_abs_bias_pct: 2.4341
  spend_horizon_bias_pct: 2.4341
  spend_weekly_mean_pct_mape: 6.2284
  spend_weekly_mean_pct_bias_pct: 2.6453
  spend_weekly_bias_pct: 2.4341
  spend_weekly_mape: 6.2535
  spend_mase: 0.9968
  spend_mase_scale: 27.5152
  clv_mae: 68.2513
  clv_rmse: 110.7743
  clv_spearman: 0.7924
  clv_decile_lift: 3.3851
  clv_normalized_gini: 0.8240
  clv_total_true: 346205.2188
  clv_total_pred: 354598.8125
  calibration_temperature_source: rolling_origin_autoregressive
  validation_temperature: 0.7500
  smearing_source: rolling_origin_autoregressive
  calibration_source: rolling_origin_autoregressive
  validation_freq_true_total: 2215.0000
  validation_freq_pred_total: 1864.1534
  validation_spend_true_total: 63355.4414
  validation_spend_pred_total: 64365.2227
  validation_freq_calibration_factor: 1.0471
  validation_spend_calibration_factor: 0.9961
  validation_rolling_origin_count: 2
  protocol_name: dunnhumby_configured_80x4
  cohort_size: 2498
  calibration_weeks: 80
  holdout_weeks: 4
  inference_mode: sample
  n_scenarios: 30
  final_manifest_version: 2026-05-29-v7-v8-extension3-sweep
  final_manifest_run_name: extension3_transformer_full_dunnhumby_v8_seed42_sample
  final_manifest_config: experiments/configs/extension3_transformer_full_dunnhumby_v8.yaml
  final_manifest_config_hash: 9356fd45c5f9
  final_manifest_actual_config_hash: f42e5338556e
  final_manifest_seed: 42
  final_manifest_epochs: 120
  final_manifest_inference_mode: sample
  final_manifest_n_scenarios: 30
  run_valid: True
  run_invalid_reason: 
  run_warning: 
  epochs_completed: 120
  max_epochs_configured: 120
History saved: /kaggle/working/results/tables/extension3_transformer_full_dunnhumby_v8_seed42_sample_history.json
