[Kaggle] raw_dir  → /kaggle/working/input/dunnhumby
[Kaggle] results  → /kaggle/working/results
Config: experiments/configs/extension3_lstm_none_dunnhumby_v8.yaml
Run: extension3_lstm_none_dunnhumby_v8_seed7_sample
Device: cuda
Loading dataset: dunnhumby ...
[pipeline] freq_cap=10 (auto q=0.99) → freq_bins=[0, 1, 2, 3]... (n_classes=11)
  Train customers: 2249, Val: 249, Inference: 2498
[dunnhumby] Customers with 0 calibration transactions: 0 / 2498
  top-bin decode: class_values[-1] = 13.099 (max_trans = 10)
Model: lstm — 99,577 parameters

Training for up to 120 epochs ...
/kaggle/working/thesis-code/src/training/trainer.py:135: FutureWarning: `torch.cuda.amp.GradScaler(args...)` is deprecated. Please use `torch.amp.GradScaler('cuda', args...)` instead.
  self.scaler = torch.cuda.amp.GradScaler(enabled=self.amp_enabled)
[Kendall] log_vars frozen for 5 warm-up epochs.
Epoch   1/120 — train_loss: 3.7526  val_loss: 3.7948  freq: 3.1508  spend: 0.0250  w_freq: 1.359  w_spend: 0.500
Epoch   2/120 — train_loss: 3.6922  val_loss: 3.6980  freq: 3.0796  spend: 0.0247  w_freq: 1.359  w_spend: 0.500
Epoch   3/120 — train_loss: 3.5650  val_loss: 3.5065  freq: 2.9389  spend: 0.0242  w_freq: 1.359  w_spend: 0.500
Epoch   4/120 — train_loss: 3.2939  val_loss: 3.0468  freq: 2.6013  spend: 0.0225  w_freq: 1.359  w_spend: 0.500
Epoch   5/120 — train_loss: 2.5363  val_loss: 1.6967  freq: 1.6105  spend: 0.0157  w_freq: 1.359  w_spend: 0.500
[Kendall] log_vars unfrozen at epoch 6.
[spend-norm] frozen at 0.2362 (absolute val-loss magnitude shifts accordingly; early stopping is relative so this is safe)
Epoch   6/120 — train_loss: 1.6575  val_loss: 1.4168  freq: 1.3916  spend: 0.0546  w_freq: 1.359  w_spend: 0.501
Epoch   7/120 — train_loss: 1.4881  val_loss: 1.3472  freq: 1.3432  spend: 0.0511  w_freq: 1.359  w_spend: 0.503
Epoch   8/120 — train_loss: 1.4128  val_loss: 1.3121  freq: 1.3211  spend: 0.0460  w_freq: 1.359  w_spend: 0.505
Epoch   9/120 — train_loss: 1.3734  val_loss: 1.2772  freq: 1.2992  spend: 0.0409  w_freq: 1.359  w_spend: 0.508
Epoch  10/120 — train_loss: 1.3502  val_loss: 1.2558  freq: 1.2873  spend: 0.0358  w_freq: 1.359  w_spend: 0.511
Epoch  11/120 — train_loss: 1.3293  val_loss: 1.2373  freq: 1.2768  spend: 0.0327  w_freq: 1.359  w_spend: 0.514
Epoch  12/120 — train_loss: 1.3113  val_loss: 1.2225  freq: 1.2684  spend: 0.0313  w_freq: 1.359  w_spend: 0.516
Epoch  13/120 — train_loss: 1.2954  val_loss: 1.2092  freq: 1.2607  spend: 0.0309  w_freq: 1.359  w_spend: 0.519
Epoch  14/120 — train_loss: 1.2827  val_loss: 1.1960  freq: 1.2539  spend: 0.0283  w_freq: 1.359  w_spend: 0.522
Epoch  15/120 — train_loss: 1.2684  val_loss: 1.1827  freq: 1.2477  spend: 0.0242  w_freq: 1.359  w_spend: 0.525
Epoch  16/120 — train_loss: 1.2528  val_loss: 1.1674  freq: 1.2403  spend: 0.0190  w_freq: 1.359  w_spend: 0.528
Epoch  17/120 — train_loss: 1.2430  val_loss: 1.1600  freq: 1.2399  spend: 0.0107  w_freq: 1.359  w_spend: 0.530
Epoch  18/120 — train_loss: 1.2329  val_loss: 1.1446  freq: 1.2326  spend: 0.0048  w_freq: 1.359  w_spend: 0.533
Epoch  19/120 — train_loss: 1.2205  val_loss: 1.1330  freq: 1.2283  spend: -0.0018  w_freq: 1.359  w_spend: 0.535
Epoch  20/120 — train_loss: 1.2135  val_loss: 1.1377  freq: 1.2351  spend: -0.0064  w_freq: 1.359  w_spend: 0.538
Epoch  21/120 — train_loss: 1.2094  val_loss: 1.1229  freq: 1.2279  spend: -0.0120  w_freq: 1.359  w_spend: 0.540
Epoch  22/120 — train_loss: 1.1989  val_loss: 1.1127  freq: 1.2225  spend: -0.0137  w_freq: 1.359  w_spend: 0.542
Epoch  23/120 — train_loss: 1.1914  val_loss: 1.1088  freq: 1.2220  spend: -0.0157  w_freq: 1.359  w_spend: 0.544
Epoch  24/120 — train_loss: 1.1847  val_loss: 1.1038  freq: 1.2208  spend: -0.0177  w_freq: 1.359  w_spend: 0.547
Epoch  25/120 — train_loss: 1.1835  val_loss: 1.0976  freq: 1.2189  spend: -0.0202  w_freq: 1.359  w_spend: 0.549
Epoch  26/120 — train_loss: 1.1774  val_loss: 1.0923  freq: 1.2168  spend: -0.0205  w_freq: 1.359  w_spend: 0.551
Epoch  27/120 — train_loss: 1.1707  val_loss: 1.0888  freq: 1.2164  spend: -0.0217  w_freq: 1.359  w_spend: 0.554
Epoch  28/120 — train_loss: 1.1689  val_loss: 1.0855  freq: 1.2157  spend: -0.0222  w_freq: 1.359  w_spend: 0.556
Epoch  29/120 — train_loss: 1.1669  val_loss: 1.0808  freq: 1.2138  spend: -0.0222  w_freq: 1.359  w_spend: 0.559
Epoch  30/120 — train_loss: 1.1580  val_loss: 1.0772  freq: 1.2133  spend: -0.0238  w_freq: 1.359  w_spend: 0.561
Epoch  31/120 — train_loss: 1.1569  val_loss: 1.0723  freq: 1.2115  spend: -0.0245  w_freq: 1.359  w_spend: 0.563
Epoch  32/120 — train_loss: 1.1562  val_loss: 1.0702  freq: 1.2116  spend: -0.0248  w_freq: 1.359  w_spend: 0.565
Epoch  33/120 — train_loss: 1.1526  val_loss: 1.0671  freq: 1.2107  spend: -0.0251  w_freq: 1.359  w_spend: 0.567
Epoch  34/120 — train_loss: 1.1495  val_loss: 1.0638  freq: 1.2099  spend: -0.0258  w_freq: 1.359  w_spend: 0.569
Epoch  35/120 — train_loss: 1.1444  val_loss: 1.0608  freq: 1.2092  spend: -0.0259  w_freq: 1.359  w_spend: 0.571
Epoch  36/120 — train_loss: 1.1419  val_loss: 1.0572  freq: 1.2079  spend: -0.0255  w_freq: 1.359  w_spend: 0.574
Epoch  37/120 — train_loss: 1.1401  val_loss: 1.0559  freq: 1.2083  spend: -0.0253  w_freq: 1.359  w_spend: 0.576
Epoch  38/120 — train_loss: 1.1388  val_loss: 1.0534  freq: 1.2081  spend: -0.0257  w_freq: 1.359  w_spend: 0.578
Epoch  39/120 — train_loss: 1.1376  val_loss: 1.0504  freq: 1.2066  spend: -0.0243  w_freq: 1.359  w_spend: 0.580
Epoch  40/120 — train_loss: 1.1329  val_loss: 1.0498  freq: 1.2086  spend: -0.0270  w_freq: 1.359  w_spend: 0.582
Epoch  41/120 — train_loss: 1.1290  val_loss: 1.0445  freq: 1.2062  spend: -0.0273  w_freq: 1.359  w_spend: 0.584
Epoch  42/120 — train_loss: 1.1266  val_loss: 1.0426  freq: 1.2062  spend: -0.0272  w_freq: 1.359  w_spend: 0.586
Epoch  43/120 — train_loss: 1.1265  val_loss: 1.0383  freq: 1.2048  spend: -0.0281  w_freq: 1.359  w_spend: 0.589
Epoch  44/120 — train_loss: 1.1207  val_loss: 1.0363  freq: 1.2047  spend: -0.0281  w_freq: 1.359  w_spend: 0.591
Epoch  45/120 — train_loss: 1.1203  val_loss: 1.0339  freq: 1.2043  spend: -0.0280  w_freq: 1.359  w_spend: 0.593
Epoch  46/120 — train_loss: 1.1182  val_loss: 1.0312  freq: 1.2039  spend: -0.0285  w_freq: 1.359  w_spend: 0.595
Epoch  47/120 — train_loss: 1.1171  val_loss: 1.0293  freq: 1.2038  spend: -0.0283  w_freq: 1.359  w_spend: 0.597
Epoch  48/120 — train_loss: 1.1169  val_loss: 1.0290  freq: 1.2051  spend: -0.0286  w_freq: 1.359  w_spend: 0.599
Epoch  49/120 — train_loss: 1.1155  val_loss: 1.0252  freq: 1.2029  spend: -0.0275  w_freq: 1.359  w_spend: 0.601
Epoch  50/120 — train_loss: 1.1130  val_loss: 1.0227  freq: 1.2028  spend: -0.0288  w_freq: 1.359  w_spend: 0.603
Epoch  51/120 — train_loss: 1.1080  val_loss: 1.0206  freq: 1.2021  spend: -0.0281  w_freq: 1.359  w_spend: 0.605
Epoch  52/120 — train_loss: 1.1064  val_loss: 1.0192  freq: 1.2027  spend: -0.0290  w_freq: 1.359  w_spend: 0.607
Epoch  53/120 — train_loss: 1.1057  val_loss: 1.0167  freq: 1.2020  spend: -0.0289  w_freq: 1.359  w_spend: 0.609
Epoch  54/120 — train_loss: 1.1040  val_loss: 1.0142  freq: 1.2014  spend: -0.0293  w_freq: 1.359  w_spend: 0.611
Epoch  55/120 — train_loss: 1.1023  val_loss: 1.0125  freq: 1.2013  spend: -0.0295  w_freq: 1.359  w_spend: 0.612
Epoch  56/120 — train_loss: 1.1023  val_loss: 1.0147  freq: 1.2039  spend: -0.0292  w_freq: 1.359  w_spend: 0.614
Epoch  57/120 — train_loss: 1.1027  val_loss: 1.0097  freq: 1.2009  spend: -0.0288  w_freq: 1.359  w_spend: 0.616
Epoch  58/120 — train_loss: 1.1026  val_loss: 1.0079  freq: 1.2009  spend: -0.0297  w_freq: 1.359  w_spend: 0.617
Epoch  59/120 — train_loss: 1.1006  val_loss: 1.0121  freq: 1.2046  spend: -0.0292  w_freq: 1.359  w_spend: 0.619
Epoch  60/120 — train_loss: 1.1009  val_loss: 1.0094  freq: 1.2034  spend: -0.0292  w_freq: 1.359  w_spend: 0.620
Epoch  61/120 — train_loss: 1.0947  val_loss: 1.0073  freq: 1.2024  spend: -0.0286  w_freq: 1.359  w_spend: 0.621
Epoch  62/120 — train_loss: 1.0981  val_loss: 1.0035  freq: 1.2009  spend: -0.0295  w_freq: 1.359  w_spend: 0.623
Epoch  63/120 — train_loss: 1.0936  val_loss: 1.0019  freq: 1.2007  spend: -0.0297  w_freq: 1.359  w_spend: 0.624
Epoch  64/120 — train_loss: 1.0928  val_loss: 1.0006  freq: 1.2004  spend: -0.0293  w_freq: 1.359  w_spend: 0.625
Epoch  65/120 — train_loss: 1.0920  val_loss: 0.9999  freq: 1.2005  spend: -0.0289  w_freq: 1.359  w_spend: 0.627
Epoch  66/120 — train_loss: 1.0927  val_loss: 0.9981  freq: 1.2003  spend: -0.0295  w_freq: 1.359  w_spend: 0.628
Epoch  67/120 — train_loss: 1.0899  val_loss: 0.9960  freq: 1.1997  spend: -0.0297  w_freq: 1.359  w_spend: 0.630
Epoch  68/120 — train_loss: 1.0893  val_loss: 0.9950  freq: 1.1999  spend: -0.0299  w_freq: 1.359  w_spend: 0.631
Epoch  69/120 — train_loss: 1.0891  val_loss: 0.9940  freq: 1.1999  spend: -0.0298  w_freq: 1.359  w_spend: 0.632
Epoch  70/120 — train_loss: 1.0840  val_loss: 0.9939  freq: 1.2005  spend: -0.0295  w_freq: 1.359  w_spend: 0.634
Epoch  71/120 — train_loss: 1.0859  val_loss: 0.9924  freq: 1.2002  spend: -0.0299  w_freq: 1.359  w_spend: 0.635
Epoch  72/120 — train_loss: 1.0860  val_loss: 0.9914  freq: 1.2001  spend: -0.0298  w_freq: 1.359  w_spend: 0.636
Epoch  73/120 — train_loss: 1.0848  val_loss: 0.9907  freq: 1.2003  spend: -0.0297  w_freq: 1.359  w_spend: 0.637
Epoch  74/120 — train_loss: 1.0882  val_loss: 0.9924  freq: 1.2017  spend: -0.0288  w_freq: 1.359  w_spend: 0.638
Epoch  75/120 — train_loss: 1.0865  val_loss: 0.9910  freq: 1.2011  spend: -0.0286  w_freq: 1.359  w_spend: 0.639
Epoch  76/120 — train_loss: 1.0818  val_loss: 0.9878  freq: 1.1995  spend: -0.0290  w_freq: 1.359  w_spend: 0.640
Epoch  77/120 — train_loss: 1.0810  val_loss: 0.9866  freq: 1.1994  spend: -0.0294  w_freq: 1.359  w_spend: 0.641
Epoch  78/120 — train_loss: 1.0835  val_loss: 0.9850  freq: 1.1991  spend: -0.0300  w_freq: 1.359  w_spend: 0.642
Epoch  79/120 — train_loss: 1.0849  val_loss: 0.9846  freq: 1.1992  spend: -0.0298  w_freq: 1.359  w_spend: 0.643
Epoch  80/120 — train_loss: 1.0825  val_loss: 0.9843  freq: 1.1995  spend: -0.0297  w_freq: 1.359  w_spend: 0.644
Epoch  81/120 — train_loss: 1.0804  val_loss: 0.9841  freq: 1.1994  spend: -0.0290  w_freq: 1.359  w_spend: 0.645
Epoch  82/120 — train_loss: 1.0821  val_loss: 0.9829  freq: 1.1994  spend: -0.0297  w_freq: 1.359  w_spend: 0.645
Epoch  83/120 — train_loss: 1.0824  val_loss: 0.9832  freq: 1.1996  spend: -0.0286  w_freq: 1.359  w_spend: 0.646
Epoch  84/120 — train_loss: 1.0803  val_loss: 0.9819  freq: 1.1994  spend: -0.0293  w_freq: 1.359  w_spend: 0.647
Epoch  85/120 — train_loss: 1.0833  val_loss: 0.9821  freq: 1.1996  spend: -0.0286  w_freq: 1.359  w_spend: 0.648
Epoch  86/120 — train_loss: 1.0814  val_loss: 0.9809  freq: 1.1993  spend: -0.0290  w_freq: 1.359  w_spend: 0.648
Epoch  87/120 — train_loss: 1.0824  val_loss: 0.9803  freq: 1.1994  spend: -0.0293  w_freq: 1.359  w_spend: 0.649
Epoch  88/120 — train_loss: 1.0796  val_loss: 0.9812  freq: 1.1999  spend: -0.0285  w_freq: 1.359  w_spend: 0.650
Epoch  89/120 — train_loss: 1.0813  val_loss: 0.9799  freq: 1.1995  spend: -0.0289  w_freq: 1.359  w_spend: 0.650
Epoch  90/120 — train_loss: 1.0812  val_loss: 0.9792  freq: 1.1992  spend: -0.0286  w_freq: 1.359  w_spend: 0.651
Epoch  91/120 — train_loss: 1.0804  val_loss: 0.9786  freq: 1.1993  spend: -0.0292  w_freq: 1.359  w_spend: 0.651
Epoch  92/120 — train_loss: 1.0814  val_loss: 0.9781  freq: 1.1991  spend: -0.0290  w_freq: 1.359  w_spend: 0.652
Epoch  93/120 — train_loss: 1.0809  val_loss: 0.9780  freq: 1.1994  spend: -0.0292  w_freq: 1.359  w_spend: 0.652
Epoch  94/120 — train_loss: 1.0800  val_loss: 0.9783  freq: 1.1996  spend: -0.0287  w_freq: 1.359  w_spend: 0.653
Epoch  95/120 — train_loss: 1.0808  val_loss: 0.9773  freq: 1.1991  spend: -0.0286  w_freq: 1.359  w_spend: 0.653
Epoch  96/120 — train_loss: 1.0810  val_loss: 0.9781  freq: 1.1997  spend: -0.0284  w_freq: 1.359  w_spend: 0.653
Epoch  97/120 — train_loss: 1.0796  val_loss: 0.9768  freq: 1.1992  spend: -0.0289  w_freq: 1.359  w_spend: 0.654
Epoch  98/120 — train_loss: 1.0787  val_loss: 0.9773  freq: 1.1998  spend: -0.0289  w_freq: 1.359  w_spend: 0.654
Epoch  99/120 — train_loss: 1.0842  val_loss: 0.9762  freq: 1.1991  spend: -0.0287  w_freq: 1.359  w_spend: 0.654
Epoch 100/120 — train_loss: 1.0799  val_loss: 0.9760  freq: 1.1992  spend: -0.0291  w_freq: 1.359  w_spend: 0.655
Epoch 101/120 — train_loss: 1.0811  val_loss: 0.9765  freq: 1.1994  spend: -0.0283  w_freq: 1.359  w_spend: 0.655
Epoch 102/120 — train_loss: 1.0820  val_loss: 0.9766  freq: 1.1997  spend: -0.0286  w_freq: 1.359  w_spend: 0.655
Epoch 103/120 — train_loss: 1.0817  val_loss: 0.9761  freq: 1.1994  spend: -0.0286  w_freq: 1.359  w_spend: 0.655
Epoch 104/120 — train_loss: 1.0801  val_loss: 0.9765  freq: 1.1997  spend: -0.0283  w_freq: 1.359  w_spend: 0.656
Epoch 105/120 — train_loss: 1.0846  val_loss: 0.9756  freq: 1.1994  spend: -0.0289  w_freq: 1.359  w_spend: 0.656
Epoch 106/120 — train_loss: 1.0840  val_loss: 0.9764  freq: 1.1997  spend: -0.0282  w_freq: 1.359  w_spend: 0.656
Epoch 107/120 — train_loss: 1.0834  val_loss: 0.9756  freq: 1.1994  spend: -0.0286  w_freq: 1.359  w_spend: 0.656
Epoch 108/120 — train_loss: 1.0858  val_loss: 0.9762  freq: 1.1997  spend: -0.0282  w_freq: 1.359  w_spend: 0.656
Epoch 109/120 — train_loss: 1.0868  val_loss: 0.9759  freq: 1.1996  spend: -0.0284  w_freq: 1.359  w_spend: 0.656
Epoch 110/120 — train_loss: 1.0843  val_loss: 0.9759  freq: 1.1996  spend: -0.0283  w_freq: 1.359  w_spend: 0.656
Epoch 111/120 — train_loss: 1.0870  val_loss: 0.9761  freq: 1.1997  spend: -0.0280  w_freq: 1.359  w_spend: 0.656
Epoch 112/120 — train_loss: 1.0897  val_loss: 0.9764  freq: 1.1998  spend: -0.0279  w_freq: 1.359  w_spend: 0.656
Epoch 113/120 — train_loss: 1.0884  val_loss: 0.9764  freq: 1.1999  spend: -0.0281  w_freq: 1.359  w_spend: 0.656
Epoch 114/120 — train_loss: 1.0919  val_loss: 0.9762  freq: 1.1998  spend: -0.0281  w_freq: 1.359  w_spend: 0.656
Epoch 115/120 — train_loss: 1.0876  val_loss: 0.9762  freq: 1.1998  spend: -0.0280  w_freq: 1.359  w_spend: 0.656
Epoch 116/120 — train_loss: 1.0889  val_loss: 0.9762  freq: 1.1998  spend: -0.0280  w_freq: 1.359  w_spend: 0.656
Epoch 117/120 — train_loss: 1.0897  val_loss: 0.9762  freq: 1.1998  spend: -0.0279  w_freq: 1.359  w_spend: 0.656
Epoch 118/120 — train_loss: 1.0899  val_loss: 0.9762  freq: 1.1998  spend: -0.0279  w_freq: 1.359  w_spend: 0.656
Epoch 119/120 — train_loss: 1.0917  val_loss: 0.9763  freq: 1.1998  spend: -0.0279  w_freq: 1.359  w_spend: 0.656
Epoch 120/120 — train_loss: 1.0943  val_loss: 0.9763  freq: 1.1998  spend: -0.0279  w_freq: 1.359  w_spend: 0.656

Checkpoint saved: /kaggle/working/results/checkpoints/extension3_lstm_none_dunnhumby_v8_seed7_sample.pt
Validation-fitted softmax temperature: 0.9000

Duan's smearing factor (val): 1.4501
Validation aggregate calibration: freq_factor=1.0558, spend_factor=0.9855

Running autoregressive inference on holdout period ...
  inference mode: sample  n_scenarios: 30  temperature: 0.9000

=== Prediction Diagnostics ===
  Mean predicted freq/week:    1.1081
  Mean actual freq/week:       1.1882
  Over-prediction ratio:       0.933x
  Customers predicted as zero total:  0.088
  Customers actually zero total:      0.188
  Non-zero rate (pred, avg > 0.05):  0.959
  Non-zero rate (true):               0.542

Metrics saved: /kaggle/working/results/tables/extension3_lstm_none_dunnhumby_v8_seed7_sample_metrics.json
Array artifacts saved: /kaggle/working/results/tables/extension3_lstm_none_dunnhumby_v8_seed7_sample_arrays.npz

=== Holdout Evaluation ===
  metric_definition_version: valendin_aggregate_mape_v1
  freq_rmse: 3.2190
  freq_mae: 1.9935
  freq_normalized_gini: 0.8525
  freq_calibration_factor: 1.0558
  freq_horizon_abs_bias_pct: 1.5303
  bias_pct: -1.5303
  freq_weekly_mae: 66.8849
  freq_weekly_total_true: 11872.0000
  freq_weekly_total_pred: 11690.3264
  freq_valendin_mape: 2.2535
  freq_horizon_bias_pct: -1.5303
  freq_weekly_mean_pct_mape: 2.2490
  freq_weekly_mean_pct_bias_pct: -1.5105
  freq_weekly_bias_pct: -1.5303
  freq_weekly_mape: 2.2535
  freq_mape: 2.2535
  freq_mase: 0.9718
  freq_mase_scale: 0.8235
  smearing_factor: 1.4501
  spend_calibration_factor: 0.9855
  spend_mae_raw: 67.3387
  spend_rmse_raw: 107.8628
  spend_normalized_gini: 0.8267
  spend_mae_log: 1.0709
  spend_rmse_log: 1.5328
  spend_r2_log: 0.4663
  spend_bias_pct: 3.2766
  spend_weekly_mae: 3860.0740
  spend_weekly_total_true: 347125.7605
  spend_weekly_total_pred: 358499.8062
  spend_valendin_mape: 4.4480
  spend_horizon_abs_bias_pct: 3.2766
  spend_horizon_bias_pct: 3.2766
  spend_weekly_mean_pct_mape: 4.5389
  spend_weekly_mean_pct_bias_pct: 3.4399
  spend_weekly_bias_pct: 3.2766
  spend_weekly_mape: 4.4480
  spend_mase: 0.9969
  spend_mase_scale: 27.5152
  clv_mae: 67.1576
  clv_rmse: 107.5710
  clv_spearman: 0.7878
  clv_decile_lift: 3.3984
  clv_normalized_gini: 0.8267
  clv_total_true: 346205.2188
  clv_total_pred: 357542.1562
  calibration_temperature_source: rolling_origin_autoregressive
  validation_temperature: 0.9000
  smearing_source: rolling_origin_autoregressive
  calibration_source: rolling_origin_autoregressive
  validation_freq_true_total: 2215.0000
  validation_freq_pred_total: 1810.7540
  validation_spend_true_total: 63355.4414
  validation_spend_pred_total: 67252.6875
  validation_freq_calibration_factor: 1.0558
  validation_spend_calibration_factor: 0.9855
  validation_rolling_origin_count: 2
  protocol_name: dunnhumby_configured_80x4
  cohort_size: 2498
  calibration_weeks: 80
  holdout_weeks: 4
  inference_mode: sample
  n_scenarios: 30
  final_manifest_version: 2026-05-29-v7-v8-extension3-sweep
  final_manifest_run_name: extension3_lstm_none_dunnhumby_v8_seed7_sample
  final_manifest_config: experiments/configs/extension3_lstm_none_dunnhumby_v8.yaml
  final_manifest_config_hash: aa7b249b8a17
  final_manifest_actual_config_hash: 960cdf783168
  final_manifest_seed: 7
  final_manifest_epochs: 120
  final_manifest_inference_mode: sample
  final_manifest_n_scenarios: 30
  run_valid: True
  run_invalid_reason: 
  run_warning: 
  epochs_completed: 120
  max_epochs_configured: 120
History saved: /kaggle/working/results/tables/extension3_lstm_none_dunnhumby_v8_seed7_sample_history.json
