[Kaggle] raw_dir  → /kaggle/working/input/dunnhumby
[Kaggle] results  → /kaggle/working/results
Config: experiments/configs/extension3_lstm_full_dunnhumby_v8.yaml
Run: extension3_lstm_full_dunnhumby_v8_seed42_sample
Device: cuda
Loading dataset: dunnhumby ...
[pipeline] freq_cap=10 (auto q=0.99) → freq_bins=[0, 1, 2, 3]... (n_classes=11)
  Train customers: 2249, Val: 249, Inference: 2498
[dunnhumby] Customers with 0 calibration transactions: 0 / 2498
  top-bin decode: class_values[-1] = 13.099 (max_trans = 10)
Model: lstm — 107,817 parameters

Training for up to 120 epochs ...
/kaggle/working/thesis-code/src/training/trainer.py:135: FutureWarning: `torch.cuda.amp.GradScaler(args...)` is deprecated. Please use `torch.amp.GradScaler('cuda', args...)` instead.
  self.scaler = torch.cuda.amp.GradScaler(enabled=self.amp_enabled)
[Kendall] log_vars frozen for 5 warm-up epochs.
Epoch   1/120 — train_loss: 3.7928  val_loss: 3.8326  freq: 3.1785  spend: 0.0252  w_freq: 1.359  w_spend: 0.500
Epoch   2/120 — train_loss: 3.7315  val_loss: 3.7310  freq: 3.1039  spend: 0.0249  w_freq: 1.359  w_spend: 0.500
Epoch   3/120 — train_loss: 3.5874  val_loss: 3.5032  freq: 2.9365  spend: 0.0243  w_freq: 1.359  w_spend: 0.500
Epoch   4/120 — train_loss: 3.2358  val_loss: 2.8640  freq: 2.4670  spend: 0.0219  w_freq: 1.359  w_spend: 0.500
Epoch   5/120 — train_loss: 2.2841  val_loss: 1.6606  freq: 1.5838  spend: 0.0160  w_freq: 1.359  w_spend: 0.500
[Kendall] log_vars unfrozen at epoch 6.
[spend-norm] frozen at 0.2354 (absolute val-loss magnitude shifts accordingly; early stopping is relative so this is safe)
Epoch   6/120 — train_loss: 1.8003  val_loss: 1.6004  freq: 1.5207  spend: 0.0707  w_freq: 1.359  w_spend: 0.501
Epoch   7/120 — train_loss: 1.6789  val_loss: 1.5460  freq: 1.4847  spend: 0.0640  w_freq: 1.359  w_spend: 0.503
Epoch   8/120 — train_loss: 1.5739  val_loss: 1.4260  freq: 1.3995  spend: 0.0605  w_freq: 1.359  w_spend: 0.505
Epoch   9/120 — train_loss: 1.4654  val_loss: 1.3404  freq: 1.3428  spend: 0.0489  w_freq: 1.359  w_spend: 0.508
Epoch  10/120 — train_loss: 1.4029  val_loss: 1.2899  freq: 1.3112  spend: 0.0386  w_freq: 1.359  w_spend: 0.511
Epoch  11/120 — train_loss: 1.3725  val_loss: 1.2682  freq: 1.2989  spend: 0.0330  w_freq: 1.359  w_spend: 0.513
Epoch  12/120 — train_loss: 1.3427  val_loss: 1.2433  freq: 1.2825  spend: 0.0320  w_freq: 1.359  w_spend: 0.515
Epoch  13/120 — train_loss: 1.3165  val_loss: 1.2197  freq: 1.2681  spend: 0.0288  w_freq: 1.359  w_spend: 0.518
Epoch  14/120 — train_loss: 1.3013  val_loss: 1.2054  freq: 1.2596  spend: 0.0285  w_freq: 1.359  w_spend: 0.520
Epoch  15/120 — train_loss: 1.2869  val_loss: 1.1966  freq: 1.2551  spend: 0.0282  w_freq: 1.359  w_spend: 0.523
Epoch  16/120 — train_loss: 1.2768  val_loss: 1.1845  freq: 1.2485  spend: 0.0274  w_freq: 1.359  w_spend: 0.526
Epoch  17/120 — train_loss: 1.2680  val_loss: 1.1753  freq: 1.2446  spend: 0.0252  w_freq: 1.359  w_spend: 0.529
Epoch  18/120 — train_loss: 1.2601  val_loss: 1.1668  freq: 1.2407  spend: 0.0240  w_freq: 1.359  w_spend: 0.532
Epoch  19/120 — train_loss: 1.2466  val_loss: 1.1540  freq: 1.2349  spend: 0.0198  w_freq: 1.359  w_spend: 0.535
Epoch  20/120 — train_loss: 1.2433  val_loss: 1.1518  freq: 1.2373  spend: 0.0142  w_freq: 1.359  w_spend: 0.538
Epoch  21/120 — train_loss: 1.2302  val_loss: 1.1372  freq: 1.2303  spend: 0.0092  w_freq: 1.359  w_spend: 0.540
Epoch  22/120 — train_loss: 1.2208  val_loss: 1.1317  freq: 1.2306  spend: 0.0023  w_freq: 1.359  w_spend: 0.543
Epoch  23/120 — train_loss: 1.2121  val_loss: 1.1204  freq: 1.2260  spend: -0.0029  w_freq: 1.359  w_spend: 0.545
Epoch  24/120 — train_loss: 1.2020  val_loss: 1.1126  freq: 1.2236  spend: -0.0069  w_freq: 1.359  w_spend: 0.547
Epoch  25/120 — train_loss: 1.1969  val_loss: 1.1074  freq: 1.2226  spend: -0.0100  w_freq: 1.359  w_spend: 0.550
Epoch  26/120 — train_loss: 1.1932  val_loss: 1.1027  freq: 1.2204  spend: -0.0094  w_freq: 1.359  w_spend: 0.552
Epoch  27/120 — train_loss: 1.1867  val_loss: 1.0965  freq: 1.2191  spend: -0.0140  w_freq: 1.359  w_spend: 0.554
Epoch  28/120 — train_loss: 1.1814  val_loss: 1.0944  freq: 1.2187  spend: -0.0134  w_freq: 1.359  w_spend: 0.556
Epoch  29/120 — train_loss: 1.1782  val_loss: 1.0898  freq: 1.2175  spend: -0.0156  w_freq: 1.359  w_spend: 0.558
Epoch  30/120 — train_loss: 1.1764  val_loss: 1.0834  freq: 1.2145  spend: -0.0166  w_freq: 1.359  w_spend: 0.560
Epoch  31/120 — train_loss: 1.1674  val_loss: 1.0786  freq: 1.2128  spend: -0.0178  w_freq: 1.359  w_spend: 0.562
Epoch  32/120 — train_loss: 1.1646  val_loss: 1.0759  freq: 1.2128  spend: -0.0190  w_freq: 1.359  w_spend: 0.564
Epoch  33/120 — train_loss: 1.1618  val_loss: 1.0723  freq: 1.2113  spend: -0.0181  w_freq: 1.359  w_spend: 0.567
Epoch  34/120 — train_loss: 1.1564  val_loss: 1.0690  freq: 1.2114  spend: -0.0208  w_freq: 1.359  w_spend: 0.569
Epoch  35/120 — train_loss: 1.1536  val_loss: 1.0620  freq: 1.2081  spend: -0.0216  w_freq: 1.359  w_spend: 0.571
Epoch  36/120 — train_loss: 1.1490  val_loss: 1.0591  freq: 1.2075  spend: -0.0219  w_freq: 1.359  w_spend: 0.573
Epoch  37/120 — train_loss: 1.1459  val_loss: 1.0552  freq: 1.2067  spend: -0.0231  w_freq: 1.359  w_spend: 0.576
Epoch  38/120 — train_loss: 1.1414  val_loss: 1.0513  freq: 1.2050  spend: -0.0222  w_freq: 1.359  w_spend: 0.578
Epoch  39/120 — train_loss: 1.1390  val_loss: 1.0490  freq: 1.2057  spend: -0.0243  w_freq: 1.359  w_spend: 0.580
Epoch  40/120 — train_loss: 1.1337  val_loss: 1.0463  freq: 1.2049  spend: -0.0235  w_freq: 1.359  w_spend: 0.583
Epoch  41/120 — train_loss: 1.1343  val_loss: 1.0418  freq: 1.2035  spend: -0.0246  w_freq: 1.359  w_spend: 0.585
Epoch  42/120 — train_loss: 1.1315  val_loss: 1.0408  freq: 1.2040  spend: -0.0244  w_freq: 1.359  w_spend: 0.587
Epoch  43/120 — train_loss: 1.1288  val_loss: 1.0382  freq: 1.2029  spend: -0.0232  w_freq: 1.359  w_spend: 0.589
Epoch  44/120 — train_loss: 1.1275  val_loss: 1.0368  freq: 1.2041  spend: -0.0256  w_freq: 1.359  w_spend: 0.591
Epoch  45/120 — train_loss: 1.1263  val_loss: 1.0341  freq: 1.2029  spend: -0.0247  w_freq: 1.359  w_spend: 0.593
Epoch  46/120 — train_loss: 1.1210  val_loss: 1.0298  freq: 1.2013  spend: -0.0253  w_freq: 1.359  w_spend: 0.595
Epoch  47/120 — train_loss: 1.1206  val_loss: 1.0287  freq: 1.2015  spend: -0.0249  w_freq: 1.359  w_spend: 0.597
Epoch  48/120 — train_loss: 1.1194  val_loss: 1.0252  freq: 1.2005  spend: -0.0256  w_freq: 1.359  w_spend: 0.599
Epoch  49/120 — train_loss: 1.1166  val_loss: 1.0235  freq: 1.2008  spend: -0.0261  w_freq: 1.359  w_spend: 0.601
Epoch  50/120 — train_loss: 1.1151  val_loss: 1.0215  freq: 1.2008  spend: -0.0267  w_freq: 1.359  w_spend: 0.603
Epoch  51/120 — train_loss: 1.1097  val_loss: 1.0206  freq: 1.2007  spend: -0.0252  w_freq: 1.359  w_spend: 0.605
Epoch  52/120 — train_loss: 1.1092  val_loss: 1.0172  freq: 1.2001  spend: -0.0269  w_freq: 1.359  w_spend: 0.607
Epoch  53/120 — train_loss: 1.1072  val_loss: 1.0145  freq: 1.1991  spend: -0.0265  w_freq: 1.359  w_spend: 0.608
Epoch  54/120 — train_loss: 1.1082  val_loss: 1.0137  freq: 1.1992  spend: -0.0258  w_freq: 1.359  w_spend: 0.610
Epoch  55/120 — train_loss: 1.1002  val_loss: 1.0115  freq: 1.1989  spend: -0.0264  w_freq: 1.359  w_spend: 0.612
Epoch  56/120 — train_loss: 1.1035  val_loss: 1.0103  freq: 1.1986  spend: -0.0253  w_freq: 1.359  w_spend: 0.614
Epoch  57/120 — train_loss: 1.1028  val_loss: 1.0097  freq: 1.1989  spend: -0.0247  w_freq: 1.359  w_spend: 0.615
Epoch  58/120 — train_loss: 1.1020  val_loss: 1.0066  freq: 1.1985  spend: -0.0270  w_freq: 1.359  w_spend: 0.617
Epoch  59/120 — train_loss: 1.0970  val_loss: 1.0060  freq: 1.1991  spend: -0.0271  w_freq: 1.359  w_spend: 0.618
Epoch  60/120 — train_loss: 1.0981  val_loss: 1.0048  freq: 1.1986  spend: -0.0259  w_freq: 1.359  w_spend: 0.620
Epoch  61/120 — train_loss: 1.0974  val_loss: 1.0031  freq: 1.1986  spend: -0.0269  w_freq: 1.359  w_spend: 0.621
Epoch  62/120 — train_loss: 1.0953  val_loss: 1.0020  freq: 1.1987  spend: -0.0267  w_freq: 1.359  w_spend: 0.623
Epoch  63/120 — train_loss: 1.0938  val_loss: 0.9994  freq: 1.1980  spend: -0.0275  w_freq: 1.359  w_spend: 0.624
Epoch  64/120 — train_loss: 1.0957  val_loss: 1.0029  freq: 1.2013  spend: -0.0272  w_freq: 1.359  w_spend: 0.626
Epoch  65/120 — train_loss: 1.0938  val_loss: 0.9971  freq: 1.1979  spend: -0.0275  w_freq: 1.359  w_spend: 0.627
Epoch  66/120 — train_loss: 1.0901  val_loss: 0.9965  freq: 1.1980  spend: -0.0271  w_freq: 1.359  w_spend: 0.628
Epoch  67/120 — train_loss: 1.0918  val_loss: 0.9950  freq: 1.1978  spend: -0.0273  w_freq: 1.359  w_spend: 0.630
Epoch  68/120 — train_loss: 1.0898  val_loss: 0.9932  freq: 1.1973  spend: -0.0274  w_freq: 1.359  w_spend: 0.631
Epoch  69/120 — train_loss: 1.0888  val_loss: 0.9928  freq: 1.1978  spend: -0.0273  w_freq: 1.359  w_spend: 0.632
Epoch  70/120 — train_loss: 1.0895  val_loss: 0.9910  freq: 1.1971  spend: -0.0271  w_freq: 1.359  w_spend: 0.633
Epoch  71/120 — train_loss: 1.0872  val_loss: 0.9901  freq: 1.1977  spend: -0.0284  w_freq: 1.359  w_spend: 0.635
Epoch  72/120 — train_loss: 1.0838  val_loss: 0.9883  freq: 1.1970  spend: -0.0283  w_freq: 1.359  w_spend: 0.636
Epoch  73/120 — train_loss: 1.0856  val_loss: 0.9901  freq: 1.1991  spend: -0.0283  w_freq: 1.359  w_spend: 0.637
Epoch  74/120 — train_loss: 1.0850  val_loss: 0.9865  freq: 1.1970  spend: -0.0283  w_freq: 1.359  w_spend: 0.638
Epoch  75/120 — train_loss: 1.0865  val_loss: 0.9860  freq: 1.1972  spend: -0.0281  w_freq: 1.359  w_spend: 0.639
Epoch  76/120 — train_loss: 1.0852  val_loss: 0.9847  freq: 1.1968  spend: -0.0282  w_freq: 1.359  w_spend: 0.640
Epoch  77/120 — train_loss: 1.0841  val_loss: 0.9841  freq: 1.1969  spend: -0.0282  w_freq: 1.359  w_spend: 0.641
Epoch  78/120 — train_loss: 1.0800  val_loss: 0.9831  freq: 1.1965  spend: -0.0278  w_freq: 1.359  w_spend: 0.642
Epoch  79/120 — train_loss: 1.0845  val_loss: 0.9823  freq: 1.1966  spend: -0.0283  w_freq: 1.359  w_spend: 0.643
Epoch  80/120 — train_loss: 1.0821  val_loss: 0.9815  freq: 1.1966  spend: -0.0284  w_freq: 1.359  w_spend: 0.644
Epoch  81/120 — train_loss: 1.0799  val_loss: 0.9812  freq: 1.1965  spend: -0.0276  w_freq: 1.359  w_spend: 0.644
Epoch  82/120 — train_loss: 1.0808  val_loss: 0.9815  freq: 1.1968  spend: -0.0268  w_freq: 1.359  w_spend: 0.645
Epoch  83/120 — train_loss: 1.0804  val_loss: 0.9804  freq: 1.1966  spend: -0.0271  w_freq: 1.359  w_spend: 0.646
Epoch  84/120 — train_loss: 1.0798  val_loss: 0.9789  freq: 1.1966  spend: -0.0286  w_freq: 1.359  w_spend: 0.647
Epoch  85/120 — train_loss: 1.0816  val_loss: 0.9788  freq: 1.1966  spend: -0.0278  w_freq: 1.359  w_spend: 0.647
Epoch  86/120 — train_loss: 1.0821  val_loss: 0.9783  freq: 1.1965  spend: -0.0276  w_freq: 1.359  w_spend: 0.648
Epoch  87/120 — train_loss: 1.0832  val_loss: 0.9775  freq: 1.1964  spend: -0.0279  w_freq: 1.359  w_spend: 0.649
Epoch  88/120 — train_loss: 1.0775  val_loss: 0.9773  freq: 1.1964  spend: -0.0276  w_freq: 1.359  w_spend: 0.649
Epoch  89/120 — train_loss: 1.0801  val_loss: 0.9765  freq: 1.1966  spend: -0.0282  w_freq: 1.359  w_spend: 0.650
Epoch  90/120 — train_loss: 1.0785  val_loss: 0.9777  freq: 1.1978  spend: -0.0283  w_freq: 1.359  w_spend: 0.650
Epoch  91/120 — train_loss: 1.0808  val_loss: 0.9776  freq: 1.1977  spend: -0.0278  w_freq: 1.359  w_spend: 0.651
Epoch  92/120 — train_loss: 1.0781  val_loss: 0.9767  freq: 1.1966  spend: -0.0263  w_freq: 1.359  w_spend: 0.651
Epoch  93/120 — train_loss: 1.0795  val_loss: 0.9752  freq: 1.1966  spend: -0.0283  w_freq: 1.359  w_spend: 0.652
Epoch  94/120 — train_loss: 1.0814  val_loss: 0.9746  freq: 1.1965  spend: -0.0284  w_freq: 1.359  w_spend: 0.652
Epoch  95/120 — train_loss: 1.0819  val_loss: 0.9743  freq: 1.1963  spend: -0.0280  w_freq: 1.359  w_spend: 0.653
Epoch  96/120 — train_loss: 1.0806  val_loss: 0.9741  freq: 1.1964  spend: -0.0281  w_freq: 1.359  w_spend: 0.653
Epoch  97/120 — train_loss: 1.0792  val_loss: 0.9743  freq: 1.1966  spend: -0.0279  w_freq: 1.359  w_spend: 0.653
Epoch  98/120 — train_loss: 1.0791  val_loss: 0.9754  freq: 1.1971  spend: -0.0269  w_freq: 1.359  w_spend: 0.654
Epoch  99/120 — train_loss: 1.0845  val_loss: 0.9735  freq: 1.1965  spend: -0.0282  w_freq: 1.359  w_spend: 0.654
Epoch 100/120 — train_loss: 1.0842  val_loss: 0.9734  freq: 1.1964  spend: -0.0279  w_freq: 1.359  w_spend: 0.654
Epoch 101/120 — train_loss: 1.0813  val_loss: 0.9737  freq: 1.1967  spend: -0.0276  w_freq: 1.359  w_spend: 0.654
Epoch 102/120 — train_loss: 1.0847  val_loss: 0.9733  freq: 1.1965  spend: -0.0276  w_freq: 1.359  w_spend: 0.655
Epoch 103/120 — train_loss: 1.0821  val_loss: 0.9732  freq: 1.1967  spend: -0.0279  w_freq: 1.359  w_spend: 0.655
Epoch 104/120 — train_loss: 1.0867  val_loss: 0.9733  freq: 1.1968  spend: -0.0277  w_freq: 1.359  w_spend: 0.655
Epoch 105/120 — train_loss: 1.0841  val_loss: 0.9731  freq: 1.1965  spend: -0.0274  w_freq: 1.359  w_spend: 0.655
Epoch 106/120 — train_loss: 1.0839  val_loss: 0.9733  freq: 1.1967  spend: -0.0273  w_freq: 1.359  w_spend: 0.655
Epoch 107/120 — train_loss: 1.0851  val_loss: 0.9732  freq: 1.1968  spend: -0.0274  w_freq: 1.359  w_spend: 0.655
Epoch 108/120 — train_loss: 1.0885  val_loss: 0.9732  freq: 1.1968  spend: -0.0273  w_freq: 1.359  w_spend: 0.656
Epoch 109/120 — train_loss: 1.0864  val_loss: 0.9730  freq: 1.1967  spend: -0.0273  w_freq: 1.359  w_spend: 0.656
Epoch 110/120 — train_loss: 1.0875  val_loss: 0.9730  freq: 1.1967  spend: -0.0273  w_freq: 1.359  w_spend: 0.656
Epoch 111/120 — train_loss: 1.0878  val_loss: 0.9729  freq: 1.1967  spend: -0.0274  w_freq: 1.359  w_spend: 0.656
Epoch 112/120 — train_loss: 1.0876  val_loss: 0.9732  freq: 1.1969  spend: -0.0272  w_freq: 1.359  w_spend: 0.656
Epoch 113/120 — train_loss: 1.0886  val_loss: 0.9730  freq: 1.1967  spend: -0.0271  w_freq: 1.359  w_spend: 0.656
Epoch 114/120 — train_loss: 1.0881  val_loss: 0.9730  freq: 1.1967  spend: -0.0271  w_freq: 1.359  w_spend: 0.656
Epoch 115/120 — train_loss: 1.0898  val_loss: 0.9731  freq: 1.1968  spend: -0.0270  w_freq: 1.359  w_spend: 0.656
Epoch 116/120 — train_loss: 1.0894  val_loss: 0.9731  freq: 1.1968  spend: -0.0270  w_freq: 1.359  w_spend: 0.656
Epoch 117/120 — train_loss: 1.0919  val_loss: 0.9731  freq: 1.1968  spend: -0.0270  w_freq: 1.359  w_spend: 0.656
Epoch 118/120 — train_loss: 1.0881  val_loss: 0.9731  freq: 1.1968  spend: -0.0269  w_freq: 1.359  w_spend: 0.656
Epoch 119/120 — train_loss: 1.0917  val_loss: 0.9732  freq: 1.1968  spend: -0.0269  w_freq: 1.359  w_spend: 0.656
Epoch 120/120 — train_loss: 1.0910  val_loss: 0.9732  freq: 1.1968  spend: -0.0269  w_freq: 1.359  w_spend: 0.656

Checkpoint saved: /kaggle/working/results/checkpoints/extension3_lstm_full_dunnhumby_v8_seed42_sample.pt
Validation-fitted softmax temperature: 0.9000

Duan's smearing factor (val): 1.4773
Validation aggregate calibration: freq_factor=1.0367, spend_factor=0.9853

Running autoregressive inference on holdout period ...
  inference mode: sample  n_scenarios: 30  temperature: 0.9000

=== Prediction Diagnostics ===
  Mean predicted freq/week:    1.1118
  Mean actual freq/week:       1.1882
  Over-prediction ratio:       0.936x
  Customers predicted as zero total:  0.095
  Customers actually zero total:      0.188
  Non-zero rate (pred, avg > 0.05):  0.960
  Non-zero rate (true):               0.542

Metrics saved: /kaggle/working/results/tables/extension3_lstm_full_dunnhumby_v8_seed42_sample_metrics.json
Array artifacts saved: /kaggle/working/results/tables/extension3_lstm_full_dunnhumby_v8_seed42_sample_arrays.npz

=== Holdout Evaluation ===
  metric_definition_version: valendin_aggregate_mape_v1
  freq_rmse: 3.1488
  freq_mae: 1.9612
  freq_normalized_gini: 0.8577
  freq_calibration_factor: 1.0367
  freq_horizon_abs_bias_pct: 2.9916
  bias_pct: -2.9916
  freq_weekly_mae: 88.7896
  freq_weekly_total_true: 11872.0000
  freq_weekly_total_pred: 11516.8415
  freq_valendin_mape: 2.9916
  freq_horizon_bias_pct: -2.9916
  freq_weekly_mean_pct_mape: 2.9807
  freq_weekly_mean_pct_bias_pct: -2.9807
  freq_weekly_bias_pct: -2.9916
  freq_weekly_mape: 2.9916
  freq_mape: 2.9916
  freq_mase: 0.9650
  freq_mase_scale: 0.8235
  smearing_factor: 1.4773
  spend_calibration_factor: 0.9853
  spend_mae_raw: 65.3872
  spend_rmse_raw: 105.5246
  spend_normalized_gini: 0.8307
  spend_mae_log: 1.0566
  spend_rmse_log: 1.5051
  spend_r2_log: 0.4855
  spend_bias_pct: 1.0160
  spend_weekly_mae: 3103.4533
  spend_weekly_total_true: 347125.7605
  spend_weekly_total_pred: 350652.6407
  spend_valendin_mape: 3.5762
  spend_horizon_abs_bias_pct: 1.0160
  spend_horizon_bias_pct: 1.0160
  spend_weekly_mean_pct_mape: 3.5767
  spend_weekly_mean_pct_bias_pct: 1.1750
  spend_weekly_bias_pct: 1.0160
  spend_weekly_mape: 3.5762
  spend_mase: 0.9878
  spend_mase_scale: 27.5152
  clv_mae: 65.2113
  clv_rmse: 105.2403
  clv_spearman: 0.7950
  clv_decile_lift: 3.3904
  clv_normalized_gini: 0.8307
  clv_total_true: 346205.2188
  clv_total_pred: 349711.1875
  calibration_temperature_source: rolling_origin_autoregressive
  validation_temperature: 0.9000
  smearing_source: rolling_origin_autoregressive
  calibration_source: rolling_origin_autoregressive
  validation_freq_true_total: 2215.0000
  validation_freq_pred_total: 1931.3003
  validation_spend_true_total: 63355.4414
  validation_spend_pred_total: 67302.9414
  validation_freq_calibration_factor: 1.0367
  validation_spend_calibration_factor: 0.9853
  validation_rolling_origin_count: 2
  protocol_name: dunnhumby_configured_80x4
  cohort_size: 2498
  calibration_weeks: 80
  holdout_weeks: 4
  inference_mode: sample
  n_scenarios: 30
  final_manifest_version: 2026-05-29-v7-v8-extension3-sweep
  final_manifest_run_name: extension3_lstm_full_dunnhumby_v8_seed42_sample
  final_manifest_config: experiments/configs/extension3_lstm_full_dunnhumby_v8.yaml
  final_manifest_config_hash: 8f7066d2a961
  final_manifest_actual_config_hash: 0f7cbcd0cd30
  final_manifest_seed: 42
  final_manifest_epochs: 120
  final_manifest_inference_mode: sample
  final_manifest_n_scenarios: 30
  run_valid: True
  run_invalid_reason: 
  run_warning: 
  epochs_completed: 120
  max_epochs_configured: 120
History saved: /kaggle/working/results/tables/extension3_lstm_full_dunnhumby_v8_seed42_sample_history.json
