[Kaggle] raw_dir  → /kaggle/working/input/uci-retail
[Kaggle] results  → /kaggle/working/results
Config: experiments/configs/lstm_joint_uci_v8.yaml
Run: lstm_joint_uci_v8_seed7_sample
Device: cuda
Loading dataset: uci ...
[pipeline] freq_cap=4 (auto q=0.99) → freq_bins=[0, 1, 2, 3]... (n_classes=5)
  Train customers: 4437, Val: 493, Inference: 4930
[uci] Customers with 0 calibration transactions: 0 / 4930
  top-bin decode: class_values[-1] = 5.515 (max_trans = 4)
Model: lstm — 98,262 parameters

Training for up to 120 epochs ...
/kaggle/working/thesis-code/src/training/trainer.py:135: FutureWarning: `torch.cuda.amp.GradScaler(args...)` is deprecated. Please use `torch.amp.GradScaler('cuda', args...)` instead.
  self.scaler = torch.cuda.amp.GradScaler(enabled=self.amp_enabled)
[Kendall] log_vars frozen for 10 warm-up epochs.
Epoch   1/120 — train_loss: 6.0776  val_loss: 5.9665  freq: 4.7424  spend: 0.0418  w_freq: 1.359  w_spend: 0.500
Epoch   2/120 — train_loss: 5.2461  val_loss: 4.8816  freq: 3.9443  spend: 0.0415  w_freq: 1.359  w_spend: 0.500
Epoch   3/120 — train_loss: 3.5492  val_loss: 1.9442  freq: 1.7834  spend: 0.0405  w_freq: 1.359  w_spend: 0.500
Epoch   4/120 — train_loss: 0.5517  val_loss: 0.0458  freq: 0.3863  spend: 0.0414  w_freq: 1.359  w_spend: 0.500
Epoch   5/120 — train_loss: -0.0057  val_loss: -0.0756  freq: 0.2971  spend: 0.0410  w_freq: 1.359  w_spend: 0.500
Epoch   6/120 — train_loss: -0.0640  val_loss: -0.0980  freq: 0.2807  spend: 0.0410  w_freq: 1.359  w_spend: 0.500
Epoch   7/120 — train_loss: -0.0793  val_loss: -0.1037  freq: 0.2766  spend: 0.0407  w_freq: 1.359  w_spend: 0.500
Epoch   8/120 — train_loss: -0.0777  val_loss: -0.0892  freq: 0.2870  spend: 0.0415  w_freq: 1.359  w_spend: 0.500
Epoch   9/120 — train_loss: -0.0824  val_loss: -0.1022  freq: 0.2779  spend: 0.0401  w_freq: 1.359  w_spend: 0.500
Epoch  10/120 — train_loss: -0.0833  val_loss: -0.0963  freq: 0.2823  spend: 0.0400  w_freq: 1.359  w_spend: 0.500
[Kendall] log_vars unfrozen at epoch 11.
[spend-norm] frozen at 0.4276 (absolute val-loss magnitude shifts accordingly; early stopping is relative so this is safe)
Epoch  11/120 — train_loss: -0.0548  val_loss: -0.0822  freq: 0.2750  spend: 0.0957  w_freq: 1.359  w_spend: 0.502
Epoch  12/120 — train_loss: -0.0578  val_loss: -0.0877  freq: 0.2749  spend: 0.0926  w_freq: 1.359  w_spend: 0.506
Epoch  13/120 — train_loss: -0.0701  val_loss: -0.0953  freq: 0.2720  spend: 0.0918  w_freq: 1.359  w_spend: 0.510
Epoch  14/120 — train_loss: -0.0746  val_loss: -0.0933  freq: 0.2759  spend: 0.0928  w_freq: 1.359  w_spend: 0.514
Epoch  15/120 — train_loss: -0.0844  val_loss: -0.1034  freq: 0.2727  spend: 0.0893  w_freq: 1.359  w_spend: 0.518
Epoch  16/120 — train_loss: -0.0911  val_loss: -0.1134  freq: 0.2699  spend: 0.0853  w_freq: 1.359  w_spend: 0.523
Epoch  17/120 — train_loss: -0.1047  val_loss: -0.1209  freq: 0.2676  spend: 0.0848  w_freq: 1.359  w_spend: 0.528
Epoch  18/120 — train_loss: -0.1090  val_loss: -0.1260  freq: 0.2665  spend: 0.0840  w_freq: 1.359  w_spend: 0.532
Epoch  19/120 — train_loss: -0.1140  val_loss: -0.1376  freq: 0.2607  spend: 0.0838  w_freq: 1.359  w_spend: 0.536
Epoch  20/120 — train_loss: -0.1324  val_loss: -0.1401  freq: 0.2634  spend: 0.0801  w_freq: 1.359  w_spend: 0.541
Epoch  21/120 — train_loss: -0.1311  val_loss: -0.1496  freq: 0.2598  spend: 0.0779  w_freq: 1.359  w_spend: 0.545
Epoch  22/120 — train_loss: -0.1245  val_loss: -0.1491  freq: 0.2618  spend: 0.0787  w_freq: 1.359  w_spend: 0.549
Epoch  23/120 — train_loss: -0.1409  val_loss: -0.1549  freq: 0.2600  spend: 0.0784  w_freq: 1.359  w_spend: 0.552
Epoch  24/120 — train_loss: -0.1508  val_loss: -0.1582  freq: 0.2633  spend: 0.0711  w_freq: 1.359  w_spend: 0.557
Epoch  25/120 — train_loss: -0.1493  val_loss: -0.1594  freq: 0.2651  spend: 0.0697  w_freq: 1.359  w_spend: 0.561
Epoch  26/120 — train_loss: -0.1512  val_loss: -0.1676  freq: 0.2593  spend: 0.0742  w_freq: 1.359  w_spend: 0.564
Epoch  27/120 — train_loss: -0.1597  val_loss: -0.1758  freq: 0.2579  spend: 0.0691  w_freq: 1.359  w_spend: 0.568
Epoch  28/120 — train_loss: -0.1675  val_loss: -0.1769  freq: 0.2621  spend: 0.0637  w_freq: 1.359  w_spend: 0.572
Epoch  29/120 — train_loss: -0.1727  val_loss: -0.1788  freq: 0.2583  spend: 0.0739  w_freq: 1.359  w_spend: 0.576
Epoch  30/120 — train_loss: -0.1738  val_loss: -0.1899  freq: 0.2562  spend: 0.0647  w_freq: 1.359  w_spend: 0.580
Epoch  31/120 — train_loss: -0.1848  val_loss: -0.1946  freq: 0.2572  spend: 0.0604  w_freq: 1.359  w_spend: 0.584
Epoch  32/120 — train_loss: -0.1934  val_loss: -0.2028  freq: 0.2585  spend: 0.0498  w_freq: 1.359  w_spend: 0.588
Epoch  33/120 — train_loss: -0.1900  val_loss: -0.2065  freq: 0.2550  spend: 0.0560  w_freq: 1.359  w_spend: 0.593
Epoch  34/120 — train_loss: -0.1982  val_loss: -0.2083  freq: 0.2604  spend: 0.0453  w_freq: 1.359  w_spend: 0.596
Epoch  35/120 — train_loss: -0.2087  val_loss: -0.2219  freq: 0.2544  spend: 0.0416  w_freq: 1.359  w_spend: 0.600
Epoch  36/120 — train_loss: -0.2142  val_loss: -0.2022  freq: 0.2697  spend: 0.0459  w_freq: 1.359  w_spend: 0.604
Epoch  37/120 — train_loss: -0.2161  val_loss: -0.2301  freq: 0.2542  spend: 0.0390  w_freq: 1.359  w_spend: 0.608
Epoch  38/120 — train_loss: -0.2189  val_loss: -0.2265  freq: 0.2539  spend: 0.0504  w_freq: 1.359  w_spend: 0.612
Epoch  39/120 — train_loss: -0.2247  val_loss: -0.2365  freq: 0.2546  spend: 0.0369  w_freq: 1.359  w_spend: 0.615
Epoch  40/120 — train_loss: -0.2312  val_loss: -0.2411  freq: 0.2532  spend: 0.0368  w_freq: 1.359  w_spend: 0.619
Epoch  41/120 — train_loss: -0.2321  val_loss: -0.2389  freq: 0.2552  spend: 0.0406  w_freq: 1.359  w_spend: 0.622
Epoch  42/120 — train_loss: -0.2271  val_loss: -0.2389  freq: 0.2570  spend: 0.0406  w_freq: 1.359  w_spend: 0.626
Epoch  43/120 — train_loss: -0.2385  val_loss: -0.2485  freq: 0.2531  spend: 0.0375  w_freq: 1.359  w_spend: 0.629
Epoch  44/120 — train_loss: -0.2397  val_loss: -0.2527  freq: 0.2521  spend: 0.0374  w_freq: 1.359  w_spend: 0.632
Epoch  45/120 — train_loss: -0.2488  val_loss: -0.2523  freq: 0.2520  spend: 0.0429  w_freq: 1.359  w_spend: 0.636
Epoch  46/120 — train_loss: -0.2519  val_loss: -0.2602  freq: 0.2518  spend: 0.0359  w_freq: 1.359  w_spend: 0.640
Epoch  47/120 — train_loss: -0.2550  val_loss: -0.2656  freq: 0.2517  spend: 0.0327  w_freq: 1.359  w_spend: 0.645
Epoch  48/120 — train_loss: -0.2579  val_loss: -0.2693  freq: 0.2515  spend: 0.0321  w_freq: 1.359  w_spend: 0.649
Epoch  49/120 — train_loss: -0.2623  val_loss: -0.2699  freq: 0.2520  spend: 0.0346  w_freq: 1.359  w_spend: 0.653
Epoch  50/120 — train_loss: -0.2661  val_loss: -0.2752  freq: 0.2516  spend: 0.0318  w_freq: 1.359  w_spend: 0.657
Epoch  51/120 — train_loss: -0.2696  val_loss: -0.2764  freq: 0.2517  spend: 0.0343  w_freq: 1.359  w_spend: 0.661
Epoch  52/120 — train_loss: -0.2693  val_loss: -0.2815  freq: 0.2506  spend: 0.0333  w_freq: 1.359  w_spend: 0.665
Epoch  53/120 — train_loss: -0.2743  val_loss: -0.2808  freq: 0.2531  spend: 0.0331  w_freq: 1.359  w_spend: 0.669
Epoch  54/120 — train_loss: -0.2756  val_loss: -0.2857  freq: 0.2509  spend: 0.0341  w_freq: 1.359  w_spend: 0.673
Epoch  55/120 — train_loss: -0.2851  val_loss: -0.2877  freq: 0.2514  spend: 0.0342  w_freq: 1.359  w_spend: 0.676
Epoch  56/120 — train_loss: -0.2837  val_loss: -0.2915  freq: 0.2517  spend: 0.0315  w_freq: 1.359  w_spend: 0.680
Epoch  57/120 — train_loss: -0.2868  val_loss: -0.2951  freq: 0.2506  spend: 0.0312  w_freq: 1.359  w_spend: 0.683
Epoch  58/120 — train_loss: -0.2853  val_loss: -0.2920  freq: 0.2507  spend: 0.0387  w_freq: 1.359  w_spend: 0.686
Epoch  59/120 — train_loss: -0.2911  val_loss: -0.2992  freq: 0.2503  spend: 0.0319  w_freq: 1.359  w_spend: 0.689
Epoch  60/120 — train_loss: -0.2895  val_loss: -0.3018  freq: 0.2502  spend: 0.0315  w_freq: 1.359  w_spend: 0.692
Epoch  61/120 — train_loss: -0.2948  val_loss: -0.3039  freq: 0.2503  spend: 0.0314  w_freq: 1.359  w_spend: 0.695
Epoch  62/120 — train_loss: -0.2989  val_loss: -0.3059  freq: 0.2502  spend: 0.0320  w_freq: 1.359  w_spend: 0.698
Epoch  63/120 — train_loss: -0.2992  val_loss: -0.3071  freq: 0.2505  spend: 0.0330  w_freq: 1.359  w_spend: 0.702
Epoch  64/120 — train_loss: -0.3041  val_loss: -0.3093  freq: 0.2511  spend: 0.0314  w_freq: 1.359  w_spend: 0.705
Epoch  65/120 — train_loss: -0.3054  val_loss: -0.2960  freq: 0.2596  spend: 0.0364  w_freq: 1.359  w_spend: 0.708
Epoch  66/120 — train_loss: -0.3043  val_loss: -0.3130  freq: 0.2506  spend: 0.0320  w_freq: 1.359  w_spend: 0.710
Epoch  67/120 — train_loss: -0.3093  val_loss: -0.3113  freq: 0.2527  spend: 0.0333  w_freq: 1.359  w_spend: 0.713
Epoch  68/120 — train_loss: -0.3128  val_loss: -0.3183  freq: 0.2498  spend: 0.0317  w_freq: 1.359  w_spend: 0.716
Epoch  69/120 — train_loss: -0.3170  val_loss: -0.3207  freq: 0.2498  spend: 0.0312  w_freq: 1.359  w_spend: 0.719
Epoch  70/120 — train_loss: -0.3140  val_loss: -0.3225  freq: 0.2501  spend: 0.0307  w_freq: 1.359  w_spend: 0.722
Epoch  71/120 — train_loss: -0.3153  val_loss: -0.3128  freq: 0.2580  spend: 0.0314  w_freq: 1.359  w_spend: 0.724
Epoch  72/120 — train_loss: -0.3146  val_loss: -0.3201  freq: 0.2513  spend: 0.0358  w_freq: 1.359  w_spend: 0.727
Epoch  73/120 — train_loss: -0.3187  val_loss: -0.3266  freq: 0.2496  spend: 0.0315  w_freq: 1.359  w_spend: 0.729
Epoch  74/120 — train_loss: -0.3218  val_loss: -0.3258  freq: 0.2506  spend: 0.0328  w_freq: 1.359  w_spend: 0.731
Epoch  75/120 — train_loss: -0.3235  val_loss: -0.3297  freq: 0.2496  spend: 0.0316  w_freq: 1.359  w_spend: 0.733
Epoch  76/120 — train_loss: -0.3257  val_loss: -0.3313  freq: 0.2499  spend: 0.0307  w_freq: 1.359  w_spend: 0.735
Epoch  77/120 — train_loss: -0.3239  val_loss: -0.3318  freq: 0.2498  spend: 0.0321  w_freq: 1.359  w_spend: 0.737
Epoch  78/120 — train_loss: -0.3264  val_loss: -0.3296  freq: 0.2528  spend: 0.0312  w_freq: 1.359  w_spend: 0.739
Epoch  79/120 — train_loss: -0.3262  val_loss: -0.3318  freq: 0.2509  spend: 0.0334  w_freq: 1.359  w_spend: 0.741
Epoch  80/120 — train_loss: -0.3268  val_loss: -0.3364  freq: 0.2496  spend: 0.0309  w_freq: 1.359  w_spend: 0.743
Epoch  81/120 — train_loss: -0.3289  val_loss: -0.3354  freq: 0.2512  spend: 0.0311  w_freq: 1.359  w_spend: 0.745
Epoch  82/120 — train_loss: -0.3333  val_loss: -0.3373  freq: 0.2500  spend: 0.0322  w_freq: 1.359  w_spend: 0.747
Epoch  83/120 — train_loss: -0.3314  val_loss: -0.3370  freq: 0.2514  spend: 0.0314  w_freq: 1.359  w_spend: 0.748
Epoch  84/120 — train_loss: -0.3332  val_loss: -0.3380  freq: 0.2518  spend: 0.0307  w_freq: 1.359  w_spend: 0.750
Epoch  85/120 — train_loss: -0.3333  val_loss: -0.3418  freq: 0.2494  spend: 0.0312  w_freq: 1.359  w_spend: 0.752
Epoch  86/120 — train_loss: -0.3346  val_loss: -0.3434  freq: 0.2494  spend: 0.0306  w_freq: 1.359  w_spend: 0.753
Epoch  87/120 — train_loss: -0.3378  val_loss: -0.3433  freq: 0.2495  spend: 0.0315  w_freq: 1.359  w_spend: 0.755
Epoch  88/120 — train_loss: -0.3388  val_loss: -0.3442  freq: 0.2498  spend: 0.0310  w_freq: 1.359  w_spend: 0.756
Epoch  89/120 — train_loss: -0.3412  val_loss: -0.3428  freq: 0.2503  spend: 0.0328  w_freq: 1.359  w_spend: 0.757
Epoch  90/120 — train_loss: -0.3380  val_loss: -0.3453  freq: 0.2497  spend: 0.0316  w_freq: 1.359  w_spend: 0.758
Epoch  91/120 — train_loss: -0.3391  val_loss: -0.3468  freq: 0.2493  spend: 0.0314  w_freq: 1.359  w_spend: 0.759
Epoch  92/120 — train_loss: -0.3398  val_loss: -0.3468  freq: 0.2498  spend: 0.0313  w_freq: 1.359  w_spend: 0.761
Epoch  93/120 — train_loss: -0.3399  val_loss: -0.3447  freq: 0.2520  spend: 0.0310  w_freq: 1.359  w_spend: 0.762
Epoch  94/120 — train_loss: -0.3401  val_loss: -0.3472  freq: 0.2496  spend: 0.0327  w_freq: 1.359  w_spend: 0.763
Epoch  95/120 — train_loss: -0.3390  val_loss: -0.3490  freq: 0.2493  spend: 0.0315  w_freq: 1.359  w_spend: 0.764
Epoch  96/120 — train_loss: -0.3389  val_loss: -0.3496  freq: 0.2492  spend: 0.0315  w_freq: 1.359  w_spend: 0.764
Epoch  97/120 — train_loss: -0.3438  val_loss: -0.3501  freq: 0.2492  spend: 0.0314  w_freq: 1.359  w_spend: 0.765
Epoch  98/120 — train_loss: -0.3439  val_loss: -0.3508  freq: 0.2494  spend: 0.0306  w_freq: 1.359  w_spend: 0.766
Epoch  99/120 — train_loss: -0.3443  val_loss: -0.3508  freq: 0.2495  spend: 0.0309  w_freq: 1.359  w_spend: 0.766
Epoch 100/120 — train_loss: -0.3451  val_loss: -0.3517  freq: 0.2492  spend: 0.0309  w_freq: 1.359  w_spend: 0.767
Epoch 101/120 — train_loss: -0.3461  val_loss: -0.3518  freq: 0.2495  spend: 0.0306  w_freq: 1.359  w_spend: 0.767
Epoch 102/120 — train_loss: -0.3439  val_loss: -0.3525  freq: 0.2492  spend: 0.0306  w_freq: 1.359  w_spend: 0.768
Epoch 103/120 — train_loss: -0.3430  val_loss: -0.3488  freq: 0.2519  spend: 0.0310  w_freq: 1.359  w_spend: 0.768
Epoch 104/120 — train_loss: -0.3440  val_loss: -0.3528  freq: 0.2493  spend: 0.0307  w_freq: 1.359  w_spend: 0.769
Epoch 105/120 — train_loss: -0.3441  val_loss: -0.3527  freq: 0.2494  spend: 0.0308  w_freq: 1.359  w_spend: 0.769
Epoch 106/120 — train_loss: -0.3455  val_loss: -0.3523  freq: 0.2497  spend: 0.0311  w_freq: 1.359  w_spend: 0.769
Epoch 107/120 — train_loss: -0.3454  val_loss: -0.3523  freq: 0.2500  spend: 0.0308  w_freq: 1.359  w_spend: 0.770
Epoch 108/120 — train_loss: -0.3449  val_loss: -0.3528  freq: 0.2496  spend: 0.0310  w_freq: 1.359  w_spend: 0.770
Epoch 109/120 — train_loss: -0.3420  val_loss: -0.3529  freq: 0.2495  spend: 0.0312  w_freq: 1.359  w_spend: 0.770
Epoch 110/120 — train_loss: -0.3475  val_loss: -0.3525  freq: 0.2498  spend: 0.0314  w_freq: 1.359  w_spend: 0.770
Epoch 111/120 — train_loss: -0.3447  val_loss: -0.3527  freq: 0.2496  spend: 0.0315  w_freq: 1.359  w_spend: 0.770
Epoch 112/120 — train_loss: -0.3439  val_loss: -0.3525  freq: 0.2498  spend: 0.0314  w_freq: 1.359  w_spend: 0.771
Epoch 113/120 — train_loss: -0.3438  val_loss: -0.3526  freq: 0.2499  spend: 0.0313  w_freq: 1.359  w_spend: 0.771
Epoch 114/120 — train_loss: -0.3450  val_loss: -0.3529  freq: 0.2497  spend: 0.0312  w_freq: 1.359  w_spend: 0.771
Epoch 115/120 — train_loss: -0.3449  val_loss: -0.3529  freq: 0.2497  spend: 0.0313  w_freq: 1.359  w_spend: 0.771
Epoch 116/120 — train_loss: -0.3479  val_loss: -0.3528  freq: 0.2498  spend: 0.0314  w_freq: 1.359  w_spend: 0.771
Epoch 117/120 — train_loss: -0.3439  val_loss: -0.3529  freq: 0.2497  spend: 0.0314  w_freq: 1.359  w_spend: 0.771
Epoch 118/120 — train_loss: -0.3409  val_loss: -0.3529  freq: 0.2497  spend: 0.0314  w_freq: 1.359  w_spend: 0.771
Epoch 119/120 — train_loss: -0.3419  val_loss: -0.3529  freq: 0.2497  spend: 0.0314  w_freq: 1.359  w_spend: 0.771
Epoch 120/120 — train_loss: -0.3420  val_loss: -0.3529  freq: 0.2497  spend: 0.0314  w_freq: 1.359  w_spend: 0.771

Final calibration fine-tuning for 5 epochs on 4930 customers (batch_size=1024, lr=5e-05) ...
Fine-tune epoch   1/5 - train_loss: -0.3429  full_loss: -0.3603
Fine-tune epoch   2/5 - train_loss: -0.3440  full_loss: -0.3607
Fine-tune epoch   3/5 - train_loss: -0.3429  full_loss: -0.3606
Fine-tune epoch   4/5 - train_loss: -0.3443  full_loss: -0.3610
Fine-tune epoch   5/5 - train_loss: -0.3423  full_loss: -0.3611

Checkpoint saved: /kaggle/working/results/checkpoints/lstm_joint_uci_v8_seed7_sample.pt
Validation-fitted softmax temperature: 0.7500

Duan's smearing factor (val): 1.2057
Validation aggregate calibration: freq_factor=2.2186, spend_factor=1.9709

Running autoregressive inference on holdout period ...
  inference mode: sample  n_scenarios: 30  temperature: 0.7500

=== Prediction Diagnostics ===
  Mean predicted freq/week:    0.0272
  Mean actual freq/week:       0.0656
  Over-prediction ratio:       0.414x
  Customers predicted as zero total:  0.673
  Customers actually zero total:      0.484
  Non-zero rate (pred, avg > 0.05):  0.150
  Non-zero rate (true):               0.055

Metrics saved: /kaggle/working/results/tables/lstm_joint_uci_v8_seed7_sample_metrics.json
Array artifacts saved: /kaggle/working/results/tables/lstm_joint_uci_v8_seed7_sample_arrays.npz

=== Holdout Evaluation ===
  metric_definition_version: valendin_aggregate_mape_v1
  freq_rmse: 2.6734
  freq_mae: 1.1692
  freq_normalized_gini: 0.7569
  freq_calibration_factor: 2.2186
  freq_horizon_abs_bias_pct: 8.0880
  bias_pct: -8.0880
  freq_weekly_mae: 56.2300
  freq_weekly_total_true: 8413.0000
  freq_weekly_total_pred: 7732.5590
  freq_valendin_mape: 17.3776
  freq_horizon_bias_pct: -8.0880
  freq_weekly_mean_pct_mape: 16.4590
  freq_weekly_mean_pct_bias_pct: -4.6683
  freq_weekly_bias_pct: -8.0880
  freq_weekly_mape: 17.3776
  freq_mape: 17.3776
  freq_mase: 0.8739
  freq_mase_scale: 0.1146
  smearing_factor: 1.2057
  spend_calibration_factor: 1.9709
  spend_mae_raw: 563.6625
  spend_rmse_raw: 3282.3232
  spend_normalized_gini: 0.8531
  spend_mae_log: 2.5180
  spend_rmse_log: 3.2407
  spend_r2_log: 0.0693
  spend_bias_pct: -21.1459
  spend_weekly_mae: 42450.8715
  spend_weekly_total_true: 4266929.6797
  spend_weekly_total_pred: 3364649.0148
  spend_valendin_mape: 25.8669
  spend_horizon_abs_bias_pct: 21.1459
  spend_horizon_bias_pct: -21.1459
  spend_weekly_mean_pct_mape: 23.8112
  spend_weekly_mean_pct_bias_pct: -16.3817
  spend_weekly_bias_pct: -21.1459
  spend_weekly_mape: 25.8669
  spend_mase: 1.2926
  spend_mase_scale: 36.7368
  clv_mae: 549.2460
  clv_rmse: 3199.8469
  clv_spearman: 0.6008
  clv_decile_lift: 6.2639
  clv_normalized_gini: 0.8534
  clv_total_true: 4160751.5000
  clv_total_pred: 3286688.5000
  calibration_temperature_source: rolling_origin_autoregressive
  validation_temperature: 0.7500
  smearing_source: rolling_origin_autoregressive
  calibration_source: rolling_origin_autoregressive
  validation_freq_true_total: 662.0000
  validation_freq_pred_total: 298.3862
  validation_spend_true_total: 287846.2422
  validation_spend_pred_total: 146048.6875
  validation_freq_calibration_factor: 2.2186
  validation_spend_calibration_factor: 1.9709
  validation_rolling_origin_count: 2
  protocol_name: uci_configured_78x26
  cohort_size: 4930
  calibration_weeks: 78
  holdout_weeks: 26
  inference_mode: sample
  n_scenarios: 30
  final_finetune_enabled: True
  final_finetune_epochs: 5
  final_finetune_lr_multiplier: 0.1000
  final_finetune_batch_size_multiplier: 4.0000
  final_manifest_version: 2026-05-29-v7-v8-extension3-sweep
  final_manifest_run_name: lstm_joint_uci_v8_seed7_sample
  final_manifest_config: experiments/configs/lstm_joint_uci_v8.yaml
  final_manifest_config_hash: 150c53eca4ed
  final_manifest_actual_config_hash: 1d5fb6f12a72
  final_manifest_seed: 7
  final_manifest_epochs: 120
  final_manifest_inference_mode: sample
  final_manifest_n_scenarios: 30
  run_valid: True
  run_invalid_reason: 
  run_warning: large spend bias (-21.1%)
  epochs_completed: 125
  max_epochs_configured: 120
History saved: /kaggle/working/results/tables/lstm_joint_uci_v8_seed7_sample_history.json
