[Kaggle] raw_dir  → /kaggle/working/input/dunnhumby
[Kaggle] results  → /kaggle/working/results
Config: experiments/configs/lstm_base_dunnhumby_v6.yaml
Run: lstm_base_dunnhumby_v6_seed42_sample
Device: cuda
Loading dataset: dunnhumby ...
[pipeline] freq_cap=10 (auto q=0.99) → freq_bins=[0, 1, 2, 3]... (n_classes=11)
  Train customers: 2249, Val: 249, Inference: 2498
[dunnhumby] Customers with 0 calibration transactions: 0 / 2498
  top-bin decode: class_values[-1] = 13.099 (max_trans = 10)
Model: lstm — 91,095 parameters

Training for up to 100 epochs ...
/kaggle/working/thesis-code/src/training/trainer.py:135: FutureWarning: `torch.cuda.amp.GradScaler(args...)` is deprecated. Please use `torch.amp.GradScaler('cuda', args...)` instead.
  self.scaler = torch.cuda.amp.GradScaler(enabled=self.amp_enabled)
Epoch   1/100 — train_loss: 2.3796  val_loss: 2.3734
Epoch   2/100 — train_loss: 2.3649  val_loss: 2.3487
Epoch   3/100 — train_loss: 2.3311  val_loss: 2.2956
Epoch   4/100 — train_loss: 2.2439  val_loss: 2.1114
Epoch   5/100 — train_loss: 1.8245  val_loss: 1.5027
Epoch   6/100 — train_loss: 1.5721  val_loss: 1.4378
Epoch   7/100 — train_loss: 1.4883  val_loss: 1.4048
Epoch   8/100 — train_loss: 1.4437  val_loss: 1.3445
Epoch   9/100 — train_loss: 1.3659  val_loss: 1.2681
Epoch  10/100 — train_loss: 1.3093  val_loss: 1.2349
Epoch  11/100 — train_loss: 1.2823  val_loss: 1.2180
Epoch  12/100 — train_loss: 1.2705  val_loss: 1.2063
Epoch  13/100 — train_loss: 1.2617  val_loss: 1.2009
Epoch  14/100 — train_loss: 1.2573  val_loss: 1.1916
Epoch  15/100 — train_loss: 1.2491  val_loss: 1.1884
Epoch  16/100 — train_loss: 1.2457  val_loss: 1.1829
Epoch  17/100 — train_loss: 1.2403  val_loss: 1.1780
Epoch  18/100 — train_loss: 1.2367  val_loss: 1.1770
Epoch  19/100 — train_loss: 1.2349  val_loss: 1.1722
Epoch  20/100 — train_loss: 1.2314  val_loss: 1.1693
Epoch  21/100 — train_loss: 1.2291  val_loss: 1.1662
Epoch  22/100 — train_loss: 1.2262  val_loss: 1.1642
Epoch  23/100 — train_loss: 1.2241  val_loss: 1.1628
Epoch  24/100 — train_loss: 1.2236  val_loss: 1.1622
Epoch  25/100 — train_loss: 1.2239  val_loss: 1.1627
Epoch  26/100 — train_loss: 1.2213  val_loss: 1.1587
Epoch  27/100 — train_loss: 1.2212  val_loss: 1.1567
Epoch  28/100 — train_loss: 1.2191  val_loss: 1.1558
Epoch  29/100 — train_loss: 1.2174  val_loss: 1.1549
Epoch  30/100 — train_loss: 1.2177  val_loss: 1.1552
Epoch  31/100 — train_loss: 1.2166  val_loss: 1.1540
Epoch  32/100 — train_loss: 1.2179  val_loss: 1.1581
Epoch  33/100 — train_loss: 1.2171  val_loss: 1.1539
Epoch  34/100 — train_loss: 1.2159  val_loss: 1.1553
Epoch  35/100 — train_loss: 1.2135  val_loss: 1.1516
Epoch  36/100 — train_loss: 1.2148  val_loss: 1.1494
Epoch  37/100 — train_loss: 1.2134  val_loss: 1.1487
Epoch  38/100 — train_loss: 1.2153  val_loss: 1.1493
Epoch  39/100 — train_loss: 1.2125  val_loss: 1.1495
Epoch  40/100 — train_loss: 1.2116  val_loss: 1.1479
Epoch  41/100 — train_loss: 1.2126  val_loss: 1.1477
Epoch  42/100 — train_loss: 1.2102  val_loss: 1.1465
Epoch  43/100 — train_loss: 1.2123  val_loss: 1.1472
Epoch  44/100 — train_loss: 1.2134  val_loss: 1.1473
Epoch  45/100 — train_loss: 1.2110  val_loss: 1.1458
Epoch  46/100 — train_loss: 1.2106  val_loss: 1.1459
Epoch  47/100 — train_loss: 1.2104  val_loss: 1.1461
Epoch  48/100 — train_loss: 1.2110  val_loss: 1.1452
Epoch  49/100 — train_loss: 1.2109  val_loss: 1.1455
Epoch  50/100 — train_loss: 1.2127  val_loss: 1.1439
Epoch  51/100 — train_loss: 1.2114  val_loss: 1.1441
Epoch  52/100 — train_loss: 1.2115  val_loss: 1.1441
Epoch  53/100 — train_loss: 1.2134  val_loss: 1.1437
Epoch  54/100 — train_loss: 1.2140  val_loss: 1.1435
Epoch  55/100 — train_loss: 1.2120  val_loss: 1.1431
Epoch  56/100 — train_loss: 1.2118  val_loss: 1.1439
Epoch  57/100 — train_loss: 1.2155  val_loss: 1.1435
Epoch  58/100 — train_loss: 1.2143  val_loss: 1.1427
Epoch  59/100 — train_loss: 1.2141  val_loss: 1.1422
Epoch  60/100 — train_loss: 1.2145  val_loss: 1.1424
Epoch  61/100 — train_loss: 1.2163  val_loss: 1.1424
Epoch  62/100 — train_loss: 1.2149  val_loss: 1.1414
Epoch  63/100 — train_loss: 1.2143  val_loss: 1.1436
Epoch  64/100 — train_loss: 1.2134  val_loss: 1.1415
Epoch  65/100 — train_loss: 1.2140  val_loss: 1.1413
Epoch  66/100 — train_loss: 1.2156  val_loss: 1.1418
Epoch  67/100 — train_loss: 1.2173  val_loss: 1.1416
Epoch  68/100 — train_loss: 1.2152  val_loss: 1.1408
Epoch  69/100 — train_loss: 1.2146  val_loss: 1.1410
Epoch  70/100 — train_loss: 1.2187  val_loss: 1.1419
Epoch  71/100 — train_loss: 1.2196  val_loss: 1.1412
Epoch  72/100 — train_loss: 1.2181  val_loss: 1.1409
Epoch  73/100 — train_loss: 1.2164  val_loss: 1.1406
Epoch  74/100 — train_loss: 1.2171  val_loss: 1.1405
Epoch  75/100 — train_loss: 1.2200  val_loss: 1.1402
Epoch  76/100 — train_loss: 1.2199  val_loss: 1.1405
Epoch  77/100 — train_loss: 1.2207  val_loss: 1.1403
Epoch  78/100 — train_loss: 1.2199  val_loss: 1.1405
Epoch  79/100 — train_loss: 1.2227  val_loss: 1.1406
Epoch  80/100 — train_loss: 1.2205  val_loss: 1.1408
Epoch  81/100 — train_loss: 1.2220  val_loss: 1.1409
Epoch  82/100 — train_loss: 1.2213  val_loss: 1.1404
Epoch  83/100 — train_loss: 1.2219  val_loss: 1.1406
Epoch  84/100 — train_loss: 1.2244  val_loss: 1.1402
Epoch  85/100 — train_loss: 1.2258  val_loss: 1.1402
Epoch  86/100 — train_loss: 1.2245  val_loss: 1.1404
Epoch  87/100 — train_loss: 1.2253  val_loss: 1.1403
Epoch  88/100 — train_loss: 1.2263  val_loss: 1.1401
Epoch  89/100 — train_loss: 1.2262  val_loss: 1.1402
Epoch  90/100 — train_loss: 1.2278  val_loss: 1.1404
Epoch  91/100 — train_loss: 1.2287  val_loss: 1.1403
Epoch  92/100 — train_loss: 1.2277  val_loss: 1.1403
Epoch  93/100 — train_loss: 1.2303  val_loss: 1.1404
Epoch  94/100 — train_loss: 1.2303  val_loss: 1.1405
Epoch  95/100 — train_loss: 1.2305  val_loss: 1.1404
Epoch  96/100 — train_loss: 1.2314  val_loss: 1.1404
Epoch  97/100 — train_loss: 1.2348  val_loss: 1.1404
Epoch  98/100 — train_loss: 1.2326  val_loss: 1.1404
Epoch  99/100 — train_loss: 1.2336  val_loss: 1.1404
Epoch 100/100 — train_loss: 1.2372  val_loss: 1.1404

Final calibration fine-tuning for 5 epochs on 2498 customers (batch_size=1024, lr=5e-05) ...
Fine-tune epoch   1/5 - train_loss: 1.2281  full_loss: 1.1833
Fine-tune epoch   2/5 - train_loss: 1.2359  full_loss: 1.1831
Fine-tune epoch   3/5 - train_loss: 1.2326  full_loss: 1.1833
Fine-tune epoch   4/5 - train_loss: 1.2296  full_loss: 1.1835
Fine-tune epoch   5/5 - train_loss: 1.2327  full_loss: 1.1834

Checkpoint saved: /kaggle/working/results/checkpoints/lstm_base_dunnhumby_v6_seed42_sample.pt
Validation-fitted softmax temperature: 0.7500
Validation aggregate calibration: freq_factor=1.2760, spend_factor=1.0000

Running autoregressive inference on holdout period ...
  inference mode: sample  n_scenarios: 30  temperature: 0.7500

=== Prediction Diagnostics ===
  Mean predicted freq/week:    1.0255
  Mean actual freq/week:       1.1882
  Over-prediction ratio:       0.863x
  Customers predicted as zero total:  0.149
  Customers actually zero total:      0.188
  Non-zero rate (pred, avg > 0.05):  0.931
  Non-zero rate (true):               0.542

Metrics saved: /kaggle/working/results/tables/lstm_base_dunnhumby_v6_seed42_sample_metrics.json
Array artifacts saved: /kaggle/working/results/tables/lstm_base_dunnhumby_v6_seed42_sample_arrays.npz

=== Holdout Evaluation ===
  metric_definition_version: valendin_aggregate_mape_v1
  freq_rmse: 3.5258
  freq_mae: 2.1540
  freq_normalized_gini: 0.8511
  freq_calibration_factor: 1.2760
  freq_horizon_abs_bias_pct: 10.1331
  bias_pct: 10.1331
  freq_weekly_mae: 300.7506
  freq_weekly_total_true: 11872.0000
  freq_weekly_total_pred: 13075.0023
  freq_valendin_mape: 10.1331
  freq_horizon_bias_pct: 10.1331
  freq_weekly_mean_pct_mape: 10.1560
  freq_weekly_mean_pct_bias_pct: 10.1560
  freq_weekly_bias_pct: 10.1331
  freq_weekly_mape: 10.1331
  freq_mape: 10.1331
  freq_mase: 1.0157
  freq_mase_scale: 0.8235
  calibration_temperature_source: rolling_origin_autoregressive
  validation_temperature: 0.7500
  calibration_source: rolling_origin_autoregressive
  validation_freq_true_total: 2215.0000
  validation_freq_pred_total: 1735.8403
  validation_spend_true_total: 0.0000
  validation_spend_pred_total: 0.0000
  validation_freq_calibration_factor: 1.2760
  validation_spend_calibration_factor: 1.0000
  validation_rolling_origin_count: 2
  protocol_name: dunnhumby_configured_80x4
  cohort_size: 2498
  calibration_weeks: 80
  holdout_weeks: 4
  inference_mode: sample
  n_scenarios: 30
  final_finetune_enabled: True
  final_finetune_epochs: 5
  final_finetune_lr_multiplier: 0.1000
  final_finetune_batch_size_multiplier: 4.0000
  final_manifest_version: 2026-05-29-v7-v8-extension3-sweep
  final_manifest_run_name: lstm_base_dunnhumby_v6_seed42_sample
  final_manifest_config: experiments/configs/lstm_base_dunnhumby_v6.yaml
  final_manifest_config_hash: 1fe51e0dc106
  final_manifest_actual_config_hash: 1745f9adfbe5
  final_manifest_seed: 42
  final_manifest_epochs: 100
  final_manifest_inference_mode: sample
  final_manifest_n_scenarios: 30
  run_valid: True
  run_invalid_reason: 
  run_warning: 
  epochs_completed: 105
  max_epochs_configured: 100
History saved: /kaggle/working/results/tables/lstm_base_dunnhumby_v6_seed42_sample_history.json
