[Kaggle] raw_dir  → /kaggle/working/input/uci-retail
[Kaggle] results  → /kaggle/working/results
Config: experiments/configs/lstm_joint_uci_v8.yaml
Run: lstm_joint_uci_v8_seed2024_sample
Device: cuda
Loading dataset: uci ...
[pipeline] freq_cap=4 (auto q=0.99) → freq_bins=[0, 1, 2, 3]... (n_classes=5)
  Train customers: 4437, Val: 493, Inference: 4930
[uci] Customers with 0 calibration transactions: 0 / 4930
  top-bin decode: class_values[-1] = 5.515 (max_trans = 4)
Model: lstm — 98,262 parameters

Training for up to 120 epochs ...
/kaggle/working/thesis-code/src/training/trainer.py:135: FutureWarning: `torch.cuda.amp.GradScaler(args...)` is deprecated. Please use `torch.amp.GradScaler('cuda', args...)` instead.
  self.scaler = torch.cuda.amp.GradScaler(enabled=self.amp_enabled)
[Kendall] log_vars frozen for 10 warm-up epochs.
Epoch   1/120 — train_loss: 6.0276  val_loss: 6.1567  freq: 4.8824  spend: 0.0416  w_freq: 1.359  w_spend: 0.500
Epoch   2/120 — train_loss: 5.5764  val_loss: 5.3838  freq: 4.3138  spend: 0.0414  w_freq: 1.359  w_spend: 0.500
Epoch   3/120 — train_loss: 4.3996  val_loss: 3.3370  freq: 2.8083  spend: 0.0403  w_freq: 1.359  w_spend: 0.500
Epoch   4/120 — train_loss: 1.4059  val_loss: -0.0158  freq: 0.3409  spend: 0.0418  w_freq: 1.359  w_spend: 0.500
Epoch   5/120 — train_loss: 0.0050  val_loss: -0.0851  freq: 0.2899  spend: 0.0418  w_freq: 1.359  w_spend: 0.500
Epoch   6/120 — train_loss: -0.0448  val_loss: -0.0808  freq: 0.2934  spend: 0.0410  w_freq: 1.359  w_spend: 0.500
Epoch   7/120 — train_loss: -0.0694  val_loss: -0.0991  freq: 0.2798  spend: 0.0413  w_freq: 1.359  w_spend: 0.500
Epoch   8/120 — train_loss: -0.0772  val_loss: -0.1043  freq: 0.2764  spend: 0.0401  w_freq: 1.359  w_spend: 0.500
Epoch   9/120 — train_loss: -0.0840  val_loss: -0.1095  freq: 0.2727  spend: 0.0398  w_freq: 1.359  w_spend: 0.500
Epoch  10/120 — train_loss: -0.0890  val_loss: -0.1104  freq: 0.2718  spend: 0.0403  w_freq: 1.359  w_spend: 0.500
[Kendall] log_vars unfrozen at epoch 11.
[spend-norm] frozen at 0.4271 (absolute val-loss magnitude shifts accordingly; early stopping is relative so this is safe)
Epoch  11/120 — train_loss: -0.0622  val_loss: -0.0885  freq: 0.2707  spend: 0.0948  w_freq: 1.359  w_spend: 0.502
Epoch  12/120 — train_loss: -0.0700  val_loss: -0.0932  freq: 0.2710  spend: 0.0920  w_freq: 1.359  w_spend: 0.506
Epoch  13/120 — train_loss: -0.0812  val_loss: -0.1029  freq: 0.2684  spend: 0.0872  w_freq: 1.359  w_spend: 0.510
Epoch  14/120 — train_loss: -0.0900  val_loss: -0.1129  freq: 0.2657  spend: 0.0826  w_freq: 1.359  w_spend: 0.515
Epoch  15/120 — train_loss: -0.1018  val_loss: -0.1223  freq: 0.2620  spend: 0.0807  w_freq: 1.359  w_spend: 0.519
Epoch  16/120 — train_loss: -0.1128  val_loss: -0.1310  freq: 0.2593  spend: 0.0785  w_freq: 1.359  w_spend: 0.523
Epoch  17/120 — train_loss: -0.1164  val_loss: -0.1331  freq: 0.2607  spend: 0.0764  w_freq: 1.359  w_spend: 0.527
Epoch  18/120 — train_loss: -0.1177  val_loss: -0.1383  freq: 0.2593  spend: 0.0756  w_freq: 1.359  w_spend: 0.530
Epoch  19/120 — train_loss: -0.1302  val_loss: -0.1426  freq: 0.2606  spend: 0.0709  w_freq: 1.359  w_spend: 0.534
Epoch  20/120 — train_loss: -0.1313  val_loss: -0.1446  freq: 0.2615  spend: 0.0712  w_freq: 1.359  w_spend: 0.538
Epoch  21/120 — train_loss: -0.1332  val_loss: -0.1519  freq: 0.2594  spend: 0.0679  w_freq: 1.359  w_spend: 0.541
Epoch  22/120 — train_loss: -0.1368  val_loss: -0.1602  freq: 0.2575  spend: 0.0627  w_freq: 1.359  w_spend: 0.544
Epoch  23/120 — train_loss: -0.1502  val_loss: -0.1686  freq: 0.2559  spend: 0.0577  w_freq: 1.359  w_spend: 0.548
Epoch  24/120 — train_loss: -0.1560  val_loss: -0.1724  freq: 0.2559  spend: 0.0559  w_freq: 1.359  w_spend: 0.552
Epoch  25/120 — train_loss: -0.1624  val_loss: -0.1745  freq: 0.2577  spend: 0.0529  w_freq: 1.359  w_spend: 0.556
Epoch  26/120 — train_loss: -0.1666  val_loss: -0.1749  freq: 0.2579  spend: 0.0570  w_freq: 1.359  w_spend: 0.559
Epoch  27/120 — train_loss: -0.1606  val_loss: -0.1639  freq: 0.2693  spend: 0.0542  w_freq: 1.359  w_spend: 0.562
Epoch  28/120 — train_loss: -0.1745  val_loss: -0.1877  freq: 0.2566  spend: 0.0480  w_freq: 1.359  w_spend: 0.566
Epoch  29/120 — train_loss: -0.1760  val_loss: -0.1910  freq: 0.2580  spend: 0.0444  w_freq: 1.359  w_spend: 0.570
Epoch  30/120 — train_loss: -0.1902  val_loss: -0.2011  freq: 0.2535  spend: 0.0438  w_freq: 1.359  w_spend: 0.574
Epoch  31/120 — train_loss: -0.1942  val_loss: -0.2034  freq: 0.2547  spend: 0.0432  w_freq: 1.359  w_spend: 0.578
Epoch  32/120 — train_loss: -0.2016  val_loss: -0.2096  freq: 0.2548  spend: 0.0392  w_freq: 1.359  w_spend: 0.583
Epoch  33/120 — train_loss: -0.2005  val_loss: -0.2152  freq: 0.2531  spend: 0.0391  w_freq: 1.359  w_spend: 0.587
Epoch  34/120 — train_loss: -0.2057  val_loss: -0.2197  freq: 0.2528  spend: 0.0378  w_freq: 1.359  w_spend: 0.591
Epoch  35/120 — train_loss: -0.2107  val_loss: -0.2201  freq: 0.2548  spend: 0.0378  w_freq: 1.359  w_spend: 0.595
Epoch  36/120 — train_loss: -0.2158  val_loss: -0.2204  freq: 0.2533  spend: 0.0462  w_freq: 1.359  w_spend: 0.599
Epoch  37/120 — train_loss: -0.2193  val_loss: -0.2321  freq: 0.2516  spend: 0.0354  w_freq: 1.359  w_spend: 0.603
Epoch  38/120 — train_loss: -0.2249  val_loss: -0.2350  freq: 0.2521  spend: 0.0352  w_freq: 1.359  w_spend: 0.607
Epoch  39/120 — train_loss: -0.2270  val_loss: -0.2388  freq: 0.2519  spend: 0.0351  w_freq: 1.359  w_spend: 0.612
Epoch  40/120 — train_loss: -0.2331  val_loss: -0.2430  freq: 0.2521  spend: 0.0338  w_freq: 1.359  w_spend: 0.616
Epoch  41/120 — train_loss: -0.2359  val_loss: -0.2472  freq: 0.2514  spend: 0.0344  w_freq: 1.359  w_spend: 0.621
Epoch  42/120 — train_loss: -0.2378  val_loss: -0.2495  freq: 0.2527  spend: 0.0333  w_freq: 1.359  w_spend: 0.626
Epoch  43/120 — train_loss: -0.2475  val_loss: -0.2546  freq: 0.2516  spend: 0.0331  w_freq: 1.359  w_spend: 0.630
Epoch  44/120 — train_loss: -0.2474  val_loss: -0.2541  freq: 0.2540  spend: 0.0339  w_freq: 1.359  w_spend: 0.635
Epoch  45/120 — train_loss: -0.2510  val_loss: -0.2570  freq: 0.2541  spend: 0.0336  w_freq: 1.359  w_spend: 0.639
Epoch  46/120 — train_loss: -0.2526  val_loss: -0.2583  freq: 0.2559  spend: 0.0321  w_freq: 1.359  w_spend: 0.642
Epoch  47/120 — train_loss: -0.2579  val_loss: -0.2658  freq: 0.2517  spend: 0.0334  w_freq: 1.359  w_spend: 0.646
Epoch  48/120 — train_loss: -0.2613  val_loss: -0.2687  freq: 0.2518  spend: 0.0327  w_freq: 1.359  w_spend: 0.650
Epoch  49/120 — train_loss: -0.2638  val_loss: -0.2667  freq: 0.2558  spend: 0.0316  w_freq: 1.359  w_spend: 0.653
Epoch  50/120 — train_loss: -0.2673  val_loss: -0.2769  freq: 0.2506  spend: 0.0316  w_freq: 1.359  w_spend: 0.657
Epoch  51/120 — train_loss: -0.2730  val_loss: -0.2793  freq: 0.2507  spend: 0.0323  w_freq: 1.359  w_spend: 0.661
Epoch  52/120 — train_loss: -0.2754  val_loss: -0.2814  freq: 0.2509  spend: 0.0333  w_freq: 1.359  w_spend: 0.665
Epoch  53/120 — train_loss: -0.2765  val_loss: -0.2781  freq: 0.2562  spend: 0.0317  w_freq: 1.359  w_spend: 0.670
Epoch  54/120 — train_loss: -0.2808  val_loss: -0.2880  freq: 0.2508  spend: 0.0318  w_freq: 1.359  w_spend: 0.674
Epoch  55/120 — train_loss: -0.2832  val_loss: -0.2920  freq: 0.2504  spend: 0.0306  w_freq: 1.359  w_spend: 0.677
Epoch  56/120 — train_loss: -0.2868  val_loss: -0.2859  freq: 0.2565  spend: 0.0316  w_freq: 1.359  w_spend: 0.681
Epoch  57/120 — train_loss: -0.2893  val_loss: -0.2965  freq: 0.2508  spend: 0.0310  w_freq: 1.359  w_spend: 0.685
Epoch  58/120 — train_loss: -0.2924  val_loss: -0.2998  freq: 0.2502  spend: 0.0313  w_freq: 1.359  w_spend: 0.689
Epoch  59/120 — train_loss: -0.2954  val_loss: -0.3024  freq: 0.2502  spend: 0.0314  w_freq: 1.359  w_spend: 0.692
Epoch  60/120 — train_loss: -0.2943  val_loss: -0.3051  freq: 0.2500  spend: 0.0318  w_freq: 1.359  w_spend: 0.696
Epoch  61/120 — train_loss: -0.2993  val_loss: -0.3041  freq: 0.2533  spend: 0.0303  w_freq: 1.359  w_spend: 0.700
Epoch  62/120 — train_loss: -0.3041  val_loss: -0.3098  freq: 0.2499  spend: 0.0316  w_freq: 1.359  w_spend: 0.703
Epoch  63/120 — train_loss: -0.3043  val_loss: -0.2995  freq: 0.2594  spend: 0.0309  w_freq: 1.359  w_spend: 0.706
Epoch  64/120 — train_loss: -0.3084  val_loss: -0.3130  freq: 0.2501  spend: 0.0324  w_freq: 1.359  w_spend: 0.709
Epoch  65/120 — train_loss: -0.3081  val_loss: -0.3155  freq: 0.2500  spend: 0.0318  w_freq: 1.359  w_spend: 0.712
Epoch  66/120 — train_loss: -0.3123  val_loss: -0.3176  freq: 0.2500  spend: 0.0318  w_freq: 1.359  w_spend: 0.715
Epoch  67/120 — train_loss: -0.3150  val_loss: -0.3204  freq: 0.2500  spend: 0.0309  w_freq: 1.359  w_spend: 0.718
Epoch  68/120 — train_loss: -0.3163  val_loss: -0.3223  freq: 0.2497  spend: 0.0315  w_freq: 1.359  w_spend: 0.722
Epoch  69/120 — train_loss: -0.3189  val_loss: -0.3243  freq: 0.2502  spend: 0.0303  w_freq: 1.359  w_spend: 0.724
Epoch  70/120 — train_loss: -0.3235  val_loss: -0.3259  freq: 0.2496  spend: 0.0319  w_freq: 1.359  w_spend: 0.727
Epoch  71/120 — train_loss: -0.3249  val_loss: -0.3278  freq: 0.2496  spend: 0.0322  w_freq: 1.359  w_spend: 0.730
Epoch  72/120 — train_loss: -0.3225  val_loss: -0.3290  freq: 0.2500  spend: 0.0321  w_freq: 1.359  w_spend: 0.733
Epoch  73/120 — train_loss: -0.3247  val_loss: -0.3298  freq: 0.2514  spend: 0.0306  w_freq: 1.359  w_spend: 0.736
Epoch  74/120 — train_loss: -0.3226  val_loss: -0.3309  freq: 0.2497  spend: 0.0342  w_freq: 1.359  w_spend: 0.738
Epoch  75/120 — train_loss: -0.3263  val_loss: -0.3341  freq: 0.2502  spend: 0.0310  w_freq: 1.359  w_spend: 0.740
Epoch  76/120 — train_loss: -0.3294  val_loss: -0.3347  freq: 0.2503  spend: 0.0319  w_freq: 1.359  w_spend: 0.743
Epoch  77/120 — train_loss: -0.3319  val_loss: -0.3366  freq: 0.2501  spend: 0.0317  w_freq: 1.359  w_spend: 0.745
Epoch  78/120 — train_loss: -0.3344  val_loss: -0.3388  freq: 0.2498  spend: 0.0312  w_freq: 1.359  w_spend: 0.747
Epoch  79/120 — train_loss: -0.3351  val_loss: -0.3403  freq: 0.2498  spend: 0.0310  w_freq: 1.359  w_spend: 0.749
Epoch  80/120 — train_loss: -0.3340  val_loss: -0.3398  freq: 0.2507  spend: 0.0318  w_freq: 1.359  w_spend: 0.752
Epoch  81/120 — train_loss: -0.3394  val_loss: -0.3420  freq: 0.2504  spend: 0.0310  w_freq: 1.359  w_spend: 0.754
Epoch  82/120 — train_loss: -0.3385  val_loss: -0.3363  freq: 0.2555  spend: 0.0309  w_freq: 1.359  w_spend: 0.755
Epoch  83/120 — train_loss: -0.3381  val_loss: -0.3437  freq: 0.2506  spend: 0.0313  w_freq: 1.359  w_spend: 0.757
Epoch  84/120 — train_loss: -0.3419  val_loss: -0.3460  freq: 0.2500  spend: 0.0307  w_freq: 1.359  w_spend: 0.759
Epoch  85/120 — train_loss: -0.3465  val_loss: -0.3467  freq: 0.2501  spend: 0.0312  w_freq: 1.359  w_spend: 0.761
Epoch  86/120 — train_loss: -0.3440  val_loss: -0.3486  freq: 0.2495  spend: 0.0311  w_freq: 1.359  w_spend: 0.762
Epoch  87/120 — train_loss: -0.3444  val_loss: -0.3444  freq: 0.2523  spend: 0.0329  w_freq: 1.359  w_spend: 0.764
Epoch  88/120 — train_loss: -0.3445  val_loss: -0.3496  freq: 0.2502  spend: 0.0309  w_freq: 1.359  w_spend: 0.765
Epoch  89/120 — train_loss: -0.3449  val_loss: -0.3502  freq: 0.2503  spend: 0.0311  w_freq: 1.359  w_spend: 0.767
Epoch  90/120 — train_loss: -0.3481  val_loss: -0.3499  freq: 0.2511  spend: 0.0311  w_freq: 1.359  w_spend: 0.768
Epoch  91/120 — train_loss: -0.3432  val_loss: -0.3507  freq: 0.2509  spend: 0.0313  w_freq: 1.359  w_spend: 0.769
Epoch  92/120 — train_loss: -0.3466  val_loss: -0.3500  freq: 0.2520  spend: 0.0311  w_freq: 1.359  w_spend: 0.770
Epoch  93/120 — train_loss: -0.3486  val_loss: -0.3532  freq: 0.2500  spend: 0.0313  w_freq: 1.359  w_spend: 0.771
Epoch  94/120 — train_loss: -0.3521  val_loss: -0.3534  freq: 0.2501  spend: 0.0316  w_freq: 1.359  w_spend: 0.772
Epoch  95/120 — train_loss: -0.3500  val_loss: -0.3523  freq: 0.2517  spend: 0.0310  w_freq: 1.359  w_spend: 0.773
Epoch  96/120 — train_loss: -0.3459  val_loss: -0.3520  freq: 0.2511  spend: 0.0330  w_freq: 1.359  w_spend: 0.774
Epoch  97/120 — train_loss: -0.3469  val_loss: -0.3557  freq: 0.2496  spend: 0.0314  w_freq: 1.359  w_spend: 0.775
Epoch  98/120 — train_loss: -0.3523  val_loss: -0.3557  freq: 0.2499  spend: 0.0313  w_freq: 1.359  w_spend: 0.775
Epoch  99/120 — train_loss: -0.3517  val_loss: -0.3553  freq: 0.2504  spend: 0.0316  w_freq: 1.359  w_spend: 0.776
Epoch 100/120 — train_loss: -0.3523  val_loss: -0.3567  freq: 0.2494  spend: 0.0318  w_freq: 1.359  w_spend: 0.777
Epoch 101/120 — train_loss: -0.3501  val_loss: -0.3544  freq: 0.2514  spend: 0.0318  w_freq: 1.359  w_spend: 0.777
Epoch 102/120 — train_loss: -0.3521  val_loss: -0.3574  freq: 0.2495  spend: 0.0317  w_freq: 1.359  w_spend: 0.778
Epoch 103/120 — train_loss: -0.3524  val_loss: -0.3564  freq: 0.2505  spend: 0.0314  w_freq: 1.359  w_spend: 0.778
Epoch 104/120 — train_loss: -0.3514  val_loss: -0.3576  freq: 0.2498  spend: 0.0314  w_freq: 1.359  w_spend: 0.779
Epoch 105/120 — train_loss: -0.3517  val_loss: -0.3579  freq: 0.2499  spend: 0.0312  w_freq: 1.359  w_spend: 0.779
Epoch 106/120 — train_loss: -0.3532  val_loss: -0.3576  freq: 0.2500  spend: 0.0316  w_freq: 1.359  w_spend: 0.779
Epoch 107/120 — train_loss: -0.3523  val_loss: -0.3580  freq: 0.2499  spend: 0.0315  w_freq: 1.359  w_spend: 0.780
Epoch 108/120 — train_loss: -0.3526  val_loss: -0.3580  freq: 0.2500  spend: 0.0315  w_freq: 1.359  w_spend: 0.780
Epoch 109/120 — train_loss: -0.3512  val_loss: -0.3584  freq: 0.2497  spend: 0.0316  w_freq: 1.359  w_spend: 0.780
Epoch 110/120 — train_loss: -0.3508  val_loss: -0.3572  freq: 0.2509  spend: 0.0313  w_freq: 1.359  w_spend: 0.780
Epoch 111/120 — train_loss: -0.3510  val_loss: -0.3584  freq: 0.2499  spend: 0.0315  w_freq: 1.359  w_spend: 0.780
Epoch 112/120 — train_loss: -0.3511  val_loss: -0.3582  freq: 0.2501  spend: 0.0316  w_freq: 1.359  w_spend: 0.781
Epoch 113/120 — train_loss: -0.3429  val_loss: -0.3575  freq: 0.2506  spend: 0.0316  w_freq: 1.359  w_spend: 0.781
Epoch 114/120 — train_loss: -0.3532  val_loss: -0.3573  freq: 0.2507  spend: 0.0317  w_freq: 1.359  w_spend: 0.781
Epoch 115/120 — train_loss: -0.3504  val_loss: -0.3579  freq: 0.2503  spend: 0.0318  w_freq: 1.359  w_spend: 0.781
Epoch 116/120 — train_loss: -0.3462  val_loss: -0.3580  freq: 0.2502  spend: 0.0318  w_freq: 1.359  w_spend: 0.781
Epoch 117/120 — train_loss: -0.3493  val_loss: -0.3579  freq: 0.2503  spend: 0.0318  w_freq: 1.359  w_spend: 0.781
Epoch 118/120 — train_loss: -0.3519  val_loss: -0.3579  freq: 0.2503  spend: 0.0318  w_freq: 1.359  w_spend: 0.781
Epoch 119/120 — train_loss: -0.3497  val_loss: -0.3579  freq: 0.2503  spend: 0.0318  w_freq: 1.359  w_spend: 0.781
Epoch 120/120 — train_loss: -0.3457  val_loss: -0.3579  freq: 0.2503  spend: 0.0318  w_freq: 1.359  w_spend: 0.781

Final calibration fine-tuning for 5 epochs on 4930 customers (batch_size=1024, lr=5e-05) ...
Fine-tune epoch   1/5 - train_loss: -0.3488  full_loss: -0.3663
Fine-tune epoch   2/5 - train_loss: -0.3489  full_loss: -0.3659
Fine-tune epoch   3/5 - train_loss: -0.3490  full_loss: -0.3660
Fine-tune epoch   4/5 - train_loss: -0.3482  full_loss: -0.3656
Fine-tune epoch   5/5 - train_loss: -0.3498  full_loss: -0.3662

Checkpoint saved: /kaggle/working/results/checkpoints/lstm_joint_uci_v8_seed2024_sample.pt
Validation-fitted softmax temperature: 0.7500

Duan's smearing factor (val): 1.2425
Validation aggregate calibration: freq_factor=2.1901, spend_factor=1.9301

Running autoregressive inference on holdout period ...
  inference mode: sample  n_scenarios: 30  temperature: 0.7500

=== Prediction Diagnostics ===
  Mean predicted freq/week:    0.0274
  Mean actual freq/week:       0.0656
  Over-prediction ratio:       0.418x
  Customers predicted as zero total:  0.721
  Customers actually zero total:      0.484
  Non-zero rate (pred, avg > 0.05):  0.138
  Non-zero rate (true):               0.055

Metrics saved: /kaggle/working/results/tables/lstm_joint_uci_v8_seed2024_sample_metrics.json
Array artifacts saved: /kaggle/working/results/tables/lstm_joint_uci_v8_seed2024_sample_arrays.npz

=== Holdout Evaluation ===
  metric_definition_version: valendin_aggregate_mape_v1
  freq_rmse: 3.2083
  freq_mae: 1.2336
  freq_normalized_gini: 0.7471
  freq_calibration_factor: 2.1901
  freq_horizon_abs_bias_pct: 8.4597
  bias_pct: -8.4597
  freq_weekly_mae: 64.5833
  freq_weekly_total_true: 8413.0000
  freq_weekly_total_pred: 7701.2887
  freq_valendin_mape: 19.9592
  freq_horizon_bias_pct: -8.4597
  freq_weekly_mean_pct_mape: 19.0899
  freq_weekly_mean_pct_bias_pct: -4.5010
  freq_weekly_bias_pct: -8.4597
  freq_weekly_mape: 19.9592
  freq_mape: 19.9592
  freq_mase: 0.8669
  freq_mase_scale: 0.1146
  smearing_factor: 1.2425
  spend_calibration_factor: 1.9301
  spend_mae_raw: 580.3575
  spend_rmse_raw: 3218.2781
  spend_normalized_gini: 0.8484
  spend_mae_log: 2.6023
  spend_rmse_log: 3.2811
  spend_r2_log: 0.0460
  spend_bias_pct: -20.9230
  spend_weekly_mae: 42147.9570
  spend_weekly_total_true: 4266929.6797
  spend_weekly_total_pred: 3374160.8877
  spend_valendin_mape: 25.6823
  spend_horizon_abs_bias_pct: 20.9230
  spend_horizon_bias_pct: -20.9230
  spend_weekly_mean_pct_mape: 24.3244
  spend_weekly_mean_pct_bias_pct: -16.1705
  spend_weekly_bias_pct: -20.9230
  spend_weekly_mape: 25.6823
  spend_mase: 1.2865
  spend_mase_scale: 36.7368
  clv_mae: 565.4856
  clv_rmse: 3136.2163
  clv_spearman: 0.5899
  clv_decile_lift: 6.1722
  clv_normalized_gini: 0.8488
  clv_total_true: 4160751.5000
  clv_total_pred: 3297337.5000
  calibration_temperature_source: rolling_origin_autoregressive
  validation_temperature: 0.7500
  smearing_source: rolling_origin_autoregressive
  calibration_source: rolling_origin_autoregressive
  validation_freq_true_total: 662.0000
  validation_freq_pred_total: 302.2747
  validation_spend_true_total: 287846.2422
  validation_spend_pred_total: 149138.8047
  validation_freq_calibration_factor: 2.1901
  validation_spend_calibration_factor: 1.9301
  validation_rolling_origin_count: 2
  protocol_name: uci_configured_78x26
  cohort_size: 4930
  calibration_weeks: 78
  holdout_weeks: 26
  inference_mode: sample
  n_scenarios: 30
  final_finetune_enabled: True
  final_finetune_epochs: 5
  final_finetune_lr_multiplier: 0.1000
  final_finetune_batch_size_multiplier: 4.0000
  final_manifest_version: 2026-05-29-v7-v8-extension3-sweep
  final_manifest_run_name: lstm_joint_uci_v8_seed2024_sample
  final_manifest_config: experiments/configs/lstm_joint_uci_v8.yaml
  final_manifest_config_hash: 150c53eca4ed
  final_manifest_actual_config_hash: b19f77a32477
  final_manifest_seed: 2024
  final_manifest_epochs: 120
  final_manifest_inference_mode: sample
  final_manifest_n_scenarios: 30
  run_valid: True
  run_invalid_reason: 
  run_warning: large spend bias (-20.9%)
  epochs_completed: 125
  max_epochs_configured: 120
History saved: /kaggle/working/results/tables/lstm_joint_uci_v8_seed2024_sample_history.json
