[Kaggle] raw_dir  → /kaggle/working/input/tafeng-dataset
[Kaggle] results  → /kaggle/working/results
Config: experiments/configs/lstm_joint_tafeng_v8.yaml
Run: lstm_joint_tafeng_v8_seed2024_sample
Device: cuda
Loading dataset: tafeng ...
[pipeline] freq_cap=4 (auto q=0.99) → freq_bins=[0, 1, 2, 3]... (n_classes=5)
  Train customers: 25029, Val: 2780, Inference: 27809
[tafeng] Customers with 0 calibration transactions: 0 / 27809
  top-bin decode: class_values[-1] = 4.473 (max_trans = 4)
Model: lstm — 98,262 parameters

Training for up to 120 epochs ...
/kaggle/working/thesis-code/src/training/trainer.py:135: FutureWarning: `torch.cuda.amp.GradScaler(args...)` is deprecated. Please use `torch.amp.GradScaler('cuda', args...)` instead.
  self.scaler = torch.cuda.amp.GradScaler(enabled=self.amp_enabled)
[Kendall] log_vars frozen for 10 warm-up epochs.
Epoch   1/120 — train_loss: 3.0139  val_loss: 2.9036  freq: 2.4938  spend: 0.0283  w_freq: 1.359  w_spend: 0.500
Epoch   2/120 — train_loss: 2.4247  val_loss: 1.2568  freq: 1.2838  spend: 0.0238  w_freq: 1.359  w_spend: 0.500
Epoch   3/120 — train_loss: 0.6004  val_loss: 0.4370  freq: 0.6812  spend: 0.0223  w_freq: 1.359  w_spend: 0.500
Epoch   4/120 — train_loss: 0.4226  val_loss: 0.3919  freq: 0.6482  spend: 0.0219  w_freq: 1.359  w_spend: 0.500
Epoch   5/120 — train_loss: 0.3714  val_loss: 0.3343  freq: 0.6056  spend: 0.0224  w_freq: 1.359  w_spend: 0.500
Epoch   6/120 — train_loss: 0.3302  val_loss: 0.3143  freq: 0.5913  spend: 0.0211  w_freq: 1.359  w_spend: 0.500
Epoch   7/120 — train_loss: 0.3154  val_loss: 0.3069  freq: 0.5863  spend: 0.0200  w_freq: 1.359  w_spend: 0.500
Epoch   8/120 — train_loss: 0.3135  val_loss: 0.3031  freq: 0.5838  spend: 0.0194  w_freq: 1.359  w_spend: 0.500
Epoch   9/120 — train_loss: 0.3074  val_loss: 0.3000  freq: 0.5819  spend: 0.0182  w_freq: 1.359  w_spend: 0.500
Epoch  10/120 — train_loss: 0.3050  val_loss: 0.2998  freq: 0.5825  spend: 0.0164  w_freq: 1.359  w_spend: 0.500
[Kendall] log_vars unfrozen at epoch 11.
[spend-norm] frozen at 0.2395 (absolute val-loss magnitude shifts accordingly; early stopping is relative so this is safe)
Epoch  11/120 — train_loss: 0.3183  val_loss: 0.3008  freq: 0.5796  spend: 0.0492  w_freq: 1.359  w_spend: 0.506
Epoch  12/120 — train_loss: 0.3024  val_loss: 0.2877  freq: 0.5793  spend: 0.0440  w_freq: 1.359  w_spend: 0.518
Epoch  13/120 — train_loss: 0.2882  val_loss: 0.2775  freq: 0.5791  spend: 0.0459  w_freq: 1.359  w_spend: 0.529
Epoch  14/120 — train_loss: 0.2781  val_loss: 0.2650  freq: 0.5778  spend: 0.0454  w_freq: 1.359  w_spend: 0.541
Epoch  15/120 — train_loss: 0.2647  val_loss: 0.2525  freq: 0.5777  spend: 0.0426  w_freq: 1.359  w_spend: 0.554
Epoch  16/120 — train_loss: 0.2522  val_loss: 0.2412  freq: 0.5772  spend: 0.0432  w_freq: 1.359  w_spend: 0.566
Epoch  17/120 — train_loss: 0.2406  val_loss: 0.2320  freq: 0.5798  spend: 0.0411  w_freq: 1.359  w_spend: 0.580
Epoch  18/120 — train_loss: 0.2288  val_loss: 0.2161  freq: 0.5765  spend: 0.0404  w_freq: 1.359  w_spend: 0.594
Epoch  19/120 — train_loss: 0.2176  val_loss: 0.2057  freq: 0.5763  spend: 0.0410  w_freq: 1.359  w_spend: 0.607
Epoch  20/120 — train_loss: 0.2049  val_loss: 0.1955  freq: 0.5778  spend: 0.0394  w_freq: 1.359  w_spend: 0.621
Epoch  21/120 — train_loss: 0.1967  val_loss: 0.1830  freq: 0.5760  spend: 0.0390  w_freq: 1.359  w_spend: 0.635
Epoch  22/120 — train_loss: 0.1846  val_loss: 0.1746  freq: 0.5758  spend: 0.0430  w_freq: 1.359  w_spend: 0.649
Epoch  23/120 — train_loss: 0.1753  val_loss: 0.1631  freq: 0.5764  spend: 0.0397  w_freq: 1.359  w_spend: 0.663
Epoch  24/120 — train_loss: 0.1620  val_loss: 0.1495  freq: 0.5750  spend: 0.0383  w_freq: 1.359  w_spend: 0.678
Epoch  25/120 — train_loss: 0.1505  val_loss: 0.1403  freq: 0.5758  spend: 0.0401  w_freq: 1.359  w_spend: 0.694
Epoch  26/120 — train_loss: 0.1375  val_loss: 0.1253  freq: 0.5743  spend: 0.0382  w_freq: 1.359  w_spend: 0.712
Epoch  27/120 — train_loss: 0.1272  val_loss: 0.1144  freq: 0.5745  spend: 0.0377  w_freq: 1.359  w_spend: 0.729
Epoch  28/120 — train_loss: 0.1169  val_loss: 0.1039  freq: 0.5740  spend: 0.0384  w_freq: 1.359  w_spend: 0.745
Epoch  29/120 — train_loss: 0.1055  val_loss: 0.0927  freq: 0.5746  spend: 0.0373  w_freq: 1.359  w_spend: 0.763
Epoch  30/120 — train_loss: 0.0929  val_loss: 0.0814  freq: 0.5739  spend: 0.0380  w_freq: 1.359  w_spend: 0.781
Epoch  31/120 — train_loss: 0.0843  val_loss: 0.0729  freq: 0.5753  spend: 0.0370  w_freq: 1.359  w_spend: 0.798
Epoch  32/120 — train_loss: 0.0750  val_loss: 0.0630  freq: 0.5749  spend: 0.0368  w_freq: 1.359  w_spend: 0.814
Epoch  33/120 — train_loss: 0.0634  val_loss: 0.0517  freq: 0.5748  spend: 0.0361  w_freq: 1.359  w_spend: 0.831
Epoch  34/120 — train_loss: 0.0523  val_loss: 0.0395  freq: 0.5734  spend: 0.0361  w_freq: 1.359  w_spend: 0.850
Epoch  35/120 — train_loss: 0.0432  val_loss: 0.0307  freq: 0.5744  spend: 0.0356  w_freq: 1.359  w_spend: 0.868
Epoch  36/120 — train_loss: 0.0323  val_loss: 0.0197  freq: 0.5734  spend: 0.0366  w_freq: 1.359  w_spend: 0.887
Epoch  37/120 — train_loss: 0.0226  val_loss: 0.0095  freq: 0.5733  spend: 0.0358  w_freq: 1.359  w_spend: 0.906
Epoch  38/120 — train_loss: 0.0131  val_loss: 0.0021  freq: 0.5738  spend: 0.0374  w_freq: 1.359  w_spend: 0.925
Epoch  39/120 — train_loss: 0.0039  val_loss: -0.0081  freq: 0.5742  spend: 0.0356  w_freq: 1.359  w_spend: 0.943
Epoch  40/120 — train_loss: -0.0048  val_loss: -0.0182  freq: 0.5733  spend: 0.0356  w_freq: 1.359  w_spend: 0.962
Epoch  41/120 — train_loss: -0.0149  val_loss: -0.0280  freq: 0.5728  spend: 0.0355  w_freq: 1.359  w_spend: 0.981
Epoch  42/120 — train_loss: -0.0223  val_loss: -0.0330  freq: 0.5752  spend: 0.0360  w_freq: 1.359  w_spend: 0.999
Epoch  43/120 — train_loss: -0.0331  val_loss: -0.0448  freq: 0.5731  spend: 0.0359  w_freq: 1.359  w_spend: 1.019
Epoch  44/120 — train_loss: -0.0398  val_loss: -0.0534  freq: 0.5729  spend: 0.0359  w_freq: 1.359  w_spend: 1.038
Epoch  45/120 — train_loss: -0.0480  val_loss: -0.0623  freq: 0.5728  spend: 0.0349  w_freq: 1.359  w_spend: 1.056
Epoch  46/120 — train_loss: -0.0538  val_loss: -0.0670  freq: 0.5738  spend: 0.0359  w_freq: 1.359  w_spend: 1.073
Epoch  47/120 — train_loss: -0.0645  val_loss: -0.0782  freq: 0.5725  spend: 0.0353  w_freq: 1.359  w_spend: 1.092
Epoch  48/120 — train_loss: -0.0744  val_loss: -0.0855  freq: 0.5731  spend: 0.0355  w_freq: 1.359  w_spend: 1.112
Epoch  49/120 — train_loss: -0.0811  val_loss: -0.0948  freq: 0.5728  spend: 0.0348  w_freq: 1.359  w_spend: 1.132
Epoch  50/120 — train_loss: -0.0890  val_loss: -0.1021  freq: 0.5726  spend: 0.0354  w_freq: 1.359  w_spend: 1.152
Epoch  51/120 — train_loss: -0.0973  val_loss: -0.1081  freq: 0.5730  spend: 0.0365  w_freq: 1.359  w_spend: 1.171
Epoch  52/120 — train_loss: -0.1040  val_loss: -0.1179  freq: 0.5730  spend: 0.0345  w_freq: 1.359  w_spend: 1.191
Epoch  53/120 — train_loss: -0.1097  val_loss: -0.1223  freq: 0.5742  spend: 0.0352  w_freq: 1.359  w_spend: 1.210
Epoch  54/120 — train_loss: -0.1173  val_loss: -0.1299  freq: 0.5730  spend: 0.0357  w_freq: 1.359  w_spend: 1.228
Epoch  55/120 — train_loss: -0.1229  val_loss: -0.1355  freq: 0.5726  spend: 0.0368  w_freq: 1.359  w_spend: 1.245
Epoch  56/120 — train_loss: -0.1305  val_loss: -0.1433  freq: 0.5727  spend: 0.0358  w_freq: 1.359  w_spend: 1.263
Epoch  57/120 — train_loss: -0.1368  val_loss: -0.1510  freq: 0.5729  spend: 0.0348  w_freq: 1.359  w_spend: 1.282
Epoch  58/120 — train_loss: -0.1438  val_loss: -0.1573  freq: 0.5725  spend: 0.0350  w_freq: 1.359  w_spend: 1.300
Epoch  59/120 — train_loss: -0.1487  val_loss: -0.1627  freq: 0.5727  spend: 0.0352  w_freq: 1.359  w_spend: 1.317
Epoch  60/120 — train_loss: -0.1573  val_loss: -0.1699  freq: 0.5726  spend: 0.0344  w_freq: 1.359  w_spend: 1.335
Epoch  61/120 — train_loss: -0.1607  val_loss: -0.1707  freq: 0.5757  spend: 0.0349  w_freq: 1.359  w_spend: 1.352
Epoch  62/120 — train_loss: -0.1651  val_loss: -0.1794  freq: 0.5728  spend: 0.0353  w_freq: 1.359  w_spend: 1.368
Epoch  63/120 — train_loss: -0.1703  val_loss: -0.1840  freq: 0.5734  spend: 0.0349  w_freq: 1.359  w_spend: 1.384
Epoch  64/120 — train_loss: -0.1755  val_loss: -0.1907  freq: 0.5725  spend: 0.0349  w_freq: 1.359  w_spend: 1.400
Epoch  65/120 — train_loss: -0.1821  val_loss: -0.1960  freq: 0.5727  spend: 0.0344  w_freq: 1.359  w_spend: 1.416
Epoch  66/120 — train_loss: -0.1877  val_loss: -0.2001  freq: 0.5727  spend: 0.0352  w_freq: 1.359  w_spend: 1.433
Epoch  67/120 — train_loss: -0.1916  val_loss: -0.2050  freq: 0.5726  spend: 0.0352  w_freq: 1.359  w_spend: 1.448
Epoch  68/120 — train_loss: -0.1952  val_loss: -0.2103  freq: 0.5729  spend: 0.0345  w_freq: 1.359  w_spend: 1.464
Epoch  69/120 — train_loss: -0.1999  val_loss: -0.2145  freq: 0.5727  spend: 0.0349  w_freq: 1.359  w_spend: 1.479
Epoch  70/120 — train_loss: -0.2039  val_loss: -0.2165  freq: 0.5742  spend: 0.0352  w_freq: 1.359  w_spend: 1.494
Epoch  71/120 — train_loss: -0.2083  val_loss: -0.2208  freq: 0.5742  spend: 0.0352  w_freq: 1.359  w_spend: 1.509
Epoch  72/120 — train_loss: -0.2107  val_loss: -0.2288  freq: 0.5724  spend: 0.0345  w_freq: 1.359  w_spend: 1.523
Epoch  73/120 — train_loss: -0.2160  val_loss: -0.2336  freq: 0.5722  spend: 0.0342  w_freq: 1.359  w_spend: 1.538
Epoch  74/120 — train_loss: -0.2185  val_loss: -0.2369  freq: 0.5725  spend: 0.0343  w_freq: 1.359  w_spend: 1.552
Epoch  75/120 — train_loss: -0.2237  val_loss: -0.2403  freq: 0.5724  spend: 0.0347  w_freq: 1.359  w_spend: 1.565
Epoch  76/120 — train_loss: -0.2288  val_loss: -0.2430  freq: 0.5727  spend: 0.0350  w_freq: 1.359  w_spend: 1.579
Epoch  77/120 — train_loss: -0.2312  val_loss: -0.2468  freq: 0.5725  spend: 0.0348  w_freq: 1.359  w_spend: 1.590
Epoch  78/120 — train_loss: -0.2342  val_loss: -0.2507  freq: 0.5724  spend: 0.0345  w_freq: 1.359  w_spend: 1.602
Epoch  79/120 — train_loss: -0.2378  val_loss: -0.2538  freq: 0.5725  spend: 0.0344  w_freq: 1.359  w_spend: 1.614
Epoch  80/120 — train_loss: -0.2389  val_loss: -0.2559  freq: 0.5725  spend: 0.0349  w_freq: 1.359  w_spend: 1.625
Epoch  81/120 — train_loss: -0.2408  val_loss: -0.2592  freq: 0.5725  spend: 0.0346  w_freq: 1.359  w_spend: 1.635
Epoch  82/120 — train_loss: -0.2448  val_loss: -0.2616  freq: 0.5729  spend: 0.0343  w_freq: 1.359  w_spend: 1.645
Epoch  83/120 — train_loss: -0.2461  val_loss: -0.2643  freq: 0.5727  spend: 0.0344  w_freq: 1.359  w_spend: 1.654
Epoch  84/120 — train_loss: -0.2484  val_loss: -0.2664  freq: 0.5725  spend: 0.0347  w_freq: 1.359  w_spend: 1.664
Epoch  85/120 — train_loss: -0.2520  val_loss: -0.2688  freq: 0.5726  spend: 0.0346  w_freq: 1.359  w_spend: 1.673
Epoch  86/120 — train_loss: -0.2533  val_loss: -0.2710  freq: 0.5728  spend: 0.0345  w_freq: 1.359  w_spend: 1.681
Epoch  87/120 — train_loss: -0.2555  val_loss: -0.2735  freq: 0.5725  spend: 0.0344  w_freq: 1.359  w_spend: 1.689
Epoch  88/120 — train_loss: -0.2562  val_loss: -0.2744  freq: 0.5727  spend: 0.0348  w_freq: 1.359  w_spend: 1.696
Epoch  89/120 — train_loss: -0.2560  val_loss: -0.2766  freq: 0.5726  spend: 0.0347  w_freq: 1.359  w_spend: 1.704
Epoch  90/120 — train_loss: -0.2578  val_loss: -0.2774  freq: 0.5737  spend: 0.0344  w_freq: 1.359  w_spend: 1.711
Epoch  91/120 — train_loss: -0.2611  val_loss: -0.2800  freq: 0.5727  spend: 0.0346  w_freq: 1.359  w_spend: 1.717
Epoch  92/120 — train_loss: -0.2616  val_loss: -0.2810  freq: 0.5731  spend: 0.0346  w_freq: 1.359  w_spend: 1.723
Epoch  93/120 — train_loss: -0.2631  val_loss: -0.2819  freq: 0.5732  spend: 0.0348  w_freq: 1.359  w_spend: 1.729
Epoch  94/120 — train_loss: -0.2631  val_loss: -0.2845  freq: 0.5727  spend: 0.0345  w_freq: 1.359  w_spend: 1.735
Epoch  95/120 — train_loss: -0.2672  val_loss: -0.2858  freq: 0.5726  spend: 0.0345  w_freq: 1.359  w_spend: 1.740
Epoch  96/120 — train_loss: -0.2638  val_loss: -0.2866  freq: 0.5726  spend: 0.0347  w_freq: 1.359  w_spend: 1.744
Epoch  97/120 — train_loss: -0.2647  val_loss: -0.2877  freq: 0.5727  spend: 0.0345  w_freq: 1.359  w_spend: 1.749
Epoch  98/120 — train_loss: -0.2671  val_loss: -0.2887  freq: 0.5726  spend: 0.0346  w_freq: 1.359  w_spend: 1.753
Epoch  99/120 — train_loss: -0.2703  val_loss: -0.2899  freq: 0.5725  spend: 0.0345  w_freq: 1.359  w_spend: 1.757
Epoch 100/120 — train_loss: -0.2674  val_loss: -0.2906  freq: 0.5727  spend: 0.0345  w_freq: 1.359  w_spend: 1.760
Epoch 101/120 — train_loss: -0.2673  val_loss: -0.2912  freq: 0.5726  spend: 0.0347  w_freq: 1.359  w_spend: 1.763
Epoch 102/120 — train_loss: -0.2693  val_loss: -0.2917  freq: 0.5726  spend: 0.0348  w_freq: 1.359  w_spend: 1.766
Epoch 103/120 — train_loss: -0.2693  val_loss: -0.2924  freq: 0.5726  spend: 0.0347  w_freq: 1.359  w_spend: 1.769
Epoch 104/120 — train_loss: -0.2685  val_loss: -0.2924  freq: 0.5727  spend: 0.0349  w_freq: 1.359  w_spend: 1.771
Epoch 105/120 — train_loss: -0.2696  val_loss: -0.2936  freq: 0.5726  spend: 0.0346  w_freq: 1.359  w_spend: 1.773
Epoch 106/120 — train_loss: -0.2688  val_loss: -0.2939  freq: 0.5727  spend: 0.0346  w_freq: 1.359  w_spend: 1.775
Epoch 107/120 — train_loss: -0.2676  val_loss: -0.2942  freq: 0.5726  spend: 0.0346  w_freq: 1.359  w_spend: 1.776
Epoch 108/120 — train_loss: -0.2707  val_loss: -0.2945  freq: 0.5727  spend: 0.0346  w_freq: 1.359  w_spend: 1.778
Epoch 109/120 — train_loss: -0.2682  val_loss: -0.2948  freq: 0.5726  spend: 0.0347  w_freq: 1.359  w_spend: 1.779
Epoch 110/120 — train_loss: -0.2682  val_loss: -0.2950  freq: 0.5727  spend: 0.0346  w_freq: 1.359  w_spend: 1.780
Epoch 111/120 — train_loss: -0.2714  val_loss: -0.2950  freq: 0.5727  spend: 0.0347  w_freq: 1.359  w_spend: 1.781
Epoch 112/120 — train_loss: -0.2696  val_loss: -0.2951  freq: 0.5728  spend: 0.0347  w_freq: 1.359  w_spend: 1.781
Epoch 113/120 — train_loss: -0.2674  val_loss: -0.2953  freq: 0.5728  spend: 0.0347  w_freq: 1.359  w_spend: 1.782
Epoch 114/120 — train_loss: -0.2690  val_loss: -0.2953  freq: 0.5727  spend: 0.0347  w_freq: 1.359  w_spend: 1.782
Epoch 115/120 — train_loss: -0.2683  val_loss: -0.2953  freq: 0.5728  spend: 0.0347  w_freq: 1.359  w_spend: 1.783
Epoch 116/120 — train_loss: -0.2676  val_loss: -0.2954  freq: 0.5728  spend: 0.0347  w_freq: 1.359  w_spend: 1.783
Epoch 117/120 — train_loss: -0.2685  val_loss: -0.2954  freq: 0.5728  spend: 0.0347  w_freq: 1.359  w_spend: 1.783
Epoch 118/120 — train_loss: -0.2671  val_loss: -0.2954  freq: 0.5728  spend: 0.0347  w_freq: 1.359  w_spend: 1.783
Epoch 119/120 — train_loss: -0.2663  val_loss: -0.2954  freq: 0.5728  spend: 0.0347  w_freq: 1.359  w_spend: 1.783
Epoch 120/120 — train_loss: -0.2678  val_loss: -0.2954  freq: 0.5728  spend: 0.0347  w_freq: 1.359  w_spend: 1.783

Final calibration fine-tuning for 5 epochs on 27809 customers (batch_size=2048, lr=5e-05) ...
Fine-tune epoch   1/5 - train_loss: -0.2638  full_loss: -0.3138
Fine-tune epoch   2/5 - train_loss: -0.2655  full_loss: -0.3141
Fine-tune epoch   3/5 - train_loss: -0.2644  full_loss: -0.3141
Fine-tune epoch   4/5 - train_loss: -0.2637  full_loss: -0.3143
Fine-tune epoch   5/5 - train_loss: -0.2668  full_loss: -0.3147

Checkpoint saved: /kaggle/working/results/checkpoints/lstm_joint_tafeng_v8_seed2024_sample.pt
Validation-fitted softmax temperature: 0.7500

Duan's smearing factor (val): 1.8565
Validation aggregate calibration: freq_factor=1.8200, spend_factor=1.5421

Running autoregressive inference on holdout period ...
  inference mode: sample  n_scenarios: 30  temperature: 0.7500

=== Prediction Diagnostics ===
  Mean predicted freq/week:    0.1218
  Mean actual freq/week:       0.2167
  Over-prediction ratio:       0.562x
  Customers predicted as zero total:  0.711
  Customers actually zero total:      0.504
  Non-zero rate (pred, avg > 0.05):  0.457
  Non-zero rate (true):               0.175

Metrics saved: /kaggle/working/results/tables/lstm_joint_tafeng_v8_seed2024_sample_metrics.json
Array artifacts saved: /kaggle/working/results/tables/lstm_joint_tafeng_v8_seed2024_sample_arrays.npz

=== Holdout Evaluation ===
  metric_definition_version: valendin_aggregate_mape_v1
  freq_rmse: 1.6625
  freq_mae: 0.9275
  freq_normalized_gini: 0.6252
  freq_calibration_factor: 1.8200
  freq_horizon_abs_bias_pct: 2.2761
  bias_pct: 2.2761
  freq_weekly_mae: 3313.6993
  freq_weekly_total_true: 30127.0000
  freq_weekly_total_pred: 30812.7116
  freq_valendin_mape: 54.9955
  freq_horizon_bias_pct: 2.2761
  freq_weekly_mean_pct_mape: 64.6760
  freq_weekly_mean_pct_bias_pct: 18.6267
  freq_weekly_bias_pct: 2.2761
  freq_weekly_mape: 54.9955
  freq_mape: 54.9955
  freq_mase: 0.8577
  freq_mase_scale: 0.3519
  smearing_factor: 1.8565
  spend_calibration_factor: 1.5421
  spend_mae_raw: 1069.0537
  spend_rmse_raw: 3850.7546
  spend_normalized_gini: 0.5446
  spend_mae_log: 3.5012
  spend_rmse_log: 4.3981
  spend_r2_log: -0.5519
  spend_bias_pct: 45.1455
  spend_weekly_mae: 4319916.3839
  spend_weekly_total_true: 23513493.8879
  spend_weekly_total_pred: 34128768.4747
  spend_valendin_mape: 91.8604
  spend_horizon_abs_bias_pct: 45.1455
  spend_horizon_bias_pct: 45.1455
  spend_weekly_mean_pct_mape: 109.0993
  spend_weekly_mean_pct_bias_pct: 66.7341
  spend_weekly_bias_pct: 45.1455
  spend_weekly_mape: 91.8604
  spend_mase: 1.0994
  spend_mase_scale: 289.2989
  clv_mae: 1069.0537
  clv_rmse: 3850.7546
  clv_spearman: 0.3929
  clv_decile_lift: 3.3207
  clv_normalized_gini: 0.5446
  clv_total_true: 23513494.0000
  clv_total_pred: 34128768.0000
  calibration_temperature_source: rolling_origin_autoregressive
  validation_temperature: 0.7500
  smearing_source: rolling_origin_autoregressive
  calibration_source: rolling_origin_autoregressive
  validation_freq_true_total: 2897.0000
  validation_freq_pred_total: 1591.7343
  validation_spend_true_total: 3010621.0000
  validation_spend_pred_total: 1952226.2500
  validation_freq_calibration_factor: 1.8200
  validation_spend_calibration_factor: 1.5421
  validation_rolling_origin_count: 2
  protocol_name: tafeng_configured_12x5
  cohort_size: 27809
  calibration_weeks: 12
  holdout_weeks: 5
  inference_mode: sample
  n_scenarios: 30
  final_finetune_enabled: True
  final_finetune_epochs: 5
  final_finetune_lr_multiplier: 0.1000
  final_finetune_batch_size_multiplier: 4.0000
  final_manifest_version: 2026-05-29-v7-v8-extension3-sweep
  final_manifest_run_name: lstm_joint_tafeng_v8_seed2024_sample
  final_manifest_config: experiments/configs/lstm_joint_tafeng_v8.yaml
  final_manifest_config_hash: cc7d4cfb21d2
  final_manifest_actual_config_hash: c526e7127344
  final_manifest_seed: 2024
  final_manifest_epochs: 120
  final_manifest_inference_mode: sample
  final_manifest_n_scenarios: 30
  run_valid: True
  run_invalid_reason: 
  run_warning: large spend bias (45.1%)
  epochs_completed: 125
  max_epochs_configured: 120
History saved: /kaggle/working/results/tables/lstm_joint_tafeng_v8_seed2024_sample_history.json
