[Kaggle] raw_dir  → /kaggle/working/input/tafeng-dataset
[Kaggle] results  → /kaggle/working/results
Config: experiments/configs/lstm_base_tafeng_v6.yaml
Run: lstm_base_tafeng_v6_seed42_sample
Device: cuda
Loading dataset: tafeng ...
[pipeline] freq_cap=4 (auto q=0.99) → freq_bins=[0, 1, 2, 3]... (n_classes=5)
  Train customers: 25029, Val: 2780, Inference: 27809
[tafeng] Customers with 0 calibration transactions: 0 / 27809
  top-bin decode: class_values[-1] = 4.473 (max_trans = 4)
Model: lstm — 89,780 parameters

Training for up to 100 epochs ...
/kaggle/working/thesis-code/src/training/trainer.py:135: FutureWarning: `torch.cuda.amp.GradScaler(args...)` is deprecated. Please use `torch.amp.GradScaler('cuda', args...)` instead.
  self.scaler = torch.cuda.amp.GradScaler(enabled=self.amp_enabled)
Epoch   1/100 — train_loss: 1.5750  val_loss: 1.5263
Epoch   2/100 — train_loss: 1.2876  val_loss: 0.8648
Epoch   3/100 — train_loss: 0.7088  val_loss: 0.6249
Epoch   4/100 — train_loss: 0.6091  val_loss: 0.5885
Epoch   5/100 — train_loss: 0.5763  val_loss: 0.5656
Epoch   6/100 — train_loss: 0.5623  val_loss: 0.5562
Epoch   7/100 — train_loss: 0.5565  val_loss: 0.5507
Epoch   8/100 — train_loss: 0.5520  val_loss: 0.5481
Epoch   9/100 — train_loss: 0.5496  val_loss: 0.5471
Epoch  10/100 — train_loss: 0.5484  val_loss: 0.5480
Epoch  11/100 — train_loss: 0.5480  val_loss: 0.5469
Epoch  12/100 — train_loss: 0.5469  val_loss: 0.5462
Epoch  13/100 — train_loss: 0.5466  val_loss: 0.5454
Epoch  14/100 — train_loss: 0.5465  val_loss: 0.5449
Epoch  15/100 — train_loss: 0.5461  val_loss: 0.5447
Epoch  16/100 — train_loss: 0.5461  val_loss: 0.5454
Epoch  17/100 — train_loss: 0.5461  val_loss: 0.5442
Epoch  18/100 — train_loss: 0.5458  val_loss: 0.5441
Epoch  19/100 — train_loss: 0.5465  val_loss: 0.5446
Epoch  20/100 — train_loss: 0.5466  val_loss: 0.5447
Epoch  21/100 — train_loss: 0.5458  val_loss: 0.5440
Epoch  22/100 — train_loss: 0.5464  val_loss: 0.5436
Epoch  23/100 — train_loss: 0.5461  val_loss: 0.5446
Epoch  24/100 — train_loss: 0.5467  val_loss: 0.5437
Epoch  25/100 — train_loss: 0.5464  val_loss: 0.5438
Epoch  26/100 — train_loss: 0.5465  val_loss: 0.5440
Epoch  27/100 — train_loss: 0.5465  val_loss: 0.5443
Epoch  28/100 — train_loss: 0.5469  val_loss: 0.5436
Epoch  29/100 — train_loss: 0.5475  val_loss: 0.5436
Epoch  30/100 — train_loss: 0.5466  val_loss: 0.5433
Epoch  31/100 — train_loss: 0.5470  val_loss: 0.5434
Epoch  32/100 — train_loss: 0.5474  val_loss: 0.5436
Epoch  33/100 — train_loss: 0.5474  val_loss: 0.5438
Epoch  34/100 — train_loss: 0.5480  val_loss: 0.5436
Epoch  35/100 — train_loss: 0.5474  val_loss: 0.5434
Epoch  36/100 — train_loss: 0.5481  val_loss: 0.5442
Epoch  37/100 — train_loss: 0.5475  val_loss: 0.5441
Epoch  38/100 — train_loss: 0.5480  val_loss: 0.5438
Epoch  39/100 — train_loss: 0.5483  val_loss: 0.5439
Epoch  40/100 — train_loss: 0.5483  val_loss: 0.5440
Epoch  41/100 — train_loss: 0.5489  val_loss: 0.5438
Epoch  42/100 — train_loss: 0.5487  val_loss: 0.5434
Epoch  43/100 — train_loss: 0.5484  val_loss: 0.5435
Epoch  44/100 — train_loss: 0.5493  val_loss: 0.5437
Epoch  45/100 — train_loss: 0.5490  val_loss: 0.5436
Epoch  46/100 — train_loss: 0.5486  val_loss: 0.5435
Epoch  47/100 — train_loss: 0.5500  val_loss: 0.5436
Epoch  48/100 — train_loss: 0.5498  val_loss: 0.5434
Epoch  49/100 — train_loss: 0.5506  val_loss: 0.5434
Epoch  50/100 — train_loss: 0.5502  val_loss: 0.5439
Early stopping triggered at epoch 50.

Final calibration fine-tuning for 5 epochs on 27809 customers (batch_size=2048, lr=5e-05) ...
Fine-tune epoch   1/5 - train_loss: 0.5517  full_loss: 0.5355
Fine-tune epoch   2/5 - train_loss: 0.5513  full_loss: 0.5354
Fine-tune epoch   3/5 - train_loss: 0.5522  full_loss: 0.5356
Fine-tune epoch   4/5 - train_loss: 0.5524  full_loss: 0.5356
Fine-tune epoch   5/5 - train_loss: 0.5513  full_loss: 0.5357

Checkpoint saved: /kaggle/working/results/checkpoints/lstm_base_tafeng_v6_seed42_sample.pt
Validation-fitted softmax temperature: 0.7500
Validation aggregate calibration: freq_factor=1.8014, spend_factor=1.0000

Running autoregressive inference on holdout period ...
  inference mode: sample  n_scenarios: 30  temperature: 0.7500

=== Prediction Diagnostics ===
  Mean predicted freq/week:    0.1351
  Mean actual freq/week:       0.2167
  Over-prediction ratio:       0.624x
  Customers predicted as zero total:  0.712
  Customers actually zero total:      0.504
  Non-zero rate (pred, avg > 0.05):  0.558
  Non-zero rate (true):               0.175

Metrics saved: /kaggle/working/results/tables/lstm_base_tafeng_v6_seed42_sample_metrics.json
Array artifacts saved: /kaggle/working/results/tables/lstm_base_tafeng_v6_seed42_sample_arrays.npz

=== Holdout Evaluation ===
  metric_definition_version: valendin_aggregate_mape_v1
  freq_rmse: 1.7369
  freq_mae: 0.9722
  freq_normalized_gini: 0.6192
  freq_calibration_factor: 1.8014
  freq_horizon_abs_bias_pct: 12.3401
  bias_pct: 12.3401
  freq_weekly_mae: 1851.4482
  freq_weekly_total_true: 30127.0000
  freq_weekly_total_pred: 33844.7046
  freq_valendin_mape: 30.7274
  freq_horizon_bias_pct: 12.3401
  freq_weekly_mean_pct_mape: 39.0277
  freq_weekly_mean_pct_bias_pct: 21.4594
  freq_weekly_bias_pct: 12.3401
  freq_weekly_mape: 30.7274
  freq_mape: 30.7274
  freq_mase: 0.8574
  freq_mase_scale: 0.3519
  calibration_temperature_source: rolling_origin_autoregressive
  validation_temperature: 0.7500
  calibration_source: rolling_origin_autoregressive
  validation_freq_true_total: 2897.0000
  validation_freq_pred_total: 1608.2086
  validation_spend_true_total: 0.0000
  validation_spend_pred_total: 0.0000
  validation_freq_calibration_factor: 1.8014
  validation_spend_calibration_factor: 1.0000
  validation_rolling_origin_count: 2
  protocol_name: tafeng_configured_12x5
  cohort_size: 27809
  calibration_weeks: 12
  holdout_weeks: 5
  inference_mode: sample
  n_scenarios: 30
  final_finetune_enabled: True
  final_finetune_epochs: 5
  final_finetune_lr_multiplier: 0.1000
  final_finetune_batch_size_multiplier: 4.0000
  final_manifest_version: 2026-05-29-v7-v8-extension3-sweep
  final_manifest_run_name: lstm_base_tafeng_v6_seed42_sample
  final_manifest_config: experiments/configs/lstm_base_tafeng_v6.yaml
  final_manifest_config_hash: 286f58211bd3
  final_manifest_actual_config_hash: 195eb80ed273
  final_manifest_seed: 42
  final_manifest_epochs: 100
  final_manifest_inference_mode: sample
  final_manifest_n_scenarios: 30
  run_valid: True
  run_invalid_reason: 
  run_warning: 
  epochs_completed: 55
  max_epochs_configured: 100
History saved: /kaggle/working/results/tables/lstm_base_tafeng_v6_seed42_sample_history.json
