[Kaggle] raw_dir  → /kaggle/working/input/tafeng-dataset
[Kaggle] results  → /kaggle/working/results
Config: experiments/configs/lstm_base_tafeng_v6.yaml
Run: lstm_base_tafeng_v6_seed7_sample
Device: cuda
Loading dataset: tafeng ...
[pipeline] freq_cap=4 (auto q=0.99) → freq_bins=[0, 1, 2, 3]... (n_classes=5)
  Train customers: 25029, Val: 2780, Inference: 27809
[tafeng] Customers with 0 calibration transactions: 0 / 27809
  top-bin decode: class_values[-1] = 4.473 (max_trans = 4)
Model: lstm — 89,780 parameters

Training for up to 100 epochs ...
/kaggle/working/thesis-code/src/training/trainer.py:135: FutureWarning: `torch.cuda.amp.GradScaler(args...)` is deprecated. Please use `torch.amp.GradScaler('cuda', args...)` instead.
  self.scaler = torch.cuda.amp.GradScaler(enabled=self.amp_enabled)
Epoch   1/100 — train_loss: 1.5863  val_loss: 1.5193
Epoch   2/100 — train_loss: 1.2062  val_loss: 0.7723
Epoch   3/100 — train_loss: 0.6697  val_loss: 0.6169
Epoch   4/100 — train_loss: 0.5968  val_loss: 0.5759
Epoch   5/100 — train_loss: 0.5740  val_loss: 0.5786
Epoch   6/100 — train_loss: 0.5657  val_loss: 0.5584
Epoch   7/100 — train_loss: 0.5578  val_loss: 0.5537
Epoch   8/100 — train_loss: 0.5536  val_loss: 0.5505
Epoch   9/100 — train_loss: 0.5518  val_loss: 0.5498
Epoch  10/100 — train_loss: 0.5502  val_loss: 0.5488
Epoch  11/100 — train_loss: 0.5499  val_loss: 0.5490
Epoch  12/100 — train_loss: 0.5502  val_loss: 0.5481
Epoch  13/100 — train_loss: 0.5481  val_loss: 0.5472
Epoch  14/100 — train_loss: 0.5480  val_loss: 0.5463
Epoch  15/100 — train_loss: 0.5478  val_loss: 0.5461
Epoch  16/100 — train_loss: 0.5477  val_loss: 0.5459
Epoch  17/100 — train_loss: 0.5478  val_loss: 0.5453
Epoch  18/100 — train_loss: 0.5474  val_loss: 0.5461
Epoch  19/100 — train_loss: 0.5470  val_loss: 0.5450
Epoch  20/100 — train_loss: 0.5470  val_loss: 0.5447
Epoch  21/100 — train_loss: 0.5469  val_loss: 0.5446
Epoch  22/100 — train_loss: 0.5473  val_loss: 0.5444
Epoch  23/100 — train_loss: 0.5469  val_loss: 0.5444
Epoch  24/100 — train_loss: 0.5475  val_loss: 0.5446
Epoch  25/100 — train_loss: 0.5474  val_loss: 0.5443
Epoch  26/100 — train_loss: 0.5472  val_loss: 0.5444
Epoch  27/100 — train_loss: 0.5472  val_loss: 0.5440
Epoch  28/100 — train_loss: 0.5473  val_loss: 0.5437
Epoch  29/100 — train_loss: 0.5473  val_loss: 0.5441
Epoch  30/100 — train_loss: 0.5479  val_loss: 0.5437
Epoch  31/100 — train_loss: 0.5471  val_loss: 0.5436
Epoch  32/100 — train_loss: 0.5475  val_loss: 0.5446
Epoch  33/100 — train_loss: 0.5483  val_loss: 0.5437
Epoch  34/100 — train_loss: 0.5472  val_loss: 0.5435
Epoch  35/100 — train_loss: 0.5476  val_loss: 0.5442
Epoch  36/100 — train_loss: 0.5483  val_loss: 0.5441
Epoch  37/100 — train_loss: 0.5479  val_loss: 0.5437
Epoch  38/100 — train_loss: 0.5483  val_loss: 0.5437
Epoch  39/100 — train_loss: 0.5490  val_loss: 0.5437
Epoch  40/100 — train_loss: 0.5483  val_loss: 0.5435
Epoch  41/100 — train_loss: 0.5486  val_loss: 0.5437
Epoch  42/100 — train_loss: 0.5483  val_loss: 0.5439
Epoch  43/100 — train_loss: 0.5491  val_loss: 0.5439
Epoch  44/100 — train_loss: 0.5490  val_loss: 0.5434
Epoch  45/100 — train_loss: 0.5496  val_loss: 0.5437
Epoch  46/100 — train_loss: 0.5495  val_loss: 0.5437
Epoch  47/100 — train_loss: 0.5492  val_loss: 0.5436
Epoch  48/100 — train_loss: 0.5494  val_loss: 0.5435
Epoch  49/100 — train_loss: 0.5499  val_loss: 0.5437
Epoch  50/100 — train_loss: 0.5509  val_loss: 0.5450
Epoch  51/100 — train_loss: 0.5501  val_loss: 0.5439
Epoch  52/100 — train_loss: 0.5508  val_loss: 0.5445
Epoch  53/100 — train_loss: 0.5498  val_loss: 0.5437
Epoch  54/100 — train_loss: 0.5507  val_loss: 0.5443
Epoch  55/100 — train_loss: 0.5507  val_loss: 0.5437
Epoch  56/100 — train_loss: 0.5511  val_loss: 0.5450
Epoch  57/100 — train_loss: 0.5515  val_loss: 0.5439
Epoch  58/100 — train_loss: 0.5520  val_loss: 0.5438
Epoch  59/100 — train_loss: 0.5520  val_loss: 0.5436
Epoch  60/100 — train_loss: 0.5520  val_loss: 0.5437
Epoch  61/100 — train_loss: 0.5523  val_loss: 0.5438
Epoch  62/100 — train_loss: 0.5515  val_loss: 0.5438
Epoch  63/100 — train_loss: 0.5522  val_loss: 0.5439
Epoch  64/100 — train_loss: 0.5526  val_loss: 0.5439
Early stopping triggered at epoch 64.

Final calibration fine-tuning for 5 epochs on 27809 customers (batch_size=2048, lr=5e-05) ...
Fine-tune epoch   1/5 - train_loss: 0.5538  full_loss: 0.5354
Fine-tune epoch   2/5 - train_loss: 0.5524  full_loss: 0.5354
Fine-tune epoch   3/5 - train_loss: 0.5530  full_loss: 0.5355
Fine-tune epoch   4/5 - train_loss: 0.5539  full_loss: 0.5357
Fine-tune epoch   5/5 - train_loss: 0.5535  full_loss: 0.5356

Checkpoint saved: /kaggle/working/results/checkpoints/lstm_base_tafeng_v6_seed7_sample.pt
Validation-fitted softmax temperature: 0.7500
Validation aggregate calibration: freq_factor=1.8683, spend_factor=1.0000

Running autoregressive inference on holdout period ...
  inference mode: sample  n_scenarios: 30  temperature: 0.7500

=== Prediction Diagnostics ===
  Mean predicted freq/week:    0.2220
  Mean actual freq/week:       0.2167
  Over-prediction ratio:       1.025x
  Customers predicted as zero total:  0.456
  Customers actually zero total:      0.504
  Non-zero rate (pred, avg > 0.05):  0.782
  Non-zero rate (true):               0.175

Metrics saved: /kaggle/working/results/tables/lstm_base_tafeng_v6_seed7_sample_metrics.json
Array artifacts saved: /kaggle/working/results/tables/lstm_base_tafeng_v6_seed7_sample_arrays.npz

=== Holdout Evaluation ===
  metric_definition_version: valendin_aggregate_mape_v1
  freq_rmse: 2.5782
  freq_mae: 1.4287
  freq_normalized_gini: 0.6343
  freq_calibration_factor: 1.8683
  freq_horizon_abs_bias_pct: 91.4407
  bias_pct: 91.4407
  freq_weekly_mae: 5509.6679
  freq_weekly_total_true: 30127.0000
  freq_weekly_total_pred: 57675.3396
  freq_valendin_mape: 91.4407
  freq_horizon_bias_pct: 91.4407
  freq_weekly_mean_pct_mape: 95.2175
  freq_weekly_mean_pct_bias_pct: 95.2175
  freq_weekly_bias_pct: 91.4407
  freq_weekly_mape: 91.4407
  freq_mape: 91.4407
  freq_mase: 1.1465
  freq_mase_scale: 0.3519
  calibration_temperature_source: rolling_origin_autoregressive
  validation_temperature: 0.7500
  calibration_source: rolling_origin_autoregressive
  validation_freq_true_total: 2897.0000
  validation_freq_pred_total: 1550.5964
  validation_spend_true_total: 0.0000
  validation_spend_pred_total: 0.0000
  validation_freq_calibration_factor: 1.8683
  validation_spend_calibration_factor: 1.0000
  validation_rolling_origin_count: 2
  protocol_name: tafeng_configured_12x5
  cohort_size: 27809
  calibration_weeks: 12
  holdout_weeks: 5
  inference_mode: sample
  n_scenarios: 30
  final_finetune_enabled: True
  final_finetune_epochs: 5
  final_finetune_lr_multiplier: 0.1000
  final_finetune_batch_size_multiplier: 4.0000
  final_manifest_version: 2026-05-29-v7-v8-extension3-sweep
  final_manifest_run_name: lstm_base_tafeng_v6_seed7_sample
  final_manifest_config: experiments/configs/lstm_base_tafeng_v6.yaml
  final_manifest_config_hash: 286f58211bd3
  final_manifest_actual_config_hash: b2201aefea83
  final_manifest_seed: 7
  final_manifest_epochs: 100
  final_manifest_inference_mode: sample
  final_manifest_n_scenarios: 30
  run_valid: False
  run_invalid_reason: absolute frequency bias 91.4% exceeds 15.0%
  run_warning: large frequency bias (91.4%)
  epochs_completed: 69
  max_epochs_configured: 100
History saved: /kaggle/working/results/tables/lstm_base_tafeng_v6_seed7_sample_history.json
