[Kaggle] raw_dir  → /kaggle/working/input/tafeng-dataset
[Kaggle] results  → /kaggle/working/results
Config: experiments/configs/lstm_joint_tafeng_v8.yaml
Run: lstm_joint_tafeng_v8_seed42_sample
Device: cuda
Loading dataset: tafeng ...
[pipeline] freq_cap=4 (auto q=0.99) → freq_bins=[0, 1, 2, 3]... (n_classes=5)
  Train customers: 25029, Val: 2780, Inference: 27809
[tafeng] Customers with 0 calibration transactions: 0 / 27809
  top-bin decode: class_values[-1] = 4.473 (max_trans = 4)
Model: lstm — 98,262 parameters

Training for up to 120 epochs ...
/kaggle/working/thesis-code/src/training/trainer.py:135: FutureWarning: `torch.cuda.amp.GradScaler(args...)` is deprecated. Please use `torch.amp.GradScaler('cuda', args...)` instead.
  self.scaler = torch.cuda.amp.GradScaler(enabled=self.amp_enabled)
[Kendall] log_vars frozen for 10 warm-up epochs.
Epoch   1/120 — train_loss: 2.8486  val_loss: 2.6969  freq: 2.3418  spend: 0.0280  w_freq: 1.359  w_spend: 0.500
Epoch   2/120 — train_loss: 2.0888  val_loss: 0.9542  freq: 1.0612  spend: 0.0238  w_freq: 1.359  w_spend: 0.500
Epoch   3/120 — train_loss: 0.5527  val_loss: 0.4153  freq: 0.6653  spend: 0.0222  w_freq: 1.359  w_spend: 0.500
Epoch   4/120 — train_loss: 0.3942  val_loss: 0.3690  freq: 0.6314  spend: 0.0217  w_freq: 1.359  w_spend: 0.500
Epoch   5/120 — train_loss: 0.3508  val_loss: 0.3339  freq: 0.6055  spend: 0.0217  w_freq: 1.359  w_spend: 0.500
Epoch   6/120 — train_loss: 0.3284  val_loss: 0.3143  freq: 0.5914  spend: 0.0210  w_freq: 1.359  w_spend: 0.500
Epoch   7/120 — train_loss: 0.3165  val_loss: 0.3077  freq: 0.5869  spend: 0.0199  w_freq: 1.359  w_spend: 0.500
Epoch   8/120 — train_loss: 0.3118  val_loss: 0.3047  freq: 0.5853  spend: 0.0185  w_freq: 1.359  w_spend: 0.500
Epoch   9/120 — train_loss: 0.3086  val_loss: 0.3061  freq: 0.5869  spend: 0.0168  w_freq: 1.359  w_spend: 0.500
Epoch  10/120 — train_loss: 0.3032  val_loss: 0.2939  freq: 0.5790  spend: 0.0139  w_freq: 1.359  w_spend: 0.500
[Kendall] log_vars unfrozen at epoch 11.
[spend-norm] frozen at 0.2326 (absolute val-loss magnitude shifts accordingly; early stopping is relative so this is safe)
Epoch  11/120 — train_loss: 0.3138  val_loss: 0.3025  freq: 0.5794  spend: 0.0519  w_freq: 1.359  w_spend: 0.506
Epoch  12/120 — train_loss: 0.2996  val_loss: 0.2880  freq: 0.5785  spend: 0.0467  w_freq: 1.359  w_spend: 0.517
Epoch  13/120 — train_loss: 0.2886  val_loss: 0.2754  freq: 0.5773  spend: 0.0449  w_freq: 1.359  w_spend: 0.529
Epoch  14/120 — train_loss: 0.2745  val_loss: 0.2620  freq: 0.5759  spend: 0.0448  w_freq: 1.359  w_spend: 0.541
Epoch  15/120 — train_loss: 0.2615  val_loss: 0.2508  freq: 0.5768  spend: 0.0431  w_freq: 1.359  w_spend: 0.554
Epoch  16/120 — train_loss: 0.2508  val_loss: 0.2389  freq: 0.5757  spend: 0.0429  w_freq: 1.359  w_spend: 0.567
Epoch  17/120 — train_loss: 0.2390  val_loss: 0.2264  freq: 0.5752  spend: 0.0421  w_freq: 1.359  w_spend: 0.580
Epoch  18/120 — train_loss: 0.2257  val_loss: 0.2206  freq: 0.5795  spend: 0.0423  w_freq: 1.359  w_spend: 0.594
Epoch  19/120 — train_loss: 0.2171  val_loss: 0.2033  freq: 0.5746  spend: 0.0403  w_freq: 1.359  w_spend: 0.607
Epoch  20/120 — train_loss: 0.2020  val_loss: 0.1921  freq: 0.5745  spend: 0.0430  w_freq: 1.359  w_spend: 0.622
Epoch  21/120 — train_loss: 0.1905  val_loss: 0.1799  freq: 0.5752  spend: 0.0408  w_freq: 1.359  w_spend: 0.638
Epoch  22/120 — train_loss: 0.1788  val_loss: 0.1696  freq: 0.5758  spend: 0.0399  w_freq: 1.359  w_spend: 0.653
Epoch  23/120 — train_loss: 0.1671  val_loss: 0.1560  freq: 0.5738  spend: 0.0395  w_freq: 1.359  w_spend: 0.668
Epoch  24/120 — train_loss: 0.1561  val_loss: 0.1445  freq: 0.5738  spend: 0.0397  w_freq: 1.359  w_spend: 0.684
Epoch  25/120 — train_loss: 0.1483  val_loss: 0.1362  freq: 0.5741  spend: 0.0397  w_freq: 1.359  w_spend: 0.699
Epoch  26/120 — train_loss: 0.1386  val_loss: 0.1267  freq: 0.5738  spend: 0.0394  w_freq: 1.359  w_spend: 0.712
Epoch  27/120 — train_loss: 0.1271  val_loss: 0.1225  freq: 0.5787  spend: 0.0384  w_freq: 1.359  w_spend: 0.726
Epoch  28/120 — train_loss: 0.1174  val_loss: 0.1076  freq: 0.5749  spend: 0.0385  w_freq: 1.359  w_spend: 0.742
Epoch  29/120 — train_loss: 0.1094  val_loss: 0.0968  freq: 0.5737  spend: 0.0390  w_freq: 1.359  w_spend: 0.757
Epoch  30/120 — train_loss: 0.0968  val_loss: 0.0870  freq: 0.5748  spend: 0.0379  w_freq: 1.359  w_spend: 0.773
Epoch  31/120 — train_loss: 0.0858  val_loss: 0.0735  freq: 0.5735  spend: 0.0372  w_freq: 1.359  w_spend: 0.792
Epoch  32/120 — train_loss: 0.0740  val_loss: 0.0625  freq: 0.5733  spend: 0.0382  w_freq: 1.359  w_spend: 0.811
Epoch  33/120 — train_loss: 0.0630  val_loss: 0.0522  freq: 0.5738  spend: 0.0381  w_freq: 1.359  w_spend: 0.831
Epoch  34/120 — train_loss: 0.0537  val_loss: 0.0432  freq: 0.5742  spend: 0.0384  w_freq: 1.359  w_spend: 0.850
Epoch  35/120 — train_loss: 0.0425  val_loss: 0.0312  freq: 0.5731  spend: 0.0374  w_freq: 1.359  w_spend: 0.867
Epoch  36/120 — train_loss: 0.0324  val_loss: 0.0215  freq: 0.5731  spend: 0.0381  w_freq: 1.359  w_spend: 0.886
Epoch  37/120 — train_loss: 0.0212  val_loss: 0.0127  freq: 0.5745  spend: 0.0381  w_freq: 1.359  w_spend: 0.906
Epoch  38/120 — train_loss: 0.0115  val_loss: 0.0020  freq: 0.5738  spend: 0.0380  w_freq: 1.359  w_spend: 0.926
Epoch  39/120 — train_loss: 0.0017  val_loss: -0.0093  freq: 0.5727  spend: 0.0373  w_freq: 1.359  w_spend: 0.945
Epoch  40/120 — train_loss: -0.0070  val_loss: -0.0176  freq: 0.5734  spend: 0.0375  w_freq: 1.359  w_spend: 0.964
Epoch  41/120 — train_loss: -0.0161  val_loss: -0.0257  freq: 0.5742  spend: 0.0373  w_freq: 1.359  w_spend: 0.983
Epoch  42/120 — train_loss: -0.0227  val_loss: -0.0364  freq: 0.5732  spend: 0.0367  w_freq: 1.359  w_spend: 1.002
Epoch  43/120 — train_loss: -0.0341  val_loss: -0.0447  freq: 0.5733  spend: 0.0373  w_freq: 1.359  w_spend: 1.022
Epoch  44/120 — train_loss: -0.0412  val_loss: -0.0543  freq: 0.5729  spend: 0.0367  w_freq: 1.359  w_spend: 1.041
Epoch  45/120 — train_loss: -0.0501  val_loss: -0.0593  freq: 0.5745  spend: 0.0376  w_freq: 1.359  w_spend: 1.061
Epoch  46/120 — train_loss: -0.0586  val_loss: -0.0715  freq: 0.5726  spend: 0.0362  w_freq: 1.359  w_spend: 1.079
Epoch  47/120 — train_loss: -0.0689  val_loss: -0.0796  freq: 0.5728  spend: 0.0365  w_freq: 1.359  w_spend: 1.099
Epoch  48/120 — train_loss: -0.0749  val_loss: -0.0856  freq: 0.5730  spend: 0.0381  w_freq: 1.359  w_spend: 1.119
Epoch  49/120 — train_loss: -0.0834  val_loss: -0.0934  freq: 0.5729  spend: 0.0379  w_freq: 1.359  w_spend: 1.138
Epoch  50/120 — train_loss: -0.0892  val_loss: -0.1027  freq: 0.5731  spend: 0.0363  w_freq: 1.359  w_spend: 1.157
Epoch  51/120 — train_loss: -0.0975  val_loss: -0.1066  freq: 0.5760  spend: 0.0358  w_freq: 1.359  w_spend: 1.177
Epoch  52/120 — train_loss: -0.1035  val_loss: -0.1172  freq: 0.5735  spend: 0.0355  w_freq: 1.359  w_spend: 1.195
Epoch  53/120 — train_loss: -0.1129  val_loss: -0.1242  freq: 0.5736  spend: 0.0356  w_freq: 1.359  w_spend: 1.214
Epoch  54/120 — train_loss: -0.1168  val_loss: -0.1300  freq: 0.5742  spend: 0.0356  w_freq: 1.359  w_spend: 1.232
Epoch  55/120 — train_loss: -0.1277  val_loss: -0.1390  freq: 0.5729  spend: 0.0356  w_freq: 1.359  w_spend: 1.251
Epoch  56/120 — train_loss: -0.1318  val_loss: -0.1432  freq: 0.5745  spend: 0.0359  w_freq: 1.359  w_spend: 1.271
Epoch  57/120 — train_loss: -0.1378  val_loss: -0.1517  freq: 0.5726  spend: 0.0361  w_freq: 1.359  w_spend: 1.289
Epoch  58/120 — train_loss: -0.1455  val_loss: -0.1548  freq: 0.5750  spend: 0.0363  w_freq: 1.359  w_spend: 1.307
Epoch  59/120 — train_loss: -0.1518  val_loss: -0.1638  freq: 0.5730  spend: 0.0363  w_freq: 1.359  w_spend: 1.326
Epoch  60/120 — train_loss: -0.1578  val_loss: -0.1682  freq: 0.5737  spend: 0.0366  w_freq: 1.359  w_spend: 1.344
Epoch  61/120 — train_loss: -0.1622  val_loss: -0.1728  freq: 0.5732  spend: 0.0378  w_freq: 1.359  w_spend: 1.360
Epoch  62/120 — train_loss: -0.1687  val_loss: -0.1778  freq: 0.5754  spend: 0.0359  w_freq: 1.359  w_spend: 1.377
Epoch  63/120 — train_loss: -0.1727  val_loss: -0.1858  freq: 0.5731  spend: 0.0361  w_freq: 1.359  w_spend: 1.393
Epoch  64/120 — train_loss: -0.1761  val_loss: -0.1879  freq: 0.5755  spend: 0.0362  w_freq: 1.359  w_spend: 1.410
Epoch  65/120 — train_loss: -0.1838  val_loss: -0.1958  freq: 0.5733  spend: 0.0365  w_freq: 1.359  w_spend: 1.427
Epoch  66/120 — train_loss: -0.1881  val_loss: -0.2007  freq: 0.5741  spend: 0.0360  w_freq: 1.359  w_spend: 1.444
Epoch  67/120 — train_loss: -0.1940  val_loss: -0.2062  freq: 0.5730  spend: 0.0365  w_freq: 1.359  w_spend: 1.461
Epoch  68/120 — train_loss: -0.1983  val_loss: -0.2121  freq: 0.5729  spend: 0.0357  w_freq: 1.359  w_spend: 1.476
Epoch  69/120 — train_loss: -0.2006  val_loss: -0.2165  freq: 0.5728  spend: 0.0359  w_freq: 1.359  w_spend: 1.491
Epoch  70/120 — train_loss: -0.2051  val_loss: -0.2206  freq: 0.5734  spend: 0.0355  w_freq: 1.359  w_spend: 1.506
Epoch  71/120 — train_loss: -0.2102  val_loss: -0.2253  freq: 0.5726  spend: 0.0360  w_freq: 1.359  w_spend: 1.520
Epoch  72/120 — train_loss: -0.2142  val_loss: -0.2278  freq: 0.5729  spend: 0.0368  w_freq: 1.359  w_spend: 1.535
Epoch  73/120 — train_loss: -0.2175  val_loss: -0.2328  freq: 0.5727  spend: 0.0363  w_freq: 1.359  w_spend: 1.549
Epoch  74/120 — train_loss: -0.2209  val_loss: -0.2343  freq: 0.5738  spend: 0.0369  w_freq: 1.359  w_spend: 1.563
Epoch  75/120 — train_loss: -0.2254  val_loss: -0.2383  freq: 0.5742  spend: 0.0364  w_freq: 1.359  w_spend: 1.577
Epoch  76/120 — train_loss: -0.2284  val_loss: -0.2440  freq: 0.5727  spend: 0.0363  w_freq: 1.359  w_spend: 1.590
Epoch  77/120 — train_loss: -0.2313  val_loss: -0.2451  freq: 0.5741  spend: 0.0365  w_freq: 1.359  w_spend: 1.602
Epoch  78/120 — train_loss: -0.2328  val_loss: -0.2502  freq: 0.5730  spend: 0.0362  w_freq: 1.359  w_spend: 1.613
Epoch  79/120 — train_loss: -0.2377  val_loss: -0.2539  freq: 0.5728  spend: 0.0359  w_freq: 1.359  w_spend: 1.625
Epoch  80/120 — train_loss: -0.2425  val_loss: -0.2563  freq: 0.5728  spend: 0.0363  w_freq: 1.359  w_spend: 1.636
Epoch  81/120 — train_loss: -0.2442  val_loss: -0.2587  freq: 0.5726  spend: 0.0367  w_freq: 1.359  w_spend: 1.647
Epoch  82/120 — train_loss: -0.2451  val_loss: -0.2621  freq: 0.5733  spend: 0.0357  w_freq: 1.359  w_spend: 1.657
Epoch  83/120 — train_loss: -0.2483  val_loss: -0.2645  freq: 0.5727  spend: 0.0363  w_freq: 1.359  w_spend: 1.667
Epoch  84/120 — train_loss: -0.2497  val_loss: -0.2672  freq: 0.5729  spend: 0.0359  w_freq: 1.359  w_spend: 1.676
Epoch  85/120 — train_loss: -0.2525  val_loss: -0.2690  freq: 0.5728  spend: 0.0364  w_freq: 1.359  w_spend: 1.685
Epoch  86/120 — train_loss: -0.2557  val_loss: -0.2707  freq: 0.5726  spend: 0.0367  w_freq: 1.359  w_spend: 1.694
Epoch  87/120 — train_loss: -0.2554  val_loss: -0.2728  freq: 0.5729  spend: 0.0365  w_freq: 1.359  w_spend: 1.702
Epoch  88/120 — train_loss: -0.2573  val_loss: -0.2758  freq: 0.5728  spend: 0.0361  w_freq: 1.359  w_spend: 1.710
Epoch  89/120 — train_loss: -0.2584  val_loss: -0.2774  freq: 0.5727  spend: 0.0362  w_freq: 1.359  w_spend: 1.718
Epoch  90/120 — train_loss: -0.2611  val_loss: -0.2796  freq: 0.5727  spend: 0.0360  w_freq: 1.359  w_spend: 1.725
Epoch  91/120 — train_loss: -0.2618  val_loss: -0.2805  freq: 0.5729  spend: 0.0362  w_freq: 1.359  w_spend: 1.732
Epoch  92/120 — train_loss: -0.2623  val_loss: -0.2829  freq: 0.5729  spend: 0.0358  w_freq: 1.359  w_spend: 1.738
Epoch  93/120 — train_loss: -0.2662  val_loss: -0.2839  freq: 0.5728  spend: 0.0361  w_freq: 1.359  w_spend: 1.744
Epoch  94/120 — train_loss: -0.2638  val_loss: -0.2855  freq: 0.5727  spend: 0.0360  w_freq: 1.359  w_spend: 1.749
Epoch  95/120 — train_loss: -0.2672  val_loss: -0.2871  freq: 0.5727  spend: 0.0358  w_freq: 1.359  w_spend: 1.755
Epoch  96/120 — train_loss: -0.2667  val_loss: -0.2865  freq: 0.5730  spend: 0.0366  w_freq: 1.359  w_spend: 1.760
Epoch  97/120 — train_loss: -0.2686  val_loss: -0.2886  freq: 0.5727  spend: 0.0362  w_freq: 1.359  w_spend: 1.764
Epoch  98/120 — train_loss: -0.2689  val_loss: -0.2897  freq: 0.5726  spend: 0.0362  w_freq: 1.359  w_spend: 1.768
Epoch  99/120 — train_loss: -0.2678  val_loss: -0.2904  freq: 0.5727  spend: 0.0363  w_freq: 1.359  w_spend: 1.772
Epoch 100/120 — train_loss: -0.2698  val_loss: -0.2914  freq: 0.5728  spend: 0.0361  w_freq: 1.359  w_spend: 1.776
Epoch 101/120 — train_loss: -0.2717  val_loss: -0.2917  freq: 0.5728  spend: 0.0363  w_freq: 1.359  w_spend: 1.779
Epoch 102/120 — train_loss: -0.2686  val_loss: -0.2927  freq: 0.5728  spend: 0.0363  w_freq: 1.359  w_spend: 1.782
Epoch 103/120 — train_loss: -0.2680  val_loss: -0.2934  freq: 0.5727  spend: 0.0362  w_freq: 1.359  w_spend: 1.785
Epoch 104/120 — train_loss: -0.2723  val_loss: -0.2935  freq: 0.5728  spend: 0.0364  w_freq: 1.359  w_spend: 1.787
Epoch 105/120 — train_loss: -0.2693  val_loss: -0.2940  freq: 0.5729  spend: 0.0363  w_freq: 1.359  w_spend: 1.789
Epoch 106/120 — train_loss: -0.2724  val_loss: -0.2947  freq: 0.5727  spend: 0.0363  w_freq: 1.359  w_spend: 1.791
Epoch 107/120 — train_loss: -0.2711  val_loss: -0.2947  freq: 0.5729  spend: 0.0364  w_freq: 1.359  w_spend: 1.792
Epoch 108/120 — train_loss: -0.2714  val_loss: -0.2953  freq: 0.5728  spend: 0.0363  w_freq: 1.359  w_spend: 1.794
Epoch 109/120 — train_loss: -0.2695  val_loss: -0.2953  freq: 0.5728  spend: 0.0364  w_freq: 1.359  w_spend: 1.795
Epoch 110/120 — train_loss: -0.2706  val_loss: -0.2958  freq: 0.5728  spend: 0.0363  w_freq: 1.359  w_spend: 1.796
Epoch 111/120 — train_loss: -0.2698  val_loss: -0.2958  freq: 0.5728  spend: 0.0364  w_freq: 1.359  w_spend: 1.797
Epoch 112/120 — train_loss: -0.2690  val_loss: -0.2958  freq: 0.5728  spend: 0.0364  w_freq: 1.359  w_spend: 1.797
Epoch 113/120 — train_loss: -0.2699  val_loss: -0.2959  freq: 0.5728  spend: 0.0364  w_freq: 1.359  w_spend: 1.798
Epoch 114/120 — train_loss: -0.2705  val_loss: -0.2960  freq: 0.5728  spend: 0.0364  w_freq: 1.359  w_spend: 1.798
Epoch 115/120 — train_loss: -0.2702  val_loss: -0.2961  freq: 0.5728  spend: 0.0364  w_freq: 1.359  w_spend: 1.799
Epoch 116/120 — train_loss: -0.2703  val_loss: -0.2961  freq: 0.5728  spend: 0.0364  w_freq: 1.359  w_spend: 1.799
Epoch 117/120 — train_loss: -0.2673  val_loss: -0.2962  freq: 0.5728  spend: 0.0364  w_freq: 1.359  w_spend: 1.799
Epoch 118/120 — train_loss: -0.2662  val_loss: -0.2962  freq: 0.5728  spend: 0.0364  w_freq: 1.359  w_spend: 1.799
Epoch 119/120 — train_loss: -0.2660  val_loss: -0.2962  freq: 0.5728  spend: 0.0364  w_freq: 1.359  w_spend: 1.799
Epoch 120/120 — train_loss: -0.2664  val_loss: -0.2962  freq: 0.5728  spend: 0.0364  w_freq: 1.359  w_spend: 1.799

Final calibration fine-tuning for 5 epochs on 27809 customers (batch_size=2048, lr=5e-05) ...
Fine-tune epoch   1/5 - train_loss: -0.2629  full_loss: -0.3157
Fine-tune epoch   2/5 - train_loss: -0.2633  full_loss: -0.3153
Fine-tune epoch   3/5 - train_loss: -0.2660  full_loss: -0.3161
Fine-tune epoch   4/5 - train_loss: -0.2645  full_loss: -0.3159
Fine-tune epoch   5/5 - train_loss: -0.2664  full_loss: -0.3169

Checkpoint saved: /kaggle/working/results/checkpoints/lstm_joint_tafeng_v8_seed42_sample.pt
Validation-fitted softmax temperature: 0.7500

Duan's smearing factor (val): 1.8421
Validation aggregate calibration: freq_factor=1.8669, spend_factor=1.5871

Running autoregressive inference on holdout period ...
  inference mode: sample  n_scenarios: 30  temperature: 0.7500

=== Prediction Diagnostics ===
  Mean predicted freq/week:    0.1329
  Mean actual freq/week:       0.2167
  Over-prediction ratio:       0.613x
  Customers predicted as zero total:  0.656
  Customers actually zero total:      0.504
  Non-zero rate (pred, avg > 0.05):  0.593
  Non-zero rate (true):               0.175

Metrics saved: /kaggle/working/results/tables/lstm_joint_tafeng_v8_seed42_sample_metrics.json
Array artifacts saved: /kaggle/working/results/tables/lstm_joint_tafeng_v8_seed42_sample_arrays.npz

=== Holdout Evaluation ===
  metric_definition_version: valendin_aggregate_mape_v1
  freq_rmse: 1.5773
  freq_mae: 0.9457
  freq_normalized_gini: 0.6147
  freq_calibration_factor: 1.8669
  freq_horizon_abs_bias_pct: 14.5154
  bias_pct: 14.5154
  freq_weekly_mae: 1632.1406
  freq_weekly_total_true: 30127.0000
  freq_weekly_total_pred: 34500.0420
  freq_valendin_mape: 27.0877
  freq_horizon_bias_pct: 14.5154
  freq_weekly_mean_pct_mape: 32.2584
  freq_weekly_mean_pct_bias_pct: 19.8063
  freq_weekly_bias_pct: 14.5154
  freq_weekly_mape: 27.0877
  freq_mape: 27.0877
  freq_mase: 0.8618
  freq_mase_scale: 0.3519
  smearing_factor: 1.8421
  spend_calibration_factor: 1.5871
  spend_mae_raw: 1224.3317
  spend_rmse_raw: 4149.1128
  spend_normalized_gini: 0.5357
  spend_mae_log: 3.6708
  spend_rmse_log: 4.6410
  spend_r2_log: -0.7280
  spend_bias_pct: 76.2059
  spend_weekly_mae: 3583735.4282
  spend_weekly_total_true: 23513493.8879
  spend_weekly_total_pred: 41432171.0287
  spend_valendin_mape: 76.2059
  spend_horizon_abs_bias_pct: 76.2059
  spend_horizon_bias_pct: 76.2059
  spend_weekly_mean_pct_mape: 80.0701
  spend_weekly_mean_pct_bias_pct: 80.0701
  spend_weekly_bias_pct: 76.2059
  spend_weekly_mape: 76.2059
  spend_mase: 1.1836
  spend_mase_scale: 289.2989
  clv_mae: 1224.3317
  clv_rmse: 4149.1128
  clv_spearman: 0.3739
  clv_decile_lift: 3.3097
  clv_normalized_gini: 0.5357
  clv_total_true: 23513494.0000
  clv_total_pred: 41432172.0000
  calibration_temperature_source: rolling_origin_autoregressive
  validation_temperature: 0.7500
  smearing_source: rolling_origin_autoregressive
  calibration_source: rolling_origin_autoregressive
  validation_freq_true_total: 2897.0000
  validation_freq_pred_total: 1551.8025
  validation_spend_true_total: 3010621.0000
  validation_spend_pred_total: 1896882.1875
  validation_freq_calibration_factor: 1.8669
  validation_spend_calibration_factor: 1.5871
  validation_rolling_origin_count: 2
  protocol_name: tafeng_configured_12x5
  cohort_size: 27809
  calibration_weeks: 12
  holdout_weeks: 5
  inference_mode: sample
  n_scenarios: 30
  final_finetune_enabled: True
  final_finetune_epochs: 5
  final_finetune_lr_multiplier: 0.1000
  final_finetune_batch_size_multiplier: 4.0000
  final_manifest_version: 2026-05-29-v7-v8-extension3-sweep
  final_manifest_run_name: lstm_joint_tafeng_v8_seed42_sample
  final_manifest_config: experiments/configs/lstm_joint_tafeng_v8.yaml
  final_manifest_config_hash: cc7d4cfb21d2
  final_manifest_actual_config_hash: 4113e1d498ec
  final_manifest_seed: 42
  final_manifest_epochs: 120
  final_manifest_inference_mode: sample
  final_manifest_n_scenarios: 30
  run_valid: False
  run_invalid_reason: absolute spend bias 76.2% exceeds 50.0%
  run_warning: large spend bias (76.2%)
  epochs_completed: 125
  max_epochs_configured: 120
History saved: /kaggle/working/results/tables/lstm_joint_tafeng_v8_seed42_sample_history.json
