[Kaggle] raw_dir  → /kaggle/working/input/uci-retail
[Kaggle] results  → /kaggle/working/results
Config: experiments/configs/lstm_base_uci_v6.yaml
Run: lstm_base_uci_v6_seed2024_sample
Device: cuda
Loading dataset: uci ...
[pipeline] freq_cap=4 (auto q=0.99) → freq_bins=[0, 1, 2, 3]... (n_classes=5)
  Train customers: 4437, Val: 493, Inference: 4930
[uci] Customers with 0 calibration transactions: 0 / 4930
  top-bin decode: class_values[-1] = 5.515 (max_trans = 4)
Model: lstm — 89,780 parameters

Training for up to 100 epochs ...
/kaggle/working/thesis-code/src/training/trainer.py:135: FutureWarning: `torch.cuda.amp.GradScaler(args...)` is deprecated. Please use `torch.amp.GradScaler('cuda', args...)` instead.
  self.scaler = torch.cuda.amp.GradScaler(enabled=self.amp_enabled)
Epoch   1/100 — train_loss: 1.5503  val_loss: 1.5327
Epoch   2/100 — train_loss: 1.4974  val_loss: 1.4380
Epoch   3/100 — train_loss: 1.2587  val_loss: 0.6983
Epoch   4/100 — train_loss: 0.3917  val_loss: 0.2970
Epoch   5/100 — train_loss: 0.2972  val_loss: 0.2775
Epoch   6/100 — train_loss: 0.2901  val_loss: 0.2733
Epoch   7/100 — train_loss: 0.2851  val_loss: 0.2727
Epoch   8/100 — train_loss: 0.2821  val_loss: 0.2635
Epoch   9/100 — train_loss: 0.2654  val_loss: 0.2516
Epoch  10/100 — train_loss: 0.2579  val_loss: 0.2477
Epoch  11/100 — train_loss: 0.2555  val_loss: 0.2534
Epoch  12/100 — train_loss: 0.2575  val_loss: 0.2573
Epoch  13/100 — train_loss: 0.2589  val_loss: 0.2453
Epoch  14/100 — train_loss: 0.2555  val_loss: 0.2466
Epoch  15/100 — train_loss: 0.2525  val_loss: 0.2439
Epoch  16/100 — train_loss: 0.2518  val_loss: 0.2432
Epoch  17/100 — train_loss: 0.2514  val_loss: 0.2432
Epoch  18/100 — train_loss: 0.2503  val_loss: 0.2420
Epoch  19/100 — train_loss: 0.2477  val_loss: 0.2415
Epoch  20/100 — train_loss: 0.2506  val_loss: 0.2422
Epoch  21/100 — train_loss: 0.2496  val_loss: 0.2432
Epoch  22/100 — train_loss: 0.2491  val_loss: 0.2410
Epoch  23/100 — train_loss: 0.2510  val_loss: 0.2409
Epoch  24/100 — train_loss: 0.2487  val_loss: 0.2410
Epoch  25/100 — train_loss: 0.2486  val_loss: 0.2419
Epoch  26/100 — train_loss: 0.2475  val_loss: 0.2406
Epoch  27/100 — train_loss: 0.2494  val_loss: 0.2404
Epoch  28/100 — train_loss: 0.2485  val_loss: 0.2398
Epoch  29/100 — train_loss: 0.2478  val_loss: 0.2415
Epoch  30/100 — train_loss: 0.2488  val_loss: 0.2400
Epoch  31/100 — train_loss: 0.2476  val_loss: 0.2405
Epoch  32/100 — train_loss: 0.2507  val_loss: 0.2398
Epoch  33/100 — train_loss: 0.2470  val_loss: 0.2400
Epoch  34/100 — train_loss: 0.2481  val_loss: 0.2391
Epoch  35/100 — train_loss: 0.2506  val_loss: 0.2395
Epoch  36/100 — train_loss: 0.2483  val_loss: 0.2407
Epoch  37/100 — train_loss: 0.2468  val_loss: 0.2396
Epoch  38/100 — train_loss: 0.2478  val_loss: 0.2390
Epoch  39/100 — train_loss: 0.2462  val_loss: 0.2388
Epoch  40/100 — train_loss: 0.2488  val_loss: 0.2390
Epoch  41/100 — train_loss: 0.2474  val_loss: 0.2391
Epoch  42/100 — train_loss: 0.2470  val_loss: 0.2387
Epoch  43/100 — train_loss: 0.2471  val_loss: 0.2392
Epoch  44/100 — train_loss: 0.2470  val_loss: 0.2386
Epoch  45/100 — train_loss: 0.2495  val_loss: 0.2390
Epoch  46/100 — train_loss: 0.2479  val_loss: 0.2387
Epoch  47/100 — train_loss: 0.2488  val_loss: 0.2385
Epoch  48/100 — train_loss: 0.2474  val_loss: 0.2387
Epoch  49/100 — train_loss: 0.2474  val_loss: 0.2389
Epoch  50/100 — train_loss: 0.2469  val_loss: 0.2386
Epoch  51/100 — train_loss: 0.2488  val_loss: 0.2389
Epoch  52/100 — train_loss: 0.2476  val_loss: 0.2383
Epoch  53/100 — train_loss: 0.2495  val_loss: 0.2387
Epoch  54/100 — train_loss: 0.2485  val_loss: 0.2387
Epoch  55/100 — train_loss: 0.2487  val_loss: 0.2389
Epoch  56/100 — train_loss: 0.2475  val_loss: 0.2382
Epoch  57/100 — train_loss: 0.2459  val_loss: 0.2384
Epoch  58/100 — train_loss: 0.2480  val_loss: 0.2383
Epoch  59/100 — train_loss: 0.2476  val_loss: 0.2385
Epoch  60/100 — train_loss: 0.2477  val_loss: 0.2394
Epoch  61/100 — train_loss: 0.2484  val_loss: 0.2382
Epoch  62/100 — train_loss: 0.2483  val_loss: 0.2383
Epoch  63/100 — train_loss: 0.2486  val_loss: 0.2387
Epoch  64/100 — train_loss: 0.2471  val_loss: 0.2381
Epoch  65/100 — train_loss: 0.2491  val_loss: 0.2381
Epoch  66/100 — train_loss: 0.2467  val_loss: 0.2381
Epoch  67/100 — train_loss: 0.2455  val_loss: 0.2387
Epoch  68/100 — train_loss: 0.2487  val_loss: 0.2382
Epoch  69/100 — train_loss: 0.2496  val_loss: 0.2383
Epoch  70/100 — train_loss: 0.2490  val_loss: 0.2383
Epoch  71/100 — train_loss: 0.2475  val_loss: 0.2381
Epoch  72/100 — train_loss: 0.2480  val_loss: 0.2381
Epoch  73/100 — train_loss: 0.2489  val_loss: 0.2381
Epoch  74/100 — train_loss: 0.2480  val_loss: 0.2384
Epoch  75/100 — train_loss: 0.2485  val_loss: 0.2381
Epoch  76/100 — train_loss: 0.2495  val_loss: 0.2383
Epoch  77/100 — train_loss: 0.2479  val_loss: 0.2383
Epoch  78/100 — train_loss: 0.2477  val_loss: 0.2380
Epoch  79/100 — train_loss: 0.2510  val_loss: 0.2381
Epoch  80/100 — train_loss: 0.2488  val_loss: 0.2384
Epoch  81/100 — train_loss: 0.2490  val_loss: 0.2384
Epoch  82/100 — train_loss: 0.2495  val_loss: 0.2381
Epoch  83/100 — train_loss: 0.2500  val_loss: 0.2380
Epoch  84/100 — train_loss: 0.2485  val_loss: 0.2380
Epoch  85/100 — train_loss: 0.2503  val_loss: 0.2382
Epoch  86/100 — train_loss: 0.2478  val_loss: 0.2381
Epoch  87/100 — train_loss: 0.2508  val_loss: 0.2381
Epoch  88/100 — train_loss: 0.2505  val_loss: 0.2383
Epoch  89/100 — train_loss: 0.2490  val_loss: 0.2382
Epoch  90/100 — train_loss: 0.2484  val_loss: 0.2381
Epoch  91/100 — train_loss: 0.2513  val_loss: 0.2382
Epoch  92/100 — train_loss: 0.2514  val_loss: 0.2381
Epoch  93/100 — train_loss: 0.2509  val_loss: 0.2382
Epoch  94/100 — train_loss: 0.2495  val_loss: 0.2381
Epoch  95/100 — train_loss: 0.2489  val_loss: 0.2382
Epoch  96/100 — train_loss: 0.2518  val_loss: 0.2382
Epoch  97/100 — train_loss: 0.2500  val_loss: 0.2382
Epoch  98/100 — train_loss: 0.2507  val_loss: 0.2382
Epoch  99/100 — train_loss: 0.2510  val_loss: 0.2382
Epoch 100/100 — train_loss: 0.2525  val_loss: 0.2382

Final calibration fine-tuning for 5 epochs on 4930 customers (batch_size=1024, lr=5e-05) ...
Fine-tune epoch   1/5 - train_loss: 0.2507  full_loss: 0.2429
Fine-tune epoch   2/5 - train_loss: 0.2504  full_loss: 0.2429
Fine-tune epoch   3/5 - train_loss: 0.2514  full_loss: 0.2430
Fine-tune epoch   4/5 - train_loss: 0.2503  full_loss: 0.2432
Fine-tune epoch   5/5 - train_loss: 0.2507  full_loss: 0.2431

Checkpoint saved: /kaggle/working/results/checkpoints/lstm_base_uci_v6_seed2024_sample.pt
Validation-fitted softmax temperature: 0.7500
Validation aggregate calibration: freq_factor=2.7764, spend_factor=1.0000

Running autoregressive inference on holdout period ...
  inference mode: sample  n_scenarios: 30  temperature: 0.7500

=== Prediction Diagnostics ===
  Mean predicted freq/week:    0.0262
  Mean actual freq/week:       0.0656
  Over-prediction ratio:       0.399x
  Customers predicted as zero total:  0.704
  Customers actually zero total:      0.484
  Non-zero rate (pred, avg > 0.05):  0.136
  Non-zero rate (true):               0.055

Metrics saved: /kaggle/working/results/tables/lstm_base_uci_v6_seed2024_sample_metrics.json
Array artifacts saved: /kaggle/working/results/tables/lstm_base_uci_v6_seed2024_sample_arrays.npz

=== Holdout Evaluation ===
  metric_definition_version: valendin_aggregate_mape_v1
  freq_rmse: 3.9998
  freq_mae: 1.4466
  freq_normalized_gini: 0.6626
  freq_calibration_factor: 2.7764
  freq_horizon_abs_bias_pct: 10.6420
  bias_pct: 10.6420
  freq_weekly_mae: 60.6997
  freq_weekly_total_true: 8413.0000
  freq_weekly_total_pred: 9308.3100
  freq_valendin_mape: 18.7590
  freq_horizon_bias_pct: 10.6420
  freq_weekly_mean_pct_mape: 20.4505
  freq_weekly_mean_pct_bias_pct: 14.0074
  freq_weekly_bias_pct: 10.6420
  freq_weekly_mape: 18.7590
  freq_mape: 18.7590
  freq_mase: 0.9848
  freq_mase_scale: 0.1146
  calibration_temperature_source: rolling_origin_autoregressive
  validation_temperature: 0.7500
  calibration_source: rolling_origin_autoregressive
  validation_freq_true_total: 662.0000
  validation_freq_pred_total: 238.4363
  validation_spend_true_total: 0.0000
  validation_spend_pred_total: 0.0000
  validation_freq_calibration_factor: 2.7764
  validation_spend_calibration_factor: 1.0000
  validation_rolling_origin_count: 2
  protocol_name: uci_configured_78x26
  cohort_size: 4930
  calibration_weeks: 78
  holdout_weeks: 26
  inference_mode: sample
  n_scenarios: 30
  final_finetune_enabled: True
  final_finetune_epochs: 5
  final_finetune_lr_multiplier: 0.1000
  final_finetune_batch_size_multiplier: 4.0000
  final_manifest_version: 2026-05-29-v7-v8-extension3-sweep
  final_manifest_run_name: lstm_base_uci_v6_seed2024_sample
  final_manifest_config: experiments/configs/lstm_base_uci_v6.yaml
  final_manifest_config_hash: fd028ad50b7c
  final_manifest_actual_config_hash: 54ef6af28fa7
  final_manifest_seed: 2024
  final_manifest_epochs: 100
  final_manifest_inference_mode: sample
  final_manifest_n_scenarios: 30
  run_valid: True
  run_invalid_reason: 
  run_warning: 
  epochs_completed: 105
  max_epochs_configured: 100
History saved: /kaggle/working/results/tables/lstm_base_uci_v6_seed2024_sample_history.json
