[Kaggle] raw_dir  → /kaggle/working/input/dunnhumby
[Kaggle] results  → /kaggle/working/results
Config: experiments/configs/lstm_base_dunnhumby_v6.yaml
Run: lstm_base_dunnhumby_v6_seed2024_sample
Device: cuda
Loading dataset: dunnhumby ...
[pipeline] freq_cap=10 (auto q=0.99) → freq_bins=[0, 1, 2, 3]... (n_classes=11)
  Train customers: 2249, Val: 249, Inference: 2498
[dunnhumby] Customers with 0 calibration transactions: 0 / 2498
  top-bin decode: class_values[-1] = 13.099 (max_trans = 10)
Model: lstm — 91,095 parameters

Training for up to 100 epochs ...
/kaggle/working/thesis-code/src/training/trainer.py:135: FutureWarning: `torch.cuda.amp.GradScaler(args...)` is deprecated. Please use `torch.amp.GradScaler('cuda', args...)` instead.
  self.scaler = torch.cuda.amp.GradScaler(enabled=self.amp_enabled)
Epoch   1/100 — train_loss: 2.4023  val_loss: 2.3961
Epoch   2/100 — train_loss: 2.3857  val_loss: 2.3689
Epoch   3/100 — train_loss: 2.3506  val_loss: 2.3174
Epoch   4/100 — train_loss: 2.2758  val_loss: 2.1797
Epoch   5/100 — train_loss: 1.9247  val_loss: 1.4977
Epoch   6/100 — train_loss: 1.5694  val_loss: 1.4550
Epoch   7/100 — train_loss: 1.5089  val_loss: 1.4286
Epoch   8/100 — train_loss: 1.4783  val_loss: 1.3860
Epoch   9/100 — train_loss: 1.4228  val_loss: 1.3108
Epoch  10/100 — train_loss: 1.3597  val_loss: 1.2689
Epoch  11/100 — train_loss: 1.3215  val_loss: 1.2470
Epoch  12/100 — train_loss: 1.2968  val_loss: 1.2237
Epoch  13/100 — train_loss: 1.2801  val_loss: 1.2141
Epoch  14/100 — train_loss: 1.2666  val_loss: 1.2015
Epoch  15/100 — train_loss: 1.2579  val_loss: 1.1934
Epoch  16/100 — train_loss: 1.2517  val_loss: 1.1871
Epoch  17/100 — train_loss: 1.2460  val_loss: 1.1876
Epoch  18/100 — train_loss: 1.2451  val_loss: 1.1802
Epoch  19/100 — train_loss: 1.2405  val_loss: 1.1770
Epoch  20/100 — train_loss: 1.2371  val_loss: 1.1767
Epoch  21/100 — train_loss: 1.2360  val_loss: 1.1729
Epoch  22/100 — train_loss: 1.2334  val_loss: 1.1712
Epoch  23/100 — train_loss: 1.2305  val_loss: 1.1695
Epoch  24/100 — train_loss: 1.2281  val_loss: 1.1678
Epoch  25/100 — train_loss: 1.2298  val_loss: 1.1679
Epoch  26/100 — train_loss: 1.2284  val_loss: 1.1660
Epoch  27/100 — train_loss: 1.2274  val_loss: 1.1649
Epoch  28/100 — train_loss: 1.2259  val_loss: 1.1632
Epoch  29/100 — train_loss: 1.2252  val_loss: 1.1646
Epoch  30/100 — train_loss: 1.2221  val_loss: 1.1605
Epoch  31/100 — train_loss: 1.2230  val_loss: 1.1595
Epoch  32/100 — train_loss: 1.2221  val_loss: 1.1599
Epoch  33/100 — train_loss: 1.2227  val_loss: 1.1582
Epoch  34/100 — train_loss: 1.2212  val_loss: 1.1573
Epoch  35/100 — train_loss: 1.2206  val_loss: 1.1569
Epoch  36/100 — train_loss: 1.2216  val_loss: 1.1559
Epoch  37/100 — train_loss: 1.2198  val_loss: 1.1567
Epoch  38/100 — train_loss: 1.2215  val_loss: 1.1549
Epoch  39/100 — train_loss: 1.2175  val_loss: 1.1533
Epoch  40/100 — train_loss: 1.2183  val_loss: 1.1543
Epoch  41/100 — train_loss: 1.2182  val_loss: 1.1526
Epoch  42/100 — train_loss: 1.2191  val_loss: 1.1533
Epoch  43/100 — train_loss: 1.2181  val_loss: 1.1516
Epoch  44/100 — train_loss: 1.2188  val_loss: 1.1513
Epoch  45/100 — train_loss: 1.2165  val_loss: 1.1509
Epoch  46/100 — train_loss: 1.2190  val_loss: 1.1508
Epoch  47/100 — train_loss: 1.2199  val_loss: 1.1506
Epoch  48/100 — train_loss: 1.2191  val_loss: 1.1527
Epoch  49/100 — train_loss: 1.2201  val_loss: 1.1504
Epoch  50/100 — train_loss: 1.2185  val_loss: 1.1499
Epoch  51/100 — train_loss: 1.2181  val_loss: 1.1492
Epoch  52/100 — train_loss: 1.2191  val_loss: 1.1497
Epoch  53/100 — train_loss: 1.2198  val_loss: 1.1490
Epoch  54/100 — train_loss: 1.2204  val_loss: 1.1497
Epoch  55/100 — train_loss: 1.2202  val_loss: 1.1496
Epoch  56/100 — train_loss: 1.2180  val_loss: 1.1481
Epoch  57/100 — train_loss: 1.2218  val_loss: 1.1487
Epoch  58/100 — train_loss: 1.2195  val_loss: 1.1478
Epoch  59/100 — train_loss: 1.2214  val_loss: 1.1491
Epoch  60/100 — train_loss: 1.2201  val_loss: 1.1483
Epoch  61/100 — train_loss: 1.2210  val_loss: 1.1490
Epoch  62/100 — train_loss: 1.2198  val_loss: 1.1481
Epoch  63/100 — train_loss: 1.2208  val_loss: 1.1477
Epoch  64/100 — train_loss: 1.2198  val_loss: 1.1471
Epoch  65/100 — train_loss: 1.2220  val_loss: 1.1475
Epoch  66/100 — train_loss: 1.2222  val_loss: 1.1475
Epoch  67/100 — train_loss: 1.2227  val_loss: 1.1475
Epoch  68/100 — train_loss: 1.2226  val_loss: 1.1475
Epoch  69/100 — train_loss: 1.2219  val_loss: 1.1471
Epoch  70/100 — train_loss: 1.2226  val_loss: 1.1469
Epoch  71/100 — train_loss: 1.2244  val_loss: 1.1468
Epoch  72/100 — train_loss: 1.2261  val_loss: 1.1473
Epoch  73/100 — train_loss: 1.2258  val_loss: 1.1470
Epoch  74/100 — train_loss: 1.2261  val_loss: 1.1469
Epoch  75/100 — train_loss: 1.2265  val_loss: 1.1471
Epoch  76/100 — train_loss: 1.2256  val_loss: 1.1466
Epoch  77/100 — train_loss: 1.2251  val_loss: 1.1468
Epoch  78/100 — train_loss: 1.2259  val_loss: 1.1472
Epoch  79/100 — train_loss: 1.2265  val_loss: 1.1467
Epoch  80/100 — train_loss: 1.2262  val_loss: 1.1466
Epoch  81/100 — train_loss: 1.2308  val_loss: 1.1469
Epoch  82/100 — train_loss: 1.2305  val_loss: 1.1468
Epoch  83/100 — train_loss: 1.2285  val_loss: 1.1467
Epoch  84/100 — train_loss: 1.2305  val_loss: 1.1469
Epoch  85/100 — train_loss: 1.2324  val_loss: 1.1467
Epoch  86/100 — train_loss: 1.2326  val_loss: 1.1466
Epoch  87/100 — train_loss: 1.2317  val_loss: 1.1469
Epoch  88/100 — train_loss: 1.2317  val_loss: 1.1468
Epoch  89/100 — train_loss: 1.2347  val_loss: 1.1468
Epoch  90/100 — train_loss: 1.2319  val_loss: 1.1469
Epoch  91/100 — train_loss: 1.2369  val_loss: 1.1469
Epoch  92/100 — train_loss: 1.2346  val_loss: 1.1469
Epoch  93/100 — train_loss: 1.2364  val_loss: 1.1469
Epoch  94/100 — train_loss: 1.2382  val_loss: 1.1469
Epoch  95/100 — train_loss: 1.2377  val_loss: 1.1469
Epoch  96/100 — train_loss: 1.2374  val_loss: 1.1469
Epoch  97/100 — train_loss: 1.2403  val_loss: 1.1469
Epoch  98/100 — train_loss: 1.2395  val_loss: 1.1469
Epoch  99/100 — train_loss: 1.2412  val_loss: 1.1469
Epoch 100/100 — train_loss: 1.2405  val_loss: 1.1469

Final calibration fine-tuning for 5 epochs on 2498 customers (batch_size=1024, lr=5e-05) ...
Fine-tune epoch   1/5 - train_loss: 1.2305  full_loss: 1.1898
Fine-tune epoch   2/5 - train_loss: 1.2415  full_loss: 1.1900
Fine-tune epoch   3/5 - train_loss: 1.2400  full_loss: 1.1902
Fine-tune epoch   4/5 - train_loss: 1.2384  full_loss: 1.1899
Fine-tune epoch   5/5 - train_loss: 1.2350  full_loss: 1.1899

Checkpoint saved: /kaggle/working/results/checkpoints/lstm_base_dunnhumby_v6_seed2024_sample.pt
Validation-fitted softmax temperature: 0.9000
Validation aggregate calibration: freq_factor=1.2014, spend_factor=1.0000

Running autoregressive inference on holdout period ...
  inference mode: sample  n_scenarios: 30  temperature: 0.9000

=== Prediction Diagnostics ===
  Mean predicted freq/week:    1.0942
  Mean actual freq/week:       1.1882
  Over-prediction ratio:       0.921x
  Customers predicted as zero total:  0.095
  Customers actually zero total:      0.188
  Non-zero rate (pred, avg > 0.05):  0.962
  Non-zero rate (true):               0.542

Metrics saved: /kaggle/working/results/tables/lstm_base_dunnhumby_v6_seed2024_sample_metrics.json
Array artifacts saved: /kaggle/working/results/tables/lstm_base_dunnhumby_v6_seed2024_sample_arrays.npz

=== Holdout Evaluation ===
  metric_definition_version: valendin_aggregate_mape_v1
  freq_rmse: 3.7709
  freq_mae: 2.2422
  freq_normalized_gini: 0.8517
  freq_calibration_factor: 1.2014
  freq_horizon_abs_bias_pct: 10.6433
  bias_pct: 10.6433
  freq_weekly_mae: 315.8940
  freq_weekly_total_true: 11872.0000
  freq_weekly_total_pred: 13135.5758
  freq_valendin_mape: 10.6433
  freq_horizon_bias_pct: 10.6433
  freq_weekly_mean_pct_mape: 10.6614
  freq_weekly_mean_pct_bias_pct: 10.6614
  freq_weekly_bias_pct: 10.6433
  freq_weekly_mape: 10.6433
  freq_mape: 10.6433
  freq_mase: 1.0424
  freq_mase_scale: 0.8235
  calibration_temperature_source: rolling_origin_autoregressive
  validation_temperature: 0.9000
  calibration_source: rolling_origin_autoregressive
  validation_freq_true_total: 2215.0000
  validation_freq_pred_total: 1843.6830
  validation_spend_true_total: 0.0000
  validation_spend_pred_total: 0.0000
  validation_freq_calibration_factor: 1.2014
  validation_spend_calibration_factor: 1.0000
  validation_rolling_origin_count: 2
  protocol_name: dunnhumby_configured_80x4
  cohort_size: 2498
  calibration_weeks: 80
  holdout_weeks: 4
  inference_mode: sample
  n_scenarios: 30
  final_finetune_enabled: True
  final_finetune_epochs: 5
  final_finetune_lr_multiplier: 0.1000
  final_finetune_batch_size_multiplier: 4.0000
  final_manifest_version: 2026-05-29-v7-v8-extension3-sweep
  final_manifest_run_name: lstm_base_dunnhumby_v6_seed2024_sample
  final_manifest_config: experiments/configs/lstm_base_dunnhumby_v6.yaml
  final_manifest_config_hash: 1fe51e0dc106
  final_manifest_actual_config_hash: 154abd0ff822
  final_manifest_seed: 2024
  final_manifest_epochs: 100
  final_manifest_inference_mode: sample
  final_manifest_n_scenarios: 30
  run_valid: True
  run_invalid_reason: 
  run_warning: 
  epochs_completed: 105
  max_epochs_configured: 100
History saved: /kaggle/working/results/tables/lstm_base_dunnhumby_v6_seed2024_sample_history.json
