[Kaggle] raw_dir  → /kaggle/working/input/tafeng-dataset
[Kaggle] results  → /kaggle/working/results
Config: experiments/configs/lstm_base_tafeng_v6.yaml
Run: lstm_base_tafeng_v6_seed2024_sample
Device: cuda
Loading dataset: tafeng ...
[pipeline] freq_cap=4 (auto q=0.99) → freq_bins=[0, 1, 2, 3]... (n_classes=5)
  Train customers: 25029, Val: 2780, Inference: 27809
[tafeng] Customers with 0 calibration transactions: 0 / 27809
  top-bin decode: class_values[-1] = 4.473 (max_trans = 4)
Model: lstm — 89,780 parameters

Training for up to 100 epochs ...
/kaggle/working/thesis-code/src/training/trainer.py:135: FutureWarning: `torch.cuda.amp.GradScaler(args...)` is deprecated. Please use `torch.amp.GradScaler('cuda', args...)` instead.
  self.scaler = torch.cuda.amp.GradScaler(enabled=self.amp_enabled)
Epoch   1/100 — train_loss: 1.5506  val_loss: 1.5074
Epoch   2/100 — train_loss: 1.2629  val_loss: 0.7784
Epoch   3/100 — train_loss: 0.6808  val_loss: 0.6202
Epoch   4/100 — train_loss: 0.5963  val_loss: 0.5758
Epoch   5/100 — train_loss: 0.5718  val_loss: 0.5621
Epoch   6/100 — train_loss: 0.5622  val_loss: 0.5559
Epoch   7/100 — train_loss: 0.5569  val_loss: 0.5532
Epoch   8/100 — train_loss: 0.5548  val_loss: 0.5522
Epoch   9/100 — train_loss: 0.5529  val_loss: 0.5505
Epoch  10/100 — train_loss: 0.5518  val_loss: 0.5498
Epoch  11/100 — train_loss: 0.5505  val_loss: 0.5491
Epoch  12/100 — train_loss: 0.5500  val_loss: 0.5486
Epoch  13/100 — train_loss: 0.5496  val_loss: 0.5478
Epoch  14/100 — train_loss: 0.5490  val_loss: 0.5468
Epoch  15/100 — train_loss: 0.5482  val_loss: 0.5466
Epoch  16/100 — train_loss: 0.5477  val_loss: 0.5461
Epoch  17/100 — train_loss: 0.5478  val_loss: 0.5463
Epoch  18/100 — train_loss: 0.5479  val_loss: 0.5458
Epoch  19/100 — train_loss: 0.5477  val_loss: 0.5457
Epoch  20/100 — train_loss: 0.5476  val_loss: 0.5452
Epoch  21/100 — train_loss: 0.5477  val_loss: 0.5459
Epoch  22/100 — train_loss: 0.5478  val_loss: 0.5451
Epoch  23/100 — train_loss: 0.5477  val_loss: 0.5446
Epoch  24/100 — train_loss: 0.5478  val_loss: 0.5453
Epoch  25/100 — train_loss: 0.5476  val_loss: 0.5468
Epoch  26/100 — train_loss: 0.5481  val_loss: 0.5445
Epoch  27/100 — train_loss: 0.5483  val_loss: 0.5440
Epoch  28/100 — train_loss: 0.5476  val_loss: 0.5447
Epoch  29/100 — train_loss: 0.5475  val_loss: 0.5445
Epoch  30/100 — train_loss: 0.5479  val_loss: 0.5439
Epoch  31/100 — train_loss: 0.5478  val_loss: 0.5439
Epoch  32/100 — train_loss: 0.5482  val_loss: 0.5438
Epoch  33/100 — train_loss: 0.5476  val_loss: 0.5436
Epoch  34/100 — train_loss: 0.5476  val_loss: 0.5436
Epoch  35/100 — train_loss: 0.5482  val_loss: 0.5438
Epoch  36/100 — train_loss: 0.5482  val_loss: 0.5436
Epoch  37/100 — train_loss: 0.5486  val_loss: 0.5437
Epoch  38/100 — train_loss: 0.5488  val_loss: 0.5437
Epoch  39/100 — train_loss: 0.5489  val_loss: 0.5436
Epoch  40/100 — train_loss: 0.5487  val_loss: 0.5447
Epoch  41/100 — train_loss: 0.5490  val_loss: 0.5434
Epoch  42/100 — train_loss: 0.5487  val_loss: 0.5439
Epoch  43/100 — train_loss: 0.5490  val_loss: 0.5438
Epoch  44/100 — train_loss: 0.5487  val_loss: 0.5441
Epoch  45/100 — train_loss: 0.5492  val_loss: 0.5438
Epoch  46/100 — train_loss: 0.5489  val_loss: 0.5436
Epoch  47/100 — train_loss: 0.5497  val_loss: 0.5433
Epoch  48/100 — train_loss: 0.5498  val_loss: 0.5442
Epoch  49/100 — train_loss: 0.5497  val_loss: 0.5434
Epoch  50/100 — train_loss: 0.5503  val_loss: 0.5444
Epoch  51/100 — train_loss: 0.5508  val_loss: 0.5439
Epoch  52/100 — train_loss: 0.5509  val_loss: 0.5441
Epoch  53/100 — train_loss: 0.5505  val_loss: 0.5435
Epoch  54/100 — train_loss: 0.5512  val_loss: 0.5451
Epoch  55/100 — train_loss: 0.5509  val_loss: 0.5435
Epoch  56/100 — train_loss: 0.5511  val_loss: 0.5436
Epoch  57/100 — train_loss: 0.5511  val_loss: 0.5438
Epoch  58/100 — train_loss: 0.5514  val_loss: 0.5438
Epoch  59/100 — train_loss: 0.5515  val_loss: 0.5438
Epoch  60/100 — train_loss: 0.5520  val_loss: 0.5438
Epoch  61/100 — train_loss: 0.5516  val_loss: 0.5441
Epoch  62/100 — train_loss: 0.5518  val_loss: 0.5436
Epoch  63/100 — train_loss: 0.5520  val_loss: 0.5437
Epoch  64/100 — train_loss: 0.5523  val_loss: 0.5440
Epoch  65/100 — train_loss: 0.5532  val_loss: 0.5440
Epoch  66/100 — train_loss: 0.5521  val_loss: 0.5441
Epoch  67/100 — train_loss: 0.5525  val_loss: 0.5440
Early stopping triggered at epoch 67.

Final calibration fine-tuning for 5 epochs on 27809 customers (batch_size=2048, lr=5e-05) ...
Fine-tune epoch   1/5 - train_loss: 0.5548  full_loss: 0.5354
Fine-tune epoch   2/5 - train_loss: 0.5550  full_loss: 0.5354
Fine-tune epoch   3/5 - train_loss: 0.5549  full_loss: 0.5355
Fine-tune epoch   4/5 - train_loss: 0.5544  full_loss: 0.5356
Fine-tune epoch   5/5 - train_loss: 0.5541  full_loss: 0.5356

Checkpoint saved: /kaggle/working/results/checkpoints/lstm_base_tafeng_v6_seed2024_sample.pt
Validation-fitted softmax temperature: 0.7500
Validation aggregate calibration: freq_factor=1.8156, spend_factor=1.0000

Running autoregressive inference on holdout period ...
  inference mode: sample  n_scenarios: 30  temperature: 0.7500

=== Prediction Diagnostics ===
  Mean predicted freq/week:    0.1285
  Mean actual freq/week:       0.2167
  Over-prediction ratio:       0.593x
  Customers predicted as zero total:  0.697
  Customers actually zero total:      0.504
  Non-zero rate (pred, avg > 0.05):  0.467
  Non-zero rate (true):               0.175

Metrics saved: /kaggle/working/results/tables/lstm_base_tafeng_v6_seed2024_sample_metrics.json
Array artifacts saved: /kaggle/working/results/tables/lstm_base_tafeng_v6_seed2024_sample_arrays.npz

=== Holdout Evaluation ===
  metric_definition_version: valendin_aggregate_mape_v1
  freq_rmse: 1.7947
  freq_mae: 0.9535
  freq_normalized_gini: 0.6220
  freq_calibration_factor: 1.8156
  freq_horizon_abs_bias_pct: 7.6973
  bias_pct: 7.6973
  freq_weekly_mae: 4156.6129
  freq_weekly_total_true: 30127.0000
  freq_weekly_total_pred: 32445.9784
  freq_valendin_mape: 68.9848
  freq_horizon_bias_pct: 7.6973
  freq_weekly_mean_pct_mape: 81.0824
  freq_weekly_mean_pct_bias_pct: 27.9921
  freq_weekly_bias_pct: 7.6973
  freq_weekly_mape: 68.9848
  freq_mape: 68.9848
  freq_mase: 0.9079
  freq_mase_scale: 0.3519
  calibration_temperature_source: rolling_origin_autoregressive
  validation_temperature: 0.7500
  calibration_source: rolling_origin_autoregressive
  validation_freq_true_total: 2897.0000
  validation_freq_pred_total: 1595.6263
  validation_spend_true_total: 0.0000
  validation_spend_pred_total: 0.0000
  validation_freq_calibration_factor: 1.8156
  validation_spend_calibration_factor: 1.0000
  validation_rolling_origin_count: 2
  protocol_name: tafeng_configured_12x5
  cohort_size: 27809
  calibration_weeks: 12
  holdout_weeks: 5
  inference_mode: sample
  n_scenarios: 30
  final_finetune_enabled: True
  final_finetune_epochs: 5
  final_finetune_lr_multiplier: 0.1000
  final_finetune_batch_size_multiplier: 4.0000
  final_manifest_version: 2026-05-29-v7-v8-extension3-sweep
  final_manifest_run_name: lstm_base_tafeng_v6_seed2024_sample
  final_manifest_config: experiments/configs/lstm_base_tafeng_v6.yaml
  final_manifest_config_hash: 286f58211bd3
  final_manifest_actual_config_hash: 0331b7078ea6
  final_manifest_seed: 2024
  final_manifest_epochs: 100
  final_manifest_inference_mode: sample
  final_manifest_n_scenarios: 30
  run_valid: True
  run_invalid_reason: 
  run_warning: 
  epochs_completed: 72
  max_epochs_configured: 100
History saved: /kaggle/working/results/tables/lstm_base_tafeng_v6_seed2024_sample_history.json
