[Kaggle] raw_dir  → /kaggle/working/input/cdnow-dataset
[Kaggle] results  → /kaggle/working/results
Config: experiments/configs/transformer_joint_cdnow_full.yaml
Run: transformer_joint_cdnow_full_seed42_sample
Device: cuda
Loading dataset: cdnow ...
[pipeline] freq_bins from config: [0, 1, 2, 3]
  Train customers: 21152, Val: 2350, Inference: 23502
[cdnow] Customers with 0 calibration transactions: 0 / 23502
  top-bin decode: class_values[-1] = 3.670 (max_trans = 3)
Model: transformer — 101,950 parameters

Training for up to 120 epochs ...
/kaggle/working/thesis-code/src/training/trainer.py:135: FutureWarning: `torch.cuda.amp.GradScaler(args...)` is deprecated. Please use `torch.amp.GradScaler('cuda', args...)` instead.
  self.scaler = torch.cuda.amp.GradScaler(enabled=self.amp_enabled)
[Kendall] log_vars frozen for 5 warm-up epochs.
Epoch   1/120 — train_loss: 2.1494  val_loss: 0.1903  freq: 0.3642  spend: 0.0164  w_freq: 0.500  w_spend: 0.500
Epoch   2/120 — train_loss: 0.1241  val_loss: 0.0998  freq: 0.1856  spend: 0.0140  w_freq: 0.500  w_spend: 0.500
Epoch   3/120 — train_loss: 0.0962  val_loss: 0.0905  freq: 0.1681  spend: 0.0129  w_freq: 0.500  w_spend: 0.500
Epoch   4/120 — train_loss: 0.0924  val_loss: 0.1009  freq: 0.1897  spend: 0.0121  w_freq: 0.500  w_spend: 0.500
Epoch   5/120 — train_loss: 0.0889  val_loss: 0.0900  freq: 0.1684  spend: 0.0115  w_freq: 0.500  w_spend: 0.500
[Kendall] log_vars unfrozen at epoch 6.
[spend-norm] frozen at 0.1690 (absolute val-loss magnitude shifts accordingly; early stopping is relative so this is safe)
Epoch   6/120 — train_loss: 0.0886  val_loss: 0.0471  freq: 0.1402  spend: 0.0141  w_freq: 0.508  w_spend: 0.508
Epoch   7/120 — train_loss: 0.0376  val_loss: 0.0150  freq: 0.1373  spend: 0.0219  w_freq: 0.526  w_spend: 0.526
Epoch   8/120 — train_loss: -0.0045  val_loss: -0.0348  freq: 0.1380  spend: -0.0056  w_freq: 0.546  w_spend: 0.547
Epoch   9/120 — train_loss: -0.0416  val_loss: -0.0711  freq: 0.1320  spend: -0.0071  w_freq: 0.567  w_spend: 0.568
Epoch  10/120 — train_loss: -0.0783  val_loss: -0.1043  freq: 0.1375  spend: -0.0089  w_freq: 0.587  w_spend: 0.589
Epoch  11/120 — train_loss: -0.1089  val_loss: -0.1328  freq: 0.1369  spend: -0.0092  w_freq: 0.608  w_spend: 0.610
Epoch  12/120 — train_loss: -0.1406  val_loss: -0.1557  freq: 0.1449  spend: -0.0035  w_freq: 0.627  w_spend: 0.630
Epoch  13/120 — train_loss: -0.1744  val_loss: -0.2000  freq: 0.1265  spend: -0.0029  w_freq: 0.649  w_spend: 0.653
Epoch  14/120 — train_loss: -0.2111  val_loss: -0.2341  freq: 0.1321  spend: -0.0096  w_freq: 0.673  w_spend: 0.677
Epoch  15/120 — train_loss: -0.2431  val_loss: -0.2698  freq: 0.1273  spend: -0.0122  w_freq: 0.696  w_spend: 0.701
Epoch  16/120 — train_loss: -0.2758  val_loss: -0.2982  freq: 0.1262  spend: -0.0066  w_freq: 0.720  w_spend: 0.726
Epoch  17/120 — train_loss: -0.3085  val_loss: -0.3295  freq: 0.1360  spend: -0.0136  w_freq: 0.745  w_spend: 0.752
Epoch  18/120 — train_loss: -0.3431  val_loss: -0.3551  freq: 0.1332  spend: -0.0060  w_freq: 0.771  w_spend: 0.780
Epoch  19/120 — train_loss: -0.3663  val_loss: -0.3932  freq: 0.1292  spend: -0.0149  w_freq: 0.794  w_spend: 0.804
Epoch  20/120 — train_loss: -0.3990  val_loss: -0.4209  freq: 0.1299  spend: -0.0123  w_freq: 0.820  w_spend: 0.832
Epoch  21/120 — train_loss: -0.4292  val_loss: -0.4513  freq: 0.1282  spend: -0.0157  w_freq: 0.845  w_spend: 0.859
Epoch  22/120 — train_loss: -0.4615  val_loss: -0.4851  freq: 0.1238  spend: -0.0125  w_freq: 0.872  w_spend: 0.888
Epoch  23/120 — train_loss: -0.4896  val_loss: -0.5067  freq: 0.1306  spend: -0.0099  w_freq: 0.901  w_spend: 0.920
Epoch  24/120 — train_loss: -0.5182  val_loss: -0.5339  freq: 0.1285  spend: -0.0119  w_freq: 0.929  w_spend: 0.950
Epoch  25/120 — train_loss: -0.5437  val_loss: -0.5601  freq: 0.1309  spend: -0.0140  w_freq: 0.953  w_spend: 0.977
Epoch  26/120 — train_loss: -0.5694  val_loss: -0.5922  freq: 0.1231  spend: -0.0115  w_freq: 0.982  w_spend: 1.008
Epoch  27/120 — train_loss: -0.6019  val_loss: -0.6251  freq: 0.1225  spend: -0.0149  w_freq: 1.011  w_spend: 1.041
Epoch  28/120 — train_loss: -0.6299  val_loss: -0.6568  freq: 0.1226  spend: -0.0177  w_freq: 1.043  w_spend: 1.077
Epoch  29/120 — train_loss: -0.6583  val_loss: -0.6769  freq: 0.1233  spend: -0.0116  w_freq: 1.076  w_spend: 1.114
Epoch  30/120 — train_loss: -0.6837  val_loss: -0.6977  freq: 0.1246  spend: -0.0106  w_freq: 1.105  w_spend: 1.147
Epoch  31/120 — train_loss: -0.7056  val_loss: -0.7283  freq: 0.1223  spend: -0.0155  w_freq: 1.132  w_spend: 1.178
Epoch  32/120 — train_loss: -0.7287  val_loss: -0.7500  freq: 0.1227  spend: -0.0142  w_freq: 1.160  w_spend: 1.211
Epoch  33/120 — train_loss: -0.7482  val_loss: -0.7632  freq: 0.1232  spend: -0.0089  w_freq: 1.189  w_spend: 1.244
Epoch  34/120 — train_loss: -0.7729  val_loss: -0.7906  freq: 0.1245  spend: -0.0119  w_freq: 1.217  w_spend: 1.277
Epoch  35/120 — train_loss: -0.7974  val_loss: -0.8135  freq: 0.1260  spend: -0.0136  w_freq: 1.250  w_spend: 1.316
Epoch  36/120 — train_loss: -0.8238  val_loss: -0.8419  freq: 0.1220  spend: -0.0119  w_freq: 1.281  w_spend: 1.354
Epoch  37/120 — train_loss: -0.8502  val_loss: -0.8747  freq: 0.1213  spend: -0.0180  w_freq: 1.317  w_spend: 1.397
Epoch  38/120 — train_loss: -0.8726  val_loss: -0.8913  freq: 0.1211  spend: -0.0138  w_freq: 1.349  w_spend: 1.436
Epoch  39/120 — train_loss: -0.8942  val_loss: -0.9139  freq: 0.1215  spend: -0.0148  w_freq: 1.381  w_spend: 1.475
Epoch  40/120 — train_loss: -0.9179  val_loss: -0.9231  freq: 0.1305  spend: -0.0152  w_freq: 1.414  w_spend: 1.515
Epoch  41/120 — train_loss: -0.9413  val_loss: -0.9532  freq: 0.1257  spend: -0.0164  w_freq: 1.446  w_spend: 1.556
Epoch  42/120 — train_loss: -0.9596  val_loss: -0.9727  freq: 0.1218  spend: -0.0125  w_freq: 1.479  w_spend: 1.598
Epoch  43/120 — train_loss: -0.9810  val_loss: -0.9948  freq: 0.1227  spend: -0.0138  w_freq: 1.511  w_spend: 1.638
Epoch  44/120 — train_loss: -0.9991  val_loss: -0.9981  freq: 0.1323  spend: -0.0132  w_freq: 1.546  w_spend: 1.683
Epoch  45/120 — train_loss: -1.0234  val_loss: -1.0286  freq: 0.1256  spend: -0.0135  w_freq: 1.577  w_spend: 1.724
Epoch  46/120 — train_loss: -1.0402  val_loss: -1.0488  freq: 0.1237  spend: -0.0123  w_freq: 1.612  w_spend: 1.769
Epoch  47/120 — train_loss: -1.0577  val_loss: -1.0679  freq: 0.1209  spend: -0.0102  w_freq: 1.644  w_spend: 1.811
Epoch  48/120 — train_loss: -1.0772  val_loss: -1.0900  freq: 0.1209  spend: -0.0131  w_freq: 1.675  w_spend: 1.854
Epoch  49/120 — train_loss: -1.0929  val_loss: -1.1015  freq: 0.1210  spend: -0.0108  w_freq: 1.705  w_spend: 1.894
Epoch  50/120 — train_loss: -1.1110  val_loss: -1.1150  freq: 0.1221  spend: -0.0093  w_freq: 1.737  w_spend: 1.937
Epoch  51/120 — train_loss: -1.1257  val_loss: -1.1426  freq: 0.1241  spend: -0.0174  w_freq: 1.769  w_spend: 1.981
Epoch  52/120 — train_loss: -1.1453  val_loss: -1.1404  freq: 0.1218  spend: -0.0067  w_freq: 1.798  w_spend: 2.022
Epoch  53/120 — train_loss: -1.1580  val_loss: -1.1700  freq: 0.1208  spend: -0.0129  w_freq: 1.826  w_spend: 2.062
Epoch  54/120 — train_loss: -1.1763  val_loss: -1.1793  freq: 0.1263  spend: -0.0148  w_freq: 1.856  w_spend: 2.104
Epoch  55/120 — train_loss: -1.1934  val_loss: -1.1968  freq: 0.1232  spend: -0.0128  w_freq: 1.889  w_spend: 2.151
Epoch  56/120 — train_loss: -1.2107  val_loss: -1.2264  freq: 0.1206  spend: -0.0166  w_freq: 1.921  w_spend: 2.198
Epoch  57/120 — train_loss: -1.2267  val_loss: -1.2243  freq: 0.1214  spend: -0.0095  w_freq: 1.954  w_spend: 2.246
Epoch  58/120 — train_loss: -1.2401  val_loss: -1.2458  freq: 0.1217  spend: -0.0130  w_freq: 1.985  w_spend: 2.291
Epoch  59/120 — train_loss: -1.2593  val_loss: -1.2667  freq: 0.1203  spend: -0.0145  w_freq: 2.016  w_spend: 2.337
Epoch  60/120 — train_loss: -1.2739  val_loss: -1.2752  freq: 0.1206  spend: -0.0127  w_freq: 2.046  w_spend: 2.383
Epoch  61/120 — train_loss: -1.2848  val_loss: -1.2840  freq: 0.1234  spend: -0.0132  w_freq: 2.075  w_spend: 2.426
Epoch  62/120 — train_loss: -1.3031  val_loss: -1.2954  freq: 0.1211  spend: -0.0106  w_freq: 2.105  w_spend: 2.472
Epoch  63/120 — train_loss: -1.3113  val_loss: -1.3053  freq: 0.1202  spend: -0.0087  w_freq: 2.134  w_spend: 2.516
Epoch  64/120 — train_loss: -1.3237  val_loss: -1.3280  freq: 0.1207  spend: -0.0132  w_freq: 2.163  w_spend: 2.561
Epoch  65/120 — train_loss: -1.3381  val_loss: -1.3331  freq: 0.1205  spend: -0.0107  w_freq: 2.191  w_spend: 2.605
Epoch  66/120 — train_loss: -1.3494  val_loss: -1.3466  freq: 0.1206  spend: -0.0115  w_freq: 2.217  w_spend: 2.645
Epoch  67/120 — train_loss: -1.3597  val_loss: -1.3560  freq: 0.1212  spend: -0.0114  w_freq: 2.244  w_spend: 2.688
Epoch  68/120 — train_loss: -1.3789  val_loss: -1.3566  freq: 0.1203  spend: -0.0067  w_freq: 2.272  w_spend: 2.732
Epoch  69/120 — train_loss: -1.3817  val_loss: -1.3793  freq: 0.1209  spend: -0.0118  w_freq: 2.298  w_spend: 2.775
Epoch  70/120 — train_loss: -1.3992  val_loss: -1.3858  freq: 0.1226  spend: -0.0120  w_freq: 2.324  w_spend: 2.815
Epoch  71/120 — train_loss: -1.4106  val_loss: -1.3987  freq: 0.1207  spend: -0.0116  w_freq: 2.347  w_spend: 2.853
Epoch  72/120 — train_loss: -1.4118  val_loss: -1.4070  freq: 0.1207  spend: -0.0115  w_freq: 2.371  w_spend: 2.892
Epoch  73/120 — train_loss: -1.4304  val_loss: -1.4123  freq: 0.1214  spend: -0.0109  w_freq: 2.392  w_spend: 2.927
Epoch  74/120 — train_loss: -1.4372  val_loss: -1.4149  freq: 0.1207  spend: -0.0079  w_freq: 2.417  w_spend: 2.967
Epoch  75/120 — train_loss: -1.4449  val_loss: -1.4358  freq: 0.1214  spend: -0.0127  w_freq: 2.441  w_spend: 3.006
Epoch  76/120 — train_loss: -1.4500  val_loss: -1.4479  freq: 0.1205  spend: -0.0134  w_freq: 2.462  w_spend: 3.042
Epoch  77/120 — train_loss: -1.4670  val_loss: -1.4431  freq: 0.1236  spend: -0.0116  w_freq: 2.485  w_spend: 3.079
Epoch  78/120 — train_loss: -1.4696  val_loss: -1.4577  freq: 0.1202  spend: -0.0111  w_freq: 2.507  w_spend: 3.116
Epoch  79/120 — train_loss: -1.4767  val_loss: -1.4434  freq: 0.1232  spend: -0.0067  w_freq: 2.527  w_spend: 3.148
Epoch  80/120 — train_loss: -1.4814  val_loss: -1.4704  freq: 0.1218  spend: -0.0121  w_freq: 2.546  w_spend: 3.180
Epoch  81/120 — train_loss: -1.4932  val_loss: -1.4807  freq: 0.1205  spend: -0.0122  w_freq: 2.564  w_spend: 3.211
Epoch  82/120 — train_loss: -1.4955  val_loss: -1.4802  freq: 0.1223  spend: -0.0116  w_freq: 2.582  w_spend: 3.241
Epoch  83/120 — train_loss: -1.5087  val_loss: -1.4864  freq: 0.1210  spend: -0.0107  w_freq: 2.599  w_spend: 3.270
Epoch  84/120 — train_loss: -1.5148  val_loss: -1.4929  freq: 0.1215  spend: -0.0114  w_freq: 2.616  w_spend: 3.298
Epoch  85/120 — train_loss: -1.5107  val_loss: -1.4968  freq: 0.1209  spend: -0.0105  w_freq: 2.631  w_spend: 3.323
Epoch  86/120 — train_loss: -1.5190  val_loss: -1.5045  freq: 0.1209  spend: -0.0114  w_freq: 2.647  w_spend: 3.349
Epoch  87/120 — train_loss: -1.5216  val_loss: -1.5176  freq: 0.1204  spend: -0.0134  w_freq: 2.661  w_spend: 3.372
Epoch  88/120 — train_loss: -1.5335  val_loss: -1.5048  freq: 0.1220  spend: -0.0096  w_freq: 2.675  w_spend: 3.396
Epoch  89/120 — train_loss: -1.5303  val_loss: -1.5051  freq: 0.1230  spend: -0.0091  w_freq: 2.689  w_spend: 3.419
Epoch  90/120 — train_loss: -1.5415  val_loss: -1.5183  freq: 0.1214  spend: -0.0105  w_freq: 2.703  w_spend: 3.441
Epoch  91/120 — train_loss: -1.5419  val_loss: -1.5319  freq: 0.1202  spend: -0.0123  w_freq: 2.715  w_spend: 3.462
Epoch  92/120 — train_loss: -1.5480  val_loss: -1.5293  freq: 0.1208  spend: -0.0110  w_freq: 2.727  w_spend: 3.482
Epoch  93/120 — train_loss: -1.5492  val_loss: -1.5329  freq: 0.1215  spend: -0.0116  w_freq: 2.739  w_spend: 3.500
Epoch  94/120 — train_loss: -1.5510  val_loss: -1.5331  freq: 0.1212  spend: -0.0105  w_freq: 2.749  w_spend: 3.518
Epoch  95/120 — train_loss: -1.5515  val_loss: -1.5417  freq: 0.1203  spend: -0.0113  w_freq: 2.760  w_spend: 3.534
Epoch  96/120 — train_loss: -1.5631  val_loss: -1.5454  freq: 0.1204  spend: -0.0118  w_freq: 2.770  w_spend: 3.549
Epoch  97/120 — train_loss: -1.5615  val_loss: -1.5459  freq: 0.1208  spend: -0.0115  w_freq: 2.778  w_spend: 3.563
Epoch  98/120 — train_loss: -1.5678  val_loss: -1.5396  freq: 0.1228  spend: -0.0105  w_freq: 2.787  w_spend: 3.577
Epoch  99/120 — train_loss: -1.5757  val_loss: -1.5383  freq: 0.1209  spend: -0.0081  w_freq: 2.795  w_spend: 3.589
Epoch 100/120 — train_loss: -1.5692  val_loss: -1.5388  freq: 0.1236  spend: -0.0098  w_freq: 2.802  w_spend: 3.600
Epoch 101/120 — train_loss: -1.5670  val_loss: -1.5447  freq: 0.1214  spend: -0.0092  w_freq: 2.809  w_spend: 3.611
Epoch 102/120 — train_loss: -1.5816  val_loss: -1.5478  freq: 0.1218  spend: -0.0100  w_freq: 2.815  w_spend: 3.620
Epoch 103/120 — train_loss: -1.5676  val_loss: -1.5469  freq: 0.1228  spend: -0.0101  w_freq: 2.820  w_spend: 3.628
Epoch 104/120 — train_loss: -1.5803  val_loss: -1.5462  freq: 0.1219  spend: -0.0089  w_freq: 2.825  w_spend: 3.635
Epoch 105/120 — train_loss: -1.5726  val_loss: -1.5526  freq: 0.1213  spend: -0.0098  w_freq: 2.829  w_spend: 3.642
Epoch 106/120 — train_loss: -1.5798  val_loss: -1.5502  freq: 0.1220  spend: -0.0095  w_freq: 2.833  w_spend: 3.648
Epoch 107/120 — train_loss: -1.5778  val_loss: -1.5536  freq: 0.1218  spend: -0.0099  w_freq: 2.837  w_spend: 3.653
Epoch 108/120 — train_loss: -1.5784  val_loss: -1.5588  freq: 0.1213  spend: -0.0108  w_freq: 2.840  w_spend: 3.657
Epoch 109/120 — train_loss: -1.5767  val_loss: -1.5577  freq: 0.1216  spend: -0.0106  w_freq: 2.842  w_spend: 3.661
Epoch 110/120 — train_loss: -1.5835  val_loss: -1.5551  freq: 0.1219  spend: -0.0100  w_freq: 2.844  w_spend: 3.664
Epoch 111/120 — train_loss: -1.5772  val_loss: -1.5568  freq: 0.1219  spend: -0.0103  w_freq: 2.846  w_spend: 3.667
Epoch 112/120 — train_loss: -1.5795  val_loss: -1.5572  freq: 0.1219  spend: -0.0103  w_freq: 2.848  w_spend: 3.669
Epoch 113/120 — train_loss: -1.5857  val_loss: -1.5587  freq: 0.1212  spend: -0.0101  w_freq: 2.849  w_spend: 3.671
Epoch 114/120 — train_loss: -1.5773  val_loss: -1.5587  freq: 0.1216  spend: -0.0104  w_freq: 2.850  w_spend: 3.672
Epoch 115/120 — train_loss: -1.5758  val_loss: -1.5585  freq: 0.1219  spend: -0.0105  w_freq: 2.851  w_spend: 3.673
Epoch 116/120 — train_loss: -1.5747  val_loss: -1.5588  freq: 0.1219  spend: -0.0105  w_freq: 2.851  w_spend: 3.674
Epoch 117/120 — train_loss: -1.5698  val_loss: -1.5591  freq: 0.1219  spend: -0.0106  w_freq: 2.851  w_spend: 3.674
Epoch 118/120 — train_loss: -1.5751  val_loss: -1.5592  freq: 0.1219  spend: -0.0106  w_freq: 2.852  w_spend: 3.674
Epoch 119/120 — train_loss: -1.5715  val_loss: -1.5593  freq: 0.1219  spend: -0.0106  w_freq: 2.852  w_spend: 3.675
Epoch 120/120 — train_loss: -1.5800  val_loss: -1.5592  freq: 0.1219  spend: -0.0106  w_freq: 2.852  w_spend: 3.675

Final calibration fine-tuning for 5 epochs on 23502 customers (batch_size=1024, lr=5e-05) ...
Fine-tune epoch   1/5 - train_loss: -1.5727  full_loss: -1.6632
Fine-tune epoch   2/5 - train_loss: -1.5670  full_loss: -1.6654
Fine-tune epoch   3/5 - train_loss: -1.5763  full_loss: -1.6654
Fine-tune epoch   4/5 - train_loss: -1.5736  full_loss: -1.6680
Fine-tune epoch   5/5 - train_loss: -1.5688  full_loss: -1.6682

Checkpoint saved: /kaggle/working/results/checkpoints/transformer_joint_cdnow_full_seed42_sample.pt
Validation-fitted softmax temperature: 0.7500

Duan's smearing factor (val): 1.2348
Validation aggregate calibration: freq_factor=2.6343, spend_factor=2.3847

Running autoregressive inference on holdout period ...
  inference mode: sample  n_scenarios: 30  temperature: 0.7500

=== Prediction Diagnostics ===
  Mean predicted freq/week:    0.0059
  Mean actual freq/week:       0.0209
  Over-prediction ratio:       0.281x
  Customers predicted as zero total:  0.926
  Customers actually zero total:      0.771
  Non-zero rate (pred, avg > 0.05):  0.030
  Non-zero rate (true):               0.019

Metrics saved: /kaggle/working/results/tables/transformer_joint_cdnow_full_seed42_sample_metrics.json
Array artifacts saved: /kaggle/working/results/tables/transformer_joint_cdnow_full_seed42_sample_arrays.npz

=== Holdout Evaluation ===
  metric_definition_version: valendin_aggregate_mape_v1
  freq_rmse: 1.7525
  freq_mae: 0.5184
  freq_normalized_gini: 0.6794
  freq_calibration_factor: 2.6343
  freq_horizon_abs_bias_pct: 26.1035
  bias_pct: -26.1035
  freq_weekly_mae: 176.1833
  freq_weekly_total_true: 12798.0000
  freq_weekly_total_pred: 9457.2711
  freq_valendin_mape: 35.7928
  freq_horizon_bias_pct: -26.1035
  freq_weekly_mean_pct_mape: 35.3834
  freq_weekly_mean_pct_bias_pct: -24.9608
  freq_weekly_bias_pct: -26.1035
  freq_weekly_mape: 35.7928
  freq_mape: 35.7928
  freq_mase: 0.3892
  freq_mase_scale: 0.0835
  smearing_factor: 1.2348
  spend_calibration_factor: 2.3847
  spend_mae_raw: 19.2952
  spend_rmse_raw: 66.6236
  spend_normalized_gini: 0.7133
  spend_mae_log: 1.0801
  spend_rmse_log: 1.6564
  spend_r2_log: 0.0771
  spend_bias_pct: -26.6028
  spend_weekly_mae: 6567.3307
  spend_weekly_total_true: 477773.8300
  spend_weekly_total_pred: 350672.8424
  spend_valendin_mape: 35.7388
  spend_horizon_abs_bias_pct: 26.6028
  spend_horizon_bias_pct: -26.6028
  spend_weekly_mean_pct_mape: 35.1511
  spend_weekly_mean_pct_bias_pct: -25.2712
  spend_weekly_bias_pct: -26.6028
  spend_weekly_mape: 35.7388
  spend_mase: 0.6684
  spend_mase_scale: 1.8052
  clv_mae: 18.8940
  clv_rmse: 65.2119
  clv_spearman: 0.4372
  clv_decile_lift: 5.5591
  clv_normalized_gini: 0.7133
  clv_total_true: 467470.6562
  clv_total_pred: 344307.7188
  calibration_temperature_source: rolling_origin_autoregressive
  validation_temperature: 0.7500
  smearing_source: rolling_origin_autoregressive
  calibration_source: rolling_origin_autoregressive
  validation_freq_true_total: 1410.0000
  validation_freq_pred_total: 535.2371
  validation_spend_true_total: 55157.3496
  validation_spend_pred_total: 23130.0586
  validation_freq_calibration_factor: 2.6343
  validation_spend_calibration_factor: 2.3847
  validation_rolling_origin_count: 2
  protocol_name: cdnow_master_52x26
  cohort_size: 23502
  calibration_weeks: 52
  holdout_weeks: 26
  inference_mode: sample
  n_scenarios: 30
  final_finetune_enabled: True
  final_finetune_epochs: 5
  final_finetune_lr_multiplier: 0.1000
  final_finetune_batch_size_multiplier: 4.0000
  run_valid: False
  run_invalid_reason: absolute frequency bias -26.1% exceeds 15.0%
  run_warning: large frequency bias (-26.1%); large spend bias (-26.6%)
  epochs_completed: 125
  max_epochs_configured: 120
History saved: /kaggle/working/results/tables/transformer_joint_cdnow_full_seed42_sample_history.json
