[Kaggle] raw_dir  → /kaggle/working/input/dunnhumby
[Kaggle] results  → /kaggle/working/results
Config: experiments/configs/extension3_lstm_none_dunnhumby_v4_soft.yaml
Run: extension3_lstm_none_dunnhumby_v4_soft_seed42_expected
Device: cuda
Loading dataset: dunnhumby ...
[pipeline] freq_cap=10 (auto q=0.99) → freq_bins=[0, 1, 2, 3]... (n_classes=11)
  Train customers: 2249, Val: 249, Inference: 2498
[dunnhumby] Customers with 0 calibration transactions: 0 / 2498
  top-bin decode: class_values[-1] = 13.099 (max_trans = 10)
Model: lstm — 99,577 parameters

Training for up to 100 epochs ...
/kaggle/working/thesis-code/src/training/trainer.py:135: FutureWarning: `torch.cuda.amp.GradScaler(args...)` is deprecated. Please use `torch.amp.GradScaler('cuda', args...)` instead.
  self.scaler = torch.cuda.amp.GradScaler(enabled=self.amp_enabled)
[Kendall] log_vars frozen for 5 warm-up epochs.
Epoch   1/100 — train_loss: 1.6986  val_loss: 1.7128  freq: 3.1769  spend: 0.2488  w_freq: 0.500  w_spend: 0.500
Epoch   2/100 — train_loss: 1.6731  val_loss: 1.6685  freq: 3.0913  spend: 0.2457  w_freq: 0.500  w_spend: 0.500
Epoch   3/100 — train_loss: 1.6092  val_loss: 1.5659  freq: 2.8951  spend: 0.2366  w_freq: 0.500  w_spend: 0.500
Epoch   4/100 — train_loss: 1.4424  val_loss: 1.2373  freq: 2.2751  spend: 0.1995  w_freq: 0.500  w_spend: 0.500
Epoch   5/100 — train_loss: 1.0491  val_loss: 0.9242  freq: 1.6864  spend: 0.1621  w_freq: 0.500  w_spend: 0.500
[Kendall] log_vars unfrozen at epoch 6.
[spend-norm] frozen at 0.2315 (absolute val-loss magnitude shifts accordingly; early stopping is relative so this is safe)
Epoch   6/100 — train_loss: 1.2280  val_loss: 1.1267  freq: 1.5429  spend: 0.7141  w_freq: 0.499  w_spend: 0.501
Epoch   7/100 — train_loss: 1.1360  val_loss: 1.0674  freq: 1.5196  spend: 0.6230  w_freq: 0.497  w_spend: 0.503
Epoch   8/100 — train_loss: 1.0930  val_loss: 1.0350  freq: 1.4710  spend: 0.6106  w_freq: 0.495  w_spend: 0.505
Epoch   9/100 — train_loss: 1.0467  val_loss: 0.9454  freq: 1.4214  spend: 0.4864  w_freq: 0.492  w_spend: 0.508
Epoch  10/100 — train_loss: 0.9380  val_loss: 0.7943  freq: 1.3598  spend: 0.2545  w_freq: 0.490  w_spend: 0.511
Epoch  11/100 — train_loss: 0.8335  val_loss: 0.7253  freq: 1.3535  spend: 0.1314  w_freq: 0.488  w_spend: 0.513
Epoch  12/100 — train_loss: 0.7656  val_loss: 0.6555  freq: 1.3489  spend: 0.0055  w_freq: 0.486  w_spend: 0.516
Epoch  13/100 — train_loss: 0.7058  val_loss: 0.6125  freq: 1.3482  spend: -0.0713  w_freq: 0.485  w_spend: 0.518
Epoch  14/100 — train_loss: 0.6731  val_loss: 0.5901  freq: 1.3560  spend: -0.1166  w_freq: 0.484  w_spend: 0.521
Epoch  15/100 — train_loss: 0.6435  val_loss: 0.5645  freq: 1.3565  spend: -0.1601  w_freq: 0.483  w_spend: 0.523
Epoch  16/100 — train_loss: 0.6378  val_loss: 0.5490  freq: 1.3494  spend: -0.1776  w_freq: 0.482  w_spend: 0.525
Epoch  17/100 — train_loss: 0.6187  val_loss: 0.5470  freq: 1.3459  spend: -0.1734  w_freq: 0.481  w_spend: 0.528
Epoch  18/100 — train_loss: 0.6092  val_loss: 0.5388  freq: 1.3454  spend: -0.1845  w_freq: 0.480  w_spend: 0.529
Epoch  19/100 — train_loss: 0.6011  val_loss: 0.5292  freq: 1.3373  spend: -0.1912  w_freq: 0.479  w_spend: 0.531
Epoch  20/100 — train_loss: 0.5901  val_loss: 0.5332  freq: 1.3413  spend: -0.1829  w_freq: 0.479  w_spend: 0.533
Epoch  21/100 — train_loss: 0.5877  val_loss: 0.5225  freq: 1.3285  spend: -0.1871  w_freq: 0.478  w_spend: 0.535
Epoch  22/100 — train_loss: 0.5964  val_loss: 0.5354  freq: 1.3231  spend: -0.1542  w_freq: 0.477  w_spend: 0.537
Epoch  23/100 — train_loss: 0.5777  val_loss: 0.5052  freq: 1.3262  spend: -0.2095  w_freq: 0.477  w_spend: 0.538
Epoch  24/100 — train_loss: 0.5678  val_loss: 0.5087  freq: 1.3214  spend: -0.1939  w_freq: 0.476  w_spend: 0.540
Epoch  25/100 — train_loss: 0.5597  val_loss: 0.5070  freq: 1.3241  spend: -0.1951  w_freq: 0.475  w_spend: 0.542
Epoch  26/100 — train_loss: 0.5543  val_loss: 0.4920  freq: 1.3108  spend: -0.2069  w_freq: 0.474  w_spend: 0.544
Epoch  27/100 — train_loss: 0.5460  val_loss: 0.4838  freq: 1.3136  spend: -0.2202  w_freq: 0.474  w_spend: 0.546
Epoch  28/100 — train_loss: 0.5451  val_loss: 0.4723  freq: 1.3044  spend: -0.2293  w_freq: 0.473  w_spend: 0.548
Epoch  29/100 — train_loss: 0.5343  val_loss: 0.4695  freq: 1.3076  spend: -0.2327  w_freq: 0.472  w_spend: 0.550
Epoch  30/100 — train_loss: 0.5327  val_loss: 0.4603  freq: 1.2975  spend: -0.2360  w_freq: 0.471  w_spend: 0.552
Epoch  31/100 — train_loss: 0.5206  val_loss: 0.4553  freq: 1.3003  spend: -0.2417  w_freq: 0.470  w_spend: 0.554
Epoch  32/100 — train_loss: 0.5163  val_loss: 0.4427  freq: 1.2941  spend: -0.2529  w_freq: 0.469  w_spend: 0.557
Epoch  33/100 — train_loss: 0.5061  val_loss: 0.4374  freq: 1.2870  spend: -0.2499  w_freq: 0.468  w_spend: 0.559
Epoch  34/100 — train_loss: 0.5021  val_loss: 0.4416  freq: 1.2808  spend: -0.2320  w_freq: 0.467  w_spend: 0.562
Epoch  35/100 — train_loss: 0.5040  val_loss: 0.4297  freq: 1.2788  spend: -0.2473  w_freq: 0.466  w_spend: 0.564
Epoch  36/100 — train_loss: 0.4973  val_loss: 0.4290  freq: 1.2768  spend: -0.2432  w_freq: 0.466  w_spend: 0.566
Epoch  37/100 — train_loss: 0.4877  val_loss: 0.4192  freq: 1.2786  spend: -0.2583  w_freq: 0.465  w_spend: 0.568
Epoch  38/100 — train_loss: 0.4836  val_loss: 0.4184  freq: 1.2735  spend: -0.2510  w_freq: 0.464  w_spend: 0.570
Epoch  39/100 — train_loss: 0.4867  val_loss: 0.4140  freq: 1.2700  spend: -0.2508  w_freq: 0.463  w_spend: 0.572
Epoch  40/100 — train_loss: 0.4829  val_loss: 0.4427  freq: 1.2679  spend: -0.1953  w_freq: 0.462  w_spend: 0.574
Epoch  41/100 — train_loss: 0.4851  val_loss: 0.4107  freq: 1.2667  spend: -0.2468  w_freq: 0.462  w_spend: 0.576
Epoch  42/100 — train_loss: 0.4741  val_loss: 0.4049  freq: 1.2670  spend: -0.2536  w_freq: 0.461  w_spend: 0.578
Epoch  43/100 — train_loss: 0.4856  val_loss: 0.4058  freq: 1.2638  spend: -0.2465  w_freq: 0.460  w_spend: 0.579
Epoch  44/100 — train_loss: 0.4777  val_loss: 0.4013  freq: 1.2627  spend: -0.2506  w_freq: 0.460  w_spend: 0.581
Epoch  45/100 — train_loss: 0.4793  val_loss: 0.4081  freq: 1.2639  spend: -0.2374  w_freq: 0.459  w_spend: 0.582
Epoch  46/100 — train_loss: 0.4676  val_loss: 0.3937  freq: 1.2636  spend: -0.2594  w_freq: 0.459  w_spend: 0.583
Epoch  47/100 — train_loss: 0.4632  val_loss: 0.3968  freq: 1.2613  spend: -0.2490  w_freq: 0.458  w_spend: 0.585
Epoch  48/100 — train_loss: 0.4693  val_loss: 0.3855  freq: 1.2593  spend: -0.2638  w_freq: 0.458  w_spend: 0.586
Epoch  49/100 — train_loss: 0.4585  val_loss: 0.3845  freq: 1.2592  spend: -0.2623  w_freq: 0.457  w_spend: 0.588
Epoch  50/100 — train_loss: 0.4573  val_loss: 0.3791  freq: 1.2577  spend: -0.2669  w_freq: 0.457  w_spend: 0.589
Epoch  51/100 — train_loss: 0.4556  val_loss: 0.3793  freq: 1.2577  spend: -0.2628  w_freq: 0.456  w_spend: 0.591
Epoch  52/100 — train_loss: 0.4514  val_loss: 0.3720  freq: 1.2565  spend: -0.2703  w_freq: 0.455  w_spend: 0.593
Epoch  53/100 — train_loss: 0.4462  val_loss: 0.3713  freq: 1.2546  spend: -0.2663  w_freq: 0.454  w_spend: 0.595
Epoch  54/100 — train_loss: 0.4450  val_loss: 0.3646  freq: 1.2547  spend: -0.2740  w_freq: 0.454  w_spend: 0.597
Epoch  55/100 — train_loss: 0.4435  val_loss: 0.3651  freq: 1.2524  spend: -0.2684  w_freq: 0.453  w_spend: 0.598
Epoch  56/100 — train_loss: 0.4401  val_loss: 0.3657  freq: 1.2520  spend: -0.2639  w_freq: 0.452  w_spend: 0.600
Epoch  57/100 — train_loss: 0.4351  val_loss: 0.3563  freq: 1.2508  spend: -0.2755  w_freq: 0.452  w_spend: 0.602
Epoch  58/100 — train_loss: 0.4394  val_loss: 0.3546  freq: 1.2511  spend: -0.2754  w_freq: 0.451  w_spend: 0.603
Epoch  59/100 — train_loss: 0.4342  val_loss: 0.3711  freq: 1.2528  spend: -0.2471  w_freq: 0.450  w_spend: 0.605
Epoch  60/100 — train_loss: 0.4442  val_loss: 0.3521  freq: 1.2498  spend: -0.2745  w_freq: 0.450  w_spend: 0.606
Epoch  61/100 — train_loss: 0.4298  val_loss: 0.3543  freq: 1.2498  spend: -0.2693  w_freq: 0.450  w_spend: 0.607
Epoch  62/100 — train_loss: 0.4269  val_loss: 0.3484  freq: 1.2491  spend: -0.2765  w_freq: 0.449  w_spend: 0.608
Epoch  63/100 — train_loss: 0.4327  val_loss: 0.3471  freq: 1.2484  spend: -0.2765  w_freq: 0.449  w_spend: 0.609
Epoch  64/100 — train_loss: 0.4310  val_loss: 0.3505  freq: 1.2505  spend: -0.2708  w_freq: 0.449  w_spend: 0.610
Epoch  65/100 — train_loss: 0.4270  val_loss: 0.3499  freq: 1.2476  spend: -0.2678  w_freq: 0.448  w_spend: 0.611
Epoch  66/100 — train_loss: 0.4285  val_loss: 0.3462  freq: 1.2475  spend: -0.2717  w_freq: 0.448  w_spend: 0.612
Epoch  67/100 — train_loss: 0.4274  val_loss: 0.3493  freq: 1.2476  spend: -0.2646  w_freq: 0.447  w_spend: 0.613
Epoch  68/100 — train_loss: 0.4213  val_loss: 0.3424  freq: 1.2489  spend: -0.2747  w_freq: 0.447  w_spend: 0.614
Epoch  69/100 — train_loss: 0.4236  val_loss: 0.3379  freq: 1.2463  spend: -0.2781  w_freq: 0.446  w_spend: 0.615
Epoch  70/100 — train_loss: 0.4246  val_loss: 0.3357  freq: 1.2461  spend: -0.2800  w_freq: 0.446  w_spend: 0.616
Epoch  71/100 — train_loss: 0.4229  val_loss: 0.3367  freq: 1.2464  spend: -0.2772  w_freq: 0.446  w_spend: 0.617
Epoch  72/100 — train_loss: 0.4254  val_loss: 0.3348  freq: 1.2463  spend: -0.2795  w_freq: 0.446  w_spend: 0.617
Epoch  73/100 — train_loss: 0.4234  val_loss: 0.3362  freq: 1.2453  spend: -0.2758  w_freq: 0.445  w_spend: 0.618
Epoch  74/100 — train_loss: 0.4208  val_loss: 0.3381  freq: 1.2464  spend: -0.2724  w_freq: 0.445  w_spend: 0.618
Epoch  75/100 — train_loss: 0.4215  val_loss: 0.3355  freq: 1.2465  spend: -0.2754  w_freq: 0.445  w_spend: 0.619
Epoch  76/100 — train_loss: 0.4189  val_loss: 0.3329  freq: 1.2455  spend: -0.2779  w_freq: 0.445  w_spend: 0.619
Epoch  77/100 — train_loss: 0.4229  val_loss: 0.3334  freq: 1.2454  spend: -0.2762  w_freq: 0.444  w_spend: 0.620
Epoch  78/100 — train_loss: 0.4213  val_loss: 0.3342  freq: 1.2462  spend: -0.2749  w_freq: 0.444  w_spend: 0.620
Epoch  79/100 — train_loss: 0.4213  val_loss: 0.3320  freq: 1.2460  spend: -0.2775  w_freq: 0.444  w_spend: 0.621
Epoch  80/100 — train_loss: 0.4213  val_loss: 0.3340  freq: 1.2444  spend: -0.2726  w_freq: 0.444  w_spend: 0.621
Epoch  81/100 — train_loss: 0.4184  val_loss: 0.3347  freq: 1.2462  spend: -0.2720  w_freq: 0.444  w_spend: 0.621
Epoch  82/100 — train_loss: 0.4226  val_loss: 0.3389  freq: 1.2451  spend: -0.2636  w_freq: 0.444  w_spend: 0.622
Epoch  83/100 — train_loss: 0.4230  val_loss: 0.3355  freq: 1.2454  spend: -0.2687  w_freq: 0.443  w_spend: 0.622
Epoch  84/100 — train_loss: 0.4207  val_loss: 0.3364  freq: 1.2456  spend: -0.2670  w_freq: 0.443  w_spend: 0.623
Epoch  85/100 — train_loss: 0.4225  val_loss: 0.3404  freq: 1.2448  spend: -0.2596  w_freq: 0.443  w_spend: 0.623
Epoch  86/100 — train_loss: 0.4241  val_loss: 0.3386  freq: 1.2453  spend: -0.2624  w_freq: 0.443  w_spend: 0.623
Epoch  87/100 — train_loss: 0.4206  val_loss: 0.3405  freq: 1.2452  spend: -0.2589  w_freq: 0.443  w_spend: 0.623
Epoch  88/100 — train_loss: 0.4240  val_loss: 0.3341  freq: 1.2449  spend: -0.2686  w_freq: 0.443  w_spend: 0.623
Epoch  89/100 — train_loss: 0.4245  val_loss: 0.3399  freq: 1.2456  spend: -0.2596  w_freq: 0.443  w_spend: 0.624
Epoch  90/100 — train_loss: 0.4263  val_loss: 0.3369  freq: 1.2453  spend: -0.2640  w_freq: 0.443  w_spend: 0.624
Epoch  91/100 — train_loss: 0.4256  val_loss: 0.3377  freq: 1.2450  spend: -0.2623  w_freq: 0.443  w_spend: 0.624
Epoch  92/100 — train_loss: 0.4229  val_loss: 0.3391  freq: 1.2448  spend: -0.2599  w_freq: 0.443  w_spend: 0.624
Epoch  93/100 — train_loss: 0.4275  val_loss: 0.3407  freq: 1.2448  spend: -0.2571  w_freq: 0.443  w_spend: 0.624
Epoch  94/100 — train_loss: 0.4291  val_loss: 0.3412  freq: 1.2450  spend: -0.2564  w_freq: 0.443  w_spend: 0.624
Epoch  95/100 — train_loss: 0.4340  val_loss: 0.3413  freq: 1.2450  spend: -0.2561  w_freq: 0.443  w_spend: 0.624
Epoch  96/100 — train_loss: 0.4264  val_loss: 0.3418  freq: 1.2450  spend: -0.2554  w_freq: 0.443  w_spend: 0.624
Epoch  97/100 — train_loss: 0.4299  val_loss: 0.3427  freq: 1.2451  spend: -0.2540  w_freq: 0.443  w_spend: 0.624
Epoch  98/100 — train_loss: 0.4231  val_loss: 0.3429  freq: 1.2451  spend: -0.2536  w_freq: 0.442  w_spend: 0.624
Epoch  99/100 — train_loss: 0.4334  val_loss: 0.3428  freq: 1.2451  spend: -0.2537  w_freq: 0.442  w_spend: 0.624
Early stopping triggered at epoch 99.

Checkpoint saved: /kaggle/working/results/checkpoints/extension3_lstm_none_dunnhumby_v4_soft_seed42_expected.pt
Validation-fitted softmax temperature: 0.9000

Duan's smearing factor (val): 1.4543
Validation aggregate calibration: freq_factor=1.0334, spend_factor=0.9810

Running autoregressive inference on holdout period ...
  inference mode: expected  n_scenarios: 1  temperature: 0.9000

=== Prediction Diagnostics ===
  Mean predicted freq/week:    1.0247
  Mean actual freq/week:       1.1882
  Over-prediction ratio:       0.862x
  Customers predicted as zero total:  0.099
  Customers actually zero total:      0.188
  Non-zero rate (pred, avg > 0.05):  1.000
  Non-zero rate (true):               0.542

Metrics saved: /kaggle/working/results/tables/extension3_lstm_none_dunnhumby_v4_soft_seed42_expected_metrics.json
Array artifacts saved: /kaggle/working/results/tables/extension3_lstm_none_dunnhumby_v4_soft_seed42_expected_arrays.npz

=== Holdout Evaluation ===
  metric_definition_version: valendin_aggregate_mape_v1
  freq_rmse: 3.9274
  freq_mae: 2.1248
  freq_normalized_gini: 0.8382
  freq_calibration_factor: 1.0334
  freq_horizon_abs_bias_pct: 10.8789
  bias_pct: -10.8789
  freq_weekly_mae: 322.8846
  freq_weekly_total_true: 11872.0000
  freq_weekly_total_pred: 10580.4617
  freq_valendin_mape: 10.8789
  freq_horizon_bias_pct: -10.8789
  freq_weekly_mean_pct_mape: 10.8833
  freq_weekly_mean_pct_bias_pct: -10.8833
  freq_weekly_bias_pct: -10.8789
  freq_weekly_mape: 10.8789
  freq_mape: 10.8789
  freq_mase: 0.9992
  freq_mase_scale: 0.8235
  smearing_factor: 1.4543
  spend_calibration_factor: 0.9810
  spend_mae_raw: 66.0878
  spend_rmse_raw: 107.0827
  spend_normalized_gini: 0.8316
  spend_mae_log: 1.0603
  spend_rmse_log: 1.5149
  spend_r2_log: 0.4787
  spend_bias_pct: 1.8945
  spend_weekly_mae: 3870.1404
  spend_weekly_total_true: 347125.7605
  spend_weekly_total_pred: 353701.8804
  spend_valendin_mape: 4.4596
  spend_horizon_abs_bias_pct: 1.8944
  spend_horizon_bias_pct: 1.8944
  spend_weekly_mean_pct_mape: 4.4687
  spend_weekly_mean_pct_bias_pct: 2.0622
  spend_weekly_bias_pct: 1.8944
  spend_weekly_mape: 4.4596
  spend_mase: 0.9936
  spend_mase_scale: 27.5152
  clv_mae: 65.9082
  clv_rmse: 106.7881
  clv_spearman: 0.7936
  clv_decile_lift: 3.4134
  clv_normalized_gini: 0.8316
  clv_total_true: 346205.2188
  clv_total_pred: 352746.3125
  calibration_temperature_source: rolling_origin_autoregressive
  validation_temperature: 0.9000
  smearing_source: rolling_origin_autoregressive
  calibration_source: rolling_origin_autoregressive
  validation_freq_true_total: 2215.0000
  validation_freq_pred_total: 1953.8590
  validation_spend_true_total: 63355.4414
  validation_spend_pred_total: 68567.3320
  validation_freq_calibration_factor: 1.0334
  validation_spend_calibration_factor: 0.9810
  validation_rolling_origin_count: 2
  protocol_name: dunnhumby_configured_80x4
  cohort_size: 2498
  calibration_weeks: 80
  holdout_weeks: 4
  inference_mode: expected
  n_scenarios: 1
  final_manifest_version: 2026-05-20-results-recovery-protocol
  final_manifest_run_name: extension3_lstm_none_dunnhumby_v4_soft_seed42_expected
  final_manifest_config: experiments/configs/extension3_lstm_none_dunnhumby_v4_soft.yaml
  final_manifest_config_hash: cf7059b0d5b3
  final_manifest_actual_config_hash: 9637cd6b9d6d
  final_manifest_seed: 42
  final_manifest_epochs: 100
  final_manifest_inference_mode: expected
  final_manifest_n_scenarios: 1
  run_valid: True
  run_invalid_reason: 
  run_warning: expected inference mode is diagnostic-only for Valendin-style reporting
  diagnostic_only: True
  epochs_completed: 99
  max_epochs_configured: 100
History saved: /kaggle/working/results/tables/extension3_lstm_none_dunnhumby_v4_soft_seed42_expected_history.json
