[Kaggle] raw_dir  → /kaggle/working/input/tafeng-dataset
[Kaggle] results  → /kaggle/working/results
Config: experiments/configs/lstm_base_tafeng_v6.yaml
Run: lstm_base_tafeng_v6_seed7_sample
Device: cuda
Loading dataset: tafeng ...
[pipeline] freq_cap=4 (auto q=0.99) → freq_bins=[0, 1, 2, 3]... (n_classes=5)
  Train customers: 25029, Val: 2780, Inference: 27809
[tafeng] Customers with 0 calibration transactions: 0 / 27809
  top-bin decode: class_values[-1] = 4.473 (max_trans = 4)
Model: lstm — 89,780 parameters

Training for up to 100 epochs ...
/kaggle/working/thesis-code/src/training/trainer.py:135: FutureWarning: `torch.cuda.amp.GradScaler(args...)` is deprecated. Please use `torch.amp.GradScaler('cuda', args...)` instead.
  self.scaler = torch.cuda.amp.GradScaler(enabled=self.amp_enabled)
Epoch   1/100 — train_loss: 2.5023  val_loss: 2.4086
Epoch   2/100 — train_loss: 1.8648  val_loss: 0.8796
Epoch   3/100 — train_loss: 0.7386  val_loss: 0.6701
Epoch   4/100 — train_loss: 0.6495  val_loss: 0.6235
Epoch   5/100 — train_loss: 0.6145  val_loss: 0.6045
Epoch   6/100 — train_loss: 0.6029  val_loss: 0.5949
Epoch   7/100 — train_loss: 0.5948  val_loss: 0.5883
Epoch   8/100 — train_loss: 0.5901  val_loss: 0.5889
Epoch   9/100 — train_loss: 0.5885  val_loss: 0.5827
Epoch  10/100 — train_loss: 0.5856  val_loss: 0.5877
Epoch  11/100 — train_loss: 0.5840  val_loss: 0.5803
Epoch  12/100 — train_loss: 0.5837  val_loss: 0.5798
Epoch  13/100 — train_loss: 0.5820  val_loss: 0.5891
Epoch  14/100 — train_loss: 0.5822  val_loss: 0.5791
Epoch  15/100 — train_loss: 0.5806  val_loss: 0.5783
Epoch  16/100 — train_loss: 0.5835  val_loss: 0.5810
Epoch  17/100 — train_loss: 0.5809  val_loss: 0.5773
Epoch  18/100 — train_loss: 0.5796  val_loss: 0.5837
Epoch  19/100 — train_loss: 0.5806  val_loss: 0.5769
Epoch  20/100 — train_loss: 0.5796  val_loss: 0.5769
Epoch  21/100 — train_loss: 0.5792  val_loss: 0.5760
Epoch  22/100 — train_loss: 0.5805  val_loss: 0.5776
Epoch  23/100 — train_loss: 0.5799  val_loss: 0.5770
Epoch  24/100 — train_loss: 0.5795  val_loss: 0.5773
Epoch  25/100 — train_loss: 0.5800  val_loss: 0.5761
Epoch  26/100 — train_loss: 0.5795  val_loss: 0.5759
Epoch  27/100 — train_loss: 0.5795  val_loss: 0.5767
Epoch  28/100 — train_loss: 0.5796  val_loss: 0.5769
Epoch  29/100 — train_loss: 0.5795  val_loss: 0.5749
Epoch  30/100 — train_loss: 0.5804  val_loss: 0.5747
Epoch  31/100 — train_loss: 0.5791  val_loss: 0.5770
Epoch  32/100 — train_loss: 0.5795  val_loss: 0.5749
Epoch  33/100 — train_loss: 0.5803  val_loss: 0.5746
Epoch  34/100 — train_loss: 0.5790  val_loss: 0.5742
Epoch  35/100 — train_loss: 0.5793  val_loss: 0.5749
Epoch  36/100 — train_loss: 0.5808  val_loss: 0.5745
Epoch  37/100 — train_loss: 0.5807  val_loss: 0.5747
Epoch  38/100 — train_loss: 0.5803  val_loss: 0.5744
Epoch  39/100 — train_loss: 0.5809  val_loss: 0.5749
Epoch  40/100 — train_loss: 0.5800  val_loss: 0.5759
Epoch  41/100 — train_loss: 0.5804  val_loss: 0.5749
Epoch  42/100 — train_loss: 0.5807  val_loss: 0.5743
Epoch  43/100 — train_loss: 0.5804  val_loss: 0.5749
Epoch  44/100 — train_loss: 0.5804  val_loss: 0.5745
Epoch  45/100 — train_loss: 0.5814  val_loss: 0.5743
Epoch  46/100 — train_loss: 0.5812  val_loss: 0.5742
Epoch  47/100 — train_loss: 0.5815  val_loss: 0.5743
Epoch  48/100 — train_loss: 0.5811  val_loss: 0.5761
Epoch  49/100 — train_loss: 0.5820  val_loss: 0.5743
Epoch  50/100 — train_loss: 0.5827  val_loss: 0.5762
Epoch  51/100 — train_loss: 0.5825  val_loss: 0.5747
Epoch  52/100 — train_loss: 0.5828  val_loss: 0.5768
Epoch  53/100 — train_loss: 0.5815  val_loss: 0.5743
Epoch  54/100 — train_loss: 0.5828  val_loss: 0.5745
Epoch  55/100 — train_loss: 0.5829  val_loss: 0.5744
Epoch  56/100 — train_loss: 0.5828  val_loss: 0.5762
Epoch  57/100 — train_loss: 0.5841  val_loss: 0.5748
Epoch  58/100 — train_loss: 0.5839  val_loss: 0.5750
Epoch  59/100 — train_loss: 0.5839  val_loss: 0.5744
Epoch  60/100 — train_loss: 0.5842  val_loss: 0.5744
Epoch  61/100 — train_loss: 0.5840  val_loss: 0.5744
Epoch  62/100 — train_loss: 0.5833  val_loss: 0.5744
Epoch  63/100 — train_loss: 0.5841  val_loss: 0.5744
Epoch  64/100 — train_loss: 0.5843  val_loss: 0.5744
Epoch  65/100 — train_loss: 0.5849  val_loss: 0.5749
Epoch  66/100 — train_loss: 0.5852  val_loss: 0.5766
Early stopping triggered at epoch 66.

Checkpoint saved: /kaggle/working/results/checkpoints/lstm_base_tafeng_v6_seed7_sample.pt
Validation-fitted softmax temperature: 0.7500
Validation aggregate calibration: freq_factor=1.7934, spend_factor=1.0000

Running autoregressive inference on holdout period ...
  inference mode: sample  n_scenarios: 30  temperature: 0.7500

=== Prediction Diagnostics ===
  Mean predicted freq/week:    0.2387
  Mean actual freq/week:       0.2167
  Over-prediction ratio:       1.102x
  Customers predicted as zero total:  0.404
  Customers actually zero total:      0.504
  Non-zero rate (pred, avg > 0.05):  0.809
  Non-zero rate (true):               0.175

Metrics saved: /kaggle/working/results/tables/lstm_base_tafeng_v6_seed7_sample_metrics.json
Array artifacts saved: /kaggle/working/results/tables/lstm_base_tafeng_v6_seed7_sample_arrays.npz

=== Holdout Evaluation ===
  metric_definition_version: valendin_aggregate_mape_v1
  freq_rmse: 2.6518
  freq_mae: 1.4641
  freq_normalized_gini: 0.6367
  freq_calibration_factor: 1.7934
  freq_horizon_abs_bias_pct: 97.6051
  bias_pct: 97.6051
  freq_weekly_mae: 5881.0976
  freq_weekly_total_true: 30127.0000
  freq_weekly_total_pred: 59532.4882
  freq_valendin_mape: 97.6051
  freq_horizon_bias_pct: 97.6051
  freq_weekly_mean_pct_mape: 99.9298
  freq_weekly_mean_pct_bias_pct: 99.9298
  freq_weekly_bias_pct: 97.6051
  freq_weekly_mape: 97.6051
  freq_mape: 97.6051
  freq_mase: 1.1683
  freq_mase_scale: 0.3519
  calibration_temperature_source: rolling_origin_autoregressive
  validation_temperature: 0.7500
  calibration_source: rolling_origin_autoregressive
  validation_freq_true_total: 2897.0000
  validation_freq_pred_total: 1615.3632
  validation_spend_true_total: 0.0000
  validation_spend_pred_total: 0.0000
  validation_freq_calibration_factor: 1.7934
  validation_spend_calibration_factor: 1.0000
  validation_rolling_origin_count: 2
  protocol_name: tafeng_configured_12x5
  cohort_size: 27809
  calibration_weeks: 12
  holdout_weeks: 5
  inference_mode: sample
  n_scenarios: 30
  final_manifest_version: 2026-05-20-results-recovery-protocol
  final_manifest_run_name: lstm_base_tafeng_v6_seed7_sample
  final_manifest_config: experiments/configs/lstm_base_tafeng_v6.yaml
  final_manifest_config_hash: 439b37da1351
  final_manifest_actual_config_hash: 7656fe500f61
  final_manifest_seed: 7
  final_manifest_epochs: 100
  final_manifest_inference_mode: sample
  final_manifest_n_scenarios: 30
  run_valid: False
  run_invalid_reason: absolute frequency bias 97.6% exceeds 15.0%
  run_warning: large frequency bias (97.6%)
  epochs_completed: 66
  max_epochs_configured: 100
History saved: /kaggle/working/results/tables/lstm_base_tafeng_v6_seed7_sample_history.json
