[Kaggle] raw_dir  → /kaggle/working/input/cdnow-dataset
[Kaggle] results  → /kaggle/working/results
Config: experiments/configs/lstm_joint_cdnow_v6b.yaml
Run: lstm_joint_cdnow_v6b_seed7_sample
Device: cuda
Loading dataset: cdnow ...
[pipeline] freq_bins from config: [0, 1, 2, 3]
  Train customers: 2115, Val: 234, Inference: 2349
[cdnow] Customers with 0 calibration transactions: 0 / 2349
  top-bin decode: class_values[-1] = 4.071 (max_trans = 3)
Model: lstm — 97,614 parameters

Training for up to 100 epochs ...
/kaggle/working/thesis-code/src/training/trainer.py:135: FutureWarning: `torch.cuda.amp.GradScaler(args...)` is deprecated. Please use `torch.amp.GradScaler('cuda', args...)` instead.
  self.scaler = torch.cuda.amp.GradScaler(enabled=self.amp_enabled)
[Kendall] log_vars frozen for 10 warm-up epochs.
Epoch   1/100 — train_loss: 3.7814  val_loss: 3.6424  freq: 7.0660  spend: 0.2187  w_freq: 0.500  w_spend: 0.500
Epoch   2/100 — train_loss: 3.6447  val_loss: 3.2716  freq: 6.3275  spend: 0.2157  w_freq: 0.500  w_spend: 0.500
Epoch   3/100 — train_loss: 3.0119  val_loss: 2.6286  freq: 5.0526  spend: 0.2045  w_freq: 0.500  w_spend: 0.500
Epoch   4/100 — train_loss: 2.2427  val_loss: 1.4490  freq: 2.7327  spend: 0.1653  w_freq: 0.500  w_spend: 0.500
Epoch   5/100 — train_loss: 0.8049  val_loss: 0.2008  freq: 0.3221  spend: 0.0796  w_freq: 0.500  w_spend: 0.500
Epoch   6/100 — train_loss: 0.2342  val_loss: 0.1670  freq: 0.2553  spend: 0.0786  w_freq: 0.500  w_spend: 0.500
Epoch   7/100 — train_loss: 0.2200  val_loss: 0.1762  freq: 0.2432  spend: 0.1092  w_freq: 0.500  w_spend: 0.500
Epoch   8/100 — train_loss: 0.1827  val_loss: 0.1343  freq: 0.1759  spend: 0.0926  w_freq: 0.500  w_spend: 0.500
Epoch   9/100 — train_loss: 0.1503  val_loss: 0.1191  freq: 0.1560  spend: 0.0822  w_freq: 0.500  w_spend: 0.500
Epoch  10/100 — train_loss: 0.1461  val_loss: 0.1157  freq: 0.1498  spend: 0.0817  w_freq: 0.500  w_spend: 0.500
[Kendall] log_vars unfrozen at epoch 11.
[spend-norm] frozen at 0.2003 (absolute val-loss magnitude shifts accordingly; early stopping is relative so this is safe)
Epoch  11/100 — train_loss: 0.4067  val_loss: 0.2688  freq: 0.1406  spend: 0.4027  w_freq: 0.501  w_spend: 0.501
Epoch  12/100 — train_loss: 0.4340  val_loss: 0.2835  freq: 0.1370  spend: 0.4408  w_freq: 0.503  w_spend: 0.502
Epoch  13/100 — train_loss: 0.4904  val_loss: 0.2606  freq: 0.1360  spend: 0.4011  w_freq: 0.505  w_spend: 0.504
Epoch  14/100 — train_loss: 0.4313  val_loss: 0.2650  freq: 0.1356  spend: 0.4146  w_freq: 0.507  w_spend: 0.505
Epoch  15/100 — train_loss: 0.4395  val_loss: 0.2810  freq: 0.1350  spend: 0.4511  w_freq: 0.509  w_spend: 0.506
Epoch  16/100 — train_loss: 0.4523  val_loss: 0.2425  freq: 0.1347  spend: 0.3805  w_freq: 0.511  w_spend: 0.508
Epoch  17/100 — train_loss: 0.4275  val_loss: 0.2488  freq: 0.1344  spend: 0.3971  w_freq: 0.512  w_spend: 0.509
Epoch  18/100 — train_loss: 0.4464  val_loss: 0.2584  freq: 0.1349  spend: 0.4192  w_freq: 0.514  w_spend: 0.510
Epoch  19/100 — train_loss: 0.4072  val_loss: 0.2422  freq: 0.1364  spend: 0.3902  w_freq: 0.516  w_spend: 0.511
Epoch  20/100 — train_loss: 0.3936  val_loss: 0.2448  freq: 0.1340  spend: 0.4029  w_freq: 0.518  w_spend: 0.512
Epoch  21/100 — train_loss: 0.3973  val_loss: 0.2285  freq: 0.1350  spend: 0.3758  w_freq: 0.520  w_spend: 0.514
Epoch  22/100 — train_loss: 0.3821  val_loss: 0.2480  freq: 0.1375  spend: 0.4159  w_freq: 0.522  w_spend: 0.516
Epoch  23/100 — train_loss: 0.3917  val_loss: 0.2132  freq: 0.1395  spend: 0.3509  w_freq: 0.524  w_spend: 0.517
Epoch  24/100 — train_loss: 0.3886  val_loss: 0.2018  freq: 0.1338  spend: 0.3395  w_freq: 0.525  w_spend: 0.519
Epoch  25/100 — train_loss: 0.3501  val_loss: 0.1952  freq: 0.1349  spend: 0.3304  w_freq: 0.527  w_spend: 0.520
Epoch  26/100 — train_loss: 0.3562  val_loss: 0.1678  freq: 0.1479  spend: 0.2692  w_freq: 0.529  w_spend: 0.522
Epoch  27/100 — train_loss: 0.3342  val_loss: 0.2805  freq: 0.1405  spend: 0.4953  w_freq: 0.530  w_spend: 0.523
Epoch  28/100 — train_loss: 0.3111  val_loss: 0.1269  freq: 0.1347  spend: 0.2108  w_freq: 0.531  w_spend: 0.524
Epoch  29/100 — train_loss: 0.2192  val_loss: 0.0408  freq: 0.1336  spend: 0.0512  w_freq: 0.532  w_spend: 0.525
Epoch  30/100 — train_loss: 0.2352  val_loss: 0.2042  freq: 0.1405  spend: 0.3572  w_freq: 0.533  w_spend: 0.527
Epoch  31/100 — train_loss: 0.2816  val_loss: 0.1156  freq: 0.1355  spend: 0.1966  w_freq: 0.534  w_spend: 0.528
Epoch  32/100 — train_loss: 0.2190  val_loss: 0.0739  freq: 0.1331  spend: 0.1220  w_freq: 0.535  w_spend: 0.529
Epoch  33/100 — train_loss: 0.2090  val_loss: 0.0212  freq: 0.1320  spend: 0.0265  w_freq: 0.535  w_spend: 0.529
Epoch  34/100 — train_loss: 0.1449  val_loss: -0.0653  freq: 0.1329  spend: -0.1337  w_freq: 0.536  w_spend: 0.531
Epoch  35/100 — train_loss: 0.2021  val_loss: 0.0035  freq: 0.1322  spend: 0.0004  w_freq: 0.537  w_spend: 0.532
Epoch  36/100 — train_loss: 0.1487  val_loss: 0.0160  freq: 0.1332  spend: 0.0255  w_freq: 0.537  w_spend: 0.533
Epoch  37/100 — train_loss: 0.1567  val_loss: -0.0309  freq: 0.1338  spend: -0.0595  w_freq: 0.538  w_spend: 0.534
Epoch  38/100 — train_loss: 0.0549  val_loss: -0.0902  freq: 0.1319  spend: -0.1642  w_freq: 0.539  w_spend: 0.536
Epoch  39/100 — train_loss: 0.1082  val_loss: -0.0871  freq: 0.1320  spend: -0.1543  w_freq: 0.540  w_spend: 0.537
Epoch  40/100 — train_loss: 0.1531  val_loss: 0.0100  freq: 0.1339  spend: 0.0269  w_freq: 0.540  w_spend: 0.539
Epoch  41/100 — train_loss: 0.0849  val_loss: 0.0304  freq: 0.1322  spend: 0.0697  w_freq: 0.541  w_spend: 0.540
Epoch  42/100 — train_loss: 0.1787  val_loss: -0.0623  freq: 0.1324  spend: -0.0990  w_freq: 0.542  w_spend: 0.541
Epoch  43/100 — train_loss: 0.0777  val_loss: -0.1032  freq: 0.1319  spend: -0.1712  w_freq: 0.542  w_spend: 0.542
Epoch  44/100 — train_loss: 0.0611  val_loss: -0.1207  freq: 0.1319  spend: -0.1988  w_freq: 0.543  w_spend: 0.543
Epoch  45/100 — train_loss: 0.0604  val_loss: -0.1086  freq: 0.1315  spend: -0.1717  w_freq: 0.544  w_spend: 0.545
Epoch  46/100 — train_loss: 0.0015  val_loss: -0.0448  freq: 0.1319  spend: -0.0509  w_freq: 0.545  w_spend: 0.547
Epoch  47/100 — train_loss: 0.0992  val_loss: -0.1452  freq: 0.1315  spend: -0.2294  w_freq: 0.546  w_spend: 0.548
Epoch  48/100 — train_loss: 0.0391  val_loss: -0.1580  freq: 0.1312  spend: -0.2486  w_freq: 0.547  w_spend: 0.550
Epoch  49/100 — train_loss: 0.0691  val_loss: -0.1418  freq: 0.1315  spend: -0.2159  w_freq: 0.547  w_spend: 0.551
Epoch  50/100 — train_loss: 0.0685  val_loss: -0.1101  freq: 0.1313  spend: -0.1545  w_freq: 0.548  w_spend: 0.552
Epoch  51/100 — train_loss: 0.0514  val_loss: -0.1432  freq: 0.1308  spend: -0.2097  w_freq: 0.549  w_spend: 0.554
Epoch  52/100 — train_loss: 0.0059  val_loss: -0.1063  freq: 0.1322  spend: -0.1408  w_freq: 0.550  w_spend: 0.555
Epoch  53/100 — train_loss: 0.0155  val_loss: -0.1151  freq: 0.1322  spend: -0.1531  w_freq: 0.551  w_spend: 0.556
Epoch  54/100 — train_loss: 0.0530  val_loss: -0.1209  freq: 0.1311  spend: -0.1591  w_freq: 0.551  w_spend: 0.558
Epoch  55/100 — train_loss: 0.0882  val_loss: -0.1520  freq: 0.1305  spend: -0.2117  w_freq: 0.552  w_spend: 0.559
Epoch  56/100 — train_loss: 0.0374  val_loss: -0.1404  freq: 0.1312  spend: -0.1890  w_freq: 0.553  w_spend: 0.560
Epoch  57/100 — train_loss: 0.0205  val_loss: -0.1613  freq: 0.1307  spend: -0.2222  w_freq: 0.553  w_spend: 0.561
Epoch  58/100 — train_loss: 0.0095  val_loss: -0.1756  freq: 0.1302  spend: -0.2431  w_freq: 0.554  w_spend: 0.562
Epoch  59/100 — train_loss: 0.0452  val_loss: -0.1879  freq: 0.1304  spend: -0.2625  w_freq: 0.555  w_spend: 0.563
Epoch  60/100 — train_loss: 0.0480  val_loss: -0.1769  freq: 0.1301  spend: -0.2403  w_freq: 0.555  w_spend: 0.564
Epoch  61/100 — train_loss: 0.0578  val_loss: -0.1791  freq: 0.1308  spend: -0.2420  w_freq: 0.556  w_spend: 0.565
Epoch  62/100 — train_loss: 0.0410  val_loss: -0.1772  freq: 0.1302  spend: -0.2354  w_freq: 0.557  w_spend: 0.566
Epoch  63/100 — train_loss: 0.0004  val_loss: -0.1822  freq: 0.1303  spend: -0.2417  w_freq: 0.557  w_spend: 0.567
Epoch  64/100 — train_loss: -0.0408  val_loss: -0.1758  freq: 0.1299  spend: -0.2273  w_freq: 0.558  w_spend: 0.568
Epoch  65/100 — train_loss: -0.0336  val_loss: -0.1668  freq: 0.1304  spend: -0.2097  w_freq: 0.558  w_spend: 0.569
Epoch  66/100 — train_loss: -0.0175  val_loss: -0.1905  freq: 0.1300  spend: -0.2489  w_freq: 0.559  w_spend: 0.569
Epoch  67/100 — train_loss: 0.0029  val_loss: -0.1917  freq: 0.1298  spend: -0.2488  w_freq: 0.559  w_spend: 0.570
Epoch  68/100 — train_loss: 0.0444  val_loss: -0.1847  freq: 0.1301  spend: -0.2353  w_freq: 0.560  w_spend: 0.571
Epoch  69/100 — train_loss: 0.0048  val_loss: -0.1906  freq: 0.1299  spend: -0.2435  w_freq: 0.560  w_spend: 0.571
Epoch  70/100 — train_loss: 0.0220  val_loss: -0.1824  freq: 0.1299  spend: -0.2276  w_freq: 0.561  w_spend: 0.572
Epoch  71/100 — train_loss: -0.0141  val_loss: -0.1680  freq: 0.1300  spend: -0.2011  w_freq: 0.561  w_spend: 0.572
Epoch  72/100 — train_loss: -0.0298  val_loss: -0.1938  freq: 0.1298  spend: -0.2446  w_freq: 0.561  w_spend: 0.573
Epoch  73/100 — train_loss: 0.0497  val_loss: -0.1932  freq: 0.1301  spend: -0.2426  w_freq: 0.562  w_spend: 0.573
Epoch  74/100 — train_loss: -0.0175  val_loss: -0.1960  freq: 0.1298  spend: -0.2458  w_freq: 0.562  w_spend: 0.574
Epoch  75/100 — train_loss: 0.0244  val_loss: -0.1881  freq: 0.1300  spend: -0.2310  w_freq: 0.562  w_spend: 0.574
Epoch  76/100 — train_loss: 0.0524  val_loss: -0.1981  freq: 0.1297  spend: -0.2470  w_freq: 0.563  w_spend: 0.575
Epoch  77/100 — train_loss: -0.0038  val_loss: -0.2023  freq: 0.1298  spend: -0.2533  w_freq: 0.563  w_spend: 0.575
Epoch  78/100 — train_loss: 0.0022  val_loss: -0.1861  freq: 0.1297  spend: -0.2243  w_freq: 0.563  w_spend: 0.575
Epoch  79/100 — train_loss: -0.0384  val_loss: -0.1879  freq: 0.1297  spend: -0.2265  w_freq: 0.563  w_spend: 0.576
Epoch  80/100 — train_loss: 0.0151  val_loss: -0.1930  freq: 0.1296  spend: -0.2346  w_freq: 0.564  w_spend: 0.576
Epoch  81/100 — train_loss: -0.0145  val_loss: -0.1951  freq: 0.1296  spend: -0.2375  w_freq: 0.564  w_spend: 0.576
Epoch  82/100 — train_loss: -0.0051  val_loss: -0.1945  freq: 0.1296  spend: -0.2359  w_freq: 0.564  w_spend: 0.576
Epoch  83/100 — train_loss: -0.0077  val_loss: -0.1940  freq: 0.1296  spend: -0.2344  w_freq: 0.564  w_spend: 0.577
Epoch  84/100 — train_loss: 0.0006  val_loss: -0.1970  freq: 0.1296  spend: -0.2391  w_freq: 0.564  w_spend: 0.577
Epoch  85/100 — train_loss: 0.0071  val_loss: -0.1981  freq: 0.1296  spend: -0.2404  w_freq: 0.564  w_spend: 0.577
Epoch  86/100 — train_loss: 0.0740  val_loss: -0.2003  freq: 0.1296  spend: -0.2438  w_freq: 0.565  w_spend: 0.577
Epoch  87/100 — train_loss: 0.0719  val_loss: -0.1951  freq: 0.1296  spend: -0.2345  w_freq: 0.565  w_spend: 0.577
Epoch  88/100 — train_loss: -0.0031  val_loss: -0.1965  freq: 0.1296  spend: -0.2367  w_freq: 0.565  w_spend: 0.577
Epoch  89/100 — train_loss: 0.0643  val_loss: -0.1965  freq: 0.1296  spend: -0.2364  w_freq: 0.565  w_spend: 0.578
Epoch  90/100 — train_loss: -0.0258  val_loss: -0.1964  freq: 0.1296  spend: -0.2360  w_freq: 0.565  w_spend: 0.578
Epoch  91/100 — train_loss: -0.0053  val_loss: -0.1982  freq: 0.1296  spend: -0.2389  w_freq: 0.565  w_spend: 0.578
Epoch  92/100 — train_loss: 0.0083  val_loss: -0.1972  freq: 0.1296  spend: -0.2370  w_freq: 0.565  w_spend: 0.578
Epoch  93/100 — train_loss: 0.0196  val_loss: -0.1975  freq: 0.1296  spend: -0.2375  w_freq: 0.565  w_spend: 0.578
Epoch  94/100 — train_loss: 0.0173  val_loss: -0.1986  freq: 0.1296  spend: -0.2392  w_freq: 0.565  w_spend: 0.578
Epoch  95/100 — train_loss: 0.0537  val_loss: -0.1987  freq: 0.1296  spend: -0.2393  w_freq: 0.565  w_spend: 0.578
Epoch  96/100 — train_loss: 0.0372  val_loss: -0.1984  freq: 0.1296  spend: -0.2388  w_freq: 0.565  w_spend: 0.578
Epoch  97/100 — train_loss: -0.0224  val_loss: -0.1983  freq: 0.1296  spend: -0.2386  w_freq: 0.565  w_spend: 0.578
Early stopping triggered at epoch 97.

Checkpoint saved: /kaggle/working/results/checkpoints/lstm_joint_cdnow_v6b_seed7_sample.pt
Validation-fitted softmax temperature: 0.7500

Duan's smearing factor (val): 1.2096
Validation aggregate calibration: freq_factor=5.7955, spend_factor=5.4022

Running autoregressive inference on holdout period ...
  inference mode: sample  n_scenarios: 30  temperature: 0.7500

=== Prediction Diagnostics ===
  Mean predicted freq/week:    0.0024
  Mean actual freq/week:       0.0196
  Over-prediction ratio:       0.124x
  Customers predicted as zero total:  0.998
  Customers actually zero total:      0.781
  Non-zero rate (pred, avg > 0.05):  0.007
  Non-zero rate (true):               0.018

Metrics saved: /kaggle/working/results/tables/lstm_joint_cdnow_v6b_seed7_sample_metrics.json
Array artifacts saved: /kaggle/working/results/tables/lstm_joint_cdnow_v6b_seed7_sample_arrays.npz

=== Holdout Evaluation ===
  metric_definition_version: valendin_aggregate_mape_v1
  freq_rmse: 1.3922
  freq_mae: 0.6509
  freq_normalized_gini: 0.3647
  freq_calibration_factor: 5.7955
  freq_horizon_abs_bias_pct: 27.9495
  bias_pct: -27.9495
  freq_weekly_mae: 14.6178
  freq_weekly_total_true: 1196.0000
  freq_weekly_total_pred: 861.7237
  freq_valendin_mape: 31.7778
  freq_horizon_bias_pct: -27.9495
  freq_weekly_mean_pct_mape: 29.4100
  freq_weekly_mean_pct_bias_pct: -23.6438
  freq_weekly_bias_pct: -27.9495
  freq_weekly_mape: 31.7778
  freq_mape: 31.7778
  freq_mase: 0.3940
  freq_mase_scale: 0.0834
  smearing_factor: 1.2096
  spend_calibration_factor: 5.4022
  spend_mae_raw: 22.6763
  spend_rmse_raw: 54.2378
  spend_normalized_gini: 0.4358
  spend_mae_log: 1.8242
  spend_rmse_log: 2.1902
  spend_r2_log: -0.6548
  spend_bias_pct: -33.7998
  spend_weekly_mae: 619.8275
  spend_weekly_total_true: 43103.4400
  spend_weekly_total_pred: 28534.5415
  spend_valendin_mape: 37.3880
  spend_horizon_abs_bias_pct: 33.7999
  spend_horizon_bias_pct: -33.7999
  spend_weekly_mean_pct_mape: 34.6927
  spend_weekly_mean_pct_bias_pct: -27.6607
  spend_weekly_bias_pct: -33.7999
  spend_weekly_mape: 37.3880
  spend_mase: 0.6466
  spend_mase_scale: 1.7675
  clv_mae: 22.1950
  clv_rmse: 53.1138
  clv_spearman: 0.1893
  clv_decile_lift: 4.0375
  clv_normalized_gini: 0.4373
  clv_total_true: 42218.7344
  clv_total_pred: 27976.8086
  calibration_temperature_source: rolling_origin_autoregressive
  validation_temperature: 0.7500
  smearing_source: rolling_origin_autoregressive
  calibration_source: rolling_origin_autoregressive
  validation_freq_true_total: 120.0000
  validation_freq_pred_total: 20.7057
  validation_spend_true_total: 4587.6401
  validation_spend_pred_total: 849.2227
  validation_freq_calibration_factor: 5.7955
  validation_spend_calibration_factor: 5.4022
  validation_rolling_origin_count: 2
  protocol_name: cdnow_sample_52x26
  cohort_size: 2349
  calibration_weeks: 52
  holdout_weeks: 26
  inference_mode: sample
  n_scenarios: 30
  final_manifest_version: 2026-05-20-results-recovery-protocol
  final_manifest_run_name: lstm_joint_cdnow_v6b_seed7_sample
  final_manifest_config: experiments/configs/lstm_joint_cdnow_v6b.yaml
  final_manifest_config_hash: 43305e78becb
  final_manifest_actual_config_hash: 84d97a4f4b1d
  final_manifest_seed: 7
  final_manifest_epochs: 100
  final_manifest_inference_mode: sample
  final_manifest_n_scenarios: 30
  run_valid: False
  run_invalid_reason: absolute frequency bias -27.9% exceeds 15.0%
  run_warning: large frequency bias (-27.9%); large spend bias (-33.8%)
  epochs_completed: 97
  max_epochs_configured: 100
History saved: /kaggle/working/results/tables/lstm_joint_cdnow_v6b_seed7_sample_history.json
