[Kaggle] raw_dir  → /kaggle/working/input/cdnow-dataset
[Kaggle] results  → /kaggle/working/results
Config: experiments/configs/lstm_joint_cdnow_v7.yaml
Run: lstm_joint_cdnow_v7_seed42_sample
Device: cuda
Loading dataset: cdnow ...
[pipeline] freq_bins from config: [0, 1, 2, 3]
  Train customers: 2115, Val: 234, Inference: 2349
[cdnow] Customers with 0 calibration transactions: 0 / 2349
  top-bin decode: class_values[-1] = 4.071 (max_trans = 3)
Model: lstm — 97,614 parameters

Training for up to 120 epochs ...
/kaggle/working/thesis-code/src/training/trainer.py:135: FutureWarning: `torch.cuda.amp.GradScaler(args...)` is deprecated. Please use `torch.amp.GradScaler('cuda', args...)` instead.
  self.scaler = torch.cuda.amp.GradScaler(enabled=self.amp_enabled)
[Kendall] log_vars frozen for 5 warm-up epochs.
Epoch   1/120 — train_loss: 3.4987  val_loss: 3.5028  freq: 6.9836  spend: 0.0219  w_freq: 0.500  w_spend: 0.500
Epoch   2/120 — train_loss: 3.3206  val_loss: 3.1739  freq: 6.3264  spend: 0.0214  w_freq: 0.500  w_spend: 0.500
Epoch   3/120 — train_loss: 2.9980  val_loss: 2.6007  freq: 5.1812  spend: 0.0202  w_freq: 0.500  w_spend: 0.500
Epoch   4/120 — train_loss: 2.1830  val_loss: 1.5783  freq: 3.1396  spend: 0.0171  w_freq: 0.500  w_spend: 0.500
Epoch   5/120 — train_loss: 0.9972  val_loss: 0.3681  freq: 0.7261  spend: 0.0101  w_freq: 0.500  w_spend: 0.500
[Kendall] log_vars unfrozen at epoch 6.
[spend-norm] frozen at 0.2325 (absolute val-loss magnitude shifts accordingly; early stopping is relative so this is safe)
Epoch   6/120 — train_loss: 0.2074  val_loss: 0.1240  freq: 0.2203  spend: 0.0350  w_freq: 0.501  w_spend: 0.501
Epoch   7/120 — train_loss: 0.1446  val_loss: 0.1289  freq: 0.2281  spend: 0.0447  w_freq: 0.503  w_spend: 0.503
Epoch   8/120 — train_loss: 0.1287  val_loss: 0.0846  freq: 0.1523  spend: 0.0410  w_freq: 0.505  w_spend: 0.505
Epoch   9/120 — train_loss: 0.0997  val_loss: 0.0790  freq: 0.1538  spend: 0.0369  w_freq: 0.508  w_spend: 0.508
Epoch  10/120 — train_loss: 0.0942  val_loss: 0.0741  freq: 0.1541  spend: 0.0354  w_freq: 0.510  w_spend: 0.510
Epoch  11/120 — train_loss: 0.0894  val_loss: 0.0658  freq: 0.1406  spend: 0.0408  w_freq: 0.513  w_spend: 0.513
Epoch  12/120 — train_loss: 0.0737  val_loss: 0.0588  freq: 0.1404  spend: 0.0359  w_freq: 0.515  w_spend: 0.515
Epoch  13/120 — train_loss: 0.0759  val_loss: 0.0525  freq: 0.1358  spend: 0.0368  w_freq: 0.518  w_spend: 0.517
Epoch  14/120 — train_loss: 0.0672  val_loss: 0.0476  freq: 0.1347  spend: 0.0366  w_freq: 0.520  w_spend: 0.520
Epoch  15/120 — train_loss: 0.0641  val_loss: 0.0429  freq: 0.1331  spend: 0.0373  w_freq: 0.523  w_spend: 0.522
Epoch  16/120 — train_loss: 0.0597  val_loss: 0.0445  freq: 0.1436  spend: 0.0375  w_freq: 0.525  w_spend: 0.525
Epoch  17/120 — train_loss: 0.0724  val_loss: 0.0348  freq: 0.1333  spend: 0.0368  w_freq: 0.527  w_spend: 0.527
Epoch  18/120 — train_loss: 0.0566  val_loss: 0.0298  freq: 0.1313  spend: 0.0366  w_freq: 0.530  w_spend: 0.529
Epoch  19/120 — train_loss: 0.0445  val_loss: 0.0271  freq: 0.1323  spend: 0.0381  w_freq: 0.532  w_spend: 0.531
Epoch  20/120 — train_loss: 0.0408  val_loss: 0.0210  freq: 0.1318  spend: 0.0348  w_freq: 0.534  w_spend: 0.534
Epoch  21/120 — train_loss: 0.0347  val_loss: 0.0189  freq: 0.1348  spend: 0.0355  w_freq: 0.537  w_spend: 0.536
Epoch  22/120 — train_loss: 0.0359  val_loss: 0.0124  freq: 0.1299  spend: 0.0357  w_freq: 0.539  w_spend: 0.538
Epoch  23/120 — train_loss: 0.0305  val_loss: 0.0080  freq: 0.1302  spend: 0.0344  w_freq: 0.541  w_spend: 0.541
Epoch  24/120 — train_loss: 0.0375  val_loss: 0.0058  freq: 0.1315  spend: 0.0361  w_freq: 0.544  w_spend: 0.543
Epoch  25/120 — train_loss: 0.0180  val_loss: 0.0015  freq: 0.1320  spend: 0.0346  w_freq: 0.546  w_spend: 0.545
Epoch  26/120 — train_loss: 0.0206  val_loss: -0.0037  freq: 0.1290  spend: 0.0353  w_freq: 0.548  w_spend: 0.548
Epoch  27/120 — train_loss: 0.0104  val_loss: -0.0080  freq: 0.1288  spend: 0.0347  w_freq: 0.551  w_spend: 0.550
Epoch  28/120 — train_loss: 0.0087  val_loss: -0.0079  freq: 0.1378  spend: 0.0328  w_freq: 0.553  w_spend: 0.552
Epoch  29/120 — train_loss: 0.0060  val_loss: -0.0140  freq: 0.1325  spend: 0.0337  w_freq: 0.555  w_spend: 0.554
Epoch  30/120 — train_loss: 0.0037  val_loss: -0.0156  freq: 0.1364  spend: 0.0335  w_freq: 0.558  w_spend: 0.557
Epoch  31/120 — train_loss: -0.0063  val_loss: -0.0239  freq: 0.1299  spend: 0.0312  w_freq: 0.560  w_spend: 0.559
Epoch  32/120 — train_loss: -0.0018  val_loss: -0.0267  freq: 0.1307  spend: 0.0315  w_freq: 0.562  w_spend: 0.561
Epoch  33/120 — train_loss: -0.0081  val_loss: -0.0328  freq: 0.1285  spend: 0.0288  w_freq: 0.564  w_spend: 0.563
Epoch  34/120 — train_loss: -0.0178  val_loss: -0.0366  freq: 0.1290  spend: 0.0279  w_freq: 0.566  w_spend: 0.565
Epoch  35/120 — train_loss: -0.0188  val_loss: -0.0340  freq: 0.1333  spend: 0.0344  w_freq: 0.568  w_spend: 0.567
Epoch  36/120 — train_loss: -0.0173  val_loss: -0.0408  freq: 0.1280  spend: 0.0331  w_freq: 0.570  w_spend: 0.569
Epoch  37/120 — train_loss: -0.0286  val_loss: -0.0501  freq: 0.1275  spend: 0.0225  w_freq: 0.572  w_spend: 0.571
Epoch  38/120 — train_loss: -0.0315  val_loss: -0.0445  freq: 0.1349  spend: 0.0304  w_freq: 0.574  w_spend: 0.573
Epoch  39/120 — train_loss: -0.0365  val_loss: -0.0573  freq: 0.1287  spend: 0.0199  w_freq: 0.576  w_spend: 0.575
Epoch  40/120 — train_loss: -0.0403  val_loss: -0.0649  freq: 0.1311  spend: 0.0095  w_freq: 0.578  w_spend: 0.577
Epoch  41/120 — train_loss: -0.0497  val_loss: -0.0704  freq: 0.1309  spend: 0.0051  w_freq: 0.580  w_spend: 0.579
Epoch  42/120 — train_loss: -0.0493  val_loss: -0.0715  freq: 0.1272  spend: 0.0112  w_freq: 0.582  w_spend: 0.581
Epoch  43/120 — train_loss: -0.0518  val_loss: -0.0718  freq: 0.1271  spend: 0.0144  w_freq: 0.583  w_spend: 0.582
Epoch  44/120 — train_loss: -0.0531  val_loss: -0.0792  freq: 0.1269  spend: 0.0055  w_freq: 0.585  w_spend: 0.584
Epoch  45/120 — train_loss: -0.0561  val_loss: -0.0835  freq: 0.1268  spend: 0.0017  w_freq: 0.586  w_spend: 0.585
Epoch  46/120 — train_loss: -0.0666  val_loss: -0.0854  freq: 0.1278  spend: 0.0013  w_freq: 0.587  w_spend: 0.586
Epoch  47/120 — train_loss: -0.0661  val_loss: -0.0885  freq: 0.1276  spend: -0.0002  w_freq: 0.588  w_spend: 0.588
Epoch  48/120 — train_loss: -0.0640  val_loss: -0.0944  freq: 0.1268  spend: -0.0057  w_freq: 0.590  w_spend: 0.589
Epoch  49/120 — train_loss: -0.0761  val_loss: -0.0985  freq: 0.1268  spend: -0.0086  w_freq: 0.591  w_spend: 0.591
Epoch  50/120 — train_loss: -0.0749  val_loss: -0.0957  freq: 0.1275  spend: -0.0009  w_freq: 0.593  w_spend: 0.592
Epoch  51/120 — train_loss: -0.0671  val_loss: -0.0914  freq: 0.1280  spend: 0.0090  w_freq: 0.594  w_spend: 0.593
Epoch  52/120 — train_loss: -0.0820  val_loss: -0.0917  freq: 0.1281  spend: 0.0115  w_freq: 0.595  w_spend: 0.595
Epoch  53/120 — train_loss: -0.0817  val_loss: -0.1052  freq: 0.1267  spend: -0.0067  w_freq: 0.596  w_spend: 0.596
Epoch  54/120 — train_loss: -0.0878  val_loss: -0.1095  freq: 0.1271  spend: -0.0110  w_freq: 0.597  w_spend: 0.597
Epoch  55/120 — train_loss: -0.0930  val_loss: -0.1137  freq: 0.1266  spend: -0.0139  w_freq: 0.599  w_spend: 0.598
Epoch  56/120 — train_loss: -0.0936  val_loss: -0.1154  freq: 0.1264  spend: -0.0131  w_freq: 0.600  w_spend: 0.600
Epoch  57/120 — train_loss: -0.0977  val_loss: -0.1187  freq: 0.1266  spend: -0.0149  w_freq: 0.602  w_spend: 0.601
Epoch  58/120 — train_loss: -0.0951  val_loss: -0.1178  freq: 0.1264  spend: -0.0098  w_freq: 0.603  w_spend: 0.603
Epoch  59/120 — train_loss: -0.0953  val_loss: -0.1125  freq: 0.1279  spend: 0.0006  w_freq: 0.604  w_spend: 0.604
Epoch  60/120 — train_loss: -0.1003  val_loss: -0.1209  freq: 0.1270  spend: -0.0096  w_freq: 0.605  w_spend: 0.605
Epoch  61/120 — train_loss: -0.1008  val_loss: -0.1272  freq: 0.1262  spend: -0.0160  w_freq: 0.606  w_spend: 0.606
Epoch  62/120 — train_loss: -0.1011  val_loss: -0.1291  freq: 0.1262  spend: -0.0162  w_freq: 0.608  w_spend: 0.608
Epoch  63/120 — train_loss: -0.1041  val_loss: -0.1310  freq: 0.1271  spend: -0.0175  w_freq: 0.609  w_spend: 0.609
Epoch  64/120 — train_loss: -0.1075  val_loss: -0.1278  freq: 0.1263  spend: -0.0087  w_freq: 0.610  w_spend: 0.610
Epoch  65/120 — train_loss: -0.1141  val_loss: -0.1304  freq: 0.1275  spend: -0.0114  w_freq: 0.611  w_spend: 0.611
Epoch  66/120 — train_loss: -0.1085  val_loss: -0.1355  freq: 0.1301  spend: -0.0196  w_freq: 0.612  w_spend: 0.612
Epoch  67/120 — train_loss: -0.1151  val_loss: -0.1385  freq: 0.1264  spend: -0.0183  w_freq: 0.613  w_spend: 0.613
Epoch  68/120 — train_loss: -0.1157  val_loss: -0.1372  freq: 0.1261  spend: -0.0133  w_freq: 0.614  w_spend: 0.614
Epoch  69/120 — train_loss: -0.1178  val_loss: -0.1386  freq: 0.1287  spend: -0.0155  w_freq: 0.615  w_spend: 0.615
Epoch  70/120 — train_loss: -0.1196  val_loss: -0.1411  freq: 0.1264  spend: -0.0148  w_freq: 0.616  w_spend: 0.616
Epoch  71/120 — train_loss: -0.1200  val_loss: -0.1436  freq: 0.1265  spend: -0.0162  w_freq: 0.617  w_spend: 0.617
Epoch  72/120 — train_loss: -0.1259  val_loss: -0.1469  freq: 0.1261  spend: -0.0184  w_freq: 0.618  w_spend: 0.619
Epoch  73/120 — train_loss: -0.1314  val_loss: -0.1476  freq: 0.1265  spend: -0.0174  w_freq: 0.619  w_spend: 0.620
Epoch  74/120 — train_loss: -0.1263  val_loss: -0.1462  freq: 0.1271  spend: -0.0133  w_freq: 0.620  w_spend: 0.621
Epoch  75/120 — train_loss: -0.1289  val_loss: -0.1477  freq: 0.1260  spend: -0.0124  w_freq: 0.621  w_spend: 0.622
Epoch  76/120 — train_loss: -0.1307  val_loss: -0.1529  freq: 0.1261  spend: -0.0188  w_freq: 0.622  w_spend: 0.623
Epoch  77/120 — train_loss: -0.1335  val_loss: -0.1498  freq: 0.1262  spend: -0.0119  w_freq: 0.623  w_spend: 0.624
Epoch  78/120 — train_loss: -0.1296  val_loss: -0.1536  freq: 0.1268  spend: -0.0168  w_freq: 0.624  w_spend: 0.624
Epoch  79/120 — train_loss: -0.1300  val_loss: -0.1559  freq: 0.1269  spend: -0.0188  w_freq: 0.624  w_spend: 0.625
Epoch  80/120 — train_loss: -0.1315  val_loss: -0.1548  freq: 0.1261  spend: -0.0145  w_freq: 0.625  w_spend: 0.626
Epoch  81/120 — train_loss: -0.1334  val_loss: -0.1540  freq: 0.1259  spend: -0.0113  w_freq: 0.626  w_spend: 0.627
Epoch  82/120 — train_loss: -0.1372  val_loss: -0.1561  freq: 0.1260  spend: -0.0132  w_freq: 0.627  w_spend: 0.627
Epoch  83/120 — train_loss: -0.1433  val_loss: -0.1585  freq: 0.1265  spend: -0.0161  w_freq: 0.627  w_spend: 0.628
Epoch  84/120 — train_loss: -0.1457  val_loss: -0.1607  freq: 0.1259  spend: -0.0177  w_freq: 0.628  w_spend: 0.629
Epoch  85/120 — train_loss: -0.1398  val_loss: -0.1568  freq: 0.1263  spend: -0.0106  w_freq: 0.628  w_spend: 0.629
Epoch  86/120 — train_loss: -0.1433  val_loss: -0.1627  freq: 0.1263  spend: -0.0187  w_freq: 0.629  w_spend: 0.630
Epoch  87/120 — train_loss: -0.1485  val_loss: -0.1591  freq: 0.1262  spend: -0.0116  w_freq: 0.629  w_spend: 0.630
Epoch  88/120 — train_loss: -0.1341  val_loss: -0.1640  freq: 0.1266  spend: -0.0187  w_freq: 0.630  w_spend: 0.631
Epoch  89/120 — train_loss: -0.1409  val_loss: -0.1636  freq: 0.1259  spend: -0.0162  w_freq: 0.630  w_spend: 0.631
Epoch  90/120 — train_loss: -0.1471  val_loss: -0.1642  freq: 0.1260  spend: -0.0163  w_freq: 0.631  w_spend: 0.632
Epoch  91/120 — train_loss: -0.1392  val_loss: -0.1649  freq: 0.1259  spend: -0.0162  w_freq: 0.631  w_spend: 0.632
Epoch  92/120 — train_loss: -0.1449  val_loss: -0.1651  freq: 0.1259  spend: -0.0156  w_freq: 0.632  w_spend: 0.633
Epoch  93/120 — train_loss: -0.1453  val_loss: -0.1641  freq: 0.1264  spend: -0.0137  w_freq: 0.632  w_spend: 0.633
Epoch  94/120 — train_loss: -0.1399  val_loss: -0.1669  freq: 0.1259  spend: -0.0166  w_freq: 0.632  w_spend: 0.633
Epoch  95/120 — train_loss: -0.1503  val_loss: -0.1647  freq: 0.1259  spend: -0.0123  w_freq: 0.633  w_spend: 0.634
Epoch  96/120 — train_loss: -0.1458  val_loss: -0.1681  freq: 0.1260  spend: -0.0172  w_freq: 0.633  w_spend: 0.634
Epoch  97/120 — train_loss: -0.1486  val_loss: -0.1663  freq: 0.1261  spend: -0.0138  w_freq: 0.633  w_spend: 0.634
Epoch  98/120 — train_loss: -0.1449  val_loss: -0.1689  freq: 0.1259  spend: -0.0170  w_freq: 0.634  w_spend: 0.635
Epoch  99/120 — train_loss: -0.1464  val_loss: -0.1682  freq: 0.1259  spend: -0.0155  w_freq: 0.634  w_spend: 0.635
Epoch 100/120 — train_loss: -0.1436  val_loss: -0.1673  freq: 0.1259  spend: -0.0136  w_freq: 0.634  w_spend: 0.635
Epoch 101/120 — train_loss: -0.1468  val_loss: -0.1697  freq: 0.1260  spend: -0.0170  w_freq: 0.634  w_spend: 0.635
Epoch 102/120 — train_loss: -0.1475  val_loss: -0.1696  freq: 0.1260  spend: -0.0165  w_freq: 0.634  w_spend: 0.635
Epoch 103/120 — train_loss: -0.1519  val_loss: -0.1691  freq: 0.1261  spend: -0.0155  w_freq: 0.635  w_spend: 0.636
Epoch 104/120 — train_loss: -0.1414  val_loss: -0.1693  freq: 0.1260  spend: -0.0153  w_freq: 0.635  w_spend: 0.636
Epoch 105/120 — train_loss: -0.1503  val_loss: -0.1701  freq: 0.1259  spend: -0.0162  w_freq: 0.635  w_spend: 0.636
Epoch 106/120 — train_loss: -0.1541  val_loss: -0.1705  freq: 0.1259  spend: -0.0166  w_freq: 0.635  w_spend: 0.636
Epoch 107/120 — train_loss: -0.1508  val_loss: -0.1703  freq: 0.1259  spend: -0.0160  w_freq: 0.635  w_spend: 0.636
Epoch 108/120 — train_loss: -0.1499  val_loss: -0.1708  freq: 0.1259  spend: -0.0165  w_freq: 0.635  w_spend: 0.636
Epoch 109/120 — train_loss: -0.1502  val_loss: -0.1706  freq: 0.1259  spend: -0.0161  w_freq: 0.635  w_spend: 0.636
Epoch 110/120 — train_loss: -0.1496  val_loss: -0.1704  freq: 0.1259  spend: -0.0156  w_freq: 0.635  w_spend: 0.636
Epoch 111/120 — train_loss: -0.1415  val_loss: -0.1704  freq: 0.1259  spend: -0.0155  w_freq: 0.635  w_spend: 0.636
Epoch 112/120 — train_loss: -0.1461  val_loss: -0.1706  freq: 0.1259  spend: -0.0157  w_freq: 0.635  w_spend: 0.637
Epoch 113/120 — train_loss: -0.1473  val_loss: -0.1706  freq: 0.1259  spend: -0.0157  w_freq: 0.635  w_spend: 0.637
Epoch 114/120 — train_loss: -0.1486  val_loss: -0.1706  freq: 0.1259  spend: -0.0156  w_freq: 0.635  w_spend: 0.637
Epoch 115/120 — train_loss: -0.1540  val_loss: -0.1707  freq: 0.1259  spend: -0.0157  w_freq: 0.636  w_spend: 0.637
Epoch 116/120 — train_loss: -0.1511  val_loss: -0.1707  freq: 0.1259  spend: -0.0158  w_freq: 0.636  w_spend: 0.637
Epoch 117/120 — train_loss: -0.1432  val_loss: -0.1707  freq: 0.1259  spend: -0.0158  w_freq: 0.636  w_spend: 0.637
Epoch 118/120 — train_loss: -0.1419  val_loss: -0.1708  freq: 0.1259  spend: -0.0158  w_freq: 0.636  w_spend: 0.637
Epoch 119/120 — train_loss: -0.1483  val_loss: -0.1708  freq: 0.1259  spend: -0.0159  w_freq: 0.636  w_spend: 0.637
Epoch 120/120 — train_loss: -0.1411  val_loss: -0.1708  freq: 0.1259  spend: -0.0159  w_freq: 0.636  w_spend: 0.637

Checkpoint saved: /kaggle/working/results/checkpoints/lstm_joint_cdnow_v7_seed42_sample.pt
Validation-fitted softmax temperature: 0.7500

Duan's smearing factor (val): 1.2866
Validation aggregate calibration: freq_factor=4.1118, spend_factor=3.4350

Running autoregressive inference on holdout period ...
  inference mode: sample  n_scenarios: 30  temperature: 0.7500

=== Prediction Diagnostics ===
  Mean predicted freq/week:    0.0028
  Mean actual freq/week:       0.0196
  Over-prediction ratio:       0.144x
  Customers predicted as zero total:  0.972
  Customers actually zero total:      0.781
  Non-zero rate (pred, avg > 0.05):  0.012
  Non-zero rate (true):               0.018

Metrics saved: /kaggle/working/results/tables/lstm_joint_cdnow_v7_seed42_sample_metrics.json
Array artifacts saved: /kaggle/working/results/tables/lstm_joint_cdnow_v7_seed42_sample_arrays.npz

=== Holdout Evaluation ===
  metric_definition_version: valendin_aggregate_mape_v1
  freq_rmse: 1.2875
  freq_mae: 0.5453
  freq_normalized_gini: 0.4999
  freq_calibration_factor: 4.1118
  freq_horizon_abs_bias_pct: 40.8495
  bias_pct: -40.8495
  freq_weekly_mae: 24.3611
  freq_weekly_total_true: 1196.0000
  freq_weekly_total_pred: 707.4397
  freq_valendin_mape: 52.9589
  freq_horizon_bias_pct: -40.8495
  freq_weekly_mean_pct_mape: 51.7821
  freq_weekly_mean_pct_bias_pct: -38.0873
  freq_weekly_bias_pct: -40.8495
  freq_weekly_mape: 52.9589
  freq_mape: 52.9589
  freq_mase: 0.3518
  freq_mase_scale: 0.0834
  smearing_factor: 1.2866
  spend_calibration_factor: 3.4350
  spend_mae_raw: 19.2349
  spend_rmse_raw: 51.7461
  spend_normalized_gini: 0.5402
  spend_mae_log: 1.3837
  spend_rmse_log: 1.8507
  spend_r2_log: -0.1816
  spend_bias_pct: -44.4794
  spend_weekly_mae: 904.2797
  spend_weekly_total_true: 43103.4400
  spend_weekly_total_pred: 23931.3044
  spend_valendin_mape: 54.5462
  spend_horizon_abs_bias_pct: 44.4794
  spend_horizon_bias_pct: -44.4794
  spend_weekly_mean_pct_mape: 53.6963
  spend_weekly_mean_pct_bias_pct: -40.5828
  spend_weekly_bias_pct: -44.4794
  spend_weekly_mape: 54.5462
  spend_mase: 0.5846
  spend_mase_scale: 1.7675
  clv_mae: 18.8326
  clv_rmse: 50.6469
  clv_spearman: 0.2834
  clv_decile_lift: 4.7912
  clv_normalized_gini: 0.5412
  clv_total_true: 42218.7344
  clv_total_pred: 23571.1562
  calibration_temperature_source: rolling_origin_autoregressive
  validation_temperature: 0.7500
  smearing_source: rolling_origin_autoregressive
  calibration_source: rolling_origin_autoregressive
  validation_freq_true_total: 120.0000
  validation_freq_pred_total: 29.1845
  validation_spend_true_total: 4587.6401
  validation_spend_pred_total: 1335.5764
  validation_freq_calibration_factor: 4.1118
  validation_spend_calibration_factor: 3.4350
  validation_rolling_origin_count: 2
  protocol_name: cdnow_sample_52x26
  cohort_size: 2349
  calibration_weeks: 52
  holdout_weeks: 26
  inference_mode: sample
  n_scenarios: 30
  run_valid: False
  run_invalid_reason: absolute frequency bias -40.8% exceeds 15.0%
  run_warning: large frequency bias (-40.8%); large spend bias (-44.5%)
  epochs_completed: 120
  max_epochs_configured: 120
History saved: /kaggle/working/results/tables/lstm_joint_cdnow_v7_seed42_sample_history.json
