[Kaggle] raw_dir  → /kaggle/working/input/tafeng-dataset
[Kaggle] results  → /kaggle/working/results
Config: experiments/configs/lstm_joint_tafeng_v7_twostage.yaml
Run: lstm_joint_tafeng_v7_twostage_seed2024_sample
Device: cuda
Loading dataset: tafeng ...
[pipeline] freq_cap=4 (auto q=0.99) → freq_bins=[0, 1, 2, 3]... (n_classes=5)
  Train customers: 25029, Val: 2780, Inference: 27809
[tafeng] Customers with 0 calibration transactions: 0 / 27809
  top-bin decode: class_values[-1] = 4.473 (max_trans = 4)
Model: lstm — 98,262 parameters

Training for up to 120 epochs ...
/kaggle/working/thesis-code/src/training/trainer.py:135: FutureWarning: `torch.cuda.amp.GradScaler(args...)` is deprecated. Please use `torch.amp.GradScaler('cuda', args...)` instead.
  self.scaler = torch.cuda.amp.GradScaler(enabled=self.amp_enabled)

[two-stage] Stage 1: frequency-only for up to 60 epochs (patience=15) ...
[Kendall] log_vars frozen for 5 warm-up epochs.
Epoch   1/60 — train_loss: 2.5745  val_loss: 2.4938  freq: 2.4938  spend: 0.2857  w_freq: 1.000  w_spend: 0.000
Epoch   2/60 — train_loss: 2.1415  val_loss: 1.2839  freq: 1.2839  spend: 0.2818  w_freq: 1.000  w_spend: 0.000
Epoch   3/60 — train_loss: 0.8011  val_loss: 0.6830  freq: 0.6830  spend: 0.2805  w_freq: 1.000  w_spend: 0.000
Epoch   4/60 — train_loss: 0.6728  val_loss: 0.6511  freq: 0.6511  spend: 0.2838  w_freq: 1.000  w_spend: 0.000
Epoch   5/60 — train_loss: 0.6392  val_loss: 0.6101  freq: 0.6101  spend: 0.2855  w_freq: 1.000  w_spend: 0.000
[Kendall] log_vars unfrozen at epoch 6.
[spend-norm] frozen at 0.2956 (absolute val-loss magnitude shifts accordingly; early stopping is relative so this is safe)
Epoch   6/60 — train_loss: 0.6076  val_loss: 0.5933  freq: 0.5933  spend: 0.9654  w_freq: 1.000  w_spend: 0.000
Epoch   7/60 — train_loss: 0.5939  val_loss: 0.5870  freq: 0.5870  spend: 0.9693  w_freq: 1.000  w_spend: 0.000
Epoch   8/60 — train_loss: 0.5934  val_loss: 0.5890  freq: 0.5890  spend: 0.9693  w_freq: 1.000  w_spend: 0.000
Epoch   9/60 — train_loss: 0.5872  val_loss: 0.5825  freq: 0.5825  spend: 0.9687  w_freq: 1.000  w_spend: 0.000
Epoch  10/60 — train_loss: 0.5858  val_loss: 0.5820  freq: 0.5820  spend: 0.9696  w_freq: 1.000  w_spend: 0.000
Epoch  11/60 — train_loss: 0.5834  val_loss: 0.5867  freq: 0.5867  spend: 0.9699  w_freq: 1.000  w_spend: 0.000
Epoch  12/60 — train_loss: 0.5837  val_loss: 0.5844  freq: 0.5844  spend: 0.9707  w_freq: 1.000  w_spend: 0.000
Epoch  13/60 — train_loss: 0.5823  val_loss: 0.5797  freq: 0.5797  spend: 0.9718  w_freq: 1.000  w_spend: 0.000
Epoch  14/60 — train_loss: 0.5820  val_loss: 0.5782  freq: 0.5782  spend: 0.9698  w_freq: 1.000  w_spend: 0.000
Epoch  15/60 — train_loss: 0.5820  val_loss: 0.5779  freq: 0.5779  spend: 0.9713  w_freq: 1.000  w_spend: 0.000
Epoch  16/60 — train_loss: 0.5815  val_loss: 0.5790  freq: 0.5790  spend: 0.9702  w_freq: 1.000  w_spend: 0.000
Epoch  17/60 — train_loss: 0.5810  val_loss: 0.5798  freq: 0.5798  spend: 0.9742  w_freq: 1.000  w_spend: 0.000
Epoch  18/60 — train_loss: 0.5809  val_loss: 0.5768  freq: 0.5768  spend: 0.9743  w_freq: 1.000  w_spend: 0.000
Epoch  19/60 — train_loss: 0.5814  val_loss: 0.5771  freq: 0.5771  spend: 0.9750  w_freq: 1.000  w_spend: 0.000
Epoch  20/60 — train_loss: 0.5804  val_loss: 0.5790  freq: 0.5790  spend: 0.9762  w_freq: 1.000  w_spend: 0.000
Epoch  21/60 — train_loss: 0.5828  val_loss: 0.5772  freq: 0.5772  spend: 0.9757  w_freq: 1.000  w_spend: 0.000
Epoch  22/60 — train_loss: 0.5816  val_loss: 0.5758  freq: 0.5758  spend: 0.9761  w_freq: 1.000  w_spend: 0.000
Epoch  23/60 — train_loss: 0.5821  val_loss: 0.5755  freq: 0.5755  spend: 0.9774  w_freq: 1.000  w_spend: 0.000
Epoch  24/60 — train_loss: 0.5824  val_loss: 0.5757  freq: 0.5757  spend: 0.9787  w_freq: 1.000  w_spend: 0.000
Epoch  25/60 — train_loss: 0.5802  val_loss: 0.5753  freq: 0.5753  spend: 0.9782  w_freq: 1.000  w_spend: 0.000
Epoch  26/60 — train_loss: 0.5802  val_loss: 0.5751  freq: 0.5751  spend: 0.9788  w_freq: 1.000  w_spend: 0.000
Epoch  27/60 — train_loss: 0.5805  val_loss: 0.5756  freq: 0.5756  spend: 0.9811  w_freq: 1.000  w_spend: 0.000
Epoch  28/60 — train_loss: 0.5809  val_loss: 0.5755  freq: 0.5755  spend: 0.9789  w_freq: 1.000  w_spend: 0.000
Epoch  29/60 — train_loss: 0.5806  val_loss: 0.5748  freq: 0.5748  spend: 0.9778  w_freq: 1.000  w_spend: 0.000
Epoch  30/60 — train_loss: 0.5799  val_loss: 0.5747  freq: 0.5747  spend: 0.9767  w_freq: 1.000  w_spend: 0.000
Epoch  31/60 — train_loss: 0.5811  val_loss: 0.5775  freq: 0.5775  spend: 0.9786  w_freq: 1.000  w_spend: 0.000
Epoch  32/60 — train_loss: 0.5812  val_loss: 0.5748  freq: 0.5748  spend: 0.9777  w_freq: 1.000  w_spend: 0.000
Epoch  33/60 — train_loss: 0.5806  val_loss: 0.5748  freq: 0.5748  spend: 0.9782  w_freq: 1.000  w_spend: 0.000
Epoch  34/60 — train_loss: 0.5808  val_loss: 0.5740  freq: 0.5740  spend: 0.9781  w_freq: 1.000  w_spend: 0.000
Epoch  35/60 — train_loss: 0.5809  val_loss: 0.5748  freq: 0.5748  spend: 0.9804  w_freq: 1.000  w_spend: 0.000
Epoch  36/60 — train_loss: 0.5811  val_loss: 0.5745  freq: 0.5745  spend: 0.9788  w_freq: 1.000  w_spend: 0.000
Epoch  37/60 — train_loss: 0.5810  val_loss: 0.5744  freq: 0.5744  spend: 0.9801  w_freq: 1.000  w_spend: 0.000
Epoch  38/60 — train_loss: 0.5816  val_loss: 0.5742  freq: 0.5742  spend: 0.9807  w_freq: 1.000  w_spend: 0.000
Epoch  39/60 — train_loss: 0.5818  val_loss: 0.5741  freq: 0.5741  spend: 0.9786  w_freq: 1.000  w_spend: 0.000
Epoch  40/60 — train_loss: 0.5820  val_loss: 0.5743  freq: 0.5743  spend: 0.9811  w_freq: 1.000  w_spend: 0.000
Epoch  41/60 — train_loss: 0.5807  val_loss: 0.5740  freq: 0.5740  spend: 0.9823  w_freq: 1.000  w_spend: 0.000
Epoch  42/60 — train_loss: 0.5821  val_loss: 0.5758  freq: 0.5758  spend: 0.9807  w_freq: 1.000  w_spend: 0.000
Epoch  43/60 — train_loss: 0.5812  val_loss: 0.5747  freq: 0.5747  spend: 0.9820  w_freq: 1.000  w_spend: 0.000
Epoch  44/60 — train_loss: 0.5816  val_loss: 0.5738  freq: 0.5738  spend: 0.9815  w_freq: 1.000  w_spend: 0.000
Epoch  45/60 — train_loss: 0.5818  val_loss: 0.5739  freq: 0.5739  spend: 0.9810  w_freq: 1.000  w_spend: 0.000
Epoch  46/60 — train_loss: 0.5815  val_loss: 0.5741  freq: 0.5741  spend: 0.9809  w_freq: 1.000  w_spend: 0.000
Epoch  47/60 — train_loss: 0.5818  val_loss: 0.5736  freq: 0.5736  spend: 0.9806  w_freq: 1.000  w_spend: 0.000
Epoch  48/60 — train_loss: 0.5819  val_loss: 0.5739  freq: 0.5739  spend: 0.9812  w_freq: 1.000  w_spend: 0.000
Epoch  49/60 — train_loss: 0.5818  val_loss: 0.5741  freq: 0.5741  spend: 0.9816  w_freq: 1.000  w_spend: 0.000
Epoch  50/60 — train_loss: 0.5824  val_loss: 0.5743  freq: 0.5743  spend: 0.9816  w_freq: 1.000  w_spend: 0.000
Epoch  51/60 — train_loss: 0.5827  val_loss: 0.5739  freq: 0.5739  spend: 0.9829  w_freq: 1.000  w_spend: 0.000
Epoch  52/60 — train_loss: 0.5823  val_loss: 0.5744  freq: 0.5744  spend: 0.9816  w_freq: 1.000  w_spend: 0.000
Epoch  53/60 — train_loss: 0.5835  val_loss: 0.5744  freq: 0.5744  spend: 0.9803  w_freq: 1.000  w_spend: 0.000
Epoch  54/60 — train_loss: 0.5829  val_loss: 0.5746  freq: 0.5746  spend: 0.9816  w_freq: 1.000  w_spend: 0.000
Epoch  55/60 — train_loss: 0.5833  val_loss: 0.5738  freq: 0.5738  spend: 0.9815  w_freq: 1.000  w_spend: 0.000
Epoch  56/60 — train_loss: 0.5831  val_loss: 0.5743  freq: 0.5743  spend: 0.9826  w_freq: 1.000  w_spend: 0.000
Epoch  57/60 — train_loss: 0.5835  val_loss: 0.5742  freq: 0.5742  spend: 0.9820  w_freq: 1.000  w_spend: 0.000
Epoch  58/60 — train_loss: 0.5837  val_loss: 0.5740  freq: 0.5740  spend: 0.9819  w_freq: 1.000  w_spend: 0.000
Epoch  59/60 — train_loss: 0.5850  val_loss: 0.5745  freq: 0.5745  spend: 0.9824  w_freq: 1.000  w_spend: 0.000
Epoch  60/60 — train_loss: 0.5831  val_loss: 0.5746  freq: 0.5746  spend: 0.9801  w_freq: 1.000  w_spend: 0.000
[two-stage] Stage 1 complete.
/kaggle/working/thesis-code/src/training/trainer.py:788: FutureWarning: `torch.cuda.amp.GradScaler(args...)` is deprecated. Please use `torch.amp.GradScaler('cuda', args...)` instead.
  self.scaler = torch.cuda.amp.GradScaler(enabled=self.amp_enabled)
[two-stage] Stage 2 transition: froze 14 backbone params, training 2 spend-head params.

[two-stage] Stage 2: spend-only, backbone frozen, for up to 60 epochs (patience=15) ...
[Kendall] log_vars frozen for 5 warm-up epochs.
Epoch   1/60 — train_loss: 0.4151  val_loss: 0.3954  freq: 0.5736  spend: 0.2171  w_freq: 0.500  w_spend: 0.500
Epoch   2/60 — train_loss: 0.4029  val_loss: 0.3913  freq: 0.5736  spend: 0.2090  w_freq: 0.500  w_spend: 0.500
Epoch   3/60 — train_loss: 0.3994  val_loss: 0.3877  freq: 0.5736  spend: 0.2018  w_freq: 0.500  w_spend: 0.500
Epoch   4/60 — train_loss: 0.3970  val_loss: 0.3849  freq: 0.5736  spend: 0.1962  w_freq: 0.500  w_spend: 0.500
Epoch   5/60 — train_loss: 0.3944  val_loss: 0.3824  freq: 0.5736  spend: 0.1912  w_freq: 0.500  w_spend: 0.500
[Kendall] log_vars unfrozen at epoch 6.
[spend-norm] frozen at 0.2312 (absolute val-loss magnitude shifts accordingly; early stopping is relative so this is safe)
Epoch   6/60 — train_loss: 0.7383  val_loss: 0.6822  freq: 0.5736  spend: 0.7974  w_freq: 0.503  w_spend: 0.502
Epoch   7/60 — train_loss: 0.7217  val_loss: 0.6661  freq: 0.5736  spend: 0.7719  w_freq: 0.509  w_spend: 0.506
Epoch   8/60 — train_loss: 0.7149  val_loss: 0.6549  freq: 0.5736  spend: 0.7566  w_freq: 0.515  w_spend: 0.511
Epoch   9/60 — train_loss: 0.7022  val_loss: 0.6460  freq: 0.5736  spend: 0.7462  w_freq: 0.521  w_spend: 0.516
Epoch  10/60 — train_loss: 0.6925  val_loss: 0.6333  freq: 0.5736  spend: 0.7281  w_freq: 0.527  w_spend: 0.520
Epoch  11/60 — train_loss: 0.6820  val_loss: 0.6248  freq: 0.5736  spend: 0.7184  w_freq: 0.533  w_spend: 0.525
Epoch  12/60 — train_loss: 0.6770  val_loss: 0.6171  freq: 0.5736  spend: 0.7105  w_freq: 0.540  w_spend: 0.530
Epoch  13/60 — train_loss: 0.6685  val_loss: 0.6083  freq: 0.5736  spend: 0.6999  w_freq: 0.546  w_spend: 0.534
Epoch  14/60 — train_loss: 0.6639  val_loss: 0.6016  freq: 0.5736  spend: 0.6935  w_freq: 0.552  w_spend: 0.539
Epoch  15/60 — train_loss: 0.6576  val_loss: 0.5918  freq: 0.5736  spend: 0.6817  w_freq: 0.559  w_spend: 0.544
Epoch  16/60 — train_loss: 0.6515  val_loss: 0.5852  freq: 0.5736  spend: 0.6750  w_freq: 0.565  w_spend: 0.549
Epoch  17/60 — train_loss: 0.6482  val_loss: 0.5794  freq: 0.5736  spend: 0.6694  w_freq: 0.571  w_spend: 0.553
Epoch  18/60 — train_loss: 0.6471  val_loss: 0.5738  freq: 0.5736  spend: 0.6644  w_freq: 0.577  w_spend: 0.558
Epoch  19/60 — train_loss: 0.6423  val_loss: 0.5683  freq: 0.5736  spend: 0.6598  w_freq: 0.584  w_spend: 0.562
Epoch  20/60 — train_loss: 0.6404  val_loss: 0.5654  freq: 0.5736  spend: 0.6593  w_freq: 0.590  w_spend: 0.567
Early stopping triggered at epoch 20.
[two-stage] Stage 2 complete.

Checkpoint saved: /kaggle/working/results/checkpoints/lstm_joint_tafeng_v7_twostage_seed2024_sample.pt
Validation-fitted softmax temperature: 0.7500

Duan's smearing factor (val): 2.0197
Validation aggregate calibration: freq_factor=1.8287, spend_factor=1.7687

Running autoregressive inference on holdout period ...
  inference mode: sample  n_scenarios: 30  temperature: 0.7500

=== Prediction Diagnostics ===
  Mean predicted freq/week:    0.1321
  Mean actual freq/week:       0.2167
  Over-prediction ratio:       0.610x
  Customers predicted as zero total:  0.713
  Customers actually zero total:      0.504
  Non-zero rate (pred, avg > 0.05):  0.478
  Non-zero rate (true):               0.175

Metrics saved: /kaggle/working/results/tables/lstm_joint_tafeng_v7_twostage_seed2024_sample_metrics.json
Array artifacts saved: /kaggle/working/results/tables/lstm_joint_tafeng_v7_twostage_seed2024_sample_arrays.npz

=== Holdout Evaluation ===
  metric_definition_version: valendin_aggregate_mape_v1
  freq_rmse: 1.5994
  freq_mae: 0.9557
  freq_normalized_gini: 0.6161
  freq_calibration_factor: 1.8287
  freq_horizon_abs_bias_pct: 11.5259
  bias_pct: 11.5259
  freq_weekly_mae: 3119.4035
  freq_weekly_total_true: 30127.0000
  freq_weekly_total_pred: 33599.4038
  freq_valendin_mape: 51.7709
  freq_horizon_bias_pct: 11.5259
  freq_weekly_mean_pct_mape: 61.7284
  freq_weekly_mean_pct_bias_pct: 26.7648
  freq_weekly_bias_pct: 11.5259
  freq_weekly_mape: 51.7709
  freq_mape: 51.7709
  freq_mase: 0.8627
  freq_mase_scale: 0.3519
  smearing_factor: 2.0197
  spend_calibration_factor: 1.7687
  spend_mae_raw: 1098.7603
  spend_rmse_raw: 3242.8613
  spend_normalized_gini: 0.4944
  spend_mae_log: 3.5781
  spend_rmse_log: 4.4226
  spend_r2_log: -0.5693
  spend_bias_pct: 43.5840
  spend_weekly_mae: 3224737.3483
  spend_weekly_total_true: 23513493.8879
  spend_weekly_total_pred: 33761615.5274
  spend_valendin_mape: 68.5721
  spend_horizon_abs_bias_pct: 43.5840
  spend_horizon_bias_pct: 43.5840
  spend_weekly_mean_pct_mape: 80.9414
  spend_weekly_mean_pct_bias_pct: 58.2325
  spend_weekly_bias_pct: 43.5840
  spend_weekly_mape: 68.5721
  spend_mase: 1.0580
  spend_mase_scale: 289.2989
  clv_mae: 1098.7603
  clv_rmse: 3242.8613
  clv_spearman: 0.4060
  clv_decile_lift: 3.0187
  clv_normalized_gini: 0.4944
  clv_total_true: 23513494.0000
  clv_total_pred: 33761616.0000
  calibration_temperature_source: rolling_origin_autoregressive
  validation_temperature: 0.7500
  smearing_source: rolling_origin_autoregressive
  calibration_source: rolling_origin_autoregressive
  validation_freq_true_total: 2897.0000
  validation_freq_pred_total: 1584.1610
  validation_spend_true_total: 3010621.0000
  validation_spend_pred_total: 1702148.1875
  validation_freq_calibration_factor: 1.8287
  validation_spend_calibration_factor: 1.7687
  validation_rolling_origin_count: 2
  protocol_name: tafeng_configured_12x5
  cohort_size: 27809
  calibration_weeks: 12
  holdout_weeks: 5
  inference_mode: sample
  n_scenarios: 30
  run_valid: True
  run_invalid_reason: 
  run_warning: large spend bias (43.6%)
  epochs_completed: 80
  max_epochs_configured: 120
History saved: /kaggle/working/results/tables/lstm_joint_tafeng_v7_twostage_seed2024_sample_history.json
