[Kaggle] raw_dir  → /kaggle/working/input/uci-retail
[Kaggle] results  → /kaggle/working/results
Config: experiments/configs/lstm_joint_uci_v7_twostage.yaml
Run: lstm_joint_uci_v7_twostage_seed7_sample
Device: cuda
Loading dataset: uci ...
[pipeline] freq_cap=4 (auto q=0.99) → freq_bins=[0, 1, 2, 3]... (n_classes=5)
  Train customers: 4437, Val: 493, Inference: 4930
[uci] Customers with 0 calibration transactions: 0 / 4930
  top-bin decode: class_values[-1] = 5.515 (max_trans = 4)
Model: lstm — 98,262 parameters

Training for up to 120 epochs ...
/kaggle/working/thesis-code/src/training/trainer.py:135: FutureWarning: `torch.cuda.amp.GradScaler(args...)` is deprecated. Please use `torch.amp.GradScaler('cuda', args...)` instead.
  self.scaler = torch.cuda.amp.GradScaler(enabled=self.amp_enabled)

[two-stage] Stage 1: frequency-only for up to 60 epochs (patience=15) ...
[Kendall] log_vars frozen for 5 warm-up epochs.
Epoch   1/60 — train_loss: 4.8238  val_loss: 4.7424  freq: 4.7424  spend: 0.4185  w_freq: 1.000  w_spend: 0.000
Epoch   2/60 — train_loss: 4.2119  val_loss: 3.9442  freq: 3.9442  spend: 0.4185  w_freq: 1.000  w_spend: 0.000
Epoch   3/60 — train_loss: 2.9629  val_loss: 1.7829  freq: 1.7829  spend: 0.4155  w_freq: 1.000  w_spend: 0.000
Epoch   4/60 — train_loss: 0.7575  val_loss: 0.3865  freq: 0.3865  spend: 0.4142  w_freq: 1.000  w_spend: 0.000
Epoch   5/60 — train_loss: 0.3474  val_loss: 0.2966  freq: 0.2966  spend: 0.4161  w_freq: 1.000  w_spend: 0.000
[Kendall] log_vars unfrozen at epoch 6.
[spend-norm] frozen at 0.4387 (absolute val-loss magnitude shifts accordingly; early stopping is relative so this is safe)
Epoch   6/60 — train_loss: 0.3062  val_loss: 0.2818  freq: 0.2818  spend: 0.9489  w_freq: 1.000  w_spend: 0.000
Epoch   7/60 — train_loss: 0.2943  val_loss: 0.2772  freq: 0.2772  spend: 0.9474  w_freq: 1.000  w_spend: 0.000
Epoch   8/60 — train_loss: 0.2954  val_loss: 0.2863  freq: 0.2863  spend: 0.9463  w_freq: 1.000  w_spend: 0.000
Epoch   9/60 — train_loss: 0.2913  val_loss: 0.2764  freq: 0.2764  spend: 0.9472  w_freq: 1.000  w_spend: 0.000
Epoch  10/60 — train_loss: 0.2912  val_loss: 0.2808  freq: 0.2808  spend: 0.9469  w_freq: 1.000  w_spend: 0.000
Epoch  11/60 — train_loss: 0.2930  val_loss: 0.2751  freq: 0.2751  spend: 0.9476  w_freq: 1.000  w_spend: 0.000
Epoch  12/60 — train_loss: 0.2929  val_loss: 0.2751  freq: 0.2751  spend: 0.9469  w_freq: 1.000  w_spend: 0.000
Epoch  13/60 — train_loss: 0.2890  val_loss: 0.2724  freq: 0.2724  spend: 0.9465  w_freq: 1.000  w_spend: 0.000
Epoch  14/60 — train_loss: 0.2886  val_loss: 0.2732  freq: 0.2732  spend: 0.9472  w_freq: 1.000  w_spend: 0.000
Epoch  15/60 — train_loss: 0.2838  val_loss: 0.2709  freq: 0.2709  spend: 0.9453  w_freq: 1.000  w_spend: 0.000
Epoch  16/60 — train_loss: 0.2817  val_loss: 0.2685  freq: 0.2685  spend: 0.9435  w_freq: 1.000  w_spend: 0.000
Epoch  17/60 — train_loss: 0.2785  val_loss: 0.2642  freq: 0.2642  spend: 0.9413  w_freq: 1.000  w_spend: 0.000
Epoch  18/60 — train_loss: 0.2755  val_loss: 0.2621  freq: 0.2621  spend: 0.9400  w_freq: 1.000  w_spend: 0.000
Epoch  19/60 — train_loss: 0.2741  val_loss: 0.2714  freq: 0.2714  spend: 0.9428  w_freq: 1.000  w_spend: 0.000
Epoch  20/60 — train_loss: 0.2684  val_loss: 0.2629  freq: 0.2629  spend: 0.9428  w_freq: 1.000  w_spend: 0.000
Epoch  21/60 — train_loss: 0.2691  val_loss: 0.2590  freq: 0.2590  spend: 0.9428  w_freq: 1.000  w_spend: 0.000
Epoch  22/60 — train_loss: 0.2808  val_loss: 0.2603  freq: 0.2603  spend: 0.9431  w_freq: 1.000  w_spend: 0.000
Epoch  23/60 — train_loss: 0.2706  val_loss: 0.2602  freq: 0.2602  spend: 0.9416  w_freq: 1.000  w_spend: 0.000
Epoch  24/60 — train_loss: 0.2663  val_loss: 0.2581  freq: 0.2581  spend: 0.9415  w_freq: 1.000  w_spend: 0.000
Epoch  25/60 — train_loss: 0.2710  val_loss: 0.2621  freq: 0.2621  spend: 0.9423  w_freq: 1.000  w_spend: 0.000
Epoch  26/60 — train_loss: 0.2682  val_loss: 0.2595  freq: 0.2595  spend: 0.9410  w_freq: 1.000  w_spend: 0.000
Epoch  27/60 — train_loss: 0.2659  val_loss: 0.2574  freq: 0.2574  spend: 0.9415  w_freq: 1.000  w_spend: 0.000
Epoch  28/60 — train_loss: 0.2644  val_loss: 0.2561  freq: 0.2561  spend: 0.9420  w_freq: 1.000  w_spend: 0.000
Epoch  29/60 — train_loss: 0.2623  val_loss: 0.2592  freq: 0.2592  spend: 0.9426  w_freq: 1.000  w_spend: 0.000
Epoch  30/60 — train_loss: 0.2654  val_loss: 0.2577  freq: 0.2577  spend: 0.9431  w_freq: 1.000  w_spend: 0.000
Epoch  31/60 — train_loss: 0.2683  val_loss: 0.2560  freq: 0.2560  spend: 0.9412  w_freq: 1.000  w_spend: 0.000
Epoch  32/60 — train_loss: 0.2634  val_loss: 0.2571  freq: 0.2571  spend: 0.9421  w_freq: 1.000  w_spend: 0.000
Epoch  33/60 — train_loss: 0.2637  val_loss: 0.2547  freq: 0.2547  spend: 0.9407  w_freq: 1.000  w_spend: 0.000
Epoch  34/60 — train_loss: 0.2629  val_loss: 0.2587  freq: 0.2587  spend: 0.9415  w_freq: 1.000  w_spend: 0.000
Epoch  35/60 — train_loss: 0.2614  val_loss: 0.2661  freq: 0.2661  spend: 0.9429  w_freq: 1.000  w_spend: 0.000
Epoch  36/60 — train_loss: 0.2643  val_loss: 0.2612  freq: 0.2612  spend: 0.9407  w_freq: 1.000  w_spend: 0.000
Epoch  37/60 — train_loss: 0.2622  val_loss: 0.2536  freq: 0.2536  spend: 0.9403  w_freq: 1.000  w_spend: 0.000
Epoch  38/60 — train_loss: 0.2632  val_loss: 0.2535  freq: 0.2535  spend: 0.9412  w_freq: 1.000  w_spend: 0.000
Epoch  39/60 — train_loss: 0.2616  val_loss: 0.2535  freq: 0.2535  spend: 0.9408  w_freq: 1.000  w_spend: 0.000
Epoch  40/60 — train_loss: 0.2604  val_loss: 0.2533  freq: 0.2533  spend: 0.9405  w_freq: 1.000  w_spend: 0.000
Epoch  41/60 — train_loss: 0.2632  val_loss: 0.2629  freq: 0.2629  spend: 0.9407  w_freq: 1.000  w_spend: 0.000
Epoch  42/60 — train_loss: 0.2673  val_loss: 0.2619  freq: 0.2619  spend: 0.9394  w_freq: 1.000  w_spend: 0.000
Epoch  43/60 — train_loss: 0.2626  val_loss: 0.2525  freq: 0.2525  spend: 0.9407  w_freq: 1.000  w_spend: 0.000
Epoch  44/60 — train_loss: 0.2614  val_loss: 0.2520  freq: 0.2520  spend: 0.9396  w_freq: 1.000  w_spend: 0.000
Epoch  45/60 — train_loss: 0.2584  val_loss: 0.2537  freq: 0.2537  spend: 0.9390  w_freq: 1.000  w_spend: 0.000
Epoch  46/60 — train_loss: 0.2600  val_loss: 0.2518  freq: 0.2518  spend: 0.9407  w_freq: 1.000  w_spend: 0.000
Epoch  47/60 — train_loss: 0.2602  val_loss: 0.2515  freq: 0.2515  spend: 0.9398  w_freq: 1.000  w_spend: 0.000
Epoch  48/60 — train_loss: 0.2596  val_loss: 0.2520  freq: 0.2520  spend: 0.9397  w_freq: 1.000  w_spend: 0.000
Epoch  49/60 — train_loss: 0.2626  val_loss: 0.2710  freq: 0.2710  spend: 0.9401  w_freq: 1.000  w_spend: 0.000
Epoch  50/60 — train_loss: 0.2635  val_loss: 0.2576  freq: 0.2576  spend: 0.9396  w_freq: 1.000  w_spend: 0.000
Epoch  51/60 — train_loss: 0.2684  val_loss: 0.2529  freq: 0.2529  spend: 0.9391  w_freq: 1.000  w_spend: 0.000
Epoch  52/60 — train_loss: 0.2630  val_loss: 0.2512  freq: 0.2512  spend: 0.9388  w_freq: 1.000  w_spend: 0.000
Epoch  53/60 — train_loss: 0.2598  val_loss: 0.2510  freq: 0.2510  spend: 0.9389  w_freq: 1.000  w_spend: 0.000
Epoch  54/60 — train_loss: 0.2610  val_loss: 0.2512  freq: 0.2512  spend: 0.9393  w_freq: 1.000  w_spend: 0.000
Epoch  55/60 — train_loss: 0.2584  val_loss: 0.2508  freq: 0.2508  spend: 0.9395  w_freq: 1.000  w_spend: 0.000
Epoch  56/60 — train_loss: 0.2590  val_loss: 0.2505  freq: 0.2505  spend: 0.9399  w_freq: 1.000  w_spend: 0.000
Epoch  57/60 — train_loss: 0.2594  val_loss: 0.2512  freq: 0.2512  spend: 0.9391  w_freq: 1.000  w_spend: 0.000
Epoch  58/60 — train_loss: 0.2617  val_loss: 0.2506  freq: 0.2506  spend: 0.9397  w_freq: 1.000  w_spend: 0.000
Epoch  59/60 — train_loss: 0.2646  val_loss: 0.2567  freq: 0.2567  spend: 0.9400  w_freq: 1.000  w_spend: 0.000
Epoch  60/60 — train_loss: 0.2617  val_loss: 0.2505  freq: 0.2505  spend: 0.9399  w_freq: 1.000  w_spend: 0.000
[two-stage] Stage 1 complete.
/kaggle/working/thesis-code/src/training/trainer.py:788: FutureWarning: `torch.cuda.amp.GradScaler(args...)` is deprecated. Please use `torch.amp.GradScaler('cuda', args...)` instead.
  self.scaler = torch.cuda.amp.GradScaler(enabled=self.amp_enabled)
[two-stage] Stage 2 transition: froze 14 backbone params, training 2 spend-head params.

[two-stage] Stage 2: spend-only, backbone frozen, for up to 60 epochs (patience=15) ...
[Kendall] log_vars frozen for 5 warm-up epochs.
Epoch   1/60 — train_loss: 0.3415  val_loss: 0.3256  freq: 0.2505  spend: 0.4008  w_freq: 0.500  w_spend: 0.500
Epoch   2/60 — train_loss: 0.3357  val_loss: 0.3214  freq: 0.2505  spend: 0.3922  w_freq: 0.500  w_spend: 0.500
Epoch   3/60 — train_loss: 0.3353  val_loss: 0.3189  freq: 0.2505  spend: 0.3874  w_freq: 0.500  w_spend: 0.500
Epoch   4/60 — train_loss: 0.3240  val_loss: 0.3171  freq: 0.2505  spend: 0.3838  w_freq: 0.500  w_spend: 0.500
Epoch   5/60 — train_loss: 0.3220  val_loss: 0.3155  freq: 0.2505  spend: 0.3805  w_freq: 0.500  w_spend: 0.500
[Kendall] log_vars unfrozen at epoch 6.
[spend-norm] frozen at 0.4069 (absolute val-loss magnitude shifts accordingly; early stopping is relative so this is safe)
Epoch   6/60 — train_loss: 0.6105  val_loss: 0.5881  freq: 0.2505  spend: 0.9292  w_freq: 0.501  w_spend: 0.500
Epoch   7/60 — train_loss: 0.5935  val_loss: 0.5826  freq: 0.2505  spend: 0.9220  w_freq: 0.503  w_spend: 0.501
Epoch   8/60 — train_loss: 0.5919  val_loss: 0.5792  freq: 0.2505  spend: 0.9187  w_freq: 0.506  w_spend: 0.502
Epoch   9/60 — train_loss: 0.5772  val_loss: 0.5755  freq: 0.2505  spend: 0.9149  w_freq: 0.508  w_spend: 0.503
Epoch  10/60 — train_loss: 0.5866  val_loss: 0.5727  freq: 0.2505  spend: 0.9128  w_freq: 0.510  w_spend: 0.504
Epoch  11/60 — train_loss: 0.5803  val_loss: 0.5685  freq: 0.2505  spend: 0.9081  w_freq: 0.513  w_spend: 0.504
Epoch  12/60 — train_loss: 0.5761  val_loss: 0.5667  freq: 0.2505  spend: 0.9079  w_freq: 0.515  w_spend: 0.506
Epoch  13/60 — train_loss: 0.5863  val_loss: 0.5619  freq: 0.2505  spend: 0.9026  w_freq: 0.518  w_spend: 0.507
Epoch  14/60 — train_loss: 0.5681  val_loss: 0.5595  freq: 0.2505  spend: 0.9015  w_freq: 0.520  w_spend: 0.508
Epoch  15/60 — train_loss: 0.5601  val_loss: 0.5580  freq: 0.2505  spend: 0.9020  w_freq: 0.523  w_spend: 0.510
Epoch  16/60 — train_loss: 0.5697  val_loss: 0.5560  freq: 0.2505  spend: 0.9012  w_freq: 0.525  w_spend: 0.511
Epoch  17/60 — train_loss: 0.5704  val_loss: 0.5523  freq: 0.2505  spend: 0.8972  w_freq: 0.527  w_spend: 0.512
Epoch  18/60 — train_loss: 0.5595  val_loss: 0.5488  freq: 0.2505  spend: 0.8938  w_freq: 0.529  w_spend: 0.513
Epoch  19/60 — train_loss: 0.5650  val_loss: 0.5477  freq: 0.2505  spend: 0.8947  w_freq: 0.532  w_spend: 0.514
Epoch  20/60 — train_loss: 0.5552  val_loss: 0.5458  freq: 0.2505  spend: 0.8946  w_freq: 0.534  w_spend: 0.515
Early stopping triggered at epoch 20.
[two-stage] Stage 2 complete.

Checkpoint saved: /kaggle/working/results/checkpoints/lstm_joint_uci_v7_twostage_seed7_sample.pt
Validation-fitted softmax temperature: 0.7500

Duan's smearing factor (val): 1.5064
Validation aggregate calibration: freq_factor=2.5230, spend_factor=2.4398

Running autoregressive inference on holdout period ...
  inference mode: sample  n_scenarios: 30  temperature: 0.7500

=== Prediction Diagnostics ===
  Mean predicted freq/week:    0.0230
  Mean actual freq/week:       0.0656
  Over-prediction ratio:       0.350x
  Customers predicted as zero total:  0.754
  Customers actually zero total:      0.484
  Non-zero rate (pred, avg > 0.05):  0.118
  Non-zero rate (true):               0.055

Metrics saved: /kaggle/working/results/tables/lstm_joint_uci_v7_twostage_seed7_sample_metrics.json
Array artifacts saved: /kaggle/working/results/tables/lstm_joint_uci_v7_twostage_seed7_sample_arrays.npz

=== Holdout Evaluation ===
  metric_definition_version: valendin_aggregate_mape_v1
  freq_rmse: 3.1677
  freq_mae: 1.2130
  freq_normalized_gini: 0.7404
  freq_calibration_factor: 2.5230
  freq_horizon_abs_bias_pct: 11.6651
  bias_pct: -11.6651
  freq_weekly_mae: 65.5880
  freq_weekly_total_true: 8413.0000
  freq_weekly_total_pred: 7431.6118
  freq_valendin_mape: 20.2697
  freq_horizon_bias_pct: -11.6651
  freq_weekly_mean_pct_mape: 18.8633
  freq_weekly_mean_pct_bias_pct: -7.7967
  freq_weekly_bias_pct: -11.6651
  freq_weekly_mape: 20.2697
  freq_mape: 20.2697
  freq_mase: 0.8537
  freq_mase_scale: 0.1146
  smearing_factor: 1.5064
  spend_calibration_factor: 2.4398
  spend_mae_raw: 707.7104
  spend_rmse_raw: 4407.7959
  spend_normalized_gini: 0.7823
  spend_mae_log: 2.6795
  spend_rmse_log: 3.4278
  spend_r2_log: -0.0412
  spend_bias_pct: -29.3929
  spend_weekly_mae: 57048.4377
  spend_weekly_total_true: 4266929.6797
  spend_weekly_total_pred: 3012756.8547
  spend_valendin_mape: 34.7617
  spend_horizon_abs_bias_pct: 29.3929
  spend_horizon_bias_pct: -29.3929
  spend_weekly_mean_pct_mape: 31.6914
  spend_weekly_mean_pct_bias_pct: -23.1031
  spend_weekly_bias_pct: -29.3929
  spend_weekly_mape: 34.7617
  spend_mase: 1.2855
  spend_mase_scale: 36.7368
  clv_mae: 690.5291
  clv_rmse: 4300.5737
  clv_spearman: 0.5546
  clv_decile_lift: 5.8436
  clv_normalized_gini: 0.7825
  clv_total_true: 4160751.5000
  clv_total_pred: 2947631.5000
  calibration_temperature_source: rolling_origin_autoregressive
  validation_temperature: 0.7500
  smearing_source: rolling_origin_autoregressive
  calibration_source: rolling_origin_autoregressive
  validation_freq_true_total: 662.0000
  validation_freq_pred_total: 262.3824
  validation_spend_true_total: 287846.2422
  validation_spend_pred_total: 117977.8438
  validation_freq_calibration_factor: 2.5230
  validation_spend_calibration_factor: 2.4398
  validation_rolling_origin_count: 2
  protocol_name: uci_configured_78x26
  cohort_size: 4930
  calibration_weeks: 78
  holdout_weeks: 26
  inference_mode: sample
  n_scenarios: 30
  run_valid: True
  run_invalid_reason: 
  run_warning: large spend bias (-29.4%)
  epochs_completed: 80
  max_epochs_configured: 120
History saved: /kaggle/working/results/tables/lstm_joint_uci_v7_twostage_seed7_sample_history.json
