[Kaggle] raw_dir  → /kaggle/working/input/dunnhumby
[Kaggle] results  → /kaggle/working/results
Config: experiments/configs/lstm_joint_dunnhumby_v7_twostage.yaml
Run: lstm_joint_dunnhumby_v7_twostage_seed2024_sample
Device: cuda
Loading dataset: dunnhumby ...
[pipeline] freq_cap=10 (auto q=0.99) → freq_bins=[0, 1, 2, 3]... (n_classes=11)
  Train customers: 2249, Val: 249, Inference: 2498
[dunnhumby] Customers with 0 calibration transactions: 0 / 2498
  top-bin decode: class_values[-1] = 13.099 (max_trans = 10)
Model: lstm — 99,577 parameters

Training for up to 120 epochs ...
/kaggle/working/thesis-code/src/training/trainer.py:135: FutureWarning: `torch.cuda.amp.GradScaler(args...)` is deprecated. Please use `torch.amp.GradScaler('cuda', args...)` instead.
  self.scaler = torch.cuda.amp.GradScaler(enabled=self.amp_enabled)

[two-stage] Stage 1: frequency-only for up to 60 epochs (patience=15) ...
[Kendall] log_vars frozen for 5 warm-up epochs.
Epoch   1/60 — train_loss: 3.1176  val_loss: 3.1493  freq: 3.1493  spend: 0.2510  w_freq: 1.000  w_spend: 0.000
Epoch   2/60 — train_loss: 3.0835  val_loss: 3.0870  freq: 3.0870  spend: 0.2510  w_freq: 1.000  w_spend: 0.000
Epoch   3/60 — train_loss: 2.9944  val_loss: 2.9552  freq: 2.9552  spend: 0.2508  w_freq: 1.000  w_spend: 0.000
Epoch   4/60 — train_loss: 2.7982  val_loss: 2.6005  freq: 2.6005  spend: 0.2507  w_freq: 1.000  w_spend: 0.000
Epoch   5/60 — train_loss: 2.1994  val_loss: 1.6604  freq: 1.6604  spend: 0.2491  w_freq: 1.000  w_spend: 0.000
[Kendall] log_vars unfrozen at epoch 6.
[spend-norm] frozen at 0.2489 (absolute val-loss magnitude shifts accordingly; early stopping is relative so this is safe)
Epoch   6/60 — train_loss: 1.7013  val_loss: 1.4973  freq: 1.4973  spend: 1.0160  w_freq: 1.000  w_spend: 0.000
Epoch   7/60 — train_loss: 1.5472  val_loss: 1.4699  freq: 1.4699  spend: 1.0196  w_freq: 1.000  w_spend: 0.000
Epoch   8/60 — train_loss: 1.4773  val_loss: 1.3666  freq: 1.3666  spend: 1.0306  w_freq: 1.000  w_spend: 0.000
Epoch   9/60 — train_loss: 1.4038  val_loss: 1.3115  freq: 1.3115  spend: 1.0513  w_freq: 1.000  w_spend: 0.000
Epoch  10/60 — train_loss: 1.3612  val_loss: 1.2897  freq: 1.2897  spend: 1.0708  w_freq: 1.000  w_spend: 0.000
Epoch  11/60 — train_loss: 1.3432  val_loss: 1.2759  freq: 1.2759  spend: 1.0741  w_freq: 1.000  w_spend: 0.000
Epoch  12/60 — train_loss: 1.3330  val_loss: 1.2673  freq: 1.2673  spend: 1.0750  w_freq: 1.000  w_spend: 0.000
Epoch  13/60 — train_loss: 1.3229  val_loss: 1.2607  freq: 1.2607  spend: 1.0754  w_freq: 1.000  w_spend: 0.000
Epoch  14/60 — train_loss: 1.3216  val_loss: 1.2592  freq: 1.2592  spend: 1.0708  w_freq: 1.000  w_spend: 0.000
Epoch  15/60 — train_loss: 1.3188  val_loss: 1.2534  freq: 1.2534  spend: 1.0694  w_freq: 1.000  w_spend: 0.000
Epoch  16/60 — train_loss: 1.3149  val_loss: 1.2501  freq: 1.2501  spend: 1.0639  w_freq: 1.000  w_spend: 0.000
Epoch  17/60 — train_loss: 1.3121  val_loss: 1.2488  freq: 1.2488  spend: 1.0587  w_freq: 1.000  w_spend: 0.000
Epoch  18/60 — train_loss: 1.3077  val_loss: 1.2452  freq: 1.2452  spend: 1.0549  w_freq: 1.000  w_spend: 0.000
Epoch  19/60 — train_loss: 1.3063  val_loss: 1.2430  freq: 1.2430  spend: 1.0519  w_freq: 1.000  w_spend: 0.000
Epoch  20/60 — train_loss: 1.3047  val_loss: 1.2412  freq: 1.2412  spend: 1.0523  w_freq: 1.000  w_spend: 0.000
Epoch  21/60 — train_loss: 1.3010  val_loss: 1.2376  freq: 1.2376  spend: 1.0513  w_freq: 1.000  w_spend: 0.000
Epoch  22/60 — train_loss: 1.2995  val_loss: 1.2347  freq: 1.2347  spend: 1.0529  w_freq: 1.000  w_spend: 0.000
Epoch  23/60 — train_loss: 1.2983  val_loss: 1.2323  freq: 1.2323  spend: 1.0537  w_freq: 1.000  w_spend: 0.000
Epoch  24/60 — train_loss: 1.2949  val_loss: 1.2308  freq: 1.2308  spend: 1.0522  w_freq: 1.000  w_spend: 0.000
Epoch  25/60 — train_loss: 1.2939  val_loss: 1.2289  freq: 1.2289  spend: 1.0516  w_freq: 1.000  w_spend: 0.000
Epoch  26/60 — train_loss: 1.2924  val_loss: 1.2275  freq: 1.2275  spend: 1.0523  w_freq: 1.000  w_spend: 0.000
Epoch  27/60 — train_loss: 1.2905  val_loss: 1.2270  freq: 1.2270  spend: 1.0523  w_freq: 1.000  w_spend: 0.000
Epoch  28/60 — train_loss: 1.2904  val_loss: 1.2282  freq: 1.2282  spend: 1.0538  w_freq: 1.000  w_spend: 0.000
Epoch  29/60 — train_loss: 1.2907  val_loss: 1.2247  freq: 1.2247  spend: 1.0519  w_freq: 1.000  w_spend: 0.000
Epoch  30/60 — train_loss: 1.2885  val_loss: 1.2255  freq: 1.2255  spend: 1.0537  w_freq: 1.000  w_spend: 0.000
Epoch  31/60 — train_loss: 1.2894  val_loss: 1.2233  freq: 1.2233  spend: 1.0547  w_freq: 1.000  w_spend: 0.000
Epoch  32/60 — train_loss: 1.2880  val_loss: 1.2225  freq: 1.2225  spend: 1.0572  w_freq: 1.000  w_spend: 0.000
Epoch  33/60 — train_loss: 1.2905  val_loss: 1.2219  freq: 1.2219  spend: 1.0557  w_freq: 1.000  w_spend: 0.000
Epoch  34/60 — train_loss: 1.2866  val_loss: 1.2201  freq: 1.2201  spend: 1.0575  w_freq: 1.000  w_spend: 0.000
Epoch  35/60 — train_loss: 1.2875  val_loss: 1.2208  freq: 1.2208  spend: 1.0576  w_freq: 1.000  w_spend: 0.000
Epoch  36/60 — train_loss: 1.2868  val_loss: 1.2207  freq: 1.2207  spend: 1.0579  w_freq: 1.000  w_spend: 0.000
Epoch  37/60 — train_loss: 1.2887  val_loss: 1.2232  freq: 1.2232  spend: 1.0559  w_freq: 1.000  w_spend: 0.000
Epoch  38/60 — train_loss: 1.2888  val_loss: 1.2202  freq: 1.2202  spend: 1.0567  w_freq: 1.000  w_spend: 0.000
Epoch  39/60 — train_loss: 1.2872  val_loss: 1.2208  freq: 1.2208  spend: 1.0594  w_freq: 1.000  w_spend: 0.000
Epoch  40/60 — train_loss: 1.2878  val_loss: 1.2178  freq: 1.2178  spend: 1.0538  w_freq: 1.000  w_spend: 0.000
Epoch  41/60 — train_loss: 1.2885  val_loss: 1.2176  freq: 1.2176  spend: 1.0542  w_freq: 1.000  w_spend: 0.000
Epoch  42/60 — train_loss: 1.2886  val_loss: 1.2198  freq: 1.2198  spend: 1.0538  w_freq: 1.000  w_spend: 0.000
Epoch  43/60 — train_loss: 1.2882  val_loss: 1.2178  freq: 1.2178  spend: 1.0497  w_freq: 1.000  w_spend: 0.000
Epoch  44/60 — train_loss: 1.2898  val_loss: 1.2171  freq: 1.2171  spend: 1.0530  w_freq: 1.000  w_spend: 0.000
Epoch  45/60 — train_loss: 1.2887  val_loss: 1.2184  freq: 1.2184  spend: 1.0528  w_freq: 1.000  w_spend: 0.000
Epoch  46/60 — train_loss: 1.2878  val_loss: 1.2170  freq: 1.2170  spend: 1.0526  w_freq: 1.000  w_spend: 0.000
Epoch  47/60 — train_loss: 1.2894  val_loss: 1.2159  freq: 1.2159  spend: 1.0530  w_freq: 1.000  w_spend: 0.000
Epoch  48/60 — train_loss: 1.2889  val_loss: 1.2178  freq: 1.2178  spend: 1.0531  w_freq: 1.000  w_spend: 0.000
Epoch  49/60 — train_loss: 1.2898  val_loss: 1.2146  freq: 1.2146  spend: 1.0505  w_freq: 1.000  w_spend: 0.000
Epoch  50/60 — train_loss: 1.2907  val_loss: 1.2154  freq: 1.2154  spend: 1.0506  w_freq: 1.000  w_spend: 0.000
Epoch  51/60 — train_loss: 1.2890  val_loss: 1.2140  freq: 1.2140  spend: 1.0513  w_freq: 1.000  w_spend: 0.000
Epoch  52/60 — train_loss: 1.2899  val_loss: 1.2162  freq: 1.2162  spend: 1.0507  w_freq: 1.000  w_spend: 0.000
Epoch  53/60 — train_loss: 1.2926  val_loss: 1.2148  freq: 1.2148  spend: 1.0487  w_freq: 1.000  w_spend: 0.000
Epoch  54/60 — train_loss: 1.2883  val_loss: 1.2143  freq: 1.2143  spend: 1.0498  w_freq: 1.000  w_spend: 0.000
Epoch  55/60 — train_loss: 1.2930  val_loss: 1.2138  freq: 1.2138  spend: 1.0499  w_freq: 1.000  w_spend: 0.000
Epoch  56/60 — train_loss: 1.2909  val_loss: 1.2134  freq: 1.2134  spend: 1.0504  w_freq: 1.000  w_spend: 0.000
Epoch  57/60 — train_loss: 1.2939  val_loss: 1.2177  freq: 1.2177  spend: 1.0509  w_freq: 1.000  w_spend: 0.000
Epoch  58/60 — train_loss: 1.2915  val_loss: 1.2130  freq: 1.2130  spend: 1.0499  w_freq: 1.000  w_spend: 0.000
Epoch  59/60 — train_loss: 1.2928  val_loss: 1.2140  freq: 1.2140  spend: 1.0516  w_freq: 1.000  w_spend: 0.000
Epoch  60/60 — train_loss: 1.2957  val_loss: 1.2129  freq: 1.2129  spend: 1.0494  w_freq: 1.000  w_spend: 0.000
[two-stage] Stage 1 complete.
/kaggle/working/thesis-code/src/training/trainer.py:788: FutureWarning: `torch.cuda.amp.GradScaler(args...)` is deprecated. Please use `torch.amp.GradScaler('cuda', args...)` instead.
  self.scaler = torch.cuda.amp.GradScaler(enabled=self.amp_enabled)
[two-stage] Stage 2 transition: froze 14 backbone params, training 2 spend-head params.

[two-stage] Stage 2: spend-only, backbone frozen, for up to 60 epochs (patience=15) ...
[Kendall] log_vars frozen for 5 warm-up epochs.
Epoch   1/60 — train_loss: 0.7472  val_loss: 0.7050  freq: 1.2129  spend: 0.1971  w_freq: 0.500  w_spend: 0.500
Epoch   2/60 — train_loss: 0.7227  val_loss: 0.6826  freq: 1.2129  spend: 0.1523  w_freq: 0.500  w_spend: 0.500
Epoch   3/60 — train_loss: 0.7056  val_loss: 0.6670  freq: 1.2129  spend: 0.1210  w_freq: 0.500  w_spend: 0.500
Epoch   4/60 — train_loss: 0.6937  val_loss: 0.6569  freq: 1.2129  spend: 0.1008  w_freq: 0.500  w_spend: 0.500
Epoch   5/60 — train_loss: 0.6856  val_loss: 0.6516  freq: 1.2129  spend: 0.0902  w_freq: 0.500  w_spend: 0.500
[Kendall] log_vars unfrozen at epoch 6.
[spend-norm] frozen at 0.1595 (absolute val-loss magnitude shifts accordingly; early stopping is relative so this is safe)
Epoch   6/60 — train_loss: 0.9526  val_loss: 0.8649  freq: 1.2129  spend: 0.5186  w_freq: 0.499  w_spend: 0.501
Epoch   7/60 — train_loss: 0.9301  val_loss: 0.8438  freq: 1.2129  spend: 0.4782  w_freq: 0.498  w_spend: 0.502
Epoch   8/60 — train_loss: 0.9053  val_loss: 0.8241  freq: 1.2129  spend: 0.4407  w_freq: 0.497  w_spend: 0.503
Epoch   9/60 — train_loss: 0.8843  val_loss: 0.8080  freq: 1.2129  spend: 0.4108  w_freq: 0.496  w_spend: 0.504
Epoch  10/60 — train_loss: 0.8667  val_loss: 0.7928  freq: 1.2129  spend: 0.3827  w_freq: 0.495  w_spend: 0.505
Epoch  11/60 — train_loss: 0.8517  val_loss: 0.7776  freq: 1.2129  spend: 0.3550  w_freq: 0.494  w_spend: 0.507
Epoch  12/60 — train_loss: 0.8381  val_loss: 0.7670  freq: 1.2129  spend: 0.3364  w_freq: 0.492  w_spend: 0.508
Epoch  13/60 — train_loss: 0.8261  val_loss: 0.7592  freq: 1.2129  spend: 0.3236  w_freq: 0.491  w_spend: 0.510
Epoch  14/60 — train_loss: 0.8170  val_loss: 0.7471  freq: 1.2129  spend: 0.3023  w_freq: 0.490  w_spend: 0.511
Epoch  15/60 — train_loss: 0.8083  val_loss: 0.7417  freq: 1.2129  spend: 0.2942  w_freq: 0.489  w_spend: 0.513
Epoch  16/60 — train_loss: 0.8035  val_loss: 0.7329  freq: 1.2129  spend: 0.2794  w_freq: 0.487  w_spend: 0.514
Epoch  17/60 — train_loss: 0.7956  val_loss: 0.7258  freq: 1.2129  spend: 0.2677  w_freq: 0.486  w_spend: 0.516
Epoch  18/60 — train_loss: 0.7885  val_loss: 0.7260  freq: 1.2129  spend: 0.2706  w_freq: 0.485  w_spend: 0.517
Epoch  19/60 — train_loss: 0.7867  val_loss: 0.7156  freq: 1.2129  spend: 0.2527  w_freq: 0.484  w_spend: 0.518
Epoch  20/60 — train_loss: 0.7829  val_loss: 0.7111  freq: 1.2129  spend: 0.2464  w_freq: 0.483  w_spend: 0.520
Early stopping triggered at epoch 20.
[two-stage] Stage 2 complete.

Checkpoint saved: /kaggle/working/results/checkpoints/lstm_joint_dunnhumby_v7_twostage_seed2024_sample.pt
Validation-fitted softmax temperature: 0.9000

Duan's smearing factor (val): 1.5079
Validation aggregate calibration: freq_factor=1.1788, spend_factor=1.0754

Running autoregressive inference on holdout period ...
  inference mode: sample  n_scenarios: 30  temperature: 0.9000

=== Prediction Diagnostics ===
  Mean predicted freq/week:    1.0854
  Mean actual freq/week:       1.1882
  Over-prediction ratio:       0.914x
  Customers predicted as zero total:  0.100
  Customers actually zero total:      0.188
  Non-zero rate (pred, avg > 0.05):  0.954
  Non-zero rate (true):               0.542

Metrics saved: /kaggle/working/results/tables/lstm_joint_dunnhumby_v7_twostage_seed2024_sample_metrics.json
Array artifacts saved: /kaggle/working/results/tables/lstm_joint_dunnhumby_v7_twostage_seed2024_sample_arrays.npz

=== Holdout Evaluation ===
  metric_definition_version: valendin_aggregate_mape_v1
  freq_rmse: 3.6143
  freq_mae: 2.1590
  freq_normalized_gini: 0.8545
  freq_calibration_factor: 1.1788
  freq_horizon_abs_bias_pct: 7.6896
  bias_pct: 7.6896
  freq_weekly_mae: 228.2283
  freq_weekly_total_true: 11872.0000
  freq_weekly_total_pred: 12784.9131
  freq_valendin_mape: 7.6896
  freq_horizon_bias_pct: 7.6896
  freq_weekly_mean_pct_mape: 7.7065
  freq_weekly_mean_pct_bias_pct: 7.7065
  freq_weekly_bias_pct: 7.6896
  freq_weekly_mape: 7.6896
  freq_mape: 7.6896
  freq_mase: 1.0202
  freq_mase_scale: 0.8235
  smearing_factor: 1.5079
  spend_calibration_factor: 1.0754
  spend_mae_raw: 83.6519
  spend_rmse_raw: 131.7206
  spend_normalized_gini: 0.7432
  spend_mae_log: 1.1866
  spend_rmse_log: 1.6328
  spend_r2_log: 0.3944
  spend_bias_pct: 1.3857
  spend_weekly_mae: 2264.4242
  spend_weekly_total_true: 347125.7605
  spend_weekly_total_pred: 351936.0332
  spend_valendin_mape: 2.6093
  spend_horizon_abs_bias_pct: 1.3857
  spend_horizon_bias_pct: 1.3857
  spend_weekly_mean_pct_mape: 2.6492
  spend_weekly_mean_pct_bias_pct: 1.5013
  spend_weekly_bias_pct: 1.3857
  spend_weekly_mape: 2.6093
  spend_mase: 1.1156
  spend_mase_scale: 27.5152
  clv_mae: 83.4287
  clv_rmse: 131.3704
  clv_spearman: 0.7380
  clv_decile_lift: 2.8326
  clv_normalized_gini: 0.7432
  clv_total_true: 346205.2188
  clv_total_pred: 350999.6250
  calibration_temperature_source: rolling_origin_autoregressive
  validation_temperature: 0.9000
  smearing_source: rolling_origin_autoregressive
  calibration_source: rolling_origin_autoregressive
  validation_freq_true_total: 2215.0000
  validation_freq_pred_total: 1879.0203
  validation_spend_true_total: 63355.4414
  validation_spend_pred_total: 58912.5723
  validation_freq_calibration_factor: 1.1788
  validation_spend_calibration_factor: 1.0754
  validation_rolling_origin_count: 2
  protocol_name: dunnhumby_configured_80x4
  cohort_size: 2498
  calibration_weeks: 80
  holdout_weeks: 4
  inference_mode: sample
  n_scenarios: 30
  run_valid: True
  run_invalid_reason: 
  run_warning: 
  epochs_completed: 80
  max_epochs_configured: 120
History saved: /kaggle/working/results/tables/lstm_joint_dunnhumby_v7_twostage_seed2024_sample_history.json
