[Kaggle] raw_dir  → /kaggle/working/input/cdnow-dataset
[Kaggle] results  → /kaggle/working/results
Config: experiments/configs/lstm_joint_cdnow_v7.yaml
Run: lstm_joint_cdnow_v7_seed2024_sample
Device: cuda
Loading dataset: cdnow ...
[pipeline] freq_bins from config: [0, 1, 2, 3]
  Train customers: 2115, Val: 234, Inference: 2349
[cdnow] Customers with 0 calibration transactions: 0 / 2349
  top-bin decode: class_values[-1] = 4.071 (max_trans = 3)
Model: lstm — 97,614 parameters

Training for up to 120 epochs ...
/kaggle/working/thesis-code/src/training/trainer.py:135: FutureWarning: `torch.cuda.amp.GradScaler(args...)` is deprecated. Please use `torch.amp.GradScaler('cuda', args...)` instead.
  self.scaler = torch.cuda.amp.GradScaler(enabled=self.amp_enabled)
[Kendall] log_vars frozen for 5 warm-up epochs.
Epoch   1/120 — train_loss: 3.5079  val_loss: 3.3202  freq: 6.6183  spend: 0.0221  w_freq: 0.500  w_spend: 0.500
Epoch   2/120 — train_loss: 3.1752  val_loss: 3.0040  freq: 5.9862  spend: 0.0218  w_freq: 0.500  w_spend: 0.500
Epoch   3/120 — train_loss: 2.7865  val_loss: 2.4975  freq: 4.9740  spend: 0.0210  w_freq: 0.500  w_spend: 0.500
Epoch   4/120 — train_loss: 2.1691  val_loss: 1.6320  freq: 3.2455  spend: 0.0184  w_freq: 0.500  w_spend: 0.500
Epoch   5/120 — train_loss: 1.0977  val_loss: 0.4722  freq: 0.9332  spend: 0.0111  w_freq: 0.500  w_spend: 0.500
[Kendall] log_vars unfrozen at epoch 6.
[spend-norm] frozen at 0.2358 (absolute val-loss magnitude shifts accordingly; early stopping is relative so this is safe)
Epoch   6/120 — train_loss: 0.2518  val_loss: 0.1059  freq: 0.1819  spend: 0.0369  w_freq: 0.501  w_spend: 0.501
Epoch   7/120 — train_loss: 0.1394  val_loss: 0.1283  freq: 0.2316  spend: 0.0398  w_freq: 0.503  w_spend: 0.503
Epoch   8/120 — train_loss: 0.1268  val_loss: 0.0997  freq: 0.1857  spend: 0.0374  w_freq: 0.505  w_spend: 0.505
Epoch   9/120 — train_loss: 0.1040  val_loss: 0.0807  freq: 0.1592  spend: 0.0347  w_freq: 0.508  w_spend: 0.508
Epoch  10/120 — train_loss: 0.0924  val_loss: 0.0681  freq: 0.1424  spend: 0.0349  w_freq: 0.510  w_spend: 0.510
Epoch  11/120 — train_loss: 0.0858  val_loss: 0.0651  freq: 0.1430  spend: 0.0366  w_freq: 0.512  w_spend: 0.513
Epoch  12/120 — train_loss: 0.0756  val_loss: 0.0594  freq: 0.1390  spend: 0.0379  w_freq: 0.515  w_spend: 0.515
Epoch  13/120 — train_loss: 0.0735  val_loss: 0.0527  freq: 0.1376  spend: 0.0346  w_freq: 0.517  w_spend: 0.517
Epoch  14/120 — train_loss: 0.0775  val_loss: 0.0474  freq: 0.1359  spend: 0.0347  w_freq: 0.520  w_spend: 0.520
Epoch  15/120 — train_loss: 0.0628  val_loss: 0.0436  freq: 0.1360  spend: 0.0354  w_freq: 0.522  w_spend: 0.522
Epoch  16/120 — train_loss: 0.0554  val_loss: 0.0389  freq: 0.1346  spend: 0.0360  w_freq: 0.525  w_spend: 0.525
Epoch  17/120 — train_loss: 0.0623  val_loss: 0.0331  freq: 0.1334  spend: 0.0343  w_freq: 0.527  w_spend: 0.527
Epoch  18/120 — train_loss: 0.0523  val_loss: 0.0288  freq: 0.1334  spend: 0.0342  w_freq: 0.530  w_spend: 0.529
Epoch  19/120 — train_loss: 0.0419  val_loss: 0.0247  freq: 0.1318  spend: 0.0361  w_freq: 0.532  w_spend: 0.532
Epoch  20/120 — train_loss: 0.0380  val_loss: 0.0194  freq: 0.1331  spend: 0.0328  w_freq: 0.535  w_spend: 0.534
Epoch  21/120 — train_loss: 0.0322  val_loss: 0.0154  freq: 0.1310  spend: 0.0355  w_freq: 0.537  w_spend: 0.537
Epoch  22/120 — train_loss: 0.0274  val_loss: 0.0112  freq: 0.1333  spend: 0.0331  w_freq: 0.540  w_spend: 0.539
Epoch  23/120 — train_loss: 0.0354  val_loss: 0.0056  freq: 0.1301  spend: 0.0337  w_freq: 0.542  w_spend: 0.542
Epoch  24/120 — train_loss: 0.0195  val_loss: 0.0016  freq: 0.1311  spend: 0.0325  w_freq: 0.545  w_spend: 0.544
Epoch  25/120 — train_loss: 0.0209  val_loss: -0.0004  freq: 0.1339  spend: 0.0332  w_freq: 0.547  w_spend: 0.547
Epoch  26/120 — train_loss: 0.0100  val_loss: -0.0079  freq: 0.1290  spend: 0.0314  w_freq: 0.550  w_spend: 0.549
Epoch  27/120 — train_loss: 0.0051  val_loss: -0.0088  freq: 0.1345  spend: 0.0312  w_freq: 0.552  w_spend: 0.551
Epoch  28/120 — train_loss: 0.0048  val_loss: -0.0133  freq: 0.1337  spend: 0.0309  w_freq: 0.554  w_spend: 0.554
Epoch  29/120 — train_loss: 0.0005  val_loss: -0.0155  freq: 0.1360  spend: 0.0311  w_freq: 0.557  w_spend: 0.556
Epoch  30/120 — train_loss: 0.0003  val_loss: -0.0254  freq: 0.1290  spend: 0.0271  w_freq: 0.559  w_spend: 0.558
Epoch  31/120 — train_loss: -0.0083  val_loss: -0.0285  freq: 0.1310  spend: 0.0262  w_freq: 0.561  w_spend: 0.560
Epoch  32/120 — train_loss: -0.0123  val_loss: -0.0354  freq: 0.1281  spend: 0.0234  w_freq: 0.563  w_spend: 0.563
Epoch  33/120 — train_loss: -0.0186  val_loss: -0.0420  freq: 0.1298  spend: 0.0162  w_freq: 0.566  w_spend: 0.565
Epoch  34/120 — train_loss: -0.0216  val_loss: -0.0496  freq: 0.1273  spend: 0.0113  w_freq: 0.568  w_spend: 0.567
Epoch  35/120 — train_loss: -0.0246  val_loss: -0.0477  freq: 0.1311  spend: 0.0163  w_freq: 0.570  w_spend: 0.569
Epoch  36/120 — train_loss: -0.0278  val_loss: -0.0533  freq: 0.1278  spend: 0.0143  w_freq: 0.572  w_spend: 0.571
Epoch  37/120 — train_loss: -0.0384  val_loss: -0.0578  freq: 0.1274  spend: 0.0116  w_freq: 0.573  w_spend: 0.572
Epoch  38/120 — train_loss: -0.0468  val_loss: -0.0569  freq: 0.1288  spend: 0.0168  w_freq: 0.575  w_spend: 0.574
Epoch  39/120 — train_loss: -0.0498  val_loss: -0.0710  freq: 0.1271  spend: -0.0009  w_freq: 0.577  w_spend: 0.576
Epoch  40/120 — train_loss: -0.0534  val_loss: -0.0643  freq: 0.1289  spend: 0.0135  w_freq: 0.578  w_spend: 0.578
Epoch  41/120 — train_loss: -0.0527  val_loss: -0.0762  freq: 0.1277  spend: -0.0022  w_freq: 0.580  w_spend: 0.579
Epoch  42/120 — train_loss: -0.0579  val_loss: -0.0784  freq: 0.1269  spend: -0.0010  w_freq: 0.581  w_spend: 0.581
Epoch  43/120 — train_loss: -0.0620  val_loss: -0.0825  freq: 0.1271  spend: -0.0040  w_freq: 0.583  w_spend: 0.582
Epoch  44/120 — train_loss: -0.0635  val_loss: -0.0862  freq: 0.1272  spend: -0.0062  w_freq: 0.584  w_spend: 0.584
Epoch  45/120 — train_loss: -0.0650  val_loss: -0.0879  freq: 0.1272  spend: -0.0050  w_freq: 0.586  w_spend: 0.586
Epoch  46/120 — train_loss: -0.0712  val_loss: -0.0885  freq: 0.1274  spend: -0.0021  w_freq: 0.587  w_spend: 0.587
Epoch  47/120 — train_loss: -0.0700  val_loss: -0.0933  freq: 0.1268  spend: -0.0058  w_freq: 0.589  w_spend: 0.589
Epoch  48/120 — train_loss: -0.0741  val_loss: -0.0978  freq: 0.1271  spend: -0.0095  w_freq: 0.590  w_spend: 0.590
Epoch  49/120 — train_loss: -0.0763  val_loss: -0.0974  freq: 0.1274  spend: -0.0048  w_freq: 0.592  w_spend: 0.592
Epoch  50/120 — train_loss: -0.0847  val_loss: -0.1023  freq: 0.1268  spend: -0.0083  w_freq: 0.593  w_spend: 0.593
Epoch  51/120 — train_loss: -0.0856  val_loss: -0.1083  freq: 0.1272  spend: -0.0145  w_freq: 0.595  w_spend: 0.595
Epoch  52/120 — train_loss: -0.0841  val_loss: -0.1058  freq: 0.1276  spend: -0.0071  w_freq: 0.596  w_spend: 0.597
Epoch  53/120 — train_loss: -0.0938  val_loss: -0.1098  freq: 0.1272  spend: -0.0101  w_freq: 0.598  w_spend: 0.598
Epoch  54/120 — train_loss: -0.0941  val_loss: -0.1118  freq: 0.1265  spend: -0.0088  w_freq: 0.599  w_spend: 0.599
Epoch  55/120 — train_loss: -0.0987  val_loss: -0.1169  freq: 0.1271  spend: -0.0140  w_freq: 0.601  w_spend: 0.601
Epoch  56/120 — train_loss: -0.0971  val_loss: -0.1169  freq: 0.1273  spend: -0.0107  w_freq: 0.602  w_spend: 0.602
Epoch  57/120 — train_loss: -0.0999  val_loss: -0.1139  freq: 0.1289  spend: -0.0039  w_freq: 0.603  w_spend: 0.604
Epoch  58/120 — train_loss: -0.1001  val_loss: -0.1236  freq: 0.1267  spend: -0.0143  w_freq: 0.605  w_spend: 0.605
Epoch  59/120 — train_loss: -0.1076  val_loss: -0.1241  freq: 0.1268  spend: -0.0115  w_freq: 0.606  w_spend: 0.606
Epoch  60/120 — train_loss: -0.0998  val_loss: -0.1262  freq: 0.1264  spend: -0.0110  w_freq: 0.607  w_spend: 0.608
Epoch  61/120 — train_loss: -0.1096  val_loss: -0.1259  freq: 0.1270  spend: -0.0079  w_freq: 0.609  w_spend: 0.609
Epoch  62/120 — train_loss: -0.1090  val_loss: -0.1249  freq: 0.1270  spend: -0.0031  w_freq: 0.610  w_spend: 0.611
Epoch  63/120 — train_loss: -0.1113  val_loss: -0.1342  freq: 0.1266  spend: -0.0150  w_freq: 0.611  w_spend: 0.612
Epoch  64/120 — train_loss: -0.1153  val_loss: -0.1367  freq: 0.1265  spend: -0.0160  w_freq: 0.612  w_spend: 0.613
Epoch  65/120 — train_loss: -0.1187  val_loss: -0.1360  freq: 0.1264  spend: -0.0117  w_freq: 0.614  w_spend: 0.614
Epoch  66/120 — train_loss: -0.1228  val_loss: -0.1402  freq: 0.1264  spend: -0.0156  w_freq: 0.615  w_spend: 0.616
Epoch  67/120 — train_loss: -0.1176  val_loss: -0.1411  freq: 0.1265  spend: -0.0146  w_freq: 0.616  w_spend: 0.617
Epoch  68/120 — train_loss: -0.1201  val_loss: -0.1422  freq: 0.1271  spend: -0.0143  w_freq: 0.617  w_spend: 0.618
Epoch  69/120 — train_loss: -0.1185  val_loss: -0.1305  freq: 0.1276  spend: 0.0068  w_freq: 0.618  w_spend: 0.619
Epoch  70/120 — train_loss: -0.1252  val_loss: -0.1459  freq: 0.1273  spend: -0.0155  w_freq: 0.619  w_spend: 0.620
Epoch  71/120 — train_loss: -0.1212  val_loss: -0.1478  freq: 0.1266  spend: -0.0155  w_freq: 0.620  w_spend: 0.621
Epoch  72/120 — train_loss: -0.1204  val_loss: -0.1494  freq: 0.1264  spend: -0.0158  w_freq: 0.621  w_spend: 0.622
Epoch  73/120 — train_loss: -0.1293  val_loss: -0.1467  freq: 0.1264  spend: -0.0093  w_freq: 0.622  w_spend: 0.623
Epoch  74/120 — train_loss: -0.1277  val_loss: -0.1498  freq: 0.1275  spend: -0.0132  w_freq: 0.623  w_spend: 0.624
Epoch  75/120 — train_loss: -0.1320  val_loss: -0.1524  freq: 0.1266  spend: -0.0142  w_freq: 0.623  w_spend: 0.625
Epoch  76/120 — train_loss: -0.1319  val_loss: -0.1550  freq: 0.1263  spend: -0.0158  w_freq: 0.624  w_spend: 0.626
Epoch  77/120 — train_loss: -0.1387  val_loss: -0.1514  freq: 0.1269  spend: -0.0088  w_freq: 0.625  w_spend: 0.627
Epoch  78/120 — train_loss: -0.1353  val_loss: -0.1581  freq: 0.1263  spend: -0.0167  w_freq: 0.626  w_spend: 0.627
Epoch  79/120 — train_loss: -0.1375  val_loss: -0.1552  freq: 0.1263  spend: -0.0102  w_freq: 0.627  w_spend: 0.628
Epoch  80/120 — train_loss: -0.1392  val_loss: -0.1602  freq: 0.1265  spend: -0.0167  w_freq: 0.628  w_spend: 0.629
Epoch  81/120 — train_loss: -0.1376  val_loss: -0.1624  freq: 0.1262  spend: -0.0183  w_freq: 0.628  w_spend: 0.630
Epoch  82/120 — train_loss: -0.1448  val_loss: -0.1616  freq: 0.1262  spend: -0.0154  w_freq: 0.629  w_spend: 0.630
Epoch  83/120 — train_loss: -0.1429  val_loss: -0.1623  freq: 0.1263  spend: -0.0149  w_freq: 0.630  w_spend: 0.631
Epoch  84/120 — train_loss: -0.1408  val_loss: -0.1640  freq: 0.1262  spend: -0.0158  w_freq: 0.630  w_spend: 0.632
Epoch  85/120 — train_loss: -0.1349  val_loss: -0.1643  freq: 0.1265  spend: -0.0153  w_freq: 0.631  w_spend: 0.633
Epoch  86/120 — train_loss: -0.1457  val_loss: -0.1659  freq: 0.1263  spend: -0.0164  w_freq: 0.632  w_spend: 0.633
Epoch  87/120 — train_loss: -0.1469  val_loss: -0.1668  freq: 0.1262  spend: -0.0163  w_freq: 0.632  w_spend: 0.634
Epoch  88/120 — train_loss: -0.1492  val_loss: -0.1673  freq: 0.1261  spend: -0.0159  w_freq: 0.633  w_spend: 0.634
Epoch  89/120 — train_loss: -0.1489  val_loss: -0.1687  freq: 0.1262  spend: -0.0171  w_freq: 0.633  w_spend: 0.635
Epoch  90/120 — train_loss: -0.1485  val_loss: -0.1701  freq: 0.1266  spend: -0.0186  w_freq: 0.634  w_spend: 0.635
Epoch  91/120 — train_loss: -0.1474  val_loss: -0.1704  freq: 0.1264  spend: -0.0179  w_freq: 0.634  w_spend: 0.636
Epoch  92/120 — train_loss: -0.1456  val_loss: -0.1710  freq: 0.1261  spend: -0.0177  w_freq: 0.635  w_spend: 0.636
Epoch  93/120 — train_loss: -0.1496  val_loss: -0.1715  freq: 0.1263  spend: -0.0177  w_freq: 0.635  w_spend: 0.636
Epoch  94/120 — train_loss: -0.1472  val_loss: -0.1709  freq: 0.1262  spend: -0.0158  w_freq: 0.635  w_spend: 0.637
Epoch  95/120 — train_loss: -0.1487  val_loss: -0.1720  freq: 0.1262  spend: -0.0168  w_freq: 0.636  w_spend: 0.637
Epoch  96/120 — train_loss: -0.1557  val_loss: -0.1720  freq: 0.1261  spend: -0.0160  w_freq: 0.636  w_spend: 0.638
Epoch  97/120 — train_loss: -0.1538  val_loss: -0.1734  freq: 0.1261  spend: -0.0174  w_freq: 0.636  w_spend: 0.638
Epoch  98/120 — train_loss: -0.1517  val_loss: -0.1738  freq: 0.1261  spend: -0.0175  w_freq: 0.637  w_spend: 0.638
Epoch  99/120 — train_loss: -0.1548  val_loss: -0.1735  freq: 0.1263  spend: -0.0167  w_freq: 0.637  w_spend: 0.638
Epoch 100/120 — train_loss: -0.1595  val_loss: -0.1731  freq: 0.1264  spend: -0.0155  w_freq: 0.637  w_spend: 0.639
Epoch 101/120 — train_loss: -0.1472  val_loss: -0.1751  freq: 0.1261  spend: -0.0178  w_freq: 0.637  w_spend: 0.639
Epoch 102/120 — train_loss: -0.1524  val_loss: -0.1744  freq: 0.1261  spend: -0.0164  w_freq: 0.637  w_spend: 0.639
Epoch 103/120 — train_loss: -0.1506  val_loss: -0.1749  freq: 0.1261  spend: -0.0168  w_freq: 0.638  w_spend: 0.639
Epoch 104/120 — train_loss: -0.1504  val_loss: -0.1747  freq: 0.1261  spend: -0.0161  w_freq: 0.638  w_spend: 0.639
Epoch 105/120 — train_loss: -0.1515  val_loss: -0.1755  freq: 0.1261  spend: -0.0171  w_freq: 0.638  w_spend: 0.640
Epoch 106/120 — train_loss: -0.1548  val_loss: -0.1757  freq: 0.1261  spend: -0.0171  w_freq: 0.638  w_spend: 0.640
Epoch 107/120 — train_loss: -0.1505  val_loss: -0.1754  freq: 0.1261  spend: -0.0164  w_freq: 0.638  w_spend: 0.640
Epoch 108/120 — train_loss: -0.1538  val_loss: -0.1761  freq: 0.1260  spend: -0.0173  w_freq: 0.638  w_spend: 0.640
Epoch 109/120 — train_loss: -0.1506  val_loss: -0.1764  freq: 0.1260  spend: -0.0176  w_freq: 0.638  w_spend: 0.640
Epoch 110/120 — train_loss: -0.1553  val_loss: -0.1765  freq: 0.1261  spend: -0.0177  w_freq: 0.638  w_spend: 0.640
Epoch 111/120 — train_loss: -0.1485  val_loss: -0.1763  freq: 0.1260  spend: -0.0172  w_freq: 0.638  w_spend: 0.640
Epoch 112/120 — train_loss: -0.1591  val_loss: -0.1762  freq: 0.1260  spend: -0.0169  w_freq: 0.638  w_spend: 0.640
Epoch 113/120 — train_loss: -0.1468  val_loss: -0.1762  freq: 0.1260  spend: -0.0168  w_freq: 0.639  w_spend: 0.640
Epoch 114/120 — train_loss: -0.1537  val_loss: -0.1764  freq: 0.1260  spend: -0.0170  w_freq: 0.639  w_spend: 0.640
Epoch 115/120 — train_loss: -0.1447  val_loss: -0.1764  freq: 0.1260  spend: -0.0171  w_freq: 0.639  w_spend: 0.640
Epoch 116/120 — train_loss: -0.1536  val_loss: -0.1765  freq: 0.1260  spend: -0.0172  w_freq: 0.639  w_spend: 0.640
Epoch 117/120 — train_loss: -0.1506  val_loss: -0.1764  freq: 0.1260  spend: -0.0171  w_freq: 0.639  w_spend: 0.640
Epoch 118/120 — train_loss: -0.1565  val_loss: -0.1764  freq: 0.1260  spend: -0.0171  w_freq: 0.639  w_spend: 0.640
Epoch 119/120 — train_loss: -0.1515  val_loss: -0.1764  freq: 0.1260  spend: -0.0171  w_freq: 0.639  w_spend: 0.640
Epoch 120/120 — train_loss: -0.1537  val_loss: -0.1764  freq: 0.1260  spend: -0.0171  w_freq: 0.639  w_spend: 0.640

Checkpoint saved: /kaggle/working/results/checkpoints/lstm_joint_cdnow_v7_seed2024_sample.pt
Validation-fitted softmax temperature: 0.7500

Duan's smearing factor (val): 1.2748
Validation aggregate calibration: freq_factor=4.6493, spend_factor=3.8735

Running autoregressive inference on holdout period ...
  inference mode: sample  n_scenarios: 30  temperature: 0.7500

=== Prediction Diagnostics ===
  Mean predicted freq/week:    0.0020
  Mean actual freq/week:       0.0196
  Over-prediction ratio:       0.103x
  Customers predicted as zero total:  0.994
  Customers actually zero total:      0.781
  Non-zero rate (pred, avg > 0.05):  0.006
  Non-zero rate (true):               0.018

Metrics saved: /kaggle/working/results/tables/lstm_joint_cdnow_v7_seed2024_sample_metrics.json
Array artifacts saved: /kaggle/working/results/tables/lstm_joint_cdnow_v7_seed2024_sample_arrays.npz

=== Holdout Evaluation ===
  metric_definition_version: valendin_aggregate_mape_v1
  freq_rmse: 1.3568
  freq_mae: 0.5547
  freq_normalized_gini: 0.4348
  freq_calibration_factor: 4.6493
  freq_horizon_abs_bias_pct: 51.9710
  bias_pct: -51.9710
  freq_weekly_mae: 24.6028
  freq_weekly_total_true: 1196.0000
  freq_weekly_total_pred: 574.4270
  freq_valendin_mape: 53.4843
  freq_horizon_bias_pct: -51.9710
  freq_weekly_mean_pct_mape: 50.9429
  freq_weekly_mean_pct_bias_pct: -49.5628
  freq_weekly_bias_pct: -51.9710
  freq_weekly_mape: 53.4843
  freq_mape: 53.4843
  freq_mase: 0.3351
  freq_mase_scale: 0.0834
  smearing_factor: 1.2748
  spend_calibration_factor: 3.8735
  spend_mae_raw: 19.3745
  spend_rmse_raw: 52.8424
  spend_normalized_gini: 0.5132
  spend_mae_log: 1.3972
  spend_rmse_log: 1.8614
  spend_r2_log: -0.1952
  spend_bias_pct: -54.0864
  spend_weekly_mae: 920.9981
  spend_weekly_total_true: 43103.4400
  spend_weekly_total_pred: 19790.3588
  spend_valendin_mape: 55.5546
  spend_horizon_abs_bias_pct: 54.0864
  spend_horizon_bias_pct: -54.0864
  spend_weekly_mean_pct_mape: 52.4089
  spend_weekly_mean_pct_bias_pct: -50.6564
  spend_weekly_bias_pct: -54.0864
  spend_weekly_mape: 55.5546
  spend_mase: 0.5591
  spend_mase_scale: 1.7675
  clv_mae: 18.9668
  clv_rmse: 51.7484
  clv_spearman: 0.2499
  clv_decile_lift: 4.4497
  clv_normalized_gini: 0.5147
  clv_total_true: 42218.7344
  clv_total_pred: 19447.7734
  calibration_temperature_source: rolling_origin_autoregressive
  validation_temperature: 0.7500
  smearing_source: rolling_origin_autoregressive
  calibration_source: rolling_origin_autoregressive
  validation_freq_true_total: 120.0000
  validation_freq_pred_total: 25.8101
  validation_spend_true_total: 4587.6401
  validation_spend_pred_total: 1184.3683
  validation_freq_calibration_factor: 4.6493
  validation_spend_calibration_factor: 3.8735
  validation_rolling_origin_count: 2
  protocol_name: cdnow_sample_52x26
  cohort_size: 2349
  calibration_weeks: 52
  holdout_weeks: 26
  inference_mode: sample
  n_scenarios: 30
  run_valid: False
  run_invalid_reason: absolute frequency bias -52.0% exceeds 15.0%; absolute spend bias -54.1% exceeds 50.0%
  run_warning: large frequency bias (-52.0%); large spend bias (-54.1%)
  epochs_completed: 120
  max_epochs_configured: 120
History saved: /kaggle/working/results/tables/lstm_joint_cdnow_v7_seed2024_sample_history.json
