[Kaggle] raw_dir  → /kaggle/working/input/dunnhumby
[Kaggle] results  → /kaggle/working/results
Config: experiments/configs/lstm_joint_dunnhumby_v7_twostage.yaml
Run: lstm_joint_dunnhumby_v7_twostage_seed7_sample
Device: cuda
Loading dataset: dunnhumby ...
[pipeline] freq_cap=10 (auto q=0.99) → freq_bins=[0, 1, 2, 3]... (n_classes=11)
  Train customers: 2249, Val: 249, Inference: 2498
[dunnhumby] Customers with 0 calibration transactions: 0 / 2498
  top-bin decode: class_values[-1] = 13.099 (max_trans = 10)
Model: lstm — 99,577 parameters

Training for up to 120 epochs ...
/kaggle/working/thesis-code/src/training/trainer.py:135: FutureWarning: `torch.cuda.amp.GradScaler(args...)` is deprecated. Please use `torch.amp.GradScaler('cuda', args...)` instead.
  self.scaler = torch.cuda.amp.GradScaler(enabled=self.amp_enabled)

[two-stage] Stage 1: frequency-only for up to 60 epochs (patience=15) ...
[Kendall] log_vars frozen for 5 warm-up epochs.
Epoch   1/60 — train_loss: 3.1198  val_loss: 3.1508  freq: 3.1508  spend: 0.2503  w_freq: 1.000  w_spend: 0.000
Epoch   2/60 — train_loss: 3.0753  val_loss: 3.0796  freq: 3.0796  spend: 0.2507  w_freq: 1.000  w_spend: 0.000
Epoch   3/60 — train_loss: 2.9818  val_loss: 2.9389  freq: 2.9389  spend: 0.2512  w_freq: 1.000  w_spend: 0.000
Epoch   4/60 — train_loss: 2.7827  val_loss: 2.6013  freq: 2.6013  spend: 0.2521  w_freq: 1.000  w_spend: 0.000
Epoch   5/60 — train_loss: 2.2264  val_loss: 1.6103  freq: 1.6103  spend: 0.2570  w_freq: 1.000  w_spend: 0.000
[Kendall] log_vars unfrozen at epoch 6.
[spend-norm] frozen at 0.2500 (absolute val-loss magnitude shifts accordingly; early stopping is relative so this is safe)
Epoch   6/60 — train_loss: 1.5608  val_loss: 1.3913  freq: 1.3913  spend: 1.0638  w_freq: 1.000  w_spend: 0.000
Epoch   7/60 — train_loss: 1.4402  val_loss: 1.3422  freq: 1.3422  spend: 1.0486  w_freq: 1.000  w_spend: 0.000
Epoch   8/60 — train_loss: 1.3884  val_loss: 1.3187  freq: 1.3187  spend: 1.0600  w_freq: 1.000  w_spend: 0.000
Epoch   9/60 — train_loss: 1.3633  val_loss: 1.3007  freq: 1.3007  spend: 1.0563  w_freq: 1.000  w_spend: 0.000
Epoch  10/60 — train_loss: 1.3517  val_loss: 1.2879  freq: 1.2879  spend: 1.0576  w_freq: 1.000  w_spend: 0.000
Epoch  11/60 — train_loss: 1.3406  val_loss: 1.2775  freq: 1.2775  spend: 1.0575  w_freq: 1.000  w_spend: 0.000
Epoch  12/60 — train_loss: 1.3314  val_loss: 1.2700  freq: 1.2700  spend: 1.0573  w_freq: 1.000  w_spend: 0.000
Epoch  13/60 — train_loss: 1.3231  val_loss: 1.2626  freq: 1.2626  spend: 1.0611  w_freq: 1.000  w_spend: 0.000
Epoch  14/60 — train_loss: 1.3179  val_loss: 1.2575  freq: 1.2575  spend: 1.0647  w_freq: 1.000  w_spend: 0.000
Epoch  15/60 — train_loss: 1.3121  val_loss: 1.2516  freq: 1.2516  spend: 1.0661  w_freq: 1.000  w_spend: 0.000
Epoch  16/60 — train_loss: 1.3060  val_loss: 1.2463  freq: 1.2463  spend: 1.0644  w_freq: 1.000  w_spend: 0.000
Epoch  17/60 — train_loss: 1.3041  val_loss: 1.2428  freq: 1.2428  spend: 1.0656  w_freq: 1.000  w_spend: 0.000
Epoch  18/60 — train_loss: 1.3004  val_loss: 1.2361  freq: 1.2361  spend: 1.0641  w_freq: 1.000  w_spend: 0.000
Epoch  19/60 — train_loss: 1.2934  val_loss: 1.2317  freq: 1.2317  spend: 1.0648  w_freq: 1.000  w_spend: 0.000
Epoch  20/60 — train_loss: 1.2911  val_loss: 1.2286  freq: 1.2286  spend: 1.0634  w_freq: 1.000  w_spend: 0.000
Epoch  21/60 — train_loss: 1.2901  val_loss: 1.2304  freq: 1.2304  spend: 1.0637  w_freq: 1.000  w_spend: 0.000
Epoch  22/60 — train_loss: 1.2880  val_loss: 1.2244  freq: 1.2244  spend: 1.0613  w_freq: 1.000  w_spend: 0.000
Epoch  23/60 — train_loss: 1.2836  val_loss: 1.2237  freq: 1.2237  spend: 1.0583  w_freq: 1.000  w_spend: 0.000
Epoch  24/60 — train_loss: 1.2811  val_loss: 1.2216  freq: 1.2216  spend: 1.0621  w_freq: 1.000  w_spend: 0.000
Epoch  25/60 — train_loss: 1.2824  val_loss: 1.2200  freq: 1.2200  spend: 1.0626  w_freq: 1.000  w_spend: 0.000
Epoch  26/60 — train_loss: 1.2808  val_loss: 1.2182  freq: 1.2182  spend: 1.0604  w_freq: 1.000  w_spend: 0.000
Epoch  27/60 — train_loss: 1.2783  val_loss: 1.2173  freq: 1.2173  spend: 1.0606  w_freq: 1.000  w_spend: 0.000
Epoch  28/60 — train_loss: 1.2792  val_loss: 1.2192  freq: 1.2192  spend: 1.0599  w_freq: 1.000  w_spend: 0.000
Epoch  29/60 — train_loss: 1.2801  val_loss: 1.2152  freq: 1.2152  spend: 1.0598  w_freq: 1.000  w_spend: 0.000
Epoch  30/60 — train_loss: 1.2756  val_loss: 1.2146  freq: 1.2146  spend: 1.0596  w_freq: 1.000  w_spend: 0.000
Epoch  31/60 — train_loss: 1.2772  val_loss: 1.2128  freq: 1.2128  spend: 1.0609  w_freq: 1.000  w_spend: 0.000
Epoch  32/60 — train_loss: 1.2794  val_loss: 1.2119  freq: 1.2119  spend: 1.0567  w_freq: 1.000  w_spend: 0.000
Epoch  33/60 — train_loss: 1.2781  val_loss: 1.2116  freq: 1.2116  spend: 1.0590  w_freq: 1.000  w_spend: 0.000
Epoch  34/60 — train_loss: 1.2776  val_loss: 1.2131  freq: 1.2131  spend: 1.0549  w_freq: 1.000  w_spend: 0.000
Epoch  35/60 — train_loss: 1.2762  val_loss: 1.2108  freq: 1.2108  spend: 1.0582  w_freq: 1.000  w_spend: 0.000
Epoch  36/60 — train_loss: 1.2759  val_loss: 1.2120  freq: 1.2120  spend: 1.0542  w_freq: 1.000  w_spend: 0.000
Epoch  37/60 — train_loss: 1.2755  val_loss: 1.2095  freq: 1.2095  spend: 1.0568  w_freq: 1.000  w_spend: 0.000
Epoch  38/60 — train_loss: 1.2770  val_loss: 1.2111  freq: 1.2111  spend: 1.0554  w_freq: 1.000  w_spend: 0.000
Epoch  39/60 — train_loss: 1.2789  val_loss: 1.2093  freq: 1.2093  spend: 1.0548  w_freq: 1.000  w_spend: 0.000
Epoch  40/60 — train_loss: 1.2771  val_loss: 1.2129  freq: 1.2129  spend: 1.0547  w_freq: 1.000  w_spend: 0.000
Epoch  41/60 — train_loss: 1.2765  val_loss: 1.2079  freq: 1.2079  spend: 1.0564  w_freq: 1.000  w_spend: 0.000
Epoch  42/60 — train_loss: 1.2754  val_loss: 1.2080  freq: 1.2080  spend: 1.0575  w_freq: 1.000  w_spend: 0.000
Epoch  43/60 — train_loss: 1.2790  val_loss: 1.2083  freq: 1.2083  spend: 1.0550  w_freq: 1.000  w_spend: 0.000
Epoch  44/60 — train_loss: 1.2742  val_loss: 1.2073  freq: 1.2073  spend: 1.0551  w_freq: 1.000  w_spend: 0.000
Epoch  45/60 — train_loss: 1.2768  val_loss: 1.2071  freq: 1.2071  spend: 1.0540  w_freq: 1.000  w_spend: 0.000
Epoch  46/60 — train_loss: 1.2770  val_loss: 1.2073  freq: 1.2073  spend: 1.0536  w_freq: 1.000  w_spend: 0.000
Epoch  47/60 — train_loss: 1.2786  val_loss: 1.2063  freq: 1.2063  spend: 1.0551  w_freq: 1.000  w_spend: 0.000
Epoch  48/60 — train_loss: 1.2824  val_loss: 1.2085  freq: 1.2085  spend: 1.0501  w_freq: 1.000  w_spend: 0.000
Epoch  49/60 — train_loss: 1.2805  val_loss: 1.2089  freq: 1.2089  spend: 1.0514  w_freq: 1.000  w_spend: 0.000
Epoch  50/60 — train_loss: 1.2814  val_loss: 1.2064  freq: 1.2064  spend: 1.0528  w_freq: 1.000  w_spend: 0.000
Epoch  51/60 — train_loss: 1.2801  val_loss: 1.2053  freq: 1.2053  spend: 1.0541  w_freq: 1.000  w_spend: 0.000
Epoch  52/60 — train_loss: 1.2801  val_loss: 1.2067  freq: 1.2067  spend: 1.0513  w_freq: 1.000  w_spend: 0.000
Epoch  53/60 — train_loss: 1.2798  val_loss: 1.2062  freq: 1.2062  spend: 1.0503  w_freq: 1.000  w_spend: 0.000
Epoch  54/60 — train_loss: 1.2821  val_loss: 1.2060  freq: 1.2060  spend: 1.0511  w_freq: 1.000  w_spend: 0.000
Epoch  55/60 — train_loss: 1.2829  val_loss: 1.2047  freq: 1.2047  spend: 1.0532  w_freq: 1.000  w_spend: 0.000
Epoch  56/60 — train_loss: 1.2855  val_loss: 1.2064  freq: 1.2064  spend: 1.0500  w_freq: 1.000  w_spend: 0.000
Epoch  57/60 — train_loss: 1.2840  val_loss: 1.2067  freq: 1.2067  spend: 1.0506  w_freq: 1.000  w_spend: 0.000
Epoch  58/60 — train_loss: 1.2873  val_loss: 1.2053  freq: 1.2053  spend: 1.0514  w_freq: 1.000  w_spend: 0.000
Epoch  59/60 — train_loss: 1.2880  val_loss: 1.2063  freq: 1.2063  spend: 1.0502  w_freq: 1.000  w_spend: 0.000
Epoch  60/60 — train_loss: 1.2890  val_loss: 1.2080  freq: 1.2080  spend: 1.0489  w_freq: 1.000  w_spend: 0.000
[two-stage] Stage 1 complete.
/kaggle/working/thesis-code/src/training/trainer.py:788: FutureWarning: `torch.cuda.amp.GradScaler(args...)` is deprecated. Please use `torch.amp.GradScaler('cuda', args...)` instead.
  self.scaler = torch.cuda.amp.GradScaler(enabled=self.amp_enabled)
[two-stage] Stage 2 transition: froze 14 backbone params, training 2 spend-head params.

[two-stage] Stage 2: spend-only, backbone frozen, for up to 60 epochs (patience=15) ...
[Kendall] log_vars frozen for 5 warm-up epochs.
Epoch   1/60 — train_loss: 0.7458  val_loss: 0.7049  freq: 1.2047  spend: 0.2050  w_freq: 0.500  w_spend: 0.500
Epoch   2/60 — train_loss: 0.7247  val_loss: 0.6828  freq: 1.2047  spend: 0.1608  w_freq: 0.500  w_spend: 0.500
Epoch   3/60 — train_loss: 0.7049  val_loss: 0.6650  freq: 1.2047  spend: 0.1254  w_freq: 0.500  w_spend: 0.500
Epoch   4/60 — train_loss: 0.6899  val_loss: 0.6515  freq: 1.2047  spend: 0.0983  w_freq: 0.500  w_spend: 0.500
Epoch   5/60 — train_loss: 0.6796  val_loss: 0.6434  freq: 1.2047  spend: 0.0820  w_freq: 0.500  w_spend: 0.500
[Kendall] log_vars unfrozen at epoch 6.
[spend-norm] frozen at 0.1608 (absolute val-loss magnitude shifts accordingly; early stopping is relative so this is safe)
Epoch   6/60 — train_loss: 0.9166  val_loss: 0.8305  freq: 1.2047  spend: 0.4580  w_freq: 0.499  w_spend: 0.501
Epoch   7/60 — train_loss: 0.8921  val_loss: 0.8107  freq: 1.2047  spend: 0.4204  w_freq: 0.498  w_spend: 0.502
Epoch   8/60 — train_loss: 0.8683  val_loss: 0.7932  freq: 1.2047  spend: 0.3876  w_freq: 0.497  w_spend: 0.503
Epoch   9/60 — train_loss: 0.8504  val_loss: 0.7806  freq: 1.2047  spend: 0.3645  w_freq: 0.496  w_spend: 0.504
Epoch  10/60 — train_loss: 0.8353  val_loss: 0.7685  freq: 1.2047  spend: 0.3427  w_freq: 0.495  w_spend: 0.505
Epoch  11/60 — train_loss: 0.8224  val_loss: 0.7564  freq: 1.2047  spend: 0.3211  w_freq: 0.494  w_spend: 0.507
Epoch  12/60 — train_loss: 0.8146  val_loss: 0.7493  freq: 1.2047  spend: 0.3095  w_freq: 0.492  w_spend: 0.508
Epoch  13/60 — train_loss: 0.8034  val_loss: 0.7413  freq: 1.2047  spend: 0.2959  w_freq: 0.491  w_spend: 0.510
Epoch  14/60 — train_loss: 0.7991  val_loss: 0.7332  freq: 1.2047  spend: 0.2824  w_freq: 0.490  w_spend: 0.511
Epoch  15/60 — train_loss: 0.7925  val_loss: 0.7273  freq: 1.2047  spend: 0.2730  w_freq: 0.489  w_spend: 0.512
Epoch  16/60 — train_loss: 0.7863  val_loss: 0.7211  freq: 1.2047  spend: 0.2633  w_freq: 0.488  w_spend: 0.514
Epoch  17/60 — train_loss: 0.7799  val_loss: 0.7161  freq: 1.2047  spend: 0.2562  w_freq: 0.486  w_spend: 0.515
Epoch  18/60 — train_loss: 0.7740  val_loss: 0.7106  freq: 1.2047  spend: 0.2480  w_freq: 0.485  w_spend: 0.517
Epoch  19/60 — train_loss: 0.7751  val_loss: 0.7057  freq: 1.2047  spend: 0.2407  w_freq: 0.484  w_spend: 0.518
Epoch  20/60 — train_loss: 0.7694  val_loss: 0.7011  freq: 1.2047  spend: 0.2340  w_freq: 0.483  w_spend: 0.519
Early stopping triggered at epoch 20.
[two-stage] Stage 2 complete.

Checkpoint saved: /kaggle/working/results/checkpoints/lstm_joint_dunnhumby_v7_twostage_seed7_sample.pt
Validation-fitted softmax temperature: 0.9000

Duan's smearing factor (val): 1.5218
Validation aggregate calibration: freq_factor=1.2521, spend_factor=1.0613

Running autoregressive inference on holdout period ...
  inference mode: sample  n_scenarios: 30  temperature: 0.9000

=== Prediction Diagnostics ===
  Mean predicted freq/week:    1.0656
  Mean actual freq/week:       1.1882
  Over-prediction ratio:       0.897x
  Customers predicted as zero total:  0.088
  Customers actually zero total:      0.188
  Non-zero rate (pred, avg > 0.05):  0.959
  Non-zero rate (true):               0.542

Metrics saved: /kaggle/working/results/tables/lstm_joint_dunnhumby_v7_twostage_seed7_sample_metrics.json
Array artifacts saved: /kaggle/working/results/tables/lstm_joint_dunnhumby_v7_twostage_seed7_sample_arrays.npz

=== Holdout Evaluation ===
  metric_definition_version: valendin_aggregate_mape_v1
  freq_rmse: 3.5208
  freq_mae: 2.1653
  freq_normalized_gini: 0.8487
  freq_calibration_factor: 1.2521
  freq_horizon_abs_bias_pct: 12.3013
  bias_pct: 12.3013
  freq_weekly_mae: 365.1026
  freq_weekly_total_true: 11872.0000
  freq_weekly_total_pred: 13332.4104
  freq_valendin_mape: 12.3013
  freq_horizon_bias_pct: 12.3013
  freq_weekly_mean_pct_mape: 12.3278
  freq_weekly_mean_pct_bias_pct: 12.3278
  freq_weekly_bias_pct: 12.3013
  freq_weekly_mape: 12.3013
  freq_mape: 12.3013
  freq_mase: 1.0207
  freq_mase_scale: 0.8235
  smearing_factor: 1.5218
  spend_calibration_factor: 1.0613
  spend_mae_raw: 84.0833
  spend_rmse_raw: 132.1128
  spend_normalized_gini: 0.7418
  spend_mae_log: 1.1945
  spend_rmse_log: 1.6407
  spend_r2_log: 0.3886
  spend_bias_pct: 0.6561
  spend_weekly_mae: 3465.7919
  spend_weekly_total_true: 347125.7605
  spend_weekly_total_pred: 349403.1547
  spend_valendin_mape: 3.9937
  spend_horizon_abs_bias_pct: 0.6561
  spend_horizon_bias_pct: 0.6561
  spend_weekly_mean_pct_mape: 4.0266
  spend_weekly_mean_pct_bias_pct: 0.8140
  spend_weekly_bias_pct: 0.6561
  spend_weekly_mape: 3.9937
  spend_mase: 1.1143
  spend_mase_scale: 27.5152
  clv_mae: 83.8599
  clv_rmse: 131.7621
  clv_spearman: 0.7335
  clv_decile_lift: 3.0029
  clv_normalized_gini: 0.7418
  clv_total_true: 346205.2188
  clv_total_pred: 348477.8750
  calibration_temperature_source: rolling_origin_autoregressive
  validation_temperature: 0.9000
  smearing_source: rolling_origin_autoregressive
  calibration_source: rolling_origin_autoregressive
  validation_freq_true_total: 2215.0000
  validation_freq_pred_total: 1768.9743
  validation_spend_true_total: 63355.4414
  validation_spend_pred_total: 59693.4355
  validation_freq_calibration_factor: 1.2521
  validation_spend_calibration_factor: 1.0613
  validation_rolling_origin_count: 2
  protocol_name: dunnhumby_configured_80x4
  cohort_size: 2498
  calibration_weeks: 80
  holdout_weeks: 4
  inference_mode: sample
  n_scenarios: 30
  run_valid: True
  run_invalid_reason: 
  run_warning: 
  epochs_completed: 80
  max_epochs_configured: 120
History saved: /kaggle/working/results/tables/lstm_joint_dunnhumby_v7_twostage_seed7_sample_history.json
