[Kaggle] raw_dir  → /kaggle/working/input/cdnow-dataset
[Kaggle] results  → /kaggle/working/results
Config: experiments/configs/lstm_joint_cdnow_v7_twostage.yaml
Run: lstm_joint_cdnow_v7_twostage_seed2024_sample
Device: cuda
Loading dataset: cdnow ...
[pipeline] freq_bins from config: [0, 1, 2, 3]
  Train customers: 2115, Val: 234, Inference: 2349
[cdnow] Customers with 0 calibration transactions: 0 / 2349
  top-bin decode: class_values[-1] = 4.071 (max_trans = 3)
Model: lstm — 97,614 parameters

Training for up to 120 epochs ...
/kaggle/working/thesis-code/src/training/trainer.py:135: FutureWarning: `torch.cuda.amp.GradScaler(args...)` is deprecated. Please use `torch.amp.GradScaler('cuda', args...)` instead.
  self.scaler = torch.cuda.amp.GradScaler(enabled=self.amp_enabled)

[two-stage] Stage 1: frequency-only for up to 60 epochs (patience=15) ...
[Kendall] log_vars frozen for 5 warm-up epochs.
Epoch   1/60 — train_loss: 6.9910  val_loss: 6.6183  freq: 6.6183  spend: 0.2222  w_freq: 1.000  w_spend: 0.000
Epoch   2/60 — train_loss: 6.3243  val_loss: 5.9862  freq: 5.9862  spend: 0.2230  w_freq: 1.000  w_spend: 0.000
Epoch   3/60 — train_loss: 5.5493  val_loss: 4.9740  freq: 4.9740  spend: 0.2248  w_freq: 1.000  w_spend: 0.000
Epoch   4/60 — train_loss: 4.3148  val_loss: 3.2458  freq: 3.2458  spend: 0.2288  w_freq: 1.000  w_spend: 0.000
Epoch   5/60 — train_loss: 2.1762  val_loss: 0.9340  freq: 0.9340  spend: 0.2379  w_freq: 1.000  w_spend: 0.000
[Kendall] log_vars unfrozen at epoch 6.
[spend-norm] frozen at 0.2546 (absolute val-loss magnitude shifts accordingly; early stopping is relative so this is safe)
Epoch   6/60 — train_loss: 0.4422  val_loss: 0.1845  freq: 0.1845  spend: 1.0010  w_freq: 1.000  w_spend: 0.000
Epoch   7/60 — train_loss: 0.2071  val_loss: 0.1941  freq: 0.1941  spend: 1.0174  w_freq: 1.000  w_spend: 0.000
Epoch   8/60 — train_loss: 0.1692  val_loss: 0.1888  freq: 0.1888  spend: 1.0018  w_freq: 1.000  w_spend: 0.000
Epoch   9/60 — train_loss: 0.1906  val_loss: 0.1428  freq: 0.1428  spend: 0.9992  w_freq: 1.000  w_spend: 0.000
Epoch  10/60 — train_loss: 0.1499  val_loss: 0.1517  freq: 0.1517  spend: 0.9988  w_freq: 1.000  w_spend: 0.000
Epoch  11/60 — train_loss: 0.1485  val_loss: 0.1383  freq: 0.1383  spend: 0.9933  w_freq: 1.000  w_spend: 0.000
Epoch  12/60 — train_loss: 0.1484  val_loss: 0.1355  freq: 0.1355  spend: 0.9938  w_freq: 1.000  w_spend: 0.000
Epoch  13/60 — train_loss: 0.1430  val_loss: 0.1342  freq: 0.1342  spend: 0.9944  w_freq: 1.000  w_spend: 0.000
Epoch  14/60 — train_loss: 0.1508  val_loss: 0.1338  freq: 0.1338  spend: 0.9948  w_freq: 1.000  w_spend: 0.000
Epoch  15/60 — train_loss: 0.1415  val_loss: 0.1342  freq: 0.1342  spend: 0.9947  w_freq: 1.000  w_spend: 0.000
Epoch  16/60 — train_loss: 0.1387  val_loss: 0.1315  freq: 0.1315  spend: 0.9934  w_freq: 1.000  w_spend: 0.000
Epoch  17/60 — train_loss: 0.1374  val_loss: 0.1330  freq: 0.1330  spend: 0.9940  w_freq: 1.000  w_spend: 0.000
Epoch  18/60 — train_loss: 0.1426  val_loss: 0.1307  freq: 0.1307  spend: 0.9925  w_freq: 1.000  w_spend: 0.000
Epoch  19/60 — train_loss: 0.1365  val_loss: 0.1302  freq: 0.1302  spend: 0.9920  w_freq: 1.000  w_spend: 0.000
Epoch  20/60 — train_loss: 0.1352  val_loss: 0.1306  freq: 0.1306  spend: 0.9916  w_freq: 1.000  w_spend: 0.000
Epoch  21/60 — train_loss: 0.1388  val_loss: 0.1293  freq: 0.1293  spend: 0.9906  w_freq: 1.000  w_spend: 0.000
Epoch  22/60 — train_loss: 0.1354  val_loss: 0.1333  freq: 0.1333  spend: 0.9924  w_freq: 1.000  w_spend: 0.000
Epoch  23/60 — train_loss: 0.1465  val_loss: 0.1317  freq: 0.1317  spend: 0.9897  w_freq: 1.000  w_spend: 0.000
Epoch  24/60 — train_loss: 0.1369  val_loss: 0.1342  freq: 0.1342  spend: 0.9915  w_freq: 1.000  w_spend: 0.000
Epoch  25/60 — train_loss: 0.1415  val_loss: 0.1287  freq: 0.1287  spend: 0.9892  w_freq: 1.000  w_spend: 0.000
Epoch  26/60 — train_loss: 0.1365  val_loss: 0.1306  freq: 0.1306  spend: 0.9909  w_freq: 1.000  w_spend: 0.000
Epoch  27/60 — train_loss: 0.1357  val_loss: 0.1298  freq: 0.1298  spend: 0.9908  w_freq: 1.000  w_spend: 0.000
Epoch  28/60 — train_loss: 0.1371  val_loss: 0.1286  freq: 0.1286  spend: 0.9894  w_freq: 1.000  w_spend: 0.000
Epoch  29/60 — train_loss: 0.1365  val_loss: 0.1301  freq: 0.1301  spend: 0.9907  w_freq: 1.000  w_spend: 0.000
Epoch  30/60 — train_loss: 0.1351  val_loss: 0.1282  freq: 0.1282  spend: 0.9882  w_freq: 1.000  w_spend: 0.000
Epoch  31/60 — train_loss: 0.1325  val_loss: 0.1322  freq: 0.1322  spend: 0.9899  w_freq: 1.000  w_spend: 0.000
Epoch  32/60 — train_loss: 0.1380  val_loss: 0.1281  freq: 0.1281  spend: 0.9871  w_freq: 1.000  w_spend: 0.000
Epoch  33/60 — train_loss: 0.1377  val_loss: 0.1314  freq: 0.1314  spend: 0.9894  w_freq: 1.000  w_spend: 0.000
Epoch  34/60 — train_loss: 0.1461  val_loss: 0.1295  freq: 0.1295  spend: 0.9856  w_freq: 1.000  w_spend: 0.000
Epoch  35/60 — train_loss: 0.1372  val_loss: 0.1340  freq: 0.1340  spend: 0.9879  w_freq: 1.000  w_spend: 0.000
Epoch  36/60 — train_loss: 0.1421  val_loss: 0.1289  freq: 0.1289  spend: 0.9843  w_freq: 1.000  w_spend: 0.000
Epoch  37/60 — train_loss: 0.1418  val_loss: 0.1282  freq: 0.1282  spend: 0.9857  w_freq: 1.000  w_spend: 0.000
Epoch  38/60 — train_loss: 0.1337  val_loss: 0.1270  freq: 0.1270  spend: 0.9834  w_freq: 1.000  w_spend: 0.000
Epoch  39/60 — train_loss: 0.1367  val_loss: 0.1279  freq: 0.1279  spend: 0.9840  w_freq: 1.000  w_spend: 0.000
Epoch  40/60 — train_loss: 0.1399  val_loss: 0.1269  freq: 0.1269  spend: 0.9830  w_freq: 1.000  w_spend: 0.000
Epoch  41/60 — train_loss: 0.1336  val_loss: 0.1265  freq: 0.1265  spend: 0.9814  w_freq: 1.000  w_spend: 0.000
Epoch  42/60 — train_loss: 0.1304  val_loss: 0.1314  freq: 0.1314  spend: 0.9824  w_freq: 1.000  w_spend: 0.000
Epoch  43/60 — train_loss: 0.1325  val_loss: 0.1270  freq: 0.1270  spend: 0.9805  w_freq: 1.000  w_spend: 0.000
Epoch  44/60 — train_loss: 0.1369  val_loss: 0.1274  freq: 0.1274  spend: 0.9814  w_freq: 1.000  w_spend: 0.000
Epoch  45/60 — train_loss: 0.1345  val_loss: 0.1284  freq: 0.1284  spend: 0.9800  w_freq: 1.000  w_spend: 0.000
Epoch  46/60 — train_loss: 0.1411  val_loss: 0.1295  freq: 0.1295  spend: 0.9809  w_freq: 1.000  w_spend: 0.000
Epoch  47/60 — train_loss: 0.1374  val_loss: 0.1294  freq: 0.1294  spend: 0.9785  w_freq: 1.000  w_spend: 0.000
Epoch  48/60 — train_loss: 0.1408  val_loss: 0.1273  freq: 0.1273  spend: 0.9809  w_freq: 1.000  w_spend: 0.000
Epoch  49/60 — train_loss: 0.1350  val_loss: 0.1263  freq: 0.1263  spend: 0.9789  w_freq: 1.000  w_spend: 0.000
Epoch  50/60 — train_loss: 0.1347  val_loss: 0.1260  freq: 0.1260  spend: 0.9786  w_freq: 1.000  w_spend: 0.000
Epoch  51/60 — train_loss: 0.1329  val_loss: 0.1279  freq: 0.1279  spend: 0.9769  w_freq: 1.000  w_spend: 0.000
Epoch  52/60 — train_loss: 0.1318  val_loss: 0.1270  freq: 0.1270  spend: 0.9783  w_freq: 1.000  w_spend: 0.000
Epoch  53/60 — train_loss: 0.1329  val_loss: 0.1259  freq: 0.1259  spend: 0.9780  w_freq: 1.000  w_spend: 0.000
Epoch  54/60 — train_loss: 0.1334  val_loss: 0.1264  freq: 0.1264  spend: 0.9778  w_freq: 1.000  w_spend: 0.000
Epoch  55/60 — train_loss: 0.1321  val_loss: 0.1267  freq: 0.1267  spend: 0.9795  w_freq: 1.000  w_spend: 0.000
Epoch  56/60 — train_loss: 0.1382  val_loss: 0.1257  freq: 0.1257  spend: 0.9782  w_freq: 1.000  w_spend: 0.000
Epoch  57/60 — train_loss: 0.1300  val_loss: 0.1261  freq: 0.1261  spend: 0.9783  w_freq: 1.000  w_spend: 0.000
Epoch  58/60 — train_loss: 0.1305  val_loss: 0.1261  freq: 0.1261  spend: 0.9769  w_freq: 1.000  w_spend: 0.000
Epoch  59/60 — train_loss: 0.1296  val_loss: 0.1272  freq: 0.1272  spend: 0.9765  w_freq: 1.000  w_spend: 0.000
Epoch  60/60 — train_loss: 0.1360  val_loss: 0.1257  freq: 0.1257  spend: 0.9776  w_freq: 1.000  w_spend: 0.000
[two-stage] Stage 1 complete.
/kaggle/working/thesis-code/src/training/trainer.py:788: FutureWarning: `torch.cuda.amp.GradScaler(args...)` is deprecated. Please use `torch.amp.GradScaler('cuda', args...)` instead.
  self.scaler = torch.cuda.amp.GradScaler(enabled=self.amp_enabled)
[two-stage] Stage 2 transition: froze 14 backbone params, training 2 spend-head params.

[two-stage] Stage 2: spend-only, backbone frozen, for up to 60 epochs (patience=15) ...
[Kendall] log_vars frozen for 5 warm-up epochs.
Epoch   1/60 — train_loss: 0.1869  val_loss: 0.1553  freq: 0.1257  spend: 0.1849  w_freq: 0.500  w_spend: 0.500
Epoch   2/60 — train_loss: 0.1678  val_loss: 0.1348  freq: 0.1257  spend: 0.1439  w_freq: 0.500  w_spend: 0.500
Epoch   3/60 — train_loss: 0.1544  val_loss: 0.1204  freq: 0.1257  spend: 0.1152  w_freq: 0.500  w_spend: 0.500
Epoch   4/60 — train_loss: 0.1431  val_loss: 0.1123  freq: 0.1257  spend: 0.0990  w_freq: 0.500  w_spend: 0.500
Epoch   5/60 — train_loss: 0.1366  val_loss: 0.1088  freq: 0.1257  spend: 0.0920  w_freq: 0.500  w_spend: 0.500
[Kendall] log_vars unfrozen at epoch 6.
[spend-norm] frozen at 0.1850 (absolute val-loss magnitude shifts accordingly; early stopping is relative so this is safe)
Epoch   6/60 — train_loss: 0.4322  val_loss: 0.3064  freq: 0.1257  spend: 0.4897  w_freq: 0.500  w_spend: 0.500
Epoch   7/60 — train_loss: 0.4736  val_loss: 0.3065  freq: 0.1257  spend: 0.4927  w_freq: 0.502  w_spend: 0.501
Epoch   8/60 — train_loss: 0.4871  val_loss: 0.3143  freq: 0.1257  spend: 0.5109  w_freq: 0.503  w_spend: 0.502
Epoch   9/60 — train_loss: 0.5068  val_loss: 0.2989  freq: 0.1257  spend: 0.4829  w_freq: 0.504  w_spend: 0.503
Epoch  10/60 — train_loss: 0.4722  val_loss: 0.3059  freq: 0.1257  spend: 0.4994  w_freq: 0.505  w_spend: 0.503
Epoch  11/60 — train_loss: 0.5217  val_loss: 0.2936  freq: 0.1257  spend: 0.4777  w_freq: 0.506  w_spend: 0.504
Epoch  12/60 — train_loss: 0.4517  val_loss: 0.2914  freq: 0.1257  spend: 0.4759  w_freq: 0.507  w_spend: 0.505
Epoch  13/60 — train_loss: 0.4793  val_loss: 0.2943  freq: 0.1257  spend: 0.4845  w_freq: 0.508  w_spend: 0.506
Epoch  14/60 — train_loss: 0.4524  val_loss: 0.2927  freq: 0.1257  spend: 0.4838  w_freq: 0.509  w_spend: 0.506
Epoch  15/60 — train_loss: 0.4338  val_loss: 0.2848  freq: 0.1257  spend: 0.4708  w_freq: 0.510  w_spend: 0.507
Epoch  16/60 — train_loss: 0.4552  val_loss: 0.2802  freq: 0.1257  spend: 0.4643  w_freq: 0.511  w_spend: 0.508
Epoch  17/60 — train_loss: 0.4421  val_loss: 0.2814  freq: 0.1257  spend: 0.4691  w_freq: 0.513  w_spend: 0.509
Epoch  18/60 — train_loss: 0.4644  val_loss: 0.2805  freq: 0.1257  spend: 0.4700  w_freq: 0.514  w_spend: 0.509
Epoch  19/60 — train_loss: 0.4276  val_loss: 0.2730  freq: 0.1257  spend: 0.4580  w_freq: 0.515  w_spend: 0.510
Epoch  20/60 — train_loss: 0.4271  val_loss: 0.2726  freq: 0.1257  spend: 0.4596  w_freq: 0.516  w_spend: 0.511
Early stopping triggered at epoch 20.
[two-stage] Stage 2 complete.

Checkpoint saved: /kaggle/working/results/checkpoints/lstm_joint_cdnow_v7_twostage_seed2024_sample.pt
Validation-fitted softmax temperature: 0.7500

Duan's smearing factor (val): 1.4218
Validation aggregate calibration: freq_factor=3.9951, spend_factor=3.9751

Running autoregressive inference on holdout period ...
  inference mode: sample  n_scenarios: 30  temperature: 0.7500

=== Prediction Diagnostics ===
  Mean predicted freq/week:    0.0024
  Mean actual freq/week:       0.0196
  Over-prediction ratio:       0.121x
  Customers predicted as zero total:  0.987
  Customers actually zero total:      0.781
  Non-zero rate (pred, avg > 0.05):  0.006
  Non-zero rate (true):               0.018

Metrics saved: /kaggle/working/results/tables/lstm_joint_cdnow_v7_twostage_seed2024_sample_metrics.json
Array artifacts saved: /kaggle/working/results/tables/lstm_joint_cdnow_v7_twostage_seed2024_sample_arrays.npz

=== Holdout Evaluation ===
  metric_definition_version: valendin_aggregate_mape_v1
  freq_rmse: 1.3099
  freq_mae: 0.5441
  freq_normalized_gini: 0.4831
  freq_calibration_factor: 3.9951
  freq_horizon_abs_bias_pct: 51.6818
  bias_pct: -51.6818
  freq_weekly_mae: 25.2541
  freq_weekly_total_true: 1196.0000
  freq_weekly_total_pred: 577.8857
  freq_valendin_mape: 54.9003
  freq_horizon_bias_pct: -51.6818
  freq_weekly_mean_pct_mape: 52.4962
  freq_weekly_mean_pct_bias_pct: -49.4794
  freq_weekly_bias_pct: -51.6818
  freq_weekly_mape: 54.9003
  freq_mape: 54.9003
  freq_mase: 0.3334
  freq_mase_scale: 0.0834
  smearing_factor: 1.4218
  spend_calibration_factor: 3.9751
  spend_mae_raw: 20.4443
  spend_rmse_raw: 53.4254
  spend_normalized_gini: 0.4447
  spend_mae_log: 1.5180
  spend_rmse_log: 1.9675
  spend_r2_log: -0.3355
  spend_bias_pct: -47.2402
  spend_weekly_mae: 841.7143
  spend_weekly_total_true: 43103.4400
  spend_weekly_total_pred: 22741.2754
  spend_valendin_mape: 50.7722
  spend_horizon_abs_bias_pct: 47.2402
  spend_horizon_bias_pct: -47.2402
  spend_weekly_mean_pct_mape: 47.3678
  spend_weekly_mean_pct_bias_pct: -43.2273
  spend_weekly_bias_pct: -47.2402
  spend_weekly_mape: 50.7722
  spend_mase: 0.5851
  spend_mase_scale: 1.7675
  clv_mae: 20.0104
  clv_rmse: 52.2949
  clv_spearman: 0.2819
  clv_decile_lift: 3.6898
  clv_normalized_gini: 0.4799
  clv_total_true: 42218.7344
  clv_total_pred: 22342.9922
  calibration_temperature_source: rolling_origin_autoregressive
  validation_temperature: 0.7500
  smearing_source: rolling_origin_autoregressive
  calibration_source: rolling_origin_autoregressive
  validation_freq_true_total: 120.0000
  validation_freq_pred_total: 30.0371
  validation_spend_true_total: 4587.6401
  validation_spend_pred_total: 1154.0988
  validation_freq_calibration_factor: 3.9951
  validation_spend_calibration_factor: 3.9751
  validation_rolling_origin_count: 2
  protocol_name: cdnow_sample_52x26
  cohort_size: 2349
  calibration_weeks: 52
  holdout_weeks: 26
  inference_mode: sample
  n_scenarios: 30
  run_valid: False
  run_invalid_reason: absolute frequency bias -51.7% exceeds 15.0%
  run_warning: large frequency bias (-51.7%); large spend bias (-47.2%)
  epochs_completed: 80
  max_epochs_configured: 120
History saved: /kaggle/working/results/tables/lstm_joint_cdnow_v7_twostage_seed2024_sample_history.json
