[Kaggle] raw_dir  → /kaggle/working/input/uci-retail
[Kaggle] results  → /kaggle/working/results
Config: experiments/configs/lstm_joint_uci_v7_twostage.yaml
Run: lstm_joint_uci_v7_twostage_seed42_sample
Device: cuda
Loading dataset: uci ...
[pipeline] freq_cap=4 (auto q=0.99) → freq_bins=[0, 1, 2, 3]... (n_classes=5)
  Train customers: 4437, Val: 493, Inference: 4930
[uci] Customers with 0 calibration transactions: 0 / 4930
  top-bin decode: class_values[-1] = 5.515 (max_trans = 4)
Model: lstm — 98,262 parameters

Training for up to 120 epochs ...
/kaggle/working/thesis-code/src/training/trainer.py:135: FutureWarning: `torch.cuda.amp.GradScaler(args...)` is deprecated. Please use `torch.amp.GradScaler('cuda', args...)` instead.
  self.scaler = torch.cuda.amp.GradScaler(enabled=self.amp_enabled)

[two-stage] Stage 1: frequency-only for up to 60 epochs (patience=15) ...
[Kendall] log_vars frozen for 5 warm-up epochs.
Epoch   1/60 — train_loss: 4.5154  val_loss: 4.5666  freq: 4.5666  spend: 0.4207  w_freq: 1.000  w_spend: 0.000
Epoch   2/60 — train_loss: 4.0190  val_loss: 3.6884  freq: 3.6884  spend: 0.4205  w_freq: 1.000  w_spend: 0.000
Epoch   3/60 — train_loss: 2.6702  val_loss: 1.4108  freq: 1.4108  spend: 0.4217  w_freq: 1.000  w_spend: 0.000
Epoch   4/60 — train_loss: 0.5992  val_loss: 0.3594  freq: 0.3594  spend: 0.4297  w_freq: 1.000  w_spend: 0.000
Epoch   5/60 — train_loss: 0.3367  val_loss: 0.3010  freq: 0.3010  spend: 0.4300  w_freq: 1.000  w_spend: 0.000
[Kendall] log_vars unfrozen at epoch 6.
[spend-norm] frozen at 0.4390 (absolute val-loss magnitude shifts accordingly; early stopping is relative so this is safe)
Epoch   6/60 — train_loss: 0.3046  val_loss: 0.2817  freq: 0.2817  spend: 0.9782  w_freq: 1.000  w_spend: 0.000
Epoch   7/60 — train_loss: 0.2993  val_loss: 0.2773  freq: 0.2773  spend: 0.9824  w_freq: 1.000  w_spend: 0.000
Epoch   8/60 — train_loss: 0.2936  val_loss: 0.2805  freq: 0.2805  spend: 0.9841  w_freq: 1.000  w_spend: 0.000
Epoch   9/60 — train_loss: 0.2899  val_loss: 0.2857  freq: 0.2857  spend: 0.9850  w_freq: 1.000  w_spend: 0.000
Epoch  10/60 — train_loss: 0.2876  val_loss: 0.2728  freq: 0.2728  spend: 0.9858  w_freq: 1.000  w_spend: 0.000
Epoch  11/60 — train_loss: 0.2836  val_loss: 0.2726  freq: 0.2726  spend: 0.9884  w_freq: 1.000  w_spend: 0.000
Epoch  12/60 — train_loss: 0.2816  val_loss: 0.2716  freq: 0.2716  spend: 0.9904  w_freq: 1.000  w_spend: 0.000
Epoch  13/60 — train_loss: 0.2818  val_loss: 0.2718  freq: 0.2718  spend: 0.9925  w_freq: 1.000  w_spend: 0.000
Epoch  14/60 — train_loss: 0.2816  val_loss: 0.2734  freq: 0.2734  spend: 0.9940  w_freq: 1.000  w_spend: 0.000
Epoch  15/60 — train_loss: 0.2802  val_loss: 0.2686  freq: 0.2686  spend: 0.9984  w_freq: 1.000  w_spend: 0.000
Epoch  16/60 — train_loss: 0.2824  val_loss: 0.2744  freq: 0.2744  spend: 0.9973  w_freq: 1.000  w_spend: 0.000
Epoch  17/60 — train_loss: 0.2772  val_loss: 0.2736  freq: 0.2736  spend: 1.0018  w_freq: 1.000  w_spend: 0.000
Epoch  18/60 — train_loss: 0.2798  val_loss: 0.2652  freq: 0.2652  spend: 1.0045  w_freq: 1.000  w_spend: 0.000
Epoch  19/60 — train_loss: 0.2827  val_loss: 0.2659  freq: 0.2659  spend: 1.0039  w_freq: 1.000  w_spend: 0.000
Epoch  20/60 — train_loss: 0.2736  val_loss: 0.2645  freq: 0.2645  spend: 1.0052  w_freq: 1.000  w_spend: 0.000
Epoch  21/60 — train_loss: 0.2704  val_loss: 0.2632  freq: 0.2632  spend: 1.0088  w_freq: 1.000  w_spend: 0.000
Epoch  22/60 — train_loss: 0.2670  val_loss: 0.2634  freq: 0.2634  spend: 1.0114  w_freq: 1.000  w_spend: 0.000
Epoch  23/60 — train_loss: 0.2668  val_loss: 0.2602  freq: 0.2602  spend: 1.0111  w_freq: 1.000  w_spend: 0.000
Epoch  24/60 — train_loss: 0.2647  val_loss: 0.2642  freq: 0.2642  spend: 1.0109  w_freq: 1.000  w_spend: 0.000
Epoch  25/60 — train_loss: 0.2660  val_loss: 0.2578  freq: 0.2578  spend: 1.0089  w_freq: 1.000  w_spend: 0.000
Epoch  26/60 — train_loss: 0.2629  val_loss: 0.2568  freq: 0.2568  spend: 1.0081  w_freq: 1.000  w_spend: 0.000
Epoch  27/60 — train_loss: 0.2665  val_loss: 0.2576  freq: 0.2576  spend: 1.0091  w_freq: 1.000  w_spend: 0.000
Epoch  28/60 — train_loss: 0.2629  val_loss: 0.2653  freq: 0.2653  spend: 1.0101  w_freq: 1.000  w_spend: 0.000
Epoch  29/60 — train_loss: 0.2657  val_loss: 0.2593  freq: 0.2593  spend: 1.0059  w_freq: 1.000  w_spend: 0.000
Epoch  30/60 — train_loss: 0.2632  val_loss: 0.2558  freq: 0.2558  spend: 1.0074  w_freq: 1.000  w_spend: 0.000
Epoch  31/60 — train_loss: 0.2643  val_loss: 0.2589  freq: 0.2589  spend: 1.0082  w_freq: 1.000  w_spend: 0.000
Epoch  32/60 — train_loss: 0.2628  val_loss: 0.2552  freq: 0.2552  spend: 1.0073  w_freq: 1.000  w_spend: 0.000
Epoch  33/60 — train_loss: 0.2623  val_loss: 0.2551  freq: 0.2551  spend: 1.0075  w_freq: 1.000  w_spend: 0.000
Epoch  34/60 — train_loss: 0.2601  val_loss: 0.2546  freq: 0.2546  spend: 1.0080  w_freq: 1.000  w_spend: 0.000
Epoch  35/60 — train_loss: 0.2596  val_loss: 0.2581  freq: 0.2581  spend: 1.0071  w_freq: 1.000  w_spend: 0.000
Epoch  36/60 — train_loss: 0.2599  val_loss: 0.2543  freq: 0.2543  spend: 1.0093  w_freq: 1.000  w_spend: 0.000
Epoch  37/60 — train_loss: 0.2603  val_loss: 0.2586  freq: 0.2586  spend: 1.0065  w_freq: 1.000  w_spend: 0.000
Epoch  38/60 — train_loss: 0.2626  val_loss: 0.2745  freq: 0.2745  spend: 1.0055  w_freq: 1.000  w_spend: 0.000
Epoch  39/60 — train_loss: 0.2616  val_loss: 0.2541  freq: 0.2541  spend: 1.0084  w_freq: 1.000  w_spend: 0.000
Epoch  40/60 — train_loss: 0.2591  val_loss: 0.2540  freq: 0.2540  spend: 1.0087  w_freq: 1.000  w_spend: 0.000
Epoch  41/60 — train_loss: 0.2610  val_loss: 0.2539  freq: 0.2539  spend: 1.0095  w_freq: 1.000  w_spend: 0.000
Epoch  42/60 — train_loss: 0.2602  val_loss: 0.2542  freq: 0.2542  spend: 1.0103  w_freq: 1.000  w_spend: 0.000
Epoch  43/60 — train_loss: 0.2589  val_loss: 0.2595  freq: 0.2595  spend: 1.0093  w_freq: 1.000  w_spend: 0.000
Epoch  44/60 — train_loss: 0.2598  val_loss: 0.2528  freq: 0.2528  spend: 1.0096  w_freq: 1.000  w_spend: 0.000
Epoch  45/60 — train_loss: 0.2605  val_loss: 0.2538  freq: 0.2538  spend: 1.0111  w_freq: 1.000  w_spend: 0.000
Epoch  46/60 — train_loss: 0.2608  val_loss: 0.2557  freq: 0.2557  spend: 1.0120  w_freq: 1.000  w_spend: 0.000
Epoch  47/60 — train_loss: 0.2609  val_loss: 0.2532  freq: 0.2532  spend: 1.0103  w_freq: 1.000  w_spend: 0.000
Epoch  48/60 — train_loss: 0.2577  val_loss: 0.2531  freq: 0.2531  spend: 1.0112  w_freq: 1.000  w_spend: 0.000
Epoch  49/60 — train_loss: 0.2604  val_loss: 0.2546  freq: 0.2546  spend: 1.0095  w_freq: 1.000  w_spend: 0.000
Epoch  50/60 — train_loss: 0.2589  val_loss: 0.2530  freq: 0.2530  spend: 1.0106  w_freq: 1.000  w_spend: 0.000
Epoch  51/60 — train_loss: 0.2596  val_loss: 0.2523  freq: 0.2523  spend: 1.0095  w_freq: 1.000  w_spend: 0.000
Epoch  52/60 — train_loss: 0.2590  val_loss: 0.2542  freq: 0.2542  spend: 1.0083  w_freq: 1.000  w_spend: 0.000
Epoch  53/60 — train_loss: 0.2588  val_loss: 0.2558  freq: 0.2558  spend: 1.0118  w_freq: 1.000  w_spend: 0.000
Epoch  54/60 — train_loss: 0.2621  val_loss: 0.2577  freq: 0.2577  spend: 1.0082  w_freq: 1.000  w_spend: 0.000
Epoch  55/60 — train_loss: 0.2612  val_loss: 0.2524  freq: 0.2524  spend: 1.0107  w_freq: 1.000  w_spend: 0.000
Epoch  56/60 — train_loss: 0.2609  val_loss: 0.2544  freq: 0.2544  spend: 1.0093  w_freq: 1.000  w_spend: 0.000
Epoch  57/60 — train_loss: 0.2586  val_loss: 0.2527  freq: 0.2527  spend: 1.0108  w_freq: 1.000  w_spend: 0.000
Epoch  58/60 — train_loss: 0.2582  val_loss: 0.2525  freq: 0.2525  spend: 1.0128  w_freq: 1.000  w_spend: 0.000
Epoch  59/60 — train_loss: 0.2607  val_loss: 0.2532  freq: 0.2532  spend: 1.0111  w_freq: 1.000  w_spend: 0.000
Epoch  60/60 — train_loss: 0.2571  val_loss: 0.2519  freq: 0.2519  spend: 1.0119  w_freq: 1.000  w_spend: 0.000
[two-stage] Stage 1 complete.
/kaggle/working/thesis-code/src/training/trainer.py:788: FutureWarning: `torch.cuda.amp.GradScaler(args...)` is deprecated. Please use `torch.amp.GradScaler('cuda', args...)` instead.
  self.scaler = torch.cuda.amp.GradScaler(enabled=self.amp_enabled)
[two-stage] Stage 2 transition: froze 14 backbone params, training 2 spend-head params.

[two-stage] Stage 2: spend-only, backbone frozen, for up to 60 epochs (patience=15) ...
[Kendall] log_vars frozen for 5 warm-up epochs.
Epoch   1/60 — train_loss: 0.3464  val_loss: 0.3245  freq: 0.2519  spend: 0.3970  w_freq: 0.500  w_spend: 0.500
Epoch   2/60 — train_loss: 0.3307  val_loss: 0.3232  freq: 0.2519  spend: 0.3945  w_freq: 0.500  w_spend: 0.500
Epoch   3/60 — train_loss: 0.3309  val_loss: 0.3203  freq: 0.2519  spend: 0.3887  w_freq: 0.500  w_spend: 0.500
Epoch   4/60 — train_loss: 0.3279  val_loss: 0.3185  freq: 0.2519  spend: 0.3850  w_freq: 0.500  w_spend: 0.500
Epoch   5/60 — train_loss: 0.3251  val_loss: 0.3169  freq: 0.2519  spend: 0.3819  w_freq: 0.500  w_spend: 0.500
[Kendall] log_vars unfrozen at epoch 6.
[spend-norm] frozen at 0.4081 (absolute val-loss magnitude shifts accordingly; early stopping is relative so this is safe)
Epoch   6/60 — train_loss: 0.6026  val_loss: 0.5899  freq: 0.2519  spend: 0.9314  w_freq: 0.501  w_spend: 0.501
Epoch   7/60 — train_loss: 0.6089  val_loss: 0.5818  freq: 0.2519  spend: 0.9188  w_freq: 0.503  w_spend: 0.501
Epoch   8/60 — train_loss: 0.5891  val_loss: 0.5785  freq: 0.2519  spend: 0.9155  w_freq: 0.506  w_spend: 0.502
Epoch   9/60 — train_loss: 0.5880  val_loss: 0.5739  freq: 0.2519  spend: 0.9100  w_freq: 0.508  w_spend: 0.503
Epoch  10/60 — train_loss: 0.6034  val_loss: 0.5697  freq: 0.2519  spend: 0.9053  w_freq: 0.510  w_spend: 0.504
Epoch  11/60 — train_loss: 0.5776  val_loss: 0.5643  freq: 0.2519  spend: 0.8979  w_freq: 0.513  w_spend: 0.505
Epoch  12/60 — train_loss: 0.5740  val_loss: 0.5647  freq: 0.2519  spend: 0.9026  w_freq: 0.515  w_spend: 0.506
Epoch  13/60 — train_loss: 0.5825  val_loss: 0.5557  freq: 0.2519  spend: 0.8885  w_freq: 0.517  w_spend: 0.507
Epoch  14/60 — train_loss: 0.5707  val_loss: 0.5542  freq: 0.2519  spend: 0.8889  w_freq: 0.520  w_spend: 0.509
Epoch  15/60 — train_loss: 0.5550  val_loss: 0.5512  freq: 0.2519  spend: 0.8866  w_freq: 0.522  w_spend: 0.510
Epoch  16/60 — train_loss: 0.5546  val_loss: 0.5465  freq: 0.2519  spend: 0.8809  w_freq: 0.525  w_spend: 0.511
Epoch  17/60 — train_loss: 0.5543  val_loss: 0.5413  freq: 0.2519  spend: 0.8747  w_freq: 0.527  w_spend: 0.512
Epoch  18/60 — train_loss: 0.5423  val_loss: 0.5419  freq: 0.2519  spend: 0.8794  w_freq: 0.530  w_spend: 0.513
Epoch  19/60 — train_loss: 0.5407  val_loss: 0.5364  freq: 0.2519  spend: 0.8719  w_freq: 0.532  w_spend: 0.515
Epoch  20/60 — train_loss: 0.5443  val_loss: 0.5314  freq: 0.2519  spend: 0.8656  w_freq: 0.534  w_spend: 0.516
Early stopping triggered at epoch 20.
[two-stage] Stage 2 complete.

Checkpoint saved: /kaggle/working/results/checkpoints/lstm_joint_uci_v7_twostage_seed42_sample.pt
Validation-fitted softmax temperature: 0.7500

Duan's smearing factor (val): 1.5148
Validation aggregate calibration: freq_factor=2.4374, spend_factor=2.3644

Running autoregressive inference on holdout period ...
  inference mode: sample  n_scenarios: 30  temperature: 0.7500

=== Prediction Diagnostics ===
  Mean predicted freq/week:    0.0207
  Mean actual freq/week:       0.0656
  Over-prediction ratio:       0.315x
  Customers predicted as zero total:  0.787
  Customers actually zero total:      0.484
  Non-zero rate (pred, avg > 0.05):  0.106
  Non-zero rate (true):               0.055

Metrics saved: /kaggle/working/results/tables/lstm_joint_uci_v7_twostage_seed42_sample_metrics.json
Array artifacts saved: /kaggle/working/results/tables/lstm_joint_uci_v7_twostage_seed42_sample_arrays.npz

=== Holdout Evaluation ===
  metric_definition_version: valendin_aggregate_mape_v1
  freq_rmse: 2.7463
  freq_mae: 1.1848
  freq_normalized_gini: 0.7467
  freq_calibration_factor: 2.4374
  freq_horizon_abs_bias_pct: 23.2156
  bias_pct: -23.2156
  freq_weekly_mae: 91.2449
  freq_weekly_total_true: 8413.0000
  freq_weekly_total_pred: 6459.8721
  freq_valendin_mape: 28.1988
  freq_horizon_bias_pct: -23.2156
  freq_weekly_mean_pct_mape: 25.8458
  freq_weekly_mean_pct_bias_pct: -19.3055
  freq_weekly_bias_pct: -23.2156
  freq_weekly_mape: 28.1988
  freq_mape: 28.1988
  freq_mase: 0.8094
  freq_mase_scale: 0.1146
  smearing_factor: 1.5148
  spend_calibration_factor: 2.3644
  spend_mae_raw: 698.6749
  spend_rmse_raw: 4458.6118
  spend_normalized_gini: 0.7845
  spend_mae_log: 2.6637
  spend_rmse_log: 3.3738
  spend_r2_log: -0.0087
  spend_bias_pct: -37.8016
  spend_weekly_mae: 67446.4308
  spend_weekly_total_true: 4266929.6797
  spend_weekly_total_pred: 2653961.6792
  spend_valendin_mape: 41.0976
  spend_horizon_abs_bias_pct: 37.8016
  spend_horizon_bias_pct: -37.8016
  spend_weekly_mean_pct_mape: 37.3530
  spend_weekly_mean_pct_bias_pct: -31.7661
  spend_weekly_bias_pct: -37.8016
  spend_weekly_mape: 41.0976
  spend_mase: 1.2355
  spend_mase_scale: 36.7368
  clv_mae: 681.6771
  clv_rmse: 4349.9951
  clv_spearman: 0.5641
  clv_decile_lift: 5.8655
  clv_normalized_gini: 0.7846
  clv_total_true: 4160751.5000
  clv_total_pred: 2598768.0000
  calibration_temperature_source: rolling_origin_autoregressive
  validation_temperature: 0.7500
  smearing_source: rolling_origin_autoregressive
  calibration_source: rolling_origin_autoregressive
  validation_freq_true_total: 662.0000
  validation_freq_pred_total: 271.5980
  validation_spend_true_total: 287846.2422
  validation_spend_pred_total: 121743.1250
  validation_freq_calibration_factor: 2.4374
  validation_spend_calibration_factor: 2.3644
  validation_rolling_origin_count: 2
  protocol_name: uci_configured_78x26
  cohort_size: 4930
  calibration_weeks: 78
  holdout_weeks: 26
  inference_mode: sample
  n_scenarios: 30
  run_valid: False
  run_invalid_reason: absolute frequency bias -23.2% exceeds 15.0%
  run_warning: large frequency bias (-23.2%); large spend bias (-37.8%)
  epochs_completed: 80
  max_epochs_configured: 120
History saved: /kaggle/working/results/tables/lstm_joint_uci_v7_twostage_seed42_sample_history.json
