[Kaggle] raw_dir  → /kaggle/working/input/dunnhumby
[Kaggle] results  → /kaggle/working/results
Config: experiments/configs/lstm_base_dunnhumby_v6.yaml
Run: lstm_base_dunnhumby_v6_seed2024_sample
Device: cuda
Loading dataset: dunnhumby ...
[pipeline] freq_cap=10 (auto q=0.99) → freq_bins=[0, 1, 2, 3]... (n_classes=11)
  Train customers: 2249, Val: 249, Inference: 2498
[dunnhumby] Customers with 0 calibration transactions: 0 / 2498
  top-bin decode: class_values[-1] = 13.099 (max_trans = 10)
Model: lstm — 91,095 parameters

Training for up to 100 epochs ...
/kaggle/working/thesis-code/src/training/trainer.py:135: FutureWarning: `torch.cuda.amp.GradScaler(args...)` is deprecated. Please use `torch.amp.GradScaler('cuda', args...)` instead.
  self.scaler = torch.cuda.amp.GradScaler(enabled=self.amp_enabled)
Epoch   1/100 — train_loss: 3.1645  val_loss: 3.2024
Epoch   2/100 — train_loss: 3.1396  val_loss: 3.1654
Epoch   3/100 — train_loss: 3.0919  val_loss: 3.0935
Epoch   4/100 — train_loss: 2.9853  val_loss: 2.8935
Epoch   5/100 — train_loss: 2.4234  val_loss: 1.6625
Epoch   6/100 — train_loss: 1.6993  val_loss: 1.5888
Epoch   7/100 — train_loss: 1.6505  val_loss: 1.5556
Epoch   8/100 — train_loss: 1.6175  val_loss: 1.5254
Epoch   9/100 — train_loss: 1.5925  val_loss: 1.4954
Epoch  10/100 — train_loss: 1.5435  val_loss: 1.4286
Epoch  11/100 — train_loss: 1.4935  val_loss: 1.4046
Epoch  12/100 — train_loss: 1.4621  val_loss: 1.3718
Epoch  13/100 — train_loss: 1.4197  val_loss: 1.3324
Epoch  14/100 — train_loss: 1.3868  val_loss: 1.3052
Epoch  15/100 — train_loss: 1.3633  val_loss: 1.2891
Epoch  16/100 — train_loss: 1.3461  val_loss: 1.2749
Epoch  17/100 — train_loss: 1.3348  val_loss: 1.2668
Epoch  18/100 — train_loss: 1.3295  val_loss: 1.2605
Epoch  19/100 — train_loss: 1.3242  val_loss: 1.2587
Epoch  20/100 — train_loss: 1.3213  val_loss: 1.2544
Epoch  21/100 — train_loss: 1.3190  val_loss: 1.2527
Epoch  22/100 — train_loss: 1.3166  val_loss: 1.2491
Epoch  23/100 — train_loss: 1.3127  val_loss: 1.2465
Epoch  24/100 — train_loss: 1.3106  val_loss: 1.2444
Epoch  25/100 — train_loss: 1.3115  val_loss: 1.2433
Epoch  26/100 — train_loss: 1.3101  val_loss: 1.2422
Epoch  27/100 — train_loss: 1.3101  val_loss: 1.2422
Epoch  28/100 — train_loss: 1.3100  val_loss: 1.2420
Epoch  29/100 — train_loss: 1.3099  val_loss: 1.2450
Epoch  30/100 — train_loss: 1.3050  val_loss: 1.2390
Epoch  31/100 — train_loss: 1.3060  val_loss: 1.2385
Epoch  32/100 — train_loss: 1.3069  val_loss: 1.2372
Epoch  33/100 — train_loss: 1.3067  val_loss: 1.2358
Epoch  34/100 — train_loss: 1.3054  val_loss: 1.2350
Epoch  35/100 — train_loss: 1.3039  val_loss: 1.2357
Epoch  36/100 — train_loss: 1.3061  val_loss: 1.2347
Epoch  37/100 — train_loss: 1.3050  val_loss: 1.2341
Epoch  38/100 — train_loss: 1.3056  val_loss: 1.2336
Epoch  39/100 — train_loss: 1.3001  val_loss: 1.2311
Epoch  40/100 — train_loss: 1.3005  val_loss: 1.2298
Epoch  41/100 — train_loss: 1.3004  val_loss: 1.2307
Epoch  42/100 — train_loss: 1.3013  val_loss: 1.2276
Epoch  43/100 — train_loss: 1.2990  val_loss: 1.2269
Epoch  44/100 — train_loss: 1.2992  val_loss: 1.2261
Epoch  45/100 — train_loss: 1.2980  val_loss: 1.2322
Epoch  46/100 — train_loss: 1.3010  val_loss: 1.2252
Epoch  47/100 — train_loss: 1.3000  val_loss: 1.2253
Epoch  48/100 — train_loss: 1.2991  val_loss: 1.2311
Epoch  49/100 — train_loss: 1.3030  val_loss: 1.2276
Epoch  50/100 — train_loss: 1.2999  val_loss: 1.2243
Epoch  51/100 — train_loss: 1.2995  val_loss: 1.2238
Epoch  52/100 — train_loss: 1.2997  val_loss: 1.2233
Epoch  53/100 — train_loss: 1.3001  val_loss: 1.2236
Epoch  54/100 — train_loss: 1.3008  val_loss: 1.2235
Epoch  55/100 — train_loss: 1.3004  val_loss: 1.2236
Epoch  56/100 — train_loss: 1.2981  val_loss: 1.2228
Epoch  57/100 — train_loss: 1.3022  val_loss: 1.2219
Epoch  58/100 — train_loss: 1.2994  val_loss: 1.2221
Epoch  59/100 — train_loss: 1.3013  val_loss: 1.2226
Epoch  60/100 — train_loss: 1.3008  val_loss: 1.2236
Epoch  61/100 — train_loss: 1.3027  val_loss: 1.2246
Epoch  62/100 — train_loss: 1.3008  val_loss: 1.2226
Epoch  63/100 — train_loss: 1.3009  val_loss: 1.2216
Epoch  64/100 — train_loss: 1.3008  val_loss: 1.2204
Epoch  65/100 — train_loss: 1.3025  val_loss: 1.2223
Epoch  66/100 — train_loss: 1.3027  val_loss: 1.2212
Epoch  67/100 — train_loss: 1.3025  val_loss: 1.2219
Epoch  68/100 — train_loss: 1.3021  val_loss: 1.2222
Epoch  69/100 — train_loss: 1.3025  val_loss: 1.2220
Epoch  70/100 — train_loss: 1.3027  val_loss: 1.2208
Epoch  71/100 — train_loss: 1.3050  val_loss: 1.2210
Epoch  72/100 — train_loss: 1.3071  val_loss: 1.2206
Epoch  73/100 — train_loss: 1.3059  val_loss: 1.2205
Epoch  74/100 — train_loss: 1.3064  val_loss: 1.2210
Epoch  75/100 — train_loss: 1.3074  val_loss: 1.2207
Epoch  76/100 — train_loss: 1.3059  val_loss: 1.2203
Epoch  77/100 — train_loss: 1.3055  val_loss: 1.2201
Epoch  78/100 — train_loss: 1.3053  val_loss: 1.2206
Epoch  79/100 — train_loss: 1.3068  val_loss: 1.2200
Epoch  80/100 — train_loss: 1.3066  val_loss: 1.2203
Epoch  81/100 — train_loss: 1.3115  val_loss: 1.2204
Epoch  82/100 — train_loss: 1.3100  val_loss: 1.2202
Epoch  83/100 — train_loss: 1.3092  val_loss: 1.2198
Epoch  84/100 — train_loss: 1.3111  val_loss: 1.2206
Epoch  85/100 — train_loss: 1.3134  val_loss: 1.2201
Epoch  86/100 — train_loss: 1.3139  val_loss: 1.2201
Epoch  87/100 — train_loss: 1.3116  val_loss: 1.2203
Epoch  88/100 — train_loss: 1.3128  val_loss: 1.2201
Epoch  89/100 — train_loss: 1.3154  val_loss: 1.2199
Epoch  90/100 — train_loss: 1.3129  val_loss: 1.2203
Epoch  91/100 — train_loss: 1.3185  val_loss: 1.2204
Epoch  92/100 — train_loss: 1.3149  val_loss: 1.2204
Epoch  93/100 — train_loss: 1.3176  val_loss: 1.2202
Epoch  94/100 — train_loss: 1.3204  val_loss: 1.2202
Epoch  95/100 — train_loss: 1.3190  val_loss: 1.2202
Epoch  96/100 — train_loss: 1.3185  val_loss: 1.2203
Epoch  97/100 — train_loss: 1.3207  val_loss: 1.2203
Epoch  98/100 — train_loss: 1.3207  val_loss: 1.2203
Epoch  99/100 — train_loss: 1.3237  val_loss: 1.2203
Epoch 100/100 — train_loss: 1.3209  val_loss: 1.2203

Checkpoint saved: /kaggle/working/results/checkpoints/lstm_base_dunnhumby_v6_seed2024_sample.pt
Validation-fitted softmax temperature: 0.9000
Validation aggregate calibration: freq_factor=1.2090, spend_factor=1.0000

Running autoregressive inference on holdout period ...
  inference mode: sample  n_scenarios: 30  temperature: 0.9000

=== Prediction Diagnostics ===
  Mean predicted freq/week:    1.0816
  Mean actual freq/week:       1.1882
  Over-prediction ratio:       0.910x
  Customers predicted as zero total:  0.096
  Customers actually zero total:      0.188
  Non-zero rate (pred, avg > 0.05):  0.965
  Non-zero rate (true):               0.542

Metrics saved: /kaggle/working/results/tables/lstm_base_dunnhumby_v6_seed2024_sample_metrics.json
Array artifacts saved: /kaggle/working/results/tables/lstm_base_dunnhumby_v6_seed2024_sample_arrays.npz

=== Holdout Evaluation ===
  metric_definition_version: valendin_aggregate_mape_v1
  freq_rmse: 3.6883
  freq_mae: 2.2029
  freq_normalized_gini: 0.8535
  freq_calibration_factor: 1.2090
  freq_horizon_abs_bias_pct: 10.0539
  bias_pct: 10.0539
  freq_weekly_mae: 298.3996
  freq_weekly_total_true: 11872.0000
  freq_weekly_total_pred: 13065.5985
  freq_valendin_mape: 10.0539
  freq_horizon_bias_pct: 10.0539
  freq_weekly_mean_pct_mape: 10.0757
  freq_weekly_mean_pct_bias_pct: 10.0757
  freq_weekly_bias_pct: 10.0539
  freq_weekly_mape: 10.0539
  freq_mape: 10.0539
  freq_mase: 1.0347
  freq_mase_scale: 0.8235
  calibration_temperature_source: rolling_origin_autoregressive
  validation_temperature: 0.9000
  calibration_source: rolling_origin_autoregressive
  validation_freq_true_total: 2215.0000
  validation_freq_pred_total: 1832.1166
  validation_spend_true_total: 0.0000
  validation_spend_pred_total: 0.0000
  validation_freq_calibration_factor: 1.2090
  validation_spend_calibration_factor: 1.0000
  validation_rolling_origin_count: 2
  protocol_name: dunnhumby_configured_80x4
  cohort_size: 2498
  calibration_weeks: 80
  holdout_weeks: 4
  inference_mode: sample
  n_scenarios: 30
  final_manifest_version: 2026-05-20-results-recovery-protocol
  final_manifest_run_name: lstm_base_dunnhumby_v6_seed2024_sample
  final_manifest_config: experiments/configs/lstm_base_dunnhumby_v6.yaml
  final_manifest_config_hash: 23188946df06
  final_manifest_actual_config_hash: 0468bd81c517
  final_manifest_seed: 2024
  final_manifest_epochs: 100
  final_manifest_inference_mode: sample
  final_manifest_n_scenarios: 30
  run_valid: True
  run_invalid_reason: 
  run_warning: 
  epochs_completed: 100
  max_epochs_configured: 100
History saved: /kaggle/working/results/tables/lstm_base_dunnhumby_v6_seed2024_sample_history.json
