[Kaggle] raw_dir  → /kaggle/working/input/tafeng-dataset
[Kaggle] results  → /kaggle/working/results
Config: experiments/configs/lstm_joint_tafeng_v7_twostage.yaml
Run: lstm_joint_tafeng_v7_twostage_seed42_sample
Device: cuda
Loading dataset: tafeng ...
[pipeline] freq_cap=4 (auto q=0.99) → freq_bins=[0, 1, 2, 3]... (n_classes=5)
  Train customers: 25029, Val: 2780, Inference: 27809
[tafeng] Customers with 0 calibration transactions: 0 / 27809
  top-bin decode: class_values[-1] = 4.473 (max_trans = 4)
Model: lstm — 98,262 parameters

Training for up to 120 epochs ...
/kaggle/working/thesis-code/src/training/trainer.py:135: FutureWarning: `torch.cuda.amp.GradScaler(args...)` is deprecated. Please use `torch.amp.GradScaler('cuda', args...)` instead.
  self.scaler = torch.cuda.amp.GradScaler(enabled=self.amp_enabled)

[two-stage] Stage 1: frequency-only for up to 60 epochs (patience=15) ...
[Kendall] log_vars frozen for 5 warm-up epochs.
Epoch   1/60 — train_loss: 2.4529  val_loss: 2.3418  freq: 2.3418  spend: 0.2835  w_freq: 1.000  w_spend: 0.000
Epoch   2/60 — train_loss: 1.8945  val_loss: 1.0614  freq: 1.0614  spend: 0.2842  w_freq: 1.000  w_spend: 0.000
Epoch   3/60 — train_loss: 0.7664  val_loss: 0.6665  freq: 0.6665  spend: 0.3027  w_freq: 1.000  w_spend: 0.000
Epoch   4/60 — train_loss: 0.6513  val_loss: 0.6356  freq: 0.6356  spend: 0.3028  w_freq: 1.000  w_spend: 0.000
Epoch   5/60 — train_loss: 0.6235  val_loss: 0.6089  freq: 0.6089  spend: 0.3068  w_freq: 1.000  w_spend: 0.000
[Kendall] log_vars unfrozen at epoch 6.
[spend-norm] frozen at 0.3061 (absolute val-loss magnitude shifts accordingly; early stopping is relative so this is safe)
Epoch   6/60 — train_loss: 0.6113  val_loss: 0.5997  freq: 0.5997  spend: 1.0102  w_freq: 1.000  w_spend: 0.000
Epoch   7/60 — train_loss: 0.5961  val_loss: 0.5889  freq: 0.5889  spend: 1.0209  w_freq: 1.000  w_spend: 0.000
Epoch   8/60 — train_loss: 0.5902  val_loss: 0.5852  freq: 0.5852  spend: 1.0243  w_freq: 1.000  w_spend: 0.000
Epoch   9/60 — train_loss: 0.5861  val_loss: 0.5822  freq: 0.5822  spend: 1.0252  w_freq: 1.000  w_spend: 0.000
Epoch  10/60 — train_loss: 0.5837  val_loss: 0.5832  freq: 0.5832  spend: 1.0260  w_freq: 1.000  w_spend: 0.000
Epoch  11/60 — train_loss: 0.5821  val_loss: 0.5777  freq: 0.5777  spend: 1.0241  w_freq: 1.000  w_spend: 0.000
Epoch  12/60 — train_loss: 0.5815  val_loss: 0.5772  freq: 0.5772  spend: 1.0221  w_freq: 1.000  w_spend: 0.000
Epoch  13/60 — train_loss: 0.5794  val_loss: 0.5771  freq: 0.5771  spend: 1.0209  w_freq: 1.000  w_spend: 0.000
Epoch  14/60 — train_loss: 0.5793  val_loss: 0.5765  freq: 0.5765  spend: 1.0248  w_freq: 1.000  w_spend: 0.000
Epoch  15/60 — train_loss: 0.5784  val_loss: 0.5798  freq: 0.5798  spend: 1.0226  w_freq: 1.000  w_spend: 0.000
Epoch  16/60 — train_loss: 0.5794  val_loss: 0.5756  freq: 0.5756  spend: 1.0258  w_freq: 1.000  w_spend: 0.000
Epoch  17/60 — train_loss: 0.5786  val_loss: 0.5760  freq: 0.5760  spend: 1.0276  w_freq: 1.000  w_spend: 0.000
Epoch  18/60 — train_loss: 0.5785  val_loss: 0.5761  freq: 0.5761  spend: 1.0238  w_freq: 1.000  w_spend: 0.000
Epoch  19/60 — train_loss: 0.5790  val_loss: 0.5747  freq: 0.5747  spend: 1.0254  w_freq: 1.000  w_spend: 0.000
Epoch  20/60 — train_loss: 0.5786  val_loss: 0.5761  freq: 0.5761  spend: 1.0263  w_freq: 1.000  w_spend: 0.000
Epoch  21/60 — train_loss: 0.5781  val_loss: 0.5742  freq: 0.5742  spend: 1.0268  w_freq: 1.000  w_spend: 0.000
Epoch  22/60 — train_loss: 0.5800  val_loss: 0.5743  freq: 0.5743  spend: 1.0282  w_freq: 1.000  w_spend: 0.000
Epoch  23/60 — train_loss: 0.5785  val_loss: 0.5866  freq: 0.5866  spend: 1.0324  w_freq: 1.000  w_spend: 0.000
Epoch  24/60 — train_loss: 0.5794  val_loss: 0.5742  freq: 0.5742  spend: 1.0276  w_freq: 1.000  w_spend: 0.000
Epoch  25/60 — train_loss: 0.5796  val_loss: 0.5741  freq: 0.5741  spend: 1.0273  w_freq: 1.000  w_spend: 0.000
Epoch  26/60 — train_loss: 0.5802  val_loss: 0.5741  freq: 0.5741  spend: 1.0286  w_freq: 1.000  w_spend: 0.000
Epoch  27/60 — train_loss: 0.5794  val_loss: 0.5751  freq: 0.5751  spend: 1.0282  w_freq: 1.000  w_spend: 0.000
Epoch  28/60 — train_loss: 0.5798  val_loss: 0.5759  freq: 0.5759  spend: 1.0241  w_freq: 1.000  w_spend: 0.000
Epoch  29/60 — train_loss: 0.5802  val_loss: 0.5743  freq: 0.5743  spend: 1.0283  w_freq: 1.000  w_spend: 0.000
Epoch  30/60 — train_loss: 0.5786  val_loss: 0.5765  freq: 0.5765  spend: 1.0288  w_freq: 1.000  w_spend: 0.000
Epoch  31/60 — train_loss: 0.5795  val_loss: 0.5740  freq: 0.5740  spend: 1.0266  w_freq: 1.000  w_spend: 0.000
Epoch  32/60 — train_loss: 0.5792  val_loss: 0.5755  freq: 0.5755  spend: 1.0257  w_freq: 1.000  w_spend: 0.000
Epoch  33/60 — train_loss: 0.5793  val_loss: 0.5745  freq: 0.5745  spend: 1.0300  w_freq: 1.000  w_spend: 0.000
Epoch  34/60 — train_loss: 0.5798  val_loss: 0.5749  freq: 0.5749  spend: 1.0271  w_freq: 1.000  w_spend: 0.000
Epoch  35/60 — train_loss: 0.5804  val_loss: 0.5738  freq: 0.5738  spend: 1.0297  w_freq: 1.000  w_spend: 0.000
Epoch  36/60 — train_loss: 0.5795  val_loss: 0.5753  freq: 0.5753  spend: 1.0309  w_freq: 1.000  w_spend: 0.000
Epoch  37/60 — train_loss: 0.5800  val_loss: 0.5748  freq: 0.5748  spend: 1.0325  w_freq: 1.000  w_spend: 0.000
Epoch  38/60 — train_loss: 0.5792  val_loss: 0.5737  freq: 0.5737  spend: 1.0302  w_freq: 1.000  w_spend: 0.000
Epoch  39/60 — train_loss: 0.5802  val_loss: 0.5749  freq: 0.5749  spend: 1.0279  w_freq: 1.000  w_spend: 0.000
Epoch  40/60 — train_loss: 0.5808  val_loss: 0.5751  freq: 0.5751  spend: 1.0259  w_freq: 1.000  w_spend: 0.000
Epoch  41/60 — train_loss: 0.5800  val_loss: 0.5742  freq: 0.5742  spend: 1.0292  w_freq: 1.000  w_spend: 0.000
Epoch  42/60 — train_loss: 0.5812  val_loss: 0.5735  freq: 0.5735  spend: 1.0264  w_freq: 1.000  w_spend: 0.000
Epoch  43/60 — train_loss: 0.5800  val_loss: 0.5735  freq: 0.5735  spend: 1.0258  w_freq: 1.000  w_spend: 0.000
Epoch  44/60 — train_loss: 0.5813  val_loss: 0.5745  freq: 0.5745  spend: 1.0239  w_freq: 1.000  w_spend: 0.000
Epoch  45/60 — train_loss: 0.5820  val_loss: 0.5762  freq: 0.5762  spend: 1.0257  w_freq: 1.000  w_spend: 0.000
Epoch  46/60 — train_loss: 0.5814  val_loss: 0.5732  freq: 0.5732  spend: 1.0246  w_freq: 1.000  w_spend: 0.000
Epoch  47/60 — train_loss: 0.5808  val_loss: 0.5736  freq: 0.5736  spend: 1.0264  w_freq: 1.000  w_spend: 0.000
Epoch  48/60 — train_loss: 0.5821  val_loss: 0.5757  freq: 0.5757  spend: 1.0280  w_freq: 1.000  w_spend: 0.000
Epoch  49/60 — train_loss: 0.5813  val_loss: 0.5731  freq: 0.5731  spend: 1.0245  w_freq: 1.000  w_spend: 0.000
Epoch  50/60 — train_loss: 0.5817  val_loss: 0.5739  freq: 0.5739  spend: 1.0206  w_freq: 1.000  w_spend: 0.000
Epoch  51/60 — train_loss: 0.5827  val_loss: 0.5771  freq: 0.5771  spend: 1.0194  w_freq: 1.000  w_spend: 0.000
Epoch  52/60 — train_loss: 0.5827  val_loss: 0.5740  freq: 0.5740  spend: 1.0227  w_freq: 1.000  w_spend: 0.000
Epoch  53/60 — train_loss: 0.5821  val_loss: 0.5742  freq: 0.5742  spend: 1.0212  w_freq: 1.000  w_spend: 0.000
Epoch  54/60 — train_loss: 0.5835  val_loss: 0.5739  freq: 0.5739  spend: 1.0212  w_freq: 1.000  w_spend: 0.000
Epoch  55/60 — train_loss: 0.5821  val_loss: 0.5737  freq: 0.5737  spend: 1.0216  w_freq: 1.000  w_spend: 0.000
Epoch  56/60 — train_loss: 0.5839  val_loss: 0.5781  freq: 0.5781  spend: 1.0156  w_freq: 1.000  w_spend: 0.000
Epoch  57/60 — train_loss: 0.5836  val_loss: 0.5736  freq: 0.5736  spend: 1.0201  w_freq: 1.000  w_spend: 0.000
Epoch  58/60 — train_loss: 0.5831  val_loss: 0.5760  freq: 0.5760  spend: 1.0223  w_freq: 1.000  w_spend: 0.000
Epoch  59/60 — train_loss: 0.5840  val_loss: 0.5738  freq: 0.5738  spend: 1.0219  w_freq: 1.000  w_spend: 0.000
Epoch  60/60 — train_loss: 0.5836  val_loss: 0.5741  freq: 0.5741  spend: 1.0205  w_freq: 1.000  w_spend: 0.000
[two-stage] Stage 1 complete.
/kaggle/working/thesis-code/src/training/trainer.py:788: FutureWarning: `torch.cuda.amp.GradScaler(args...)` is deprecated. Please use `torch.amp.GradScaler('cuda', args...)` instead.
  self.scaler = torch.cuda.amp.GradScaler(enabled=self.amp_enabled)
[two-stage] Stage 2 transition: froze 14 backbone params, training 2 spend-head params.

[two-stage] Stage 2: spend-only, backbone frozen, for up to 60 epochs (patience=15) ...
[Kendall] log_vars frozen for 5 warm-up epochs.
Epoch   1/60 — train_loss: 0.4200  val_loss: 0.3978  freq: 0.5731  spend: 0.2225  w_freq: 0.500  w_spend: 0.500
Epoch   2/60 — train_loss: 0.4047  val_loss: 0.3932  freq: 0.5731  spend: 0.2133  w_freq: 0.500  w_spend: 0.500
Epoch   3/60 — train_loss: 0.4011  val_loss: 0.3897  freq: 0.5731  spend: 0.2062  w_freq: 0.500  w_spend: 0.500
Epoch   4/60 — train_loss: 0.3977  val_loss: 0.3869  freq: 0.5731  spend: 0.2006  w_freq: 0.500  w_spend: 0.500
Epoch   5/60 — train_loss: 0.3955  val_loss: 0.3846  freq: 0.5731  spend: 0.1961  w_freq: 0.500  w_spend: 0.500
[Kendall] log_vars unfrozen at epoch 6.
[spend-norm] frozen at 0.2358 (absolute val-loss magnitude shifts accordingly; early stopping is relative so this is safe)
Epoch   6/60 — train_loss: 0.7377  val_loss: 0.6815  freq: 0.5731  spend: 0.7966  w_freq: 0.503  w_spend: 0.502
Epoch   7/60 — train_loss: 0.7188  val_loss: 0.6662  freq: 0.5731  spend: 0.7733  w_freq: 0.509  w_spend: 0.506
Epoch   8/60 — train_loss: 0.7053  val_loss: 0.6508  freq: 0.5731  spend: 0.7505  w_freq: 0.516  w_spend: 0.511
Epoch   9/60 — train_loss: 0.6961  val_loss: 0.6410  freq: 0.5731  spend: 0.7381  w_freq: 0.522  w_spend: 0.516
Epoch  10/60 — train_loss: 0.6869  val_loss: 0.6332  freq: 0.5731  spend: 0.7296  w_freq: 0.528  w_spend: 0.521
Epoch  11/60 — train_loss: 0.6801  val_loss: 0.6246  freq: 0.5731  spend: 0.7195  w_freq: 0.534  w_spend: 0.526
Epoch  12/60 — train_loss: 0.6720  val_loss: 0.6165  freq: 0.5731  spend: 0.7108  w_freq: 0.540  w_spend: 0.532
Epoch  13/60 — train_loss: 0.6656  val_loss: 0.6072  freq: 0.5731  spend: 0.6998  w_freq: 0.546  w_spend: 0.537
Epoch  14/60 — train_loss: 0.6598  val_loss: 0.5986  freq: 0.5731  spend: 0.6896  w_freq: 0.553  w_spend: 0.542
Epoch  15/60 — train_loss: 0.6576  val_loss: 0.5948  freq: 0.5731  spend: 0.6888  w_freq: 0.559  w_spend: 0.547
Epoch  16/60 — train_loss: 0.6521  val_loss: 0.5875  freq: 0.5731  spend: 0.6815  w_freq: 0.566  w_spend: 0.552
Epoch  17/60 — train_loss: 0.6446  val_loss: 0.5796  freq: 0.5731  spend: 0.6727  w_freq: 0.572  w_spend: 0.557
Epoch  18/60 — train_loss: 0.6425  val_loss: 0.5753  freq: 0.5731  spend: 0.6696  w_freq: 0.579  w_spend: 0.561
Epoch  19/60 — train_loss: 0.6386  val_loss: 0.5703  freq: 0.5731  spend: 0.6649  w_freq: 0.584  w_spend: 0.566
Epoch  20/60 — train_loss: 0.6342  val_loss: 0.5643  freq: 0.5731  spend: 0.6594  w_freq: 0.590  w_spend: 0.570
Early stopping triggered at epoch 20.
[two-stage] Stage 2 complete.

Checkpoint saved: /kaggle/working/results/checkpoints/lstm_joint_tafeng_v7_twostage_seed42_sample.pt
Validation-fitted softmax temperature: 0.7500

Duan's smearing factor (val): 2.1899
Validation aggregate calibration: freq_factor=1.8070, spend_factor=1.6651

Running autoregressive inference on holdout period ...
  inference mode: sample  n_scenarios: 30  temperature: 0.7500

=== Prediction Diagnostics ===
  Mean predicted freq/week:    0.1480
  Mean actual freq/week:       0.2167
  Over-prediction ratio:       0.683x
  Customers predicted as zero total:  0.669
  Customers actually zero total:      0.504
  Non-zero rate (pred, avg > 0.05):  0.604
  Non-zero rate (true):               0.175

Metrics saved: /kaggle/working/results/tables/lstm_joint_tafeng_v7_twostage_seed42_sample_metrics.json
Array artifacts saved: /kaggle/working/results/tables/lstm_joint_tafeng_v7_twostage_seed42_sample_arrays.npz

=== Holdout Evaluation ===
  metric_definition_version: valendin_aggregate_mape_v1
  freq_rmse: 1.7398
  freq_mae: 1.0115
  freq_normalized_gini: 0.6096
  freq_calibration_factor: 1.8070
  freq_horizon_abs_bias_pct: 23.4403
  bias_pct: 23.4402
  freq_weekly_mae: 1888.3819
  freq_weekly_total_true: 30127.0000
  freq_weekly_total_pred: 37188.8445
  freq_valendin_mape: 31.3404
  freq_horizon_bias_pct: 23.4403
  freq_weekly_mean_pct_mape: 37.2212
  freq_weekly_mean_pct_bias_pct: 29.3830
  freq_weekly_bias_pct: 23.4403
  freq_weekly_mape: 31.3404
  freq_mape: 31.3404
  freq_mase: 0.8862
  freq_mase_scale: 0.3519
  smearing_factor: 2.1899
  spend_calibration_factor: 1.6651
  spend_mae_raw: 1165.6622
  spend_rmse_raw: 3248.5393
  spend_normalized_gini: 0.4777
  spend_mae_log: 3.7045
  spend_rmse_log: 4.6067
  spend_r2_log: -0.7026
  spend_bias_pct: 58.8875
  spend_weekly_mae: 2799692.4560
  spend_weekly_total_true: 23513493.8879
  spend_weekly_total_pred: 37360011.2919
  spend_valendin_mape: 59.5337
  spend_horizon_abs_bias_pct: 58.8875
  spend_horizon_bias_pct: 58.8875
  spend_weekly_mean_pct_mape: 64.1180
  spend_weekly_mean_pct_bias_pct: 63.4863
  spend_weekly_bias_pct: 58.8875
  spend_weekly_mape: 59.5337
  spend_mase: 1.1026
  spend_mase_scale: 289.2989
  clv_mae: 1165.6622
  clv_rmse: 3248.5393
  clv_spearman: 0.3935
  clv_decile_lift: 3.0581
  clv_normalized_gini: 0.4777
  clv_total_true: 23513494.0000
  clv_total_pred: 37360008.0000
  calibration_temperature_source: rolling_origin_autoregressive
  validation_temperature: 0.7500
  smearing_source: rolling_origin_autoregressive
  calibration_source: rolling_origin_autoregressive
  validation_freq_true_total: 2897.0000
  validation_freq_pred_total: 1603.2516
  validation_spend_true_total: 3010621.0000
  validation_spend_pred_total: 1808071.2500
  validation_freq_calibration_factor: 1.8070
  validation_spend_calibration_factor: 1.6651
  validation_rolling_origin_count: 2
  protocol_name: tafeng_configured_12x5
  cohort_size: 27809
  calibration_weeks: 12
  holdout_weeks: 5
  inference_mode: sample
  n_scenarios: 30
  run_valid: False
  run_invalid_reason: absolute frequency bias 23.4% exceeds 15.0%; absolute spend bias 58.9% exceeds 50.0%
  run_warning: large frequency bias (23.4%); large spend bias (58.9%)
  epochs_completed: 80
  max_epochs_configured: 120
History saved: /kaggle/working/results/tables/lstm_joint_tafeng_v7_twostage_seed42_sample_history.json
