[Kaggle] raw_dir  → /kaggle/working/input/tafeng-dataset
[Kaggle] results  → /kaggle/working/results
Config: experiments/configs/transformer_joint_tafeng_v7_twostage.yaml
Run: transformer_joint_tafeng_v7_twostage_seed2024_sample
Device: cuda
Loading dataset: tafeng ...
[pipeline] freq_cap=4 (auto q=0.99) → freq_bins=[0, 1, 2, 3]... (n_classes=5)
  Train customers: 25029, Val: 2780, Inference: 27809
[tafeng] Customers with 0 calibration transactions: 0 / 27809
  top-bin decode: class_values[-1] = 4.473 (max_trans = 4)
Model: transformer — 102,086 parameters

Training for up to 120 epochs ...
/kaggle/working/thesis-code/src/training/trainer.py:135: FutureWarning: `torch.cuda.amp.GradScaler(args...)` is deprecated. Please use `torch.amp.GradScaler('cuda', args...)` instead.
  self.scaler = torch.cuda.amp.GradScaler(enabled=self.amp_enabled)

[two-stage] Stage 1: frequency-only for up to 60 epochs (patience=15) ...
[Kendall] log_vars frozen for 5 warm-up epochs.
Epoch   1/60 — train_loss: 2.9020  val_loss: 1.4389  freq: 1.4389  spend: 0.3125  w_freq: 1.000  w_spend: 0.000
Epoch   2/60 — train_loss: 0.8843  val_loss: 0.6597  freq: 0.6597  spend: 0.3313  w_freq: 1.000  w_spend: 0.000
Epoch   3/60 — train_loss: 0.6533  val_loss: 0.6105  freq: 0.6105  spend: 0.3374  w_freq: 1.000  w_spend: 0.000
Epoch   4/60 — train_loss: 0.6162  val_loss: 0.5909  freq: 0.5909  spend: 0.3403  w_freq: 1.000  w_spend: 0.000
Epoch   5/60 — train_loss: 0.6020  val_loss: 0.5837  freq: 0.5837  spend: 0.3379  w_freq: 1.000  w_spend: 0.000
[Kendall] log_vars unfrozen at epoch 6.
[spend-norm] frozen at 0.3379 (absolute val-loss magnitude shifts accordingly; early stopping is relative so this is safe)
Epoch   6/60 — train_loss: 0.5942  val_loss: 0.5792  freq: 0.5792  spend: 0.9998  w_freq: 1.000  w_spend: 0.000
Epoch   7/60 — train_loss: 0.5926  val_loss: 0.6079  freq: 0.6079  spend: 0.9972  w_freq: 1.000  w_spend: 0.000
Epoch   8/60 — train_loss: 0.5908  val_loss: 0.5781  freq: 0.5781  spend: 0.9918  w_freq: 1.000  w_spend: 0.000
Epoch   9/60 — train_loss: 0.5878  val_loss: 0.5853  freq: 0.5853  spend: 0.9840  w_freq: 1.000  w_spend: 0.000
Epoch  10/60 — train_loss: 0.5842  val_loss: 0.5796  freq: 0.5796  spend: 0.9891  w_freq: 1.000  w_spend: 0.000
Epoch  11/60 — train_loss: 0.5829  val_loss: 0.5778  freq: 0.5778  spend: 0.9825  w_freq: 1.000  w_spend: 0.000
Epoch  12/60 — train_loss: 0.5823  val_loss: 0.5772  freq: 0.5772  spend: 0.9717  w_freq: 1.000  w_spend: 0.000
Epoch  13/60 — train_loss: 0.5811  val_loss: 0.5791  freq: 0.5791  spend: 0.9734  w_freq: 1.000  w_spend: 0.000
Epoch  14/60 — train_loss: 0.5820  val_loss: 0.5748  freq: 0.5748  spend: 0.9679  w_freq: 1.000  w_spend: 0.000
Epoch  15/60 — train_loss: 0.5814  val_loss: 0.5742  freq: 0.5742  spend: 0.9651  w_freq: 1.000  w_spend: 0.000
Epoch  16/60 — train_loss: 0.5821  val_loss: 0.5745  freq: 0.5745  spend: 0.9609  w_freq: 1.000  w_spend: 0.000
Epoch  17/60 — train_loss: 0.5793  val_loss: 0.5743  freq: 0.5743  spend: 0.9622  w_freq: 1.000  w_spend: 0.000
Epoch  18/60 — train_loss: 0.5787  val_loss: 0.5752  freq: 0.5752  spend: 0.9609  w_freq: 1.000  w_spend: 0.000
Epoch  19/60 — train_loss: 0.5805  val_loss: 0.5755  freq: 0.5755  spend: 0.9520  w_freq: 1.000  w_spend: 0.000
Epoch  20/60 — train_loss: 0.5793  val_loss: 0.5734  freq: 0.5734  spend: 0.9591  w_freq: 1.000  w_spend: 0.000
Epoch  21/60 — train_loss: 0.5781  val_loss: 0.5736  freq: 0.5736  spend: 0.9520  w_freq: 1.000  w_spend: 0.000
Epoch  22/60 — train_loss: 0.5780  val_loss: 0.5736  freq: 0.5736  spend: 0.9499  w_freq: 1.000  w_spend: 0.000
Epoch  23/60 — train_loss: 0.5787  val_loss: 0.5733  freq: 0.5733  spend: 0.9507  w_freq: 1.000  w_spend: 0.000
Epoch  24/60 — train_loss: 0.5780  val_loss: 0.5737  freq: 0.5737  spend: 0.9478  w_freq: 1.000  w_spend: 0.000
Epoch  25/60 — train_loss: 0.5773  val_loss: 0.5732  freq: 0.5732  spend: 0.9489  w_freq: 1.000  w_spend: 0.000
Epoch  26/60 — train_loss: 0.5781  val_loss: 0.5756  freq: 0.5756  spend: 0.9474  w_freq: 1.000  w_spend: 0.000
Epoch  27/60 — train_loss: 0.5776  val_loss: 0.5776  freq: 0.5776  spend: 0.9472  w_freq: 1.000  w_spend: 0.000
Epoch  28/60 — train_loss: 0.5777  val_loss: 0.5770  freq: 0.5770  spend: 0.9426  w_freq: 1.000  w_spend: 0.000
Epoch  29/60 — train_loss: 0.5782  val_loss: 0.5785  freq: 0.5785  spend: 0.9489  w_freq: 1.000  w_spend: 0.000
Epoch  30/60 — train_loss: 0.5783  val_loss: 0.5762  freq: 0.5762  spend: 0.9441  w_freq: 1.000  w_spend: 0.000
Epoch  31/60 — train_loss: 0.5781  val_loss: 0.5766  freq: 0.5766  spend: 0.9483  w_freq: 1.000  w_spend: 0.000
Epoch  32/60 — train_loss: 0.5769  val_loss: 0.5743  freq: 0.5743  spend: 0.9498  w_freq: 1.000  w_spend: 0.000
Epoch  33/60 — train_loss: 0.5763  val_loss: 0.5733  freq: 0.5733  spend: 0.9399  w_freq: 1.000  w_spend: 0.000
Epoch  34/60 — train_loss: 0.5785  val_loss: 0.5735  freq: 0.5735  spend: 0.9388  w_freq: 1.000  w_spend: 0.000
Epoch  35/60 — train_loss: 0.5776  val_loss: 0.5744  freq: 0.5744  spend: 0.9434  w_freq: 1.000  w_spend: 0.000
Epoch  36/60 — train_loss: 0.5773  val_loss: 0.5790  freq: 0.5790  spend: 0.9418  w_freq: 1.000  w_spend: 0.000
Epoch  37/60 — train_loss: 0.5769  val_loss: 0.5758  freq: 0.5758  spend: 0.9441  w_freq: 1.000  w_spend: 0.000
Epoch  38/60 — train_loss: 0.5771  val_loss: 0.5782  freq: 0.5782  spend: 0.9441  w_freq: 1.000  w_spend: 0.000
Epoch  39/60 — train_loss: 0.5782  val_loss: 0.5751  freq: 0.5751  spend: 0.9415  w_freq: 1.000  w_spend: 0.000
Epoch  40/60 — train_loss: 0.5772  val_loss: 0.5742  freq: 0.5742  spend: 0.9397  w_freq: 1.000  w_spend: 0.000
Early stopping triggered at epoch 40.
[two-stage] Stage 1 complete.
/kaggle/working/thesis-code/src/training/trainer.py:788: FutureWarning: `torch.cuda.amp.GradScaler(args...)` is deprecated. Please use `torch.amp.GradScaler('cuda', args...)` instead.
  self.scaler = torch.cuda.amp.GradScaler(enabled=self.amp_enabled)
[two-stage] Stage 2 transition: froze 38 backbone params, training 2 spend-head params.

[two-stage] Stage 2: spend-only, backbone frozen, for up to 60 epochs (patience=15) ...
[Kendall] log_vars frozen for 5 warm-up epochs.
Epoch   1/60 — train_loss: 0.4081  val_loss: 0.3795  freq: 0.5732  spend: 0.1857  w_freq: 0.500  w_spend: 0.500
Epoch   2/60 — train_loss: 0.3866  val_loss: 0.3706  freq: 0.5732  spend: 0.1681  w_freq: 0.500  w_spend: 0.500
Epoch   3/60 — train_loss: 0.3814  val_loss: 0.3681  freq: 0.5732  spend: 0.1630  w_freq: 0.500  w_spend: 0.500
Epoch   4/60 — train_loss: 0.3779  val_loss: 0.3642  freq: 0.5732  spend: 0.1553  w_freq: 0.500  w_spend: 0.500
Epoch   5/60 — train_loss: 0.3769  val_loss: 0.3626  freq: 0.5732  spend: 0.1520  w_freq: 0.500  w_spend: 0.500
[Kendall] log_vars unfrozen at epoch 6.
[spend-norm] frozen at 0.1977 (absolute val-loss magnitude shifts accordingly; early stopping is relative so this is safe)
Epoch   6/60 — train_loss: 0.7349  val_loss: 0.6580  freq: 0.5732  spend: 0.7532  w_freq: 0.505  w_spend: 0.503
Epoch   7/60 — train_loss: 0.7272  val_loss: 0.6486  freq: 0.5732  spend: 0.7454  w_freq: 0.515  w_spend: 0.508
Epoch   8/60 — train_loss: 0.7177  val_loss: 0.6388  freq: 0.5732  spend: 0.7357  w_freq: 0.525  w_spend: 0.512
Epoch   9/60 — train_loss: 0.7094  val_loss: 0.6262  freq: 0.5732  spend: 0.7198  w_freq: 0.534  w_spend: 0.517
Epoch  10/60 — train_loss: 0.7062  val_loss: 0.6240  freq: 0.5732  spend: 0.7243  w_freq: 0.544  w_spend: 0.522
Epoch  11/60 — train_loss: 0.7008  val_loss: 0.6144  freq: 0.5732  spend: 0.7142  w_freq: 0.553  w_spend: 0.527
Epoch  12/60 — train_loss: 0.7011  val_loss: 0.6122  freq: 0.5732  spend: 0.7176  w_freq: 0.562  w_spend: 0.532
Epoch  13/60 — train_loss: 0.6997  val_loss: 0.6058  freq: 0.5732  spend: 0.7116  w_freq: 0.571  w_spend: 0.536
Epoch  14/60 — train_loss: 0.6899  val_loss: 0.5979  freq: 0.5732  spend: 0.7032  w_freq: 0.580  w_spend: 0.539
Epoch  15/60 — train_loss: 0.6885  val_loss: 0.5933  freq: 0.5732  spend: 0.7012  w_freq: 0.590  w_spend: 0.543
Epoch  16/60 — train_loss: 0.6939  val_loss: 0.5898  freq: 0.5732  spend: 0.7000  w_freq: 0.599  w_spend: 0.545
Epoch  17/60 — train_loss: 0.6843  val_loss: 0.5876  freq: 0.5732  spend: 0.7013  w_freq: 0.609  w_spend: 0.548
Epoch  18/60 — train_loss: 0.6843  val_loss: 0.5808  freq: 0.5732  spend: 0.6936  w_freq: 0.618  w_spend: 0.550
Epoch  19/60 — train_loss: 0.6835  val_loss: 0.5836  freq: 0.5732  spend: 0.7027  w_freq: 0.626  w_spend: 0.553
Epoch  20/60 — train_loss: 0.6781  val_loss: 0.5806  freq: 0.5732  spend: 0.7014  w_freq: 0.635  w_spend: 0.554
Early stopping triggered at epoch 20.
[two-stage] Stage 2 complete.

Checkpoint saved: /kaggle/working/results/checkpoints/transformer_joint_tafeng_v7_twostage_seed2024_sample.pt
Validation-fitted softmax temperature: 0.7500

Duan's smearing factor (val): 1.6852
Validation aggregate calibration: freq_factor=1.7792, spend_factor=1.8693

Running autoregressive inference on holdout period ...
  inference mode: sample  n_scenarios: 30  temperature: 0.7500

=== Prediction Diagnostics ===
  Mean predicted freq/week:    0.0886
  Mean actual freq/week:       0.2167
  Over-prediction ratio:       0.409x
  Customers predicted as zero total:  0.786
  Customers actually zero total:      0.504
  Non-zero rate (pred, avg > 0.05):  0.374
  Non-zero rate (true):               0.175

Metrics saved: /kaggle/working/results/tables/transformer_joint_tafeng_v7_twostage_seed2024_sample_metrics.json
Array artifacts saved: /kaggle/working/results/tables/transformer_joint_tafeng_v7_twostage_seed2024_sample_arrays.npz

=== Holdout Evaluation ===
  metric_definition_version: valendin_aggregate_mape_v1
  freq_rmse: 1.2879
  freq_mae: 0.8223
  freq_normalized_gini: 0.6285
  freq_calibration_factor: 1.7792
  freq_horizon_abs_bias_pct: 27.2413
  bias_pct: -27.2413
  freq_weekly_mae: 4338.2371
  freq_weekly_total_true: 30127.0000
  freq_weekly_total_pred: 21920.0057
  freq_valendin_mape: 71.9992
  freq_horizon_bias_pct: -27.2413
  freq_weekly_mean_pct_mape: 77.8777
  freq_weekly_mean_pct_bias_pct: -12.6422
  freq_weekly_bias_pct: -27.2413
  freq_weekly_mape: 71.9992
  freq_mape: 71.9992
  freq_mase: 0.7762
  freq_mase_scale: 0.3519
  smearing_factor: 1.6852
  spend_calibration_factor: 1.8693
  spend_mae_raw: 822.0049
  spend_rmse_raw: 3019.9861
  spend_normalized_gini: 0.5035
  spend_mae_log: 3.3813
  spend_rmse_log: 4.1799
  spend_r2_log: -0.4017
  spend_bias_pct: -13.0163
  spend_weekly_mae: 3948752.7424
  spend_weekly_total_true: 23513493.8879
  spend_weekly_total_pred: 20452906.7634
  spend_valendin_mape: 83.9678
  spend_horizon_abs_bias_pct: 13.0163
  spend_horizon_bias_pct: -13.0163
  spend_weekly_mean_pct_mape: 92.8610
  spend_weekly_mean_pct_bias_pct: 2.5686
  spend_weekly_bias_pct: -13.0163
  spend_weekly_mape: 83.9678
  spend_mase: 0.8647
  spend_mase_scale: 289.2989
  clv_mae: 822.0049
  clv_rmse: 3019.9861
  clv_spearman: 0.4129
  clv_decile_lift: 3.2339
  clv_normalized_gini: 0.5035
  clv_total_true: 23513494.0000
  clv_total_pred: 20452906.0000
  calibration_temperature_source: rolling_origin_autoregressive
  validation_temperature: 0.7500
  smearing_source: rolling_origin_autoregressive
  calibration_source: rolling_origin_autoregressive
  validation_freq_true_total: 2897.0000
  validation_freq_pred_total: 1628.2216
  validation_spend_true_total: 3010621.0000
  validation_spend_pred_total: 1610552.3750
  validation_freq_calibration_factor: 1.7792
  validation_spend_calibration_factor: 1.8693
  validation_rolling_origin_count: 2
  protocol_name: tafeng_configured_12x5
  cohort_size: 27809
  calibration_weeks: 12
  holdout_weeks: 5
  inference_mode: sample
  n_scenarios: 30
  run_valid: False
  run_invalid_reason: absolute frequency bias -27.2% exceeds 15.0%
  run_warning: large frequency bias (-27.2%)
  epochs_completed: 60
  max_epochs_configured: 120
History saved: /kaggle/working/results/tables/transformer_joint_tafeng_v7_twostage_seed2024_sample_history.json
