[Kaggle] raw_dir  → /kaggle/working/input/dunnhumby
[Kaggle] results  → /kaggle/working/results
Config: experiments/configs/transformer_joint_dunnhumby_v7.yaml
Run: transformer_joint_dunnhumby_v7_seed7_sample
Device: cuda
Loading dataset: dunnhumby ...
[pipeline] freq_cap=10 (auto q=0.99) → freq_bins=[0, 1, 2, 3]... (n_classes=11)
  Train customers: 2249, Val: 249, Inference: 2498
[dunnhumby] Customers with 0 calibration transactions: 0 / 2498
  top-bin decode: class_values[-1] = 13.099 (max_trans = 10)
Model: transformer — 102,569 parameters

Training for up to 120 epochs ...
/kaggle/working/thesis-code/src/training/trainer.py:135: FutureWarning: `torch.cuda.amp.GradScaler(args...)` is deprecated. Please use `torch.amp.GradScaler('cuda', args...)` instead.
  self.scaler = torch.cuda.amp.GradScaler(enabled=self.amp_enabled)
[Kendall] log_vars frozen for 5 warm-up epochs.
Epoch   1/120 — train_loss: 2.6723  val_loss: 2.4552  freq: 4.6405  spend: 0.2698  w_freq: 0.500  w_spend: 0.500
Epoch   2/120 — train_loss: 2.4115  val_loss: 2.0404  freq: 3.8481  spend: 0.2327  w_freq: 0.500  w_spend: 0.500
Epoch   3/120 — train_loss: 1.9758  val_loss: 1.5341  freq: 2.8834  spend: 0.1847  w_freq: 0.500  w_spend: 0.500
Epoch   4/120 — train_loss: 1.4873  val_loss: 1.0876  freq: 2.0477  spend: 0.1275  w_freq: 0.500  w_spend: 0.500
Epoch   5/120 — train_loss: 1.0752  val_loss: 0.8495  freq: 1.6134  spend: 0.0855  w_freq: 0.500  w_spend: 0.500
[Kendall] log_vars unfrozen at epoch 6.
[spend-norm] frozen at 0.2088 (absolute val-loss magnitude shifts accordingly; early stopping is relative so this is safe)
Epoch   6/120 — train_loss: 1.0375  val_loss: 0.8507  freq: 1.4367  spend: 0.2695  w_freq: 0.499  w_spend: 0.501
Epoch   7/120 — train_loss: 0.8982  val_loss: 0.7498  freq: 1.3695  spend: 0.1406  w_freq: 0.497  w_spend: 0.503
Epoch   8/120 — train_loss: 0.8116  val_loss: 0.6645  freq: 1.3607  spend: -0.0139  w_freq: 0.495  w_spend: 0.505
Epoch   9/120 — train_loss: 0.7385  val_loss: 0.5996  freq: 1.3536  spend: -0.1281  w_freq: 0.493  w_spend: 0.508
Epoch  10/120 — train_loss: 0.6824  val_loss: 0.5710  freq: 1.3546  spend: -0.1778  w_freq: 0.491  w_spend: 0.510
Epoch  11/120 — train_loss: 0.6572  val_loss: 0.5427  freq: 1.3382  spend: -0.2101  w_freq: 0.489  w_spend: 0.513
Epoch  12/120 — train_loss: 0.6306  val_loss: 0.5168  freq: 1.3267  spend: -0.2424  w_freq: 0.487  w_spend: 0.516
Epoch  13/120 — train_loss: 0.6028  val_loss: 0.4988  freq: 1.3140  spend: -0.2580  w_freq: 0.485  w_spend: 0.518
Epoch  14/120 — train_loss: 0.5842  val_loss: 0.4808  freq: 1.3031  spend: -0.2753  w_freq: 0.483  w_spend: 0.521
Epoch  15/120 — train_loss: 0.5688  val_loss: 0.4686  freq: 1.2981  spend: -0.2868  w_freq: 0.481  w_spend: 0.524
Epoch  16/120 — train_loss: 0.5590  val_loss: 0.4593  freq: 1.2893  spend: -0.2907  w_freq: 0.480  w_spend: 0.526
Epoch  17/120 — train_loss: 0.5447  val_loss: 0.4489  freq: 1.2825  spend: -0.2991  w_freq: 0.479  w_spend: 0.528
Epoch  18/120 — train_loss: 0.5333  val_loss: 0.4343  freq: 1.2794  spend: -0.3189  w_freq: 0.477  w_spend: 0.530
Epoch  19/120 — train_loss: 0.5246  val_loss: 0.4300  freq: 1.2768  spend: -0.3196  w_freq: 0.476  w_spend: 0.532
Epoch  20/120 — train_loss: 0.5109  val_loss: 0.4190  freq: 1.2703  spend: -0.3287  w_freq: 0.475  w_spend: 0.534
Epoch  21/120 — train_loss: 0.4978  val_loss: 0.4060  freq: 1.2663  spend: -0.3438  w_freq: 0.474  w_spend: 0.536
Epoch  22/120 — train_loss: 0.4910  val_loss: 0.3966  freq: 1.2639  spend: -0.3528  w_freq: 0.473  w_spend: 0.538
Epoch  23/120 — train_loss: 0.4778  val_loss: 0.3842  freq: 1.2592  spend: -0.3639  w_freq: 0.471  w_spend: 0.541
Epoch  24/120 — train_loss: 0.4642  val_loss: 0.3798  freq: 1.2560  spend: -0.3617  w_freq: 0.469  w_spend: 0.544
Epoch  25/120 — train_loss: 0.4571  val_loss: 0.3715  freq: 1.2523  spend: -0.3674  w_freq: 0.468  w_spend: 0.547
Epoch  26/120 — train_loss: 0.4481  val_loss: 0.3626  freq: 1.2471  spend: -0.3728  w_freq: 0.467  w_spend: 0.549
Epoch  27/120 — train_loss: 0.4406  val_loss: 0.3582  freq: 1.2477  spend: -0.3739  w_freq: 0.465  w_spend: 0.552
Epoch  28/120 — train_loss: 0.4350  val_loss: 0.3490  freq: 1.2418  spend: -0.3789  w_freq: 0.464  w_spend: 0.555
Epoch  29/120 — train_loss: 0.4257  val_loss: 0.3431  freq: 1.2398  spend: -0.3813  w_freq: 0.462  w_spend: 0.558
Epoch  30/120 — train_loss: 0.4198  val_loss: 0.3462  freq: 1.2430  spend: -0.3719  w_freq: 0.461  w_spend: 0.560
Epoch  31/120 — train_loss: 0.4185  val_loss: 0.3436  freq: 1.2379  spend: -0.3672  w_freq: 0.460  w_spend: 0.563
Epoch  32/120 — train_loss: 0.4134  val_loss: 0.3304  freq: 1.2350  spend: -0.3837  w_freq: 0.459  w_spend: 0.565
Epoch  33/120 — train_loss: 0.4047  val_loss: 0.3304  freq: 1.2354  spend: -0.3786  w_freq: 0.458  w_spend: 0.567
Epoch  34/120 — train_loss: 0.4017  val_loss: 0.3317  freq: 1.2339  spend: -0.3694  w_freq: 0.457  w_spend: 0.569
Epoch  35/120 — train_loss: 0.3958  val_loss: 0.3204  freq: 1.2324  spend: -0.3827  w_freq: 0.456  w_spend: 0.572
Epoch  36/120 — train_loss: 0.3892  val_loss: 0.3253  freq: 1.2326  spend: -0.3685  w_freq: 0.455  w_spend: 0.574
Epoch  37/120 — train_loss: 0.3847  val_loss: 0.3186  freq: 1.2309  spend: -0.3734  w_freq: 0.454  w_spend: 0.577
Epoch  38/120 — train_loss: 0.3818  val_loss: 0.3180  freq: 1.2327  spend: -0.3710  w_freq: 0.453  w_spend: 0.579
Epoch  39/120 — train_loss: 0.3845  val_loss: 0.3074  freq: 1.2284  spend: -0.3816  w_freq: 0.452  w_spend: 0.581
Epoch  40/120 — train_loss: 0.3769  val_loss: 0.3036  freq: 1.2307  spend: -0.3850  w_freq: 0.451  w_spend: 0.583
Epoch  41/120 — train_loss: 0.3710  val_loss: 0.2987  freq: 1.2264  spend: -0.3849  w_freq: 0.450  w_spend: 0.585
Epoch  42/120 — train_loss: 0.3646  val_loss: 0.2954  freq: 1.2309  spend: -0.3891  w_freq: 0.449  w_spend: 0.588
Epoch  43/120 — train_loss: 0.3600  val_loss: 0.2910  freq: 1.2253  spend: -0.3877  w_freq: 0.448  w_spend: 0.590
Epoch  44/120 — train_loss: 0.3614  val_loss: 0.2967  freq: 1.2259  spend: -0.3739  w_freq: 0.447  w_spend: 0.592
Epoch  45/120 — train_loss: 0.3568  val_loss: 0.2959  freq: 1.2263  spend: -0.3713  w_freq: 0.446  w_spend: 0.594
Epoch  46/120 — train_loss: 0.3523  val_loss: 0.2826  freq: 1.2243  spend: -0.3884  w_freq: 0.446  w_spend: 0.596
Epoch  47/120 — train_loss: 0.3482  val_loss: 0.2901  freq: 1.2244  spend: -0.3728  w_freq: 0.445  w_spend: 0.598
Epoch  48/120 — train_loss: 0.3486  val_loss: 0.2844  freq: 1.2243  spend: -0.3794  w_freq: 0.444  w_spend: 0.599
Epoch  49/120 — train_loss: 0.3435  val_loss: 0.2775  freq: 1.2223  spend: -0.3866  w_freq: 0.444  w_spend: 0.600
Epoch  50/120 — train_loss: 0.3400  val_loss: 0.2796  freq: 1.2238  spend: -0.3810  w_freq: 0.443  w_spend: 0.602
Epoch  51/120 — train_loss: 0.3377  val_loss: 0.2742  freq: 1.2236  spend: -0.3861  w_freq: 0.443  w_spend: 0.604
Epoch  52/120 — train_loss: 0.3391  val_loss: 0.2733  freq: 1.2212  spend: -0.3819  w_freq: 0.442  w_spend: 0.605
Epoch  53/120 — train_loss: 0.3312  val_loss: 0.2652  freq: 1.2214  spend: -0.3911  w_freq: 0.441  w_spend: 0.607
Epoch  54/120 — train_loss: 0.3277  val_loss: 0.2662  freq: 1.2202  spend: -0.3844  w_freq: 0.441  w_spend: 0.609
Epoch  55/120 — train_loss: 0.3318  val_loss: 0.2686  freq: 1.2215  spend: -0.3779  w_freq: 0.440  w_spend: 0.611
Epoch  56/120 — train_loss: 0.3268  val_loss: 0.2648  freq: 1.2198  spend: -0.3797  w_freq: 0.439  w_spend: 0.613
Epoch  57/120 — train_loss: 0.3208  val_loss: 0.2597  freq: 1.2207  spend: -0.3849  w_freq: 0.439  w_spend: 0.615
Epoch  58/120 — train_loss: 0.3166  val_loss: 0.2510  freq: 1.2188  spend: -0.3939  w_freq: 0.438  w_spend: 0.617
Epoch  59/120 — train_loss: 0.3151  val_loss: 0.2584  freq: 1.2198  spend: -0.3787  w_freq: 0.437  w_spend: 0.619
Epoch  60/120 — train_loss: 0.3114  val_loss: 0.2536  freq: 1.2192  spend: -0.3823  w_freq: 0.437  w_spend: 0.621
Epoch  61/120 — train_loss: 0.3130  val_loss: 0.2512  freq: 1.2203  spend: -0.3831  w_freq: 0.436  w_spend: 0.622
Epoch  62/120 — train_loss: 0.3071  val_loss: 0.2464  freq: 1.2182  spend: -0.3859  w_freq: 0.436  w_spend: 0.624
Epoch  63/120 — train_loss: 0.3025  val_loss: 0.2514  freq: 1.2188  spend: -0.3750  w_freq: 0.435  w_spend: 0.626
Epoch  64/120 — train_loss: 0.3067  val_loss: 0.2471  freq: 1.2185  spend: -0.3790  w_freq: 0.434  w_spend: 0.628
Epoch  65/120 — train_loss: 0.3019  val_loss: 0.2423  freq: 1.2180  spend: -0.3838  w_freq: 0.434  w_spend: 0.629
Epoch  66/120 — train_loss: 0.3043  val_loss: 0.2476  freq: 1.2184  spend: -0.3731  w_freq: 0.434  w_spend: 0.630
Epoch  67/120 — train_loss: 0.2964  val_loss: 0.2388  freq: 1.2177  spend: -0.3838  w_freq: 0.433  w_spend: 0.632
Epoch  68/120 — train_loss: 0.2965  val_loss: 0.2387  freq: 1.2177  spend: -0.3813  w_freq: 0.433  w_spend: 0.633
Epoch  69/120 — train_loss: 0.2914  val_loss: 0.2328  freq: 1.2173  spend: -0.3876  w_freq: 0.432  w_spend: 0.635
Epoch  70/120 — train_loss: 0.2952  val_loss: 0.2381  freq: 1.2172  spend: -0.3768  w_freq: 0.432  w_spend: 0.636
Epoch  71/120 — train_loss: 0.2906  val_loss: 0.2303  freq: 1.2174  spend: -0.3870  w_freq: 0.431  w_spend: 0.637
Epoch  72/120 — train_loss: 0.2839  val_loss: 0.2285  freq: 1.2162  spend: -0.3866  w_freq: 0.431  w_spend: 0.638
Epoch  73/120 — train_loss: 0.2875  val_loss: 0.2332  freq: 1.2171  spend: -0.3775  w_freq: 0.430  w_spend: 0.640
Epoch  74/120 — train_loss: 0.2827  val_loss: 0.2334  freq: 1.2169  spend: -0.3747  w_freq: 0.430  w_spend: 0.641
Epoch  75/120 — train_loss: 0.2812  val_loss: 0.2234  freq: 1.2160  spend: -0.3875  w_freq: 0.430  w_spend: 0.642
Epoch  76/120 — train_loss: 0.2842  val_loss: 0.2253  freq: 1.2168  spend: -0.3830  w_freq: 0.429  w_spend: 0.643
Epoch  77/120 — train_loss: 0.2826  val_loss: 0.2213  freq: 1.2156  spend: -0.3863  w_freq: 0.429  w_spend: 0.645
Epoch  78/120 — train_loss: 0.2784  val_loss: 0.2255  freq: 1.2164  spend: -0.3786  w_freq: 0.429  w_spend: 0.646
Epoch  79/120 — train_loss: 0.2772  val_loss: 0.2216  freq: 1.2161  spend: -0.3826  w_freq: 0.428  w_spend: 0.647
Epoch  80/120 — train_loss: 0.2805  val_loss: 0.2216  freq: 1.2160  spend: -0.3807  w_freq: 0.428  w_spend: 0.648
Epoch  81/120 — train_loss: 0.2791  val_loss: 0.2218  freq: 1.2161  spend: -0.3788  w_freq: 0.428  w_spend: 0.649
Epoch  82/120 — train_loss: 0.2737  val_loss: 0.2205  freq: 1.2159  spend: -0.3792  w_freq: 0.427  w_spend: 0.649
Epoch  83/120 — train_loss: 0.2756  val_loss: 0.2219  freq: 1.2164  spend: -0.3761  w_freq: 0.427  w_spend: 0.650
Epoch  84/120 — train_loss: 0.2729  val_loss: 0.2185  freq: 1.2152  spend: -0.3791  w_freq: 0.427  w_spend: 0.651
Epoch  85/120 — train_loss: 0.2745  val_loss: 0.2192  freq: 1.2158  spend: -0.3771  w_freq: 0.427  w_spend: 0.652
Epoch  86/120 — train_loss: 0.2708  val_loss: 0.2175  freq: 1.2153  spend: -0.3782  w_freq: 0.426  w_spend: 0.653
Epoch  87/120 — train_loss: 0.2726  val_loss: 0.2186  freq: 1.2150  spend: -0.3753  w_freq: 0.426  w_spend: 0.653
Epoch  88/120 — train_loss: 0.2740  val_loss: 0.2164  freq: 1.2152  spend: -0.3776  w_freq: 0.426  w_spend: 0.654
Epoch  89/120 — train_loss: 0.2680  val_loss: 0.2153  freq: 1.2152  spend: -0.3781  w_freq: 0.426  w_spend: 0.654
Epoch  90/120 — train_loss: 0.2691  val_loss: 0.2187  freq: 1.2158  spend: -0.3725  w_freq: 0.426  w_spend: 0.655
Epoch  91/120 — train_loss: 0.2701  val_loss: 0.2158  freq: 1.2153  spend: -0.3756  w_freq: 0.426  w_spend: 0.656
Epoch  92/120 — train_loss: 0.2647  val_loss: 0.2138  freq: 1.2154  spend: -0.3779  w_freq: 0.425  w_spend: 0.656
Epoch  93/120 — train_loss: 0.2701  val_loss: 0.2153  freq: 1.2154  spend: -0.3748  w_freq: 0.425  w_spend: 0.657
Epoch  94/120 — train_loss: 0.2683  val_loss: 0.2116  freq: 1.2153  spend: -0.3796  w_freq: 0.425  w_spend: 0.657
Epoch  95/120 — train_loss: 0.2704  val_loss: 0.2147  freq: 1.2154  spend: -0.3743  w_freq: 0.425  w_spend: 0.657
Epoch  96/120 — train_loss: 0.2680  val_loss: 0.2137  freq: 1.2153  spend: -0.3750  w_freq: 0.425  w_spend: 0.658
Epoch  97/120 — train_loss: 0.2721  val_loss: 0.2129  freq: 1.2156  spend: -0.3759  w_freq: 0.425  w_spend: 0.658
Epoch  98/120 — train_loss: 0.2755  val_loss: 0.2157  freq: 1.2154  spend: -0.3709  w_freq: 0.425  w_spend: 0.658
Epoch  99/120 — train_loss: 0.2645  val_loss: 0.2153  freq: 1.2152  spend: -0.3708  w_freq: 0.425  w_spend: 0.659
Epoch 100/120 — train_loss: 0.2668  val_loss: 0.2134  freq: 1.2152  spend: -0.3733  w_freq: 0.424  w_spend: 0.659
Epoch 101/120 — train_loss: 0.2669  val_loss: 0.2127  freq: 1.2152  spend: -0.3739  w_freq: 0.424  w_spend: 0.659
Epoch 102/120 — train_loss: 0.2670  val_loss: 0.2126  freq: 1.2154  spend: -0.3737  w_freq: 0.424  w_spend: 0.660
Epoch 103/120 — train_loss: 0.2682  val_loss: 0.2123  freq: 1.2153  spend: -0.3738  w_freq: 0.424  w_spend: 0.660
Epoch 104/120 — train_loss: 0.2720  val_loss: 0.2123  freq: 1.2153  spend: -0.3734  w_freq: 0.424  w_spend: 0.660
Epoch 105/120 — train_loss: 0.2668  val_loss: 0.2126  freq: 1.2153  spend: -0.3727  w_freq: 0.424  w_spend: 0.660
Epoch 106/120 — train_loss: 0.2666  val_loss: 0.2145  freq: 1.2155  spend: -0.3698  w_freq: 0.424  w_spend: 0.660
Epoch 107/120 — train_loss: 0.2646  val_loss: 0.2141  freq: 1.2155  spend: -0.3701  w_freq: 0.424  w_spend: 0.660
Epoch 108/120 — train_loss: 0.2660  val_loss: 0.2137  freq: 1.2154  spend: -0.3705  w_freq: 0.424  w_spend: 0.661
Epoch 109/120 — train_loss: 0.2692  val_loss: 0.2131  freq: 1.2153  spend: -0.3712  w_freq: 0.424  w_spend: 0.661
Epoch 110/120 — train_loss: 0.2711  val_loss: 0.2137  freq: 1.2154  spend: -0.3703  w_freq: 0.424  w_spend: 0.661
Epoch 111/120 — train_loss: 0.2718  val_loss: 0.2141  freq: 1.2154  spend: -0.3696  w_freq: 0.424  w_spend: 0.661
Epoch 112/120 — train_loss: 0.2695  val_loss: 0.2145  freq: 1.2154  spend: -0.3689  w_freq: 0.424  w_spend: 0.661
Epoch 113/120 — train_loss: 0.2696  val_loss: 0.2147  freq: 1.2155  spend: -0.3685  w_freq: 0.424  w_spend: 0.661
Epoch 114/120 — train_loss: 0.2769  val_loss: 0.2150  freq: 1.2155  spend: -0.3680  w_freq: 0.424  w_spend: 0.661
Early stopping triggered at epoch 114.

Checkpoint saved: /kaggle/working/results/checkpoints/transformer_joint_dunnhumby_v7_seed7_sample.pt
Validation-fitted softmax temperature: 0.9000

Duan's smearing factor (val): 1.4295
Validation aggregate calibration: freq_factor=1.1780, spend_factor=0.9372

Running autoregressive inference on holdout period ...
  inference mode: sample  n_scenarios: 30  temperature: 0.9000

=== Prediction Diagnostics ===
  Mean predicted freq/week:    1.2060
  Mean actual freq/week:       1.1882
  Over-prediction ratio:       1.015x
  Customers predicted as zero total:  0.098
  Customers actually zero total:      0.188
  Non-zero rate (pred, avg > 0.05):  0.938
  Non-zero rate (true):               0.542

Metrics saved: /kaggle/working/results/tables/transformer_joint_dunnhumby_v7_seed7_sample_metrics.json
Array artifacts saved: /kaggle/working/results/tables/transformer_joint_dunnhumby_v7_seed7_sample_arrays.npz

=== Holdout Evaluation ===
  metric_definition_version: valendin_aggregate_mape_v1
  freq_rmse: 4.1390
  freq_mae: 2.4416
  freq_normalized_gini: 0.8359
  freq_calibration_factor: 1.1780
  freq_horizon_abs_bias_pct: 19.5701
  bias_pct: 19.5701
  freq_weekly_mae: 580.8401
  freq_weekly_total_true: 11872.0000
  freq_weekly_total_pred: 14195.3605
  freq_valendin_mape: 19.5701
  freq_horizon_bias_pct: 19.5701
  freq_weekly_mean_pct_mape: 19.5923
  freq_weekly_mean_pct_bias_pct: 19.5923
  freq_weekly_bias_pct: 19.5701
  freq_weekly_mape: 19.5701
  freq_mape: 19.5701
  freq_mase: 1.0971
  freq_mase_scale: 0.8235
  smearing_factor: 1.4295
  spend_calibration_factor: 0.9372
  spend_mae_raw: 64.5838
  spend_rmse_raw: 102.8987
  spend_normalized_gini: 0.8221
  spend_mae_log: 1.0110
  spend_rmse_log: 1.4857
  spend_r2_log: 0.4986
  spend_bias_pct: -3.3923
  spend_weekly_mae: 4116.6980
  spend_weekly_total_true: 347125.7605
  spend_weekly_total_pred: 335350.1690
  spend_valendin_mape: 4.7438
  spend_horizon_abs_bias_pct: 3.3923
  spend_horizon_bias_pct: -3.3923
  spend_weekly_mean_pct_mape: 4.6568
  spend_weekly_mean_pct_bias_pct: -3.2466
  spend_weekly_bias_pct: -3.3923
  spend_weekly_mape: 4.7438
  spend_mase: 0.9808
  spend_mase_scale: 27.5152
  clv_mae: 64.4130
  clv_rmse: 102.6205
  clv_spearman: 0.7811
  clv_decile_lift: 3.3918
  clv_normalized_gini: 0.8221
  clv_total_true: 346205.2188
  clv_total_pred: 334465.9688
  calibration_temperature_source: rolling_origin_autoregressive
  validation_temperature: 0.9000
  smearing_source: rolling_origin_autoregressive
  calibration_source: rolling_origin_autoregressive
  validation_freq_true_total: 2215.0000
  validation_freq_pred_total: 1880.3489
  validation_spend_true_total: 63355.4414
  validation_spend_pred_total: 67598.5840
  validation_freq_calibration_factor: 1.1780
  validation_spend_calibration_factor: 0.9372
  validation_rolling_origin_count: 2
  protocol_name: dunnhumby_configured_80x4
  cohort_size: 2498
  calibration_weeks: 80
  holdout_weeks: 4
  inference_mode: sample
  n_scenarios: 30
  run_valid: False
  run_invalid_reason: absolute frequency bias 19.6% exceeds 15.0%
  run_warning: large frequency bias (19.6%)
  epochs_completed: 114
  max_epochs_configured: 120
History saved: /kaggle/working/results/tables/transformer_joint_dunnhumby_v7_seed7_sample_history.json
