[Kaggle] raw_dir  → /kaggle/working/input/uci-retail
[Kaggle] results  → /kaggle/working/results
Config: experiments/configs/transformer_joint_uci_v6b.yaml
Run: transformer_joint_uci_v6b_seed2024_sample
Device: cuda
Loading dataset: uci ...
[pipeline] freq_cap=4 (auto q=0.99) → freq_bins=[0, 1, 2, 3]... (n_classes=5)
  Train customers: 4437, Val: 493, Inference: 4930
[uci] Customers with 0 calibration transactions: 0 / 4930
  top-bin decode: class_values[-1] = 5.515 (max_trans = 4)
Model: transformer — 102,086 parameters

Training for up to 100 epochs ...
/kaggle/working/thesis-code/src/training/trainer.py:135: FutureWarning: `torch.cuda.amp.GradScaler(args...)` is deprecated. Please use `torch.amp.GradScaler('cuda', args...)` instead.
  self.scaler = torch.cuda.amp.GradScaler(enabled=self.amp_enabled)
[Kendall] log_vars frozen for 10 warm-up epochs.
Epoch   1/100 — train_loss: 7.7116  val_loss: 6.2240  freq: 11.8609  spend: 0.5870  w_freq: 0.500  w_spend: 0.500
Epoch   2/100 — train_loss: 4.9059  val_loss: 2.1780  freq: 3.8430  spend: 0.5130  w_freq: 0.500  w_spend: 0.500
Epoch   3/100 — train_loss: 1.2457  val_loss: 0.5987  freq: 0.7968  spend: 0.4006  w_freq: 0.500  w_spend: 0.500
Epoch   4/100 — train_loss: 0.5391  val_loss: 0.4057  freq: 0.4178  spend: 0.3936  w_freq: 0.500  w_spend: 0.500
Epoch   5/100 — train_loss: 0.4312  val_loss: 0.3632  freq: 0.3624  spend: 0.3641  w_freq: 0.500  w_spend: 0.500
Epoch   6/100 — train_loss: 0.3756  val_loss: 0.3060  freq: 0.3643  spend: 0.2477  w_freq: 0.500  w_spend: 0.500
Epoch   7/100 — train_loss: 0.3152  val_loss: 0.2796  freq: 0.3369  spend: 0.2223  w_freq: 0.500  w_spend: 0.500
Epoch   8/100 — train_loss: 0.2995  val_loss: 0.2586  freq: 0.3367  spend: 0.1804  w_freq: 0.500  w_spend: 0.500
Epoch   9/100 — train_loss: 0.2814  val_loss: 0.2429  freq: 0.3251  spend: 0.1608  w_freq: 0.500  w_spend: 0.500
Epoch  10/100 — train_loss: 0.2711  val_loss: 0.2399  freq: 0.3198  spend: 0.1600  w_freq: 0.500  w_spend: 0.500
[Kendall] log_vars unfrozen at epoch 11.
[spend-norm] frozen at 0.4476 (absolute val-loss magnitude shifts accordingly; early stopping is relative so this is safe)
Epoch  11/100 — train_loss: 0.3646  val_loss: 0.3462  freq: 0.3544  spend: 0.3478  w_freq: 0.502  w_spend: 0.502
Epoch  12/100 — train_loss: 0.3482  val_loss: 0.3363  freq: 0.3302  spend: 0.3611  w_freq: 0.506  w_spend: 0.505
Epoch  13/100 — train_loss: 0.3353  val_loss: 0.3006  freq: 0.2961  spend: 0.3340  w_freq: 0.509  w_spend: 0.509
Epoch  14/100 — train_loss: 0.3027  val_loss: 0.2919  freq: 0.3045  spend: 0.3195  w_freq: 0.513  w_spend: 0.512
Epoch  15/100 — train_loss: 0.2923  val_loss: 0.2739  freq: 0.3132  spend: 0.2881  w_freq: 0.517  w_spend: 0.517
Epoch  16/100 — train_loss: 0.2698  val_loss: 0.2702  freq: 0.3010  spend: 0.3030  w_freq: 0.522  w_spend: 0.521
Epoch  17/100 — train_loss: 0.2616  val_loss: 0.2530  freq: 0.2999  spend: 0.2814  w_freq: 0.526  w_spend: 0.525
Epoch  18/100 — train_loss: 0.2372  val_loss: 0.2368  freq: 0.2898  spend: 0.2717  w_freq: 0.530  w_spend: 0.530
Epoch  19/100 — train_loss: 0.2437  val_loss: 0.2512  freq: 0.2971  spend: 0.3002  w_freq: 0.534  w_spend: 0.534
Epoch  20/100 — train_loss: 0.2348  val_loss: 0.2788  freq: 0.2888  spend: 0.3683  w_freq: 0.537  w_spend: 0.537
Epoch  21/100 — train_loss: 0.2058  val_loss: 0.2298  freq: 0.2799  spend: 0.2949  w_freq: 0.541  w_spend: 0.541
Epoch  22/100 — train_loss: 0.2069  val_loss: 0.2582  freq: 0.2792  spend: 0.3577  w_freq: 0.544  w_spend: 0.545
Epoch  23/100 — train_loss: 0.1918  val_loss: 0.2266  freq: 0.3392  spend: 0.2492  w_freq: 0.549  w_spend: 0.550
Epoch  24/100 — train_loss: 0.1893  val_loss: 0.2247  freq: 0.2799  spend: 0.3138  w_freq: 0.553  w_spend: 0.554
Epoch  25/100 — train_loss: 0.1776  val_loss: 0.1998  freq: 0.2803  spend: 0.2791  w_freq: 0.557  w_spend: 0.558
Epoch  26/100 — train_loss: 0.1495  val_loss: 0.1883  freq: 0.2851  spend: 0.2624  w_freq: 0.561  w_spend: 0.563
Epoch  27/100 — train_loss: 0.1613  val_loss: 0.1839  freq: 0.2798  spend: 0.2675  w_freq: 0.565  w_spend: 0.567
Epoch  28/100 — train_loss: 0.1456  val_loss: 0.1951  freq: 0.2860  spend: 0.2901  w_freq: 0.568  w_spend: 0.571
Epoch  29/100 — train_loss: 0.1362  val_loss: 0.1657  freq: 0.2728  spend: 0.2619  w_freq: 0.573  w_spend: 0.575
Epoch  30/100 — train_loss: 0.1302  val_loss: 0.1565  freq: 0.2747  spend: 0.2526  w_freq: 0.577  w_spend: 0.580
Epoch  31/100 — train_loss: 0.1196  val_loss: 0.1504  freq: 0.2713  spend: 0.2549  w_freq: 0.581  w_spend: 0.584
Epoch  32/100 — train_loss: 0.1023  val_loss: 0.1470  freq: 0.2715  spend: 0.2583  w_freq: 0.586  w_spend: 0.589
Epoch  33/100 — train_loss: 0.1055  val_loss: 0.1545  freq: 0.2730  spend: 0.2775  w_freq: 0.590  w_spend: 0.594
Epoch  34/100 — train_loss: 0.1002  val_loss: 0.1526  freq: 0.2750  spend: 0.2786  w_freq: 0.594  w_spend: 0.598
Epoch  35/100 — train_loss: 0.0809  val_loss: 0.1346  freq: 0.2701  spend: 0.2592  w_freq: 0.597  w_spend: 0.601
Epoch  36/100 — train_loss: 0.0976  val_loss: 0.1356  freq: 0.2753  spend: 0.2615  w_freq: 0.600  w_spend: 0.604
Epoch  37/100 — train_loss: 0.0966  val_loss: 0.1236  freq: 0.2693  spend: 0.2532  w_freq: 0.603  w_spend: 0.607
Epoch  38/100 — train_loss: 0.0731  val_loss: 0.1302  freq: 0.2678  spend: 0.2707  w_freq: 0.606  w_spend: 0.610
Epoch  39/100 — train_loss: 0.0766  val_loss: 0.1218  freq: 0.2779  spend: 0.2522  w_freq: 0.609  w_spend: 0.613
Epoch  40/100 — train_loss: 0.0647  val_loss: 0.0947  freq: 0.2666  spend: 0.2257  w_freq: 0.612  w_spend: 0.616
Epoch  41/100 — train_loss: 0.0732  val_loss: 0.1582  freq: 0.2714  spend: 0.3285  w_freq: 0.615  w_spend: 0.619
Epoch  42/100 — train_loss: 0.0640  val_loss: 0.1141  freq: 0.2679  spend: 0.2658  w_freq: 0.618  w_spend: 0.622
Epoch  43/100 — train_loss: 0.0516  val_loss: 0.1241  freq: 0.2730  spend: 0.2827  w_freq: 0.621  w_spend: 0.625
Epoch  44/100 — train_loss: 0.0457  val_loss: 0.1261  freq: 0.2692  spend: 0.2958  w_freq: 0.625  w_spend: 0.629
Epoch  45/100 — train_loss: 0.0375  val_loss: 0.0913  freq: 0.2670  spend: 0.2480  w_freq: 0.628  w_spend: 0.632
Epoch  46/100 — train_loss: 0.0430  val_loss: 0.0910  freq: 0.2662  spend: 0.2539  w_freq: 0.631  w_spend: 0.636
Epoch  47/100 — train_loss: 0.0285  val_loss: 0.0871  freq: 0.2646  spend: 0.2546  w_freq: 0.634  w_spend: 0.639
Epoch  48/100 — train_loss: 0.0105  val_loss: 0.0808  freq: 0.2652  spend: 0.2493  w_freq: 0.637  w_spend: 0.642
Epoch  49/100 — train_loss: 0.0258  val_loss: 0.0766  freq: 0.2677  spend: 0.2453  w_freq: 0.640  w_spend: 0.645
Epoch  50/100 — train_loss: 0.0183  val_loss: 0.0934  freq: 0.2658  spend: 0.2768  w_freq: 0.643  w_spend: 0.648
Epoch  51/100 — train_loss: 0.0252  val_loss: 0.0709  freq: 0.2693  spend: 0.2428  w_freq: 0.646  w_spend: 0.651
Epoch  52/100 — train_loss: -0.0048  val_loss: 0.0911  freq: 0.2658  spend: 0.2808  w_freq: 0.648  w_spend: 0.653
Epoch  53/100 — train_loss: -0.0047  val_loss: 0.0675  freq: 0.2632  spend: 0.2517  w_freq: 0.651  w_spend: 0.656
Epoch  54/100 — train_loss: 0.0055  val_loss: 0.0617  freq: 0.2658  spend: 0.2443  w_freq: 0.653  w_spend: 0.659
Epoch  55/100 — train_loss: -0.0029  val_loss: 0.0692  freq: 0.2642  spend: 0.2617  w_freq: 0.656  w_spend: 0.662
Epoch  56/100 — train_loss: -0.0125  val_loss: 0.0835  freq: 0.2692  spend: 0.2822  w_freq: 0.659  w_spend: 0.664
Epoch  57/100 — train_loss: -0.0032  val_loss: 0.0809  freq: 0.2644  spend: 0.2867  w_freq: 0.661  w_spend: 0.667
Epoch  58/100 — train_loss: -0.0003  val_loss: 0.0770  freq: 0.2656  spend: 0.2832  w_freq: 0.664  w_spend: 0.670
Epoch  59/100 — train_loss: -0.0192  val_loss: 0.0505  freq: 0.2673  spend: 0.2452  w_freq: 0.666  w_spend: 0.672
Epoch  60/100 — train_loss: -0.0120  val_loss: 0.0555  freq: 0.2635  spend: 0.2593  w_freq: 0.668  w_spend: 0.674
Epoch  61/100 — train_loss: -0.0208  val_loss: 0.0398  freq: 0.2637  spend: 0.2388  w_freq: 0.670  w_spend: 0.676
Epoch  62/100 — train_loss: -0.0353  val_loss: 0.0584  freq: 0.2645  spend: 0.2680  w_freq: 0.672  w_spend: 0.678
Epoch  63/100 — train_loss: -0.0316  val_loss: 0.0372  freq: 0.2628  spend: 0.2412  w_freq: 0.674  w_spend: 0.680
Epoch  64/100 — train_loss: -0.0343  val_loss: 0.0541  freq: 0.2636  spend: 0.2680  w_freq: 0.675  w_spend: 0.682
Epoch  65/100 — train_loss: -0.0231  val_loss: 0.0622  freq: 0.2657  spend: 0.2804  w_freq: 0.677  w_spend: 0.684
Epoch  66/100 — train_loss: -0.0238  val_loss: 0.0506  freq: 0.2628  spend: 0.2684  w_freq: 0.679  w_spend: 0.686
Epoch  67/100 — train_loss: -0.0284  val_loss: 0.0668  freq: 0.2635  spend: 0.2934  w_freq: 0.681  w_spend: 0.688
Epoch  68/100 — train_loss: -0.0342  val_loss: 0.0659  freq: 0.2640  spend: 0.2941  w_freq: 0.682  w_spend: 0.689
Epoch  69/100 — train_loss: -0.0360  val_loss: 0.0435  freq: 0.2625  spend: 0.2654  w_freq: 0.684  w_spend: 0.691
Epoch  70/100 — train_loss: -0.0409  val_loss: 0.0416  freq: 0.2643  spend: 0.2627  w_freq: 0.686  w_spend: 0.693
Epoch  71/100 — train_loss: -0.0414  val_loss: 0.0567  freq: 0.2645  spend: 0.2862  w_freq: 0.687  w_spend: 0.694
Epoch  72/100 — train_loss: -0.0377  val_loss: 0.0449  freq: 0.2630  spend: 0.2722  w_freq: 0.688  w_spend: 0.696
Epoch  73/100 — train_loss: -0.0577  val_loss: 0.0331  freq: 0.2648  spend: 0.2551  w_freq: 0.690  w_spend: 0.697
Epoch  74/100 — train_loss: -0.0480  val_loss: 0.0504  freq: 0.2662  spend: 0.2799  w_freq: 0.691  w_spend: 0.698
Epoch  75/100 — train_loss: -0.0377  val_loss: 0.0515  freq: 0.2646  spend: 0.2843  w_freq: 0.692  w_spend: 0.699
Epoch  76/100 — train_loss: -0.0441  val_loss: 0.0668  freq: 0.2652  spend: 0.3066  w_freq: 0.693  w_spend: 0.700
Epoch  77/100 — train_loss: -0.0477  val_loss: 0.0481  freq: 0.2630  spend: 0.2831  w_freq: 0.693  w_spend: 0.701
Epoch  78/100 — train_loss: -0.0470  val_loss: 0.0347  freq: 0.2639  spend: 0.2640  w_freq: 0.694  w_spend: 0.701
Epoch  79/100 — train_loss: -0.0579  val_loss: 0.0424  freq: 0.2630  spend: 0.2768  w_freq: 0.695  w_spend: 0.702
Epoch  80/100 — train_loss: -0.0489  val_loss: 0.0340  freq: 0.2640  spend: 0.2646  w_freq: 0.696  w_spend: 0.703
Epoch  81/100 — train_loss: -0.0550  val_loss: 0.0324  freq: 0.2633  spend: 0.2638  w_freq: 0.696  w_spend: 0.703
Epoch  82/100 — train_loss: -0.0498  val_loss: 0.0331  freq: 0.2637  spend: 0.2651  w_freq: 0.697  w_spend: 0.704
Epoch  83/100 — train_loss: -0.0691  val_loss: 0.0336  freq: 0.2644  spend: 0.2659  w_freq: 0.697  w_spend: 0.705
Epoch  84/100 — train_loss: -0.0623  val_loss: 0.0325  freq: 0.2635  spend: 0.2659  w_freq: 0.698  w_spend: 0.705
Epoch  85/100 — train_loss: -0.0655  val_loss: 0.0300  freq: 0.2638  spend: 0.2625  w_freq: 0.698  w_spend: 0.706
Epoch  86/100 — train_loss: -0.0509  val_loss: 0.0347  freq: 0.2635  spend: 0.2701  w_freq: 0.699  w_spend: 0.706
Epoch  87/100 — train_loss: -0.0636  val_loss: 0.0381  freq: 0.2641  spend: 0.2746  w_freq: 0.699  w_spend: 0.707
Epoch  88/100 — train_loss: -0.0565  val_loss: 0.0342  freq: 0.2644  spend: 0.2692  w_freq: 0.699  w_spend: 0.707
Epoch  89/100 — train_loss: -0.0490  val_loss: 0.0368  freq: 0.2645  spend: 0.2731  w_freq: 0.700  w_spend: 0.707
Epoch  90/100 — train_loss: -0.0562  val_loss: 0.0371  freq: 0.2645  spend: 0.2737  w_freq: 0.700  w_spend: 0.707
Epoch  91/100 — train_loss: -0.0606  val_loss: 0.0350  freq: 0.2646  spend: 0.2708  w_freq: 0.700  w_spend: 0.707
Epoch  92/100 — train_loss: -0.0565  val_loss: 0.0359  freq: 0.2640  spend: 0.2729  w_freq: 0.700  w_spend: 0.708
Epoch  93/100 — train_loss: -0.0560  val_loss: 0.0331  freq: 0.2642  spend: 0.2689  w_freq: 0.700  w_spend: 0.708
Epoch  94/100 — train_loss: -0.0474  val_loss: 0.0335  freq: 0.2644  spend: 0.2693  w_freq: 0.700  w_spend: 0.708
Epoch  95/100 — train_loss: -0.0435  val_loss: 0.0333  freq: 0.2645  spend: 0.2690  w_freq: 0.700  w_spend: 0.708
Epoch  96/100 — train_loss: -0.0543  val_loss: 0.0335  freq: 0.2646  spend: 0.2692  w_freq: 0.700  w_spend: 0.708
Epoch  97/100 — train_loss: -0.0653  val_loss: 0.0333  freq: 0.2646  spend: 0.2689  w_freq: 0.700  w_spend: 0.708
Epoch  98/100 — train_loss: -0.0433  val_loss: 0.0331  freq: 0.2646  spend: 0.2688  w_freq: 0.700  w_spend: 0.708
Epoch  99/100 — train_loss: -0.0321  val_loss: 0.0331  freq: 0.2646  spend: 0.2688  w_freq: 0.700  w_spend: 0.708
Epoch 100/100 — train_loss: -0.0464  val_loss: 0.0331  freq: 0.2646  spend: 0.2687  w_freq: 0.700  w_spend: 0.708

Checkpoint saved: /kaggle/working/results/checkpoints/transformer_joint_uci_v6b_seed2024_sample.pt
Validation-fitted softmax temperature: 0.7500

Duan's smearing factor (val): 1.1837
Validation aggregate calibration: freq_factor=1.8489, spend_factor=1.4742

Running autoregressive inference on holdout period ...
  inference mode: sample  n_scenarios: 30  temperature: 0.7500

=== Prediction Diagnostics ===
  Mean predicted freq/week:    0.0250
  Mean actual freq/week:       0.0656
  Over-prediction ratio:       0.381x
  Customers predicted as zero total:  0.753
  Customers actually zero total:      0.484
  Non-zero rate (pred, avg > 0.05):  0.124
  Non-zero rate (true):               0.055

Metrics saved: /kaggle/working/results/tables/transformer_joint_uci_v6b_seed2024_sample_metrics.json
Array artifacts saved: /kaggle/working/results/tables/transformer_joint_uci_v6b_seed2024_sample_arrays.npz

=== Holdout Evaluation ===
  metric_definition_version: valendin_aggregate_mape_v1
  freq_rmse: 2.9778
  freq_mae: 1.2152
  freq_normalized_gini: 0.7413
  freq_calibration_factor: 1.8489
  freq_horizon_abs_bias_pct: 29.6439
  bias_pct: -29.6439
  freq_weekly_mae: 108.2158
  freq_weekly_total_true: 8413.0000
  freq_weekly_total_pred: 5919.0618
  freq_valendin_mape: 33.4436
  freq_horizon_bias_pct: -29.6439
  freq_weekly_mean_pct_mape: 28.9582
  freq_weekly_mean_pct_bias_pct: -24.3135
  freq_weekly_bias_pct: -29.6439
  freq_weekly_mape: 33.4436
  freq_mape: 33.4436
  freq_mase: 0.7747
  freq_mase_scale: 0.1146
  smearing_factor: 1.1837
  spend_calibration_factor: 1.4742
  spend_mae_raw: 566.6021
  spend_rmse_raw: 2967.7302
  spend_normalized_gini: 0.8095
  spend_mae_log: 1.9703
  spend_rmse_log: 3.0273
  spend_r2_log: 0.1879
  spend_bias_pct: -37.6661
  spend_weekly_mae: 68190.7229
  spend_weekly_total_true: 4266929.6797
  spend_weekly_total_pred: 2659743.5124
  spend_valendin_mape: 41.5512
  spend_horizon_abs_bias_pct: 37.6661
  spend_horizon_bias_pct: -37.6661
  spend_weekly_mean_pct_mape: 37.7280
  spend_weekly_mean_pct_bias_pct: -31.3312
  spend_weekly_bias_pct: -37.6661
  spend_weekly_mape: 41.5512
  spend_mase: 1.1609
  spend_mase_scale: 36.7368
  clv_mae: 552.0763
  clv_rmse: 2893.7581
  clv_spearman: 0.5852
  clv_decile_lift: 6.1901
  clv_normalized_gini: 0.8098
  clv_total_true: 4160751.5000
  clv_total_pred: 2603836.5000
  calibration_temperature_source: rolling_origin_autoregressive
  validation_temperature: 0.7500
  smearing_source: rolling_origin_autoregressive
  calibration_source: rolling_origin_autoregressive
  validation_freq_true_total: 662.0000
  validation_freq_pred_total: 358.0508
  validation_spend_true_total: 287846.2422
  validation_spend_pred_total: 195257.3203
  validation_freq_calibration_factor: 1.8489
  validation_spend_calibration_factor: 1.4742
  validation_rolling_origin_count: 2
  protocol_name: uci_configured_78x26
  cohort_size: 4930
  calibration_weeks: 78
  holdout_weeks: 26
  inference_mode: sample
  n_scenarios: 30
  final_manifest_version: 2026-05-20-results-recovery-protocol
  final_manifest_run_name: transformer_joint_uci_v6b_seed2024_sample
  final_manifest_config: experiments/configs/transformer_joint_uci_v6b.yaml
  final_manifest_config_hash: 4f57320cbc5d
  final_manifest_actual_config_hash: c71e9b83ea27
  final_manifest_seed: 2024
  final_manifest_epochs: 100
  final_manifest_inference_mode: sample
  final_manifest_n_scenarios: 30
  run_valid: False
  run_invalid_reason: absolute frequency bias -29.6% exceeds 15.0%
  run_warning: large frequency bias (-29.6%); large spend bias (-37.7%)
  epochs_completed: 100
  max_epochs_configured: 100
History saved: /kaggle/working/results/tables/transformer_joint_uci_v6b_seed2024_sample_history.json
