[Kaggle] raw_dir  → /kaggle/working/input/tafeng-dataset
[Kaggle] results  → /kaggle/working/results
Config: experiments/configs/transformer_joint_tafeng_v6b.yaml
Run: transformer_joint_tafeng_v6b_seed2024_sample
Device: cuda
Loading dataset: tafeng ...
[pipeline] freq_cap=4 (auto q=0.99) → freq_bins=[0, 1, 2, 3]... (n_classes=5)
  Train customers: 25029, Val: 2780, Inference: 27809
[tafeng] Customers with 0 calibration transactions: 0 / 27809
  top-bin decode: class_values[-1] = 4.473 (max_trans = 4)
Model: transformer — 102,086 parameters

Training for up to 100 epochs ...
/kaggle/working/thesis-code/src/training/trainer.py:135: FutureWarning: `torch.cuda.amp.GradScaler(args...)` is deprecated. Please use `torch.amp.GradScaler('cuda', args...)` instead.
  self.scaler = torch.cuda.amp.GradScaler(enabled=self.amp_enabled)
[Kendall] log_vars frozen for 10 warm-up epochs.
Epoch   1/100 — train_loss: 1.5366  val_loss: 0.7048  freq: 1.1658  spend: 0.2438  w_freq: 0.500  w_spend: 0.500
Epoch   2/100 — train_loss: 0.5171  val_loss: 0.4228  freq: 0.6633  spend: 0.1823  w_freq: 0.500  w_spend: 0.500
Epoch   3/100 — train_loss: 0.4210  val_loss: 0.3780  freq: 0.6282  spend: 0.1278  w_freq: 0.500  w_spend: 0.500
Epoch   4/100 — train_loss: 0.3821  val_loss: 0.3548  freq: 0.6032  spend: 0.1064  w_freq: 0.500  w_spend: 0.500
Epoch   5/100 — train_loss: 0.3653  val_loss: 0.3432  freq: 0.5872  spend: 0.0992  w_freq: 0.500  w_spend: 0.500
Epoch   6/100 — train_loss: 0.3562  val_loss: 0.3408  freq: 0.5847  spend: 0.0969  w_freq: 0.500  w_spend: 0.500
Epoch   7/100 — train_loss: 0.3526  val_loss: 0.3391  freq: 0.5810  spend: 0.0973  w_freq: 0.500  w_spend: 0.500
Epoch   8/100 — train_loss: 0.3481  val_loss: 0.3342  freq: 0.5795  spend: 0.0890  w_freq: 0.500  w_spend: 0.500
Epoch   9/100 — train_loss: 0.3461  val_loss: 0.3351  freq: 0.5795  spend: 0.0906  w_freq: 0.500  w_spend: 0.500
Epoch  10/100 — train_loss: 0.3443  val_loss: 0.3332  freq: 0.5790  spend: 0.0873  w_freq: 0.500  w_spend: 0.500
[Kendall] log_vars unfrozen at epoch 11.
[spend-norm] frozen at 0.1488 (absolute val-loss magnitude shifts accordingly; early stopping is relative so this is safe)
Epoch  11/100 — train_loss: 0.6178  val_loss: 0.5733  freq: 0.5783  spend: 0.5862  w_freq: 0.505  w_spend: 0.505
Epoch  12/100 — train_loss: 0.6093  val_loss: 0.5706  freq: 0.5784  spend: 0.5971  w_freq: 0.517  w_spend: 0.515
Epoch  13/100 — train_loss: 0.5915  val_loss: 0.5565  freq: 0.5783  spend: 0.5855  w_freq: 0.530  w_spend: 0.525
Epoch  14/100 — train_loss: 0.5816  val_loss: 0.5419  freq: 0.5781  spend: 0.5715  w_freq: 0.541  w_spend: 0.535
Epoch  15/100 — train_loss: 0.5743  val_loss: 0.5326  freq: 0.5793  spend: 0.5665  w_freq: 0.552  w_spend: 0.544
Epoch  16/100 — train_loss: 0.5673  val_loss: 0.5221  freq: 0.5782  spend: 0.5599  w_freq: 0.563  w_spend: 0.553
Epoch  17/100 — train_loss: 0.5554  val_loss: 0.5262  freq: 0.5775  spend: 0.5790  w_freq: 0.574  w_spend: 0.562
Epoch  18/100 — train_loss: 0.5431  val_loss: 0.5145  freq: 0.5776  spend: 0.5691  w_freq: 0.585  w_spend: 0.572
Epoch  19/100 — train_loss: 0.5382  val_loss: 0.5202  freq: 0.5785  spend: 0.5871  w_freq: 0.596  w_spend: 0.582
Epoch  20/100 — train_loss: 0.5387  val_loss: 0.5074  freq: 0.5774  spend: 0.5742  w_freq: 0.606  w_spend: 0.591
Epoch  21/100 — train_loss: 0.5384  val_loss: 0.4969  freq: 0.5778  spend: 0.5643  w_freq: 0.616  w_spend: 0.599
Epoch  22/100 — train_loss: 0.5213  val_loss: 0.5028  freq: 0.5801  spend: 0.5789  w_freq: 0.626  w_spend: 0.607
Epoch  23/100 — train_loss: 0.5230  val_loss: 0.4832  freq: 0.5776  spend: 0.5567  w_freq: 0.637  w_spend: 0.617
Epoch  24/100 — train_loss: 0.5077  val_loss: 0.4829  freq: 0.5775  spend: 0.5627  w_freq: 0.647  w_spend: 0.625
Epoch  25/100 — train_loss: 0.5147  val_loss: 0.4774  freq: 0.5772  spend: 0.5595  w_freq: 0.656  w_spend: 0.633
Epoch  26/100 — train_loss: 0.5101  val_loss: 0.4605  freq: 0.5774  spend: 0.5383  w_freq: 0.665  w_spend: 0.641
Epoch  27/100 — train_loss: 0.5156  val_loss: 0.4833  freq: 0.5779  spend: 0.5768  w_freq: 0.674  w_spend: 0.647
Epoch  28/100 — train_loss: 0.4983  val_loss: 0.4613  freq: 0.5775  spend: 0.5475  w_freq: 0.681  w_spend: 0.653
Epoch  29/100 — train_loss: 0.4928  val_loss: 0.4727  freq: 0.5775  spend: 0.5685  w_freq: 0.689  w_spend: 0.660
Epoch  30/100 — train_loss: 0.4934  val_loss: 0.4573  freq: 0.5767  spend: 0.5501  w_freq: 0.697  w_spend: 0.668
Early stopping triggered at epoch 30.

Checkpoint saved: /kaggle/working/results/checkpoints/transformer_joint_tafeng_v6b_seed2024_sample.pt
Validation-fitted softmax temperature: 0.7500

Duan's smearing factor (val): 1.7494
Validation aggregate calibration: freq_factor=2.0856, spend_factor=1.8549

Running autoregressive inference on holdout period ...
  inference mode: sample  n_scenarios: 30  temperature: 0.7500

=== Prediction Diagnostics ===
  Mean predicted freq/week:    0.0753
  Mean actual freq/week:       0.2167
  Over-prediction ratio:       0.347x
  Customers predicted as zero total:  0.806
  Customers actually zero total:      0.504
  Non-zero rate (pred, avg > 0.05):  0.342
  Non-zero rate (true):               0.175

Metrics saved: /kaggle/working/results/tables/transformer_joint_tafeng_v6b_seed2024_sample_metrics.json
Array artifacts saved: /kaggle/working/results/tables/transformer_joint_tafeng_v6b_seed2024_sample_arrays.npz

=== Holdout Evaluation ===
  metric_definition_version: valendin_aggregate_mape_v1
  freq_rmse: 1.3286
  freq_mae: 0.8317
  freq_normalized_gini: 0.6172
  freq_calibration_factor: 2.0856
  freq_horizon_abs_bias_pct: 27.5543
  bias_pct: -27.5543
  freq_weekly_mae: 4557.0641
  freq_weekly_total_true: 30127.0000
  freq_weekly_total_pred: 21825.7072
  freq_valendin_mape: 75.6309
  freq_horizon_bias_pct: -27.5543
  freq_weekly_mean_pct_mape: 82.1154
  freq_weekly_mean_pct_bias_pct: -12.0427
  freq_weekly_bias_pct: -27.5543
  freq_weekly_mape: 75.6309
  freq_mape: 75.6309
  freq_mase: 0.7966
  freq_mase_scale: 0.3519
  smearing_factor: 1.7494
  spend_calibration_factor: 1.8549
  spend_mae_raw: 809.5457
  spend_rmse_raw: 2985.3074
  spend_normalized_gini: 0.5468
  spend_mae_log: 3.3010
  spend_rmse_log: 4.1366
  spend_r2_log: -0.3728
  spend_bias_pct: -7.4258
  spend_weekly_mae: 4182811.4142
  spend_weekly_total_true: 23513493.8879
  spend_weekly_total_pred: 21767437.1494
  spend_valendin_mape: 88.9449
  spend_horizon_abs_bias_pct: 7.4258
  spend_horizon_bias_pct: -7.4258
  spend_weekly_mean_pct_mape: 99.7082
  spend_weekly_mean_pct_bias_pct: 9.9348
  spend_weekly_bias_pct: -7.4258
  spend_weekly_mape: 88.9449
  spend_mase: 0.8991
  spend_mase_scale: 289.2989
  clv_mae: 809.5457
  clv_rmse: 2985.3074
  clv_spearman: 0.4002
  clv_decile_lift: 3.4467
  clv_normalized_gini: 0.5468
  clv_total_true: 23513494.0000
  clv_total_pred: 21767438.0000
  calibration_temperature_source: rolling_origin_autoregressive
  validation_temperature: 0.7500
  smearing_source: rolling_origin_autoregressive
  calibration_source: rolling_origin_autoregressive
  validation_freq_true_total: 2897.0000
  validation_freq_pred_total: 1389.0439
  validation_spend_true_total: 3010621.0000
  validation_spend_pred_total: 1623104.9375
  validation_freq_calibration_factor: 2.0856
  validation_spend_calibration_factor: 1.8549
  validation_rolling_origin_count: 2
  protocol_name: tafeng_configured_12x5
  cohort_size: 27809
  calibration_weeks: 12
  holdout_weeks: 5
  inference_mode: sample
  n_scenarios: 30
  final_manifest_version: 2026-05-20-results-recovery-protocol
  final_manifest_run_name: transformer_joint_tafeng_v6b_seed2024_sample
  final_manifest_config: experiments/configs/transformer_joint_tafeng_v6b.yaml
  final_manifest_config_hash: 01ad7300cadf
  final_manifest_actual_config_hash: 8ce533d4a379
  final_manifest_seed: 2024
  final_manifest_epochs: 100
  final_manifest_inference_mode: sample
  final_manifest_n_scenarios: 30
  run_valid: False
  run_invalid_reason: absolute frequency bias -27.6% exceeds 15.0%
  run_warning: large frequency bias (-27.6%)
  epochs_completed: 30
  max_epochs_configured: 100
History saved: /kaggle/working/results/tables/transformer_joint_tafeng_v6b_seed2024_sample_history.json
