[Kaggle] raw_dir  → /kaggle/working/input/cdnow-dataset
[Kaggle] results  → /kaggle/working/results
Config: experiments/configs/transformer_joint_cdnow_v7.yaml
Run: transformer_joint_cdnow_v7_seed42_sample
Device: cuda
Loading dataset: cdnow ...
[pipeline] freq_bins from config: [0, 1, 2, 3]
  Train customers: 2115, Val: 234, Inference: 2349
[cdnow] Customers with 0 calibration transactions: 0 / 2349
  top-bin decode: class_values[-1] = 4.071 (max_trans = 3)
Model: transformer — 101,950 parameters

Training for up to 120 epochs ...
/kaggle/working/thesis-code/src/training/trainer.py:135: FutureWarning: `torch.cuda.amp.GradScaler(args...)` is deprecated. Please use `torch.amp.GradScaler('cuda', args...)` instead.
  self.scaler = torch.cuda.amp.GradScaler(enabled=self.amp_enabled)
[Kendall] log_vars frozen for 5 warm-up epochs.
Epoch   1/120 — train_loss: 3.5732  val_loss: 2.5354  freq: 5.0488  spend: 0.0220  w_freq: 0.500  w_spend: 0.500
Epoch   2/120 — train_loss: 2.3294  val_loss: 0.9297  freq: 1.8420  spend: 0.0174  w_freq: 0.500  w_spend: 0.500
Epoch   3/120 — train_loss: 0.8342  val_loss: 0.2977  freq: 0.5797  spend: 0.0157  w_freq: 0.500  w_spend: 0.500
Epoch   4/120 — train_loss: 0.2282  val_loss: 0.1869  freq: 0.3601  spend: 0.0138  w_freq: 0.500  w_spend: 0.500
Epoch   5/120 — train_loss: 0.1726  val_loss: 0.1166  freq: 0.2221  spend: 0.0110  w_freq: 0.500  w_spend: 0.500
[Kendall] log_vars unfrozen at epoch 6.
[spend-norm] frozen at 0.2541 (absolute val-loss magnitude shifts accordingly; early stopping is relative so this is safe)
Epoch   6/120 — train_loss: 0.1721  val_loss: 0.0963  freq: 0.1644  spend: 0.0348  w_freq: 0.501  w_spend: 0.501
Epoch   7/120 — train_loss: 0.1302  val_loss: 0.0907  freq: 0.1680  spend: 0.0274  w_freq: 0.503  w_spend: 0.503
Epoch   8/120 — train_loss: 0.1228  val_loss: 0.1084  freq: 0.2072  spend: 0.0306  w_freq: 0.505  w_spend: 0.505
Epoch   9/120 — train_loss: 0.1223  val_loss: 0.0888  freq: 0.1637  spend: 0.0421  w_freq: 0.507  w_spend: 0.507
Epoch  10/120 — train_loss: 0.1050  val_loss: 0.0877  freq: 0.1840  spend: 0.0270  w_freq: 0.509  w_spend: 0.509
Epoch  11/120 — train_loss: 0.0940  val_loss: 0.0807  freq: 0.1772  spend: 0.0288  w_freq: 0.511  w_spend: 0.511
Epoch  12/120 — train_loss: 0.0917  val_loss: 0.0700  freq: 0.1666  spend: 0.0269  w_freq: 0.514  w_spend: 0.514
Epoch  13/120 — train_loss: 0.0899  val_loss: 0.0677  freq: 0.1702  spend: 0.0273  w_freq: 0.516  w_spend: 0.516
Epoch  14/120 — train_loss: 0.0902  val_loss: 0.0721  freq: 0.1835  spend: 0.0302  w_freq: 0.519  w_spend: 0.519
Epoch  15/120 — train_loss: 0.0816  val_loss: 0.0568  freq: 0.1630  spend: 0.0277  w_freq: 0.521  w_spend: 0.521
Epoch  16/120 — train_loss: 0.0753  val_loss: 0.0652  freq: 0.1863  spend: 0.0270  w_freq: 0.523  w_spend: 0.523
Epoch  17/120 — train_loss: 0.0732  val_loss: 0.0503  freq: 0.1666  spend: 0.0247  w_freq: 0.525  w_spend: 0.525
Epoch  18/120 — train_loss: 0.0664  val_loss: 0.0368  freq: 0.1474  spend: 0.0252  w_freq: 0.527  w_spend: 0.527
Epoch  19/120 — train_loss: 0.0597  val_loss: 0.0528  freq: 0.1840  spend: 0.0260  w_freq: 0.529  w_spend: 0.529
Epoch  20/120 — train_loss: 0.0583  val_loss: 0.0381  freq: 0.1629  spend: 0.0260  w_freq: 0.531  w_spend: 0.531
Epoch  21/120 — train_loss: 0.0523  val_loss: 0.0368  freq: 0.1665  spend: 0.0270  w_freq: 0.533  w_spend: 0.533
Epoch  22/120 — train_loss: 0.0450  val_loss: 0.0286  freq: 0.1588  spend: 0.0263  w_freq: 0.536  w_spend: 0.535
Epoch  23/120 — train_loss: 0.0466  val_loss: 0.0240  freq: 0.1628  spend: 0.0206  w_freq: 0.538  w_spend: 0.537
Epoch  24/120 — train_loss: 0.0356  val_loss: 0.0115  freq: 0.1490  spend: 0.0195  w_freq: 0.540  w_spend: 0.540
Epoch  25/120 — train_loss: 0.0340  val_loss: 0.0204  freq: 0.1787  spend: 0.0137  w_freq: 0.543  w_spend: 0.542
Epoch  26/120 — train_loss: 0.0231  val_loss: 0.0050  freq: 0.1628  spend: 0.0082  w_freq: 0.545  w_spend: 0.545
Epoch  27/120 — train_loss: 0.0199  val_loss: 0.0115  freq: 0.1852  spend: 0.0041  w_freq: 0.547  w_spend: 0.547
Epoch  28/120 — train_loss: 0.0229  val_loss: -0.0216  freq: 0.1389  spend: -0.0042  w_freq: 0.549  w_spend: 0.549
Epoch  29/120 — train_loss: 0.0008  val_loss: -0.0199  freq: 0.1523  spend: -0.0079  w_freq: 0.551  w_spend: 0.551
Epoch  30/120 — train_loss: -0.0028  val_loss: -0.0084  freq: 0.1813  spend: -0.0099  w_freq: 0.553  w_spend: 0.553
Epoch  31/120 — train_loss: -0.0006  val_loss: -0.0223  freq: 0.1622  spend: -0.0100  w_freq: 0.555  w_spend: 0.555
Epoch  32/120 — train_loss: -0.0059  val_loss: -0.0301  freq: 0.1468  spend: -0.0027  w_freq: 0.557  w_spend: 0.557
Epoch  33/120 — train_loss: -0.0155  val_loss: -0.0294  freq: 0.1616  spend: -0.0103  w_freq: 0.559  w_spend: 0.559
Epoch  34/120 — train_loss: -0.0236  val_loss: -0.0360  freq: 0.1549  spend: -0.0097  w_freq: 0.561  w_spend: 0.561
Epoch  35/120 — train_loss: -0.0264  val_loss: -0.0330  freq: 0.1600  spend: -0.0037  w_freq: 0.563  w_spend: 0.563
Epoch  36/120 — train_loss: -0.0312  val_loss: -0.0339  freq: 0.1697  spend: -0.0093  w_freq: 0.565  w_spend: 0.565
Epoch  37/120 — train_loss: -0.0347  val_loss: -0.0406  freq: 0.1651  spend: -0.0108  w_freq: 0.567  w_spend: 0.567
Epoch  38/120 — train_loss: -0.0319  val_loss: -0.0588  freq: 0.1369  spend: -0.0092  w_freq: 0.569  w_spend: 0.569
Epoch  39/120 — train_loss: -0.0262  val_loss: -0.0395  freq: 0.1768  spend: -0.0101  w_freq: 0.571  w_spend: 0.571
Epoch  40/120 — train_loss: -0.0438  val_loss: -0.0575  freq: 0.1521  spend: -0.0114  w_freq: 0.573  w_spend: 0.573
Epoch  41/120 — train_loss: -0.0448  val_loss: -0.0664  freq: 0.1415  spend: -0.0107  w_freq: 0.575  w_spend: 0.575
Epoch  42/120 — train_loss: -0.0512  val_loss: -0.0545  freq: 0.1700  spend: -0.0130  w_freq: 0.577  w_spend: 0.577
Epoch  43/120 — train_loss: -0.0547  val_loss: -0.0625  freq: 0.1584  spend: -0.0100  w_freq: 0.579  w_spend: 0.579
Epoch  44/120 — train_loss: -0.0567  val_loss: -0.0751  freq: 0.1429  spend: -0.0110  w_freq: 0.581  w_spend: 0.581
Epoch  45/120 — train_loss: -0.0584  val_loss: -0.0726  freq: 0.1469  spend: -0.0057  w_freq: 0.583  w_spend: 0.583
Epoch  46/120 — train_loss: -0.0637  val_loss: -0.0700  freq: 0.1594  spend: -0.0087  w_freq: 0.584  w_spend: 0.585
Epoch  47/120 — train_loss: -0.0688  val_loss: -0.0767  freq: 0.1565  spend: -0.0127  w_freq: 0.586  w_spend: 0.587
Epoch  48/120 — train_loss: -0.0733  val_loss: -0.0844  freq: 0.1491  spend: -0.0142  w_freq: 0.588  w_spend: 0.588
Epoch  49/120 — train_loss: -0.0725  val_loss: -0.0955  freq: 0.1325  spend: -0.0122  w_freq: 0.589  w_spend: 0.590
Epoch  50/120 — train_loss: -0.0809  val_loss: -0.0880  freq: 0.1500  spend: -0.0125  w_freq: 0.591  w_spend: 0.592
Epoch  51/120 — train_loss: -0.0796  val_loss: -0.0901  freq: 0.1508  spend: -0.0120  w_freq: 0.593  w_spend: 0.594
Epoch  52/120 — train_loss: -0.0845  val_loss: -0.0985  freq: 0.1407  spend: -0.0114  w_freq: 0.595  w_spend: 0.595
Epoch  53/120 — train_loss: -0.0874  val_loss: -0.0949  freq: 0.1541  spend: -0.0141  w_freq: 0.596  w_spend: 0.597
Epoch  54/120 — train_loss: -0.0860  val_loss: -0.1034  freq: 0.1437  spend: -0.0138  w_freq: 0.598  w_spend: 0.599
Epoch  55/120 — train_loss: -0.0851  val_loss: -0.1099  freq: 0.1350  spend: -0.0118  w_freq: 0.600  w_spend: 0.600
Epoch  56/120 — train_loss: -0.0976  val_loss: -0.1110  freq: 0.1403  spend: -0.0153  w_freq: 0.601  w_spend: 0.602
Epoch  57/120 — train_loss: -0.0947  val_loss: -0.1110  freq: 0.1425  spend: -0.0138  w_freq: 0.603  w_spend: 0.603
Epoch  58/120 — train_loss: -0.1003  val_loss: -0.1092  freq: 0.1461  spend: -0.0103  w_freq: 0.604  w_spend: 0.605
Epoch  59/120 — train_loss: -0.1019  val_loss: -0.1078  freq: 0.1536  spend: -0.0117  w_freq: 0.606  w_spend: 0.607
Epoch  60/120 — train_loss: -0.0991  val_loss: -0.1217  freq: 0.1343  spend: -0.0121  w_freq: 0.607  w_spend: 0.608
Epoch  61/120 — train_loss: -0.1081  val_loss: -0.1181  freq: 0.1431  spend: -0.0117  w_freq: 0.608  w_spend: 0.609
Epoch  62/120 — train_loss: -0.1121  val_loss: -0.1132  freq: 0.1575  spend: -0.0146  w_freq: 0.610  w_spend: 0.611
Epoch  63/120 — train_loss: -0.1044  val_loss: -0.1320  freq: 0.1293  spend: -0.0138  w_freq: 0.611  w_spend: 0.612
Epoch  64/120 — train_loss: -0.1035  val_loss: -0.1155  freq: 0.1568  spend: -0.0119  w_freq: 0.612  w_spend: 0.613
Epoch  65/120 — train_loss: -0.1110  val_loss: -0.1340  freq: 0.1309  spend: -0.0137  w_freq: 0.613  w_spend: 0.614
Epoch  66/120 — train_loss: -0.1108  val_loss: -0.1250  freq: 0.1447  spend: -0.0102  w_freq: 0.614  w_spend: 0.615
Epoch  67/120 — train_loss: -0.1173  val_loss: -0.1296  freq: 0.1447  spend: -0.0149  w_freq: 0.615  w_spend: 0.617
Epoch  68/120 — train_loss: -0.1188  val_loss: -0.1337  freq: 0.1382  spend: -0.0123  w_freq: 0.616  w_spend: 0.618
Epoch  69/120 — train_loss: -0.1263  val_loss: -0.1255  freq: 0.1544  spend: -0.0127  w_freq: 0.618  w_spend: 0.619
Epoch  70/120 — train_loss: -0.1205  val_loss: -0.1407  freq: 0.1309  spend: -0.0116  w_freq: 0.619  w_spend: 0.620
Epoch  71/120 — train_loss: -0.1209  val_loss: -0.1383  freq: 0.1373  spend: -0.0120  w_freq: 0.619  w_spend: 0.621
Epoch  72/120 — train_loss: -0.1279  val_loss: -0.1424  freq: 0.1341  spend: -0.0130  w_freq: 0.620  w_spend: 0.622
Epoch  73/120 — train_loss: -0.1222  val_loss: -0.1407  freq: 0.1366  spend: -0.0107  w_freq: 0.621  w_spend: 0.623
Epoch  74/120 — train_loss: -0.1278  val_loss: -0.1394  freq: 0.1428  spend: -0.0124  w_freq: 0.622  w_spend: 0.624
Epoch  75/120 — train_loss: -0.1335  val_loss: -0.1467  freq: 0.1333  spend: -0.0122  w_freq: 0.623  w_spend: 0.625
Epoch  76/120 — train_loss: -0.1359  val_loss: -0.1415  freq: 0.1441  spend: -0.0123  w_freq: 0.624  w_spend: 0.626
Epoch  77/120 — train_loss: -0.1305  val_loss: -0.1511  freq: 0.1325  spend: -0.0137  w_freq: 0.625  w_spend: 0.627
Epoch  78/120 — train_loss: -0.1324  val_loss: -0.1509  freq: 0.1342  spend: -0.0128  w_freq: 0.626  w_spend: 0.628
Epoch  79/120 — train_loss: -0.1297  val_loss: -0.1497  freq: 0.1392  spend: -0.0138  w_freq: 0.627  w_spend: 0.628
Epoch  80/120 — train_loss: -0.1354  val_loss: -0.1518  freq: 0.1374  spend: -0.0137  w_freq: 0.628  w_spend: 0.629
Epoch  81/120 — train_loss: -0.1387  val_loss: -0.1537  freq: 0.1362  spend: -0.0136  w_freq: 0.629  w_spend: 0.630
Epoch  82/120 — train_loss: -0.1430  val_loss: -0.1514  freq: 0.1409  spend: -0.0130  w_freq: 0.629  w_spend: 0.631
Epoch  83/120 — train_loss: -0.1451  val_loss: -0.1573  freq: 0.1321  spend: -0.0121  w_freq: 0.630  w_spend: 0.632
Epoch  84/120 — train_loss: -0.1414  val_loss: -0.1555  freq: 0.1379  spend: -0.0135  w_freq: 0.631  w_spend: 0.632
Epoch  85/120 — train_loss: -0.1444  val_loss: -0.1579  freq: 0.1353  spend: -0.0133  w_freq: 0.631  w_spend: 0.633
Epoch  86/120 — train_loss: -0.1464  val_loss: -0.1592  freq: 0.1352  spend: -0.0136  w_freq: 0.632  w_spend: 0.633
Epoch  87/120 — train_loss: -0.1435  val_loss: -0.1577  freq: 0.1386  spend: -0.0134  w_freq: 0.633  w_spend: 0.634
Epoch  88/120 — train_loss: -0.1500  val_loss: -0.1605  freq: 0.1350  spend: -0.0129  w_freq: 0.633  w_spend: 0.635
Epoch  89/120 — train_loss: -0.1514  val_loss: -0.1599  freq: 0.1377  spend: -0.0134  w_freq: 0.634  w_spend: 0.635
Epoch  90/120 — train_loss: -0.1466  val_loss: -0.1630  freq: 0.1327  spend: -0.0124  w_freq: 0.634  w_spend: 0.636
Epoch  91/120 — train_loss: -0.1455  val_loss: -0.1624  freq: 0.1347  spend: -0.0123  w_freq: 0.635  w_spend: 0.636
Epoch  92/120 — train_loss: -0.1539  val_loss: -0.1619  freq: 0.1365  spend: -0.0122  w_freq: 0.635  w_spend: 0.637
Epoch  93/120 — train_loss: -0.1520  val_loss: -0.1649  freq: 0.1329  spend: -0.0123  w_freq: 0.636  w_spend: 0.637
Epoch  94/120 — train_loss: -0.1506  val_loss: -0.1631  freq: 0.1369  spend: -0.0125  w_freq: 0.636  w_spend: 0.638
Epoch  95/120 — train_loss: -0.1559  val_loss: -0.1661  freq: 0.1335  spend: -0.0129  w_freq: 0.636  w_spend: 0.638
Epoch  96/120 — train_loss: -0.1525  val_loss: -0.1667  freq: 0.1337  spend: -0.0134  w_freq: 0.637  w_spend: 0.638
Epoch  97/120 — train_loss: -0.1610  val_loss: -0.1646  freq: 0.1371  spend: -0.0128  w_freq: 0.637  w_spend: 0.639
Epoch  98/120 — train_loss: -0.1416  val_loss: -0.1666  freq: 0.1351  spend: -0.0133  w_freq: 0.637  w_spend: 0.639
Epoch  99/120 — train_loss: -0.1529  val_loss: -0.1675  freq: 0.1345  spend: -0.0136  w_freq: 0.638  w_spend: 0.639
Epoch 100/120 — train_loss: -0.1564  val_loss: -0.1691  freq: 0.1323  spend: -0.0133  w_freq: 0.638  w_spend: 0.639
Epoch 101/120 — train_loss: -0.1565  val_loss: -0.1682  freq: 0.1340  spend: -0.0132  w_freq: 0.638  w_spend: 0.640
Epoch 102/120 — train_loss: -0.1516  val_loss: -0.1683  freq: 0.1342  spend: -0.0130  w_freq: 0.638  w_spend: 0.640
Epoch 103/120 — train_loss: -0.1555  val_loss: -0.1686  freq: 0.1345  spend: -0.0133  w_freq: 0.639  w_spend: 0.640
Epoch 104/120 — train_loss: -0.1588  val_loss: -0.1692  freq: 0.1340  spend: -0.0133  w_freq: 0.639  w_spend: 0.640
Epoch 105/120 — train_loss: -0.1555  val_loss: -0.1698  freq: 0.1333  spend: -0.0133  w_freq: 0.639  w_spend: 0.640
Epoch 106/120 — train_loss: -0.1528  val_loss: -0.1698  freq: 0.1336  spend: -0.0133  w_freq: 0.639  w_spend: 0.641
Epoch 107/120 — train_loss: -0.1574  val_loss: -0.1702  freq: 0.1332  spend: -0.0132  w_freq: 0.639  w_spend: 0.641
Epoch 108/120 — train_loss: -0.1529  val_loss: -0.1700  freq: 0.1337  spend: -0.0132  w_freq: 0.639  w_spend: 0.641
Epoch 109/120 — train_loss: -0.1479  val_loss: -0.1701  freq: 0.1336  spend: -0.0132  w_freq: 0.639  w_spend: 0.641
Epoch 110/120 — train_loss: -0.1559  val_loss: -0.1702  freq: 0.1336  spend: -0.0132  w_freq: 0.639  w_spend: 0.641
Epoch 111/120 — train_loss: -0.1573  val_loss: -0.1707  freq: 0.1329  spend: -0.0131  w_freq: 0.639  w_spend: 0.641
Epoch 112/120 — train_loss: -0.1587  val_loss: -0.1706  freq: 0.1332  spend: -0.0131  w_freq: 0.639  w_spend: 0.641
Epoch 113/120 — train_loss: -0.1550  val_loss: -0.1705  freq: 0.1334  spend: -0.0131  w_freq: 0.639  w_spend: 0.641
Epoch 114/120 — train_loss: -0.1614  val_loss: -0.1706  freq: 0.1332  spend: -0.0130  w_freq: 0.640  w_spend: 0.641
Epoch 115/120 — train_loss: -0.1541  val_loss: -0.1704  freq: 0.1335  spend: -0.0130  w_freq: 0.640  w_spend: 0.641
Epoch 116/120 — train_loss: -0.1565  val_loss: -0.1704  freq: 0.1335  spend: -0.0130  w_freq: 0.640  w_spend: 0.641
Epoch 117/120 — train_loss: -0.1577  val_loss: -0.1705  freq: 0.1334  spend: -0.0130  w_freq: 0.640  w_spend: 0.641
Epoch 118/120 — train_loss: -0.1540  val_loss: -0.1705  freq: 0.1334  spend: -0.0130  w_freq: 0.640  w_spend: 0.641
Epoch 119/120 — train_loss: -0.1589  val_loss: -0.1705  freq: 0.1334  spend: -0.0130  w_freq: 0.640  w_spend: 0.641
Epoch 120/120 — train_loss: -0.1586  val_loss: -0.1705  freq: 0.1334  spend: -0.0130  w_freq: 0.640  w_spend: 0.641

Checkpoint saved: /kaggle/working/results/checkpoints/transformer_joint_cdnow_v7_seed42_sample.pt
Validation-fitted softmax temperature: 0.7500

Duan's smearing factor (val): 1.2495
Validation aggregate calibration: freq_factor=3.7757, spend_factor=2.9339

Running autoregressive inference on holdout period ...
  inference mode: sample  n_scenarios: 30  temperature: 0.7500

=== Prediction Diagnostics ===
  Mean predicted freq/week:    0.0037
  Mean actual freq/week:       0.0196
  Over-prediction ratio:       0.189x
  Customers predicted as zero total:  0.928
  Customers actually zero total:      0.781
  Non-zero rate (pred, avg > 0.05):  0.025
  Non-zero rate (true):               0.018

Metrics saved: /kaggle/working/results/tables/transformer_joint_cdnow_v7_seed42_sample_metrics.json
Array artifacts saved: /kaggle/working/results/tables/transformer_joint_cdnow_v7_seed42_sample_arrays.npz

=== Holdout Evaluation ===
  metric_definition_version: valendin_aggregate_mape_v1
  freq_rmse: 1.3130
  freq_mae: 0.5098
  freq_normalized_gini: 0.5562
  freq_calibration_factor: 3.7757
  freq_horizon_abs_bias_pct: 28.6624
  bias_pct: -28.6624
  freq_weekly_mae: 20.0686
  freq_weekly_total_true: 1196.0000
  freq_weekly_total_pred: 853.1977
  freq_valendin_mape: 43.6275
  freq_horizon_bias_pct: -28.6624
  freq_weekly_mean_pct_mape: 46.0284
  freq_weekly_mean_pct_bias_pct: -27.0181
  freq_weekly_bias_pct: -28.6624
  freq_weekly_mape: 43.6275
  freq_mape: 43.6275
  freq_mase: 0.3665
  freq_mase_scale: 0.0834
  smearing_factor: 1.2495
  spend_calibration_factor: 2.9339
  spend_mae_raw: 18.4380
  spend_rmse_raw: 54.2853
  spend_normalized_gini: 0.5685
  spend_mae_log: 0.7865
  spend_rmse_log: 1.6350
  spend_r2_log: 0.0777
  spend_bias_pct: -33.6583
  spend_weekly_mae: 748.1604
  spend_weekly_total_true: 43103.4400
  spend_weekly_total_pred: 28595.5696
  spend_valendin_mape: 45.1290
  spend_horizon_abs_bias_pct: 33.6583
  spend_horizon_bias_pct: -33.6583
  spend_weekly_mean_pct_mape: 47.5137
  spend_weekly_mean_pct_bias_pct: -30.7393
  spend_weekly_bias_pct: -33.6583
  spend_weekly_mape: 45.1290
  spend_mase: 0.6099
  spend_mase_scale: 1.7675
  clv_mae: 18.0739
  clv_rmse: 53.2024
  clv_spearman: 0.4507
  clv_decile_lift: 4.8505
  clv_normalized_gini: 0.5690
  clv_total_true: 42218.7344
  clv_total_pred: 28159.0391
  calibration_temperature_source: rolling_origin_autoregressive
  validation_temperature: 0.7500
  smearing_source: rolling_origin_autoregressive
  calibration_source: rolling_origin_autoregressive
  validation_freq_true_total: 120.0000
  validation_freq_pred_total: 31.7823
  validation_spend_true_total: 4587.6401
  validation_spend_pred_total: 1563.6824
  validation_freq_calibration_factor: 3.7757
  validation_spend_calibration_factor: 2.9339
  validation_rolling_origin_count: 2
  protocol_name: cdnow_sample_52x26
  cohort_size: 2349
  calibration_weeks: 52
  holdout_weeks: 26
  inference_mode: sample
  n_scenarios: 30
  run_valid: False
  run_invalid_reason: absolute frequency bias -28.7% exceeds 15.0%
  run_warning: large frequency bias (-28.7%); large spend bias (-33.7%)
  epochs_completed: 120
  max_epochs_configured: 120
History saved: /kaggle/working/results/tables/transformer_joint_cdnow_v7_seed42_sample_history.json
