[Kaggle] raw_dir  → /kaggle/working/input/cdnow-dataset
[Kaggle] results  → /kaggle/working/results
Config: experiments/configs/transformer_joint_cdnow_v7.yaml
Run: transformer_joint_cdnow_v7_seed7_sample
Device: cuda
Loading dataset: cdnow ...
[pipeline] freq_bins from config: [0, 1, 2, 3]
  Train customers: 2115, Val: 234, Inference: 2349
[cdnow] Customers with 0 calibration transactions: 0 / 2349
  top-bin decode: class_values[-1] = 4.071 (max_trans = 3)
Model: transformer — 101,950 parameters

Training for up to 120 epochs ...
/kaggle/working/thesis-code/src/training/trainer.py:135: FutureWarning: `torch.cuda.amp.GradScaler(args...)` is deprecated. Please use `torch.amp.GradScaler('cuda', args...)` instead.
  self.scaler = torch.cuda.amp.GradScaler(enabled=self.amp_enabled)
[Kendall] log_vars frozen for 5 warm-up epochs.
Epoch   1/120 — train_loss: 6.8361  val_loss: 5.9771  freq: 11.9250  spend: 0.0291  w_freq: 0.500  w_spend: 0.500
Epoch   2/120 — train_loss: 5.4753  val_loss: 4.0343  freq: 8.0485  spend: 0.0201  w_freq: 0.500  w_spend: 0.500
Epoch   3/120 — train_loss: 3.0658  val_loss: 0.9824  freq: 1.9457  spend: 0.0190  w_freq: 0.500  w_spend: 0.500
Epoch   4/120 — train_loss: 0.6972  val_loss: 0.1593  freq: 0.3018  spend: 0.0169  w_freq: 0.500  w_spend: 0.500
Epoch   5/120 — train_loss: 0.1563  val_loss: 0.1250  freq: 0.2388  spend: 0.0111  w_freq: 0.500  w_spend: 0.500
[Kendall] log_vars unfrozen at epoch 6.
[spend-norm] frozen at 0.2907 (absolute val-loss magnitude shifts accordingly; early stopping is relative so this is safe)
Epoch   6/120 — train_loss: 0.1498  val_loss: 0.1290  freq: 0.2222  spend: 0.0419  w_freq: 0.501  w_spend: 0.501
Epoch   7/120 — train_loss: 0.1486  val_loss: 0.1014  freq: 0.1855  spend: 0.0307  w_freq: 0.503  w_spend: 0.503
Epoch   8/120 — train_loss: 0.1237  val_loss: 0.0987  freq: 0.1839  spend: 0.0335  w_freq: 0.505  w_spend: 0.505
Epoch   9/120 — train_loss: 0.1130  val_loss: 0.0856  freq: 0.1751  spend: 0.0237  w_freq: 0.507  w_spend: 0.507
Epoch  10/120 — train_loss: 0.1090  val_loss: 0.0852  freq: 0.1812  spend: 0.0240  w_freq: 0.509  w_spend: 0.509
Epoch  11/120 — train_loss: 0.0977  val_loss: 0.0712  freq: 0.1645  spend: 0.0214  w_freq: 0.511  w_spend: 0.511
Epoch  12/120 — train_loss: 0.0906  val_loss: 0.0697  freq: 0.1699  spend: 0.0214  w_freq: 0.513  w_spend: 0.513
Epoch  13/120 — train_loss: 0.0907  val_loss: 0.0725  freq: 0.1855  spend: 0.0191  w_freq: 0.516  w_spend: 0.516
Epoch  14/120 — train_loss: 0.0797  val_loss: 0.0490  freq: 0.1489  spend: 0.0179  w_freq: 0.518  w_spend: 0.518
Epoch  15/120 — train_loss: 0.0786  val_loss: 0.0408  freq: 0.1464  spend: 0.0117  w_freq: 0.520  w_spend: 0.520
Epoch  16/120 — train_loss: 0.0661  val_loss: 0.0473  freq: 0.1708  spend: 0.0072  w_freq: 0.522  w_spend: 0.522
Epoch  17/120 — train_loss: 0.0553  val_loss: 0.0404  freq: 0.1725  spend: 0.0001  w_freq: 0.525  w_spend: 0.524
Epoch  18/120 — train_loss: 0.0504  val_loss: 0.0334  freq: 0.1723  spend: -0.0050  w_freq: 0.527  w_spend: 0.527
Epoch  19/120 — train_loss: 0.0454  val_loss: 0.0202  freq: 0.1605  spend: -0.0100  w_freq: 0.529  w_spend: 0.529
Epoch  20/120 — train_loss: 0.0405  val_loss: 0.0212  freq: 0.1628  spend: -0.0034  w_freq: 0.532  w_spend: 0.532
Epoch  21/120 — train_loss: 0.0377  val_loss: 0.0027  freq: 0.1398  spend: -0.0084  w_freq: 0.534  w_spend: 0.534
Epoch  22/120 — train_loss: 0.0293  val_loss: 0.0107  freq: 0.1628  spend: -0.0104  w_freq: 0.536  w_spend: 0.536
Epoch  23/120 — train_loss: 0.0253  val_loss: 0.0005  freq: 0.1460  spend: -0.0069  w_freq: 0.538  w_spend: 0.538
Epoch  24/120 — train_loss: 0.0208  val_loss: 0.0133  freq: 0.1671  spend: 0.0011  w_freq: 0.539  w_spend: 0.539
Epoch  25/120 — train_loss: 0.0135  val_loss: 0.0067  freq: 0.1656  spend: -0.0041  w_freq: 0.541  w_spend: 0.541
Epoch  26/120 — train_loss: 0.0104  val_loss: -0.0140  freq: 0.1380  spend: -0.0084  w_freq: 0.543  w_spend: 0.543
Epoch  27/120 — train_loss: 0.0070  val_loss: -0.0198  freq: 0.1351  spend: -0.0095  w_freq: 0.545  w_spend: 0.545
Epoch  28/120 — train_loss: 0.0130  val_loss: 0.0010  freq: 0.1780  spend: -0.0080  w_freq: 0.547  w_spend: 0.547
Epoch  29/120 — train_loss: 0.0029  val_loss: -0.0143  freq: 0.1538  spend: -0.0063  w_freq: 0.549  w_spend: 0.549
Epoch  30/120 — train_loss: -0.0081  val_loss: -0.0110  freq: 0.1680  spend: -0.0087  w_freq: 0.551  w_spend: 0.551
Epoch  31/120 — train_loss: -0.0063  val_loss: -0.0179  freq: 0.1630  spend: -0.0104  w_freq: 0.553  w_spend: 0.553
Epoch  32/120 — train_loss: -0.0122  val_loss: -0.0246  freq: 0.1520  spend: -0.0056  w_freq: 0.555  w_spend: 0.555
Epoch  33/120 — train_loss: -0.0139  val_loss: -0.0383  freq: 0.1341  spend: -0.0061  w_freq: 0.557  w_spend: 0.557
Epoch  34/120 — train_loss: -0.0130  val_loss: -0.0416  freq: 0.1368  spend: -0.0096  w_freq: 0.559  w_spend: 0.559
Epoch  35/120 — train_loss: -0.0186  val_loss: -0.0328  freq: 0.1558  spend: -0.0077  w_freq: 0.560  w_spend: 0.561
Epoch  36/120 — train_loss: -0.0276  val_loss: -0.0455  freq: 0.1387  spend: -0.0076  w_freq: 0.562  w_spend: 0.562
Epoch  37/120 — train_loss: -0.0272  val_loss: -0.0533  freq: 0.1327  spend: -0.0094  w_freq: 0.564  w_spend: 0.564
Epoch  38/120 — train_loss: -0.0294  val_loss: -0.0422  freq: 0.1567  spend: -0.0077  w_freq: 0.566  w_spend: 0.567
Epoch  39/120 — train_loss: -0.0326  val_loss: -0.0464  freq: 0.1539  spend: -0.0071  w_freq: 0.568  w_spend: 0.569
Epoch  40/120 — train_loss: -0.0428  val_loss: -0.0520  freq: 0.1505  spend: -0.0074  w_freq: 0.570  w_spend: 0.571
Epoch  41/120 — train_loss: -0.0440  val_loss: -0.0642  freq: 0.1378  spend: -0.0101  w_freq: 0.572  w_spend: 0.573
Epoch  42/120 — train_loss: -0.0513  val_loss: -0.0666  freq: 0.1386  spend: -0.0100  w_freq: 0.574  w_spend: 0.575
Epoch  43/120 — train_loss: -0.0494  val_loss: -0.0665  freq: 0.1371  spend: -0.0031  w_freq: 0.576  w_spend: 0.577
Epoch  44/120 — train_loss: -0.0556  val_loss: -0.0679  freq: 0.1428  spend: -0.0062  w_freq: 0.578  w_spend: 0.578
Epoch  45/120 — train_loss: -0.0521  val_loss: -0.0692  freq: 0.1489  spend: -0.0107  w_freq: 0.580  w_spend: 0.580
Epoch  46/120 — train_loss: -0.0630  val_loss: -0.0743  freq: 0.1439  spend: -0.0101  w_freq: 0.581  w_spend: 0.582
Epoch  47/120 — train_loss: -0.0618  val_loss: -0.0841  freq: 0.1307  spend: -0.0090  w_freq: 0.583  w_spend: 0.583
Epoch  48/120 — train_loss: -0.0670  val_loss: -0.0869  freq: 0.1305  spend: -0.0087  w_freq: 0.584  w_spend: 0.585
Epoch  49/120 — train_loss: -0.0641  val_loss: -0.0685  freq: 0.1671  spend: -0.0093  w_freq: 0.586  w_spend: 0.587
Epoch  50/120 — train_loss: -0.0704  val_loss: -0.0899  freq: 0.1346  spend: -0.0090  w_freq: 0.588  w_spend: 0.588
Epoch  51/120 — train_loss: -0.0778  val_loss: -0.0961  freq: 0.1295  spend: -0.0094  w_freq: 0.589  w_spend: 0.590
Epoch  52/120 — train_loss: -0.0802  val_loss: -0.0923  freq: 0.1399  spend: -0.0086  w_freq: 0.591  w_spend: 0.592
Epoch  53/120 — train_loss: -0.0843  val_loss: -0.0970  freq: 0.1366  spend: -0.0090  w_freq: 0.593  w_spend: 0.594
Epoch  54/120 — train_loss: -0.0781  val_loss: -0.1006  freq: 0.1355  spend: -0.0098  w_freq: 0.595  w_spend: 0.595
Epoch  55/120 — train_loss: -0.0867  val_loss: -0.1011  freq: 0.1356  spend: -0.0068  w_freq: 0.596  w_spend: 0.597
Epoch  56/120 — train_loss: -0.0914  val_loss: -0.1084  freq: 0.1313  spend: -0.0103  w_freq: 0.598  w_spend: 0.598
Epoch  57/120 — train_loss: -0.0971  val_loss: -0.1109  freq: 0.1289  spend: -0.0076  w_freq: 0.600  w_spend: 0.600
Epoch  58/120 — train_loss: -0.0986  val_loss: -0.1063  freq: 0.1447  spend: -0.0113  w_freq: 0.601  w_spend: 0.602
Epoch  59/120 — train_loss: -0.0949  val_loss: -0.1101  freq: 0.1391  spend: -0.0079  w_freq: 0.603  w_spend: 0.604
Epoch  60/120 — train_loss: -0.1020  val_loss: -0.1190  freq: 0.1310  spend: -0.0105  w_freq: 0.604  w_spend: 0.605
Epoch  61/120 — train_loss: -0.1078  val_loss: -0.1204  freq: 0.1335  spend: -0.0114  w_freq: 0.606  w_spend: 0.607
Epoch  62/120 — train_loss: -0.1054  val_loss: -0.1128  freq: 0.1454  spend: -0.0072  w_freq: 0.608  w_spend: 0.608
Epoch  63/120 — train_loss: -0.1073  val_loss: -0.1251  freq: 0.1315  spend: -0.0102  w_freq: 0.609  w_spend: 0.610
Epoch  64/120 — train_loss: -0.1139  val_loss: -0.1276  freq: 0.1308  spend: -0.0106  w_freq: 0.610  w_spend: 0.611
Epoch  65/120 — train_loss: -0.1135  val_loss: -0.1285  freq: 0.1284  spend: -0.0065  w_freq: 0.611  w_spend: 0.612
Epoch  66/120 — train_loss: -0.1086  val_loss: -0.1243  freq: 0.1424  spend: -0.0107  w_freq: 0.613  w_spend: 0.614
Epoch  67/120 — train_loss: -0.1126  val_loss: -0.1306  freq: 0.1300  spend: -0.0058  w_freq: 0.614  w_spend: 0.615
Epoch  68/120 — train_loss: -0.1146  val_loss: -0.1353  freq: 0.1298  spend: -0.0107  w_freq: 0.615  w_spend: 0.616
Epoch  69/120 — train_loss: -0.1183  val_loss: -0.1352  freq: 0.1304  spend: -0.0084  w_freq: 0.616  w_spend: 0.617
Epoch  70/120 — train_loss: -0.1204  val_loss: -0.1363  freq: 0.1325  spend: -0.0096  w_freq: 0.617  w_spend: 0.618
Epoch  71/120 — train_loss: -0.1236  val_loss: -0.1406  freq: 0.1301  spend: -0.0116  w_freq: 0.618  w_spend: 0.619
Epoch  72/120 — train_loss: -0.1281  val_loss: -0.1422  freq: 0.1298  spend: -0.0114  w_freq: 0.619  w_spend: 0.620
Epoch  73/120 — train_loss: -0.1278  val_loss: -0.1433  freq: 0.1295  spend: -0.0103  w_freq: 0.620  w_spend: 0.621
Epoch  74/120 — train_loss: -0.1262  val_loss: -0.1452  freq: 0.1296  spend: -0.0109  w_freq: 0.621  w_spend: 0.622
Epoch  75/120 — train_loss: -0.1303  val_loss: -0.1451  freq: 0.1323  spend: -0.0108  w_freq: 0.622  w_spend: 0.623
Epoch  76/120 — train_loss: -0.1364  val_loss: -0.1467  freq: 0.1326  spend: -0.0111  w_freq: 0.624  w_spend: 0.624
Epoch  77/120 — train_loss: -0.1329  val_loss: -0.1503  freq: 0.1281  spend: -0.0102  w_freq: 0.624  w_spend: 0.625
Epoch  78/120 — train_loss: -0.1379  val_loss: -0.1513  freq: 0.1298  spend: -0.0115  w_freq: 0.625  w_spend: 0.626
Epoch  79/120 — train_loss: -0.1359  val_loss: -0.1513  freq: 0.1308  spend: -0.0102  w_freq: 0.626  w_spend: 0.627
Epoch  80/120 — train_loss: -0.1370  val_loss: -0.1534  freq: 0.1306  spend: -0.0114  w_freq: 0.627  w_spend: 0.628
Epoch  81/120 — train_loss: -0.1382  val_loss: -0.1550  freq: 0.1278  spend: -0.0096  w_freq: 0.628  w_spend: 0.629
Epoch  82/120 — train_loss: -0.1398  val_loss: -0.1547  freq: 0.1309  spend: -0.0107  w_freq: 0.629  w_spend: 0.630
Epoch  83/120 — train_loss: -0.1405  val_loss: -0.1570  freq: 0.1289  spend: -0.0110  w_freq: 0.629  w_spend: 0.630
Epoch  84/120 — train_loss: -0.1428  val_loss: -0.1566  freq: 0.1300  spend: -0.0100  w_freq: 0.630  w_spend: 0.631
Epoch  85/120 — train_loss: -0.1465  val_loss: -0.1572  freq: 0.1314  spend: -0.0110  w_freq: 0.630  w_spend: 0.631
Epoch  86/120 — train_loss: -0.1434  val_loss: -0.1603  freq: 0.1285  spend: -0.0116  w_freq: 0.631  w_spend: 0.632
Epoch  87/120 — train_loss: -0.1473  val_loss: -0.1603  freq: 0.1294  spend: -0.0113  w_freq: 0.632  w_spend: 0.633
Epoch  88/120 — train_loss: -0.1398  val_loss: -0.1610  freq: 0.1292  spend: -0.0107  w_freq: 0.632  w_spend: 0.633
Epoch  89/120 — train_loss: -0.1487  val_loss: -0.1623  freq: 0.1283  spend: -0.0106  w_freq: 0.633  w_spend: 0.634
Epoch  90/120 — train_loss: -0.1481  val_loss: -0.1634  freq: 0.1277  spend: -0.0106  w_freq: 0.633  w_spend: 0.634
Epoch  91/120 — train_loss: -0.1496  val_loss: -0.1635  freq: 0.1289  spend: -0.0109  w_freq: 0.634  w_spend: 0.635
Epoch  92/120 — train_loss: -0.1492  val_loss: -0.1647  freq: 0.1281  spend: -0.0109  w_freq: 0.634  w_spend: 0.635
Epoch  93/120 — train_loss: -0.1476  val_loss: -0.1656  freq: 0.1279  spend: -0.0111  w_freq: 0.635  w_spend: 0.636
Epoch  94/120 — train_loss: -0.1504  val_loss: -0.1653  freq: 0.1293  spend: -0.0110  w_freq: 0.635  w_spend: 0.636
Epoch  95/120 — train_loss: -0.1524  val_loss: -0.1667  freq: 0.1277  spend: -0.0109  w_freq: 0.635  w_spend: 0.637
Epoch  96/120 — train_loss: -0.1494  val_loss: -0.1659  freq: 0.1289  spend: -0.0102  w_freq: 0.636  w_spend: 0.637
Epoch  97/120 — train_loss: -0.1537  val_loss: -0.1678  freq: 0.1276  spend: -0.0111  w_freq: 0.636  w_spend: 0.637
Epoch  98/120 — train_loss: -0.1489  val_loss: -0.1677  freq: 0.1280  spend: -0.0106  w_freq: 0.636  w_spend: 0.638
Epoch  99/120 — train_loss: -0.1511  val_loss: -0.1678  freq: 0.1285  spend: -0.0107  w_freq: 0.637  w_spend: 0.638
Epoch 100/120 — train_loss: -0.1536  val_loss: -0.1689  freq: 0.1277  spend: -0.0111  w_freq: 0.637  w_spend: 0.638
Epoch 101/120 — train_loss: -0.1490  val_loss: -0.1693  freq: 0.1277  spend: -0.0112  w_freq: 0.637  w_spend: 0.638
Epoch 102/120 — train_loss: -0.1513  val_loss: -0.1693  freq: 0.1280  spend: -0.0110  w_freq: 0.637  w_spend: 0.639
Epoch 103/120 — train_loss: -0.1501  val_loss: -0.1691  freq: 0.1285  spend: -0.0109  w_freq: 0.638  w_spend: 0.639
Epoch 104/120 — train_loss: -0.1606  val_loss: -0.1697  freq: 0.1277  spend: -0.0107  w_freq: 0.638  w_spend: 0.639
Epoch 105/120 — train_loss: -0.1525  val_loss: -0.1703  freq: 0.1274  spend: -0.0110  w_freq: 0.638  w_spend: 0.639
Epoch 106/120 — train_loss: -0.1563  val_loss: -0.1699  freq: 0.1280  spend: -0.0108  w_freq: 0.638  w_spend: 0.639
Epoch 107/120 — train_loss: -0.1527  val_loss: -0.1699  freq: 0.1285  spend: -0.0110  w_freq: 0.638  w_spend: 0.639
Epoch 108/120 — train_loss: -0.1538  val_loss: -0.1705  freq: 0.1277  spend: -0.0110  w_freq: 0.638  w_spend: 0.639
Epoch 109/120 — train_loss: -0.1536  val_loss: -0.1708  freq: 0.1276  spend: -0.0110  w_freq: 0.638  w_spend: 0.639
Epoch 110/120 — train_loss: -0.1534  val_loss: -0.1707  freq: 0.1276  spend: -0.0109  w_freq: 0.638  w_spend: 0.639
Epoch 111/120 — train_loss: -0.1592  val_loss: -0.1707  freq: 0.1278  spend: -0.0109  w_freq: 0.638  w_spend: 0.640
Epoch 112/120 — train_loss: -0.1591  val_loss: -0.1709  freq: 0.1277  spend: -0.0109  w_freq: 0.638  w_spend: 0.640
Epoch 113/120 — train_loss: -0.1568  val_loss: -0.1708  freq: 0.1278  spend: -0.0109  w_freq: 0.639  w_spend: 0.640
Epoch 114/120 — train_loss: -0.1543  val_loss: -0.1709  freq: 0.1277  spend: -0.0109  w_freq: 0.639  w_spend: 0.640
Epoch 115/120 — train_loss: -0.1565  val_loss: -0.1709  freq: 0.1277  spend: -0.0108  w_freq: 0.639  w_spend: 0.640
Epoch 116/120 — train_loss: -0.1542  val_loss: -0.1710  freq: 0.1276  spend: -0.0108  w_freq: 0.639  w_spend: 0.640
Epoch 117/120 — train_loss: -0.1569  val_loss: -0.1710  freq: 0.1276  spend: -0.0109  w_freq: 0.639  w_spend: 0.640
Epoch 118/120 — train_loss: -0.1556  val_loss: -0.1710  freq: 0.1276  spend: -0.0109  w_freq: 0.639  w_spend: 0.640
Epoch 119/120 — train_loss: -0.1564  val_loss: -0.1710  freq: 0.1276  spend: -0.0108  w_freq: 0.639  w_spend: 0.640
Epoch 120/120 — train_loss: -0.1573  val_loss: -0.1710  freq: 0.1276  spend: -0.0108  w_freq: 0.639  w_spend: 0.640

Checkpoint saved: /kaggle/working/results/checkpoints/transformer_joint_cdnow_v7_seed7_sample.pt
Validation-fitted softmax temperature: 0.7500

Duan's smearing factor (val): 1.2605
Validation aggregate calibration: freq_factor=3.2397, spend_factor=2.7551

Running autoregressive inference on holdout period ...
  inference mode: sample  n_scenarios: 30  temperature: 0.7500

=== Prediction Diagnostics ===
  Mean predicted freq/week:    0.0036
  Mean actual freq/week:       0.0196
  Over-prediction ratio:       0.182x
  Customers predicted as zero total:  0.937
  Customers actually zero total:      0.781
  Non-zero rate (pred, avg > 0.05):  0.023
  Non-zero rate (true):               0.018

Metrics saved: /kaggle/working/results/tables/transformer_joint_cdnow_v7_seed7_sample_metrics.json
Array artifacts saved: /kaggle/working/results/tables/transformer_joint_cdnow_v7_seed7_sample_arrays.npz

=== Holdout Evaluation ===
  metric_definition_version: valendin_aggregate_mape_v1
  freq_rmse: 1.2499
  freq_mae: 0.4654
  freq_normalized_gini: 0.5909
  freq_calibration_factor: 3.2397
  freq_horizon_abs_bias_pct: 40.9217
  bias_pct: -40.9217
  freq_weekly_mae: 22.9524
  freq_weekly_total_true: 1196.0000
  freq_weekly_total_pred: 706.5766
  freq_valendin_mape: 49.8964
  freq_horizon_bias_pct: -40.9217
  freq_weekly_mean_pct_mape: 50.2798
  freq_weekly_mean_pct_bias_pct: -39.1015
  freq_weekly_bias_pct: -40.9217
  freq_weekly_mape: 49.8964
  freq_mape: 49.8964
  freq_mase: 0.3430
  freq_mase_scale: 0.0834
  smearing_factor: 1.2605
  spend_calibration_factor: 2.7551
  spend_mae_raw: 16.8131
  spend_rmse_raw: 49.9964
  spend_normalized_gini: 0.6025
  spend_mae_log: 0.7759
  spend_rmse_log: 1.5801
  spend_r2_log: 0.1387
  spend_bias_pct: -42.4930
  spend_weekly_mae: 840.4425
  spend_weekly_total_true: 43103.4400
  spend_weekly_total_pred: 24787.4746
  spend_valendin_mape: 50.6955
  spend_horizon_abs_bias_pct: 42.4930
  spend_horizon_bias_pct: -42.4930
  spend_weekly_mean_pct_mape: 51.4801
  spend_weekly_mean_pct_bias_pct: -38.5031
  spend_weekly_bias_pct: -42.4930
  spend_weekly_mape: 50.6955
  spend_mase: 0.5808
  spend_mase_scale: 1.7675
  clv_mae: 16.4778
  clv_rmse: 48.9784
  clv_spearman: 0.4662
  clv_decile_lift: 5.1169
  clv_normalized_gini: 0.6029
  clv_total_true: 42218.7344
  clv_total_pred: 24400.3301
  calibration_temperature_source: rolling_origin_autoregressive
  validation_temperature: 0.7500
  smearing_source: rolling_origin_autoregressive
  calibration_source: rolling_origin_autoregressive
  validation_freq_true_total: 120.0000
  validation_freq_pred_total: 37.0406
  validation_spend_true_total: 4587.6401
  validation_spend_pred_total: 1665.1315
  validation_freq_calibration_factor: 3.2397
  validation_spend_calibration_factor: 2.7551
  validation_rolling_origin_count: 2
  protocol_name: cdnow_sample_52x26
  cohort_size: 2349
  calibration_weeks: 52
  holdout_weeks: 26
  inference_mode: sample
  n_scenarios: 30
  run_valid: False
  run_invalid_reason: absolute frequency bias -40.9% exceeds 15.0%
  run_warning: large frequency bias (-40.9%); large spend bias (-42.5%)
  epochs_completed: 120
  max_epochs_configured: 120
History saved: /kaggle/working/results/tables/transformer_joint_cdnow_v7_seed7_sample_history.json
