[Kaggle] raw_dir  → /kaggle/working/input/uci-retail
[Kaggle] results  → /kaggle/working/results
Config: experiments/configs/transformer_joint_uci_v7.yaml
Run: transformer_joint_uci_v7_seed2024_sample
Device: cuda
Loading dataset: uci ...
[pipeline] freq_cap=4 (auto q=0.99) → freq_bins=[0, 1, 2, 3]... (n_classes=5)
  Train customers: 4437, Val: 493, Inference: 4930
[uci] Customers with 0 calibration transactions: 0 / 4930
  top-bin decode: class_values[-1] = 5.515 (max_trans = 4)
Model: transformer — 102,086 parameters

Training for up to 120 epochs ...
/kaggle/working/thesis-code/src/training/trainer.py:135: FutureWarning: `torch.cuda.amp.GradScaler(args...)` is deprecated. Please use `torch.amp.GradScaler('cuda', args...)` instead.
  self.scaler = torch.cuda.amp.GradScaler(enabled=self.amp_enabled)
[Kendall] log_vars frozen for 5 warm-up epochs.
Epoch   1/120 — train_loss: 7.1769  val_loss: 6.2065  freq: 12.3450  spend: 0.0681  w_freq: 0.500  w_spend: 0.500
Epoch   2/120 — train_loss: 5.3179  val_loss: 3.1817  freq: 6.3139  spend: 0.0495  w_freq: 0.500  w_spend: 0.500
Epoch   3/120 — train_loss: 1.9057  val_loss: 0.3279  freq: 0.6085  spend: 0.0474  w_freq: 0.500  w_spend: 0.500
Epoch   4/120 — train_loss: 0.3944  val_loss: 0.2499  freq: 0.4576  spend: 0.0421  w_freq: 0.500  w_spend: 0.500
Epoch   5/120 — train_loss: 0.2429  val_loss: 0.2066  freq: 0.3720  spend: 0.0412  w_freq: 0.500  w_spend: 0.500
[Kendall] log_vars unfrozen at epoch 6.
[spend-norm] frozen at 0.6933 (absolute val-loss magnitude shifts accordingly; early stopping is relative so this is safe)
Epoch   6/120 — train_loss: 0.2237  val_loss: 0.2014  freq: 0.3621  spend: 0.0535  w_freq: 0.502  w_spend: 0.502
Epoch   7/120 — train_loss: 0.2038  val_loss: 0.1737  freq: 0.3196  spend: 0.0545  w_freq: 0.506  w_spend: 0.506
Epoch   8/120 — train_loss: 0.1858  val_loss: 0.1661  freq: 0.3251  spend: 0.0478  w_freq: 0.510  w_spend: 0.510
Epoch   9/120 — train_loss: 0.1718  val_loss: 0.1518  freq: 0.3201  spend: 0.0384  w_freq: 0.515  w_spend: 0.515
Epoch  10/120 — train_loss: 0.1542  val_loss: 0.1395  freq: 0.3136  spend: 0.0343  w_freq: 0.519  w_spend: 0.519
Epoch  11/120 — train_loss: 0.1460  val_loss: 0.1212  freq: 0.2938  spend: 0.0308  w_freq: 0.524  w_spend: 0.523
Epoch  12/120 — train_loss: 0.1322  val_loss: 0.1173  freq: 0.3010  spend: 0.0284  w_freq: 0.527  w_spend: 0.527
Epoch  13/120 — train_loss: 0.1236  val_loss: 0.0991  freq: 0.2807  spend: 0.0275  w_freq: 0.532  w_spend: 0.531
Epoch  14/120 — train_loss: 0.1094  val_loss: 0.0916  freq: 0.2801  spend: 0.0273  w_freq: 0.536  w_spend: 0.536
Epoch  15/120 — train_loss: 0.0992  val_loss: 0.0816  freq: 0.2778  spend: 0.0261  w_freq: 0.541  w_spend: 0.541
Epoch  16/120 — train_loss: 0.0895  val_loss: 0.0713  freq: 0.2731  spend: 0.0255  w_freq: 0.546  w_spend: 0.546
Epoch  17/120 — train_loss: 0.0847  val_loss: 0.0623  freq: 0.2677  spend: 0.0243  w_freq: 0.551  w_spend: 0.550
Epoch  18/120 — train_loss: 0.0713  val_loss: 0.0567  freq: 0.2698  spend: 0.0241  w_freq: 0.554  w_spend: 0.553
Epoch  19/120 — train_loss: 0.0692  val_loss: 0.0493  freq: 0.2667  spend: 0.0247  w_freq: 0.559  w_spend: 0.558
Epoch  20/120 — train_loss: 0.0578  val_loss: 0.0424  freq: 0.2687  spend: 0.0230  w_freq: 0.563  w_spend: 0.562
Epoch  21/120 — train_loss: 0.0463  val_loss: 0.0314  freq: 0.2632  spend: 0.0231  w_freq: 0.568  w_spend: 0.567
Epoch  22/120 — train_loss: 0.0403  val_loss: 0.0249  freq: 0.2631  spend: 0.0243  w_freq: 0.574  w_spend: 0.572
Epoch  23/120 — train_loss: 0.0305  val_loss: 0.0203  freq: 0.2693  spend: 0.0228  w_freq: 0.579  w_spend: 0.577
Epoch  24/120 — train_loss: 0.0217  val_loss: 0.0094  freq: 0.2626  spend: 0.0227  w_freq: 0.583  w_spend: 0.582
Epoch  25/120 — train_loss: 0.0133  val_loss: 0.0001  freq: 0.2613  spend: 0.0203  w_freq: 0.588  w_spend: 0.587
Epoch  26/120 — train_loss: 0.0027  val_loss: -0.0064  freq: 0.2625  spend: 0.0202  w_freq: 0.594  w_spend: 0.592
Epoch  27/120 — train_loss: -0.0043  val_loss: -0.0122  freq: 0.2635  spend: 0.0208  w_freq: 0.598  w_spend: 0.597
Epoch  28/120 — train_loss: -0.0099  val_loss: -0.0213  freq: 0.2607  spend: 0.0192  w_freq: 0.603  w_spend: 0.602
Epoch  29/120 — train_loss: -0.0162  val_loss: -0.0219  freq: 0.2687  spend: 0.0204  w_freq: 0.608  w_spend: 0.607
Epoch  30/120 — train_loss: -0.0231  val_loss: -0.0347  freq: 0.2586  spend: 0.0184  w_freq: 0.612  w_spend: 0.611
Epoch  31/120 — train_loss: -0.0308  val_loss: -0.0404  freq: 0.2600  spend: 0.0178  w_freq: 0.616  w_spend: 0.615
Epoch  32/120 — train_loss: -0.0386  val_loss: -0.0471  freq: 0.2572  spend: 0.0190  w_freq: 0.621  w_spend: 0.620
Epoch  33/120 — train_loss: -0.0438  val_loss: -0.0530  freq: 0.2570  spend: 0.0195  w_freq: 0.625  w_spend: 0.624
Epoch  34/120 — train_loss: -0.0514  val_loss: -0.0595  freq: 0.2566  spend: 0.0184  w_freq: 0.630  w_spend: 0.629
Epoch  35/120 — train_loss: -0.0577  val_loss: -0.0624  freq: 0.2616  spend: 0.0178  w_freq: 0.634  w_spend: 0.633
Epoch  36/120 — train_loss: -0.0602  val_loss: -0.0684  freq: 0.2605  spend: 0.0176  w_freq: 0.638  w_spend: 0.637
Epoch  37/120 — train_loss: -0.0656  val_loss: -0.0679  freq: 0.2704  spend: 0.0175  w_freq: 0.642  w_spend: 0.641
Epoch  38/120 — train_loss: -0.0733  val_loss: -0.0784  freq: 0.2588  spend: 0.0214  w_freq: 0.647  w_spend: 0.646
Epoch  39/120 — train_loss: -0.0773  val_loss: -0.0752  freq: 0.2743  spend: 0.0188  w_freq: 0.651  w_spend: 0.650
Epoch  40/120 — train_loss: -0.0806  val_loss: -0.0939  freq: 0.2543  spend: 0.0169  w_freq: 0.655  w_spend: 0.654
Epoch  41/120 — train_loss: -0.0884  val_loss: -0.0784  freq: 0.2808  spend: 0.0222  w_freq: 0.658  w_spend: 0.658
Epoch  42/120 — train_loss: -0.0912  val_loss: -0.0994  freq: 0.2593  spend: 0.0184  w_freq: 0.662  w_spend: 0.662
Epoch  43/120 — train_loss: -0.0965  val_loss: -0.1020  freq: 0.2616  spend: 0.0179  w_freq: 0.666  w_spend: 0.666
Epoch  44/120 — train_loss: -0.1043  val_loss: -0.1112  freq: 0.2546  spend: 0.0175  w_freq: 0.669  w_spend: 0.669
Epoch  45/120 — train_loss: -0.1068  val_loss: -0.1151  freq: 0.2566  spend: 0.0168  w_freq: 0.673  w_spend: 0.673
Epoch  46/120 — train_loss: -0.1118  val_loss: -0.1196  freq: 0.2544  spend: 0.0186  w_freq: 0.676  w_spend: 0.676
Epoch  47/120 — train_loss: -0.1188  val_loss: -0.1246  freq: 0.2543  spend: 0.0187  w_freq: 0.680  w_spend: 0.680
Epoch  48/120 — train_loss: -0.1236  val_loss: -0.1293  freq: 0.2545  spend: 0.0185  w_freq: 0.684  w_spend: 0.684
Epoch  49/120 — train_loss: -0.1280  val_loss: -0.1310  freq: 0.2598  spend: 0.0177  w_freq: 0.688  w_spend: 0.689
Epoch  50/120 — train_loss: -0.1316  val_loss: -0.1222  freq: 0.2777  spend: 0.0186  w_freq: 0.692  w_spend: 0.692
Epoch  51/120 — train_loss: -0.1323  val_loss: -0.1431  freq: 0.2536  spend: 0.0176  w_freq: 0.695  w_spend: 0.696
Epoch  52/120 — train_loss: -0.1431  val_loss: -0.1485  freq: 0.2530  spend: 0.0171  w_freq: 0.698  w_spend: 0.699
Epoch  53/120 — train_loss: -0.1471  val_loss: -0.1526  freq: 0.2529  spend: 0.0182  w_freq: 0.702  w_spend: 0.703
Epoch  54/120 — train_loss: -0.1515  val_loss: -0.1551  freq: 0.2567  spend: 0.0172  w_freq: 0.706  w_spend: 0.708
Epoch  55/120 — train_loss: -0.1529  val_loss: -0.1608  freq: 0.2545  spend: 0.0169  w_freq: 0.710  w_spend: 0.712
Epoch  56/120 — train_loss: -0.1594  val_loss: -0.1639  freq: 0.2540  spend: 0.0189  w_freq: 0.713  w_spend: 0.715
Epoch  57/120 — train_loss: -0.1617  val_loss: -0.1688  freq: 0.2542  spend: 0.0176  w_freq: 0.717  w_spend: 0.719
Epoch  58/120 — train_loss: -0.1652  val_loss: -0.1746  freq: 0.2528  spend: 0.0163  w_freq: 0.720  w_spend: 0.723
Epoch  59/120 — train_loss: -0.1736  val_loss: -0.1782  freq: 0.2521  spend: 0.0172  w_freq: 0.723  w_spend: 0.726
Epoch  60/120 — train_loss: -0.1749  val_loss: -0.1821  freq: 0.2521  spend: 0.0172  w_freq: 0.727  w_spend: 0.730
Epoch  61/120 — train_loss: -0.1799  val_loss: -0.1857  freq: 0.2527  spend: 0.0172  w_freq: 0.730  w_spend: 0.733
Epoch  62/120 — train_loss: -0.1856  val_loss: -0.1867  freq: 0.2554  spend: 0.0184  w_freq: 0.734  w_spend: 0.737
Epoch  63/120 — train_loss: -0.1889  val_loss: -0.1927  freq: 0.2529  spend: 0.0178  w_freq: 0.737  w_spend: 0.740
Epoch  64/120 — train_loss: -0.1941  val_loss: -0.1963  freq: 0.2528  spend: 0.0183  w_freq: 0.740  w_spend: 0.744
Epoch  65/120 — train_loss: -0.1962  val_loss: -0.2007  freq: 0.2536  spend: 0.0169  w_freq: 0.744  w_spend: 0.748
Epoch  66/120 — train_loss: -0.2006  val_loss: -0.2056  freq: 0.2524  spend: 0.0167  w_freq: 0.747  w_spend: 0.752
Epoch  67/120 — train_loss: -0.2018  val_loss: -0.2052  freq: 0.2563  spend: 0.0171  w_freq: 0.750  w_spend: 0.755
Epoch  68/120 — train_loss: -0.2074  val_loss: -0.2076  freq: 0.2551  spend: 0.0192  w_freq: 0.753  w_spend: 0.758
Epoch  69/120 — train_loss: -0.2089  val_loss: -0.2135  freq: 0.2523  spend: 0.0187  w_freq: 0.756  w_spend: 0.761
Epoch  70/120 — train_loss: -0.2131  val_loss: -0.2164  freq: 0.2540  spend: 0.0171  w_freq: 0.759  w_spend: 0.764
Epoch  71/120 — train_loss: -0.2144  val_loss: -0.2184  freq: 0.2546  spend: 0.0179  w_freq: 0.762  w_spend: 0.767
Epoch  72/120 — train_loss: -0.2202  val_loss: -0.2243  freq: 0.2518  spend: 0.0166  w_freq: 0.765  w_spend: 0.770
Epoch  73/120 — train_loss: -0.2229  val_loss: -0.2272  freq: 0.2517  spend: 0.0165  w_freq: 0.767  w_spend: 0.772
Epoch  74/120 — train_loss: -0.2264  val_loss: -0.2224  freq: 0.2590  spend: 0.0189  w_freq: 0.770  w_spend: 0.775
Epoch  75/120 — train_loss: -0.2259  val_loss: -0.2322  freq: 0.2519  spend: 0.0164  w_freq: 0.772  w_spend: 0.778
Epoch  76/120 — train_loss: -0.2297  val_loss: -0.2288  freq: 0.2574  spend: 0.0179  w_freq: 0.774  w_spend: 0.780
Epoch  77/120 — train_loss: -0.2335  val_loss: -0.2355  freq: 0.2526  spend: 0.0170  w_freq: 0.776  w_spend: 0.782
Epoch  78/120 — train_loss: -0.2323  val_loss: -0.2366  freq: 0.2548  spend: 0.0165  w_freq: 0.778  w_spend: 0.785
Epoch  79/120 — train_loss: -0.2355  val_loss: -0.2401  freq: 0.2525  spend: 0.0173  w_freq: 0.781  w_spend: 0.787
Epoch  80/120 — train_loss: -0.2391  val_loss: -0.2416  freq: 0.2533  spend: 0.0171  w_freq: 0.783  w_spend: 0.789
Epoch  81/120 — train_loss: -0.2420  val_loss: -0.2401  freq: 0.2583  spend: 0.0164  w_freq: 0.785  w_spend: 0.791
Epoch  82/120 — train_loss: -0.2424  val_loss: -0.2474  freq: 0.2517  spend: 0.0161  w_freq: 0.786  w_spend: 0.793
Epoch  83/120 — train_loss: -0.2479  val_loss: -0.2487  freq: 0.2520  spend: 0.0164  w_freq: 0.788  w_spend: 0.795
Epoch  84/120 — train_loss: -0.2482  val_loss: -0.2429  freq: 0.2613  spend: 0.0166  w_freq: 0.790  w_spend: 0.797
Epoch  85/120 — train_loss: -0.2491  val_loss: -0.2479  freq: 0.2568  spend: 0.0165  w_freq: 0.791  w_spend: 0.798
Epoch  86/120 — train_loss: -0.2494  val_loss: -0.2518  freq: 0.2535  spend: 0.0169  w_freq: 0.793  w_spend: 0.800
Epoch  87/120 — train_loss: -0.2512  val_loss: -0.2545  freq: 0.2519  spend: 0.0170  w_freq: 0.794  w_spend: 0.802
Epoch  88/120 — train_loss: -0.2532  val_loss: -0.2564  freq: 0.2517  spend: 0.0166  w_freq: 0.796  w_spend: 0.803
Epoch  89/120 — train_loss: -0.2548  val_loss: -0.2571  freq: 0.2522  spend: 0.0169  w_freq: 0.797  w_spend: 0.804
Epoch  90/120 — train_loss: -0.2545  val_loss: -0.2578  freq: 0.2532  spend: 0.0165  w_freq: 0.798  w_spend: 0.806
Epoch  91/120 — train_loss: -0.2579  val_loss: -0.2596  freq: 0.2526  spend: 0.0164  w_freq: 0.800  w_spend: 0.807
Epoch  92/120 — train_loss: -0.2594  val_loss: -0.2589  freq: 0.2547  spend: 0.0165  w_freq: 0.801  w_spend: 0.808
Epoch  93/120 — train_loss: -0.2586  val_loss: -0.2619  freq: 0.2518  spend: 0.0168  w_freq: 0.802  w_spend: 0.809
Epoch  94/120 — train_loss: -0.2603  val_loss: -0.2620  freq: 0.2534  spend: 0.0164  w_freq: 0.803  w_spend: 0.810
Epoch  95/120 — train_loss: -0.2627  val_loss: -0.2644  freq: 0.2520  spend: 0.0161  w_freq: 0.804  w_spend: 0.812
Epoch  96/120 — train_loss: -0.2627  val_loss: -0.2633  freq: 0.2538  spend: 0.0166  w_freq: 0.805  w_spend: 0.812
Epoch  97/120 — train_loss: -0.2652  val_loss: -0.2652  freq: 0.2529  spend: 0.0162  w_freq: 0.805  w_spend: 0.813
Epoch  98/120 — train_loss: -0.2639  val_loss: -0.2652  freq: 0.2532  spend: 0.0167  w_freq: 0.806  w_spend: 0.814
Epoch  99/120 — train_loss: -0.2646  val_loss: -0.2657  freq: 0.2536  spend: 0.0164  w_freq: 0.807  w_spend: 0.815
Epoch 100/120 — train_loss: -0.2649  val_loss: -0.2638  freq: 0.2563  spend: 0.0167  w_freq: 0.807  w_spend: 0.815
Epoch 101/120 — train_loss: -0.2638  val_loss: -0.2663  freq: 0.2541  spend: 0.0166  w_freq: 0.808  w_spend: 0.816
Epoch 102/120 — train_loss: -0.2649  val_loss: -0.2664  freq: 0.2547  spend: 0.0164  w_freq: 0.808  w_spend: 0.817
Epoch 103/120 — train_loss: -0.2677  val_loss: -0.2670  freq: 0.2543  spend: 0.0166  w_freq: 0.809  w_spend: 0.817
Epoch 104/120 — train_loss: -0.2668  val_loss: -0.2674  freq: 0.2546  spend: 0.0162  w_freq: 0.809  w_spend: 0.817
Epoch 105/120 — train_loss: -0.2649  val_loss: -0.2687  freq: 0.2532  spend: 0.0165  w_freq: 0.810  w_spend: 0.818
Epoch 106/120 — train_loss: -0.2677  val_loss: -0.2682  freq: 0.2543  spend: 0.0164  w_freq: 0.810  w_spend: 0.818
Epoch 107/120 — train_loss: -0.2692  val_loss: -0.2687  freq: 0.2542  spend: 0.0162  w_freq: 0.810  w_spend: 0.818
Epoch 108/120 — train_loss: -0.2680  val_loss: -0.2691  freq: 0.2541  spend: 0.0162  w_freq: 0.810  w_spend: 0.819
Epoch 109/120 — train_loss: -0.2696  val_loss: -0.2696  freq: 0.2536  spend: 0.0162  w_freq: 0.811  w_spend: 0.819
Epoch 110/120 — train_loss: -0.2696  val_loss: -0.2682  freq: 0.2554  spend: 0.0163  w_freq: 0.811  w_spend: 0.819
Epoch 111/120 — train_loss: -0.2716  val_loss: -0.2696  freq: 0.2539  spend: 0.0163  w_freq: 0.811  w_spend: 0.819
Epoch 112/120 — train_loss: -0.2672  val_loss: -0.2692  freq: 0.2544  spend: 0.0164  w_freq: 0.811  w_spend: 0.819
Epoch 113/120 — train_loss: -0.2689  val_loss: -0.2692  freq: 0.2544  spend: 0.0164  w_freq: 0.811  w_spend: 0.820
Epoch 114/120 — train_loss: -0.2678  val_loss: -0.2692  freq: 0.2546  spend: 0.0164  w_freq: 0.811  w_spend: 0.820
Epoch 115/120 — train_loss: -0.2692  val_loss: -0.2694  freq: 0.2545  spend: 0.0164  w_freq: 0.811  w_spend: 0.820
Epoch 116/120 — train_loss: -0.2683  val_loss: -0.2691  freq: 0.2548  spend: 0.0164  w_freq: 0.811  w_spend: 0.820
Epoch 117/120 — train_loss: -0.2694  val_loss: -0.2691  freq: 0.2548  spend: 0.0164  w_freq: 0.811  w_spend: 0.820
Epoch 118/120 — train_loss: -0.2682  val_loss: -0.2692  freq: 0.2547  spend: 0.0164  w_freq: 0.811  w_spend: 0.820
Epoch 119/120 — train_loss: -0.2685  val_loss: -0.2692  freq: 0.2548  spend: 0.0164  w_freq: 0.811  w_spend: 0.820
Epoch 120/120 — train_loss: -0.2695  val_loss: -0.2692  freq: 0.2548  spend: 0.0164  w_freq: 0.811  w_spend: 0.820

Checkpoint saved: /kaggle/working/results/checkpoints/transformer_joint_uci_v7_seed2024_sample.pt
Validation-fitted softmax temperature: 0.7500

Duan's smearing factor (val): 1.2171
Validation aggregate calibration: freq_factor=1.8950, spend_factor=1.6444

Running autoregressive inference on holdout period ...
  inference mode: sample  n_scenarios: 30  temperature: 0.7500

=== Prediction Diagnostics ===
  Mean predicted freq/week:    0.0281
  Mean actual freq/week:       0.0656
  Over-prediction ratio:       0.428x
  Customers predicted as zero total:  0.758
  Customers actually zero total:      0.484
  Non-zero rate (pred, avg > 0.05):  0.123
  Non-zero rate (true):               0.055

Metrics saved: /kaggle/working/results/tables/transformer_joint_uci_v7_seed2024_sample_metrics.json
Array artifacts saved: /kaggle/working/results/tables/transformer_joint_uci_v7_seed2024_sample_arrays.npz

=== Holdout Evaluation ===
  metric_definition_version: valendin_aggregate_mape_v1
  freq_rmse: 3.7536
  freq_mae: 1.2848
  freq_normalized_gini: 0.7475
  freq_calibration_factor: 1.8950
  freq_horizon_abs_bias_pct: 18.8083
  bias_pct: -18.8083
  freq_weekly_mae: 90.3074
  freq_weekly_total_true: 8413.0000
  freq_weekly_total_pred: 6830.6609
  freq_valendin_mape: 27.9091
  freq_horizon_bias_pct: -18.8083
  freq_weekly_mean_pct_mape: 25.0913
  freq_weekly_mean_pct_bias_pct: -13.7217
  freq_weekly_bias_pct: -18.8083
  freq_weekly_mape: 27.9091
  freq_mape: 27.9091
  freq_mase: 0.8053
  freq_mase_scale: 0.1146
  smearing_factor: 1.2171
  spend_calibration_factor: 1.6444
  spend_mae_raw: 591.8996
  spend_rmse_raw: 3460.9175
  spend_normalized_gini: 0.8222
  spend_mae_log: 2.0531
  spend_rmse_log: 2.9512
  spend_r2_log: 0.2282
  spend_bias_pct: -32.7554
  spend_weekly_mae: 61438.1003
  spend_weekly_total_true: 4266929.6797
  spend_weekly_total_pred: 2869278.1864
  spend_valendin_mape: 37.4365
  spend_horizon_abs_bias_pct: 32.7554
  spend_horizon_bias_pct: -32.7554
  spend_weekly_mean_pct_mape: 34.3197
  spend_weekly_mean_pct_bias_pct: -26.3337
  spend_weekly_bias_pct: -32.7554
  spend_weekly_mape: 37.4365
  spend_mase: 1.1912
  spend_mase_scale: 36.7368
  clv_mae: 577.0317
  clv_rmse: 3376.4854
  clv_spearman: 0.5917
  clv_decile_lift: 6.1530
  clv_normalized_gini: 0.8227
  clv_total_true: 4160751.5000
  clv_total_pred: 2807699.0000
  calibration_temperature_source: rolling_origin_autoregressive
  validation_temperature: 0.7500
  smearing_source: rolling_origin_autoregressive
  calibration_source: rolling_origin_autoregressive
  validation_freq_true_total: 662.0000
  validation_freq_pred_total: 349.3495
  validation_spend_true_total: 287846.2422
  validation_spend_pred_total: 175044.9453
  validation_freq_calibration_factor: 1.8950
  validation_spend_calibration_factor: 1.6444
  validation_rolling_origin_count: 2
  protocol_name: uci_configured_78x26
  cohort_size: 4930
  calibration_weeks: 78
  holdout_weeks: 26
  inference_mode: sample
  n_scenarios: 30
  run_valid: False
  run_invalid_reason: absolute frequency bias -18.8% exceeds 15.0%
  run_warning: large frequency bias (-18.8%); large spend bias (-32.8%)
  epochs_completed: 120
  max_epochs_configured: 120
History saved: /kaggle/working/results/tables/transformer_joint_uci_v7_seed2024_sample_history.json
