[Kaggle] raw_dir  → /kaggle/working/input/tafeng-dataset
[Kaggle] results  → /kaggle/working/results
Config: experiments/configs/transformer_joint_tafeng_v7.yaml
Run: transformer_joint_tafeng_v7_seed2024_sample
Device: cuda
Loading dataset: tafeng ...
[pipeline] freq_cap=4 (auto q=0.99) → freq_bins=[0, 1, 2, 3]... (n_classes=5)
  Train customers: 25029, Val: 2780, Inference: 27809
[tafeng] Customers with 0 calibration transactions: 0 / 27809
  top-bin decode: class_values[-1] = 4.473 (max_trans = 4)
Model: transformer — 102,086 parameters

Training for up to 120 epochs ...
/kaggle/working/thesis-code/src/training/trainer.py:135: FutureWarning: `torch.cuda.amp.GradScaler(args...)` is deprecated. Please use `torch.amp.GradScaler('cuda', args...)` instead.
  self.scaler = torch.cuda.amp.GradScaler(enabled=self.amp_enabled)
[Kendall] log_vars frozen for 5 warm-up epochs.
Epoch   1/120 — train_loss: 1.4659  val_loss: 0.7321  freq: 1.4388  spend: 0.0254  w_freq: 0.500  w_spend: 0.500
Epoch   2/120 — train_loss: 0.4543  val_loss: 0.3401  freq: 0.6603  spend: 0.0198  w_freq: 0.500  w_spend: 0.500
Epoch   3/120 — train_loss: 0.3400  val_loss: 0.3190  freq: 0.6198  spend: 0.0181  w_freq: 0.500  w_spend: 0.500
Epoch   4/120 — train_loss: 0.3224  val_loss: 0.3097  freq: 0.6026  spend: 0.0168  w_freq: 0.500  w_spend: 0.500
Epoch   5/120 — train_loss: 0.3128  val_loss: 0.3025  freq: 0.5908  spend: 0.0143  w_freq: 0.500  w_spend: 0.500
[Kendall] log_vars unfrozen at epoch 6.
[spend-norm] frozen at 0.2253 (absolute val-loss magnitude shifts accordingly; early stopping is relative so this is safe)
Epoch   6/120 — train_loss: 0.3239  val_loss: 0.3019  freq: 0.5854  spend: 0.0490  w_freq: 0.505  w_spend: 0.505
Epoch   7/120 — train_loss: 0.3022  val_loss: 0.2821  freq: 0.5807  spend: 0.0470  w_freq: 0.518  w_spend: 0.518
Epoch   8/120 — train_loss: 0.2821  val_loss: 0.2627  freq: 0.5798  spend: 0.0421  w_freq: 0.530  w_spend: 0.530
Epoch   9/120 — train_loss: 0.2643  val_loss: 0.2479  freq: 0.5806  spend: 0.0429  w_freq: 0.543  w_spend: 0.544
Epoch  10/120 — train_loss: 0.2475  val_loss: 0.2303  freq: 0.5785  spend: 0.0407  w_freq: 0.555  w_spend: 0.556
Epoch  11/120 — train_loss: 0.2300  val_loss: 0.2135  freq: 0.5777  spend: 0.0393  w_freq: 0.567  w_spend: 0.570
Epoch  12/120 — train_loss: 0.2142  val_loss: 0.1990  freq: 0.5772  spend: 0.0406  w_freq: 0.580  w_spend: 0.584
Epoch  13/120 — train_loss: 0.1980  val_loss: 0.1849  freq: 0.5801  spend: 0.0389  w_freq: 0.592  w_spend: 0.598
Epoch  14/120 — train_loss: 0.1831  val_loss: 0.1702  freq: 0.5775  spend: 0.0404  w_freq: 0.604  w_spend: 0.613
Epoch  15/120 — train_loss: 0.1679  val_loss: 0.1527  freq: 0.5750  spend: 0.0381  w_freq: 0.617  w_spend: 0.627
Epoch  16/120 — train_loss: 0.1543  val_loss: 0.1411  freq: 0.5774  spend: 0.0386  w_freq: 0.629  w_spend: 0.643
Epoch  17/120 — train_loss: 0.1399  val_loss: 0.1250  freq: 0.5736  spend: 0.0376  w_freq: 0.640  w_spend: 0.657
Epoch  18/120 — train_loss: 0.1248  val_loss: 0.1121  freq: 0.5756  spend: 0.0371  w_freq: 0.652  w_spend: 0.673
Epoch  19/120 — train_loss: 0.1114  val_loss: 0.0980  freq: 0.5740  spend: 0.0375  w_freq: 0.664  w_spend: 0.689
Epoch  20/120 — train_loss: 0.0997  val_loss: 0.0861  freq: 0.5736  spend: 0.0382  w_freq: 0.675  w_spend: 0.705
Epoch  21/120 — train_loss: 0.0864  val_loss: 0.0735  freq: 0.5745  spend: 0.0376  w_freq: 0.686  w_spend: 0.721
Epoch  22/120 — train_loss: 0.0726  val_loss: 0.0611  freq: 0.5745  spend: 0.0380  w_freq: 0.697  w_spend: 0.738
Epoch  23/120 — train_loss: 0.0606  val_loss: 0.0472  freq: 0.5733  spend: 0.0370  w_freq: 0.708  w_spend: 0.756
Epoch  24/120 — train_loss: 0.0478  val_loss: 0.0363  freq: 0.5742  spend: 0.0368  w_freq: 0.718  w_spend: 0.773
Epoch  25/120 — train_loss: 0.0368  val_loss: 0.0246  freq: 0.5736  spend: 0.0370  w_freq: 0.727  w_spend: 0.790
Epoch  26/120 — train_loss: 0.0253  val_loss: 0.0126  freq: 0.5744  spend: 0.0358  w_freq: 0.737  w_spend: 0.808
Epoch  27/120 — train_loss: 0.0150  val_loss: 0.0044  freq: 0.5740  spend: 0.0380  w_freq: 0.746  w_spend: 0.825
Epoch  28/120 — train_loss: 0.0046  val_loss: -0.0057  freq: 0.5758  spend: 0.0359  w_freq: 0.753  w_spend: 0.840
Epoch  29/120 — train_loss: -0.0052  val_loss: -0.0145  freq: 0.5768  spend: 0.0365  w_freq: 0.761  w_spend: 0.857
Epoch  30/120 — train_loss: -0.0146  val_loss: -0.0262  freq: 0.5754  spend: 0.0359  w_freq: 0.769  w_spend: 0.875
Epoch  31/120 — train_loss: -0.0250  val_loss: -0.0371  freq: 0.5745  spend: 0.0355  w_freq: 0.776  w_spend: 0.893
Epoch  32/120 — train_loss: -0.0369  val_loss: -0.0487  freq: 0.5736  spend: 0.0350  w_freq: 0.783  w_spend: 0.911
Epoch  33/120 — train_loss: -0.0464  val_loss: -0.0588  freq: 0.5722  spend: 0.0357  w_freq: 0.790  w_spend: 0.930
Epoch  34/120 — train_loss: -0.0559  val_loss: -0.0668  freq: 0.5729  spend: 0.0361  w_freq: 0.796  w_spend: 0.948
Epoch  35/120 — train_loss: -0.0643  val_loss: -0.0759  freq: 0.5735  spend: 0.0359  w_freq: 0.801  w_spend: 0.967
Epoch  36/120 — train_loss: -0.0735  val_loss: -0.0817  freq: 0.5774  spend: 0.0362  w_freq: 0.807  w_spend: 0.986
Epoch  37/120 — train_loss: -0.0837  val_loss: -0.0952  freq: 0.5736  spend: 0.0353  w_freq: 0.812  w_spend: 1.005
Epoch  38/120 — train_loss: -0.0935  val_loss: -0.1013  freq: 0.5767  spend: 0.0358  w_freq: 0.817  w_spend: 1.025
Epoch  39/120 — train_loss: -0.1001  val_loss: -0.1141  freq: 0.5728  spend: 0.0349  w_freq: 0.822  w_spend: 1.045
Epoch  40/120 — train_loss: -0.1099  val_loss: -0.1213  freq: 0.5730  spend: 0.0362  w_freq: 0.826  w_spend: 1.064
Epoch  41/120 — train_loss: -0.1194  val_loss: -0.1283  freq: 0.5749  spend: 0.0360  w_freq: 0.830  w_spend: 1.084
Epoch  42/120 — train_loss: -0.1282  val_loss: -0.1370  freq: 0.5748  spend: 0.0358  w_freq: 0.833  w_spend: 1.103
Epoch  43/120 — train_loss: -0.1351  val_loss: -0.1440  freq: 0.5738  spend: 0.0374  w_freq: 0.836  w_spend: 1.123
Epoch  44/120 — train_loss: -0.1439  val_loss: -0.1510  freq: 0.5766  spend: 0.0360  w_freq: 0.839  w_spend: 1.142
Epoch  45/120 — train_loss: -0.1505  val_loss: -0.1597  freq: 0.5758  spend: 0.0358  w_freq: 0.842  w_spend: 1.162
Epoch  46/120 — train_loss: -0.1586  val_loss: -0.1715  freq: 0.5725  spend: 0.0345  w_freq: 0.844  w_spend: 1.181
Epoch  47/120 — train_loss: -0.1669  val_loss: -0.1777  freq: 0.5728  spend: 0.0354  w_freq: 0.847  w_spend: 1.200
Epoch  48/120 — train_loss: -0.1751  val_loss: -0.1857  freq: 0.5723  spend: 0.0355  w_freq: 0.849  w_spend: 1.221
Epoch  49/120 — train_loss: -0.1814  val_loss: -0.1912  freq: 0.5735  spend: 0.0360  w_freq: 0.851  w_spend: 1.241
Epoch  50/120 — train_loss: -0.1889  val_loss: -0.1965  freq: 0.5756  spend: 0.0358  w_freq: 0.853  w_spend: 1.260
Epoch  51/120 — train_loss: -0.1955  val_loss: -0.2055  freq: 0.5726  spend: 0.0359  w_freq: 0.854  w_spend: 1.279
Epoch  52/120 — train_loss: -0.2028  val_loss: -0.2095  freq: 0.5749  spend: 0.0364  w_freq: 0.855  w_spend: 1.297
Epoch  53/120 — train_loss: -0.2089  val_loss: -0.2182  freq: 0.5724  spend: 0.0363  w_freq: 0.857  w_spend: 1.316
Epoch  54/120 — train_loss: -0.2160  val_loss: -0.2250  freq: 0.5747  spend: 0.0346  w_freq: 0.858  w_spend: 1.335
Epoch  55/120 — train_loss: -0.2212  val_loss: -0.2321  freq: 0.5736  spend: 0.0347  w_freq: 0.859  w_spend: 1.354
Epoch  56/120 — train_loss: -0.2284  val_loss: -0.2390  freq: 0.5729  spend: 0.0346  w_freq: 0.860  w_spend: 1.372
Epoch  57/120 — train_loss: -0.2353  val_loss: -0.2447  freq: 0.5724  spend: 0.0351  w_freq: 0.861  w_spend: 1.391
Epoch  58/120 — train_loss: -0.2382  val_loss: -0.2484  freq: 0.5735  spend: 0.0359  w_freq: 0.861  w_spend: 1.409
Epoch  59/120 — train_loss: -0.2463  val_loss: -0.2533  freq: 0.5750  spend: 0.0354  w_freq: 0.862  w_spend: 1.427
Epoch  60/120 — train_loss: -0.2511  val_loss: -0.2609  freq: 0.5725  spend: 0.0353  w_freq: 0.863  w_spend: 1.444
Epoch  61/120 — train_loss: -0.2557  val_loss: -0.2663  freq: 0.5728  spend: 0.0350  w_freq: 0.863  w_spend: 1.461
Epoch  62/120 — train_loss: -0.2607  val_loss: -0.2713  freq: 0.5732  spend: 0.0348  w_freq: 0.864  w_spend: 1.478
Epoch  63/120 — train_loss: -0.2672  val_loss: -0.2765  freq: 0.5726  spend: 0.0350  w_freq: 0.864  w_spend: 1.495
Epoch  64/120 — train_loss: -0.2701  val_loss: -0.2820  freq: 0.5726  spend: 0.0346  w_freq: 0.865  w_spend: 1.511
Epoch  65/120 — train_loss: -0.2770  val_loss: -0.2857  freq: 0.5725  spend: 0.0353  w_freq: 0.865  w_spend: 1.528
Epoch  66/120 — train_loss: -0.2802  val_loss: -0.2848  freq: 0.5771  spend: 0.0362  w_freq: 0.866  w_spend: 1.543
Epoch  67/120 — train_loss: -0.2861  val_loss: -0.2898  freq: 0.5727  spend: 0.0380  w_freq: 0.866  w_spend: 1.558
Epoch  68/120 — train_loss: -0.2897  val_loss: -0.2978  freq: 0.5735  spend: 0.0350  w_freq: 0.866  w_spend: 1.572
Epoch  69/120 — train_loss: -0.2917  val_loss: -0.3005  freq: 0.5734  spend: 0.0359  w_freq: 0.866  w_spend: 1.586
Epoch  70/120 — train_loss: -0.2958  val_loss: -0.3060  freq: 0.5737  spend: 0.0347  w_freq: 0.866  w_spend: 1.601
Epoch  71/120 — train_loss: -0.3005  val_loss: -0.3074  freq: 0.5751  spend: 0.0354  w_freq: 0.867  w_spend: 1.615
Epoch  72/120 — train_loss: -0.3045  val_loss: -0.3137  freq: 0.5726  spend: 0.0352  w_freq: 0.867  w_spend: 1.629
Epoch  73/120 — train_loss: -0.3085  val_loss: -0.3177  freq: 0.5731  spend: 0.0347  w_freq: 0.867  w_spend: 1.642
Epoch  74/120 — train_loss: -0.3090  val_loss: -0.3208  freq: 0.5732  spend: 0.0349  w_freq: 0.867  w_spend: 1.655
Epoch  75/120 — train_loss: -0.3154  val_loss: -0.3243  freq: 0.5734  spend: 0.0347  w_freq: 0.867  w_spend: 1.668
Epoch  76/120 — train_loss: -0.3179  val_loss: -0.3266  freq: 0.5735  spend: 0.0351  w_freq: 0.867  w_spend: 1.681
Epoch  77/120 — train_loss: -0.3190  val_loss: -0.3302  freq: 0.5732  spend: 0.0350  w_freq: 0.867  w_spend: 1.692
Epoch  78/120 — train_loss: -0.3228  val_loss: -0.3331  freq: 0.5737  spend: 0.0348  w_freq: 0.867  w_spend: 1.704
Epoch  79/120 — train_loss: -0.3273  val_loss: -0.3354  freq: 0.5735  spend: 0.0352  w_freq: 0.867  w_spend: 1.715
Epoch  80/120 — train_loss: -0.3295  val_loss: -0.3387  freq: 0.5726  spend: 0.0353  w_freq: 0.867  w_spend: 1.726
Epoch  81/120 — train_loss: -0.3325  val_loss: -0.3417  freq: 0.5726  spend: 0.0350  w_freq: 0.868  w_spend: 1.736
Epoch  82/120 — train_loss: -0.3351  val_loss: -0.3422  freq: 0.5740  spend: 0.0353  w_freq: 0.868  w_spend: 1.746
Epoch  83/120 — train_loss: -0.3370  val_loss: -0.3442  freq: 0.5736  spend: 0.0358  w_freq: 0.868  w_spend: 1.755
Epoch  84/120 — train_loss: -0.3370  val_loss: -0.3473  freq: 0.5738  spend: 0.0352  w_freq: 0.868  w_spend: 1.765
Epoch  85/120 — train_loss: -0.3409  val_loss: -0.3492  freq: 0.5731  spend: 0.0356  w_freq: 0.868  w_spend: 1.773
Epoch  86/120 — train_loss: -0.3420  val_loss: -0.3517  freq: 0.5738  spend: 0.0350  w_freq: 0.868  w_spend: 1.782
Epoch  87/120 — train_loss: -0.3449  val_loss: -0.3541  freq: 0.5731  spend: 0.0352  w_freq: 0.868  w_spend: 1.790
Epoch  88/120 — train_loss: -0.3448  val_loss: -0.3547  freq: 0.5744  spend: 0.0352  w_freq: 0.868  w_spend: 1.798
Epoch  89/120 — train_loss: -0.3485  val_loss: -0.3565  freq: 0.5741  spend: 0.0352  w_freq: 0.868  w_spend: 1.805
Epoch  90/120 — train_loss: -0.3501  val_loss: -0.3586  freq: 0.5743  spend: 0.0350  w_freq: 0.868  w_spend: 1.812
Epoch  91/120 — train_loss: -0.3483  val_loss: -0.3601  freq: 0.5738  spend: 0.0352  w_freq: 0.868  w_spend: 1.818
Epoch  92/120 — train_loss: -0.3505  val_loss: -0.3612  freq: 0.5744  spend: 0.0351  w_freq: 0.868  w_spend: 1.825
Epoch  93/120 — train_loss: -0.3543  val_loss: -0.3632  freq: 0.5732  spend: 0.0353  w_freq: 0.868  w_spend: 1.831
Epoch  94/120 — train_loss: -0.3559  val_loss: -0.3641  freq: 0.5741  spend: 0.0351  w_freq: 0.868  w_spend: 1.836
Epoch  95/120 — train_loss: -0.3566  val_loss: -0.3636  freq: 0.5759  spend: 0.0352  w_freq: 0.868  w_spend: 1.841
Epoch  96/120 — train_loss: -0.3590  val_loss: -0.3653  freq: 0.5746  spend: 0.0354  w_freq: 0.868  w_spend: 1.846
Epoch  97/120 — train_loss: -0.3587  val_loss: -0.3682  freq: 0.5730  spend: 0.0351  w_freq: 0.868  w_spend: 1.850
Epoch  98/120 — train_loss: -0.3592  val_loss: -0.3682  freq: 0.5737  spend: 0.0353  w_freq: 0.868  w_spend: 1.854
Epoch  99/120 — train_loss: -0.3593  val_loss: -0.3686  freq: 0.5743  spend: 0.0353  w_freq: 0.868  w_spend: 1.858
Epoch 100/120 — train_loss: -0.3593  val_loss: -0.3700  freq: 0.5736  spend: 0.0352  w_freq: 0.868  w_spend: 1.862
Epoch 101/120 — train_loss: -0.3615  val_loss: -0.3700  freq: 0.5744  spend: 0.0353  w_freq: 0.868  w_spend: 1.865
Epoch 102/120 — train_loss: -0.3593  val_loss: -0.3704  freq: 0.5748  spend: 0.0352  w_freq: 0.868  w_spend: 1.868
Epoch 103/120 — train_loss: -0.3628  val_loss: -0.3718  freq: 0.5738  spend: 0.0352  w_freq: 0.868  w_spend: 1.871
Epoch 104/120 — train_loss: -0.3627  val_loss: -0.3719  freq: 0.5741  spend: 0.0353  w_freq: 0.868  w_spend: 1.873
Epoch 105/120 — train_loss: -0.3608  val_loss: -0.3721  freq: 0.5743  spend: 0.0354  w_freq: 0.868  w_spend: 1.875
Epoch 106/120 — train_loss: -0.3619  val_loss: -0.3730  freq: 0.5739  spend: 0.0353  w_freq: 0.868  w_spend: 1.877
Epoch 107/120 — train_loss: -0.3626  val_loss: -0.3734  freq: 0.5740  spend: 0.0352  w_freq: 0.868  w_spend: 1.878
Epoch 108/120 — train_loss: -0.3619  val_loss: -0.3738  freq: 0.5738  spend: 0.0352  w_freq: 0.868  w_spend: 1.880
Epoch 109/120 — train_loss: -0.3621  val_loss: -0.3735  freq: 0.5745  spend: 0.0352  w_freq: 0.868  w_spend: 1.881
Epoch 110/120 — train_loss: -0.3628  val_loss: -0.3736  freq: 0.5742  spend: 0.0354  w_freq: 0.868  w_spend: 1.882
Epoch 111/120 — train_loss: -0.3611  val_loss: -0.3739  freq: 0.5744  spend: 0.0353  w_freq: 0.868  w_spend: 1.883
Epoch 112/120 — train_loss: -0.3629  val_loss: -0.3739  freq: 0.5746  spend: 0.0353  w_freq: 0.868  w_spend: 1.884
Epoch 113/120 — train_loss: -0.3629  val_loss: -0.3742  freq: 0.5744  spend: 0.0352  w_freq: 0.868  w_spend: 1.884
Epoch 114/120 — train_loss: -0.3621  val_loss: -0.3744  freq: 0.5743  spend: 0.0352  w_freq: 0.868  w_spend: 1.884
Epoch 115/120 — train_loss: -0.3637  val_loss: -0.3744  freq: 0.5744  spend: 0.0352  w_freq: 0.868  w_spend: 1.885
Epoch 116/120 — train_loss: -0.3613  val_loss: -0.3744  freq: 0.5745  spend: 0.0352  w_freq: 0.868  w_spend: 1.885
Epoch 117/120 — train_loss: -0.3632  val_loss: -0.3744  freq: 0.5745  spend: 0.0352  w_freq: 0.868  w_spend: 1.885
Epoch 118/120 — train_loss: -0.3623  val_loss: -0.3743  freq: 0.5745  spend: 0.0352  w_freq: 0.868  w_spend: 1.885
Epoch 119/120 — train_loss: -0.3612  val_loss: -0.3743  freq: 0.5745  spend: 0.0352  w_freq: 0.868  w_spend: 1.885
Epoch 120/120 — train_loss: -0.3622  val_loss: -0.3743  freq: 0.5745  spend: 0.0352  w_freq: 0.868  w_spend: 1.885

Checkpoint saved: /kaggle/working/results/checkpoints/transformer_joint_tafeng_v7_seed2024_sample.pt
Validation-fitted softmax temperature: 0.7500

Duan's smearing factor (val): 1.8020
Validation aggregate calibration: freq_factor=1.5679, spend_factor=1.3729

Running autoregressive inference on holdout period ...
  inference mode: sample  n_scenarios: 30  temperature: 0.7500

=== Prediction Diagnostics ===
  Mean predicted freq/week:    0.0953
  Mean actual freq/week:       0.2167
  Over-prediction ratio:       0.440x
  Customers predicted as zero total:  0.757
  Customers actually zero total:      0.504
  Non-zero rate (pred, avg > 0.05):  0.404
  Non-zero rate (true):               0.175

Metrics saved: /kaggle/working/results/tables/transformer_joint_tafeng_v7_seed2024_sample_metrics.json
Array artifacts saved: /kaggle/working/results/tables/transformer_joint_tafeng_v7_seed2024_sample_arrays.npz

=== Holdout Evaluation ===
  metric_definition_version: valendin_aggregate_mape_v1
  freq_rmse: 1.2991
  freq_mae: 0.8236
  freq_normalized_gini: 0.6177
  freq_calibration_factor: 1.5679
  freq_horizon_abs_bias_pct: 31.0670
  bias_pct: -31.0670
  freq_weekly_mae: 4254.1699
  freq_weekly_total_true: 30127.0000
  freq_weekly_total_pred: 20767.4415
  freq_valendin_mape: 70.6039
  freq_horizon_bias_pct: -31.0670
  freq_weekly_mean_pct_mape: 75.2299
  freq_weekly_mean_pct_bias_pct: -17.6039
  freq_weekly_bias_pct: -31.0670
  freq_weekly_mape: 70.6039
  freq_mape: 70.6039
  freq_mase: 0.7654
  freq_mase_scale: 0.3519
  smearing_factor: 1.8020
  spend_calibration_factor: 1.3729
  spend_mae_raw: 800.9410
  spend_rmse_raw: 3003.1782
  spend_normalized_gini: 0.5391
  spend_mae_log: 3.3535
  spend_rmse_log: 4.1733
  spend_r2_log: -0.3973
  spend_bias_pct: -9.1622
  spend_weekly_mae: 3944024.4760
  spend_weekly_total_true: 23513493.8879
  spend_weekly_total_pred: 21359140.0545
  spend_valendin_mape: 83.8673
  spend_horizon_abs_bias_pct: 9.1622
  spend_horizon_bias_pct: -9.1622
  spend_weekly_mean_pct_mape: 93.5593
  spend_weekly_mean_pct_bias_pct: 6.9188
  spend_weekly_bias_pct: -9.1622
  spend_weekly_mape: 83.8673
  spend_mase: 0.8832
  spend_mase_scale: 289.2989
  clv_mae: 800.9410
  clv_rmse: 3003.1782
  clv_spearman: 0.3933
  clv_decile_lift: 3.4302
  clv_normalized_gini: 0.5391
  clv_total_true: 23513494.0000
  clv_total_pred: 21359140.0000
  calibration_temperature_source: rolling_origin_autoregressive
  validation_temperature: 0.7500
  smearing_source: rolling_origin_autoregressive
  calibration_source: rolling_origin_autoregressive
  validation_freq_true_total: 2897.0000
  validation_freq_pred_total: 1847.6843
  validation_spend_true_total: 3010621.0000
  validation_spend_pred_total: 2192914.5625
  validation_freq_calibration_factor: 1.5679
  validation_spend_calibration_factor: 1.3729
  validation_rolling_origin_count: 2
  protocol_name: tafeng_configured_12x5
  cohort_size: 27809
  calibration_weeks: 12
  holdout_weeks: 5
  inference_mode: sample
  n_scenarios: 30
  run_valid: False
  run_invalid_reason: absolute frequency bias -31.1% exceeds 15.0%
  run_warning: large frequency bias (-31.1%)
  epochs_completed: 120
  max_epochs_configured: 120
History saved: /kaggle/working/results/tables/transformer_joint_tafeng_v7_seed2024_sample_history.json
