[Kaggle] raw_dir  → /kaggle/working/input/dunnhumby
[Kaggle] results  → /kaggle/working/results
Config: experiments/configs/transformer_joint_dunnhumby_v7.yaml
Run: transformer_joint_dunnhumby_v7_seed42_sample
Device: cuda
Loading dataset: dunnhumby ...
[pipeline] freq_cap=10 (auto q=0.99) → freq_bins=[0, 1, 2, 3]... (n_classes=11)
  Train customers: 2249, Val: 249, Inference: 2498
[dunnhumby] Customers with 0 calibration transactions: 0 / 2498
  top-bin decode: class_values[-1] = 13.099 (max_trans = 10)
Model: transformer — 102,569 parameters

Training for up to 120 epochs ...
/kaggle/working/thesis-code/src/training/trainer.py:135: FutureWarning: `torch.cuda.amp.GradScaler(args...)` is deprecated. Please use `torch.amp.GradScaler('cuda', args...)` instead.
  self.scaler = torch.cuda.amp.GradScaler(enabled=self.amp_enabled)
[Kendall] log_vars frozen for 5 warm-up epochs.
Epoch   1/120 — train_loss: 3.1106  val_loss: 2.8435  freq: 5.4642  spend: 0.2228  w_freq: 0.500  w_spend: 0.500
Epoch   2/120 — train_loss: 2.7739  val_loss: 2.3184  freq: 4.4326  spend: 0.2042  w_freq: 0.500  w_spend: 0.500
Epoch   3/120 — train_loss: 2.1860  val_loss: 1.6350  freq: 3.0946  spend: 0.1753  w_freq: 0.500  w_spend: 0.500
Epoch   4/120 — train_loss: 1.5658  val_loss: 1.1108  freq: 2.0951  spend: 0.1264  w_freq: 0.500  w_spend: 0.500
Epoch   5/120 — train_loss: 1.0996  val_loss: 0.8401  freq: 1.5793  spend: 0.1010  w_freq: 0.500  w_spend: 0.500
[Kendall] log_vars unfrozen at epoch 6.
[spend-norm] frozen at 0.1882 (absolute val-loss magnitude shifts accordingly; early stopping is relative so this is safe)
Epoch   6/120 — train_loss: 1.0830  val_loss: 0.8883  freq: 1.4988  spend: 0.2828  w_freq: 0.499  w_spend: 0.501
Epoch   7/120 — train_loss: 0.9163  val_loss: 0.7365  freq: 1.3828  spend: 0.1010  w_freq: 0.497  w_spend: 0.503
Epoch   8/120 — train_loss: 0.8168  val_loss: 0.6414  freq: 1.3647  spend: -0.0638  w_freq: 0.495  w_spend: 0.505
Epoch   9/120 — train_loss: 0.7346  val_loss: 0.5852  freq: 1.3591  spend: -0.1627  w_freq: 0.493  w_spend: 0.508
Epoch  10/120 — train_loss: 0.6839  val_loss: 0.5441  freq: 1.3444  spend: -0.2218  w_freq: 0.492  w_spend: 0.510
Epoch  11/120 — train_loss: 0.6458  val_loss: 0.5162  freq: 1.3228  spend: -0.2470  w_freq: 0.490  w_spend: 0.513
Epoch  12/120 — train_loss: 0.6191  val_loss: 0.4904  freq: 1.3097  spend: -0.2763  w_freq: 0.487  w_spend: 0.516
Epoch  13/120 — train_loss: 0.5973  val_loss: 0.4724  freq: 1.2997  spend: -0.2948  w_freq: 0.485  w_spend: 0.519
Epoch  14/120 — train_loss: 0.5805  val_loss: 0.4635  freq: 1.2925  spend: -0.2990  w_freq: 0.484  w_spend: 0.521
Epoch  15/120 — train_loss: 0.5679  val_loss: 0.4493  freq: 1.2852  spend: -0.3131  w_freq: 0.482  w_spend: 0.523
Epoch  16/120 — train_loss: 0.5492  val_loss: 0.4352  freq: 1.2801  spend: -0.3282  w_freq: 0.481  w_spend: 0.526
Epoch  17/120 — train_loss: 0.5322  val_loss: 0.4164  freq: 1.2725  spend: -0.3485  w_freq: 0.479  w_spend: 0.529
Epoch  18/120 — train_loss: 0.5161  val_loss: 0.4072  freq: 1.2681  spend: -0.3533  w_freq: 0.477  w_spend: 0.532
Epoch  19/120 — train_loss: 0.5032  val_loss: 0.3908  freq: 1.2644  spend: -0.3727  w_freq: 0.475  w_spend: 0.535
Epoch  20/120 — train_loss: 0.4864  val_loss: 0.3748  freq: 1.2582  spend: -0.3897  w_freq: 0.473  w_spend: 0.538
Epoch  21/120 — train_loss: 0.4720  val_loss: 0.3681  freq: 1.2578  spend: -0.3945  w_freq: 0.471  w_spend: 0.541
Epoch  22/120 — train_loss: 0.4649  val_loss: 0.3553  freq: 1.2538  spend: -0.4078  w_freq: 0.470  w_spend: 0.543
Epoch  23/120 — train_loss: 0.4538  val_loss: 0.3464  freq: 1.2515  spend: -0.4153  w_freq: 0.469  w_spend: 0.546
Epoch  24/120 — train_loss: 0.4447  val_loss: 0.3366  freq: 1.2501  spend: -0.4245  w_freq: 0.467  w_spend: 0.548
Epoch  25/120 — train_loss: 0.4331  val_loss: 0.3339  freq: 1.2479  spend: -0.4199  w_freq: 0.465  w_spend: 0.551
Epoch  26/120 — train_loss: 0.4270  val_loss: 0.3270  freq: 1.2459  spend: -0.4238  w_freq: 0.464  w_spend: 0.554
Epoch  27/120 — train_loss: 0.4157  val_loss: 0.3227  freq: 1.2452  spend: -0.4247  w_freq: 0.462  w_spend: 0.557
Epoch  28/120 — train_loss: 0.4147  val_loss: 0.3142  freq: 1.2441  spend: -0.4328  w_freq: 0.461  w_spend: 0.559
Epoch  29/120 — train_loss: 0.4052  val_loss: 0.3193  freq: 1.2453  spend: -0.4193  w_freq: 0.460  w_spend: 0.562
Epoch  30/120 — train_loss: 0.3993  val_loss: 0.3112  freq: 1.2417  spend: -0.4258  w_freq: 0.459  w_spend: 0.564
Epoch  31/120 — train_loss: 0.3959  val_loss: 0.3067  freq: 1.2420  spend: -0.4293  w_freq: 0.458  w_spend: 0.566
Epoch  32/120 — train_loss: 0.3916  val_loss: 0.3078  freq: 1.2406  spend: -0.4213  w_freq: 0.457  w_spend: 0.568
Epoch  33/120 — train_loss: 0.3877  val_loss: 0.3093  freq: 1.2420  spend: -0.4152  w_freq: 0.456  w_spend: 0.570
Epoch  34/120 — train_loss: 0.3798  val_loss: 0.2945  freq: 1.2390  spend: -0.4341  w_freq: 0.455  w_spend: 0.571
Epoch  35/120 — train_loss: 0.3794  val_loss: 0.2933  freq: 1.2406  spend: -0.4323  w_freq: 0.454  w_spend: 0.574
Epoch  36/120 — train_loss: 0.3724  val_loss: 0.2903  freq: 1.2386  spend: -0.4307  w_freq: 0.453  w_spend: 0.576
Epoch  37/120 — train_loss: 0.3671  val_loss: 0.2868  freq: 1.2382  spend: -0.4309  w_freq: 0.452  w_spend: 0.578
Epoch  38/120 — train_loss: 0.3643  val_loss: 0.2914  freq: 1.2396  spend: -0.4188  w_freq: 0.451  w_spend: 0.580
Epoch  39/120 — train_loss: 0.3609  val_loss: 0.2809  freq: 1.2366  spend: -0.4300  w_freq: 0.450  w_spend: 0.582
Epoch  40/120 — train_loss: 0.3550  val_loss: 0.2753  freq: 1.2355  spend: -0.4339  w_freq: 0.449  w_spend: 0.585
Epoch  41/120 — train_loss: 0.3586  val_loss: 0.2810  freq: 1.2354  spend: -0.4200  w_freq: 0.448  w_spend: 0.587
Epoch  42/120 — train_loss: 0.3484  val_loss: 0.2721  freq: 1.2342  spend: -0.4300  w_freq: 0.448  w_spend: 0.588
Epoch  43/120 — train_loss: 0.3436  val_loss: 0.2670  freq: 1.2339  spend: -0.4334  w_freq: 0.447  w_spend: 0.590
Epoch  44/120 — train_loss: 0.3394  val_loss: 0.2650  freq: 1.2329  spend: -0.4311  w_freq: 0.446  w_spend: 0.593
Epoch  45/120 — train_loss: 0.3310  val_loss: 0.2595  freq: 1.2325  spend: -0.4356  w_freq: 0.445  w_spend: 0.595
Epoch  46/120 — train_loss: 0.3392  val_loss: 0.2550  freq: 1.2316  spend: -0.4372  w_freq: 0.444  w_spend: 0.597
Epoch  47/120 — train_loss: 0.3299  val_loss: 0.2549  freq: 1.2301  spend: -0.4319  w_freq: 0.443  w_spend: 0.599
Epoch  48/120 — train_loss: 0.3282  val_loss: 0.2535  freq: 1.2313  spend: -0.4311  w_freq: 0.443  w_spend: 0.601
Epoch  49/120 — train_loss: 0.3216  val_loss: 0.2478  freq: 1.2295  spend: -0.4352  w_freq: 0.442  w_spend: 0.603
Epoch  50/120 — train_loss: 0.3225  val_loss: 0.2450  freq: 1.2301  spend: -0.4360  w_freq: 0.441  w_spend: 0.605
Epoch  51/120 — train_loss: 0.3140  val_loss: 0.2435  freq: 1.2301  spend: -0.4344  w_freq: 0.440  w_spend: 0.607
Epoch  52/120 — train_loss: 0.3157  val_loss: 0.2472  freq: 1.2300  spend: -0.4243  w_freq: 0.440  w_spend: 0.609
Epoch  53/120 — train_loss: 0.3104  val_loss: 0.2421  freq: 1.2291  spend: -0.4284  w_freq: 0.439  w_spend: 0.610
Epoch  54/120 — train_loss: 0.3040  val_loss: 0.2343  freq: 1.2280  spend: -0.4370  w_freq: 0.438  w_spend: 0.612
Epoch  55/120 — train_loss: 0.3083  val_loss: 0.2308  freq: 1.2277  spend: -0.4395  w_freq: 0.438  w_spend: 0.614
Epoch  56/120 — train_loss: 0.3036  val_loss: 0.2302  freq: 1.2282  spend: -0.4377  w_freq: 0.437  w_spend: 0.615
Epoch  57/120 — train_loss: 0.2964  val_loss: 0.2367  freq: 1.2270  spend: -0.4231  w_freq: 0.437  w_spend: 0.617
Epoch  58/120 — train_loss: 0.2977  val_loss: 0.2272  freq: 1.2276  spend: -0.4354  w_freq: 0.436  w_spend: 0.618
Epoch  59/120 — train_loss: 0.2968  val_loss: 0.2295  freq: 1.2259  spend: -0.4274  w_freq: 0.436  w_spend: 0.620
Epoch  60/120 — train_loss: 0.2908  val_loss: 0.2223  freq: 1.2259  spend: -0.4360  w_freq: 0.435  w_spend: 0.621
Epoch  61/120 — train_loss: 0.2880  val_loss: 0.2267  freq: 1.2256  spend: -0.4253  w_freq: 0.435  w_spend: 0.623
Epoch  62/120 — train_loss: 0.2930  val_loss: 0.2197  freq: 1.2250  spend: -0.4327  w_freq: 0.434  w_spend: 0.625
Epoch  63/120 — train_loss: 0.2868  val_loss: 0.2182  freq: 1.2249  spend: -0.4315  w_freq: 0.433  w_spend: 0.626
Epoch  64/120 — train_loss: 0.2816  val_loss: 0.2224  freq: 1.2255  spend: -0.4220  w_freq: 0.433  w_spend: 0.628
Epoch  65/120 — train_loss: 0.2811  val_loss: 0.2126  freq: 1.2244  spend: -0.4340  w_freq: 0.432  w_spend: 0.630
Epoch  66/120 — train_loss: 0.2775  val_loss: 0.2135  freq: 1.2241  spend: -0.4298  w_freq: 0.432  w_spend: 0.631
Epoch  67/120 — train_loss: 0.2758  val_loss: 0.2146  freq: 1.2241  spend: -0.4249  w_freq: 0.431  w_spend: 0.632
Epoch  68/120 — train_loss: 0.2797  val_loss: 0.2157  freq: 1.2241  spend: -0.4202  w_freq: 0.431  w_spend: 0.634
Epoch  69/120 — train_loss: 0.2751  val_loss: 0.2139  freq: 1.2230  spend: -0.4197  w_freq: 0.430  w_spend: 0.635
Epoch  70/120 — train_loss: 0.2723  val_loss: 0.2059  freq: 1.2236  spend: -0.4304  w_freq: 0.430  w_spend: 0.637
Epoch  71/120 — train_loss: 0.2708  val_loss: 0.2110  freq: 1.2224  spend: -0.4193  w_freq: 0.430  w_spend: 0.638
Epoch  72/120 — train_loss: 0.2675  val_loss: 0.2041  freq: 1.2221  spend: -0.4275  w_freq: 0.429  w_spend: 0.639
Epoch  73/120 — train_loss: 0.2664  val_loss: 0.2025  freq: 1.2227  spend: -0.4278  w_freq: 0.429  w_spend: 0.640
Epoch  74/120 — train_loss: 0.2662  val_loss: 0.2039  freq: 1.2222  spend: -0.4229  w_freq: 0.428  w_spend: 0.642
Epoch  75/120 — train_loss: 0.2632  val_loss: 0.1995  freq: 1.2218  spend: -0.4275  w_freq: 0.428  w_spend: 0.643
Epoch  76/120 — train_loss: 0.2615  val_loss: 0.1958  freq: 1.2213  spend: -0.4311  w_freq: 0.428  w_spend: 0.644
Epoch  77/120 — train_loss: 0.2626  val_loss: 0.1989  freq: 1.2219  spend: -0.4246  w_freq: 0.427  w_spend: 0.645
Epoch  78/120 — train_loss: 0.2594  val_loss: 0.1967  freq: 1.2208  spend: -0.4256  w_freq: 0.427  w_spend: 0.646
Epoch  79/120 — train_loss: 0.2575  val_loss: 0.1966  freq: 1.2209  spend: -0.4240  w_freq: 0.427  w_spend: 0.647
Epoch  80/120 — train_loss: 0.2631  val_loss: 0.1966  freq: 1.2208  spend: -0.4222  w_freq: 0.426  w_spend: 0.648
Epoch  81/120 — train_loss: 0.2555  val_loss: 0.1940  freq: 1.2207  spend: -0.4244  w_freq: 0.426  w_spend: 0.649
Epoch  82/120 — train_loss: 0.2535  val_loss: 0.1981  freq: 1.2209  spend: -0.4167  w_freq: 0.426  w_spend: 0.650
Epoch  83/120 — train_loss: 0.2560  val_loss: 0.1921  freq: 1.2204  spend: -0.4242  w_freq: 0.426  w_spend: 0.650
Epoch  84/120 — train_loss: 0.2540  val_loss: 0.1928  freq: 1.2208  spend: -0.4218  w_freq: 0.425  w_spend: 0.651
Epoch  85/120 — train_loss: 0.2580  val_loss: 0.1924  freq: 1.2193  spend: -0.4202  w_freq: 0.425  w_spend: 0.652
Epoch  86/120 — train_loss: 0.2533  val_loss: 0.1900  freq: 1.2196  spend: -0.4227  w_freq: 0.425  w_spend: 0.653
Epoch  87/120 — train_loss: 0.2506  val_loss: 0.1892  freq: 1.2205  spend: -0.4233  w_freq: 0.425  w_spend: 0.653
Epoch  88/120 — train_loss: 0.2481  val_loss: 0.1844  freq: 1.2201  spend: -0.4292  w_freq: 0.424  w_spend: 0.654
Epoch  89/120 — train_loss: 0.2490  val_loss: 0.1895  freq: 1.2192  spend: -0.4197  w_freq: 0.424  w_spend: 0.655
Epoch  90/120 — train_loss: 0.2447  val_loss: 0.1862  freq: 1.2196  spend: -0.4240  w_freq: 0.424  w_spend: 0.655
Epoch  91/120 — train_loss: 0.2457  val_loss: 0.1900  freq: 1.2200  spend: -0.4176  w_freq: 0.424  w_spend: 0.656
Epoch  92/120 — train_loss: 0.2512  val_loss: 0.1907  freq: 1.2195  spend: -0.4151  w_freq: 0.424  w_spend: 0.656
Epoch  93/120 — train_loss: 0.2481  val_loss: 0.1882  freq: 1.2194  spend: -0.4181  w_freq: 0.424  w_spend: 0.657
Epoch  94/120 — train_loss: 0.2522  val_loss: 0.1900  freq: 1.2191  spend: -0.4143  w_freq: 0.423  w_spend: 0.657
Epoch  95/120 — train_loss: 0.2499  val_loss: 0.1860  freq: 1.2197  spend: -0.4201  w_freq: 0.423  w_spend: 0.658
Epoch  96/120 — train_loss: 0.2531  val_loss: 0.1897  freq: 1.2192  spend: -0.4135  w_freq: 0.423  w_spend: 0.658
Epoch  97/120 — train_loss: 0.2530  val_loss: 0.1846  freq: 1.2202  spend: -0.4213  w_freq: 0.423  w_spend: 0.658
Epoch  98/120 — train_loss: 0.2444  val_loss: 0.1856  freq: 1.2188  spend: -0.4184  w_freq: 0.423  w_spend: 0.659
Epoch  99/120 — train_loss: 0.2437  val_loss: 0.1880  freq: 1.2190  spend: -0.4142  w_freq: 0.423  w_spend: 0.659
Epoch 100/120 — train_loss: 0.2435  val_loss: 0.1851  freq: 1.2190  spend: -0.4182  w_freq: 0.423  w_spend: 0.659
Epoch 101/120 — train_loss: 0.2444  val_loss: 0.1874  freq: 1.2195  spend: -0.4145  w_freq: 0.423  w_spend: 0.660
Epoch 102/120 — train_loss: 0.2483  val_loss: 0.1877  freq: 1.2196  spend: -0.4138  w_freq: 0.423  w_spend: 0.660
Epoch 103/120 — train_loss: 0.2440  val_loss: 0.1886  freq: 1.2199  spend: -0.4123  w_freq: 0.423  w_spend: 0.660
Epoch 104/120 — train_loss: 0.2484  val_loss: 0.1873  freq: 1.2195  spend: -0.4137  w_freq: 0.423  w_spend: 0.660
Epoch 105/120 — train_loss: 0.2518  val_loss: 0.1875  freq: 1.2194  spend: -0.4130  w_freq: 0.422  w_spend: 0.660
Epoch 106/120 — train_loss: 0.2501  val_loss: 0.1892  freq: 1.2196  spend: -0.4102  w_freq: 0.422  w_spend: 0.661
Epoch 107/120 — train_loss: 0.2436  val_loss: 0.1871  freq: 1.2195  spend: -0.4131  w_freq: 0.422  w_spend: 0.661
Epoch 108/120 — train_loss: 0.2510  val_loss: 0.1871  freq: 1.2196  spend: -0.4130  w_freq: 0.422  w_spend: 0.661
Early stopping triggered at epoch 108.

Checkpoint saved: /kaggle/working/results/checkpoints/transformer_joint_dunnhumby_v7_seed42_sample.pt
Validation-fitted softmax temperature: 0.7500

Duan's smearing factor (val): 1.4395
Validation aggregate calibration: freq_factor=1.1642, spend_factor=0.9773

Running autoregressive inference on holdout period ...
  inference mode: sample  n_scenarios: 30  temperature: 0.7500

=== Prediction Diagnostics ===
  Mean predicted freq/week:    1.1043
  Mean actual freq/week:       1.1882
  Over-prediction ratio:       0.929x
  Customers predicted as zero total:  0.142
  Customers actually zero total:      0.188
  Non-zero rate (pred, avg > 0.05):  0.905
  Non-zero rate (true):               0.542

Metrics saved: /kaggle/working/results/tables/transformer_joint_dunnhumby_v7_seed42_sample_metrics.json
Array artifacts saved: /kaggle/working/results/tables/transformer_joint_dunnhumby_v7_seed42_sample_arrays.npz

=== Holdout Evaluation ===
  metric_definition_version: valendin_aggregate_mape_v1
  freq_rmse: 3.8871
  freq_mae: 2.2886
  freq_normalized_gini: 0.8417
  freq_calibration_factor: 1.1642
  freq_horizon_abs_bias_pct: 8.1973
  bias_pct: 8.1973
  freq_weekly_mae: 243.2946
  freq_weekly_total_true: 11872.0000
  freq_weekly_total_pred: 12845.1783
  freq_valendin_mape: 8.1973
  freq_horizon_bias_pct: 8.1973
  freq_weekly_mean_pct_mape: 8.2234
  freq_weekly_mean_pct_bias_pct: 8.2234
  freq_weekly_bias_pct: 8.1973
  freq_weekly_mape: 8.1973
  freq_mape: 8.1973
  freq_mase: 1.0418
  freq_mase_scale: 0.8235
  smearing_factor: 1.4395
  spend_calibration_factor: 0.9773
  spend_mae_raw: 67.4187
  spend_rmse_raw: 109.3478
  spend_normalized_gini: 0.8187
  spend_mae_log: 0.9834
  spend_rmse_log: 1.4567
  spend_r2_log: 0.5180
  spend_bias_pct: 0.2458
  spend_weekly_mae: 4147.8138
  spend_weekly_total_true: 347125.7605
  spend_weekly_total_pred: 347978.9843
  spend_valendin_mape: 4.7796
  spend_horizon_abs_bias_pct: 0.2458
  spend_horizon_bias_pct: 0.2458
  spend_weekly_mean_pct_mape: 4.6956
  spend_weekly_mean_pct_bias_pct: 0.4422
  spend_weekly_bias_pct: 0.2458
  spend_weekly_mape: 4.7796
  spend_mase: 0.9882
  spend_mase_scale: 27.5152
  clv_mae: 67.2380
  clv_rmse: 109.0492
  clv_spearman: 0.7843
  clv_decile_lift: 3.3830
  clv_normalized_gini: 0.8187
  clv_total_true: 346205.2188
  clv_total_pred: 347026.6875
  calibration_temperature_source: rolling_origin_autoregressive
  validation_temperature: 0.7500
  smearing_source: rolling_origin_autoregressive
  calibration_source: rolling_origin_autoregressive
  validation_freq_true_total: 2215.0000
  validation_freq_pred_total: 1902.6580
  validation_spend_true_total: 63355.4414
  validation_spend_pred_total: 64825.1426
  validation_freq_calibration_factor: 1.1642
  validation_spend_calibration_factor: 0.9773
  validation_rolling_origin_count: 2
  protocol_name: dunnhumby_configured_80x4
  cohort_size: 2498
  calibration_weeks: 80
  holdout_weeks: 4
  inference_mode: sample
  n_scenarios: 30
  run_valid: True
  run_invalid_reason: 
  run_warning: 
  epochs_completed: 108
  max_epochs_configured: 120
History saved: /kaggle/working/results/tables/transformer_joint_dunnhumby_v7_seed42_sample_history.json
