[Kaggle] raw_dir  → /kaggle/working/input/tafeng-dataset
[Kaggle] results  → /kaggle/working/results
Config: experiments/configs/transformer_joint_tafeng_v7.yaml
Run: transformer_joint_tafeng_v7_seed7_sample
Device: cuda
Loading dataset: tafeng ...
[pipeline] freq_cap=4 (auto q=0.99) → freq_bins=[0, 1, 2, 3]... (n_classes=5)
  Train customers: 25029, Val: 2780, Inference: 27809
[tafeng] Customers with 0 calibration transactions: 0 / 27809
  top-bin decode: class_values[-1] = 4.473 (max_trans = 4)
Model: transformer — 102,086 parameters

Training for up to 120 epochs ...
/kaggle/working/thesis-code/src/training/trainer.py:135: FutureWarning: `torch.cuda.amp.GradScaler(args...)` is deprecated. Please use `torch.amp.GradScaler('cuda', args...)` instead.
  self.scaler = torch.cuda.amp.GradScaler(enabled=self.amp_enabled)
[Kendall] log_vars frozen for 5 warm-up epochs.
Epoch   1/120 — train_loss: 1.9654  val_loss: 0.9953  freq: 1.9648  spend: 0.0258  w_freq: 0.500  w_spend: 0.500
Epoch   2/120 — train_loss: 0.4917  val_loss: 0.3281  freq: 0.6363  spend: 0.0199  w_freq: 0.500  w_spend: 0.500
Epoch   3/120 — train_loss: 0.3338  val_loss: 0.3153  freq: 0.6121  spend: 0.0185  w_freq: 0.500  w_spend: 0.500
Epoch   4/120 — train_loss: 0.3204  val_loss: 0.3098  freq: 0.6024  spend: 0.0173  w_freq: 0.500  w_spend: 0.500
Epoch   5/120 — train_loss: 0.3118  val_loss: 0.3003  freq: 0.5859  spend: 0.0147  w_freq: 0.500  w_spend: 0.500
[Kendall] log_vars unfrozen at epoch 6.
[spend-norm] frozen at 0.2253 (absolute val-loss magnitude shifts accordingly; early stopping is relative so this is safe)
Epoch   6/120 — train_loss: 0.3240  val_loss: 0.3008  freq: 0.5844  spend: 0.0468  w_freq: 0.505  w_spend: 0.505
Epoch   7/120 — train_loss: 0.3006  val_loss: 0.2863  freq: 0.5899  spend: 0.0457  w_freq: 0.517  w_spend: 0.517
Epoch   8/120 — train_loss: 0.2817  val_loss: 0.2652  freq: 0.5844  spend: 0.0414  w_freq: 0.530  w_spend: 0.530
Epoch   9/120 — train_loss: 0.2635  val_loss: 0.2460  freq: 0.5796  spend: 0.0399  w_freq: 0.542  w_spend: 0.543
Epoch  10/120 — train_loss: 0.2467  val_loss: 0.2330  freq: 0.5817  spend: 0.0410  w_freq: 0.554  w_spend: 0.556
Epoch  11/120 — train_loss: 0.2305  val_loss: 0.2145  freq: 0.5783  spend: 0.0392  w_freq: 0.567  w_spend: 0.569
Epoch  12/120 — train_loss: 0.2133  val_loss: 0.2012  freq: 0.5810  spend: 0.0399  w_freq: 0.579  w_spend: 0.584
Epoch  13/120 — train_loss: 0.1982  val_loss: 0.1846  freq: 0.5772  spend: 0.0403  w_freq: 0.592  w_spend: 0.598
Epoch  14/120 — train_loss: 0.1830  val_loss: 0.1686  freq: 0.5769  spend: 0.0377  w_freq: 0.604  w_spend: 0.612
Epoch  15/120 — train_loss: 0.1677  val_loss: 0.1538  freq: 0.5760  spend: 0.0382  w_freq: 0.616  w_spend: 0.627
Epoch  16/120 — train_loss: 0.1524  val_loss: 0.1399  freq: 0.5789  spend: 0.0368  w_freq: 0.629  w_spend: 0.643
Epoch  17/120 — train_loss: 0.1400  val_loss: 0.1268  freq: 0.5761  spend: 0.0382  w_freq: 0.641  w_spend: 0.658
Epoch  18/120 — train_loss: 0.1264  val_loss: 0.1128  freq: 0.5747  spend: 0.0375  w_freq: 0.652  w_spend: 0.672
Epoch  19/120 — train_loss: 0.1129  val_loss: 0.1001  freq: 0.5746  spend: 0.0386  w_freq: 0.663  w_spend: 0.688
Epoch  20/120 — train_loss: 0.0999  val_loss: 0.0897  freq: 0.5746  spend: 0.0413  w_freq: 0.675  w_spend: 0.704
Epoch  21/120 — train_loss: 0.0885  val_loss: 0.0774  freq: 0.5783  spend: 0.0366  w_freq: 0.685  w_spend: 0.719
Epoch  22/120 — train_loss: 0.0749  val_loss: 0.0659  freq: 0.5763  spend: 0.0401  w_freq: 0.695  w_spend: 0.736
Epoch  23/120 — train_loss: 0.0625  val_loss: 0.0519  freq: 0.5755  spend: 0.0371  w_freq: 0.706  w_spend: 0.752
Epoch  24/120 — train_loss: 0.0503  val_loss: 0.0382  freq: 0.5738  spend: 0.0366  w_freq: 0.716  w_spend: 0.769
Epoch  25/120 — train_loss: 0.0373  val_loss: 0.0257  freq: 0.5727  spend: 0.0365  w_freq: 0.726  w_spend: 0.786
Epoch  26/120 — train_loss: 0.0276  val_loss: 0.0167  freq: 0.5744  spend: 0.0379  w_freq: 0.735  w_spend: 0.804
Epoch  27/120 — train_loss: 0.0168  val_loss: 0.0040  freq: 0.5741  spend: 0.0361  w_freq: 0.745  w_spend: 0.822
Epoch  28/120 — train_loss: 0.0043  val_loss: -0.0045  freq: 0.5732  spend: 0.0395  w_freq: 0.753  w_spend: 0.839
Epoch  29/120 — train_loss: -0.0063  val_loss: -0.0187  freq: 0.5728  spend: 0.0356  w_freq: 0.761  w_spend: 0.857
Epoch  30/120 — train_loss: -0.0171  val_loss: -0.0273  freq: 0.5744  spend: 0.0363  w_freq: 0.769  w_spend: 0.876
Epoch  31/120 — train_loss: -0.0277  val_loss: -0.0378  freq: 0.5736  spend: 0.0365  w_freq: 0.777  w_spend: 0.894
Epoch  32/120 — train_loss: -0.0369  val_loss: -0.0486  freq: 0.5730  spend: 0.0363  w_freq: 0.784  w_spend: 0.913
Epoch  33/120 — train_loss: -0.0488  val_loss: -0.0583  freq: 0.5745  spend: 0.0355  w_freq: 0.791  w_spend: 0.932
Epoch  34/120 — train_loss: -0.0577  val_loss: -0.0682  freq: 0.5735  spend: 0.0356  w_freq: 0.797  w_spend: 0.951
Epoch  35/120 — train_loss: -0.0676  val_loss: -0.0787  freq: 0.5731  spend: 0.0355  w_freq: 0.803  w_spend: 0.970
Epoch  36/120 — train_loss: -0.0773  val_loss: -0.0867  freq: 0.5737  spend: 0.0363  w_freq: 0.809  w_spend: 0.990
Epoch  37/120 — train_loss: -0.0867  val_loss: -0.0979  freq: 0.5729  spend: 0.0348  w_freq: 0.814  w_spend: 1.009
Epoch  38/120 — train_loss: -0.0953  val_loss: -0.1055  freq: 0.5737  spend: 0.0355  w_freq: 0.819  w_spend: 1.028
Epoch  39/120 — train_loss: -0.1031  val_loss: -0.1120  freq: 0.5764  spend: 0.0352  w_freq: 0.823  w_spend: 1.047
Epoch  40/120 — train_loss: -0.1119  val_loss: -0.1245  freq: 0.5728  spend: 0.0342  w_freq: 0.827  w_spend: 1.067
Epoch  41/120 — train_loss: -0.1209  val_loss: -0.1312  freq: 0.5731  spend: 0.0357  w_freq: 0.831  w_spend: 1.086
Epoch  42/120 — train_loss: -0.1289  val_loss: -0.1379  freq: 0.5734  spend: 0.0365  w_freq: 0.834  w_spend: 1.105
Epoch  43/120 — train_loss: -0.1363  val_loss: -0.1469  freq: 0.5730  spend: 0.0355  w_freq: 0.837  w_spend: 1.123
Epoch  44/120 — train_loss: -0.1450  val_loss: -0.1529  freq: 0.5750  spend: 0.0358  w_freq: 0.840  w_spend: 1.143
Epoch  45/120 — train_loss: -0.1510  val_loss: -0.1614  freq: 0.5735  spend: 0.0359  w_freq: 0.843  w_spend: 1.162
Epoch  46/120 — train_loss: -0.1588  val_loss: -0.1695  freq: 0.5726  spend: 0.0358  w_freq: 0.845  w_spend: 1.181
Epoch  47/120 — train_loss: -0.1670  val_loss: -0.1780  freq: 0.5725  spend: 0.0352  w_freq: 0.847  w_spend: 1.200
Epoch  48/120 — train_loss: -0.1756  val_loss: -0.1852  freq: 0.5731  spend: 0.0348  w_freq: 0.849  w_spend: 1.220
Epoch  49/120 — train_loss: -0.1832  val_loss: -0.1920  freq: 0.5728  spend: 0.0354  w_freq: 0.851  w_spend: 1.239
Epoch  50/120 — train_loss: -0.1888  val_loss: -0.1972  freq: 0.5740  spend: 0.0361  w_freq: 0.853  w_spend: 1.259
Epoch  51/120 — train_loss: -0.1966  val_loss: -0.2075  freq: 0.5726  spend: 0.0342  w_freq: 0.855  w_spend: 1.278
Epoch  52/120 — train_loss: -0.2025  val_loss: -0.2130  freq: 0.5726  spend: 0.0347  w_freq: 0.856  w_spend: 1.296
Epoch  53/120 — train_loss: -0.2103  val_loss: -0.2166  freq: 0.5739  spend: 0.0360  w_freq: 0.857  w_spend: 1.314
Epoch  54/120 — train_loss: -0.2138  val_loss: -0.2234  freq: 0.5731  spend: 0.0359  w_freq: 0.858  w_spend: 1.332
Epoch  55/120 — train_loss: -0.2210  val_loss: -0.2308  freq: 0.5725  spend: 0.0354  w_freq: 0.859  w_spend: 1.350
Epoch  56/120 — train_loss: -0.2269  val_loss: -0.2361  freq: 0.5739  spend: 0.0351  w_freq: 0.861  w_spend: 1.368
Epoch  57/120 — train_loss: -0.2340  val_loss: -0.2431  freq: 0.5725  spend: 0.0353  w_freq: 0.861  w_spend: 1.387
Epoch  58/120 — train_loss: -0.2395  val_loss: -0.2485  freq: 0.5730  spend: 0.0351  w_freq: 0.862  w_spend: 1.405
Epoch  59/120 — train_loss: -0.2457  val_loss: -0.2537  freq: 0.5729  spend: 0.0355  w_freq: 0.863  w_spend: 1.423
Epoch  60/120 — train_loss: -0.2498  val_loss: -0.2562  freq: 0.5737  spend: 0.0369  w_freq: 0.863  w_spend: 1.440
Epoch  61/120 — train_loss: -0.2556  val_loss: -0.2641  freq: 0.5738  spend: 0.0349  w_freq: 0.864  w_spend: 1.457
Epoch  62/120 — train_loss: -0.2618  val_loss: -0.2693  freq: 0.5749  spend: 0.0340  w_freq: 0.864  w_spend: 1.473
Epoch  63/120 — train_loss: -0.2656  val_loss: -0.2750  freq: 0.5736  spend: 0.0342  w_freq: 0.865  w_spend: 1.489
Epoch  64/120 — train_loss: -0.2709  val_loss: -0.2797  freq: 0.5731  spend: 0.0346  w_freq: 0.865  w_spend: 1.505
Epoch  65/120 — train_loss: -0.2730  val_loss: -0.2837  freq: 0.5733  spend: 0.0348  w_freq: 0.866  w_spend: 1.521
Epoch  66/120 — train_loss: -0.2786  val_loss: -0.2893  freq: 0.5727  spend: 0.0344  w_freq: 0.866  w_spend: 1.536
Epoch  67/120 — train_loss: -0.2835  val_loss: -0.2897  freq: 0.5736  spend: 0.0363  w_freq: 0.866  w_spend: 1.551
Epoch  68/120 — train_loss: -0.2846  val_loss: -0.2960  freq: 0.5731  spend: 0.0351  w_freq: 0.866  w_spend: 1.565
Epoch  69/120 — train_loss: -0.2905  val_loss: -0.2979  freq: 0.5732  spend: 0.0363  w_freq: 0.866  w_spend: 1.579
Epoch  70/120 — train_loss: -0.2963  val_loss: -0.3040  freq: 0.5738  spend: 0.0347  w_freq: 0.867  w_spend: 1.593
Epoch  71/120 — train_loss: -0.2984  val_loss: -0.3079  freq: 0.5734  spend: 0.0348  w_freq: 0.867  w_spend: 1.608
Epoch  72/120 — train_loss: -0.3037  val_loss: -0.3110  freq: 0.5740  spend: 0.0349  w_freq: 0.867  w_spend: 1.621
Epoch  73/120 — train_loss: -0.3064  val_loss: -0.3127  freq: 0.5752  spend: 0.0355  w_freq: 0.867  w_spend: 1.635
Epoch  74/120 — train_loss: -0.3116  val_loss: -0.3192  freq: 0.5730  spend: 0.0350  w_freq: 0.868  w_spend: 1.649
Epoch  75/120 — train_loss: -0.3115  val_loss: -0.3233  freq: 0.5730  spend: 0.0345  w_freq: 0.868  w_spend: 1.662
Epoch  76/120 — train_loss: -0.3171  val_loss: -0.3257  freq: 0.5737  spend: 0.0346  w_freq: 0.868  w_spend: 1.674
Epoch  77/120 — train_loss: -0.3199  val_loss: -0.3260  freq: 0.5757  spend: 0.0352  w_freq: 0.868  w_spend: 1.686
Epoch  78/120 — train_loss: -0.3242  val_loss: -0.3315  freq: 0.5736  spend: 0.0349  w_freq: 0.868  w_spend: 1.698
Epoch  79/120 — train_loss: -0.3258  val_loss: -0.3347  freq: 0.5729  spend: 0.0349  w_freq: 0.868  w_spend: 1.709
Epoch  80/120 — train_loss: -0.3270  val_loss: -0.3378  freq: 0.5734  spend: 0.0344  w_freq: 0.868  w_spend: 1.719
Epoch  81/120 — train_loss: -0.3320  val_loss: -0.3398  freq: 0.5738  spend: 0.0346  w_freq: 0.868  w_spend: 1.730
Epoch  82/120 — train_loss: -0.3336  val_loss: -0.3430  freq: 0.5732  spend: 0.0344  w_freq: 0.868  w_spend: 1.740
Epoch  83/120 — train_loss: -0.3357  val_loss: -0.3454  freq: 0.5732  spend: 0.0344  w_freq: 0.868  w_spend: 1.749
Epoch  84/120 — train_loss: -0.3383  val_loss: -0.3472  freq: 0.5739  spend: 0.0343  w_freq: 0.869  w_spend: 1.758
Epoch  85/120 — train_loss: -0.3404  val_loss: -0.3490  freq: 0.5730  spend: 0.0350  w_freq: 0.869  w_spend: 1.767
Epoch  86/120 — train_loss: -0.3432  val_loss: -0.3503  freq: 0.5738  spend: 0.0351  w_freq: 0.869  w_spend: 1.776
Epoch  87/120 — train_loss: -0.3440  val_loss: -0.3517  freq: 0.5743  spend: 0.0351  w_freq: 0.869  w_spend: 1.784
Epoch  88/120 — train_loss: -0.3463  val_loss: -0.3549  freq: 0.5738  spend: 0.0346  w_freq: 0.869  w_spend: 1.792
Epoch  89/120 — train_loss: -0.3475  val_loss: -0.3570  freq: 0.5730  spend: 0.0348  w_freq: 0.869  w_spend: 1.799
Epoch  90/120 — train_loss: -0.3500  val_loss: -0.3577  freq: 0.5738  spend: 0.0350  w_freq: 0.869  w_spend: 1.806
Epoch  91/120 — train_loss: -0.3530  val_loss: -0.3600  freq: 0.5735  spend: 0.0346  w_freq: 0.869  w_spend: 1.813
Epoch  92/120 — train_loss: -0.3530  val_loss: -0.3611  freq: 0.5738  spend: 0.0347  w_freq: 0.869  w_spend: 1.819
Epoch  93/120 — train_loss: -0.3530  val_loss: -0.3622  freq: 0.5736  spend: 0.0349  w_freq: 0.869  w_spend: 1.825
Epoch  94/120 — train_loss: -0.3552  val_loss: -0.3630  freq: 0.5745  spend: 0.0347  w_freq: 0.869  w_spend: 1.830
Epoch  95/120 — train_loss: -0.3564  val_loss: -0.3640  freq: 0.5741  spend: 0.0350  w_freq: 0.869  w_spend: 1.835
Epoch  96/120 — train_loss: -0.3564  val_loss: -0.3656  freq: 0.5738  spend: 0.0349  w_freq: 0.869  w_spend: 1.840
Epoch  97/120 — train_loss: -0.3568  val_loss: -0.3666  freq: 0.5736  spend: 0.0350  w_freq: 0.869  w_spend: 1.845
Epoch  98/120 — train_loss: -0.3575  val_loss: -0.3674  freq: 0.5735  spend: 0.0351  w_freq: 0.869  w_spend: 1.849
Epoch  99/120 — train_loss: -0.3602  val_loss: -0.3682  freq: 0.5737  spend: 0.0351  w_freq: 0.869  w_spend: 1.853
Epoch 100/120 — train_loss: -0.3597  val_loss: -0.3695  freq: 0.5735  spend: 0.0348  w_freq: 0.869  w_spend: 1.856
Epoch 101/120 — train_loss: -0.3608  val_loss: -0.3695  freq: 0.5746  spend: 0.0347  w_freq: 0.869  w_spend: 1.859
Epoch 102/120 — train_loss: -0.3608  val_loss: -0.3706  freq: 0.5738  spend: 0.0349  w_freq: 0.869  w_spend: 1.862
Epoch 103/120 — train_loss: -0.3636  val_loss: -0.3711  freq: 0.5740  spend: 0.0348  w_freq: 0.869  w_spend: 1.865
Epoch 104/120 — train_loss: -0.3631  val_loss: -0.3715  freq: 0.5742  spend: 0.0348  w_freq: 0.869  w_spend: 1.867
Epoch 105/120 — train_loss: -0.3625  val_loss: -0.3720  freq: 0.5742  spend: 0.0348  w_freq: 0.869  w_spend: 1.869
Epoch 106/120 — train_loss: -0.3625  val_loss: -0.3728  freq: 0.5739  spend: 0.0347  w_freq: 0.869  w_spend: 1.871
Epoch 107/120 — train_loss: -0.3628  val_loss: -0.3729  freq: 0.5737  spend: 0.0349  w_freq: 0.869  w_spend: 1.873
Epoch 108/120 — train_loss: -0.3634  val_loss: -0.3729  freq: 0.5740  spend: 0.0349  w_freq: 0.869  w_spend: 1.874
Epoch 109/120 — train_loss: -0.3626  val_loss: -0.3734  freq: 0.5740  spend: 0.0348  w_freq: 0.869  w_spend: 1.875
Epoch 110/120 — train_loss: -0.3628  val_loss: -0.3735  freq: 0.5739  spend: 0.0349  w_freq: 0.869  w_spend: 1.876
Epoch 111/120 — train_loss: -0.3627  val_loss: -0.3737  freq: 0.5739  spend: 0.0349  w_freq: 0.869  w_spend: 1.877
Epoch 112/120 — train_loss: -0.3615  val_loss: -0.3740  freq: 0.5739  spend: 0.0348  w_freq: 0.869  w_spend: 1.878
Epoch 113/120 — train_loss: -0.3639  val_loss: -0.3739  freq: 0.5740  spend: 0.0349  w_freq: 0.869  w_spend: 1.878
Epoch 114/120 — train_loss: -0.3632  val_loss: -0.3741  freq: 0.5739  spend: 0.0348  w_freq: 0.869  w_spend: 1.879
Epoch 115/120 — train_loss: -0.3630  val_loss: -0.3741  freq: 0.5740  spend: 0.0348  w_freq: 0.869  w_spend: 1.879
Epoch 116/120 — train_loss: -0.3627  val_loss: -0.3741  freq: 0.5740  spend: 0.0348  w_freq: 0.869  w_spend: 1.879
Epoch 117/120 — train_loss: -0.3616  val_loss: -0.3741  freq: 0.5741  spend: 0.0348  w_freq: 0.869  w_spend: 1.879
Epoch 118/120 — train_loss: -0.3614  val_loss: -0.3741  freq: 0.5741  spend: 0.0348  w_freq: 0.869  w_spend: 1.880
Epoch 119/120 — train_loss: -0.3614  val_loss: -0.3741  freq: 0.5741  spend: 0.0348  w_freq: 0.869  w_spend: 1.880
Epoch 120/120 — train_loss: -0.3612  val_loss: -0.3741  freq: 0.5741  spend: 0.0348  w_freq: 0.869  w_spend: 1.880

Checkpoint saved: /kaggle/working/results/checkpoints/transformer_joint_tafeng_v7_seed7_sample.pt
Validation-fitted softmax temperature: 0.7500

Duan's smearing factor (val): 1.7884
Validation aggregate calibration: freq_factor=1.6176, spend_factor=1.4100

Running autoregressive inference on holdout period ...
  inference mode: sample  n_scenarios: 30  temperature: 0.7500

=== Prediction Diagnostics ===
  Mean predicted freq/week:    0.1605
  Mean actual freq/week:       0.2167
  Over-prediction ratio:       0.741x
  Customers predicted as zero total:  0.614
  Customers actually zero total:      0.504
  Non-zero rate (pred, avg > 0.05):  0.630
  Non-zero rate (true):               0.175

Metrics saved: /kaggle/working/results/tables/transformer_joint_tafeng_v7_seed7_sample_metrics.json
Array artifacts saved: /kaggle/working/results/tables/transformer_joint_tafeng_v7_seed7_sample_arrays.npz

=== Holdout Evaluation ===
  metric_definition_version: valendin_aggregate_mape_v1
  freq_rmse: 1.7069
  freq_mae: 0.9813
  freq_normalized_gini: 0.6290
  freq_calibration_factor: 1.6176
  freq_horizon_abs_bias_pct: 19.8514
  bias_pct: 19.8515
  freq_weekly_mae: 1196.1290
  freq_weekly_total_true: 30127.0000
  freq_weekly_total_pred: 36107.6450
  freq_valendin_mape: 19.8514
  freq_horizon_bias_pct: 19.8514
  freq_weekly_mean_pct_mape: 23.5300
  freq_weekly_mean_pct_bias_pct: 23.5300
  freq_weekly_bias_pct: 19.8514
  freq_weekly_mape: 19.8514
  freq_mape: 19.8514
  freq_mase: 0.8650
  freq_mase_scale: 0.3519
  smearing_factor: 1.7884
  spend_calibration_factor: 1.4100
  spend_mae_raw: 1109.7906
  spend_rmse_raw: 3345.9583
  spend_normalized_gini: 0.5516
  spend_mae_log: 3.6081
  spend_rmse_log: 4.5368
  spend_r2_log: -0.6513
  spend_bias_pct: 58.7061
  spend_weekly_mae: 2760768.7772
  spend_weekly_total_true: 23513493.8879
  spend_weekly_total_pred: 37317337.7737
  spend_valendin_mape: 58.7061
  spend_horizon_abs_bias_pct: 58.7061
  spend_horizon_bias_pct: 58.7061
  spend_weekly_mean_pct_mape: 60.7599
  spend_weekly_mean_pct_bias_pct: 60.7599
  spend_weekly_bias_pct: 58.7061
  spend_weekly_mape: 58.7061
  spend_mase: 1.0827
  spend_mase_scale: 289.2989
  clv_mae: 1109.7906
  clv_rmse: 3345.9583
  clv_spearman: 0.4023
  clv_decile_lift: 3.3179
  clv_normalized_gini: 0.5516
  clv_total_true: 23513494.0000
  clv_total_pred: 37317340.0000
  calibration_temperature_source: rolling_origin_autoregressive
  validation_temperature: 0.7500
  smearing_source: rolling_origin_autoregressive
  calibration_source: rolling_origin_autoregressive
  validation_freq_true_total: 2897.0000
  validation_freq_pred_total: 1790.8888
  validation_spend_true_total: 3010621.0000
  validation_spend_pred_total: 2135225.2500
  validation_freq_calibration_factor: 1.6176
  validation_spend_calibration_factor: 1.4100
  validation_rolling_origin_count: 2
  protocol_name: tafeng_configured_12x5
  cohort_size: 27809
  calibration_weeks: 12
  holdout_weeks: 5
  inference_mode: sample
  n_scenarios: 30
  run_valid: False
  run_invalid_reason: absolute frequency bias 19.9% exceeds 15.0%; absolute spend bias 58.7% exceeds 50.0%
  run_warning: large frequency bias (19.9%); large spend bias (58.7%)
  epochs_completed: 120
  max_epochs_configured: 120
History saved: /kaggle/working/results/tables/transformer_joint_tafeng_v7_seed7_sample_history.json
