[Kaggle] raw_dir  → /kaggle/working/input/cdnow-dataset
[Kaggle] results  → /kaggle/working/results
Config: experiments/configs/transformer_joint_cdnow_v6b.yaml
Run: transformer_joint_cdnow_v6b_seed2024_sample
Device: cuda
Loading dataset: cdnow ...
[pipeline] freq_bins from config: [0, 1, 2, 3]
  Train customers: 2115, Val: 234, Inference: 2349
[cdnow] Customers with 0 calibration transactions: 0 / 2349
  top-bin decode: class_values[-1] = 4.071 (max_trans = 3)
Model: transformer — 101,950 parameters

Training for up to 100 epochs ...
/kaggle/working/thesis-code/src/training/trainer.py:135: FutureWarning: `torch.cuda.amp.GradScaler(args...)` is deprecated. Please use `torch.amp.GradScaler('cuda', args...)` instead.
  self.scaler = torch.cuda.amp.GradScaler(enabled=self.amp_enabled)
[Kendall] log_vars frozen for 10 warm-up epochs.
Epoch   1/100 — train_loss: 11.1157  val_loss: 10.2501  freq: 20.2502  spend: 0.2500  w_freq: 0.500  w_spend: 0.500
Epoch   2/100 — train_loss: 9.0003  val_loss: 7.4348  freq: 14.6847  spend: 0.1849  w_freq: 0.500  w_spend: 0.500
Epoch   3/100 — train_loss: 5.2475  val_loss: 1.6145  freq: 3.0515  spend: 0.1775  w_freq: 0.500  w_spend: 0.500
Epoch   4/100 — train_loss: 1.2039  val_loss: 0.2107  freq: 0.2217  spend: 0.1997  w_freq: 0.500  w_spend: 0.500
Epoch   5/100 — train_loss: 0.2672  val_loss: 0.2244  freq: 0.3453  spend: 0.1036  w_freq: 0.500  w_spend: 0.500
Epoch   6/100 — train_loss: 0.2293  val_loss: 0.1561  freq: 0.2351  spend: 0.0771  w_freq: 0.500  w_spend: 0.500
Epoch   7/100 — train_loss: 0.1974  val_loss: 0.1478  freq: 0.2132  spend: 0.0825  w_freq: 0.500  w_spend: 0.500
Epoch   8/100 — train_loss: 0.1635  val_loss: 0.1385  freq: 0.2090  spend: 0.0680  w_freq: 0.500  w_spend: 0.500
Epoch   9/100 — train_loss: 0.1720  val_loss: 0.1252  freq: 0.1742  spend: 0.0763  w_freq: 0.500  w_spend: 0.500
Epoch  10/100 — train_loss: 0.1661  val_loss: 0.1238  freq: 0.1879  spend: 0.0596  w_freq: 0.500  w_spend: 0.500
[Kendall] log_vars unfrozen at epoch 11.
[spend-norm] frozen at 0.2117 (absolute val-loss magnitude shifts accordingly; early stopping is relative so this is safe)
Epoch  11/100 — train_loss: 0.3795  val_loss: 0.2432  freq: 0.1548  spend: 0.3370  w_freq: 0.501  w_spend: 0.501
Epoch  12/100 — train_loss: 0.3574  val_loss: 0.2159  freq: 0.1899  spend: 0.2532  w_freq: 0.503  w_spend: 0.503
Epoch  13/100 — train_loss: 0.3341  val_loss: 0.1460  freq: 0.1585  spend: 0.1527  w_freq: 0.505  w_spend: 0.504
Epoch  14/100 — train_loss: 0.2751  val_loss: 0.0921  freq: 0.1960  spend: 0.0158  w_freq: 0.507  w_spend: 0.507
Epoch  15/100 — train_loss: 0.2715  val_loss: 0.0447  freq: 0.1660  spend: -0.0407  w_freq: 0.509  w_spend: 0.509
Epoch  16/100 — train_loss: 0.2418  val_loss: 0.0028  freq: 0.1834  spend: -0.1331  w_freq: 0.510  w_spend: 0.511
Epoch  17/100 — train_loss: 0.1812  val_loss: -0.0148  freq: 0.1717  spend: -0.1475  w_freq: 0.512  w_spend: 0.513
Epoch  18/100 — train_loss: 0.1988  val_loss: -0.0476  freq: 0.1589  spend: -0.1901  w_freq: 0.514  w_spend: 0.515
Epoch  19/100 — train_loss: 0.1236  val_loss: -0.0314  freq: 0.1799  spend: -0.1724  w_freq: 0.516  w_spend: 0.517
Epoch  20/100 — train_loss: 0.1144  val_loss: -0.0377  freq: 0.1685  spend: -0.1657  w_freq: 0.518  w_spend: 0.520
Epoch  21/100 — train_loss: 0.1293  val_loss: -0.0522  freq: 0.1704  spend: -0.1875  w_freq: 0.520  w_spend: 0.522
Epoch  22/100 — train_loss: 0.1247  val_loss: -0.0527  freq: 0.1794  spend: -0.1895  w_freq: 0.521  w_spend: 0.524
Epoch  23/100 — train_loss: 0.0681  val_loss: -0.0502  freq: 0.1617  spend: -0.1588  w_freq: 0.523  w_spend: 0.527
Epoch  24/100 — train_loss: 0.0915  val_loss: -0.0328  freq: 0.1780  spend: -0.1341  w_freq: 0.526  w_spend: 0.529
Epoch  25/100 — train_loss: 0.1363  val_loss: -0.0569  freq: 0.1628  spend: -0.1570  w_freq: 0.527  w_spend: 0.531
Epoch  26/100 — train_loss: 0.0275  val_loss: -0.0591  freq: 0.1640  spend: -0.1546  w_freq: 0.529  w_spend: 0.534
Epoch  27/100 — train_loss: 0.0585  val_loss: -0.0519  freq: 0.1828  spend: -0.1512  w_freq: 0.531  w_spend: 0.536
Epoch  28/100 — train_loss: 0.0716  val_loss: -0.0634  freq: 0.1687  spend: -0.1510  w_freq: 0.534  w_spend: 0.539
Epoch  29/100 — train_loss: 0.0807  val_loss: 0.0891  freq: 0.1641  spend: 0.1424  w_freq: 0.536  w_spend: 0.541
Epoch  30/100 — train_loss: 0.0772  val_loss: -0.0325  freq: 0.1709  spend: -0.0827  w_freq: 0.538  w_spend: 0.543
Epoch  31/100 — train_loss: 0.0420  val_loss: -0.0700  freq: 0.1710  spend: -0.1463  w_freq: 0.539  w_spend: 0.545
Epoch  32/100 — train_loss: 0.0690  val_loss: -0.0779  freq: 0.1484  spend: -0.1321  w_freq: 0.541  w_spend: 0.547
Epoch  33/100 — train_loss: 0.0831  val_loss: -0.0458  freq: 0.1723  spend: -0.0921  w_freq: 0.543  w_spend: 0.549
Epoch  34/100 — train_loss: 0.0732  val_loss: -0.0827  freq: 0.1578  spend: -0.1389  w_freq: 0.544  w_spend: 0.550
Epoch  35/100 — train_loss: -0.0012  val_loss: -0.0896  freq: 0.1606  spend: -0.1479  w_freq: 0.546  w_spend: 0.552
Epoch  36/100 — train_loss: 0.0002  val_loss: -0.0922  freq: 0.1684  spend: -0.1544  w_freq: 0.548  w_spend: 0.554
Epoch  37/100 — train_loss: -0.0048  val_loss: -0.1028  freq: 0.1682  spend: -0.1679  w_freq: 0.549  w_spend: 0.556
Epoch  38/100 — train_loss: 0.0523  val_loss: -0.0831  freq: 0.1638  spend: -0.1236  w_freq: 0.551  w_spend: 0.558
Epoch  39/100 — train_loss: -0.0167  val_loss: -0.0699  freq: 0.1744  spend: -0.1056  w_freq: 0.552  w_spend: 0.559
Epoch  40/100 — train_loss: -0.0167  val_loss: -0.0715  freq: 0.1676  spend: -0.0966  w_freq: 0.554  w_spend: 0.561
Epoch  41/100 — train_loss: 0.0107  val_loss: -0.1248  freq: 0.1596  spend: -0.1785  w_freq: 0.555  w_spend: 0.563
Epoch  42/100 — train_loss: 0.0263  val_loss: -0.1275  freq: 0.1717  spend: -0.1902  w_freq: 0.557  w_spend: 0.564
Epoch  43/100 — train_loss: 0.0138  val_loss: -0.1116  freq: 0.1578  spend: -0.1435  w_freq: 0.558  w_spend: 0.566
Epoch  44/100 — train_loss: -0.0087  val_loss: -0.1077  freq: 0.1700  spend: -0.1443  w_freq: 0.560  w_spend: 0.567
Epoch  45/100 — train_loss: -0.0076  val_loss: -0.1298  freq: 0.1649  spend: -0.1736  w_freq: 0.561  w_spend: 0.569
Epoch  46/100 — train_loss: -0.0443  val_loss: -0.0886  freq: 0.1711  spend: -0.1031  w_freq: 0.562  w_spend: 0.570
Epoch  47/100 — train_loss: -0.0421  val_loss: -0.1212  freq: 0.1636  spend: -0.1489  w_freq: 0.564  w_spend: 0.572
Epoch  48/100 — train_loss: -0.0384  val_loss: -0.1347  freq: 0.1624  spend: -0.1674  w_freq: 0.565  w_spend: 0.573
Epoch  49/100 — train_loss: -0.0163  val_loss: -0.1490  freq: 0.1618  spend: -0.1878  w_freq: 0.566  w_spend: 0.574
Epoch  50/100 — train_loss: -0.0562  val_loss: -0.1519  freq: 0.1626  spend: -0.1896  w_freq: 0.567  w_spend: 0.576
Epoch  51/100 — train_loss: -0.0173  val_loss: -0.1532  freq: 0.1621  spend: -0.1879  w_freq: 0.569  w_spend: 0.577
Epoch  52/100 — train_loss: -0.0710  val_loss: -0.1429  freq: 0.1604  spend: -0.1645  w_freq: 0.570  w_spend: 0.578
Epoch  53/100 — train_loss: -0.0430  val_loss: -0.1396  freq: 0.1624  spend: -0.1569  w_freq: 0.571  w_spend: 0.580
Epoch  54/100 — train_loss: -0.0503  val_loss: -0.1752  freq: 0.1499  spend: -0.2019  w_freq: 0.572  w_spend: 0.581
Epoch  55/100 — train_loss: -0.0716  val_loss: -0.1557  freq: 0.1613  spend: -0.1756  w_freq: 0.573  w_spend: 0.582
Epoch  56/100 — train_loss: -0.0371  val_loss: -0.1562  freq: 0.1598  spend: -0.1717  w_freq: 0.574  w_spend: 0.584
Epoch  57/100 — train_loss: -0.0272  val_loss: -0.1747  freq: 0.1599  spend: -0.2003  w_freq: 0.575  w_spend: 0.585
Epoch  58/100 — train_loss: -0.0610  val_loss: -0.1736  freq: 0.1593  spend: -0.1950  w_freq: 0.576  w_spend: 0.586
Epoch  59/100 — train_loss: -0.0703  val_loss: -0.1751  freq: 0.1572  spend: -0.1924  w_freq: 0.577  w_spend: 0.587
Epoch  60/100 — train_loss: -0.0948  val_loss: -0.1630  freq: 0.1619  spend: -0.1733  w_freq: 0.578  w_spend: 0.588
Epoch  61/100 — train_loss: -0.1036  val_loss: -0.1839  freq: 0.1613  spend: -0.2051  w_freq: 0.579  w_spend: 0.589
Epoch  62/100 — train_loss: -0.0681  val_loss: -0.1880  freq: 0.1509  spend: -0.1992  w_freq: 0.580  w_spend: 0.590
Epoch  63/100 — train_loss: -0.0610  val_loss: -0.1814  freq: 0.1615  spend: -0.1959  w_freq: 0.581  w_spend: 0.591
Epoch  64/100 — train_loss: -0.1070  val_loss: -0.1825  freq: 0.1577  spend: -0.1916  w_freq: 0.582  w_spend: 0.592
Epoch  65/100 — train_loss: -0.0925  val_loss: -0.1970  freq: 0.1524  spend: -0.2083  w_freq: 0.583  w_spend: 0.593
Epoch  66/100 — train_loss: -0.0787  val_loss: -0.1987  freq: 0.1603  spend: -0.2163  w_freq: 0.584  w_spend: 0.593
Epoch  67/100 — train_loss: -0.0767  val_loss: -0.1823  freq: 0.1579  spend: -0.1840  w_freq: 0.584  w_spend: 0.594
Epoch  68/100 — train_loss: -0.0876  val_loss: -0.1907  freq: 0.1525  spend: -0.1909  w_freq: 0.585  w_spend: 0.595
Epoch  69/100 — train_loss: -0.1097  val_loss: -0.1976  freq: 0.1581  spend: -0.2064  w_freq: 0.586  w_spend: 0.596
Epoch  70/100 — train_loss: -0.0958  val_loss: -0.2024  freq: 0.1569  spend: -0.2117  w_freq: 0.586  w_spend: 0.596
Epoch  71/100 — train_loss: -0.0696  val_loss: -0.2056  freq: 0.1568  spend: -0.2153  w_freq: 0.587  w_spend: 0.597
Epoch  72/100 — train_loss: -0.0790  val_loss: -0.2064  freq: 0.1551  spend: -0.2137  w_freq: 0.587  w_spend: 0.597
Epoch  73/100 — train_loss: -0.0788  val_loss: -0.2024  freq: 0.1586  spend: -0.2092  w_freq: 0.588  w_spend: 0.598
Epoch  74/100 — train_loss: -0.0913  val_loss: -0.2020  freq: 0.1581  spend: -0.2069  w_freq: 0.588  w_spend: 0.598
Epoch  75/100 — train_loss: -0.0710  val_loss: -0.2077  freq: 0.1517  spend: -0.2089  w_freq: 0.588  w_spend: 0.599
Epoch  76/100 — train_loss: -0.1170  val_loss: -0.1996  freq: 0.1565  spend: -0.1989  w_freq: 0.589  w_spend: 0.599
Epoch  77/100 — train_loss: -0.1160  val_loss: -0.1981  freq: 0.1548  spend: -0.1938  w_freq: 0.589  w_spend: 0.600
Epoch  78/100 — train_loss: -0.0986  val_loss: -0.2020  freq: 0.1542  spend: -0.1986  w_freq: 0.590  w_spend: 0.600
Epoch  79/100 — train_loss: -0.0824  val_loss: -0.1982  freq: 0.1562  spend: -0.1933  w_freq: 0.590  w_spend: 0.600
Epoch  80/100 — train_loss: 0.0092  val_loss: -0.1980  freq: 0.1538  spend: -0.1900  w_freq: 0.590  w_spend: 0.601
Epoch  81/100 — train_loss: -0.0949  val_loss: -0.1959  freq: 0.1534  spend: -0.1853  w_freq: 0.590  w_spend: 0.601
Epoch  82/100 — train_loss: -0.0812  val_loss: -0.1914  freq: 0.1575  spend: -0.1811  w_freq: 0.591  w_spend: 0.601
Epoch  83/100 — train_loss: -0.1466  val_loss: -0.1954  freq: 0.1547  spend: -0.1844  w_freq: 0.591  w_spend: 0.601
Epoch  84/100 — train_loss: -0.1345  val_loss: -0.2031  freq: 0.1539  spend: -0.1959  w_freq: 0.591  w_spend: 0.602
Epoch  85/100 — train_loss: -0.0710  val_loss: -0.2054  freq: 0.1523  spend: -0.1975  w_freq: 0.591  w_spend: 0.602
Epoch  86/100 — train_loss: -0.1371  val_loss: -0.2013  freq: 0.1535  spend: -0.1913  w_freq: 0.591  w_spend: 0.602
Epoch  87/100 — train_loss: -0.0793  val_loss: -0.2007  freq: 0.1554  spend: -0.1918  w_freq: 0.592  w_spend: 0.602
Epoch  88/100 — train_loss: -0.1314  val_loss: -0.2028  freq: 0.1552  spend: -0.1949  w_freq: 0.592  w_spend: 0.602
Epoch  89/100 — train_loss: -0.0540  val_loss: -0.2039  freq: 0.1546  spend: -0.1957  w_freq: 0.592  w_spend: 0.602
Epoch  90/100 — train_loss: -0.0786  val_loss: -0.2038  freq: 0.1532  spend: -0.1941  w_freq: 0.592  w_spend: 0.602
Epoch  91/100 — train_loss: -0.0860  val_loss: -0.2028  freq: 0.1535  spend: -0.1925  w_freq: 0.592  w_spend: 0.602
Epoch  92/100 — train_loss: -0.0237  val_loss: -0.2036  freq: 0.1534  spend: -0.1936  w_freq: 0.592  w_spend: 0.602
Epoch  93/100 — train_loss: -0.0637  val_loss: -0.2045  freq: 0.1534  spend: -0.1951  w_freq: 0.592  w_spend: 0.603
Epoch  94/100 — train_loss: -0.0793  val_loss: -0.2041  freq: 0.1540  spend: -0.1949  w_freq: 0.592  w_spend: 0.603
Epoch  95/100 — train_loss: -0.1235  val_loss: -0.2042  freq: 0.1540  spend: -0.1949  w_freq: 0.592  w_spend: 0.603
Early stopping triggered at epoch 95.

Checkpoint saved: /kaggle/working/results/checkpoints/transformer_joint_cdnow_v6b_seed2024_sample.pt
Validation-fitted softmax temperature: 0.9000

Duan's smearing factor (val): 1.2431
Validation aggregate calibration: freq_factor=3.1366, spend_factor=2.3873

Running autoregressive inference on holdout period ...
  inference mode: sample  n_scenarios: 30  temperature: 0.9000

=== Prediction Diagnostics ===
  Mean predicted freq/week:    0.0022
  Mean actual freq/week:       0.0196
  Over-prediction ratio:       0.112x
  Customers predicted as zero total:  0.956
  Customers actually zero total:      0.781
  Non-zero rate (pred, avg > 0.05):  0.015
  Non-zero rate (true):               0.018

Metrics saved: /kaggle/working/results/tables/transformer_joint_cdnow_v6b_seed2024_sample_metrics.json
Array artifacts saved: /kaggle/working/results/tables/transformer_joint_cdnow_v6b_seed2024_sample_arrays.npz

=== Holdout Evaluation ===
  metric_definition_version: valendin_aggregate_mape_v1
  freq_rmse: 1.3147
  freq_mae: 0.4670
  freq_normalized_gini: 0.5209
  freq_calibration_factor: 3.1366
  freq_horizon_abs_bias_pct: 64.9548
  bias_pct: -64.9548
  freq_weekly_mae: 31.9382
  freq_weekly_total_true: 1196.0000
  freq_weekly_total_pred: 419.1408
  freq_valendin_mape: 69.4308
  freq_horizon_bias_pct: -64.9548
  freq_weekly_mean_pct_mape: 71.0065
  freq_weekly_mean_pct_bias_pct: -64.3664
  freq_weekly_bias_pct: -64.9548
  freq_weekly_mape: 69.4308
  freq_mape: 69.4308
  freq_mase: 0.2990
  freq_mase_scale: 0.0834
  smearing_factor: 1.2431
  spend_calibration_factor: 2.3873
  spend_mae_raw: 16.7305
  spend_rmse_raw: 52.1591
  spend_normalized_gini: 0.5259
  spend_mae_log: 0.7531
  spend_rmse_log: 1.5971
  spend_r2_log: 0.1200
  spend_bias_pct: -67.3823
  spend_weekly_mae: 1172.5734
  spend_weekly_total_true: 43103.4400
  spend_weekly_total_pred: 14059.3579
  spend_valendin_mape: 70.7296
  spend_horizon_abs_bias_pct: 67.3823
  spend_horizon_bias_pct: -67.3823
  spend_weekly_mean_pct_mape: 72.7698
  spend_weekly_mean_pct_bias_pct: -66.1470
  spend_weekly_bias_pct: -67.3823
  spend_weekly_mape: 70.7296
  spend_mase: 0.5007
  spend_mase_scale: 1.7675
  clv_mae: 16.3889
  clv_rmse: 51.0636
  clv_spearman: 0.4333
  clv_decile_lift: 5.0222
  clv_normalized_gini: 0.5261
  clv_total_true: 42218.7344
  clv_total_pred: 13913.3428
  calibration_temperature_source: rolling_origin_autoregressive
  validation_temperature: 0.9000
  smearing_source: rolling_origin_autoregressive
  calibration_source: rolling_origin_autoregressive
  validation_freq_true_total: 120.0000
  validation_freq_pred_total: 38.2579
  validation_spend_true_total: 4587.6401
  validation_spend_pred_total: 1921.6514
  validation_freq_calibration_factor: 3.1366
  validation_spend_calibration_factor: 2.3873
  validation_rolling_origin_count: 2
  protocol_name: cdnow_sample_52x26
  cohort_size: 2349
  calibration_weeks: 52
  holdout_weeks: 26
  inference_mode: sample
  n_scenarios: 30
  final_manifest_version: 2026-05-20-results-recovery-protocol
  final_manifest_run_name: transformer_joint_cdnow_v6b_seed2024_sample
  final_manifest_config: experiments/configs/transformer_joint_cdnow_v6b.yaml
  final_manifest_config_hash: 459abafa4720
  final_manifest_actual_config_hash: c868f1a2d83b
  final_manifest_seed: 2024
  final_manifest_epochs: 100
  final_manifest_inference_mode: sample
  final_manifest_n_scenarios: 30
  run_valid: False
  run_invalid_reason: absolute frequency bias -65.0% exceeds 15.0%; absolute spend bias -67.4% exceeds 50.0%
  run_warning: large frequency bias (-65.0%); large spend bias (-67.4%)
  epochs_completed: 95
  max_epochs_configured: 100
History saved: /kaggle/working/results/tables/transformer_joint_cdnow_v6b_seed2024_sample_history.json
