[Kaggle] raw_dir  → /kaggle/working/input/dunnhumby
[Kaggle] results  → /kaggle/working/results
Config: experiments/configs/extension3_lstm_dynamic_dunnhumby.yaml
Run: extension3_lstm_dynamic_dunnhumby_final_seed7_sample
Device: cuda
Loading dataset: dunnhumby ...
[pipeline] freq_cap=10 (auto q=0.99) → freq_bins=[0, 1, 2, 3]... (n_classes=11)
  Train customers: 2249, Val: 249, Inference: 2498
[dunnhumby] Customers with 0 calibration transactions: 0 / 2498
  top-bin decode: class_values[-1] = 13.099 (max_trans = 10)
Model: lstm — 103,697 parameters

Training for up to 100 epochs ...
/kaggle/working/thesis-code/src/training/trainer.py:97: FutureWarning: `torch.cuda.amp.GradScaler(args...)` is deprecated. Please use `torch.amp.GradScaler('cuda', args...)` instead.
  self.scaler = torch.cuda.amp.GradScaler(enabled=self.amp_enabled)
[Kendall] log_vars frozen for 5 warm-up epochs.
Epoch   1/100 — train_loss: 1.3133  val_loss: 1.3090  freq: 2.3702  spend: 0.2479  w_freq: 0.500  w_spend: 0.500
Epoch   2/100 — train_loss: 1.2953  val_loss: 1.2834  freq: 2.3216  spend: 0.2451  w_freq: 0.500  w_spend: 0.500
Epoch   3/100 — train_loss: 1.2560  val_loss: 1.2297  freq: 2.2211  spend: 0.2383  w_freq: 0.500  w_spend: 0.500
Epoch   4/100 — train_loss: 1.1632  val_loss: 1.0868  freq: 1.9614  spend: 0.2122  w_freq: 0.500  w_spend: 0.500
Epoch   5/100 — train_loss: 0.9513  val_loss: 0.9343  freq: 1.6501  spend: 0.2184  w_freq: 0.500  w_spend: 0.500
[Kendall] log_vars unfrozen at epoch 6.
Epoch   6/100 — train_loss: 0.8018  val_loss: 0.7852  freq: 1.4260  spend: 0.1502  w_freq: 0.499  w_spend: 0.501
Epoch   7/100 — train_loss: 0.7376  val_loss: 0.7484  freq: 1.3707  spend: 0.1371  w_freq: 0.497  w_spend: 0.503
Epoch   8/100 — train_loss: 0.7013  val_loss: 0.7170  freq: 1.3383  spend: 0.1123  w_freq: 0.495  w_spend: 0.506
Epoch   9/100 — train_loss: 0.6740  val_loss: 0.6856  freq: 1.3241  spend: 0.0703  w_freq: 0.492  w_spend: 0.508
Epoch  10/100 — train_loss: 0.6491  val_loss: 0.6580  freq: 1.3186  spend: 0.0276  w_freq: 0.490  w_spend: 0.511
Epoch  11/100 — train_loss: 0.6301  val_loss: 0.6442  freq: 1.3188  spend: 0.0064  w_freq: 0.488  w_spend: 0.513
Epoch  12/100 — train_loss: 0.6171  val_loss: 0.6297  freq: 1.3148  spend: -0.0123  w_freq: 0.486  w_spend: 0.516
Epoch  13/100 — train_loss: 0.6029  val_loss: 0.6166  freq: 1.3072  spend: -0.0246  w_freq: 0.484  w_spend: 0.518
Epoch  14/100 — train_loss: 0.5906  val_loss: 0.6075  freq: 1.2977  spend: -0.0277  w_freq: 0.482  w_spend: 0.521
Epoch  15/100 — train_loss: 0.5821  val_loss: 0.5953  freq: 1.2879  spend: -0.0370  w_freq: 0.481  w_spend: 0.523
Epoch  16/100 — train_loss: 0.5727  val_loss: 0.5873  freq: 1.2802  spend: -0.0403  w_freq: 0.479  w_spend: 0.525
Epoch  17/100 — train_loss: 0.5648  val_loss: 0.5802  freq: 1.2741  spend: -0.0428  w_freq: 0.478  w_spend: 0.528
Epoch  18/100 — train_loss: 0.5583  val_loss: 0.5745  freq: 1.2693  spend: -0.0440  w_freq: 0.476  w_spend: 0.530
Epoch  19/100 — train_loss: 0.5514  val_loss: 0.5689  freq: 1.2655  spend: -0.0463  w_freq: 0.475  w_spend: 0.533
Epoch  20/100 — train_loss: 0.5464  val_loss: 0.5639  freq: 1.2609  spend: -0.0466  w_freq: 0.473  w_spend: 0.535
Epoch  21/100 — train_loss: 0.5415  val_loss: 0.5586  freq: 1.2573  spend: -0.0486  w_freq: 0.472  w_spend: 0.537
Epoch  22/100 — train_loss: 0.5380  val_loss: 0.5559  freq: 1.2535  spend: -0.0458  w_freq: 0.471  w_spend: 0.540
Epoch  23/100 — train_loss: 0.5328  val_loss: 0.5501  freq: 1.2508  spend: -0.0500  w_freq: 0.470  w_spend: 0.542
Epoch  24/100 — train_loss: 0.5283  val_loss: 0.5455  freq: 1.2481  spend: -0.0519  w_freq: 0.468  w_spend: 0.544
Epoch  25/100 — train_loss: 0.5251  val_loss: 0.5414  freq: 1.2457  spend: -0.0534  w_freq: 0.467  w_spend: 0.546
Epoch  26/100 — train_loss: 0.5215  val_loss: 0.5385  freq: 1.2434  spend: -0.0528  w_freq: 0.466  w_spend: 0.548
Epoch  27/100 — train_loss: 0.5178  val_loss: 0.5359  freq: 1.2417  spend: -0.0525  w_freq: 0.465  w_spend: 0.550
Epoch  28/100 — train_loss: 0.5147  val_loss: 0.5325  freq: 1.2404  spend: -0.0536  w_freq: 0.464  w_spend: 0.552
Epoch  29/100 — train_loss: 0.5114  val_loss: 0.5284  freq: 1.2387  spend: -0.0558  w_freq: 0.464  w_spend: 0.554
Epoch  30/100 — train_loss: 0.5077  val_loss: 0.5254  freq: 1.2365  spend: -0.0555  w_freq: 0.463  w_spend: 0.556
Epoch  31/100 — train_loss: 0.5053  val_loss: 0.5220  freq: 1.2360  spend: -0.0575  w_freq: 0.462  w_spend: 0.558
Epoch  32/100 — train_loss: 0.5028  val_loss: 0.5196  freq: 1.2352  spend: -0.0574  w_freq: 0.461  w_spend: 0.560
Epoch  33/100 — train_loss: 0.4979  val_loss: 0.5166  freq: 1.2333  spend: -0.0576  w_freq: 0.460  w_spend: 0.562
Epoch  34/100 — train_loss: 0.4958  val_loss: 0.5149  freq: 1.2323  spend: -0.0562  w_freq: 0.459  w_spend: 0.565
Epoch  35/100 — train_loss: 0.4932  val_loss: 0.5117  freq: 1.2322  spend: -0.0582  w_freq: 0.458  w_spend: 0.567
Epoch  36/100 — train_loss: 0.4897  val_loss: 0.5091  freq: 1.2308  spend: -0.0582  w_freq: 0.458  w_spend: 0.569
Epoch  37/100 — train_loss: 0.4880  val_loss: 0.5056  freq: 1.2297  spend: -0.0598  w_freq: 0.457  w_spend: 0.571
Epoch  38/100 — train_loss: 0.4854  val_loss: 0.5044  freq: 1.2302  spend: -0.0589  w_freq: 0.456  w_spend: 0.573
Epoch  39/100 — train_loss: 0.4826  val_loss: 0.5020  freq: 1.2292  spend: -0.0592  w_freq: 0.456  w_spend: 0.575
Epoch  40/100 — train_loss: 0.4795  val_loss: 0.5003  freq: 1.2279  spend: -0.0581  w_freq: 0.455  w_spend: 0.576
Epoch  41/100 — train_loss: 0.4786  val_loss: 0.4969  freq: 1.2271  spend: -0.0607  w_freq: 0.454  w_spend: 0.578
Epoch  42/100 — train_loss: 0.4762  val_loss: 0.4942  freq: 1.2260  spend: -0.0614  w_freq: 0.454  w_spend: 0.580
Epoch  43/100 — train_loss: 0.4728  val_loss: 0.4928  freq: 1.2266  spend: -0.0613  w_freq: 0.453  w_spend: 0.582
Epoch  44/100 — train_loss: 0.4710  val_loss: 0.4910  freq: 1.2253  spend: -0.0604  w_freq: 0.452  w_spend: 0.583
Epoch  45/100 — train_loss: 0.4702  val_loss: 0.4901  freq: 1.2249  spend: -0.0589  w_freq: 0.452  w_spend: 0.585
Epoch  46/100 — train_loss: 0.4672  val_loss: 0.4872  freq: 1.2246  spend: -0.0612  w_freq: 0.451  w_spend: 0.587
Epoch  47/100 — train_loss: 0.4653  val_loss: 0.4862  freq: 1.2265  spend: -0.0618  w_freq: 0.451  w_spend: 0.588
Epoch  48/100 — train_loss: 0.4641  val_loss: 0.4835  freq: 1.2245  spend: -0.0625  w_freq: 0.450  w_spend: 0.590
Epoch  49/100 — train_loss: 0.4611  val_loss: 0.4808  freq: 1.2235  spend: -0.0637  w_freq: 0.450  w_spend: 0.591
Epoch  50/100 — train_loss: 0.4592  val_loss: 0.4807  freq: 1.2239  spend: -0.0616  w_freq: 0.449  w_spend: 0.593
Epoch  51/100 — train_loss: 0.4581  val_loss: 0.4778  freq: 1.2235  spend: -0.0637  w_freq: 0.449  w_spend: 0.595
Epoch  52/100 — train_loss: 0.4564  val_loss: 0.4763  freq: 1.2225  spend: -0.0631  w_freq: 0.449  w_spend: 0.596
Epoch  53/100 — train_loss: 0.4544  val_loss: 0.4746  freq: 1.2226  spend: -0.0638  w_freq: 0.448  w_spend: 0.598
Epoch  54/100 — train_loss: 0.4531  val_loss: 0.4745  freq: 1.2224  spend: -0.0618  w_freq: 0.448  w_spend: 0.599
Epoch  55/100 — train_loss: 0.4520  val_loss: 0.4719  freq: 1.2219  spend: -0.0637  w_freq: 0.447  w_spend: 0.600
Epoch  56/100 — train_loss: 0.4492  val_loss: 0.4706  freq: 1.2212  spend: -0.0635  w_freq: 0.447  w_spend: 0.602
Epoch  57/100 — train_loss: 0.4488  val_loss: 0.4694  freq: 1.2214  spend: -0.0636  w_freq: 0.447  w_spend: 0.603
Epoch  58/100 — train_loss: 0.4474  val_loss: 0.4690  freq: 1.2216  spend: -0.0627  w_freq: 0.446  w_spend: 0.604
Epoch  59/100 — train_loss: 0.4464  val_loss: 0.4669  freq: 1.2212  spend: -0.0644  w_freq: 0.446  w_spend: 0.605
Epoch  60/100 — train_loss: 0.4449  val_loss: 0.4655  freq: 1.2207  spend: -0.0649  w_freq: 0.446  w_spend: 0.606
Epoch  61/100 — train_loss: 0.4435  val_loss: 0.4646  freq: 1.2208  spend: -0.0649  w_freq: 0.446  w_spend: 0.607
Epoch  62/100 — train_loss: 0.4421  val_loss: 0.4640  freq: 1.2204  spend: -0.0641  w_freq: 0.445  w_spend: 0.608
Epoch  63/100 — train_loss: 0.4416  val_loss: 0.4633  freq: 1.2202  spend: -0.0638  w_freq: 0.445  w_spend: 0.609
Epoch  64/100 — train_loss: 0.4402  val_loss: 0.4615  freq: 1.2202  spend: -0.0653  w_freq: 0.445  w_spend: 0.610
Epoch  65/100 — train_loss: 0.4386  val_loss: 0.4610  freq: 1.2208  spend: -0.0653  w_freq: 0.445  w_spend: 0.611
Epoch  66/100 — train_loss: 0.4374  val_loss: 0.4603  freq: 1.2205  spend: -0.0650  w_freq: 0.444  w_spend: 0.612
Epoch  67/100 — train_loss: 0.4382  val_loss: 0.4591  freq: 1.2199  spend: -0.0652  w_freq: 0.444  w_spend: 0.613
Epoch  68/100 — train_loss: 0.4374  val_loss: 0.4583  freq: 1.2197  spend: -0.0653  w_freq: 0.444  w_spend: 0.613
Epoch  69/100 — train_loss: 0.4356  val_loss: 0.4576  freq: 1.2199  spend: -0.0656  w_freq: 0.444  w_spend: 0.614
Epoch  70/100 — train_loss: 0.4348  val_loss: 0.4570  freq: 1.2199  spend: -0.0656  w_freq: 0.444  w_spend: 0.615
Epoch  71/100 — train_loss: 0.4340  val_loss: 0.4563  freq: 1.2196  spend: -0.0656  w_freq: 0.443  w_spend: 0.615
Epoch  72/100 — train_loss: 0.4333  val_loss: 0.4557  freq: 1.2194  spend: -0.0656  w_freq: 0.443  w_spend: 0.616
Epoch  73/100 — train_loss: 0.4330  val_loss: 0.4556  freq: 1.2192  spend: -0.0647  w_freq: 0.443  w_spend: 0.617
Epoch  74/100 — train_loss: 0.4327  val_loss: 0.4553  freq: 1.2194  spend: -0.0648  w_freq: 0.443  w_spend: 0.617
Epoch  75/100 — train_loss: 0.4316  val_loss: 0.4541  freq: 1.2189  spend: -0.0657  w_freq: 0.443  w_spend: 0.618
Epoch  76/100 — train_loss: 0.4317  val_loss: 0.4539  freq: 1.2193  spend: -0.0656  w_freq: 0.443  w_spend: 0.618
Epoch  77/100 — train_loss: 0.4310  val_loss: 0.4532  freq: 1.2191  spend: -0.0660  w_freq: 0.443  w_spend: 0.619
Epoch  78/100 — train_loss: 0.4294  val_loss: 0.4528  freq: 1.2187  spend: -0.0658  w_freq: 0.443  w_spend: 0.619
Epoch  79/100 — train_loss: 0.4295  val_loss: 0.4525  freq: 1.2189  spend: -0.0658  w_freq: 0.443  w_spend: 0.619
Epoch  80/100 — train_loss: 0.4292  val_loss: 0.4520  freq: 1.2188  spend: -0.0660  w_freq: 0.442  w_spend: 0.620
Epoch  81/100 — train_loss: 0.4290  val_loss: 0.4520  freq: 1.2186  spend: -0.0655  w_freq: 0.442  w_spend: 0.620
Epoch  82/100 — train_loss: 0.4284  val_loss: 0.4514  freq: 1.2186  spend: -0.0660  w_freq: 0.442  w_spend: 0.620
Epoch  83/100 — train_loss: 0.4277  val_loss: 0.4513  freq: 1.2186  spend: -0.0658  w_freq: 0.442  w_spend: 0.621
Epoch  84/100 — train_loss: 0.4270  val_loss: 0.4510  freq: 1.2186  spend: -0.0659  w_freq: 0.442  w_spend: 0.621
Epoch  85/100 — train_loss: 0.4269  val_loss: 0.4509  freq: 1.2185  spend: -0.0658  w_freq: 0.442  w_spend: 0.621
Epoch  86/100 — train_loss: 0.4276  val_loss: 0.4505  freq: 1.2185  spend: -0.0661  w_freq: 0.442  w_spend: 0.621
Epoch  87/100 — train_loss: 0.4275  val_loss: 0.4504  freq: 1.2184  spend: -0.0660  w_freq: 0.442  w_spend: 0.621
Epoch  88/100 — train_loss: 0.4275  val_loss: 0.4503  freq: 1.2185  spend: -0.0660  w_freq: 0.442  w_spend: 0.622
Epoch  89/100 — train_loss: 0.4265  val_loss: 0.4502  freq: 1.2184  spend: -0.0660  w_freq: 0.442  w_spend: 0.622
Epoch  90/100 — train_loss: 0.4273  val_loss: 0.4501  freq: 1.2184  spend: -0.0660  w_freq: 0.442  w_spend: 0.622
Epoch  91/100 — train_loss: 0.4270  val_loss: 0.4501  freq: 1.2184  spend: -0.0659  w_freq: 0.442  w_spend: 0.622
Epoch  92/100 — train_loss: 0.4263  val_loss: 0.4500  freq: 1.2184  spend: -0.0661  w_freq: 0.442  w_spend: 0.622
Epoch  93/100 — train_loss: 0.4258  val_loss: 0.4499  freq: 1.2185  spend: -0.0661  w_freq: 0.442  w_spend: 0.622
Epoch  94/100 — train_loss: 0.4261  val_loss: 0.4499  freq: 1.2184  spend: -0.0660  w_freq: 0.442  w_spend: 0.622
Epoch  95/100 — train_loss: 0.4263  val_loss: 0.4499  freq: 1.2184  spend: -0.0660  w_freq: 0.442  w_spend: 0.622
Epoch  96/100 — train_loss: 0.4269  val_loss: 0.4498  freq: 1.2184  spend: -0.0660  w_freq: 0.442  w_spend: 0.622
Epoch  97/100 — train_loss: 0.4261  val_loss: 0.4498  freq: 1.2184  spend: -0.0660  w_freq: 0.442  w_spend: 0.622
Epoch  98/100 — train_loss: 0.4255  val_loss: 0.4498  freq: 1.2184  spend: -0.0660  w_freq: 0.442  w_spend: 0.622
Epoch  99/100 — train_loss: 0.4274  val_loss: 0.4498  freq: 1.2184  spend: -0.0660  w_freq: 0.442  w_spend: 0.622
Epoch 100/100 — train_loss: 0.4269  val_loss: 0.4498  freq: 1.2184  spend: -0.0660  w_freq: 0.442  w_spend: 0.622

Checkpoint saved: /kaggle/working/results/checkpoints/extension3_lstm_dynamic_dunnhumby_final_seed7_sample.pt

Duan's smearing factor (val): 1.4181
Validation-fitted softmax temperature: 0.9808
Validation aggregate calibration: freq_factor=0.9998, spend_factor=0.9832

Running autoregressive inference on holdout period ...
  inference mode: sample  n_scenarios: 30  temperature: 0.9808

=== Prediction Diagnostics ===
  Mean predicted freq/week:    1.1654
  Mean actual freq/week:       1.1882
  Over-prediction ratio:       0.981x
  Customers predicted as zero total:  0.058
  Customers actually zero total:      0.188
  Non-zero rate (pred, avg > 0.05):  0.977
  Non-zero rate (true):               0.542

Metrics saved: /kaggle/working/results/tables/extension3_lstm_dynamic_dunnhumby_final_seed7_sample_metrics.json
Array artifacts saved: /kaggle/working/results/tables/extension3_lstm_dynamic_dunnhumby_final_seed7_sample_arrays.npz

=== Holdout Evaluation ===
  freq_rmse: 3.2666
  freq_mae: 2.0311
  freq_normalized_gini: 0.8518
  freq_calibration_factor: 0.9998
  freq_mape: 1.9364
  bias_pct: -1.9364
  freq_weekly_mae: 66.3785
  freq_weekly_total_true: 11872.0000
  freq_weekly_total_pred: 11642.1154
  freq_weekly_mape: 2.2267
  freq_weekly_bias_pct: -1.9203
  freq_mase: 0.9877
  freq_mase_scale: 0.8235
  smearing_factor: 1.4181
  spend_calibration_factor: 0.9832
  spend_mae_raw: 64.3064
  spend_rmse_raw: 100.4723
  spend_normalized_gini: 0.8330
  spend_mae_log: 1.0882
  spend_rmse_log: 1.5960
  spend_r2_log: 0.4214
  spend_bias_pct: 1.4934
  spend_weekly_mae: 2535.9701
  spend_weekly_total_true: 347125.7605
  spend_weekly_total_pred: 352309.6200
  spend_weekly_mape: 2.9641
  spend_weekly_bias_pct: 1.6236
  spend_mase: 0.9929
  spend_mase_scale: 27.5152
  clv_mae: 64.1352
  clv_rmse: 100.2010
  clv_spearman: 0.7952
  clv_decile_lift: 3.3812
  clv_normalized_gini: 0.8330
  clv_total_true: 346205.2188
  clv_total_pred: 351371.6562
  calibration_temperature_source: validation_only
  validation_temperature: 0.9808
  calibration_source: validation_only
  validation_freq_true_total: 21969.0000
  validation_freq_pred_total: 21979.8789
  validation_spend_true_total: 646302.7101
  validation_spend_pred_total: 668800.0550
  validation_freq_calibration_factor: 0.9998
  validation_spend_calibration_factor: 0.9832
  final_manifest_version: 2026-05-20-results-recovery-protocol
  final_manifest_run_name: extension3_lstm_dynamic_dunnhumby_final_seed7_sample
  final_manifest_config: experiments/configs/extension3_lstm_dynamic_dunnhumby.yaml
  final_manifest_config_hash: 3eee1f632fa7
  final_manifest_actual_config_hash: 7fe576f0dca7
  final_manifest_seed: 7
  final_manifest_epochs: 100
  final_manifest_inference_mode: sample
  final_manifest_n_scenarios: 30
  run_valid: True
  run_invalid_reason: 
  run_warning: 
History saved: /kaggle/working/results/tables/extension3_lstm_dynamic_dunnhumby_final_seed7_sample_history.json
