[Kaggle] raw_dir  → /kaggle/working/input/dunnhumby
[Kaggle] results  → /kaggle/working/results
Config: experiments/configs/extension3_transformer_static_dunnhumby.yaml
Run: extension3_transformer_static_dunnhumby_final_seed7_sample
Device: cuda
Loading dataset: dunnhumby ...
[pipeline] freq_cap=10 (auto q=0.99) → freq_bins=[0, 1, 2, 3]... (n_classes=11)
  Train customers: 2249, Val: 249, Inference: 2498
[dunnhumby] Customers with 0 calibration transactions: 0 / 2498
  top-bin decode: class_values[-1] = 13.099 (max_trans = 10)
Model: transformer — 102,761 parameters

Training for up to 100 epochs ...
/kaggle/working/thesis-code/src/training/trainer.py:96: FutureWarning: `torch.cuda.amp.GradScaler(args...)` is deprecated. Please use `torch.amp.GradScaler('cuda', args...)` instead.
  self.scaler = torch.cuda.amp.GradScaler(enabled=self.amp_enabled)
[Kendall] log_vars frozen for 5 warm-up epochs.

Training failed with a repairable error: FloatingPointError: Non-finite gradients in freq_head.weight, spend_head.weight
Metrics saved: /kaggle/working/results/tables/extension3_transformer_static_dunnhumby_final_seed7_sample_metrics.json
Retrying once as robustness repair (amp_disabled; lr_0.0005; grad_clip_0.5) ...
Config: experiments/configs/extension3_transformer_static_dunnhumby.yaml
Run: extension3_transformer_static_dunnhumby_final_seed7_sample_repair
Device: cuda
Loading dataset: dunnhumby ...
[pipeline] freq_cap=10 (auto q=0.99) → freq_bins=[0, 1, 2, 3]... (n_classes=11)
  Train customers: 2249, Val: 249, Inference: 2498
[dunnhumby] Customers with 0 calibration transactions: 0 / 2498
  top-bin decode: class_values[-1] = 13.099 (max_trans = 10)
Model: transformer — 102,761 parameters

Training for up to 100 epochs ...
/kaggle/working/thesis-code/src/training/trainer.py:96: FutureWarning: `torch.cuda.amp.GradScaler(args...)` is deprecated. Please use `torch.amp.GradScaler('cuda', args...)` instead.
  self.scaler = torch.cuda.amp.GradScaler(enabled=self.amp_enabled)
[Kendall] log_vars frozen for 5 warm-up epochs.
Epoch   1/100 — train_loss: 2.8956  val_loss: 2.5533  freq: 4.8237  spend: 0.2830  w_freq: 0.500  w_spend: 0.500
Epoch   2/100 — train_loss: 2.5770  val_loss: 2.1293  freq: 4.0055  spend: 0.2531  w_freq: 0.500  w_spend: 0.500
Epoch   3/100 — train_loss: 2.0525  val_loss: 1.6065  freq: 3.0082  spend: 0.2048  w_freq: 0.500  w_spend: 0.500
Epoch   4/100 — train_loss: 1.5051  val_loss: 1.1785  freq: 2.1948  spend: 0.1622  w_freq: 0.500  w_spend: 0.500
Epoch   5/100 — train_loss: 1.0990  val_loss: 0.9141  freq: 1.6931  spend: 0.1350  w_freq: 0.500  w_spend: 0.500
[Kendall] log_vars unfrozen at epoch 6.
Epoch   6/100 — train_loss: 0.9249  val_loss: 0.8179  freq: 1.5344  spend: 0.1079  w_freq: 0.499  w_spend: 0.501
Epoch   7/100 — train_loss: 0.8312  val_loss: 0.7509  freq: 1.4235  spend: 0.0904  w_freq: 0.497  w_spend: 0.503
Epoch   8/100 — train_loss: 0.7786  val_loss: 0.7188  freq: 1.3775  spend: 0.0775  w_freq: 0.495  w_spend: 0.506
Epoch   9/100 — train_loss: 0.7423  val_loss: 0.6948  freq: 1.3492  spend: 0.0633  w_freq: 0.493  w_spend: 0.508
Epoch  10/100 — train_loss: 0.7129  val_loss: 0.6755  freq: 1.3277  spend: 0.0520  w_freq: 0.491  w_spend: 0.510
Epoch  11/100 — train_loss: 0.6897  val_loss: 0.6608  freq: 1.3114  spend: 0.0446  w_freq: 0.489  w_spend: 0.513
Epoch  12/100 — train_loss: 0.6692  val_loss: 0.6448  freq: 1.2966  spend: 0.0333  w_freq: 0.487  w_spend: 0.516
Epoch  13/100 — train_loss: 0.6516  val_loss: 0.6356  freq: 1.2886  spend: 0.0285  w_freq: 0.485  w_spend: 0.518
Epoch  14/100 — train_loss: 0.6387  val_loss: 0.6256  freq: 1.2805  spend: 0.0216  w_freq: 0.484  w_spend: 0.521
Epoch  15/100 — train_loss: 0.6259  val_loss: 0.6140  freq: 1.2782  spend: 0.0063  w_freq: 0.482  w_spend: 0.523
Epoch  16/100 — train_loss: 0.6149  val_loss: 0.6060  freq: 1.2764  spend: -0.0024  w_freq: 0.481  w_spend: 0.525
Epoch  17/100 — train_loss: 0.6065  val_loss: 0.5971  freq: 1.2740  spend: -0.0120  w_freq: 0.480  w_spend: 0.528
Epoch  18/100 — train_loss: 0.5961  val_loss: 0.5897  freq: 1.2690  spend: -0.0168  w_freq: 0.478  w_spend: 0.530
Epoch  19/100 — train_loss: 0.5884  val_loss: 0.5827  freq: 1.2638  spend: -0.0213  w_freq: 0.477  w_spend: 0.532
Epoch  20/100 — train_loss: 0.5834  val_loss: 0.5780  freq: 1.2609  spend: -0.0233  w_freq: 0.476  w_spend: 0.534
Epoch  21/100 — train_loss: 0.5755  val_loss: 0.5727  freq: 1.2580  spend: -0.0260  w_freq: 0.475  w_spend: 0.536
Epoch  22/100 — train_loss: 0.5675  val_loss: 0.5668  freq: 1.2534  spend: -0.0276  w_freq: 0.474  w_spend: 0.539
Epoch  23/100 — train_loss: 0.5621  val_loss: 0.5617  freq: 1.2511  spend: -0.0299  w_freq: 0.473  w_spend: 0.542
Epoch  24/100 — train_loss: 0.5554  val_loss: 0.5564  freq: 1.2484  spend: -0.0320  w_freq: 0.471  w_spend: 0.544
Epoch  25/100 — train_loss: 0.5505  val_loss: 0.5513  freq: 1.2454  spend: -0.0335  w_freq: 0.470  w_spend: 0.547
Epoch  26/100 — train_loss: 0.5451  val_loss: 0.5468  freq: 1.2421  spend: -0.0340  w_freq: 0.469  w_spend: 0.550
Epoch  27/100 — train_loss: 0.5396  val_loss: 0.5436  freq: 1.2407  spend: -0.0342  w_freq: 0.467  w_spend: 0.552
Epoch  28/100 — train_loss: 0.5346  val_loss: 0.5405  freq: 1.2394  spend: -0.0346  w_freq: 0.466  w_spend: 0.555
Epoch  29/100 — train_loss: 0.5315  val_loss: 0.5382  freq: 1.2405  spend: -0.0357  w_freq: 0.465  w_spend: 0.557
Epoch  30/100 — train_loss: 0.5283  val_loss: 0.5348  freq: 1.2382  spend: -0.0363  w_freq: 0.465  w_spend: 0.559
Epoch  31/100 — train_loss: 0.5240  val_loss: 0.5310  freq: 1.2348  spend: -0.0370  w_freq: 0.464  w_spend: 0.561
Epoch  32/100 — train_loss: 0.5200  val_loss: 0.5292  freq: 1.2351  spend: -0.0366  w_freq: 0.463  w_spend: 0.563
Epoch  33/100 — train_loss: 0.5175  val_loss: 0.5266  freq: 1.2335  spend: -0.0364  w_freq: 0.462  w_spend: 0.565
Epoch  34/100 — train_loss: 0.5137  val_loss: 0.5226  freq: 1.2312  spend: -0.0383  w_freq: 0.461  w_spend: 0.567
Epoch  35/100 — train_loss: 0.5105  val_loss: 0.5204  freq: 1.2307  spend: -0.0381  w_freq: 0.461  w_spend: 0.569
Epoch  36/100 — train_loss: 0.5079  val_loss: 0.5168  freq: 1.2299  spend: -0.0401  w_freq: 0.460  w_spend: 0.571
Epoch  37/100 — train_loss: 0.5046  val_loss: 0.5137  freq: 1.2291  spend: -0.0412  w_freq: 0.459  w_spend: 0.573
Epoch  38/100 — train_loss: 0.5018  val_loss: 0.5114  freq: 1.2279  spend: -0.0407  w_freq: 0.458  w_spend: 0.576
Epoch  39/100 — train_loss: 0.4981  val_loss: 0.5086  freq: 1.2265  spend: -0.0410  w_freq: 0.457  w_spend: 0.578
Epoch  40/100 — train_loss: 0.4961  val_loss: 0.5056  freq: 1.2262  spend: -0.0429  w_freq: 0.457  w_spend: 0.580
Epoch  41/100 — train_loss: 0.4937  val_loss: 0.5051  freq: 1.2269  spend: -0.0410  w_freq: 0.456  w_spend: 0.582
Epoch  42/100 — train_loss: 0.4901  val_loss: 0.5012  freq: 1.2254  spend: -0.0432  w_freq: 0.455  w_spend: 0.584
Epoch  43/100 — train_loss: 0.4883  val_loss: 0.4988  freq: 1.2242  spend: -0.0432  w_freq: 0.455  w_spend: 0.586
Epoch  44/100 — train_loss: 0.4842  val_loss: 0.4965  freq: 1.2245  spend: -0.0446  w_freq: 0.454  w_spend: 0.587
Epoch  45/100 — train_loss: 0.4831  val_loss: 0.4953  freq: 1.2237  spend: -0.0430  w_freq: 0.454  w_spend: 0.589
Epoch  46/100 — train_loss: 0.4820  val_loss: 0.4933  freq: 1.2231  spend: -0.0433  w_freq: 0.453  w_spend: 0.591
Epoch  47/100 — train_loss: 0.4788  val_loss: 0.4900  freq: 1.2227  spend: -0.0464  w_freq: 0.453  w_spend: 0.593
Epoch  48/100 — train_loss: 0.4767  val_loss: 0.4891  freq: 1.2223  spend: -0.0457  w_freq: 0.452  w_spend: 0.594
Epoch  49/100 — train_loss: 0.4749  val_loss: 0.4883  freq: 1.2219  spend: -0.0445  w_freq: 0.452  w_spend: 0.595
Epoch  50/100 — train_loss: 0.4735  val_loss: 0.4861  freq: 1.2221  spend: -0.0463  w_freq: 0.451  w_spend: 0.597
Epoch  51/100 — train_loss: 0.4717  val_loss: 0.4841  freq: 1.2214  spend: -0.0470  w_freq: 0.451  w_spend: 0.598
Epoch  52/100 — train_loss: 0.4696  val_loss: 0.4826  freq: 1.2217  spend: -0.0474  w_freq: 0.450  w_spend: 0.599
Epoch  53/100 — train_loss: 0.4670  val_loss: 0.4808  freq: 1.2211  spend: -0.0475  w_freq: 0.450  w_spend: 0.601
Epoch  54/100 — train_loss: 0.4655  val_loss: 0.4791  freq: 1.2212  spend: -0.0482  w_freq: 0.450  w_spend: 0.603
Epoch  55/100 — train_loss: 0.4643  val_loss: 0.4772  freq: 1.2204  spend: -0.0484  w_freq: 0.449  w_spend: 0.604
Epoch  56/100 — train_loss: 0.4615  val_loss: 0.4759  freq: 1.2200  spend: -0.0482  w_freq: 0.449  w_spend: 0.606
Epoch  57/100 — train_loss: 0.4611  val_loss: 0.4745  freq: 1.2202  spend: -0.0486  w_freq: 0.448  w_spend: 0.607
Epoch  58/100 — train_loss: 0.4587  val_loss: 0.4728  freq: 1.2198  spend: -0.0493  w_freq: 0.448  w_spend: 0.608
Epoch  59/100 — train_loss: 0.4574  val_loss: 0.4714  freq: 1.2201  spend: -0.0498  w_freq: 0.448  w_spend: 0.610
Epoch  60/100 — train_loss: 0.4556  val_loss: 0.4704  freq: 1.2204  spend: -0.0498  w_freq: 0.447  w_spend: 0.611
Epoch  61/100 — train_loss: 0.4552  val_loss: 0.4687  freq: 1.2200  spend: -0.0506  w_freq: 0.447  w_spend: 0.612
Epoch  62/100 — train_loss: 0.4534  val_loss: 0.4680  freq: 1.2198  spend: -0.0499  w_freq: 0.447  w_spend: 0.613
Epoch  63/100 — train_loss: 0.4514  val_loss: 0.4662  freq: 1.2194  spend: -0.0510  w_freq: 0.446  w_spend: 0.614
Epoch  64/100 — train_loss: 0.4499  val_loss: 0.4657  freq: 1.2199  spend: -0.0506  w_freq: 0.446  w_spend: 0.615
Epoch  65/100 — train_loss: 0.4481  val_loss: 0.4647  freq: 1.2199  spend: -0.0509  w_freq: 0.446  w_spend: 0.616
Epoch  66/100 — train_loss: 0.4481  val_loss: 0.4628  freq: 1.2187  spend: -0.0518  w_freq: 0.445  w_spend: 0.617
Epoch  67/100 — train_loss: 0.4464  val_loss: 0.4626  freq: 1.2199  spend: -0.0516  w_freq: 0.445  w_spend: 0.618
Epoch  68/100 — train_loss: 0.4451  val_loss: 0.4610  freq: 1.2187  spend: -0.0522  w_freq: 0.445  w_spend: 0.619
Epoch  69/100 — train_loss: 0.4450  val_loss: 0.4603  freq: 1.2189  spend: -0.0523  w_freq: 0.445  w_spend: 0.620
Epoch  70/100 — train_loss: 0.4427  val_loss: 0.4597  freq: 1.2190  spend: -0.0522  w_freq: 0.444  w_spend: 0.621
Epoch  71/100 — train_loss: 0.4432  val_loss: 0.4589  freq: 1.2188  spend: -0.0523  w_freq: 0.444  w_spend: 0.622
Epoch  72/100 — train_loss: 0.4421  val_loss: 0.4579  freq: 1.2189  spend: -0.0531  w_freq: 0.444  w_spend: 0.622
Epoch  73/100 — train_loss: 0.4417  val_loss: 0.4571  freq: 1.2183  spend: -0.0529  w_freq: 0.444  w_spend: 0.623
Epoch  74/100 — train_loss: 0.4395  val_loss: 0.4565  freq: 1.2183  spend: -0.0532  w_freq: 0.444  w_spend: 0.624
Epoch  75/100 — train_loss: 0.4402  val_loss: 0.4560  freq: 1.2186  spend: -0.0534  w_freq: 0.444  w_spend: 0.624
Epoch  76/100 — train_loss: 0.4398  val_loss: 0.4557  freq: 1.2183  spend: -0.0530  w_freq: 0.443  w_spend: 0.625
Epoch  77/100 — train_loss: 0.4384  val_loss: 0.4551  freq: 1.2184  spend: -0.0533  w_freq: 0.443  w_spend: 0.625
Epoch  78/100 — train_loss: 0.4379  val_loss: 0.4546  freq: 1.2185  spend: -0.0534  w_freq: 0.443  w_spend: 0.626
Epoch  79/100 — train_loss: 0.4373  val_loss: 0.4540  freq: 1.2183  spend: -0.0538  w_freq: 0.443  w_spend: 0.626
Epoch  80/100 — train_loss: 0.4369  val_loss: 0.4538  freq: 1.2182  spend: -0.0537  w_freq: 0.443  w_spend: 0.626
Epoch  81/100 — train_loss: 0.4367  val_loss: 0.4535  freq: 1.2183  spend: -0.0537  w_freq: 0.443  w_spend: 0.627
Epoch  82/100 — train_loss: 0.4363  val_loss: 0.4530  freq: 1.2180  spend: -0.0538  w_freq: 0.443  w_spend: 0.627
Epoch  83/100 — train_loss: 0.4367  val_loss: 0.4528  freq: 1.2184  spend: -0.0541  w_freq: 0.443  w_spend: 0.627
Epoch  84/100 — train_loss: 0.4356  val_loss: 0.4524  freq: 1.2181  spend: -0.0542  w_freq: 0.443  w_spend: 0.628
Epoch  85/100 — train_loss: 0.4351  val_loss: 0.4522  freq: 1.2181  spend: -0.0542  w_freq: 0.443  w_spend: 0.628
Epoch  86/100 — train_loss: 0.4349  val_loss: 0.4521  freq: 1.2182  spend: -0.0542  w_freq: 0.443  w_spend: 0.628
Epoch  87/100 — train_loss: 0.4353  val_loss: 0.4520  freq: 1.2182  spend: -0.0541  w_freq: 0.443  w_spend: 0.628
Epoch  88/100 — train_loss: 0.4353  val_loss: 0.4517  freq: 1.2181  spend: -0.0542  w_freq: 0.443  w_spend: 0.628
Epoch  89/100 — train_loss: 0.4344  val_loss: 0.4516  freq: 1.2181  spend: -0.0543  w_freq: 0.442  w_spend: 0.628
Epoch  90/100 — train_loss: 0.4335  val_loss: 0.4515  freq: 1.2181  spend: -0.0543  w_freq: 0.442  w_spend: 0.629
Epoch  91/100 — train_loss: 0.4342  val_loss: 0.4513  freq: 1.2180  spend: -0.0544  w_freq: 0.442  w_spend: 0.629
Epoch  92/100 — train_loss: 0.4335  val_loss: 0.4513  freq: 1.2180  spend: -0.0544  w_freq: 0.442  w_spend: 0.629
Epoch  93/100 — train_loss: 0.4346  val_loss: 0.4513  freq: 1.2181  spend: -0.0544  w_freq: 0.442  w_spend: 0.629
Epoch  94/100 — train_loss: 0.4347  val_loss: 0.4512  freq: 1.2181  spend: -0.0544  w_freq: 0.442  w_spend: 0.629
Epoch  95/100 — train_loss: 0.4337  val_loss: 0.4512  freq: 1.2181  spend: -0.0544  w_freq: 0.442  w_spend: 0.629
Epoch  96/100 — train_loss: 0.4347  val_loss: 0.4511  freq: 1.2181  spend: -0.0544  w_freq: 0.442  w_spend: 0.629
Epoch  97/100 — train_loss: 0.4334  val_loss: 0.4511  freq: 1.2181  spend: -0.0544  w_freq: 0.442  w_spend: 0.629
Epoch  98/100 — train_loss: 0.4343  val_loss: 0.4511  freq: 1.2181  spend: -0.0544  w_freq: 0.442  w_spend: 0.629
Epoch  99/100 — train_loss: 0.4347  val_loss: 0.4511  freq: 1.2181  spend: -0.0544  w_freq: 0.442  w_spend: 0.629
Epoch 100/100 — train_loss: 0.4339  val_loss: 0.4511  freq: 1.2181  spend: -0.0544  w_freq: 0.442  w_spend: 0.629

Checkpoint saved: /kaggle/working/results/checkpoints/extension3_transformer_static_dunnhumby_final_seed7_sample_repair.pt

Duan's smearing factor (val): 1.4355
Validation-fitted softmax temperature: 1.0339
Validation aggregate calibration: freq_factor=0.9953, spend_factor=0.9714

Running autoregressive inference on holdout period ...
  inference mode: sample  n_scenarios: 30  temperature: 1.0339

=== Prediction Diagnostics ===
  Mean predicted freq/week:    1.2183
  Mean actual freq/week:       1.1882
  Over-prediction ratio:       1.025x
  Customers predicted as zero total:  0.058
  Customers actually zero total:      0.188
  Non-zero rate (pred, avg > 0.05):  0.965
  Non-zero rate (true):               0.542

Metrics saved: /kaggle/working/results/tables/extension3_transformer_static_dunnhumby_final_seed7_sample_repair_metrics.json
Array artifacts saved: /kaggle/working/results/tables/extension3_transformer_static_dunnhumby_final_seed7_sample_repair_arrays.npz

=== Holdout Evaluation ===
  freq_rmse: 3.5995
  freq_mae: 2.2390
  freq_normalized_gini: 0.8280
  freq_calibration_factor: 0.9953
  freq_mape: 2.0573
  bias_pct: 2.0573
  freq_weekly_mae: 61.0596
  freq_weekly_total_true: 11872.0000
  freq_weekly_total_pred: 12116.2384
  freq_weekly_mape: 2.0745
  freq_weekly_bias_pct: 2.0745
  freq_mase: 1.0399
  freq_mase_scale: 0.8235
  smearing_factor: 1.4355
  spend_calibration_factor: 0.9714
  spend_mae_raw: 68.7618
  spend_rmse_raw: 105.8874
  spend_normalized_gini: 0.8105
  spend_mae_log: 1.1045
  spend_rmse_log: 1.6368
  spend_r2_log: 0.3914
  spend_bias_pct: 3.7386
  spend_weekly_mae: 4605.2580
  spend_weekly_total_true: 347125.7605
  spend_weekly_total_pred: 360103.4214
  spend_weekly_mape: 5.3563
  spend_weekly_bias_pct: 3.8852
  spend_mase: 1.0339
  spend_mase_scale: 27.5152
  clv_mae: 68.5773
  clv_rmse: 105.6032
  clv_spearman: 0.7709
  clv_decile_lift: 3.3578
  clv_normalized_gini: 0.8105
  clv_total_true: 346205.2188
  clv_total_pred: 359125.2188
  calibration_temperature_source: validation_only
  validation_temperature: 1.0339
  calibration_source: validation_only
  validation_freq_true_total: 21969.0000
  validation_freq_pred_total: 22175.9258
  validation_spend_true_total: 646302.7101
  validation_spend_pred_total: 685563.1658
  validation_freq_calibration_factor: 0.9953
  validation_spend_calibration_factor: 0.9714
  repair_attempted: True
  repair_strategy: amp_disabled; lr_0.0005; grad_clip_0.5
  repair_source_failure_type: FloatingPointError
  training_lr_after_repair: 0.0005
  training_max_grad_norm_after_repair: 0.5000
  training_amp_enabled_after_repair: False
  final_manifest_version: 2026-05-20-results-recovery-protocol
  final_manifest_run_name: extension3_transformer_static_dunnhumby_final_seed7_sample_repair
  final_manifest_config: experiments/configs/extension3_transformer_static_dunnhumby.yaml
  final_manifest_config_hash: 67ae576f5b90
  final_manifest_actual_config_hash: 8a2761ce91ec
  final_manifest_seed: 7
  final_manifest_epochs: 100
  final_manifest_inference_mode: sample
  final_manifest_n_scenarios: 30
  run_valid: True
  run_invalid_reason: 
  run_warning: 
History saved: /kaggle/working/results/tables/extension3_transformer_static_dunnhumby_final_seed7_sample_repair_history.json
