[Kaggle] raw_dir  → /kaggle/working/input/dunnhumby
[Kaggle] results  → /kaggle/working/results
Config: experiments/configs/extension3_lstm_full_dunnhumby.yaml
Run: extension3_lstm_full_dunnhumby_final_seed7_sample
Device: cuda
Loading dataset: dunnhumby ...
[pipeline] freq_cap=10 (auto q=0.99) → freq_bins=[0, 1, 2, 3]... (n_classes=11)
  Train customers: 2249, Val: 249, Inference: 2498
[dunnhumby] Customers with 0 calibration transactions: 0 / 2498
  top-bin decode: class_values[-1] = 13.099 (max_trans = 10)
Model: lstm — 107,817 parameters

Training for up to 100 epochs ...
/kaggle/working/thesis-code/src/training/trainer.py:97: FutureWarning: `torch.cuda.amp.GradScaler(args...)` is deprecated. Please use `torch.amp.GradScaler('cuda', args...)` instead.
  self.scaler = torch.cuda.amp.GradScaler(enabled=self.amp_enabled)
[Kendall] log_vars frozen for 5 warm-up epochs.
Epoch   1/100 — train_loss: 1.3112  val_loss: 1.3039  freq: 2.3605  spend: 0.2473  w_freq: 0.500  w_spend: 0.500
Epoch   2/100 — train_loss: 1.2913  val_loss: 1.2739  freq: 2.3036  spend: 0.2443  w_freq: 0.500  w_spend: 0.500
Epoch   3/100 — train_loss: 1.2438  val_loss: 1.2071  freq: 2.1792  spend: 0.2350  w_freq: 0.500  w_spend: 0.500
Epoch   4/100 — train_loss: 1.1255  val_loss: 1.0114  freq: 1.8257  spend: 0.1972  w_freq: 0.500  w_spend: 0.500
Epoch   5/100 — train_loss: 0.8735  val_loss: 0.8508  freq: 1.5189  spend: 0.1826  w_freq: 0.500  w_spend: 0.500
[Kendall] log_vars unfrozen at epoch 6.
Epoch   6/100 — train_loss: 0.7773  val_loss: 0.7752  freq: 1.4027  spend: 0.1532  w_freq: 0.499  w_spend: 0.501
Epoch   7/100 — train_loss: 0.7244  val_loss: 0.7400  freq: 1.3635  spend: 0.1273  w_freq: 0.497  w_spend: 0.503
Epoch   8/100 — train_loss: 0.6923  val_loss: 0.7037  freq: 1.3331  spend: 0.0911  w_freq: 0.495  w_spend: 0.506
Epoch   9/100 — train_loss: 0.6665  val_loss: 0.6775  freq: 1.3215  spend: 0.0568  w_freq: 0.492  w_spend: 0.508
Epoch  10/100 — train_loss: 0.6449  val_loss: 0.6554  freq: 1.3184  spend: 0.0226  w_freq: 0.490  w_spend: 0.511
Epoch  11/100 — train_loss: 0.6282  val_loss: 0.6397  freq: 1.3176  spend: -0.0007  w_freq: 0.488  w_spend: 0.513
Epoch  12/100 — train_loss: 0.6143  val_loss: 0.6281  freq: 1.3165  spend: -0.0155  w_freq: 0.486  w_spend: 0.516
Epoch  13/100 — train_loss: 0.6014  val_loss: 0.6164  freq: 1.3139  spend: -0.0293  w_freq: 0.483  w_spend: 0.519
Epoch  14/100 — train_loss: 0.5900  val_loss: 0.6057  freq: 1.3048  spend: -0.0353  w_freq: 0.481  w_spend: 0.522
Epoch  15/100 — train_loss: 0.5778  val_loss: 0.5929  freq: 1.2885  spend: -0.0390  w_freq: 0.479  w_spend: 0.524
Epoch  16/100 — train_loss: 0.5687  val_loss: 0.5829  freq: 1.2793  spend: -0.0443  w_freq: 0.478  w_spend: 0.527
Epoch  17/100 — train_loss: 0.5600  val_loss: 0.5748  freq: 1.2718  spend: -0.0480  w_freq: 0.476  w_spend: 0.529
Epoch  18/100 — train_loss: 0.5537  val_loss: 0.5688  freq: 1.2666  spend: -0.0498  w_freq: 0.475  w_spend: 0.531
Epoch  19/100 — train_loss: 0.5473  val_loss: 0.5628  freq: 1.2614  spend: -0.0518  w_freq: 0.473  w_spend: 0.534
Epoch  20/100 — train_loss: 0.5415  val_loss: 0.5579  freq: 1.2575  spend: -0.0527  w_freq: 0.472  w_spend: 0.536
Epoch  21/100 — train_loss: 0.5379  val_loss: 0.5542  freq: 1.2556  spend: -0.0536  w_freq: 0.471  w_spend: 0.538
Epoch  22/100 — train_loss: 0.5326  val_loss: 0.5500  freq: 1.2512  spend: -0.0531  w_freq: 0.469  w_spend: 0.540
Epoch  23/100 — train_loss: 0.5273  val_loss: 0.5450  freq: 1.2489  spend: -0.0557  w_freq: 0.468  w_spend: 0.543
Epoch  24/100 — train_loss: 0.5242  val_loss: 0.5405  freq: 1.2453  spend: -0.0564  w_freq: 0.467  w_spend: 0.545
Epoch  25/100 — train_loss: 0.5208  val_loss: 0.5359  freq: 1.2426  spend: -0.0580  w_freq: 0.466  w_spend: 0.547
Epoch  26/100 — train_loss: 0.5154  val_loss: 0.5322  freq: 1.2401  spend: -0.0581  w_freq: 0.465  w_spend: 0.550
Epoch  27/100 — train_loss: 0.5123  val_loss: 0.5302  freq: 1.2389  spend: -0.0565  w_freq: 0.464  w_spend: 0.552
Epoch  28/100 — train_loss: 0.5086  val_loss: 0.5259  freq: 1.2365  spend: -0.0580  w_freq: 0.463  w_spend: 0.554
Epoch  29/100 — train_loss: 0.5058  val_loss: 0.5229  freq: 1.2355  spend: -0.0587  w_freq: 0.462  w_spend: 0.556
Epoch  30/100 — train_loss: 0.5037  val_loss: 0.5220  freq: 1.2338  spend: -0.0553  w_freq: 0.461  w_spend: 0.559
Epoch  31/100 — train_loss: 0.5024  val_loss: 0.5200  freq: 1.2340  spend: -0.0561  w_freq: 0.460  w_spend: 0.560
Epoch  32/100 — train_loss: 0.4991  val_loss: 0.5169  freq: 1.2323  spend: -0.0574  w_freq: 0.459  w_spend: 0.562
Epoch  33/100 — train_loss: 0.4964  val_loss: 0.5128  freq: 1.2311  spend: -0.0605  w_freq: 0.459  w_spend: 0.564
Epoch  34/100 — train_loss: 0.4936  val_loss: 0.5110  freq: 1.2305  spend: -0.0599  w_freq: 0.458  w_spend: 0.565
Epoch  35/100 — train_loss: 0.4917  val_loss: 0.5077  freq: 1.2297  spend: -0.0616  w_freq: 0.457  w_spend: 0.567
Epoch  36/100 — train_loss: 0.4886  val_loss: 0.5056  freq: 1.2297  spend: -0.0620  w_freq: 0.456  w_spend: 0.569
Epoch  37/100 — train_loss: 0.4854  val_loss: 0.5033  freq: 1.2279  spend: -0.0611  w_freq: 0.456  w_spend: 0.571
Epoch  38/100 — train_loss: 0.4844  val_loss: 0.5007  freq: 1.2283  spend: -0.0628  w_freq: 0.455  w_spend: 0.573
Epoch  39/100 — train_loss: 0.4815  val_loss: 0.5000  freq: 1.2283  spend: -0.0608  w_freq: 0.454  w_spend: 0.575
Epoch  40/100 — train_loss: 0.4800  val_loss: 0.4960  freq: 1.2261  spend: -0.0629  w_freq: 0.453  w_spend: 0.577
Epoch  41/100 — train_loss: 0.4766  val_loss: 0.4936  freq: 1.2260  spend: -0.0638  w_freq: 0.453  w_spend: 0.579
Epoch  42/100 — train_loss: 0.4747  val_loss: 0.4913  freq: 1.2245  spend: -0.0635  w_freq: 0.452  w_spend: 0.581
Epoch  43/100 — train_loss: 0.4714  val_loss: 0.4892  freq: 1.2243  spend: -0.0640  w_freq: 0.452  w_spend: 0.583
Epoch  44/100 — train_loss: 0.4692  val_loss: 0.4881  freq: 1.2241  spend: -0.0628  w_freq: 0.451  w_spend: 0.584
Epoch  45/100 — train_loss: 0.4672  val_loss: 0.4853  freq: 1.2236  spend: -0.0644  w_freq: 0.451  w_spend: 0.586
Epoch  46/100 — train_loss: 0.4657  val_loss: 0.4834  freq: 1.2230  spend: -0.0646  w_freq: 0.450  w_spend: 0.588
Epoch  47/100 — train_loss: 0.4626  val_loss: 0.4825  freq: 1.2228  spend: -0.0633  w_freq: 0.449  w_spend: 0.589
Epoch  48/100 — train_loss: 0.4613  val_loss: 0.4800  freq: 1.2219  spend: -0.0643  w_freq: 0.449  w_spend: 0.591
Epoch  49/100 — train_loss: 0.4596  val_loss: 0.4783  freq: 1.2226  spend: -0.0652  w_freq: 0.448  w_spend: 0.593
Epoch  50/100 — train_loss: 0.4581  val_loss: 0.4769  freq: 1.2216  spend: -0.0644  w_freq: 0.448  w_spend: 0.594
Epoch  51/100 — train_loss: 0.4551  val_loss: 0.4745  freq: 1.2208  spend: -0.0655  w_freq: 0.448  w_spend: 0.596
Epoch  52/100 — train_loss: 0.4536  val_loss: 0.4734  freq: 1.2203  spend: -0.0647  w_freq: 0.447  w_spend: 0.597
Epoch  53/100 — train_loss: 0.4521  val_loss: 0.4717  freq: 1.2203  spend: -0.0654  w_freq: 0.447  w_spend: 0.599
Epoch  54/100 — train_loss: 0.4519  val_loss: 0.4705  freq: 1.2199  spend: -0.0652  w_freq: 0.446  w_spend: 0.600
Epoch  55/100 — train_loss: 0.4490  val_loss: 0.4688  freq: 1.2198  spend: -0.0658  w_freq: 0.446  w_spend: 0.601
Epoch  56/100 — train_loss: 0.4476  val_loss: 0.4675  freq: 1.2196  spend: -0.0659  w_freq: 0.446  w_spend: 0.602
Epoch  57/100 — train_loss: 0.4470  val_loss: 0.4659  freq: 1.2189  spend: -0.0660  w_freq: 0.445  w_spend: 0.604
Epoch  58/100 — train_loss: 0.4443  val_loss: 0.4645  freq: 1.2189  spend: -0.0664  w_freq: 0.445  w_spend: 0.605
Epoch  59/100 — train_loss: 0.4431  val_loss: 0.4633  freq: 1.2184  spend: -0.0661  w_freq: 0.445  w_spend: 0.606
Epoch  60/100 — train_loss: 0.4419  val_loss: 0.4620  freq: 1.2185  spend: -0.0667  w_freq: 0.444  w_spend: 0.607
Epoch  61/100 — train_loss: 0.4411  val_loss: 0.4610  freq: 1.2180  spend: -0.0664  w_freq: 0.444  w_spend: 0.609
Epoch  62/100 — train_loss: 0.4393  val_loss: 0.4598  freq: 1.2177  spend: -0.0666  w_freq: 0.444  w_spend: 0.610
Epoch  63/100 — train_loss: 0.4382  val_loss: 0.4593  freq: 1.2179  spend: -0.0661  w_freq: 0.444  w_spend: 0.611
Epoch  64/100 — train_loss: 0.4379  val_loss: 0.4586  freq: 1.2187  spend: -0.0664  w_freq: 0.443  w_spend: 0.612
Epoch  65/100 — train_loss: 0.4354  val_loss: 0.4569  freq: 1.2176  spend: -0.0671  w_freq: 0.443  w_spend: 0.613
Epoch  66/100 — train_loss: 0.4342  val_loss: 0.4557  freq: 1.2170  spend: -0.0674  w_freq: 0.443  w_spend: 0.613
Epoch  67/100 — train_loss: 0.4346  val_loss: 0.4553  freq: 1.2171  spend: -0.0669  w_freq: 0.443  w_spend: 0.614
Epoch  68/100 — train_loss: 0.4331  val_loss: 0.4546  freq: 1.2170  spend: -0.0668  w_freq: 0.443  w_spend: 0.615
Epoch  69/100 — train_loss: 0.4329  val_loss: 0.4537  freq: 1.2167  spend: -0.0670  w_freq: 0.442  w_spend: 0.616
Epoch  70/100 — train_loss: 0.4316  val_loss: 0.4532  freq: 1.2170  spend: -0.0670  w_freq: 0.442  w_spend: 0.616
Epoch  71/100 — train_loss: 0.4310  val_loss: 0.4523  freq: 1.2166  spend: -0.0673  w_freq: 0.442  w_spend: 0.617
Epoch  72/100 — train_loss: 0.4302  val_loss: 0.4518  freq: 1.2169  spend: -0.0674  w_freq: 0.442  w_spend: 0.618
Epoch  73/100 — train_loss: 0.4295  val_loss: 0.4507  freq: 1.2162  spend: -0.0679  w_freq: 0.442  w_spend: 0.618
Epoch  74/100 — train_loss: 0.4288  val_loss: 0.4502  freq: 1.2164  spend: -0.0680  w_freq: 0.442  w_spend: 0.619
Epoch  75/100 — train_loss: 0.4278  val_loss: 0.4497  freq: 1.2163  spend: -0.0680  w_freq: 0.442  w_spend: 0.619
Epoch  76/100 — train_loss: 0.4281  val_loss: 0.4500  freq: 1.2162  spend: -0.0668  w_freq: 0.441  w_spend: 0.620
Epoch  77/100 — train_loss: 0.4273  val_loss: 0.4492  freq: 1.2162  spend: -0.0676  w_freq: 0.441  w_spend: 0.620
Epoch  78/100 — train_loss: 0.4264  val_loss: 0.4486  freq: 1.2161  spend: -0.0678  w_freq: 0.441  w_spend: 0.621
Epoch  79/100 — train_loss: 0.4269  val_loss: 0.4481  freq: 1.2158  spend: -0.0679  w_freq: 0.441  w_spend: 0.621
Epoch  80/100 — train_loss: 0.4265  val_loss: 0.4477  freq: 1.2159  spend: -0.0682  w_freq: 0.441  w_spend: 0.621
Epoch  81/100 — train_loss: 0.4250  val_loss: 0.4475  freq: 1.2159  spend: -0.0680  w_freq: 0.441  w_spend: 0.622
Epoch  82/100 — train_loss: 0.4249  val_loss: 0.4473  freq: 1.2159  spend: -0.0680  w_freq: 0.441  w_spend: 0.622
Epoch  83/100 — train_loss: 0.4251  val_loss: 0.4472  freq: 1.2157  spend: -0.0677  w_freq: 0.441  w_spend: 0.622
Epoch  84/100 — train_loss: 0.4247  val_loss: 0.4467  freq: 1.2158  spend: -0.0682  w_freq: 0.441  w_spend: 0.623
Epoch  85/100 — train_loss: 0.4239  val_loss: 0.4468  freq: 1.2157  spend: -0.0677  w_freq: 0.441  w_spend: 0.623
Epoch  86/100 — train_loss: 0.4236  val_loss: 0.4464  freq: 1.2156  spend: -0.0681  w_freq: 0.441  w_spend: 0.623
Epoch  87/100 — train_loss: 0.4237  val_loss: 0.4464  freq: 1.2156  spend: -0.0679  w_freq: 0.441  w_spend: 0.623
Epoch  88/100 — train_loss: 0.4242  val_loss: 0.4461  freq: 1.2156  spend: -0.0682  w_freq: 0.441  w_spend: 0.623
Epoch  89/100 — train_loss: 0.4235  val_loss: 0.4460  freq: 1.2156  spend: -0.0681  w_freq: 0.441  w_spend: 0.623
Epoch  90/100 — train_loss: 0.4228  val_loss: 0.4460  freq: 1.2155  spend: -0.0680  w_freq: 0.441  w_spend: 0.624
Epoch  91/100 — train_loss: 0.4230  val_loss: 0.4459  freq: 1.2155  spend: -0.0680  w_freq: 0.441  w_spend: 0.624
Epoch  92/100 — train_loss: 0.4233  val_loss: 0.4458  freq: 1.2155  spend: -0.0681  w_freq: 0.441  w_spend: 0.624
Epoch  93/100 — train_loss: 0.4237  val_loss: 0.4457  freq: 1.2155  spend: -0.0681  w_freq: 0.441  w_spend: 0.624
Epoch  94/100 — train_loss: 0.4230  val_loss: 0.4457  freq: 1.2155  spend: -0.0681  w_freq: 0.441  w_spend: 0.624
Epoch  95/100 — train_loss: 0.4235  val_loss: 0.4457  freq: 1.2155  spend: -0.0681  w_freq: 0.441  w_spend: 0.624
Epoch  96/100 — train_loss: 0.4229  val_loss: 0.4457  freq: 1.2155  spend: -0.0681  w_freq: 0.441  w_spend: 0.624
Epoch  97/100 — train_loss: 0.4221  val_loss: 0.4457  freq: 1.2155  spend: -0.0681  w_freq: 0.441  w_spend: 0.624
Epoch  98/100 — train_loss: 0.4222  val_loss: 0.4457  freq: 1.2155  spend: -0.0681  w_freq: 0.441  w_spend: 0.624
Epoch  99/100 — train_loss: 0.4227  val_loss: 0.4457  freq: 1.2155  spend: -0.0681  w_freq: 0.441  w_spend: 0.624
Epoch 100/100 — train_loss: 0.4233  val_loss: 0.4457  freq: 1.2155  spend: -0.0681  w_freq: 0.441  w_spend: 0.624

Checkpoint saved: /kaggle/working/results/checkpoints/extension3_lstm_full_dunnhumby_final_seed7_sample.pt

Duan's smearing factor (val): 1.4172
Validation-fitted softmax temperature: 0.9818
Validation aggregate calibration: freq_factor=1.0010, spend_factor=0.9838

Running autoregressive inference on holdout period ...
  inference mode: sample  n_scenarios: 30  temperature: 0.9818

=== Prediction Diagnostics ===
  Mean predicted freq/week:    1.1709
  Mean actual freq/week:       1.1882
  Over-prediction ratio:       0.985x
  Customers predicted as zero total:  0.060
  Customers actually zero total:      0.188
  Non-zero rate (pred, avg > 0.05):  0.976
  Non-zero rate (true):               0.542

Metrics saved: /kaggle/working/results/tables/extension3_lstm_full_dunnhumby_final_seed7_sample_metrics.json
Array artifacts saved: /kaggle/working/results/tables/extension3_lstm_full_dunnhumby_final_seed7_sample_arrays.npz

=== Holdout Evaluation ===
  freq_rmse: 3.2726
  freq_mae: 2.0248
  freq_normalized_gini: 0.8533
  freq_calibration_factor: 1.0010
  freq_mape: 1.3580
  bias_pct: -1.3580
  freq_weekly_mae: 63.2485
  freq_weekly_total_true: 11872.0000
  freq_weekly_total_pred: 11710.7801
  freq_weekly_mape: 2.1256
  freq_weekly_bias_pct: -1.3363
  freq_mase: 0.9881
  freq_mase_scale: 0.8235
  smearing_factor: 1.4172
  spend_calibration_factor: 0.9838
  spend_mae_raw: 64.0508
  spend_rmse_raw: 101.2338
  spend_normalized_gini: 0.8331
  spend_mae_log: 1.0779
  spend_rmse_log: 1.5738
  spend_r2_log: 0.4374
  spend_bias_pct: 0.9243
  spend_weekly_mae: 2641.6676
  spend_weekly_total_true: 347125.7605
  spend_weekly_total_pred: 350334.3563
  spend_weekly_mape: 3.0496
  spend_weekly_bias_pct: 1.0610
  spend_mase: 0.9889
  spend_mase_scale: 27.5152
  clv_mae: 63.8813
  clv_rmse: 100.9601
  clv_spearman: 0.7979
  clv_decile_lift: 3.3690
  clv_normalized_gini: 0.8331
  clv_total_true: 346205.2188
  clv_total_pred: 349396.5000
  calibration_temperature_source: validation_only
  validation_temperature: 0.9818
  calibration_source: validation_only
  validation_freq_true_total: 21969.0000
  validation_freq_pred_total: 21925.8125
  validation_spend_true_total: 646302.7101
  validation_spend_pred_total: 667953.0646
  validation_freq_calibration_factor: 1.0010
  validation_spend_calibration_factor: 0.9838
  final_manifest_version: 2026-05-20-results-recovery-protocol
  final_manifest_run_name: extension3_lstm_full_dunnhumby_final_seed7_sample
  final_manifest_config: experiments/configs/extension3_lstm_full_dunnhumby.yaml
  final_manifest_config_hash: e6926ef5ec3f
  final_manifest_actual_config_hash: e5e2220fbc0a
  final_manifest_seed: 7
  final_manifest_epochs: 100
  final_manifest_inference_mode: sample
  final_manifest_n_scenarios: 30
  run_valid: True
  run_invalid_reason: 
  run_warning: 
History saved: /kaggle/working/results/tables/extension3_lstm_full_dunnhumby_final_seed7_sample_history.json
