[Kaggle] raw_dir  → /kaggle/working/input/dunnhumby
[Kaggle] results  → /kaggle/working/results
Config: experiments/configs/extension3_lstm_static_dunnhumby.yaml
Run: extension3_lstm_static_dunnhumby_final_seed7_sample
Device: cuda
Loading dataset: dunnhumby ...
[pipeline] freq_cap=10 (auto q=0.99) → freq_bins=[0, 1, 2, 3]... (n_classes=11)
  Train customers: 2249, Val: 249, Inference: 2498
[dunnhumby] Customers with 0 calibration transactions: 0 / 2498
  top-bin decode: class_values[-1] = 13.099 (max_trans = 10)
Model: lstm — 103,697 parameters

Training for up to 100 epochs ...
/kaggle/working/thesis-code/src/training/trainer.py:97: FutureWarning: `torch.cuda.amp.GradScaler(args...)` is deprecated. Please use `torch.amp.GradScaler('cuda', args...)` instead.
  self.scaler = torch.cuda.amp.GradScaler(enabled=self.amp_enabled)
[Kendall] log_vars frozen for 5 warm-up epochs.
Epoch   1/100 — train_loss: 1.3133  val_loss: 1.3091  freq: 2.3703  spend: 0.2479  w_freq: 0.500  w_spend: 0.500
Epoch   2/100 — train_loss: 1.2954  val_loss: 1.2834  freq: 2.3218  spend: 0.2451  w_freq: 0.500  w_spend: 0.500
Epoch   3/100 — train_loss: 1.2561  val_loss: 1.2298  freq: 2.2214  spend: 0.2383  w_freq: 0.500  w_spend: 0.500
Epoch   4/100 — train_loss: 1.1634  val_loss: 1.0871  freq: 1.9623  spend: 0.2120  w_freq: 0.500  w_spend: 0.500
Epoch   5/100 — train_loss: 0.9517  val_loss: 0.9334  freq: 1.6513  spend: 0.2156  w_freq: 0.500  w_spend: 0.500
[Kendall] log_vars unfrozen at epoch 6.
Epoch   6/100 — train_loss: 0.8017  val_loss: 0.7845  freq: 1.4251  spend: 0.1496  w_freq: 0.499  w_spend: 0.501
Epoch   7/100 — train_loss: 0.7370  val_loss: 0.7467  freq: 1.3691  spend: 0.1352  w_freq: 0.497  w_spend: 0.503
Epoch   8/100 — train_loss: 0.7006  val_loss: 0.7158  freq: 1.3384  spend: 0.1100  w_freq: 0.495  w_spend: 0.506
Epoch   9/100 — train_loss: 0.6737  val_loss: 0.6842  freq: 1.3232  spend: 0.0684  w_freq: 0.492  w_spend: 0.508
Epoch  10/100 — train_loss: 0.6482  val_loss: 0.6559  freq: 1.3183  spend: 0.0238  w_freq: 0.490  w_spend: 0.511
Epoch  11/100 — train_loss: 0.6273  val_loss: 0.6390  freq: 1.3180  spend: -0.0027  w_freq: 0.488  w_spend: 0.513
Epoch  12/100 — train_loss: 0.6120  val_loss: 0.6245  freq: 1.3132  spend: -0.0203  w_freq: 0.486  w_spend: 0.516
Epoch  13/100 — train_loss: 0.5991  val_loss: 0.6147  freq: 1.3045  spend: -0.0256  w_freq: 0.484  w_spend: 0.518
Epoch  14/100 — train_loss: 0.5885  val_loss: 0.6036  freq: 1.2953  spend: -0.0332  w_freq: 0.482  w_spend: 0.521
Epoch  15/100 — train_loss: 0.5795  val_loss: 0.5939  freq: 1.2855  spend: -0.0374  w_freq: 0.481  w_spend: 0.523
Epoch  16/100 — train_loss: 0.5702  val_loss: 0.5868  freq: 1.2788  spend: -0.0395  w_freq: 0.479  w_spend: 0.526
Epoch  17/100 — train_loss: 0.5635  val_loss: 0.5794  freq: 1.2732  spend: -0.0434  w_freq: 0.478  w_spend: 0.528
Epoch  18/100 — train_loss: 0.5570  val_loss: 0.5732  freq: 1.2690  spend: -0.0464  w_freq: 0.476  w_spend: 0.530
Epoch  19/100 — train_loss: 0.5503  val_loss: 0.5680  freq: 1.2640  spend: -0.0466  w_freq: 0.475  w_spend: 0.533
Epoch  20/100 — train_loss: 0.5456  val_loss: 0.5619  freq: 1.2599  spend: -0.0495  w_freq: 0.473  w_spend: 0.535
Epoch  21/100 — train_loss: 0.5404  val_loss: 0.5567  freq: 1.2561  spend: -0.0508  w_freq: 0.472  w_spend: 0.537
Epoch  22/100 — train_loss: 0.5370  val_loss: 0.5541  freq: 1.2527  spend: -0.0483  w_freq: 0.471  w_spend: 0.540
Epoch  23/100 — train_loss: 0.5318  val_loss: 0.5498  freq: 1.2508  spend: -0.0504  w_freq: 0.469  w_spend: 0.542
Epoch  24/100 — train_loss: 0.5273  val_loss: 0.5444  freq: 1.2472  spend: -0.0532  w_freq: 0.468  w_spend: 0.544
Epoch  25/100 — train_loss: 0.5239  val_loss: 0.5406  freq: 1.2454  spend: -0.0544  w_freq: 0.467  w_spend: 0.546
Epoch  26/100 — train_loss: 0.5203  val_loss: 0.5380  freq: 1.2426  spend: -0.0526  w_freq: 0.466  w_spend: 0.548
Epoch  27/100 — train_loss: 0.5166  val_loss: 0.5343  freq: 1.2409  spend: -0.0540  w_freq: 0.465  w_spend: 0.551
Epoch  28/100 — train_loss: 0.5129  val_loss: 0.5305  freq: 1.2386  spend: -0.0548  w_freq: 0.464  w_spend: 0.553
Epoch  29/100 — train_loss: 0.5093  val_loss: 0.5262  freq: 1.2368  spend: -0.0570  w_freq: 0.463  w_spend: 0.555
Epoch  30/100 — train_loss: 0.5063  val_loss: 0.5238  freq: 1.2356  spend: -0.0565  w_freq: 0.462  w_spend: 0.557
Epoch  31/100 — train_loss: 0.5035  val_loss: 0.5203  freq: 1.2345  spend: -0.0583  w_freq: 0.461  w_spend: 0.559
Epoch  32/100 — train_loss: 0.5008  val_loss: 0.5174  freq: 1.2325  spend: -0.0583  w_freq: 0.461  w_spend: 0.561
Epoch  33/100 — train_loss: 0.4959  val_loss: 0.5148  freq: 1.2314  spend: -0.0584  w_freq: 0.460  w_spend: 0.563
Epoch  34/100 — train_loss: 0.4940  val_loss: 0.5132  freq: 1.2326  spend: -0.0586  w_freq: 0.459  w_spend: 0.565
Epoch  35/100 — train_loss: 0.4914  val_loss: 0.5098  freq: 1.2299  spend: -0.0588  w_freq: 0.458  w_spend: 0.567
Epoch  36/100 — train_loss: 0.4878  val_loss: 0.5075  freq: 1.2296  spend: -0.0592  w_freq: 0.457  w_spend: 0.569
Epoch  37/100 — train_loss: 0.4864  val_loss: 0.5033  freq: 1.2274  spend: -0.0614  w_freq: 0.457  w_spend: 0.571
Epoch  38/100 — train_loss: 0.4830  val_loss: 0.5030  freq: 1.2275  spend: -0.0589  w_freq: 0.456  w_spend: 0.573
Epoch  39/100 — train_loss: 0.4802  val_loss: 0.4991  freq: 1.2265  spend: -0.0617  w_freq: 0.455  w_spend: 0.575
Epoch  40/100 — train_loss: 0.4768  val_loss: 0.4962  freq: 1.2254  spend: -0.0628  w_freq: 0.455  w_spend: 0.577
Epoch  41/100 — train_loss: 0.4760  val_loss: 0.4945  freq: 1.2251  spend: -0.0625  w_freq: 0.454  w_spend: 0.578
Epoch  42/100 — train_loss: 0.4737  val_loss: 0.4918  freq: 1.2239  spend: -0.0631  w_freq: 0.454  w_spend: 0.580
Epoch  43/100 — train_loss: 0.4703  val_loss: 0.4902  freq: 1.2239  spend: -0.0629  w_freq: 0.453  w_spend: 0.582
Epoch  44/100 — train_loss: 0.4684  val_loss: 0.4876  freq: 1.2230  spend: -0.0637  w_freq: 0.452  w_spend: 0.584
Epoch  45/100 — train_loss: 0.4673  val_loss: 0.4872  freq: 1.2230  spend: -0.0616  w_freq: 0.452  w_spend: 0.586
Epoch  46/100 — train_loss: 0.4648  val_loss: 0.4855  freq: 1.2237  spend: -0.0626  w_freq: 0.451  w_spend: 0.587
Epoch  47/100 — train_loss: 0.4625  val_loss: 0.4824  freq: 1.2222  spend: -0.0642  w_freq: 0.451  w_spend: 0.589
Epoch  48/100 — train_loss: 0.4604  val_loss: 0.4809  freq: 1.2229  spend: -0.0647  w_freq: 0.450  w_spend: 0.590
Epoch  49/100 — train_loss: 0.4582  val_loss: 0.4793  freq: 1.2218  spend: -0.0640  w_freq: 0.450  w_spend: 0.592
Epoch  50/100 — train_loss: 0.4565  val_loss: 0.4769  freq: 1.2212  spend: -0.0651  w_freq: 0.449  w_spend: 0.594
Epoch  51/100 — train_loss: 0.4553  val_loss: 0.4755  freq: 1.2212  spend: -0.0653  w_freq: 0.449  w_spend: 0.595
Epoch  52/100 — train_loss: 0.4536  val_loss: 0.4744  freq: 1.2199  spend: -0.0638  w_freq: 0.449  w_spend: 0.597
Epoch  53/100 — train_loss: 0.4518  val_loss: 0.4722  freq: 1.2202  spend: -0.0656  w_freq: 0.448  w_spend: 0.598
Epoch  54/100 — train_loss: 0.4504  val_loss: 0.4714  freq: 1.2202  spend: -0.0648  w_freq: 0.448  w_spend: 0.599
Epoch  55/100 — train_loss: 0.4492  val_loss: 0.4695  freq: 1.2195  spend: -0.0656  w_freq: 0.447  w_spend: 0.601
Epoch  56/100 — train_loss: 0.4467  val_loss: 0.4678  freq: 1.2190  spend: -0.0659  w_freq: 0.447  w_spend: 0.602
Epoch  57/100 — train_loss: 0.4461  val_loss: 0.4671  freq: 1.2191  spend: -0.0652  w_freq: 0.447  w_spend: 0.603
Epoch  58/100 — train_loss: 0.4447  val_loss: 0.4654  freq: 1.2189  spend: -0.0661  w_freq: 0.446  w_spend: 0.604
Epoch  59/100 — train_loss: 0.4431  val_loss: 0.4637  freq: 1.2183  spend: -0.0667  w_freq: 0.446  w_spend: 0.606
Epoch  60/100 — train_loss: 0.4420  val_loss: 0.4631  freq: 1.2183  spend: -0.0661  w_freq: 0.446  w_spend: 0.607
Epoch  61/100 — train_loss: 0.4409  val_loss: 0.4624  freq: 1.2184  spend: -0.0658  w_freq: 0.446  w_spend: 0.608
Epoch  62/100 — train_loss: 0.4395  val_loss: 0.4612  freq: 1.2181  spend: -0.0663  w_freq: 0.445  w_spend: 0.609
Epoch  63/100 — train_loss: 0.4387  val_loss: 0.4600  freq: 1.2181  spend: -0.0668  w_freq: 0.445  w_spend: 0.610
Epoch  64/100 — train_loss: 0.4376  val_loss: 0.4592  freq: 1.2178  spend: -0.0665  w_freq: 0.445  w_spend: 0.611
Epoch  65/100 — train_loss: 0.4361  val_loss: 0.4588  freq: 1.2194  spend: -0.0671  w_freq: 0.445  w_spend: 0.611
Epoch  66/100 — train_loss: 0.4346  val_loss: 0.4577  freq: 1.2183  spend: -0.0669  w_freq: 0.444  w_spend: 0.612
Epoch  67/100 — train_loss: 0.4357  val_loss: 0.4565  freq: 1.2177  spend: -0.0673  w_freq: 0.444  w_spend: 0.613
Epoch  68/100 — train_loss: 0.4346  val_loss: 0.4559  freq: 1.2177  spend: -0.0670  w_freq: 0.444  w_spend: 0.614
Epoch  69/100 — train_loss: 0.4330  val_loss: 0.4550  freq: 1.2173  spend: -0.0672  w_freq: 0.444  w_spend: 0.615
Epoch  70/100 — train_loss: 0.4321  val_loss: 0.4543  freq: 1.2173  spend: -0.0673  w_freq: 0.444  w_spend: 0.615
Epoch  71/100 — train_loss: 0.4313  val_loss: 0.4536  freq: 1.2169  spend: -0.0673  w_freq: 0.444  w_spend: 0.616
Epoch  72/100 — train_loss: 0.4302  val_loss: 0.4533  freq: 1.2176  spend: -0.0674  w_freq: 0.443  w_spend: 0.617
Epoch  73/100 — train_loss: 0.4302  val_loss: 0.4524  freq: 1.2169  spend: -0.0676  w_freq: 0.443  w_spend: 0.617
Epoch  74/100 — train_loss: 0.4298  val_loss: 0.4520  freq: 1.2168  spend: -0.0674  w_freq: 0.443  w_spend: 0.618
Epoch  75/100 — train_loss: 0.4287  val_loss: 0.4513  freq: 1.2165  spend: -0.0677  w_freq: 0.443  w_spend: 0.618
Epoch  76/100 — train_loss: 0.4289  val_loss: 0.4511  freq: 1.2168  spend: -0.0676  w_freq: 0.443  w_spend: 0.619
Epoch  77/100 — train_loss: 0.4284  val_loss: 0.4504  freq: 1.2165  spend: -0.0678  w_freq: 0.443  w_spend: 0.619
Epoch  78/100 — train_loss: 0.4266  val_loss: 0.4499  freq: 1.2164  spend: -0.0678  w_freq: 0.443  w_spend: 0.620
Epoch  79/100 — train_loss: 0.4267  val_loss: 0.4498  freq: 1.2166  spend: -0.0676  w_freq: 0.443  w_spend: 0.620
Epoch  80/100 — train_loss: 0.4265  val_loss: 0.4493  freq: 1.2164  spend: -0.0679  w_freq: 0.443  w_spend: 0.620
Epoch  81/100 — train_loss: 0.4263  val_loss: 0.4494  freq: 1.2165  spend: -0.0674  w_freq: 0.442  w_spend: 0.621
Epoch  82/100 — train_loss: 0.4259  val_loss: 0.4487  freq: 1.2163  spend: -0.0679  w_freq: 0.442  w_spend: 0.621
Epoch  83/100 — train_loss: 0.4250  val_loss: 0.4486  freq: 1.2164  spend: -0.0678  w_freq: 0.442  w_spend: 0.621
Epoch  84/100 — train_loss: 0.4243  val_loss: 0.4484  freq: 1.2163  spend: -0.0677  w_freq: 0.442  w_spend: 0.621
Epoch  85/100 — train_loss: 0.4243  val_loss: 0.4482  freq: 1.2163  spend: -0.0678  w_freq: 0.442  w_spend: 0.622
Epoch  86/100 — train_loss: 0.4249  val_loss: 0.4479  freq: 1.2161  spend: -0.0680  w_freq: 0.442  w_spend: 0.622
Epoch  87/100 — train_loss: 0.4248  val_loss: 0.4478  freq: 1.2162  spend: -0.0679  w_freq: 0.442  w_spend: 0.622
Epoch  88/100 — train_loss: 0.4248  val_loss: 0.4477  freq: 1.2162  spend: -0.0679  w_freq: 0.442  w_spend: 0.622
Epoch  89/100 — train_loss: 0.4237  val_loss: 0.4475  freq: 1.2161  spend: -0.0680  w_freq: 0.442  w_spend: 0.622
Epoch  90/100 — train_loss: 0.4247  val_loss: 0.4474  freq: 1.2161  spend: -0.0680  w_freq: 0.442  w_spend: 0.622
Epoch  91/100 — train_loss: 0.4243  val_loss: 0.4474  freq: 1.2161  spend: -0.0679  w_freq: 0.442  w_spend: 0.622
Epoch  92/100 — train_loss: 0.4237  val_loss: 0.4473  freq: 1.2161  spend: -0.0679  w_freq: 0.442  w_spend: 0.622
Epoch  93/100 — train_loss: 0.4232  val_loss: 0.4473  freq: 1.2161  spend: -0.0680  w_freq: 0.442  w_spend: 0.623
Epoch  94/100 — train_loss: 0.4234  val_loss: 0.4472  freq: 1.2161  spend: -0.0680  w_freq: 0.442  w_spend: 0.623
Epoch  95/100 — train_loss: 0.4236  val_loss: 0.4472  freq: 1.2161  spend: -0.0679  w_freq: 0.442  w_spend: 0.623
Epoch  96/100 — train_loss: 0.4242  val_loss: 0.4472  freq: 1.2161  spend: -0.0679  w_freq: 0.442  w_spend: 0.623
Epoch  97/100 — train_loss: 0.4236  val_loss: 0.4472  freq: 1.2161  spend: -0.0679  w_freq: 0.442  w_spend: 0.623
Epoch  98/100 — train_loss: 0.4229  val_loss: 0.4472  freq: 1.2161  spend: -0.0680  w_freq: 0.442  w_spend: 0.623
Epoch  99/100 — train_loss: 0.4247  val_loss: 0.4472  freq: 1.2161  spend: -0.0680  w_freq: 0.442  w_spend: 0.623
Epoch 100/100 — train_loss: 0.4242  val_loss: 0.4472  freq: 1.2161  spend: -0.0680  w_freq: 0.442  w_spend: 0.623

Checkpoint saved: /kaggle/working/results/checkpoints/extension3_lstm_static_dunnhumby_final_seed7_sample.pt

Duan's smearing factor (val): 1.4183
Validation-fitted softmax temperature: 0.9850
Validation aggregate calibration: freq_factor=1.0028, spend_factor=0.9850

Running autoregressive inference on holdout period ...
  inference mode: sample  n_scenarios: 30  temperature: 0.9850

=== Prediction Diagnostics ===
  Mean predicted freq/week:    1.1664
  Mean actual freq/week:       1.1882
  Over-prediction ratio:       0.982x
  Customers predicted as zero total:  0.066
  Customers actually zero total:      0.188
  Non-zero rate (pred, avg > 0.05):  0.975
  Non-zero rate (true):               0.542

Metrics saved: /kaggle/working/results/tables/extension3_lstm_static_dunnhumby_final_seed7_sample_metrics.json
Array artifacts saved: /kaggle/working/results/tables/extension3_lstm_static_dunnhumby_final_seed7_sample_arrays.npz

=== Holdout Evaluation ===
  freq_rmse: 3.2638
  freq_mae: 2.0283
  freq_normalized_gini: 0.8539
  freq_calibration_factor: 1.0028
  freq_mape: 1.5500
  bias_pct: -1.5500
  freq_weekly_mae: 58.4844
  freq_weekly_total_true: 11872.0000
  freq_weekly_total_pred: 11687.9891
  freq_weekly_mape: 1.9627
  freq_weekly_bias_pct: -1.5333
  freq_mase: 0.9887
  freq_mase_scale: 0.8235
  smearing_factor: 1.4183
  spend_calibration_factor: 0.9850
  spend_mae_raw: 64.0388
  spend_rmse_raw: 99.4764
  spend_normalized_gini: 0.8336
  spend_mae_log: 1.0833
  spend_rmse_log: 1.5885
  spend_r2_log: 0.4268
  spend_bias_pct: 2.7112
  spend_weekly_mae: 3041.1146
  spend_weekly_total_true: 347125.7605
  spend_weekly_total_pred: 356537.1460
  spend_weekly_mape: 3.5851
  spend_weekly_bias_pct: 2.8410
  spend_mase: 0.9928
  spend_mase_scale: 27.5152
  clv_mae: 63.8690
  clv_rmse: 99.2078
  clv_spearman: 0.7964
  clv_decile_lift: 3.3964
  clv_normalized_gini: 0.8336
  clv_total_true: 346205.2188
  clv_total_pred: 355587.5625
  calibration_temperature_source: validation_only
  validation_temperature: 0.9850
  calibration_source: validation_only
  validation_freq_true_total: 21969.0000
  validation_freq_pred_total: 21844.7500
  validation_spend_true_total: 646302.7101
  validation_spend_pred_total: 666310.7748
  validation_freq_calibration_factor: 1.0028
  validation_spend_calibration_factor: 0.9850
  final_manifest_version: 2026-05-20-results-recovery-protocol
  final_manifest_run_name: extension3_lstm_static_dunnhumby_final_seed7_sample
  final_manifest_config: experiments/configs/extension3_lstm_static_dunnhumby.yaml
  final_manifest_config_hash: 7b043ca3c935
  final_manifest_actual_config_hash: 4787c3ff2854
  final_manifest_seed: 7
  final_manifest_epochs: 100
  final_manifest_inference_mode: sample
  final_manifest_n_scenarios: 30
  run_valid: True
  run_invalid_reason: 
  run_warning: 
History saved: /kaggle/working/results/tables/extension3_lstm_static_dunnhumby_final_seed7_sample_history.json
