[Kaggle] raw_dir  → /kaggle/working/input/dunnhumby
[Kaggle] results  → /kaggle/working/results
Config: experiments/configs/extension3_transformer_static_dunnhumby.yaml
Run: extension3_transformer_static_dunnhumby_final_seed123_sample
Device: cuda
Loading dataset: dunnhumby ...
[pipeline] freq_cap=10 (auto q=0.99) → freq_bins=[0, 1, 2, 3]... (n_classes=11)
  Train customers: 2249, Val: 249, Inference: 2498
[dunnhumby] Customers with 0 calibration transactions: 0 / 2498
  top-bin decode: class_values[-1] = 13.099 (max_trans = 10)
Model: transformer — 102,761 parameters

Training for up to 100 epochs ...
/kaggle/working/thesis-code/src/training/trainer.py:97: FutureWarning: `torch.cuda.amp.GradScaler(args...)` is deprecated. Please use `torch.amp.GradScaler('cuda', args...)` instead.
  self.scaler = torch.cuda.amp.GradScaler(enabled=self.amp_enabled)
[Kendall] log_vars frozen for 5 warm-up epochs.
Epoch   1/100 — train_loss: 5.0537  val_loss: 4.9142  freq: 9.5740  spend: 0.2545  w_freq: 0.500  w_spend: 0.500
Epoch   2/100 — train_loss: 4.6389  val_loss: 4.2204  freq: 8.2383  spend: 0.2025  w_freq: 0.500  w_spend: 0.500
Epoch   3/100 — train_loss: 3.8608  val_loss: 3.1407  freq: 6.1273  spend: 0.1542  w_freq: 0.500  w_spend: 0.500
Epoch   4/100 — train_loss: 2.7589  val_loss: 1.8774  freq: 3.6295  spend: 0.1254  w_freq: 0.500  w_spend: 0.500
Epoch   5/100 — train_loss: 1.7619  val_loss: 1.1818  freq: 2.2543  spend: 0.1093  w_freq: 0.500  w_spend: 0.500
[Kendall] log_vars unfrozen at epoch 6.
Epoch   6/100 — train_loss: 1.1836  val_loss: 0.8078  freq: 1.5319  spend: 0.0903  w_freq: 0.499  w_spend: 0.501
Epoch   7/100 — train_loss: 0.9715  val_loss: 0.7437  freq: 1.4196  spend: 0.0800  w_freq: 0.497  w_spend: 0.503
Epoch   8/100 — train_loss: 0.8856  val_loss: 0.6906  freq: 1.3235  spend: 0.0752  w_freq: 0.494  w_spend: 0.506
Epoch   9/100 — train_loss: 0.8209  val_loss: 0.6541  freq: 1.2638  spend: 0.0671  w_freq: 0.492  w_spend: 0.508
Epoch  10/100 — train_loss: 0.7794  val_loss: 0.6388  freq: 1.2452  spend: 0.0610  w_freq: 0.490  w_spend: 0.511
Epoch  11/100 — train_loss: 0.7426  val_loss: 0.6254  freq: 1.2250  spend: 0.0598  w_freq: 0.488  w_spend: 0.514
Epoch  12/100 — train_loss: 0.7157  val_loss: 0.6172  freq: 1.2168  spend: 0.0575  w_freq: 0.486  w_spend: 0.517
Epoch  13/100 — train_loss: 0.6977  val_loss: 0.6072  freq: 1.2060  spend: 0.0534  w_freq: 0.484  w_spend: 0.519
Epoch  14/100 — train_loss: 0.6799  val_loss: 0.5991  freq: 1.1984  spend: 0.0501  w_freq: 0.482  w_spend: 0.522
Epoch  15/100 — train_loss: 0.6653  val_loss: 0.5931  freq: 1.1955  spend: 0.0463  w_freq: 0.481  w_spend: 0.525
Epoch  16/100 — train_loss: 0.6549  val_loss: 0.5855  freq: 1.1901  spend: 0.0415  w_freq: 0.479  w_spend: 0.527
Epoch  17/100 — train_loss: 0.6428  val_loss: 0.5771  freq: 1.1856  spend: 0.0347  w_freq: 0.478  w_spend: 0.530
Epoch  18/100 — train_loss: 0.6319  val_loss: 0.5693  freq: 1.1830  spend: 0.0272  w_freq: 0.477  w_spend: 0.533
Epoch  19/100 — train_loss: 0.6208  val_loss: 0.5612  freq: 1.1807  spend: 0.0185  w_freq: 0.475  w_spend: 0.535
Epoch  20/100 — train_loss: 0.6105  val_loss: 0.5526  freq: 1.1797  spend: 0.0080  w_freq: 0.474  w_spend: 0.538
Epoch  21/100 — train_loss: 0.5999  val_loss: 0.5449  freq: 1.1783  spend: -0.0005  w_freq: 0.473  w_spend: 0.540
Epoch  22/100 — train_loss: 0.5905  val_loss: 0.5380  freq: 1.1753  spend: -0.0062  w_freq: 0.472  w_spend: 0.542
Epoch  23/100 — train_loss: 0.5822  val_loss: 0.5325  freq: 1.1737  spend: -0.0105  w_freq: 0.470  w_spend: 0.545
Epoch  24/100 — train_loss: 0.5765  val_loss: 0.5263  freq: 1.1710  spend: -0.0154  w_freq: 0.469  w_spend: 0.547
Epoch  25/100 — train_loss: 0.5707  val_loss: 0.5234  freq: 1.1702  spend: -0.0162  w_freq: 0.468  w_spend: 0.550
Epoch  26/100 — train_loss: 0.5632  val_loss: 0.5183  freq: 1.1681  spend: -0.0199  w_freq: 0.467  w_spend: 0.552
Epoch  27/100 — train_loss: 0.5593  val_loss: 0.5160  freq: 1.1658  spend: -0.0186  w_freq: 0.467  w_spend: 0.554
Epoch  28/100 — train_loss: 0.5552  val_loss: 0.5142  freq: 1.1647  spend: -0.0175  w_freq: 0.466  w_spend: 0.556
Epoch  29/100 — train_loss: 0.5506  val_loss: 0.5082  freq: 1.1631  spend: -0.0233  w_freq: 0.465  w_spend: 0.558
Epoch  30/100 — train_loss: 0.5457  val_loss: 0.5050  freq: 1.1616  spend: -0.0240  w_freq: 0.464  w_spend: 0.560
Epoch  31/100 — train_loss: 0.5417  val_loss: 0.5017  freq: 1.1611  spend: -0.0255  w_freq: 0.463  w_spend: 0.562
Epoch  32/100 — train_loss: 0.5374  val_loss: 0.4986  freq: 1.1593  spend: -0.0255  w_freq: 0.462  w_spend: 0.565
Epoch  33/100 — train_loss: 0.5333  val_loss: 0.4950  freq: 1.1582  spend: -0.0274  w_freq: 0.461  w_spend: 0.567
Epoch  34/100 — train_loss: 0.5281  val_loss: 0.4938  freq: 1.1573  spend: -0.0249  w_freq: 0.461  w_spend: 0.569
Epoch  35/100 — train_loss: 0.5254  val_loss: 0.4896  freq: 1.1559  spend: -0.0275  w_freq: 0.460  w_spend: 0.572
Epoch  36/100 — train_loss: 0.5229  val_loss: 0.4867  freq: 1.1558  spend: -0.0287  w_freq: 0.459  w_spend: 0.574
Epoch  37/100 — train_loss: 0.5189  val_loss: 0.4842  freq: 1.1544  spend: -0.0285  w_freq: 0.458  w_spend: 0.576
Epoch  38/100 — train_loss: 0.5156  val_loss: 0.4802  freq: 1.1531  spend: -0.0310  w_freq: 0.457  w_spend: 0.578
Epoch  39/100 — train_loss: 0.5131  val_loss: 0.4784  freq: 1.1523  spend: -0.0301  w_freq: 0.457  w_spend: 0.580
Epoch  40/100 — train_loss: 0.5076  val_loss: 0.4759  freq: 1.1514  spend: -0.0306  w_freq: 0.456  w_spend: 0.582
Epoch  41/100 — train_loss: 0.5070  val_loss: 0.4734  freq: 1.1505  spend: -0.0313  w_freq: 0.455  w_spend: 0.584
Epoch  42/100 — train_loss: 0.5042  val_loss: 0.4705  freq: 1.1505  spend: -0.0332  w_freq: 0.455  w_spend: 0.586
Epoch  43/100 — train_loss: 0.5002  val_loss: 0.4688  freq: 1.1491  spend: -0.0320  w_freq: 0.454  w_spend: 0.588
Epoch  44/100 — train_loss: 0.4992  val_loss: 0.4672  freq: 1.1483  spend: -0.0313  w_freq: 0.453  w_spend: 0.590
Epoch  45/100 — train_loss: 0.4968  val_loss: 0.4663  freq: 1.1488  spend: -0.0308  w_freq: 0.453  w_spend: 0.592
Epoch  46/100 — train_loss: 0.4940  val_loss: 0.4624  freq: 1.1477  spend: -0.0340  w_freq: 0.452  w_spend: 0.594
Epoch  47/100 — train_loss: 0.4905  val_loss: 0.4600  freq: 1.1470  spend: -0.0349  w_freq: 0.452  w_spend: 0.595
Epoch  48/100 — train_loss: 0.4885  val_loss: 0.4577  freq: 1.1462  spend: -0.0356  w_freq: 0.451  w_spend: 0.597
Epoch  49/100 — train_loss: 0.4853  val_loss: 0.4558  freq: 1.1464  spend: -0.0363  w_freq: 0.451  w_spend: 0.599
Epoch  50/100 — train_loss: 0.4836  val_loss: 0.4539  freq: 1.1455  spend: -0.0365  w_freq: 0.450  w_spend: 0.601
Epoch  51/100 — train_loss: 0.4815  val_loss: 0.4510  freq: 1.1444  spend: -0.0380  w_freq: 0.450  w_spend: 0.602
Epoch  52/100 — train_loss: 0.4801  val_loss: 0.4504  freq: 1.1445  spend: -0.0371  w_freq: 0.449  w_spend: 0.604
Epoch  53/100 — train_loss: 0.4781  val_loss: 0.4485  freq: 1.1445  spend: -0.0383  w_freq: 0.449  w_spend: 0.605
Epoch  54/100 — train_loss: 0.4769  val_loss: 0.4468  freq: 1.1438  spend: -0.0389  w_freq: 0.448  w_spend: 0.606
Epoch  55/100 — train_loss: 0.4739  val_loss: 0.4454  freq: 1.1433  spend: -0.0391  w_freq: 0.448  w_spend: 0.608
Epoch  56/100 — train_loss: 0.4743  val_loss: 0.4439  freq: 1.1429  spend: -0.0393  w_freq: 0.448  w_spend: 0.609
Epoch  57/100 — train_loss: 0.4712  val_loss: 0.4424  freq: 1.1429  spend: -0.0401  w_freq: 0.447  w_spend: 0.610
Epoch  58/100 — train_loss: 0.4692  val_loss: 0.4416  freq: 1.1428  spend: -0.0397  w_freq: 0.447  w_spend: 0.611
Epoch  59/100 — train_loss: 0.4678  val_loss: 0.4400  freq: 1.1427  spend: -0.0405  w_freq: 0.447  w_spend: 0.612
Epoch  60/100 — train_loss: 0.4664  val_loss: 0.4385  freq: 1.1421  spend: -0.0409  w_freq: 0.446  w_spend: 0.614
Epoch  61/100 — train_loss: 0.4655  val_loss: 0.4380  freq: 1.1421  spend: -0.0401  w_freq: 0.446  w_spend: 0.615
Epoch  62/100 — train_loss: 0.4639  val_loss: 0.4370  freq: 1.1419  spend: -0.0401  w_freq: 0.446  w_spend: 0.616
Epoch  63/100 — train_loss: 0.4632  val_loss: 0.4348  freq: 1.1414  spend: -0.0418  w_freq: 0.445  w_spend: 0.617
Epoch  64/100 — train_loss: 0.4627  val_loss: 0.4340  freq: 1.1412  spend: -0.0418  w_freq: 0.445  w_spend: 0.618
Epoch  65/100 — train_loss: 0.4611  val_loss: 0.4333  freq: 1.1410  spend: -0.0416  w_freq: 0.445  w_spend: 0.619
Epoch  66/100 — train_loss: 0.4601  val_loss: 0.4326  freq: 1.1412  spend: -0.0416  w_freq: 0.445  w_spend: 0.620
Epoch  67/100 — train_loss: 0.4583  val_loss: 0.4321  freq: 1.1409  spend: -0.0410  w_freq: 0.445  w_spend: 0.621
Epoch  68/100 — train_loss: 0.4577  val_loss: 0.4300  freq: 1.1407  spend: -0.0431  w_freq: 0.444  w_spend: 0.621
Epoch  69/100 — train_loss: 0.4551  val_loss: 0.4289  freq: 1.1402  spend: -0.0435  w_freq: 0.444  w_spend: 0.622
Epoch  70/100 — train_loss: 0.4553  val_loss: 0.4289  freq: 1.1405  spend: -0.0427  w_freq: 0.444  w_spend: 0.623
Epoch  71/100 — train_loss: 0.4539  val_loss: 0.4276  freq: 1.1400  spend: -0.0435  w_freq: 0.444  w_spend: 0.624
Epoch  72/100 — train_loss: 0.4539  val_loss: 0.4267  freq: 1.1398  spend: -0.0440  w_freq: 0.444  w_spend: 0.624
Epoch  73/100 — train_loss: 0.4524  val_loss: 0.4272  freq: 1.1400  spend: -0.0425  w_freq: 0.443  w_spend: 0.625
Epoch  74/100 — train_loss: 0.4518  val_loss: 0.4254  freq: 1.1396  spend: -0.0443  w_freq: 0.443  w_spend: 0.625
Epoch  75/100 — train_loss: 0.4510  val_loss: 0.4251  freq: 1.1394  spend: -0.0441  w_freq: 0.443  w_spend: 0.626
Epoch  76/100 — train_loss: 0.4511  val_loss: 0.4246  freq: 1.1394  spend: -0.0442  w_freq: 0.443  w_spend: 0.627
Epoch  77/100 — train_loss: 0.4498  val_loss: 0.4243  freq: 1.1393  spend: -0.0440  w_freq: 0.443  w_spend: 0.627
Epoch  78/100 — train_loss: 0.4483  val_loss: 0.4234  freq: 1.1393  spend: -0.0448  w_freq: 0.443  w_spend: 0.627
Epoch  79/100 — train_loss: 0.4498  val_loss: 0.4234  freq: 1.1391  spend: -0.0440  w_freq: 0.443  w_spend: 0.628
Epoch  80/100 — train_loss: 0.4481  val_loss: 0.4226  freq: 1.1392  spend: -0.0450  w_freq: 0.443  w_spend: 0.628
Epoch  81/100 — train_loss: 0.4474  val_loss: 0.4228  freq: 1.1392  spend: -0.0442  w_freq: 0.442  w_spend: 0.629
Epoch  82/100 — train_loss: 0.4474  val_loss: 0.4220  freq: 1.1390  spend: -0.0450  w_freq: 0.442  w_spend: 0.629
Epoch  83/100 — train_loss: 0.4472  val_loss: 0.4216  freq: 1.1390  spend: -0.0452  w_freq: 0.442  w_spend: 0.629
Epoch  84/100 — train_loss: 0.4468  val_loss: 0.4217  freq: 1.1390  spend: -0.0447  w_freq: 0.442  w_spend: 0.629
Epoch  85/100 — train_loss: 0.4466  val_loss: 0.4212  freq: 1.1389  spend: -0.0451  w_freq: 0.442  w_spend: 0.630
Epoch  86/100 — train_loss: 0.4466  val_loss: 0.4211  freq: 1.1388  spend: -0.0450  w_freq: 0.442  w_spend: 0.630
Epoch  87/100 — train_loss: 0.4464  val_loss: 0.4211  freq: 1.1388  spend: -0.0448  w_freq: 0.442  w_spend: 0.630
Epoch  88/100 — train_loss: 0.4457  val_loss: 0.4206  freq: 1.1387  spend: -0.0454  w_freq: 0.442  w_spend: 0.630
Epoch  89/100 — train_loss: 0.4458  val_loss: 0.4206  freq: 1.1388  spend: -0.0452  w_freq: 0.442  w_spend: 0.630
Epoch  90/100 — train_loss: 0.4447  val_loss: 0.4205  freq: 1.1387  spend: -0.0453  w_freq: 0.442  w_spend: 0.630
Epoch  91/100 — train_loss: 0.4441  val_loss: 0.4203  freq: 1.1387  spend: -0.0454  w_freq: 0.442  w_spend: 0.631
Epoch  92/100 — train_loss: 0.4453  val_loss: 0.4205  freq: 1.1387  spend: -0.0450  w_freq: 0.442  w_spend: 0.631
Epoch  93/100 — train_loss: 0.4454  val_loss: 0.4205  freq: 1.1387  spend: -0.0450  w_freq: 0.442  w_spend: 0.631
Epoch  94/100 — train_loss: 0.4452  val_loss: 0.4202  freq: 1.1387  spend: -0.0453  w_freq: 0.442  w_spend: 0.631
Epoch  95/100 — train_loss: 0.4446  val_loss: 0.4201  freq: 1.1387  spend: -0.0454  w_freq: 0.442  w_spend: 0.631
Epoch  96/100 — train_loss: 0.4452  val_loss: 0.4202  freq: 1.1387  spend: -0.0453  w_freq: 0.442  w_spend: 0.631
Epoch  97/100 — train_loss: 0.4449  val_loss: 0.4202  freq: 1.1387  spend: -0.0453  w_freq: 0.442  w_spend: 0.631
Epoch  98/100 — train_loss: 0.4461  val_loss: 0.4202  freq: 1.1387  spend: -0.0453  w_freq: 0.442  w_spend: 0.631
Epoch  99/100 — train_loss: 0.4448  val_loss: 0.4202  freq: 1.1387  spend: -0.0453  w_freq: 0.442  w_spend: 0.631
Epoch 100/100 — train_loss: 0.4455  val_loss: 0.4202  freq: 1.1387  spend: -0.0453  w_freq: 0.442  w_spend: 0.631

Checkpoint saved: /kaggle/working/results/checkpoints/extension3_transformer_static_dunnhumby_final_seed123_sample.pt

Duan's smearing factor (val): 1.4043
Validation-fitted softmax temperature: 1.0033
Validation aggregate calibration: freq_factor=0.9925, spend_factor=0.9727

Running autoregressive inference on holdout period ...
  inference mode: sample  n_scenarios: 30  temperature: 1.0033

=== Prediction Diagnostics ===
  Mean predicted freq/week:    1.1919
  Mean actual freq/week:       1.1882
  Over-prediction ratio:       1.003x
  Customers predicted as zero total:  0.060
  Customers actually zero total:      0.188
  Non-zero rate (pred, avg > 0.05):  0.961
  Non-zero rate (true):               0.542

Metrics saved: /kaggle/working/results/tables/extension3_transformer_static_dunnhumby_final_seed123_sample_metrics.json
Array artifacts saved: /kaggle/working/results/tables/extension3_transformer_static_dunnhumby_final_seed123_sample_arrays.npz

=== Holdout Evaluation ===
  freq_rmse: 3.5817
  freq_mae: 2.2006
  freq_normalized_gini: 0.8312
  freq_calibration_factor: 0.9925
  freq_mape: 0.4376
  bias_pct: -0.4376
  freq_weekly_mae: 23.3771
  freq_weekly_total_true: 11872.0000
  freq_weekly_total_pred: 11820.0495
  freq_weekly_mape: 0.7828
  freq_weekly_bias_pct: -0.4259
  freq_mase: 1.0307
  freq_mase_scale: 0.8235
  smearing_factor: 1.4043
  spend_calibration_factor: 0.9727
  spend_mae_raw: 68.1329
  spend_rmse_raw: 105.2617
  spend_normalized_gini: 0.8144
  spend_mae_log: 1.0873
  spend_rmse_log: 1.6187
  spend_r2_log: 0.4049
  spend_bias_pct: 3.3065
  spend_weekly_mae: 2869.4524
  spend_weekly_total_true: 347125.7605
  spend_weekly_total_pred: 358603.5702
  spend_weekly_mape: 3.3082
  spend_weekly_bias_pct: 3.3082
  spend_mase: 1.0240
  spend_mase_scale: 27.5152
  clv_mae: 67.9547
  clv_rmse: 104.9834
  clv_spearman: 0.7767
  clv_decile_lift: 3.3236
  clv_normalized_gini: 0.8144
  clv_total_true: 346205.2188
  clv_total_pred: 357652.5625
  calibration_temperature_source: validation_only
  validation_temperature: 1.0033
  calibration_source: validation_only
  validation_freq_true_total: 17490.0000
  validation_freq_pred_total: 17755.4121
  validation_spend_true_total: 510671.0401
  validation_spend_pred_total: 540188.8190
  validation_freq_calibration_factor: 0.9925
  validation_spend_calibration_factor: 0.9727
  final_manifest_version: 2026-05-20-results-recovery-protocol
  final_manifest_run_name: extension3_transformer_static_dunnhumby_final_seed123_sample
  final_manifest_config: experiments/configs/extension3_transformer_static_dunnhumby.yaml
  final_manifest_config_hash: 30d76850e25b
  final_manifest_actual_config_hash: 76962488903a
  final_manifest_seed: 123
  final_manifest_epochs: 100
  final_manifest_inference_mode: sample
  final_manifest_n_scenarios: 30
  run_valid: True
  run_invalid_reason: 
  run_warning: 
History saved: /kaggle/working/results/tables/extension3_transformer_static_dunnhumby_final_seed123_sample_history.json
