[Kaggle] raw_dir  → /kaggle/working/input/dunnhumby
[Kaggle] results  → /kaggle/working/results
Config: experiments/configs/extension3_transformer_none_dunnhumby.yaml
Run: extension3_transformer_none_dunnhumby_final_seed42_sample
Device: cuda
Loading dataset: dunnhumby ...
[pipeline] freq_cap=10 (auto q=0.99) → freq_bins=[0, 1, 2, 3]... (n_classes=11)
  Train customers: 2249, Val: 249, Inference: 2498
[dunnhumby] Customers with 0 calibration transactions: 0 / 2498
  top-bin decode: class_values[-1] = 13.099 (max_trans = 10)
Model: transformer — 102,569 parameters

Training for up to 100 epochs ...
/kaggle/working/thesis-code/src/training/trainer.py:97: FutureWarning: `torch.cuda.amp.GradScaler(args...)` is deprecated. Please use `torch.amp.GradScaler('cuda', args...)` instead.
  self.scaler = torch.cuda.amp.GradScaler(enabled=self.amp_enabled)
[Kendall] log_vars frozen for 5 warm-up epochs.
Epoch   1/100 — train_loss: 3.4613  val_loss: 3.0925  freq: 5.8954  spend: 0.2895  w_freq: 0.500  w_spend: 0.500
Epoch   2/100 — train_loss: 3.1043  val_loss: 2.5525  freq: 4.8654  spend: 0.2395  w_freq: 0.500  w_spend: 0.500
Epoch   3/100 — train_loss: 2.4813  val_loss: 1.8464  freq: 3.5020  spend: 0.1909  w_freq: 0.500  w_spend: 0.500
Epoch   4/100 — train_loss: 1.7936  val_loss: 1.2432  freq: 2.3391  spend: 0.1472  w_freq: 0.500  w_spend: 0.500
Epoch   5/100 — train_loss: 1.2352  val_loss: 0.8702  freq: 1.6185  spend: 0.1219  w_freq: 0.500  w_spend: 0.500
[Kendall] log_vars unfrozen at epoch 6.
Epoch   6/100 — train_loss: 0.9347  val_loss: 0.7496  freq: 1.4033  spend: 0.1017  w_freq: 0.499  w_spend: 0.501
Epoch   7/100 — train_loss: 0.8385  val_loss: 0.6925  freq: 1.3097  spend: 0.0865  w_freq: 0.497  w_spend: 0.503
Epoch   8/100 — train_loss: 0.7858  val_loss: 0.6563  freq: 1.2545  spend: 0.0744  w_freq: 0.495  w_spend: 0.506
Epoch   9/100 — train_loss: 0.7506  val_loss: 0.6349  freq: 1.2288  spend: 0.0625  w_freq: 0.493  w_spend: 0.508
Epoch  10/100 — train_loss: 0.7210  val_loss: 0.6185  freq: 1.2117  spend: 0.0522  w_freq: 0.490  w_spend: 0.511
Epoch  11/100 — train_loss: 0.6989  val_loss: 0.6062  freq: 1.2004  spend: 0.0444  w_freq: 0.488  w_spend: 0.513
Epoch  12/100 — train_loss: 0.6826  val_loss: 0.5984  freq: 1.1931  spend: 0.0411  w_freq: 0.487  w_spend: 0.516
Epoch  13/100 — train_loss: 0.6690  val_loss: 0.5881  freq: 1.1858  spend: 0.0332  w_freq: 0.485  w_spend: 0.518
Epoch  14/100 — train_loss: 0.6565  val_loss: 0.5798  freq: 1.1833  spend: 0.0249  w_freq: 0.483  w_spend: 0.521
Epoch  15/100 — train_loss: 0.6436  val_loss: 0.5713  freq: 1.1807  spend: 0.0162  w_freq: 0.481  w_spend: 0.524
Epoch  16/100 — train_loss: 0.6335  val_loss: 0.5635  freq: 1.1780  spend: 0.0084  w_freq: 0.480  w_spend: 0.526
Epoch  17/100 — train_loss: 0.6241  val_loss: 0.5533  freq: 1.1768  spend: -0.0049  w_freq: 0.478  w_spend: 0.529
Epoch  18/100 — train_loss: 0.6138  val_loss: 0.5472  freq: 1.1748  spend: -0.0103  w_freq: 0.477  w_spend: 0.531
Epoch  19/100 — train_loss: 0.6048  val_loss: 0.5379  freq: 1.1743  spend: -0.0228  w_freq: 0.476  w_spend: 0.533
Epoch  20/100 — train_loss: 0.5967  val_loss: 0.5338  freq: 1.1712  spend: -0.0233  w_freq: 0.475  w_spend: 0.536
Epoch  21/100 — train_loss: 0.5883  val_loss: 0.5259  freq: 1.1697  spend: -0.0325  w_freq: 0.473  w_spend: 0.538
Epoch  22/100 — train_loss: 0.5829  val_loss: 0.5212  freq: 1.1692  spend: -0.0362  w_freq: 0.472  w_spend: 0.540
Epoch  23/100 — train_loss: 0.5772  val_loss: 0.5170  freq: 1.1666  spend: -0.0373  w_freq: 0.471  w_spend: 0.542
Epoch  24/100 — train_loss: 0.5711  val_loss: 0.5128  freq: 1.1648  spend: -0.0388  w_freq: 0.470  w_spend: 0.545
Epoch  25/100 — train_loss: 0.5656  val_loss: 0.5077  freq: 1.1626  spend: -0.0420  w_freq: 0.469  w_spend: 0.547
Epoch  26/100 — train_loss: 0.5605  val_loss: 0.5052  freq: 1.1611  spend: -0.0412  w_freq: 0.468  w_spend: 0.550
Epoch  27/100 — train_loss: 0.5549  val_loss: 0.5011  freq: 1.1597  spend: -0.0436  w_freq: 0.467  w_spend: 0.552
Epoch  28/100 — train_loss: 0.5511  val_loss: 0.4984  freq: 1.1582  spend: -0.0427  w_freq: 0.466  w_spend: 0.554
Epoch  29/100 — train_loss: 0.5472  val_loss: 0.4967  freq: 1.1580  spend: -0.0415  w_freq: 0.464  w_spend: 0.557
Epoch  30/100 — train_loss: 0.5419  val_loss: 0.4922  freq: 1.1559  spend: -0.0442  w_freq: 0.463  w_spend: 0.559
Epoch  31/100 — train_loss: 0.5394  val_loss: 0.4884  freq: 1.1544  spend: -0.0459  w_freq: 0.463  w_spend: 0.561
Epoch  32/100 — train_loss: 0.5350  val_loss: 0.4850  freq: 1.1536  spend: -0.0477  w_freq: 0.462  w_spend: 0.563
Epoch  33/100 — train_loss: 0.5317  val_loss: 0.4836  freq: 1.1525  spend: -0.0455  w_freq: 0.461  w_spend: 0.565
Epoch  34/100 — train_loss: 0.5276  val_loss: 0.4803  freq: 1.1516  spend: -0.0472  w_freq: 0.460  w_spend: 0.567
Epoch  35/100 — train_loss: 0.5242  val_loss: 0.4771  freq: 1.1503  spend: -0.0483  w_freq: 0.459  w_spend: 0.570
Epoch  36/100 — train_loss: 0.5200  val_loss: 0.4742  freq: 1.1501  spend: -0.0498  w_freq: 0.458  w_spend: 0.572
Epoch  37/100 — train_loss: 0.5177  val_loss: 0.4736  freq: 1.1498  spend: -0.0473  w_freq: 0.458  w_spend: 0.574
Epoch  38/100 — train_loss: 0.5147  val_loss: 0.4711  freq: 1.1487  spend: -0.0479  w_freq: 0.457  w_spend: 0.576
Epoch  39/100 — train_loss: 0.5124  val_loss: 0.4665  freq: 1.1478  spend: -0.0522  w_freq: 0.456  w_spend: 0.577
Epoch  40/100 — train_loss: 0.5082  val_loss: 0.4649  freq: 1.1473  spend: -0.0515  w_freq: 0.455  w_spend: 0.579
Epoch  41/100 — train_loss: 0.5056  val_loss: 0.4628  freq: 1.1462  spend: -0.0511  w_freq: 0.455  w_spend: 0.581
Epoch  42/100 — train_loss: 0.5016  val_loss: 0.4599  freq: 1.1460  spend: -0.0527  w_freq: 0.454  w_spend: 0.583
Epoch  43/100 — train_loss: 0.4997  val_loss: 0.4572  freq: 1.1451  spend: -0.0536  w_freq: 0.453  w_spend: 0.585
Epoch  44/100 — train_loss: 0.4955  val_loss: 0.4560  freq: 1.1451  spend: -0.0528  w_freq: 0.453  w_spend: 0.587
Epoch  45/100 — train_loss: 0.4946  val_loss: 0.4534  freq: 1.1442  spend: -0.0537  w_freq: 0.452  w_spend: 0.589
Epoch  46/100 — train_loss: 0.4920  val_loss: 0.4502  freq: 1.1441  spend: -0.0561  w_freq: 0.452  w_spend: 0.591
Epoch  47/100 — train_loss: 0.4907  val_loss: 0.4487  freq: 1.1442  spend: -0.0562  w_freq: 0.451  w_spend: 0.592
Epoch  48/100 — train_loss: 0.4871  val_loss: 0.4469  freq: 1.1432  spend: -0.0560  w_freq: 0.450  w_spend: 0.594
Epoch  49/100 — train_loss: 0.4857  val_loss: 0.4480  freq: 1.1436  spend: -0.0522  w_freq: 0.450  w_spend: 0.596
Epoch  50/100 — train_loss: 0.4836  val_loss: 0.4444  freq: 1.1432  spend: -0.0557  w_freq: 0.450  w_spend: 0.597
Epoch  51/100 — train_loss: 0.4817  val_loss: 0.4446  freq: 1.1448  spend: -0.0543  w_freq: 0.449  w_spend: 0.599
Epoch  52/100 — train_loss: 0.4792  val_loss: 0.4405  freq: 1.1425  spend: -0.0572  w_freq: 0.449  w_spend: 0.600
Epoch  53/100 — train_loss: 0.4780  val_loss: 0.4406  freq: 1.1426  spend: -0.0550  w_freq: 0.448  w_spend: 0.602
Epoch  54/100 — train_loss: 0.4774  val_loss: 0.4371  freq: 1.1426  spend: -0.0591  w_freq: 0.448  w_spend: 0.603
Epoch  55/100 — train_loss: 0.4744  val_loss: 0.4358  freq: 1.1419  spend: -0.0588  w_freq: 0.447  w_spend: 0.604
Epoch  56/100 — train_loss: 0.4725  val_loss: 0.4345  freq: 1.1420  spend: -0.0593  w_freq: 0.447  w_spend: 0.605
Epoch  57/100 — train_loss: 0.4706  val_loss: 0.4335  freq: 1.1419  spend: -0.0589  w_freq: 0.447  w_spend: 0.607
Epoch  58/100 — train_loss: 0.4690  val_loss: 0.4323  freq: 1.1417  spend: -0.0589  w_freq: 0.446  w_spend: 0.608
Epoch  59/100 — train_loss: 0.4667  val_loss: 0.4312  freq: 1.1420  spend: -0.0591  w_freq: 0.446  w_spend: 0.609
Epoch  60/100 — train_loss: 0.4661  val_loss: 0.4294  freq: 1.1415  spend: -0.0598  w_freq: 0.446  w_spend: 0.610
Epoch  61/100 — train_loss: 0.4642  val_loss: 0.4286  freq: 1.1417  spend: -0.0596  w_freq: 0.445  w_spend: 0.612
Epoch  62/100 — train_loss: 0.4632  val_loss: 0.4267  freq: 1.1411  spend: -0.0607  w_freq: 0.445  w_spend: 0.613
Epoch  63/100 — train_loss: 0.4617  val_loss: 0.4251  freq: 1.1408  spend: -0.0615  w_freq: 0.445  w_spend: 0.614
Epoch  64/100 — train_loss: 0.4615  val_loss: 0.4246  freq: 1.1411  spend: -0.0612  w_freq: 0.444  w_spend: 0.615
Epoch  65/100 — train_loss: 0.4602  val_loss: 0.4241  freq: 1.1410  spend: -0.0607  w_freq: 0.444  w_spend: 0.616
Epoch  66/100 — train_loss: 0.4592  val_loss: 0.4230  freq: 1.1409  spend: -0.0611  w_freq: 0.444  w_spend: 0.617
Epoch  67/100 — train_loss: 0.4567  val_loss: 0.4218  freq: 1.1412  spend: -0.0620  w_freq: 0.444  w_spend: 0.618
Epoch  68/100 — train_loss: 0.4559  val_loss: 0.4208  freq: 1.1405  spend: -0.0619  w_freq: 0.443  w_spend: 0.618
Epoch  69/100 — train_loss: 0.4553  val_loss: 0.4200  freq: 1.1410  spend: -0.0625  w_freq: 0.443  w_spend: 0.619
Epoch  70/100 — train_loss: 0.4553  val_loss: 0.4203  freq: 1.1408  spend: -0.0608  w_freq: 0.443  w_spend: 0.620
Epoch  71/100 — train_loss: 0.4538  val_loss: 0.4180  freq: 1.1405  spend: -0.0632  w_freq: 0.443  w_spend: 0.621
Epoch  72/100 — train_loss: 0.4541  val_loss: 0.4179  freq: 1.1404  spend: -0.0625  w_freq: 0.443  w_spend: 0.621
Epoch  73/100 — train_loss: 0.4508  val_loss: 0.4166  freq: 1.1404  spend: -0.0637  w_freq: 0.442  w_spend: 0.622
Epoch  74/100 — train_loss: 0.4502  val_loss: 0.4166  freq: 1.1405  spend: -0.0629  w_freq: 0.442  w_spend: 0.623
Epoch  75/100 — train_loss: 0.4507  val_loss: 0.4161  freq: 1.1406  spend: -0.0630  w_freq: 0.442  w_spend: 0.623
Epoch  76/100 — train_loss: 0.4499  val_loss: 0.4152  freq: 1.1404  spend: -0.0635  w_freq: 0.442  w_spend: 0.624
Epoch  77/100 — train_loss: 0.4499  val_loss: 0.4149  freq: 1.1402  spend: -0.0633  w_freq: 0.442  w_spend: 0.624
Epoch  78/100 — train_loss: 0.4488  val_loss: 0.4145  freq: 1.1405  spend: -0.0635  w_freq: 0.442  w_spend: 0.625
Epoch  79/100 — train_loss: 0.4483  val_loss: 0.4139  freq: 1.1403  spend: -0.0639  w_freq: 0.442  w_spend: 0.625
Epoch  80/100 — train_loss: 0.4471  val_loss: 0.4138  freq: 1.1402  spend: -0.0635  w_freq: 0.442  w_spend: 0.626
Epoch  81/100 — train_loss: 0.4485  val_loss: 0.4133  freq: 1.1402  spend: -0.0637  w_freq: 0.441  w_spend: 0.626
Epoch  82/100 — train_loss: 0.4471  val_loss: 0.4128  freq: 1.1402  spend: -0.0641  w_freq: 0.441  w_spend: 0.626
Epoch  83/100 — train_loss: 0.4470  val_loss: 0.4129  freq: 1.1403  spend: -0.0637  w_freq: 0.441  w_spend: 0.626
Epoch  84/100 — train_loss: 0.4466  val_loss: 0.4126  freq: 1.1403  spend: -0.0639  w_freq: 0.441  w_spend: 0.627
Epoch  85/100 — train_loss: 0.4458  val_loss: 0.4122  freq: 1.1402  spend: -0.0642  w_freq: 0.441  w_spend: 0.627
Epoch  86/100 — train_loss: 0.4476  val_loss: 0.4122  freq: 1.1402  spend: -0.0639  w_freq: 0.441  w_spend: 0.627
Epoch  87/100 — train_loss: 0.4457  val_loss: 0.4120  freq: 1.1401  spend: -0.0640  w_freq: 0.441  w_spend: 0.627
Epoch  88/100 — train_loss: 0.4465  val_loss: 0.4117  freq: 1.1400  spend: -0.0641  w_freq: 0.441  w_spend: 0.627
Epoch  89/100 — train_loss: 0.4453  val_loss: 0.4118  freq: 1.1401  spend: -0.0639  w_freq: 0.441  w_spend: 0.628
Epoch  90/100 — train_loss: 0.4450  val_loss: 0.4115  freq: 1.1401  spend: -0.0642  w_freq: 0.441  w_spend: 0.628
Epoch  91/100 — train_loss: 0.4453  val_loss: 0.4113  freq: 1.1400  spend: -0.0645  w_freq: 0.441  w_spend: 0.628
Epoch  92/100 — train_loss: 0.4452  val_loss: 0.4114  freq: 1.1401  spend: -0.0642  w_freq: 0.441  w_spend: 0.628
Epoch  93/100 — train_loss: 0.4450  val_loss: 0.4114  freq: 1.1401  spend: -0.0642  w_freq: 0.441  w_spend: 0.628
Epoch  94/100 — train_loss: 0.4445  val_loss: 0.4113  freq: 1.1401  spend: -0.0643  w_freq: 0.441  w_spend: 0.628
Epoch  95/100 — train_loss: 0.4448  val_loss: 0.4112  freq: 1.1401  spend: -0.0644  w_freq: 0.441  w_spend: 0.628
Epoch  96/100 — train_loss: 0.4449  val_loss: 0.4112  freq: 1.1401  spend: -0.0644  w_freq: 0.441  w_spend: 0.628
Epoch  97/100 — train_loss: 0.4453  val_loss: 0.4112  freq: 1.1401  spend: -0.0643  w_freq: 0.441  w_spend: 0.628
Epoch  98/100 — train_loss: 0.4457  val_loss: 0.4112  freq: 1.1401  spend: -0.0643  w_freq: 0.441  w_spend: 0.628
Epoch  99/100 — train_loss: 0.4448  val_loss: 0.4112  freq: 1.1401  spend: -0.0643  w_freq: 0.441  w_spend: 0.628
Epoch 100/100 — train_loss: 0.4444  val_loss: 0.4112  freq: 1.1401  spend: -0.0643  w_freq: 0.441  w_spend: 0.628

Checkpoint saved: /kaggle/working/results/checkpoints/extension3_transformer_none_dunnhumby_final_seed42_sample.pt

Duan's smearing factor (val): 1.3748
Validation-fitted softmax temperature: 1.0000
Validation aggregate calibration: freq_factor=0.9867, spend_factor=0.9733

Running autoregressive inference on holdout period ...
  inference mode: sample  n_scenarios: 30  temperature: 1.0000

=== Prediction Diagnostics ===
  Mean predicted freq/week:    1.2374
  Mean actual freq/week:       1.1882
  Over-prediction ratio:       1.041x
  Customers predicted as zero total:  0.058
  Customers actually zero total:      0.188
  Non-zero rate (pred, avg > 0.05):  0.961
  Non-zero rate (true):               0.542

Metrics saved: /kaggle/working/results/tables/extension3_transformer_none_dunnhumby_final_seed42_sample_metrics.json
Array artifacts saved: /kaggle/working/results/tables/extension3_transformer_none_dunnhumby_final_seed42_sample_arrays.npz

=== Holdout Evaluation ===
  freq_rmse: 3.5554
  freq_mae: 2.1805
  freq_normalized_gini: 0.8331
  freq_calibration_factor: 0.9867
  freq_mape: 2.7637
  bias_pct: 2.7637
  freq_weekly_mae: 101.0091
  freq_weekly_total_true: 11872.0000
  freq_weekly_total_pred: 12200.1118
  freq_weekly_mape: 3.4202
  freq_weekly_bias_pct: 2.7894
  freq_mase: 1.0334
  freq_mase_scale: 0.8235
  smearing_factor: 1.3748
  spend_calibration_factor: 0.9733
  spend_mae_raw: 66.4891
  spend_rmse_raw: 102.8261
  spend_normalized_gini: 0.8134
  spend_mae_log: 1.0857
  spend_rmse_log: 1.6101
  spend_r2_log: 0.4111
  spend_bias_pct: -0.2350
  spend_weekly_mae: 2496.3628
  spend_weekly_total_true: 347125.7605
  spend_weekly_total_pred: 346309.9878
  spend_weekly_mape: 2.8085
  spend_weekly_bias_pct: -0.1107
  spend_mase: 1.0079
  spend_mase_scale: 27.5152
  clv_mae: 66.3140
  clv_rmse: 102.5515
  clv_spearman: 0.7758
  clv_decile_lift: 3.3351
  clv_normalized_gini: 0.8133
  clv_total_true: 346205.2188
  clv_total_pred: 345372.4375
  calibration_temperature_source: validation_only
  validation_temperature: 1.0000
  calibration_source: validation_only
  validation_freq_true_total: 18807.0000
  validation_freq_pred_total: 19320.9297
  validation_spend_true_total: 552284.4897
  validation_spend_pred_total: 583487.8693
  validation_freq_calibration_factor: 0.9867
  validation_spend_calibration_factor: 0.9733
  final_manifest_version: 2026-05-20-results-recovery-protocol
  final_manifest_run_name: extension3_transformer_none_dunnhumby_final_seed42_sample
  final_manifest_config: experiments/configs/extension3_transformer_none_dunnhumby.yaml
  final_manifest_config_hash: 456223c5e75a
  final_manifest_actual_config_hash: ee14c0e7a3ee
  final_manifest_seed: 42
  final_manifest_epochs: 100
  final_manifest_inference_mode: sample
  final_manifest_n_scenarios: 30
  run_valid: True
  run_invalid_reason: 
  run_warning: 
History saved: /kaggle/working/results/tables/extension3_transformer_none_dunnhumby_final_seed42_sample_history.json
