[Kaggle] raw_dir  → /kaggle/working/input/dunnhumby
[Kaggle] results  → /kaggle/working/results
Config: experiments/configs/extension3_lstm_static_dunnhumby.yaml
Run: extension3_lstm_static_dunnhumby_final_seed123_sample
Device: cuda
Loading dataset: dunnhumby ...
[pipeline] freq_cap=10 (auto q=0.99) → freq_bins=[0, 1, 2, 3]... (n_classes=11)
  Train customers: 2249, Val: 249, Inference: 2498
[dunnhumby] Customers with 0 calibration transactions: 0 / 2498
  top-bin decode: class_values[-1] = 13.099 (max_trans = 10)
Model: lstm — 103,697 parameters

Training for up to 100 epochs ...
/kaggle/working/thesis-code/src/training/trainer.py:97: FutureWarning: `torch.cuda.amp.GradScaler(args...)` is deprecated. Please use `torch.amp.GradScaler('cuda', args...)` instead.
  self.scaler = torch.cuda.amp.GradScaler(enabled=self.amp_enabled)
[Kendall] log_vars frozen for 5 warm-up epochs.
Epoch   1/100 — train_loss: 1.3237  val_loss: 1.3127  freq: 2.3835  spend: 0.2420  w_freq: 0.500  w_spend: 0.500
Epoch   2/100 — train_loss: 1.3058  val_loss: 1.2833  freq: 2.3281  spend: 0.2384  w_freq: 0.500  w_spend: 0.500
Epoch   3/100 — train_loss: 1.2671  val_loss: 1.2227  freq: 2.2158  spend: 0.2296  w_freq: 0.500  w_spend: 0.500
Epoch   4/100 — train_loss: 1.1738  val_loss: 1.0373  freq: 1.8786  spend: 0.1959  w_freq: 0.500  w_spend: 0.500
Epoch   5/100 — train_loss: 0.9167  val_loss: 0.7439  freq: 1.3690  spend: 0.1189  w_freq: 0.500  w_spend: 0.500
[Kendall] log_vars unfrozen at epoch 6.
Epoch   6/100 — train_loss: 0.8148  val_loss: 0.7207  freq: 1.3116  spend: 0.1349  w_freq: 0.499  w_spend: 0.501
Epoch   7/100 — train_loss: 0.7501  val_loss: 0.6723  freq: 1.2534  spend: 0.1014  w_freq: 0.497  w_spend: 0.503
Epoch   8/100 — train_loss: 0.7082  val_loss: 0.6426  freq: 1.2310  spend: 0.0702  w_freq: 0.495  w_spend: 0.506
Epoch   9/100 — train_loss: 0.6819  val_loss: 0.6246  freq: 1.2252  spend: 0.0459  w_freq: 0.492  w_spend: 0.508
Epoch  10/100 — train_loss: 0.6599  val_loss: 0.6118  freq: 1.2248  spend: 0.0268  w_freq: 0.490  w_spend: 0.511
Epoch  11/100 — train_loss: 0.6429  val_loss: 0.5990  freq: 1.2237  spend: 0.0087  w_freq: 0.488  w_spend: 0.513
Epoch  12/100 — train_loss: 0.6302  val_loss: 0.5890  freq: 1.2204  spend: -0.0022  w_freq: 0.486  w_spend: 0.516
Epoch  13/100 — train_loss: 0.6201  val_loss: 0.5833  freq: 1.2201  spend: -0.0075  w_freq: 0.484  w_spend: 0.518
Epoch  14/100 — train_loss: 0.6100  val_loss: 0.5703  freq: 1.2048  spend: -0.0132  w_freq: 0.482  w_spend: 0.521
Epoch  15/100 — train_loss: 0.5995  val_loss: 0.5613  freq: 1.1984  spend: -0.0197  w_freq: 0.480  w_spend: 0.523
Epoch  16/100 — train_loss: 0.5894  val_loss: 0.5508  freq: 1.1900  spend: -0.0278  w_freq: 0.479  w_spend: 0.525
Epoch  17/100 — train_loss: 0.5796  val_loss: 0.5416  freq: 1.1828  spend: -0.0340  w_freq: 0.477  w_spend: 0.528
Epoch  18/100 — train_loss: 0.5699  val_loss: 0.5330  freq: 1.1748  spend: -0.0384  w_freq: 0.476  w_spend: 0.530
Epoch  19/100 — train_loss: 0.5618  val_loss: 0.5280  freq: 1.1708  spend: -0.0395  w_freq: 0.474  w_spend: 0.532
Epoch  20/100 — train_loss: 0.5552  val_loss: 0.5232  freq: 1.1666  spend: -0.0403  w_freq: 0.473  w_spend: 0.535
Epoch  21/100 — train_loss: 0.5503  val_loss: 0.5201  freq: 1.1641  spend: -0.0396  w_freq: 0.472  w_spend: 0.537
Epoch  22/100 — train_loss: 0.5470  val_loss: 0.5145  freq: 1.1621  spend: -0.0442  w_freq: 0.470  w_spend: 0.539
Epoch  23/100 — train_loss: 0.5429  val_loss: 0.5115  freq: 1.1616  spend: -0.0454  w_freq: 0.469  w_spend: 0.541
Epoch  24/100 — train_loss: 0.5391  val_loss: 0.5082  freq: 1.1594  spend: -0.0456  w_freq: 0.468  w_spend: 0.543
Epoch  25/100 — train_loss: 0.5345  val_loss: 0.5038  freq: 1.1569  spend: -0.0474  w_freq: 0.467  w_spend: 0.545
Epoch  26/100 — train_loss: 0.5307  val_loss: 0.5014  freq: 1.1561  spend: -0.0471  w_freq: 0.466  w_spend: 0.548
Epoch  27/100 — train_loss: 0.5280  val_loss: 0.4981  freq: 1.1547  spend: -0.0479  w_freq: 0.465  w_spend: 0.550
Epoch  28/100 — train_loss: 0.5243  val_loss: 0.4966  freq: 1.1553  spend: -0.0473  w_freq: 0.464  w_spend: 0.552
Epoch  29/100 — train_loss: 0.5193  val_loss: 0.4931  freq: 1.1525  spend: -0.0472  w_freq: 0.463  w_spend: 0.554
Epoch  30/100 — train_loss: 0.5167  val_loss: 0.4898  freq: 1.1519  spend: -0.0487  w_freq: 0.462  w_spend: 0.556
Epoch  31/100 — train_loss: 0.5138  val_loss: 0.4854  freq: 1.1498  spend: -0.0512  w_freq: 0.461  w_spend: 0.559
Epoch  32/100 — train_loss: 0.5087  val_loss: 0.4837  freq: 1.1504  spend: -0.0508  w_freq: 0.460  w_spend: 0.561
Epoch  33/100 — train_loss: 0.5067  val_loss: 0.4809  freq: 1.1497  spend: -0.0514  w_freq: 0.459  w_spend: 0.563
Epoch  34/100 — train_loss: 0.5029  val_loss: 0.4795  freq: 1.1501  spend: -0.0505  w_freq: 0.458  w_spend: 0.565
Epoch  35/100 — train_loss: 0.5016  val_loss: 0.4759  freq: 1.1482  spend: -0.0518  w_freq: 0.457  w_spend: 0.568
Epoch  36/100 — train_loss: 0.4980  val_loss: 0.4731  freq: 1.1461  spend: -0.0518  w_freq: 0.456  w_spend: 0.569
Epoch  37/100 — train_loss: 0.4952  val_loss: 0.4696  freq: 1.1445  spend: -0.0531  w_freq: 0.456  w_spend: 0.572
Epoch  38/100 — train_loss: 0.4913  val_loss: 0.4684  freq: 1.1440  spend: -0.0515  w_freq: 0.455  w_spend: 0.574
Epoch  39/100 — train_loss: 0.4889  val_loss: 0.4654  freq: 1.1443  spend: -0.0534  w_freq: 0.454  w_spend: 0.576
Epoch  40/100 — train_loss: 0.4858  val_loss: 0.4623  freq: 1.1425  spend: -0.0541  w_freq: 0.453  w_spend: 0.578
Epoch  41/100 — train_loss: 0.4826  val_loss: 0.4617  freq: 1.1420  spend: -0.0514  w_freq: 0.452  w_spend: 0.580
Epoch  42/100 — train_loss: 0.4815  val_loss: 0.4592  freq: 1.1424  spend: -0.0535  w_freq: 0.452  w_spend: 0.582
Epoch  43/100 — train_loss: 0.4791  val_loss: 0.4562  freq: 1.1406  spend: -0.0547  w_freq: 0.451  w_spend: 0.583
Epoch  44/100 — train_loss: 0.4750  val_loss: 0.4545  freq: 1.1405  spend: -0.0545  w_freq: 0.451  w_spend: 0.585
Epoch  45/100 — train_loss: 0.4743  val_loss: 0.4532  freq: 1.1412  spend: -0.0543  w_freq: 0.450  w_spend: 0.587
Epoch  46/100 — train_loss: 0.4721  val_loss: 0.4512  freq: 1.1403  spend: -0.0543  w_freq: 0.449  w_spend: 0.589
Epoch  47/100 — train_loss: 0.4699  val_loss: 0.4482  freq: 1.1391  spend: -0.0559  w_freq: 0.449  w_spend: 0.591
Epoch  48/100 — train_loss: 0.4674  val_loss: 0.4463  freq: 1.1398  spend: -0.0570  w_freq: 0.448  w_spend: 0.592
Epoch  49/100 — train_loss: 0.4653  val_loss: 0.4445  freq: 1.1389  spend: -0.0570  w_freq: 0.448  w_spend: 0.594
Epoch  50/100 — train_loss: 0.4631  val_loss: 0.4426  freq: 1.1386  spend: -0.0576  w_freq: 0.447  w_spend: 0.595
Epoch  51/100 — train_loss: 0.4615  val_loss: 0.4407  freq: 1.1378  spend: -0.0576  w_freq: 0.447  w_spend: 0.597
Epoch  52/100 — train_loss: 0.4601  val_loss: 0.4399  freq: 1.1391  spend: -0.0577  w_freq: 0.446  w_spend: 0.599
Epoch  53/100 — train_loss: 0.4581  val_loss: 0.4374  freq: 1.1372  spend: -0.0584  w_freq: 0.446  w_spend: 0.600
Epoch  54/100 — train_loss: 0.4559  val_loss: 0.4368  freq: 1.1384  spend: -0.0582  w_freq: 0.445  w_spend: 0.601
Epoch  55/100 — train_loss: 0.4559  val_loss: 0.4354  freq: 1.1377  spend: -0.0580  w_freq: 0.445  w_spend: 0.603
Epoch  56/100 — train_loss: 0.4541  val_loss: 0.4339  freq: 1.1376  spend: -0.0584  w_freq: 0.445  w_spend: 0.604
Epoch  57/100 — train_loss: 0.4523  val_loss: 0.4327  freq: 1.1360  spend: -0.0574  w_freq: 0.444  w_spend: 0.605
Epoch  58/100 — train_loss: 0.4507  val_loss: 0.4316  freq: 1.1359  spend: -0.0574  w_freq: 0.444  w_spend: 0.607
Epoch  59/100 — train_loss: 0.4481  val_loss: 0.4300  freq: 1.1358  spend: -0.0584  w_freq: 0.444  w_spend: 0.608
Epoch  60/100 — train_loss: 0.4467  val_loss: 0.4283  freq: 1.1355  spend: -0.0594  w_freq: 0.443  w_spend: 0.609
Epoch  61/100 — train_loss: 0.4464  val_loss: 0.4273  freq: 1.1353  spend: -0.0593  w_freq: 0.443  w_spend: 0.610
Epoch  62/100 — train_loss: 0.4452  val_loss: 0.4266  freq: 1.1355  spend: -0.0592  w_freq: 0.443  w_spend: 0.611
Epoch  63/100 — train_loss: 0.4437  val_loss: 0.4250  freq: 1.1351  spend: -0.0600  w_freq: 0.442  w_spend: 0.612
Epoch  64/100 — train_loss: 0.4426  val_loss: 0.4244  freq: 1.1346  spend: -0.0593  w_freq: 0.442  w_spend: 0.613
Epoch  65/100 — train_loss: 0.4415  val_loss: 0.4238  freq: 1.1350  spend: -0.0591  w_freq: 0.442  w_spend: 0.614
Epoch  66/100 — train_loss: 0.4411  val_loss: 0.4225  freq: 1.1348  spend: -0.0599  w_freq: 0.442  w_spend: 0.615
Epoch  67/100 — train_loss: 0.4392  val_loss: 0.4212  freq: 1.1342  spend: -0.0604  w_freq: 0.441  w_spend: 0.616
Epoch  68/100 — train_loss: 0.4385  val_loss: 0.4209  freq: 1.1342  spend: -0.0598  w_freq: 0.441  w_spend: 0.617
Epoch  69/100 — train_loss: 0.4371  val_loss: 0.4197  freq: 1.1338  spend: -0.0603  w_freq: 0.441  w_spend: 0.617
Epoch  70/100 — train_loss: 0.4372  val_loss: 0.4198  freq: 1.1349  spend: -0.0600  w_freq: 0.441  w_spend: 0.618
Epoch  71/100 — train_loss: 0.4366  val_loss: 0.4187  freq: 1.1343  spend: -0.0605  w_freq: 0.441  w_spend: 0.619
Epoch  72/100 — train_loss: 0.4359  val_loss: 0.4179  freq: 1.1338  spend: -0.0606  w_freq: 0.441  w_spend: 0.619
Epoch  73/100 — train_loss: 0.4350  val_loss: 0.4176  freq: 1.1339  spend: -0.0603  w_freq: 0.440  w_spend: 0.620
Epoch  74/100 — train_loss: 0.4339  val_loss: 0.4165  freq: 1.1334  spend: -0.0610  w_freq: 0.440  w_spend: 0.621
Epoch  75/100 — train_loss: 0.4334  val_loss: 0.4160  freq: 1.1333  spend: -0.0610  w_freq: 0.440  w_spend: 0.621
Epoch  76/100 — train_loss: 0.4333  val_loss: 0.4159  freq: 1.1334  spend: -0.0607  w_freq: 0.440  w_spend: 0.622
Epoch  77/100 — train_loss: 0.4324  val_loss: 0.4152  freq: 1.1333  spend: -0.0611  w_freq: 0.440  w_spend: 0.622
Epoch  78/100 — train_loss: 0.4320  val_loss: 0.4151  freq: 1.1332  spend: -0.0606  w_freq: 0.440  w_spend: 0.622
Epoch  79/100 — train_loss: 0.4321  val_loss: 0.4143  freq: 1.1329  spend: -0.0613  w_freq: 0.440  w_spend: 0.623
Epoch  80/100 — train_loss: 0.4311  val_loss: 0.4144  freq: 1.1333  spend: -0.0609  w_freq: 0.440  w_spend: 0.623
Epoch  81/100 — train_loss: 0.4311  val_loss: 0.4138  freq: 1.1329  spend: -0.0612  w_freq: 0.440  w_spend: 0.623
Epoch  82/100 — train_loss: 0.4307  val_loss: 0.4133  freq: 1.1328  spend: -0.0614  w_freq: 0.440  w_spend: 0.624
Epoch  83/100 — train_loss: 0.4303  val_loss: 0.4132  freq: 1.1328  spend: -0.0613  w_freq: 0.439  w_spend: 0.624
Epoch  84/100 — train_loss: 0.4312  val_loss: 0.4128  freq: 1.1327  spend: -0.0616  w_freq: 0.439  w_spend: 0.624
Epoch  85/100 — train_loss: 0.4288  val_loss: 0.4128  freq: 1.1328  spend: -0.0613  w_freq: 0.439  w_spend: 0.625
Epoch  86/100 — train_loss: 0.4300  val_loss: 0.4124  freq: 1.1326  spend: -0.0616  w_freq: 0.439  w_spend: 0.625
Epoch  87/100 — train_loss: 0.4295  val_loss: 0.4125  freq: 1.1328  spend: -0.0614  w_freq: 0.439  w_spend: 0.625
Epoch  88/100 — train_loss: 0.4292  val_loss: 0.4121  freq: 1.1326  spend: -0.0616  w_freq: 0.439  w_spend: 0.625
Epoch  89/100 — train_loss: 0.4288  val_loss: 0.4121  freq: 1.1326  spend: -0.0615  w_freq: 0.439  w_spend: 0.625
Epoch  90/100 — train_loss: 0.4280  val_loss: 0.4120  freq: 1.1327  spend: -0.0616  w_freq: 0.439  w_spend: 0.625
Epoch  91/100 — train_loss: 0.4286  val_loss: 0.4119  freq: 1.1326  spend: -0.0615  w_freq: 0.439  w_spend: 0.625
Epoch  92/100 — train_loss: 0.4288  val_loss: 0.4119  freq: 1.1326  spend: -0.0614  w_freq: 0.439  w_spend: 0.625
Epoch  93/100 — train_loss: 0.4290  val_loss: 0.4118  freq: 1.1326  spend: -0.0616  w_freq: 0.439  w_spend: 0.625
Epoch  94/100 — train_loss: 0.4290  val_loss: 0.4117  freq: 1.1326  spend: -0.0616  w_freq: 0.439  w_spend: 0.626
Epoch  95/100 — train_loss: 0.4283  val_loss: 0.4117  freq: 1.1326  spend: -0.0616  w_freq: 0.439  w_spend: 0.626
Epoch  96/100 — train_loss: 0.4282  val_loss: 0.4117  freq: 1.1326  spend: -0.0616  w_freq: 0.439  w_spend: 0.626
Epoch  97/100 — train_loss: 0.4289  val_loss: 0.4117  freq: 1.1326  spend: -0.0616  w_freq: 0.439  w_spend: 0.626
Epoch  98/100 — train_loss: 0.4293  val_loss: 0.4117  freq: 1.1326  spend: -0.0616  w_freq: 0.439  w_spend: 0.626
Epoch  99/100 — train_loss: 0.4283  val_loss: 0.4117  freq: 1.1326  spend: -0.0616  w_freq: 0.439  w_spend: 0.626
Epoch 100/100 — train_loss: 0.4297  val_loss: 0.4117  freq: 1.1326  spend: -0.0616  w_freq: 0.439  w_spend: 0.626

Checkpoint saved: /kaggle/working/results/checkpoints/extension3_lstm_static_dunnhumby_final_seed123_sample.pt

Duan's smearing factor (val): 1.3956
Validation-fitted softmax temperature: 0.9735
Validation aggregate calibration: freq_factor=0.9934, spend_factor=0.9791

Running autoregressive inference on holdout period ...
  inference mode: sample  n_scenarios: 30  temperature: 0.9735

=== Prediction Diagnostics ===
  Mean predicted freq/week:    1.1737
  Mean actual freq/week:       1.1882
  Over-prediction ratio:       0.988x
  Customers predicted as zero total:  0.074
  Customers actually zero total:      0.188
  Non-zero rate (pred, avg > 0.05):  0.972
  Non-zero rate (true):               0.542

Metrics saved: /kaggle/working/results/tables/extension3_lstm_static_dunnhumby_final_seed123_sample_metrics.json
Array artifacts saved: /kaggle/working/results/tables/extension3_lstm_static_dunnhumby_final_seed123_sample_arrays.npz

=== Holdout Evaluation ===
  freq_rmse: 3.3734
  freq_mae: 2.0461
  freq_normalized_gini: 0.8525
  freq_calibration_factor: 0.9934
  freq_mape: 1.8664
  bias_pct: -1.8664
  freq_weekly_mae: 55.3946
  freq_weekly_total_true: 11872.0000
  freq_weekly_total_pred: 11650.4217
  freq_weekly_mape: 1.8610
  freq_weekly_bias_pct: -1.8610
  freq_mase: 0.9926
  freq_mase_scale: 0.8235
  smearing_factor: 1.3956
  spend_calibration_factor: 0.9791
  spend_mae_raw: 64.0239
  spend_rmse_raw: 99.9339
  spend_normalized_gini: 0.8325
  spend_mae_log: 1.0748
  spend_rmse_log: 1.5691
  spend_r2_log: 0.4408
  spend_bias_pct: 3.3368
  spend_weekly_mae: 2895.7485
  spend_weekly_total_true: 347125.7605
  spend_weekly_total_pred: 358708.7545
  spend_weekly_mape: 3.4038
  spend_weekly_bias_pct: 3.4038
  spend_mase: 0.9907
  spend_mase_scale: 27.5152
  clv_mae: 63.8527
  clv_rmse: 99.6619
  clv_spearman: 0.7959
  clv_decile_lift: 3.3839
  clv_normalized_gini: 0.8325
  clv_total_true: 346205.2188
  clv_total_pred: 357747.3438
  calibration_temperature_source: validation_only
  validation_temperature: 0.9735
  calibration_source: validation_only
  validation_freq_true_total: 17490.0000
  validation_freq_pred_total: 17722.3711
  validation_spend_true_total: 510671.0401
  validation_spend_pred_total: 532913.3395
  validation_freq_calibration_factor: 0.9934
  validation_spend_calibration_factor: 0.9791
  final_manifest_version: 2026-05-20-results-recovery-protocol
  final_manifest_run_name: extension3_lstm_static_dunnhumby_final_seed123_sample
  final_manifest_config: experiments/configs/extension3_lstm_static_dunnhumby.yaml
  final_manifest_config_hash: 7b043ca3c935
  final_manifest_actual_config_hash: fcbbcfff5c06
  final_manifest_seed: 123
  final_manifest_epochs: 100
  final_manifest_inference_mode: sample
  final_manifest_n_scenarios: 30
  run_valid: True
  run_invalid_reason: 
  run_warning: 
History saved: /kaggle/working/results/tables/extension3_lstm_static_dunnhumby_final_seed123_sample_history.json
