[Kaggle] raw_dir  → /kaggle/working/input/dunnhumby
[Kaggle] results  → /kaggle/working/results
Config: experiments/configs/extension3_transformer_dynamic_dunnhumby.yaml
Run: extension3_transformer_dynamic_dunnhumby_final_seed123_sample
Device: cuda
Loading dataset: dunnhumby ...
[pipeline] freq_cap=10 (auto q=0.99) → freq_bins=[0, 1, 2, 3]... (n_classes=11)
  Train customers: 2249, Val: 249, Inference: 2498
[dunnhumby] Customers with 0 calibration transactions: 0 / 2498
  top-bin decode: class_values[-1] = 13.099 (max_trans = 10)
Model: transformer — 102,761 parameters

Training for up to 100 epochs ...
/kaggle/working/thesis-code/src/training/trainer.py:97: FutureWarning: `torch.cuda.amp.GradScaler(args...)` is deprecated. Please use `torch.amp.GradScaler('cuda', args...)` instead.
  self.scaler = torch.cuda.amp.GradScaler(enabled=self.amp_enabled)
[Kendall] log_vars frozen for 5 warm-up epochs.
Epoch   1/100 — train_loss: 5.0407  val_loss: 4.9003  freq: 9.5496  spend: 0.2510  w_freq: 0.500  w_spend: 0.500
Epoch   2/100 — train_loss: 4.6265  val_loss: 4.2072  freq: 8.2155  spend: 0.1990  w_freq: 0.500  w_spend: 0.500
Epoch   3/100 — train_loss: 3.8494  val_loss: 3.1290  freq: 6.1078  spend: 0.1502  w_freq: 0.500  w_spend: 0.500
Epoch   4/100 — train_loss: 2.7498  val_loss: 1.8701  freq: 3.6189  spend: 0.1214  w_freq: 0.500  w_spend: 0.500
Epoch   5/100 — train_loss: 1.7572  val_loss: 1.1769  freq: 2.2482  spend: 0.1055  w_freq: 0.500  w_spend: 0.500
[Kendall] log_vars unfrozen at epoch 6.
Epoch   6/100 — train_loss: 1.1811  val_loss: 0.8064  freq: 1.5322  spend: 0.0871  w_freq: 0.499  w_spend: 0.501
Epoch   7/100 — train_loss: 0.9709  val_loss: 0.7426  freq: 1.4193  spend: 0.0782  w_freq: 0.497  w_spend: 0.503
Epoch   8/100 — train_loss: 0.8856  val_loss: 0.6909  freq: 1.3241  spend: 0.0753  w_freq: 0.494  w_spend: 0.506
Epoch   9/100 — train_loss: 0.8216  val_loss: 0.6550  freq: 1.2646  spend: 0.0682  w_freq: 0.492  w_spend: 0.508
Epoch  10/100 — train_loss: 0.7807  val_loss: 0.6406  freq: 1.2465  spend: 0.0632  w_freq: 0.490  w_spend: 0.511
Epoch  11/100 — train_loss: 0.7440  val_loss: 0.6275  freq: 1.2260  spend: 0.0630  w_freq: 0.488  w_spend: 0.514
Epoch  12/100 — train_loss: 0.7172  val_loss: 0.6195  freq: 1.2180  spend: 0.0607  w_freq: 0.486  w_spend: 0.517
Epoch  13/100 — train_loss: 0.6994  val_loss: 0.6097  freq: 1.2070  spend: 0.0572  w_freq: 0.484  w_spend: 0.519
Epoch  14/100 — train_loss: 0.6816  val_loss: 0.6020  freq: 1.1996  spend: 0.0544  w_freq: 0.482  w_spend: 0.522
Epoch  15/100 — train_loss: 0.6672  val_loss: 0.5962  freq: 1.1971  spend: 0.0505  w_freq: 0.481  w_spend: 0.525
Epoch  16/100 — train_loss: 0.6572  val_loss: 0.5891  freq: 1.1922  spend: 0.0464  w_freq: 0.479  w_spend: 0.527
Epoch  17/100 — train_loss: 0.6452  val_loss: 0.5805  freq: 1.1878  spend: 0.0390  w_freq: 0.478  w_spend: 0.530
Epoch  18/100 — train_loss: 0.6348  val_loss: 0.5733  freq: 1.1856  spend: 0.0322  w_freq: 0.477  w_spend: 0.532
Epoch  19/100 — train_loss: 0.6240  val_loss: 0.5649  freq: 1.1831  spend: 0.0232  w_freq: 0.475  w_spend: 0.535
Epoch  20/100 — train_loss: 0.6136  val_loss: 0.5559  freq: 1.1822  spend: 0.0119  w_freq: 0.474  w_spend: 0.537
Epoch  21/100 — train_loss: 0.6026  val_loss: 0.5481  freq: 1.1809  spend: 0.0028  w_freq: 0.473  w_spend: 0.540
Epoch  22/100 — train_loss: 0.5930  val_loss: 0.5409  freq: 1.1777  spend: -0.0030  w_freq: 0.472  w_spend: 0.542
Epoch  23/100 — train_loss: 0.5846  val_loss: 0.5344  freq: 1.1759  spend: -0.0090  w_freq: 0.470  w_spend: 0.545
Epoch  24/100 — train_loss: 0.5784  val_loss: 0.5280  freq: 1.1727  spend: -0.0138  w_freq: 0.469  w_spend: 0.547
Epoch  25/100 — train_loss: 0.5721  val_loss: 0.5244  freq: 1.1716  spend: -0.0154  w_freq: 0.468  w_spend: 0.550
Epoch  26/100 — train_loss: 0.5639  val_loss: 0.5203  freq: 1.1694  spend: -0.0168  w_freq: 0.467  w_spend: 0.552
Epoch  27/100 — train_loss: 0.5607  val_loss: 0.5172  freq: 1.1668  spend: -0.0165  w_freq: 0.466  w_spend: 0.554
Epoch  28/100 — train_loss: 0.5562  val_loss: 0.5168  freq: 1.1659  spend: -0.0130  w_freq: 0.465  w_spend: 0.556
Epoch  29/100 — train_loss: 0.5519  val_loss: 0.5109  freq: 1.1649  spend: -0.0195  w_freq: 0.465  w_spend: 0.558
Epoch  30/100 — train_loss: 0.5468  val_loss: 0.5068  freq: 1.1628  spend: -0.0216  w_freq: 0.464  w_spend: 0.560
Epoch  31/100 — train_loss: 0.5433  val_loss: 0.5036  freq: 1.1628  spend: -0.0235  w_freq: 0.463  w_spend: 0.562
Epoch  32/100 — train_loss: 0.5392  val_loss: 0.5006  freq: 1.1610  spend: -0.0238  w_freq: 0.462  w_spend: 0.565
Epoch  33/100 — train_loss: 0.5349  val_loss: 0.4971  freq: 1.1596  spend: -0.0251  w_freq: 0.461  w_spend: 0.567
Epoch  34/100 — train_loss: 0.5295  val_loss: 0.4955  freq: 1.1589  spend: -0.0234  w_freq: 0.461  w_spend: 0.569
Epoch  35/100 — train_loss: 0.5270  val_loss: 0.4916  freq: 1.1576  spend: -0.0254  w_freq: 0.460  w_spend: 0.571
Epoch  36/100 — train_loss: 0.5244  val_loss: 0.4887  freq: 1.1572  spend: -0.0266  w_freq: 0.459  w_spend: 0.574
Epoch  37/100 — train_loss: 0.5204  val_loss: 0.4858  freq: 1.1556  spend: -0.0268  w_freq: 0.458  w_spend: 0.576
Epoch  38/100 — train_loss: 0.5169  val_loss: 0.4819  freq: 1.1543  spend: -0.0291  w_freq: 0.457  w_spend: 0.578
Epoch  39/100 — train_loss: 0.5147  val_loss: 0.4804  freq: 1.1536  spend: -0.0278  w_freq: 0.457  w_spend: 0.580
Epoch  40/100 — train_loss: 0.5086  val_loss: 0.4775  freq: 1.1527  spend: -0.0290  w_freq: 0.456  w_spend: 0.582
Epoch  41/100 — train_loss: 0.5084  val_loss: 0.4749  freq: 1.1517  spend: -0.0296  w_freq: 0.455  w_spend: 0.584
Epoch  42/100 — train_loss: 0.5055  val_loss: 0.4722  freq: 1.1518  spend: -0.0316  w_freq: 0.455  w_spend: 0.586
Epoch  43/100 — train_loss: 0.5018  val_loss: 0.4719  freq: 1.1506  spend: -0.0282  w_freq: 0.454  w_spend: 0.588
Epoch  44/100 — train_loss: 0.5012  val_loss: 0.4697  freq: 1.1498  spend: -0.0288  w_freq: 0.453  w_spend: 0.590
Epoch  45/100 — train_loss: 0.4988  val_loss: 0.4680  freq: 1.1508  spend: -0.0303  w_freq: 0.453  w_spend: 0.591
Epoch  46/100 — train_loss: 0.4959  val_loss: 0.4649  freq: 1.1495  spend: -0.0323  w_freq: 0.452  w_spend: 0.593
Epoch  47/100 — train_loss: 0.4927  val_loss: 0.4631  freq: 1.1489  spend: -0.0323  w_freq: 0.452  w_spend: 0.595
Epoch  48/100 — train_loss: 0.4909  val_loss: 0.4604  freq: 1.1480  spend: -0.0336  w_freq: 0.451  w_spend: 0.596
Epoch  49/100 — train_loss: 0.4879  val_loss: 0.4584  freq: 1.1482  spend: -0.0347  w_freq: 0.451  w_spend: 0.598
Epoch  50/100 — train_loss: 0.4861  val_loss: 0.4562  freq: 1.1474  spend: -0.0354  w_freq: 0.450  w_spend: 0.600
Epoch  51/100 — train_loss: 0.4839  val_loss: 0.4537  freq: 1.1464  spend: -0.0362  w_freq: 0.450  w_spend: 0.601
Epoch  52/100 — train_loss: 0.4824  val_loss: 0.4529  freq: 1.1464  spend: -0.0355  w_freq: 0.449  w_spend: 0.603
Epoch  53/100 — train_loss: 0.4803  val_loss: 0.4512  freq: 1.1465  spend: -0.0365  w_freq: 0.449  w_spend: 0.604
Epoch  54/100 — train_loss: 0.4791  val_loss: 0.4493  freq: 1.1457  spend: -0.0372  w_freq: 0.449  w_spend: 0.606
Epoch  55/100 — train_loss: 0.4762  val_loss: 0.4481  freq: 1.1453  spend: -0.0372  w_freq: 0.448  w_spend: 0.607
Epoch  56/100 — train_loss: 0.4766  val_loss: 0.4465  freq: 1.1450  spend: -0.0379  w_freq: 0.448  w_spend: 0.608
Epoch  57/100 — train_loss: 0.4735  val_loss: 0.4450  freq: 1.1450  spend: -0.0385  w_freq: 0.448  w_spend: 0.609
Epoch  58/100 — train_loss: 0.4716  val_loss: 0.4440  freq: 1.1450  spend: -0.0382  w_freq: 0.447  w_spend: 0.611
Epoch  59/100 — train_loss: 0.4700  val_loss: 0.4424  freq: 1.1448  spend: -0.0390  w_freq: 0.447  w_spend: 0.612
Epoch  60/100 — train_loss: 0.4684  val_loss: 0.4411  freq: 1.1443  spend: -0.0392  w_freq: 0.446  w_spend: 0.613
Epoch  61/100 — train_loss: 0.4677  val_loss: 0.4405  freq: 1.1443  spend: -0.0385  w_freq: 0.446  w_spend: 0.614
Epoch  62/100 — train_loss: 0.4659  val_loss: 0.4392  freq: 1.1441  spend: -0.0390  w_freq: 0.446  w_spend: 0.615
Epoch  63/100 — train_loss: 0.4654  val_loss: 0.4372  freq: 1.1435  spend: -0.0405  w_freq: 0.446  w_spend: 0.616
Epoch  64/100 — train_loss: 0.4648  val_loss: 0.4365  freq: 1.1434  spend: -0.0403  w_freq: 0.445  w_spend: 0.617
Epoch  65/100 — train_loss: 0.4632  val_loss: 0.4360  freq: 1.1432  spend: -0.0397  w_freq: 0.445  w_spend: 0.618
Epoch  66/100 — train_loss: 0.4623  val_loss: 0.4352  freq: 1.1436  spend: -0.0400  w_freq: 0.445  w_spend: 0.619
Epoch  67/100 — train_loss: 0.4603  val_loss: 0.4342  freq: 1.1431  spend: -0.0402  w_freq: 0.445  w_spend: 0.620
Epoch  68/100 — train_loss: 0.4597  val_loss: 0.4324  freq: 1.1429  spend: -0.0418  w_freq: 0.444  w_spend: 0.621
Epoch  69/100 — train_loss: 0.4573  val_loss: 0.4316  freq: 1.1425  spend: -0.0418  w_freq: 0.444  w_spend: 0.621
Epoch  70/100 — train_loss: 0.4574  val_loss: 0.4317  freq: 1.1430  spend: -0.0410  w_freq: 0.444  w_spend: 0.622
Epoch  71/100 — train_loss: 0.4561  val_loss: 0.4302  freq: 1.1423  spend: -0.0420  w_freq: 0.444  w_spend: 0.623
Epoch  72/100 — train_loss: 0.4558  val_loss: 0.4291  freq: 1.1420  spend: -0.0426  w_freq: 0.444  w_spend: 0.624
Epoch  73/100 — train_loss: 0.4544  val_loss: 0.4295  freq: 1.1422  spend: -0.0414  w_freq: 0.443  w_spend: 0.624
Epoch  74/100 — train_loss: 0.4536  val_loss: 0.4281  freq: 1.1420  spend: -0.0426  w_freq: 0.443  w_spend: 0.625
Epoch  75/100 — train_loss: 0.4531  val_loss: 0.4274  freq: 1.1417  spend: -0.0429  w_freq: 0.443  w_spend: 0.625
Epoch  76/100 — train_loss: 0.4530  val_loss: 0.4271  freq: 1.1418  spend: -0.0427  w_freq: 0.443  w_spend: 0.626
Epoch  77/100 — train_loss: 0.4519  val_loss: 0.4267  freq: 1.1416  spend: -0.0426  w_freq: 0.443  w_spend: 0.626
Epoch  78/100 — train_loss: 0.4501  val_loss: 0.4258  freq: 1.1416  spend: -0.0434  w_freq: 0.443  w_spend: 0.627
Epoch  79/100 — train_loss: 0.4517  val_loss: 0.4258  freq: 1.1413  spend: -0.0428  w_freq: 0.443  w_spend: 0.627
Epoch  80/100 — train_loss: 0.4503  val_loss: 0.4251  freq: 1.1416  spend: -0.0435  w_freq: 0.443  w_spend: 0.628
Epoch  81/100 — train_loss: 0.4494  val_loss: 0.4251  freq: 1.1415  spend: -0.0430  w_freq: 0.442  w_spend: 0.628
Epoch  82/100 — train_loss: 0.4494  val_loss: 0.4244  freq: 1.1413  spend: -0.0436  w_freq: 0.442  w_spend: 0.628
Epoch  83/100 — train_loss: 0.4491  val_loss: 0.4240  freq: 1.1413  spend: -0.0439  w_freq: 0.442  w_spend: 0.629
Epoch  84/100 — train_loss: 0.4486  val_loss: 0.4242  freq: 1.1413  spend: -0.0433  w_freq: 0.442  w_spend: 0.629
Epoch  85/100 — train_loss: 0.4487  val_loss: 0.4236  freq: 1.1411  spend: -0.0438  w_freq: 0.442  w_spend: 0.629
Epoch  86/100 — train_loss: 0.4487  val_loss: 0.4235  freq: 1.1411  spend: -0.0436  w_freq: 0.442  w_spend: 0.629
Epoch  87/100 — train_loss: 0.4484  val_loss: 0.4235  freq: 1.1411  spend: -0.0435  w_freq: 0.442  w_spend: 0.629
Epoch  88/100 — train_loss: 0.4478  val_loss: 0.4230  freq: 1.1410  spend: -0.0441  w_freq: 0.442  w_spend: 0.630
Epoch  89/100 — train_loss: 0.4479  val_loss: 0.4231  freq: 1.1412  spend: -0.0438  w_freq: 0.442  w_spend: 0.630
Epoch  90/100 — train_loss: 0.4465  val_loss: 0.4229  freq: 1.1411  spend: -0.0439  w_freq: 0.442  w_spend: 0.630
Epoch  91/100 — train_loss: 0.4460  val_loss: 0.4227  freq: 1.1410  spend: -0.0441  w_freq: 0.442  w_spend: 0.630
Epoch  92/100 — train_loss: 0.4473  val_loss: 0.4229  freq: 1.1410  spend: -0.0438  w_freq: 0.442  w_spend: 0.630
Epoch  93/100 — train_loss: 0.4474  val_loss: 0.4229  freq: 1.1411  spend: -0.0436  w_freq: 0.442  w_spend: 0.630
Epoch  94/100 — train_loss: 0.4473  val_loss: 0.4226  freq: 1.1410  spend: -0.0440  w_freq: 0.442  w_spend: 0.630
Epoch  95/100 — train_loss: 0.4466  val_loss: 0.4226  freq: 1.1410  spend: -0.0441  w_freq: 0.442  w_spend: 0.630
Epoch  96/100 — train_loss: 0.4469  val_loss: 0.4226  freq: 1.1410  spend: -0.0440  w_freq: 0.442  w_spend: 0.630
Epoch  97/100 — train_loss: 0.4467  val_loss: 0.4226  freq: 1.1410  spend: -0.0439  w_freq: 0.442  w_spend: 0.630
Epoch  98/100 — train_loss: 0.4480  val_loss: 0.4226  freq: 1.1410  spend: -0.0439  w_freq: 0.442  w_spend: 0.630
Epoch  99/100 — train_loss: 0.4470  val_loss: 0.4226  freq: 1.1410  spend: -0.0439  w_freq: 0.442  w_spend: 0.630
Epoch 100/100 — train_loss: 0.4472  val_loss: 0.4226  freq: 1.1410  spend: -0.0439  w_freq: 0.442  w_spend: 0.630

Checkpoint saved: /kaggle/working/results/checkpoints/extension3_transformer_dynamic_dunnhumby_final_seed123_sample.pt

Duan's smearing factor (val): 1.4033
Validation-fitted softmax temperature: 1.0033
Validation aggregate calibration: freq_factor=0.9917, spend_factor=0.9729

Running autoregressive inference on holdout period ...
  inference mode: sample  n_scenarios: 30  temperature: 1.0033

=== Prediction Diagnostics ===
  Mean predicted freq/week:    1.1976
  Mean actual freq/week:       1.1882
  Over-prediction ratio:       1.008x
  Customers predicted as zero total:  0.061
  Customers actually zero total:      0.188
  Non-zero rate (pred, avg > 0.05):  0.960
  Non-zero rate (true):               0.542

Metrics saved: /kaggle/working/results/tables/extension3_transformer_dynamic_dunnhumby_final_seed123_sample_metrics.json
Array artifacts saved: /kaggle/working/results/tables/extension3_transformer_dynamic_dunnhumby_final_seed123_sample_arrays.npz

=== Holdout Evaluation ===
  freq_rmse: 3.5728
  freq_mae: 2.1926
  freq_normalized_gini: 0.8298
  freq_calibration_factor: 0.9917
  freq_mape: 0.0374
  bias_pct: -0.0374
  freq_weekly_mae: 33.6388
  freq_weekly_total_true: 11872.0000
  freq_weekly_total_pred: 11867.5578
  freq_weekly_mape: 1.1307
  freq_weekly_bias_pct: -0.0241
  freq_mase: 1.0310
  freq_mase_scale: 0.8235
  smearing_factor: 1.4033
  spend_calibration_factor: 0.9729
  spend_mae_raw: 67.5747
  spend_rmse_raw: 104.6344
  spend_normalized_gini: 0.8122
  spend_mae_log: 1.0922
  spend_rmse_log: 1.6304
  spend_r2_log: 0.3962
  spend_bias_pct: 2.8489
  spend_weekly_mae: 2472.3424
  spend_weekly_total_true: 347125.7605
  spend_weekly_total_pred: 357015.1299
  spend_weekly_mape: 2.8712
  spend_weekly_bias_pct: 2.8712
  spend_mase: 1.0238
  spend_mase_scale: 27.5152
  clv_mae: 67.3962
  clv_rmse: 104.3553
  clv_spearman: 0.7740
  clv_decile_lift: 3.3382
  clv_normalized_gini: 0.8122
  clv_total_true: 346205.2188
  clv_total_pred: 356063.5000
  calibration_temperature_source: validation_only
  validation_temperature: 1.0033
  calibration_source: validation_only
  validation_freq_true_total: 17490.0000
  validation_freq_pred_total: 17784.5273
  validation_spend_true_total: 510671.0401
  validation_spend_pred_total: 539917.3184
  validation_freq_calibration_factor: 0.9917
  validation_spend_calibration_factor: 0.9729
  final_manifest_version: 2026-05-20-results-recovery-protocol
  final_manifest_run_name: extension3_transformer_dynamic_dunnhumby_final_seed123_sample
  final_manifest_config: experiments/configs/extension3_transformer_dynamic_dunnhumby.yaml
  final_manifest_config_hash: 766422b7ebe6
  final_manifest_actual_config_hash: c7a1d2d0ecb8
  final_manifest_seed: 123
  final_manifest_epochs: 100
  final_manifest_inference_mode: sample
  final_manifest_n_scenarios: 30
  run_valid: True
  run_invalid_reason: 
  run_warning: 
History saved: /kaggle/working/results/tables/extension3_transformer_dynamic_dunnhumby_final_seed123_sample_history.json
