[Kaggle] raw_dir  → /kaggle/working/input/dunnhumby
[Kaggle] results  → /kaggle/working/results
Config: experiments/configs/extension3_lstm_none_dunnhumby.yaml
Run: extension3_lstm_none_dunnhumby_final_seed42_sample
Device: cuda
Loading dataset: dunnhumby ...
[pipeline] freq_cap=10 (auto q=0.99) → freq_bins=[0, 1, 2, 3]... (n_classes=11)
  Train customers: 2249, Val: 249, Inference: 2498
[dunnhumby] Customers with 0 calibration transactions: 0 / 2498
  top-bin decode: class_values[-1] = 13.099 (max_trans = 10)
Model: lstm — 99,577 parameters

Training for up to 100 epochs ...
/kaggle/working/thesis-code/src/training/trainer.py:96: FutureWarning: `torch.cuda.amp.GradScaler(args...)` is deprecated. Please use `torch.amp.GradScaler('cuda', args...)` instead.
  self.scaler = torch.cuda.amp.GradScaler(enabled=self.amp_enabled)
[Kendall] log_vars frozen for 5 warm-up epochs.
Epoch   1/100 — train_loss: 1.3127  val_loss: 1.2963  freq: 2.3450  spend: 0.2475  w_freq: 0.500  w_spend: 0.500
Epoch   2/100 — train_loss: 1.2690  val_loss: 1.2171  freq: 2.1959  spend: 0.2384  w_freq: 0.500  w_spend: 0.500
Epoch   3/100 — train_loss: 1.1343  val_loss: 0.9408  freq: 1.6936  spend: 0.1881  w_freq: 0.500  w_spend: 0.500
Epoch   4/100 — train_loss: 0.8927  val_loss: 0.7855  freq: 1.4171  spend: 0.1539  w_freq: 0.500  w_spend: 0.500
Epoch   5/100 — train_loss: 0.8093  val_loss: 0.7450  freq: 1.3487  spend: 0.1413  w_freq: 0.500  w_spend: 0.500
[Kendall] log_vars unfrozen at epoch 6.
Epoch   6/100 — train_loss: 0.7556  val_loss: 0.6996  freq: 1.2761  spend: 0.1333  w_freq: 0.498  w_spend: 0.502
Epoch   7/100 — train_loss: 0.7130  val_loss: 0.6497  freq: 1.2195  spend: 0.0998  w_freq: 0.494  w_spend: 0.507
Epoch   8/100 — train_loss: 0.6734  val_loss: 0.6187  freq: 1.2052  spend: 0.0624  w_freq: 0.490  w_spend: 0.511
Epoch   9/100 — train_loss: 0.6427  val_loss: 0.5951  freq: 1.1998  spend: 0.0315  w_freq: 0.486  w_spend: 0.516
Epoch  10/100 — train_loss: 0.6206  val_loss: 0.5795  freq: 1.2007  spend: 0.0106  w_freq: 0.482  w_spend: 0.521
Epoch  11/100 — train_loss: 0.6048  val_loss: 0.5645  freq: 1.2055  spend: -0.0122  w_freq: 0.479  w_spend: 0.526
Epoch  12/100 — train_loss: 0.5910  val_loss: 0.5494  freq: 1.2012  spend: -0.0268  w_freq: 0.475  w_spend: 0.531
Epoch  13/100 — train_loss: 0.5754  val_loss: 0.5352  freq: 1.1884  spend: -0.0321  w_freq: 0.472  w_spend: 0.536
Epoch  14/100 — train_loss: 0.5602  val_loss: 0.5180  freq: 1.1756  spend: -0.0430  w_freq: 0.469  w_spend: 0.541
Epoch  15/100 — train_loss: 0.5449  val_loss: 0.5055  freq: 1.1678  spend: -0.0497  w_freq: 0.466  w_spend: 0.546
Epoch  16/100 — train_loss: 0.5328  val_loss: 0.4938  freq: 1.1631  spend: -0.0578  w_freq: 0.463  w_spend: 0.551
Epoch  17/100 — train_loss: 0.5225  val_loss: 0.4856  freq: 1.1591  spend: -0.0603  w_freq: 0.461  w_spend: 0.556
Epoch  18/100 — train_loss: 0.5160  val_loss: 0.4779  freq: 1.1552  spend: -0.0619  w_freq: 0.458  w_spend: 0.561
Epoch  19/100 — train_loss: 0.5090  val_loss: 0.4712  freq: 1.1549  spend: -0.0651  w_freq: 0.456  w_spend: 0.566
Epoch  20/100 — train_loss: 0.5011  val_loss: 0.4663  freq: 1.1507  spend: -0.0621  w_freq: 0.454  w_spend: 0.571
Epoch  21/100 — train_loss: 0.4949  val_loss: 0.4602  freq: 1.1494  spend: -0.0637  w_freq: 0.452  w_spend: 0.576
Epoch  22/100 — train_loss: 0.4875  val_loss: 0.4531  freq: 1.1468  spend: -0.0657  w_freq: 0.451  w_spend: 0.581
Epoch  23/100 — train_loss: 0.4821  val_loss: 0.4487  freq: 1.1473  spend: -0.0656  w_freq: 0.449  w_spend: 0.586
Epoch  24/100 — train_loss: 0.4792  val_loss: 0.4423  freq: 1.1435  spend: -0.0660  w_freq: 0.448  w_spend: 0.591
Epoch  25/100 — train_loss: 0.4713  val_loss: 0.4392  freq: 1.1425  spend: -0.0631  w_freq: 0.446  w_spend: 0.596
Epoch  26/100 — train_loss: 0.4647  val_loss: 0.4300  freq: 1.1407  spend: -0.0696  w_freq: 0.445  w_spend: 0.601
Epoch  27/100 — train_loss: 0.4586  val_loss: 0.4259  freq: 1.1398  spend: -0.0682  w_freq: 0.443  w_spend: 0.606
Epoch  28/100 — train_loss: 0.4542  val_loss: 0.4202  freq: 1.1390  spend: -0.0695  w_freq: 0.442  w_spend: 0.611
Epoch  29/100 — train_loss: 0.4468  val_loss: 0.4150  freq: 1.1396  spend: -0.0712  w_freq: 0.441  w_spend: 0.616
Epoch  30/100 — train_loss: 0.4427  val_loss: 0.4105  freq: 1.1374  spend: -0.0698  w_freq: 0.440  w_spend: 0.621
Epoch  31/100 — train_loss: 0.4366  val_loss: 0.4042  freq: 1.1367  spend: -0.0723  w_freq: 0.439  w_spend: 0.626
Epoch  32/100 — train_loss: 0.4327  val_loss: 0.4005  freq: 1.1367  spend: -0.0714  w_freq: 0.438  w_spend: 0.631
Epoch  33/100 — train_loss: 0.4265  val_loss: 0.3944  freq: 1.1348  spend: -0.0731  w_freq: 0.437  w_spend: 0.636
Epoch  34/100 — train_loss: 0.4217  val_loss: 0.3918  freq: 1.1355  spend: -0.0712  w_freq: 0.436  w_spend: 0.641
Epoch  35/100 — train_loss: 0.4177  val_loss: 0.3880  freq: 1.1345  spend: -0.0702  w_freq: 0.435  w_spend: 0.645
Epoch  36/100 — train_loss: 0.4141  val_loss: 0.3829  freq: 1.1339  spend: -0.0718  w_freq: 0.435  w_spend: 0.650
Epoch  37/100 — train_loss: 0.4097  val_loss: 0.3778  freq: 1.1335  spend: -0.0735  w_freq: 0.434  w_spend: 0.655
Epoch  38/100 — train_loss: 0.4037  val_loss: 0.3748  freq: 1.1334  spend: -0.0723  w_freq: 0.433  w_spend: 0.659
Epoch  39/100 — train_loss: 0.4001  val_loss: 0.3701  freq: 1.1332  spend: -0.0735  w_freq: 0.433  w_spend: 0.664
Epoch  40/100 — train_loss: 0.3963  val_loss: 0.3664  freq: 1.1332  spend: -0.0735  w_freq: 0.432  w_spend: 0.668
Epoch  41/100 — train_loss: 0.3913  val_loss: 0.3645  freq: 1.1330  spend: -0.0708  w_freq: 0.432  w_spend: 0.673
Epoch  42/100 — train_loss: 0.3877  val_loss: 0.3583  freq: 1.1314  spend: -0.0737  w_freq: 0.431  w_spend: 0.677
Epoch  43/100 — train_loss: 0.3840  val_loss: 0.3552  freq: 1.1335  spend: -0.0746  w_freq: 0.431  w_spend: 0.682
Epoch  44/100 — train_loss: 0.3794  val_loss: 0.3502  freq: 1.1314  spend: -0.0757  w_freq: 0.430  w_spend: 0.686
Epoch  45/100 — train_loss: 0.3749  val_loss: 0.3481  freq: 1.1319  spend: -0.0743  w_freq: 0.430  w_spend: 0.690
Epoch  46/100 — train_loss: 0.3715  val_loss: 0.3446  freq: 1.1312  spend: -0.0744  w_freq: 0.429  w_spend: 0.694
Epoch  47/100 — train_loss: 0.3671  val_loss: 0.3414  freq: 1.1304  spend: -0.0740  w_freq: 0.429  w_spend: 0.698
Epoch  48/100 — train_loss: 0.3648  val_loss: 0.3365  freq: 1.1309  spend: -0.0768  w_freq: 0.429  w_spend: 0.702
Epoch  49/100 — train_loss: 0.3616  val_loss: 0.3350  freq: 1.1304  spend: -0.0746  w_freq: 0.429  w_spend: 0.706
Epoch  50/100 — train_loss: 0.3574  val_loss: 0.3317  freq: 1.1308  spend: -0.0754  w_freq: 0.428  w_spend: 0.709
Epoch  51/100 — train_loss: 0.3545  val_loss: 0.3277  freq: 1.1309  spend: -0.0772  w_freq: 0.428  w_spend: 0.713
Epoch  52/100 — train_loss: 0.3522  val_loss: 0.3259  freq: 1.1307  spend: -0.0758  w_freq: 0.428  w_spend: 0.717
Epoch  53/100 — train_loss: 0.3510  val_loss: 0.3218  freq: 1.1299  spend: -0.0775  w_freq: 0.428  w_spend: 0.720
Epoch  54/100 — train_loss: 0.3459  val_loss: 0.3236  freq: 1.1300  spend: -0.0715  w_freq: 0.428  w_spend: 0.723
Epoch  55/100 — train_loss: 0.3433  val_loss: 0.3173  freq: 1.1301  spend: -0.0770  w_freq: 0.427  w_spend: 0.727
Epoch  56/100 — train_loss: 0.3398  val_loss: 0.3152  freq: 1.1294  spend: -0.0762  w_freq: 0.427  w_spend: 0.730
Epoch  57/100 — train_loss: 0.3372  val_loss: 0.3111  freq: 1.1294  spend: -0.0787  w_freq: 0.427  w_spend: 0.733
Epoch  58/100 — train_loss: 0.3351  val_loss: 0.3107  freq: 1.1295  spend: -0.0763  w_freq: 0.427  w_spend: 0.736
Epoch  59/100 — train_loss: 0.3333  val_loss: 0.3080  freq: 1.1296  spend: -0.0772  w_freq: 0.427  w_spend: 0.739
Epoch  60/100 — train_loss: 0.3307  val_loss: 0.3057  freq: 1.1293  spend: -0.0775  w_freq: 0.427  w_spend: 0.741
Epoch  61/100 — train_loss: 0.3281  val_loss: 0.3029  freq: 1.1292  spend: -0.0785  w_freq: 0.427  w_spend: 0.744
Epoch  62/100 — train_loss: 0.3254  val_loss: 0.3013  freq: 1.1290  spend: -0.0780  w_freq: 0.427  w_spend: 0.747
Epoch  63/100 — train_loss: 0.3232  val_loss: 0.2998  freq: 1.1292  spend: -0.0779  w_freq: 0.426  w_spend: 0.749
Epoch  64/100 — train_loss: 0.3216  val_loss: 0.2991  freq: 1.1306  spend: -0.0772  w_freq: 0.426  w_spend: 0.751
Epoch  65/100 — train_loss: 0.3203  val_loss: 0.2965  freq: 1.1288  spend: -0.0776  w_freq: 0.426  w_spend: 0.754
Epoch  66/100 — train_loss: 0.3192  val_loss: 0.2941  freq: 1.1286  spend: -0.0786  w_freq: 0.426  w_spend: 0.756
Epoch  67/100 — train_loss: 0.3158  val_loss: 0.2927  freq: 1.1289  spend: -0.0787  w_freq: 0.426  w_spend: 0.758
Epoch  68/100 — train_loss: 0.3143  val_loss: 0.2912  freq: 1.1285  spend: -0.0787  w_freq: 0.426  w_spend: 0.760
Epoch  69/100 — train_loss: 0.3133  val_loss: 0.2937  freq: 1.1294  spend: -0.0741  w_freq: 0.426  w_spend: 0.762
Epoch  70/100 — train_loss: 0.3131  val_loss: 0.2882  freq: 1.1283  spend: -0.0790  w_freq: 0.426  w_spend: 0.763
Epoch  71/100 — train_loss: 0.3109  val_loss: 0.2876  freq: 1.1285  spend: -0.0785  w_freq: 0.426  w_spend: 0.765
Epoch  72/100 — train_loss: 0.3080  val_loss: 0.2860  freq: 1.1284  spend: -0.0791  w_freq: 0.426  w_spend: 0.766
Epoch  73/100 — train_loss: 0.3067  val_loss: 0.2850  freq: 1.1284  spend: -0.0791  w_freq: 0.426  w_spend: 0.768
Epoch  74/100 — train_loss: 0.3067  val_loss: 0.2840  freq: 1.1285  spend: -0.0793  w_freq: 0.426  w_spend: 0.769
Epoch  75/100 — train_loss: 0.3057  val_loss: 0.2839  freq: 1.1285  spend: -0.0781  w_freq: 0.426  w_spend: 0.771
Epoch  76/100 — train_loss: 0.3042  val_loss: 0.2824  freq: 1.1282  spend: -0.0788  w_freq: 0.426  w_spend: 0.772
Epoch  77/100 — train_loss: 0.3029  val_loss: 0.2815  freq: 1.1282  spend: -0.0790  w_freq: 0.426  w_spend: 0.773
Epoch  78/100 — train_loss: 0.3019  val_loss: 0.2808  freq: 1.1284  spend: -0.0791  w_freq: 0.426  w_spend: 0.774
Epoch  79/100 — train_loss: 0.3013  val_loss: 0.2800  freq: 1.1285  spend: -0.0794  w_freq: 0.426  w_spend: 0.775
Epoch  80/100 — train_loss: 0.3014  val_loss: 0.2791  freq: 1.1281  spend: -0.0796  w_freq: 0.426  w_spend: 0.776
Epoch  81/100 — train_loss: 0.2991  val_loss: 0.2791  freq: 1.1282  spend: -0.0789  w_freq: 0.426  w_spend: 0.776
Epoch  82/100 — train_loss: 0.2998  val_loss: 0.2784  freq: 1.1281  spend: -0.0792  w_freq: 0.426  w_spend: 0.777
Epoch  83/100 — train_loss: 0.2984  val_loss: 0.2780  freq: 1.1282  spend: -0.0792  w_freq: 0.426  w_spend: 0.778
Epoch  84/100 — train_loss: 0.2984  val_loss: 0.2772  freq: 1.1281  spend: -0.0797  w_freq: 0.426  w_spend: 0.778
Epoch  85/100 — train_loss: 0.2980  val_loss: 0.2776  freq: 1.1284  spend: -0.0789  w_freq: 0.426  w_spend: 0.779
Epoch  86/100 — train_loss: 0.2980  val_loss: 0.2771  freq: 1.1281  spend: -0.0791  w_freq: 0.426  w_spend: 0.779
Epoch  87/100 — train_loss: 0.2963  val_loss: 0.2765  freq: 1.1281  spend: -0.0795  w_freq: 0.426  w_spend: 0.780
Epoch  88/100 — train_loss: 0.2966  val_loss: 0.2763  freq: 1.1280  spend: -0.0794  w_freq: 0.426  w_spend: 0.780
Epoch  89/100 — train_loss: 0.2961  val_loss: 0.2761  freq: 1.1281  spend: -0.0795  w_freq: 0.426  w_spend: 0.780
Epoch  90/100 — train_loss: 0.2971  val_loss: 0.2759  freq: 1.1281  spend: -0.0794  w_freq: 0.426  w_spend: 0.780
Epoch  91/100 — train_loss: 0.2960  val_loss: 0.2756  freq: 1.1281  spend: -0.0797  w_freq: 0.426  w_spend: 0.781
Epoch  92/100 — train_loss: 0.2956  val_loss: 0.2756  freq: 1.1280  spend: -0.0796  w_freq: 0.426  w_spend: 0.781
Epoch  93/100 — train_loss: 0.2963  val_loss: 0.2757  freq: 1.1281  spend: -0.0794  w_freq: 0.426  w_spend: 0.781
Epoch  94/100 — train_loss: 0.2962  val_loss: 0.2754  freq: 1.1281  spend: -0.0796  w_freq: 0.426  w_spend: 0.781
Epoch  95/100 — train_loss: 0.2957  val_loss: 0.2754  freq: 1.1281  spend: -0.0796  w_freq: 0.426  w_spend: 0.781
Epoch  96/100 — train_loss: 0.2956  val_loss: 0.2754  freq: 1.1281  spend: -0.0796  w_freq: 0.426  w_spend: 0.781
Epoch  97/100 — train_loss: 0.2956  val_loss: 0.2753  freq: 1.1281  spend: -0.0796  w_freq: 0.426  w_spend: 0.781
Epoch  98/100 — train_loss: 0.2957  val_loss: 0.2753  freq: 1.1281  spend: -0.0796  w_freq: 0.426  w_spend: 0.781
Epoch  99/100 — train_loss: 0.2949  val_loss: 0.2753  freq: 1.1281  spend: -0.0796  w_freq: 0.426  w_spend: 0.781
Epoch 100/100 — train_loss: 0.2946  val_loss: 0.2753  freq: 1.1281  spend: -0.0796  w_freq: 0.426  w_spend: 0.781

Checkpoint saved: /kaggle/working/results/checkpoints/extension3_lstm_none_dunnhumby_final_seed42_sample.pt

Duan's smearing factor (val): 1.3799
Validation-fitted softmax temperature: 0.9851
Validation aggregate calibration: freq_factor=0.9933, spend_factor=0.9833

Running autoregressive inference on holdout period ...
  inference mode: sample  n_scenarios: 30  temperature: 0.9851

=== Prediction Diagnostics ===
  Mean predicted freq/week:    1.1780
  Mean actual freq/week:       1.1882
  Over-prediction ratio:       0.991x
  Customers predicted as zero total:  0.066
  Customers actually zero total:      0.188
  Non-zero rate (pred, avg > 0.05):  0.975
  Non-zero rate (true):               0.542

Metrics saved: /kaggle/working/results/tables/extension3_lstm_none_dunnhumby_final_seed42_sample_metrics.json
Array artifacts saved: /kaggle/working/results/tables/extension3_lstm_none_dunnhumby_final_seed42_sample_arrays.npz

=== Holdout Evaluation ===
  freq_rmse: 3.1436
  freq_mae: 1.9891
  freq_normalized_gini: 0.8534
  freq_calibration_factor: 0.9933
  freq_mape: 1.5191
  bias_pct: -1.5191
  freq_weekly_mae: 65.2352
  freq_weekly_total_true: 11872.0000
  freq_weekly_total_pred: 11691.6563
  freq_weekly_mape: 2.1940
  freq_weekly_bias_pct: -1.5008
  freq_mase: 0.9783
  freq_mase_scale: 0.8235
  smearing_factor: 1.3799
  spend_calibration_factor: 0.9833
  spend_mae_raw: 63.9468
  spend_rmse_raw: 100.2767
  spend_normalized_gini: 0.8303
  spend_mae_log: 1.0805
  spend_rmse_log: 1.5775
  spend_r2_log: 0.4348
  spend_bias_pct: -1.7473
  spend_weekly_mae: 2368.3356
  spend_weekly_total_true: 347125.7605
  spend_weekly_total_pred: 341060.2763
  spend_weekly_mape: 2.6592
  spend_weekly_bias_pct: -1.6336
  spend_mase: 0.9822
  spend_mase_scale: 27.5152
  clv_mae: 63.7752
  clv_rmse: 100.0035
  clv_spearman: 0.7948
  clv_decile_lift: 3.4072
  clv_normalized_gini: 0.8303
  clv_total_true: 346205.2188
  clv_total_pred: 340146.0000
  calibration_temperature_source: validation_only
  validation_temperature: 0.9851
  calibration_source: validation_only
  validation_freq_true_total: 18807.0000
  validation_freq_pred_total: 19064.0117
  validation_spend_true_total: 552284.4897
  validation_spend_pred_total: 571343.3826
  validation_freq_calibration_factor: 0.9933
  validation_spend_calibration_factor: 0.9833
  final_manifest_version: 2026-05-20-results-recovery-protocol
  final_manifest_run_name: extension3_lstm_none_dunnhumby_final_seed42_sample
  final_manifest_config: experiments/configs/extension3_lstm_none_dunnhumby.yaml
  final_manifest_config_hash: 5d81fea4468c
  final_manifest_actual_config_hash: 5a2ae3a05770
  final_manifest_seed: 42
  final_manifest_epochs: 100
  final_manifest_inference_mode: sample
  final_manifest_n_scenarios: 30
  run_valid: True
  run_invalid_reason: 
  run_warning: 
History saved: /kaggle/working/results/tables/extension3_lstm_none_dunnhumby_final_seed42_sample_history.json
