[Kaggle] raw_dir  → /kaggle/working/input/dunnhumby
[Kaggle] results  → /kaggle/working/results
Config: experiments/configs/extension3_transformer_dynamic_dunnhumby.yaml
Run: extension3_transformer_dynamic_dunnhumby_final_seed7_sample
Device: cuda
Loading dataset: dunnhumby ...
[pipeline] freq_cap=10 (auto q=0.99) → freq_bins=[0, 1, 2, 3]... (n_classes=11)
  Train customers: 2249, Val: 249, Inference: 2498
[dunnhumby] Customers with 0 calibration transactions: 0 / 2498
  top-bin decode: class_values[-1] = 13.099 (max_trans = 10)
Model: transformer — 102,761 parameters

Training for up to 100 epochs ...
/kaggle/working/thesis-code/src/training/trainer.py:97: FutureWarning: `torch.cuda.amp.GradScaler(args...)` is deprecated. Please use `torch.amp.GradScaler('cuda', args...)` instead.
  self.scaler = torch.cuda.amp.GradScaler(enabled=self.amp_enabled)
[Kendall] log_vars frozen for 5 warm-up epochs.
Epoch   1/100 — train_loss: 2.8880  val_loss: 2.5441  freq: 4.8035  spend: 0.2848  w_freq: 0.500  w_spend: 0.500
Epoch   2/100 — train_loss: 2.5695  val_loss: 2.1200  freq: 3.9847  spend: 0.2553  w_freq: 0.500  w_spend: 0.500
Epoch   3/100 — train_loss: 2.0445  val_loss: 1.5977  freq: 2.9883  spend: 0.2070  w_freq: 0.500  w_spend: 0.500
Epoch   4/100 — train_loss: 1.4983  val_loss: 1.1749  freq: 2.1854  spend: 0.1644  w_freq: 0.500  w_spend: 0.500
Epoch   5/100 — train_loss: 1.0953  val_loss: 0.9115  freq: 1.6866  spend: 0.1364  w_freq: 0.500  w_spend: 0.500
[Kendall] log_vars unfrozen at epoch 6.
Epoch   6/100 — train_loss: 0.9227  val_loss: 0.8170  freq: 1.5314  spend: 0.1089  w_freq: 0.499  w_spend: 0.501
Epoch   7/100 — train_loss: 0.8302  val_loss: 0.7515  freq: 1.4224  spend: 0.0925  w_freq: 0.497  w_spend: 0.503
Epoch   8/100 — train_loss: 0.7790  val_loss: 0.7209  freq: 1.3779  spend: 0.0813  w_freq: 0.495  w_spend: 0.506
Epoch   9/100 — train_loss: 0.7438  val_loss: 0.6980  freq: 1.3494  spend: 0.0694  w_freq: 0.493  w_spend: 0.508
Epoch  10/100 — train_loss: 0.7154  val_loss: 0.6797  freq: 1.3285  spend: 0.0593  w_freq: 0.491  w_spend: 0.510
Epoch  11/100 — train_loss: 0.6925  val_loss: 0.6650  freq: 1.3127  spend: 0.0515  w_freq: 0.489  w_spend: 0.513
Epoch  12/100 — train_loss: 0.6732  val_loss: 0.6501  freq: 1.2988  spend: 0.0412  w_freq: 0.487  w_spend: 0.516
Epoch  13/100 — train_loss: 0.6569  val_loss: 0.6400  freq: 1.2910  spend: 0.0341  w_freq: 0.485  w_spend: 0.518
Epoch  14/100 — train_loss: 0.6446  val_loss: 0.6312  freq: 1.2842  spend: 0.0282  w_freq: 0.484  w_spend: 0.520
Epoch  15/100 — train_loss: 0.6336  val_loss: 0.6194  freq: 1.2794  spend: 0.0146  w_freq: 0.483  w_spend: 0.523
Epoch  16/100 — train_loss: 0.6235  val_loss: 0.6116  freq: 1.2761  spend: 0.0068  w_freq: 0.481  w_spend: 0.525
Epoch  17/100 — train_loss: 0.6149  val_loss: 0.6025  freq: 1.2738  spend: -0.0040  w_freq: 0.480  w_spend: 0.527
Epoch  18/100 — train_loss: 0.6043  val_loss: 0.5963  freq: 1.2718  spend: -0.0095  w_freq: 0.479  w_spend: 0.529
Epoch  19/100 — train_loss: 0.5961  val_loss: 0.5882  freq: 1.2681  spend: -0.0168  w_freq: 0.478  w_spend: 0.531
Epoch  20/100 — train_loss: 0.5895  val_loss: 0.5830  freq: 1.2652  spend: -0.0193  w_freq: 0.477  w_spend: 0.533
Epoch  21/100 — train_loss: 0.5807  val_loss: 0.5766  freq: 1.2625  spend: -0.0241  w_freq: 0.475  w_spend: 0.536
Epoch  22/100 — train_loss: 0.5723  val_loss: 0.5705  freq: 1.2578  spend: -0.0262  w_freq: 0.474  w_spend: 0.538
Epoch  23/100 — train_loss: 0.5662  val_loss: 0.5655  freq: 1.2547  spend: -0.0272  w_freq: 0.473  w_spend: 0.541
Epoch  24/100 — train_loss: 0.5590  val_loss: 0.5597  freq: 1.2515  spend: -0.0295  w_freq: 0.472  w_spend: 0.544
Epoch  25/100 — train_loss: 0.5540  val_loss: 0.5550  freq: 1.2486  spend: -0.0307  w_freq: 0.470  w_spend: 0.547
Epoch  26/100 — train_loss: 0.5484  val_loss: 0.5505  freq: 1.2457  spend: -0.0316  w_freq: 0.469  w_spend: 0.549
Epoch  27/100 — train_loss: 0.5429  val_loss: 0.5475  freq: 1.2442  spend: -0.0313  w_freq: 0.468  w_spend: 0.552
Epoch  28/100 — train_loss: 0.5380  val_loss: 0.5436  freq: 1.2424  spend: -0.0326  w_freq: 0.467  w_spend: 0.554
Epoch  29/100 — train_loss: 0.5345  val_loss: 0.5408  freq: 1.2426  spend: -0.0337  w_freq: 0.466  w_spend: 0.556
Epoch  30/100 — train_loss: 0.5309  val_loss: 0.5374  freq: 1.2402  spend: -0.0339  w_freq: 0.465  w_spend: 0.559
Epoch  31/100 — train_loss: 0.5262  val_loss: 0.5337  freq: 1.2374  spend: -0.0342  w_freq: 0.464  w_spend: 0.561
Epoch  32/100 — train_loss: 0.5220  val_loss: 0.5300  freq: 1.2362  spend: -0.0357  w_freq: 0.463  w_spend: 0.563
Epoch  33/100 — train_loss: 0.5190  val_loss: 0.5268  freq: 1.2349  spend: -0.0364  w_freq: 0.462  w_spend: 0.565
Epoch  34/100 — train_loss: 0.5153  val_loss: 0.5235  freq: 1.2330  spend: -0.0368  w_freq: 0.461  w_spend: 0.568
Epoch  35/100 — train_loss: 0.5113  val_loss: 0.5216  freq: 1.2323  spend: -0.0355  w_freq: 0.460  w_spend: 0.570
Epoch  36/100 — train_loss: 0.5085  val_loss: 0.5170  freq: 1.2309  spend: -0.0385  w_freq: 0.459  w_spend: 0.572
Epoch  37/100 — train_loss: 0.5050  val_loss: 0.5140  freq: 1.2304  spend: -0.0397  w_freq: 0.459  w_spend: 0.575
Epoch  38/100 — train_loss: 0.5026  val_loss: 0.5116  freq: 1.2292  spend: -0.0394  w_freq: 0.458  w_spend: 0.577
Epoch  39/100 — train_loss: 0.4989  val_loss: 0.5096  freq: 1.2281  spend: -0.0387  w_freq: 0.457  w_spend: 0.579
Epoch  40/100 — train_loss: 0.4971  val_loss: 0.5060  freq: 1.2277  spend: -0.0415  w_freq: 0.456  w_spend: 0.581
Epoch  41/100 — train_loss: 0.4946  val_loss: 0.5044  freq: 1.2278  spend: -0.0410  w_freq: 0.456  w_spend: 0.583
Epoch  42/100 — train_loss: 0.4906  val_loss: 0.5010  freq: 1.2266  spend: -0.0427  w_freq: 0.455  w_spend: 0.585
Epoch  43/100 — train_loss: 0.4891  val_loss: 0.5000  freq: 1.2260  spend: -0.0408  w_freq: 0.454  w_spend: 0.587
Epoch  44/100 — train_loss: 0.4849  val_loss: 0.4966  freq: 1.2260  spend: -0.0436  w_freq: 0.454  w_spend: 0.589
Epoch  45/100 — train_loss: 0.4840  val_loss: 0.4962  freq: 1.2254  spend: -0.0410  w_freq: 0.453  w_spend: 0.590
Epoch  46/100 — train_loss: 0.4834  val_loss: 0.4942  freq: 1.2249  spend: -0.0416  w_freq: 0.453  w_spend: 0.592
Epoch  47/100 — train_loss: 0.4800  val_loss: 0.4908  freq: 1.2246  spend: -0.0451  w_freq: 0.452  w_spend: 0.594
Epoch  48/100 — train_loss: 0.4779  val_loss: 0.4896  freq: 1.2239  spend: -0.0445  w_freq: 0.452  w_spend: 0.595
Epoch  49/100 — train_loss: 0.4759  val_loss: 0.4887  freq: 1.2238  spend: -0.0437  w_freq: 0.451  w_spend: 0.596
Epoch  50/100 — train_loss: 0.4746  val_loss: 0.4864  freq: 1.2237  spend: -0.0454  w_freq: 0.451  w_spend: 0.598
Epoch  51/100 — train_loss: 0.4729  val_loss: 0.4845  freq: 1.2230  spend: -0.0460  w_freq: 0.450  w_spend: 0.599
Epoch  52/100 — train_loss: 0.4707  val_loss: 0.4828  freq: 1.2233  spend: -0.0467  w_freq: 0.450  w_spend: 0.600
Epoch  53/100 — train_loss: 0.4682  val_loss: 0.4811  freq: 1.2227  spend: -0.0468  w_freq: 0.450  w_spend: 0.602
Epoch  54/100 — train_loss: 0.4667  val_loss: 0.4793  freq: 1.2226  spend: -0.0475  w_freq: 0.449  w_spend: 0.603
Epoch  55/100 — train_loss: 0.4654  val_loss: 0.4772  freq: 1.2219  spend: -0.0481  w_freq: 0.449  w_spend: 0.605
Epoch  56/100 — train_loss: 0.4628  val_loss: 0.4760  freq: 1.2217  spend: -0.0480  w_freq: 0.448  w_spend: 0.606
Epoch  57/100 — train_loss: 0.4621  val_loss: 0.4747  freq: 1.2217  spend: -0.0481  w_freq: 0.448  w_spend: 0.608
Epoch  58/100 — train_loss: 0.4596  val_loss: 0.4728  freq: 1.2213  spend: -0.0490  w_freq: 0.447  w_spend: 0.609
Epoch  59/100 — train_loss: 0.4585  val_loss: 0.4713  freq: 1.2215  spend: -0.0496  w_freq: 0.447  w_spend: 0.610
Epoch  60/100 — train_loss: 0.4569  val_loss: 0.4704  freq: 1.2218  spend: -0.0495  w_freq: 0.447  w_spend: 0.612
Epoch  61/100 — train_loss: 0.4562  val_loss: 0.4687  freq: 1.2210  spend: -0.0501  w_freq: 0.446  w_spend: 0.613
Epoch  62/100 — train_loss: 0.4544  val_loss: 0.4678  freq: 1.2211  spend: -0.0499  w_freq: 0.446  w_spend: 0.614
Epoch  63/100 — train_loss: 0.4522  val_loss: 0.4662  freq: 1.2209  spend: -0.0508  w_freq: 0.446  w_spend: 0.615
Epoch  64/100 — train_loss: 0.4511  val_loss: 0.4659  freq: 1.2214  spend: -0.0502  w_freq: 0.446  w_spend: 0.616
Epoch  65/100 — train_loss: 0.4493  val_loss: 0.4645  freq: 1.2210  spend: -0.0508  w_freq: 0.445  w_spend: 0.617
Epoch  66/100 — train_loss: 0.4497  val_loss: 0.4628  freq: 1.2201  spend: -0.0516  w_freq: 0.445  w_spend: 0.618
Epoch  67/100 — train_loss: 0.4477  val_loss: 0.4625  freq: 1.2210  spend: -0.0514  w_freq: 0.445  w_spend: 0.619
Epoch  68/100 — train_loss: 0.4463  val_loss: 0.4612  freq: 1.2201  spend: -0.0517  w_freq: 0.444  w_spend: 0.620
Epoch  69/100 — train_loss: 0.4463  val_loss: 0.4605  freq: 1.2204  spend: -0.0519  w_freq: 0.444  w_spend: 0.621
Epoch  70/100 — train_loss: 0.4442  val_loss: 0.4598  freq: 1.2201  spend: -0.0518  w_freq: 0.444  w_spend: 0.622
Epoch  71/100 — train_loss: 0.4446  val_loss: 0.4590  freq: 1.2202  spend: -0.0520  w_freq: 0.444  w_spend: 0.622
Epoch  72/100 — train_loss: 0.4433  val_loss: 0.4579  freq: 1.2199  spend: -0.0528  w_freq: 0.444  w_spend: 0.623
Epoch  73/100 — train_loss: 0.4430  val_loss: 0.4574  freq: 1.2197  spend: -0.0525  w_freq: 0.444  w_spend: 0.624
Epoch  74/100 — train_loss: 0.4407  val_loss: 0.4567  freq: 1.2197  spend: -0.0528  w_freq: 0.443  w_spend: 0.624
Epoch  75/100 — train_loss: 0.4415  val_loss: 0.4562  freq: 1.2199  spend: -0.0530  w_freq: 0.443  w_spend: 0.625
Epoch  76/100 — train_loss: 0.4410  val_loss: 0.4558  freq: 1.2195  spend: -0.0526  w_freq: 0.443  w_spend: 0.625
Epoch  77/100 — train_loss: 0.4397  val_loss: 0.4550  freq: 1.2196  spend: -0.0532  w_freq: 0.443  w_spend: 0.626
Epoch  78/100 — train_loss: 0.4392  val_loss: 0.4547  freq: 1.2198  spend: -0.0532  w_freq: 0.443  w_spend: 0.626
Epoch  79/100 — train_loss: 0.4387  val_loss: 0.4540  freq: 1.2194  spend: -0.0535  w_freq: 0.443  w_spend: 0.627
Epoch  80/100 — train_loss: 0.4381  val_loss: 0.4538  freq: 1.2195  spend: -0.0533  w_freq: 0.443  w_spend: 0.627
Epoch  81/100 — train_loss: 0.4376  val_loss: 0.4535  freq: 1.2194  spend: -0.0534  w_freq: 0.443  w_spend: 0.627
Epoch  82/100 — train_loss: 0.4374  val_loss: 0.4532  freq: 1.2193  spend: -0.0533  w_freq: 0.442  w_spend: 0.628
Epoch  83/100 — train_loss: 0.4381  val_loss: 0.4528  freq: 1.2195  spend: -0.0537  w_freq: 0.442  w_spend: 0.628
Epoch  84/100 — train_loss: 0.4369  val_loss: 0.4524  freq: 1.2192  spend: -0.0538  w_freq: 0.442  w_spend: 0.628
Epoch  85/100 — train_loss: 0.4363  val_loss: 0.4522  freq: 1.2193  spend: -0.0539  w_freq: 0.442  w_spend: 0.629
Epoch  86/100 — train_loss: 0.4360  val_loss: 0.4521  freq: 1.2193  spend: -0.0538  w_freq: 0.442  w_spend: 0.629
Epoch  87/100 — train_loss: 0.4370  val_loss: 0.4520  freq: 1.2193  spend: -0.0538  w_freq: 0.442  w_spend: 0.629
Epoch  88/100 — train_loss: 0.4365  val_loss: 0.4517  freq: 1.2192  spend: -0.0539  w_freq: 0.442  w_spend: 0.629
Epoch  89/100 — train_loss: 0.4355  val_loss: 0.4516  freq: 1.2193  spend: -0.0539  w_freq: 0.442  w_spend: 0.629
Epoch  90/100 — train_loss: 0.4347  val_loss: 0.4515  freq: 1.2192  spend: -0.0539  w_freq: 0.442  w_spend: 0.629
Epoch  91/100 — train_loss: 0.4354  val_loss: 0.4514  freq: 1.2191  spend: -0.0539  w_freq: 0.442  w_spend: 0.629
Epoch  92/100 — train_loss: 0.4346  val_loss: 0.4514  freq: 1.2192  spend: -0.0540  w_freq: 0.442  w_spend: 0.630
Epoch  93/100 — train_loss: 0.4360  val_loss: 0.4513  freq: 1.2193  spend: -0.0540  w_freq: 0.442  w_spend: 0.630
Epoch  94/100 — train_loss: 0.4361  val_loss: 0.4513  freq: 1.2192  spend: -0.0540  w_freq: 0.442  w_spend: 0.630
Epoch  95/100 — train_loss: 0.4345  val_loss: 0.4512  freq: 1.2192  spend: -0.0540  w_freq: 0.442  w_spend: 0.630
Epoch  96/100 — train_loss: 0.4357  val_loss: 0.4512  freq: 1.2192  spend: -0.0540  w_freq: 0.442  w_spend: 0.630
Epoch  97/100 — train_loss: 0.4348  val_loss: 0.4512  freq: 1.2192  spend: -0.0540  w_freq: 0.442  w_spend: 0.630
Epoch  98/100 — train_loss: 0.4355  val_loss: 0.4512  freq: 1.2192  spend: -0.0540  w_freq: 0.442  w_spend: 0.630
Epoch  99/100 — train_loss: 0.4358  val_loss: 0.4512  freq: 1.2192  spend: -0.0540  w_freq: 0.442  w_spend: 0.630
Epoch 100/100 — train_loss: 0.4350  val_loss: 0.4512  freq: 1.2192  spend: -0.0540  w_freq: 0.442  w_spend: 0.630

Checkpoint saved: /kaggle/working/results/checkpoints/extension3_transformer_dynamic_dunnhumby_final_seed7_sample.pt

Duan's smearing factor (val): 1.4371
Validation-fitted softmax temperature: 1.0315
Validation aggregate calibration: freq_factor=0.9940, spend_factor=0.9694

Running autoregressive inference on holdout period ...
  inference mode: sample  n_scenarios: 30  temperature: 1.0315

=== Prediction Diagnostics ===
  Mean predicted freq/week:    1.2086
  Mean actual freq/week:       1.1882
  Over-prediction ratio:       1.017x
  Customers predicted as zero total:  0.059
  Customers actually zero total:      0.188
  Non-zero rate (pred, avg > 0.05):  0.965
  Non-zero rate (true):               0.542

Metrics saved: /kaggle/working/results/tables/extension3_transformer_dynamic_dunnhumby_final_seed7_sample_metrics.json
Array artifacts saved: /kaggle/working/results/tables/extension3_transformer_dynamic_dunnhumby_final_seed7_sample_arrays.npz

=== Holdout Evaluation ===
  freq_rmse: 3.5832
  freq_mae: 2.2225
  freq_normalized_gini: 0.8258
  freq_calibration_factor: 0.9940
  freq_mape: 1.1114
  bias_pct: 1.1114
  freq_weekly_mae: 48.3247
  freq_weekly_total_true: 11872.0000
  freq_weekly_total_pred: 12003.9452
  freq_weekly_mape: 1.6400
  freq_weekly_bias_pct: 1.1302
  freq_mase: 1.0364
  freq_mase_scale: 0.8235
  smearing_factor: 1.4371
  spend_calibration_factor: 0.9694
  spend_mae_raw: 68.3490
  spend_rmse_raw: 105.7011
  spend_normalized_gini: 0.8068
  spend_mae_log: 1.1040
  spend_rmse_log: 1.6325
  spend_r2_log: 0.3946
  spend_bias_pct: 0.5804
  spend_weekly_mae: 3575.2998
  spend_weekly_total_true: 347125.7605
  spend_weekly_total_pred: 349140.2896
  spend_weekly_mape: 4.0635
  spend_weekly_bias_pct: 0.7429
  spend_mase: 1.0254
  spend_mase_scale: 27.5152
  clv_mae: 68.1645
  clv_rmse: 105.4158
  clv_spearman: 0.7669
  clv_decile_lift: 3.3551
  clv_normalized_gini: 0.8068
  clv_total_true: 346205.2188
  clv_total_pred: 348190.4375
  calibration_temperature_source: validation_only
  validation_temperature: 1.0315
  calibration_source: validation_only
  validation_freq_true_total: 21969.0000
  validation_freq_pred_total: 22236.7266
  validation_spend_true_total: 646302.7101
  validation_spend_pred_total: 688364.3585
  validation_freq_calibration_factor: 0.9940
  validation_spend_calibration_factor: 0.9694
  final_manifest_version: 2026-05-20-results-recovery-protocol
  final_manifest_run_name: extension3_transformer_dynamic_dunnhumby_final_seed7_sample
  final_manifest_config: experiments/configs/extension3_transformer_dynamic_dunnhumby.yaml
  final_manifest_config_hash: 766422b7ebe6
  final_manifest_actual_config_hash: eb4a7ba3ae21
  final_manifest_seed: 7
  final_manifest_epochs: 100
  final_manifest_inference_mode: sample
  final_manifest_n_scenarios: 30
  run_valid: True
  run_invalid_reason: 
  run_warning: 
History saved: /kaggle/working/results/tables/extension3_transformer_dynamic_dunnhumby_final_seed7_sample_history.json
