[Kaggle] raw_dir  → /kaggle/working/input/dunnhumby
[Kaggle] results  → /kaggle/working/results
Config: experiments/configs/extension3_transformer_none_dunnhumby.yaml
Run: extension3_transformer_none_dunnhumby_final_seed123_sample
Device: cuda
Loading dataset: dunnhumby ...
[pipeline] freq_cap=10 (auto q=0.99) → freq_bins=[0, 1, 2, 3]... (n_classes=11)
  Train customers: 2249, Val: 249, Inference: 2498
[dunnhumby] Customers with 0 calibration transactions: 0 / 2498
  top-bin decode: class_values[-1] = 13.099 (max_trans = 10)
Model: transformer — 102,569 parameters

Training for up to 100 epochs ...
/kaggle/working/thesis-code/src/training/trainer.py:97: FutureWarning: `torch.cuda.amp.GradScaler(args...)` is deprecated. Please use `torch.amp.GradScaler('cuda', args...)` instead.
  self.scaler = torch.cuda.amp.GradScaler(enabled=self.amp_enabled)
[Kendall] log_vars frozen for 5 warm-up epochs.
Epoch   1/100 — train_loss: 3.8850  val_loss: 3.5877  freq: 6.7865  spend: 0.3889  w_freq: 0.500  w_spend: 0.500
Epoch   2/100 — train_loss: 3.4212  val_loss: 2.8644  freq: 5.3920  spend: 0.3368  w_freq: 0.500  w_spend: 0.500
Epoch   3/100 — train_loss: 2.6619  val_loss: 1.9990  freq: 3.7177  spend: 0.2802  w_freq: 0.500  w_spend: 0.500
Epoch   4/100 — train_loss: 1.9187  val_loss: 1.4082  freq: 2.6257  spend: 0.1906  w_freq: 0.500  w_spend: 0.500
Epoch   5/100 — train_loss: 1.3385  val_loss: 0.9151  freq: 1.6889  spend: 0.1413  w_freq: 0.500  w_spend: 0.500
[Kendall] log_vars unfrozen at epoch 6.
Epoch   6/100 — train_loss: 1.0171  val_loss: 0.7790  freq: 1.4450  spend: 0.1190  w_freq: 0.499  w_spend: 0.501
Epoch   7/100 — train_loss: 0.9002  val_loss: 0.7143  freq: 1.3381  spend: 0.1020  w_freq: 0.497  w_spend: 0.503
Epoch   8/100 — train_loss: 0.8397  val_loss: 0.6773  freq: 1.2832  spend: 0.0880  w_freq: 0.494  w_spend: 0.506
Epoch   9/100 — train_loss: 0.7955  val_loss: 0.6526  freq: 1.2511  spend: 0.0763  w_freq: 0.492  w_spend: 0.508
Epoch  10/100 — train_loss: 0.7599  val_loss: 0.6372  freq: 1.2347  spend: 0.0673  w_freq: 0.490  w_spend: 0.511
Epoch  11/100 — train_loss: 0.7353  val_loss: 0.6266  freq: 1.2190  spend: 0.0669  w_freq: 0.488  w_spend: 0.514
Epoch  12/100 — train_loss: 0.7135  val_loss: 0.6156  freq: 1.2091  spend: 0.0603  w_freq: 0.486  w_spend: 0.516
Epoch  13/100 — train_loss: 0.6950  val_loss: 0.6095  freq: 1.2022  spend: 0.0603  w_freq: 0.484  w_spend: 0.519
Epoch  14/100 — train_loss: 0.6816  val_loss: 0.6005  freq: 1.1951  spend: 0.0547  w_freq: 0.482  w_spend: 0.521
Epoch  15/100 — train_loss: 0.6666  val_loss: 0.5942  freq: 1.1897  spend: 0.0527  w_freq: 0.481  w_spend: 0.524
Epoch  16/100 — train_loss: 0.6554  val_loss: 0.5871  freq: 1.1866  spend: 0.0468  w_freq: 0.479  w_spend: 0.527
Epoch  17/100 — train_loss: 0.6442  val_loss: 0.5818  freq: 1.1829  spend: 0.0450  w_freq: 0.478  w_spend: 0.529
Epoch  18/100 — train_loss: 0.6356  val_loss: 0.5731  freq: 1.1799  spend: 0.0354  w_freq: 0.476  w_spend: 0.532
Epoch  19/100 — train_loss: 0.6248  val_loss: 0.5648  freq: 1.1777  spend: 0.0263  w_freq: 0.475  w_spend: 0.534
Epoch  20/100 — train_loss: 0.6160  val_loss: 0.5562  freq: 1.1756  spend: 0.0166  w_freq: 0.474  w_spend: 0.537
Epoch  21/100 — train_loss: 0.6049  val_loss: 0.5489  freq: 1.1747  spend: 0.0083  w_freq: 0.473  w_spend: 0.539
Epoch  22/100 — train_loss: 0.5945  val_loss: 0.5410  freq: 1.1720  spend: 0.0006  w_freq: 0.471  w_spend: 0.541
Epoch  23/100 — train_loss: 0.5861  val_loss: 0.5347  freq: 1.1699  spend: -0.0049  w_freq: 0.470  w_spend: 0.544
Epoch  24/100 — train_loss: 0.5775  val_loss: 0.5283  freq: 1.1673  spend: -0.0093  w_freq: 0.469  w_spend: 0.547
Epoch  25/100 — train_loss: 0.5714  val_loss: 0.5273  freq: 1.1661  spend: -0.0057  w_freq: 0.468  w_spend: 0.549
Epoch  26/100 — train_loss: 0.5650  val_loss: 0.5208  freq: 1.1636  spend: -0.0119  w_freq: 0.467  w_spend: 0.552
Epoch  27/100 — train_loss: 0.5591  val_loss: 0.5161  freq: 1.1616  spend: -0.0152  w_freq: 0.466  w_spend: 0.554
Epoch  28/100 — train_loss: 0.5534  val_loss: 0.5132  freq: 1.1608  spend: -0.0161  w_freq: 0.465  w_spend: 0.556
Epoch  29/100 — train_loss: 0.5500  val_loss: 0.5091  freq: 1.1598  spend: -0.0190  w_freq: 0.464  w_spend: 0.558
Epoch  30/100 — train_loss: 0.5448  val_loss: 0.5063  freq: 1.1575  spend: -0.0182  w_freq: 0.463  w_spend: 0.560
Epoch  31/100 — train_loss: 0.5412  val_loss: 0.5034  freq: 1.1565  spend: -0.0193  w_freq: 0.462  w_spend: 0.562
Epoch  32/100 — train_loss: 0.5368  val_loss: 0.4997  freq: 1.1553  spend: -0.0211  w_freq: 0.461  w_spend: 0.564
Epoch  33/100 — train_loss: 0.5330  val_loss: 0.4989  freq: 1.1544  spend: -0.0181  w_freq: 0.461  w_spend: 0.567
Epoch  34/100 — train_loss: 0.5315  val_loss: 0.4945  freq: 1.1537  spend: -0.0222  w_freq: 0.460  w_spend: 0.569
Epoch  35/100 — train_loss: 0.5281  val_loss: 0.4912  freq: 1.1524  spend: -0.0238  w_freq: 0.459  w_spend: 0.571
Epoch  36/100 — train_loss: 0.5237  val_loss: 0.4890  freq: 1.1518  spend: -0.0235  w_freq: 0.458  w_spend: 0.573
Epoch  37/100 — train_loss: 0.5196  val_loss: 0.4863  freq: 1.1517  spend: -0.0245  w_freq: 0.457  w_spend: 0.575
Epoch  38/100 — train_loss: 0.5177  val_loss: 0.4839  freq: 1.1505  spend: -0.0246  w_freq: 0.457  w_spend: 0.577
Epoch  39/100 — train_loss: 0.5148  val_loss: 0.4814  freq: 1.1497  spend: -0.0252  w_freq: 0.456  w_spend: 0.579
Epoch  40/100 — train_loss: 0.5124  val_loss: 0.4791  freq: 1.1491  spend: -0.0258  w_freq: 0.455  w_spend: 0.581
Epoch  41/100 — train_loss: 0.5101  val_loss: 0.4792  freq: 1.1487  spend: -0.0228  w_freq: 0.455  w_spend: 0.583
Epoch  42/100 — train_loss: 0.5078  val_loss: 0.4772  freq: 1.1483  spend: -0.0237  w_freq: 0.454  w_spend: 0.584
Epoch  43/100 — train_loss: 0.5053  val_loss: 0.4761  freq: 1.1489  spend: -0.0237  w_freq: 0.454  w_spend: 0.586
Epoch  44/100 — train_loss: 0.5026  val_loss: 0.4715  freq: 1.1481  spend: -0.0282  w_freq: 0.453  w_spend: 0.587
Epoch  45/100 — train_loss: 0.4992  val_loss: 0.4697  freq: 1.1471  spend: -0.0278  w_freq: 0.453  w_spend: 0.589
Epoch  46/100 — train_loss: 0.4983  val_loss: 0.4672  freq: 1.1466  spend: -0.0289  w_freq: 0.452  w_spend: 0.591
Epoch  47/100 — train_loss: 0.4949  val_loss: 0.4642  freq: 1.1459  spend: -0.0307  w_freq: 0.451  w_spend: 0.593
Epoch  48/100 — train_loss: 0.4923  val_loss: 0.4623  freq: 1.1456  spend: -0.0309  w_freq: 0.451  w_spend: 0.595
Epoch  49/100 — train_loss: 0.4905  val_loss: 0.4603  freq: 1.1450  spend: -0.0314  w_freq: 0.450  w_spend: 0.596
Epoch  50/100 — train_loss: 0.4886  val_loss: 0.4591  freq: 1.1449  spend: -0.0310  w_freq: 0.450  w_spend: 0.598
Epoch  51/100 — train_loss: 0.4851  val_loss: 0.4567  freq: 1.1447  spend: -0.0324  w_freq: 0.449  w_spend: 0.600
Epoch  52/100 — train_loss: 0.4836  val_loss: 0.4551  freq: 1.1440  spend: -0.0322  w_freq: 0.449  w_spend: 0.601
Epoch  53/100 — train_loss: 0.4820  val_loss: 0.4535  freq: 1.1440  spend: -0.0325  w_freq: 0.448  w_spend: 0.603
Epoch  54/100 — train_loss: 0.4798  val_loss: 0.4524  freq: 1.1438  spend: -0.0319  w_freq: 0.448  w_spend: 0.604
Epoch  55/100 — train_loss: 0.4778  val_loss: 0.4508  freq: 1.1436  spend: -0.0325  w_freq: 0.447  w_spend: 0.606
Epoch  56/100 — train_loss: 0.4758  val_loss: 0.4484  freq: 1.1430  spend: -0.0341  w_freq: 0.447  w_spend: 0.607
Epoch  57/100 — train_loss: 0.4739  val_loss: 0.4478  freq: 1.1428  spend: -0.0330  w_freq: 0.447  w_spend: 0.609
Epoch  58/100 — train_loss: 0.4737  val_loss: 0.4451  freq: 1.1425  spend: -0.0353  w_freq: 0.446  w_spend: 0.610
Epoch  59/100 — train_loss: 0.4714  val_loss: 0.4448  freq: 1.1424  spend: -0.0341  w_freq: 0.446  w_spend: 0.611
Epoch  60/100 — train_loss: 0.4691  val_loss: 0.4426  freq: 1.1422  spend: -0.0358  w_freq: 0.445  w_spend: 0.612
Epoch  61/100 — train_loss: 0.4683  val_loss: 0.4419  freq: 1.1419  spend: -0.0352  w_freq: 0.445  w_spend: 0.614
Epoch  62/100 — train_loss: 0.4663  val_loss: 0.4405  freq: 1.1415  spend: -0.0357  w_freq: 0.445  w_spend: 0.615
Epoch  63/100 — train_loss: 0.4653  val_loss: 0.4399  freq: 1.1416  spend: -0.0352  w_freq: 0.445  w_spend: 0.616
Epoch  64/100 — train_loss: 0.4636  val_loss: 0.4387  freq: 1.1415  spend: -0.0357  w_freq: 0.444  w_spend: 0.617
Epoch  65/100 — train_loss: 0.4625  val_loss: 0.4370  freq: 1.1413  spend: -0.0369  w_freq: 0.444  w_spend: 0.618
Epoch  66/100 — train_loss: 0.4619  val_loss: 0.4364  freq: 1.1411  spend: -0.0365  w_freq: 0.444  w_spend: 0.619
Epoch  67/100 — train_loss: 0.4609  val_loss: 0.4360  freq: 1.1410  spend: -0.0358  w_freq: 0.443  w_spend: 0.620
Epoch  68/100 — train_loss: 0.4593  val_loss: 0.4344  freq: 1.1409  spend: -0.0373  w_freq: 0.443  w_spend: 0.621
Epoch  69/100 — train_loss: 0.4585  val_loss: 0.4336  freq: 1.1407  spend: -0.0373  w_freq: 0.443  w_spend: 0.621
Epoch  70/100 — train_loss: 0.4578  val_loss: 0.4329  freq: 1.1405  spend: -0.0372  w_freq: 0.443  w_spend: 0.622
Epoch  71/100 — train_loss: 0.4556  val_loss: 0.4330  freq: 1.1405  spend: -0.0362  w_freq: 0.443  w_spend: 0.623
Epoch  72/100 — train_loss: 0.4565  val_loss: 0.4316  freq: 1.1406  spend: -0.0376  w_freq: 0.442  w_spend: 0.624
Epoch  73/100 — train_loss: 0.4550  val_loss: 0.4311  freq: 1.1402  spend: -0.0375  w_freq: 0.442  w_spend: 0.624
Epoch  74/100 — train_loss: 0.4552  val_loss: 0.4304  freq: 1.1403  spend: -0.0378  w_freq: 0.442  w_spend: 0.625
Epoch  75/100 — train_loss: 0.4547  val_loss: 0.4297  freq: 1.1401  spend: -0.0382  w_freq: 0.442  w_spend: 0.625
Epoch  76/100 — train_loss: 0.4529  val_loss: 0.4295  freq: 1.1402  spend: -0.0378  w_freq: 0.442  w_spend: 0.626
Epoch  77/100 — train_loss: 0.4537  val_loss: 0.4291  freq: 1.1400  spend: -0.0378  w_freq: 0.442  w_spend: 0.626
Epoch  78/100 — train_loss: 0.4524  val_loss: 0.4284  freq: 1.1399  spend: -0.0382  w_freq: 0.442  w_spend: 0.627
Epoch  79/100 — train_loss: 0.4523  val_loss: 0.4281  freq: 1.1399  spend: -0.0382  w_freq: 0.441  w_spend: 0.627
Epoch  80/100 — train_loss: 0.4519  val_loss: 0.4277  freq: 1.1398  spend: -0.0383  w_freq: 0.441  w_spend: 0.628
Epoch  81/100 — train_loss: 0.4501  val_loss: 0.4273  freq: 1.1397  spend: -0.0383  w_freq: 0.441  w_spend: 0.628
Epoch  82/100 — train_loss: 0.4502  val_loss: 0.4270  freq: 1.1397  spend: -0.0383  w_freq: 0.441  w_spend: 0.628
Epoch  83/100 — train_loss: 0.4502  val_loss: 0.4266  freq: 1.1397  spend: -0.0387  w_freq: 0.441  w_spend: 0.629
Epoch  84/100 — train_loss: 0.4496  val_loss: 0.4266  freq: 1.1396  spend: -0.0383  w_freq: 0.441  w_spend: 0.629
Epoch  85/100 — train_loss: 0.4504  val_loss: 0.4262  freq: 1.1396  spend: -0.0386  w_freq: 0.441  w_spend: 0.629
Epoch  86/100 — train_loss: 0.4496  val_loss: 0.4259  freq: 1.1395  spend: -0.0388  w_freq: 0.441  w_spend: 0.629
Epoch  87/100 — train_loss: 0.4506  val_loss: 0.4258  freq: 1.1395  spend: -0.0388  w_freq: 0.441  w_spend: 0.629
Epoch  88/100 — train_loss: 0.4495  val_loss: 0.4257  freq: 1.1396  spend: -0.0387  w_freq: 0.441  w_spend: 0.630
Epoch  89/100 — train_loss: 0.4484  val_loss: 0.4257  freq: 1.1396  spend: -0.0386  w_freq: 0.441  w_spend: 0.630
Epoch  90/100 — train_loss: 0.4479  val_loss: 0.4254  freq: 1.1396  spend: -0.0389  w_freq: 0.441  w_spend: 0.630
Epoch  91/100 — train_loss: 0.4485  val_loss: 0.4253  freq: 1.1396  spend: -0.0390  w_freq: 0.441  w_spend: 0.630
Epoch  92/100 — train_loss: 0.4490  val_loss: 0.4253  freq: 1.1395  spend: -0.0389  w_freq: 0.441  w_spend: 0.630
Epoch  93/100 — train_loss: 0.4472  val_loss: 0.4254  freq: 1.1395  spend: -0.0386  w_freq: 0.441  w_spend: 0.630
Epoch  94/100 — train_loss: 0.4490  val_loss: 0.4254  freq: 1.1395  spend: -0.0387  w_freq: 0.441  w_spend: 0.630
Epoch  95/100 — train_loss: 0.4484  val_loss: 0.4253  freq: 1.1395  spend: -0.0387  w_freq: 0.441  w_spend: 0.630
Epoch  96/100 — train_loss: 0.4472  val_loss: 0.4252  freq: 1.1395  spend: -0.0388  w_freq: 0.441  w_spend: 0.630
Epoch  97/100 — train_loss: 0.4490  val_loss: 0.4252  freq: 1.1395  spend: -0.0388  w_freq: 0.441  w_spend: 0.630
Epoch  98/100 — train_loss: 0.4481  val_loss: 0.4252  freq: 1.1395  spend: -0.0388  w_freq: 0.441  w_spend: 0.630
Epoch  99/100 — train_loss: 0.4493  val_loss: 0.4252  freq: 1.1395  spend: -0.0388  w_freq: 0.441  w_spend: 0.630
Epoch 100/100 — train_loss: 0.4478  val_loss: 0.4252  freq: 1.1395  spend: -0.0388  w_freq: 0.441  w_spend: 0.630

Checkpoint saved: /kaggle/working/results/checkpoints/extension3_transformer_none_dunnhumby_final_seed123_sample.pt

Duan's smearing factor (val): 1.4099
Validation-fitted softmax temperature: 1.0168
Validation aggregate calibration: freq_factor=0.9925, spend_factor=0.9748

Running autoregressive inference on holdout period ...
  inference mode: sample  n_scenarios: 30  temperature: 1.0168

=== Prediction Diagnostics ===
  Mean predicted freq/week:    1.1614
  Mean actual freq/week:       1.1882
  Over-prediction ratio:       0.978x
  Customers predicted as zero total:  0.064
  Customers actually zero total:      0.188
  Non-zero rate (pred, avg > 0.05):  0.960
  Non-zero rate (true):               0.542

Metrics saved: /kaggle/working/results/tables/extension3_transformer_none_dunnhumby_final_seed123_sample_metrics.json
Array artifacts saved: /kaggle/working/results/tables/extension3_transformer_none_dunnhumby_final_seed123_sample_arrays.npz

=== Holdout Evaluation ===
  freq_rmse: 3.6489
  freq_mae: 2.2161
  freq_normalized_gini: 0.8230
  freq_calibration_factor: 0.9925
  freq_mape: 2.9823
  bias_pct: -2.9823
  freq_weekly_mae: 88.5132
  freq_weekly_total_true: 11872.0000
  freq_weekly_total_pred: 11517.9472
  freq_weekly_mape: 2.9689
  freq_weekly_bias_pct: -2.9689
  freq_mase: 1.0305
  freq_mase_scale: 0.8235
  smearing_factor: 1.4099
  spend_calibration_factor: 0.9748
  spend_mae_raw: 68.8834
  spend_rmse_raw: 107.4531
  spend_normalized_gini: 0.8058
  spend_mae_log: 1.0951
  spend_rmse_log: 1.6139
  spend_r2_log: 0.4084
  spend_bias_pct: 0.0409
  spend_weekly_mae: 606.9815
  spend_weekly_total_true: 347125.7605
  spend_weekly_total_pred: 347267.7331
  spend_weekly_mape: 0.7140
  spend_weekly_bias_pct: 0.0554
  spend_mase: 1.0202
  spend_mase_scale: 27.5152
  clv_mae: 68.7025
  clv_rmse: 107.1691
  clv_spearman: 0.7680
  clv_decile_lift: 3.3140
  clv_normalized_gini: 0.8058
  clv_total_true: 346205.2188
  clv_total_pred: 346350.8438
  calibration_temperature_source: validation_only
  validation_temperature: 1.0168
  calibration_source: validation_only
  validation_freq_true_total: 17490.0000
  validation_freq_pred_total: 17756.9453
  validation_spend_true_total: 510671.0401
  validation_spend_pred_total: 537792.2874
  validation_freq_calibration_factor: 0.9925
  validation_spend_calibration_factor: 0.9748
  final_manifest_version: 2026-05-20-results-recovery-protocol
  final_manifest_run_name: extension3_transformer_none_dunnhumby_final_seed123_sample
  final_manifest_config: experiments/configs/extension3_transformer_none_dunnhumby.yaml
  final_manifest_config_hash: 456223c5e75a
  final_manifest_actual_config_hash: 80b83d022dac
  final_manifest_seed: 123
  final_manifest_epochs: 100
  final_manifest_inference_mode: sample
  final_manifest_n_scenarios: 30
  run_valid: True
  run_invalid_reason: 
  run_warning: 
History saved: /kaggle/working/results/tables/extension3_transformer_none_dunnhumby_final_seed123_sample_history.json
