[Kaggle] raw_dir  → /kaggle/working/input/dunnhumby
[Kaggle] results  → /kaggle/working/results
Config: experiments/configs/extension3_transformer_none_dunnhumby.yaml
Run: extension3_transformer_none_dunnhumby_final_seed7_sample
Device: cuda
Loading dataset: dunnhumby ...
[pipeline] freq_cap=10 (auto q=0.99) → freq_bins=[0, 1, 2, 3]... (n_classes=11)
  Train customers: 2249, Val: 249, Inference: 2498
[dunnhumby] Customers with 0 calibration transactions: 0 / 2498
  top-bin decode: class_values[-1] = 13.099 (max_trans = 10)
Model: transformer — 102,569 parameters

Training for up to 100 epochs ...
/kaggle/working/thesis-code/src/training/trainer.py:96: FutureWarning: `torch.cuda.amp.GradScaler(args...)` is deprecated. Please use `torch.amp.GradScaler('cuda', args...)` instead.
  self.scaler = torch.cuda.amp.GradScaler(enabled=self.amp_enabled)
[Kendall] log_vars frozen for 5 warm-up epochs.

Training failed with a repairable error: FloatingPointError: Non-finite gradients in freq_head.weight, spend_head.weight
Metrics saved: /kaggle/working/results/tables/extension3_transformer_none_dunnhumby_final_seed7_sample_metrics.json
Retrying once as robustness repair (amp_disabled; lr_0.0005; grad_clip_0.5) ...
Config: experiments/configs/extension3_transformer_none_dunnhumby.yaml
Run: extension3_transformer_none_dunnhumby_final_seed7_sample_repair
Device: cuda
Loading dataset: dunnhumby ...
[pipeline] freq_cap=10 (auto q=0.99) → freq_bins=[0, 1, 2, 3]... (n_classes=11)
  Train customers: 2249, Val: 249, Inference: 2498
[dunnhumby] Customers with 0 calibration transactions: 0 / 2498
  top-bin decode: class_values[-1] = 13.099 (max_trans = 10)
Model: transformer — 102,569 parameters

Training for up to 100 epochs ...
/kaggle/working/thesis-code/src/training/trainer.py:96: FutureWarning: `torch.cuda.amp.GradScaler(args...)` is deprecated. Please use `torch.amp.GradScaler('cuda', args...)` instead.
  self.scaler = torch.cuda.amp.GradScaler(enabled=self.amp_enabled)
[Kendall] log_vars frozen for 5 warm-up epochs.
Epoch   1/100 — train_loss: 3.6618  val_loss: 3.1573  freq: 5.8955  spend: 0.4191  w_freq: 0.500  w_spend: 0.500
Epoch   2/100 — train_loss: 3.2731  val_loss: 2.6152  freq: 4.8926  spend: 0.3378  w_freq: 0.500  w_spend: 0.500
Epoch   3/100 — train_loss: 2.5987  val_loss: 1.9495  freq: 3.6654  spend: 0.2337  w_freq: 0.500  w_spend: 0.500
Epoch   4/100 — train_loss: 1.8845  val_loss: 1.4230  freq: 2.6799  spend: 0.1662  w_freq: 0.500  w_spend: 0.500
Epoch   5/100 — train_loss: 1.3012  val_loss: 0.9542  freq: 1.7788  spend: 0.1295  w_freq: 0.500  w_spend: 0.500
[Kendall] log_vars unfrozen at epoch 6.
Epoch   6/100 — train_loss: 0.9702  val_loss: 0.8470  freq: 1.5948  spend: 0.1060  w_freq: 0.499  w_spend: 0.501
Epoch   7/100 — train_loss: 0.8608  val_loss: 0.7569  freq: 1.4390  spend: 0.0872  w_freq: 0.497  w_spend: 0.503
Epoch   8/100 — train_loss: 0.7986  val_loss: 0.7213  freq: 1.3871  spend: 0.0735  w_freq: 0.495  w_spend: 0.506
Epoch   9/100 — train_loss: 0.7578  val_loss: 0.6993  freq: 1.3527  spend: 0.0687  w_freq: 0.493  w_spend: 0.508
Epoch  10/100 — train_loss: 0.7294  val_loss: 0.6819  freq: 1.3296  spend: 0.0621  w_freq: 0.491  w_spend: 0.510
Epoch  11/100 — train_loss: 0.7063  val_loss: 0.6715  freq: 1.3209  spend: 0.0552  w_freq: 0.489  w_spend: 0.513
Epoch  12/100 — train_loss: 0.6871  val_loss: 0.6573  freq: 1.3065  spend: 0.0463  w_freq: 0.488  w_spend: 0.515
Epoch  13/100 — train_loss: 0.6702  val_loss: 0.6466  freq: 1.2973  spend: 0.0397  w_freq: 0.486  w_spend: 0.517
Epoch  14/100 — train_loss: 0.6571  val_loss: 0.6389  freq: 1.2880  spend: 0.0387  w_freq: 0.484  w_spend: 0.520
Epoch  15/100 — train_loss: 0.6451  val_loss: 0.6303  freq: 1.2852  spend: 0.0295  w_freq: 0.483  w_spend: 0.522
Epoch  16/100 — train_loss: 0.6333  val_loss: 0.6199  freq: 1.2804  spend: 0.0191  w_freq: 0.482  w_spend: 0.525
Epoch  17/100 — train_loss: 0.6226  val_loss: 0.6103  freq: 1.2771  spend: 0.0093  w_freq: 0.480  w_spend: 0.527
Epoch  18/100 — train_loss: 0.6107  val_loss: 0.6020  freq: 1.2775  spend: -0.0013  w_freq: 0.479  w_spend: 0.530
Epoch  19/100 — train_loss: 0.6012  val_loss: 0.5935  freq: 1.2745  spend: -0.0096  w_freq: 0.477  w_spend: 0.533
Epoch  20/100 — train_loss: 0.5936  val_loss: 0.5855  freq: 1.2699  spend: -0.0157  w_freq: 0.476  w_spend: 0.535
Epoch  21/100 — train_loss: 0.5832  val_loss: 0.5784  freq: 1.2666  spend: -0.0207  w_freq: 0.475  w_spend: 0.537
Epoch  22/100 — train_loss: 0.5752  val_loss: 0.5723  freq: 1.2634  spend: -0.0240  w_freq: 0.474  w_spend: 0.540
Epoch  23/100 — train_loss: 0.5679  val_loss: 0.5652  freq: 1.2578  spend: -0.0269  w_freq: 0.472  w_spend: 0.543
Epoch  24/100 — train_loss: 0.5607  val_loss: 0.5606  freq: 1.2551  spend: -0.0279  w_freq: 0.471  w_spend: 0.546
Epoch  25/100 — train_loss: 0.5555  val_loss: 0.5562  freq: 1.2526  spend: -0.0286  w_freq: 0.470  w_spend: 0.548
Epoch  26/100 — train_loss: 0.5476  val_loss: 0.5511  freq: 1.2492  spend: -0.0302  w_freq: 0.468  w_spend: 0.551
Epoch  27/100 — train_loss: 0.5434  val_loss: 0.5501  freq: 1.2475  spend: -0.0260  w_freq: 0.467  w_spend: 0.554
Epoch  28/100 — train_loss: 0.5398  val_loss: 0.5457  freq: 1.2449  spend: -0.0276  w_freq: 0.466  w_spend: 0.556
Epoch  29/100 — train_loss: 0.5351  val_loss: 0.5422  freq: 1.2450  spend: -0.0304  w_freq: 0.465  w_spend: 0.558
Epoch  30/100 — train_loss: 0.5304  val_loss: 0.5386  freq: 1.2428  spend: -0.0315  w_freq: 0.465  w_spend: 0.560
Epoch  31/100 — train_loss: 0.5279  val_loss: 0.5330  freq: 1.2403  spend: -0.0359  w_freq: 0.464  w_spend: 0.562
Epoch  32/100 — train_loss: 0.5232  val_loss: 0.5291  freq: 1.2379  spend: -0.0369  w_freq: 0.463  w_spend: 0.564
Epoch  33/100 — train_loss: 0.5208  val_loss: 0.5261  freq: 1.2372  spend: -0.0378  w_freq: 0.462  w_spend: 0.566
Epoch  34/100 — train_loss: 0.5150  val_loss: 0.5227  freq: 1.2362  spend: -0.0389  w_freq: 0.461  w_spend: 0.569
Epoch  35/100 — train_loss: 0.5117  val_loss: 0.5191  freq: 1.2345  spend: -0.0400  w_freq: 0.460  w_spend: 0.571
Epoch  36/100 — train_loss: 0.5093  val_loss: 0.5155  freq: 1.2324  spend: -0.0410  w_freq: 0.460  w_spend: 0.573
Epoch  37/100 — train_loss: 0.5053  val_loss: 0.5142  freq: 1.2320  spend: -0.0395  w_freq: 0.459  w_spend: 0.575
Epoch  38/100 — train_loss: 0.5021  val_loss: 0.5111  freq: 1.2306  spend: -0.0404  w_freq: 0.458  w_spend: 0.577
Epoch  39/100 — train_loss: 0.4985  val_loss: 0.5079  freq: 1.2295  spend: -0.0419  w_freq: 0.457  w_spend: 0.579
Epoch  40/100 — train_loss: 0.4966  val_loss: 0.5046  freq: 1.2279  spend: -0.0429  w_freq: 0.457  w_spend: 0.581
Epoch  41/100 — train_loss: 0.4942  val_loss: 0.5027  freq: 1.2278  spend: -0.0432  w_freq: 0.456  w_spend: 0.583
Epoch  42/100 — train_loss: 0.4926  val_loss: 0.4997  freq: 1.2271  spend: -0.0449  w_freq: 0.455  w_spend: 0.585
Epoch  43/100 — train_loss: 0.4891  val_loss: 0.4983  freq: 1.2277  spend: -0.0450  w_freq: 0.455  w_spend: 0.587
Epoch  44/100 — train_loss: 0.4872  val_loss: 0.4958  freq: 1.2269  spend: -0.0456  w_freq: 0.454  w_spend: 0.589
Epoch  45/100 — train_loss: 0.4838  val_loss: 0.4937  freq: 1.2262  spend: -0.0457  w_freq: 0.454  w_spend: 0.591
Epoch  46/100 — train_loss: 0.4811  val_loss: 0.4907  freq: 1.2249  spend: -0.0467  w_freq: 0.453  w_spend: 0.592
Epoch  47/100 — train_loss: 0.4794  val_loss: 0.4912  freq: 1.2257  spend: -0.0436  w_freq: 0.453  w_spend: 0.594
Epoch  48/100 — train_loss: 0.4769  val_loss: 0.4881  freq: 1.2257  spend: -0.0463  w_freq: 0.452  w_spend: 0.596
Epoch  49/100 — train_loss: 0.4742  val_loss: 0.4857  freq: 1.2244  spend: -0.0467  w_freq: 0.451  w_spend: 0.598
Epoch  50/100 — train_loss: 0.4728  val_loss: 0.4828  freq: 1.2234  spend: -0.0481  w_freq: 0.451  w_spend: 0.600
Epoch  51/100 — train_loss: 0.4703  val_loss: 0.4814  freq: 1.2240  spend: -0.0485  w_freq: 0.450  w_spend: 0.601
Epoch  52/100 — train_loss: 0.4679  val_loss: 0.4794  freq: 1.2232  spend: -0.0489  w_freq: 0.450  w_spend: 0.603
Epoch  53/100 — train_loss: 0.4664  val_loss: 0.4779  freq: 1.2232  spend: -0.0489  w_freq: 0.450  w_spend: 0.604
Epoch  54/100 — train_loss: 0.4639  val_loss: 0.4763  freq: 1.2232  spend: -0.0493  w_freq: 0.449  w_spend: 0.606
Epoch  55/100 — train_loss: 0.4631  val_loss: 0.4758  freq: 1.2224  spend: -0.0473  w_freq: 0.449  w_spend: 0.607
Epoch  56/100 — train_loss: 0.4621  val_loss: 0.4733  freq: 1.2233  spend: -0.0503  w_freq: 0.448  w_spend: 0.609
Epoch  57/100 — train_loss: 0.4590  val_loss: 0.4721  freq: 1.2222  spend: -0.0494  w_freq: 0.448  w_spend: 0.610
Epoch  58/100 — train_loss: 0.4575  val_loss: 0.4707  freq: 1.2220  spend: -0.0499  w_freq: 0.448  w_spend: 0.611
Epoch  59/100 — train_loss: 0.4568  val_loss: 0.4697  freq: 1.2238  spend: -0.0510  w_freq: 0.447  w_spend: 0.613
Epoch  60/100 — train_loss: 0.4553  val_loss: 0.4680  freq: 1.2219  spend: -0.0507  w_freq: 0.447  w_spend: 0.614
Epoch  61/100 — train_loss: 0.4531  val_loss: 0.4668  freq: 1.2220  spend: -0.0511  w_freq: 0.447  w_spend: 0.615
Epoch  62/100 — train_loss: 0.4525  val_loss: 0.4650  freq: 1.2209  spend: -0.0517  w_freq: 0.446  w_spend: 0.616
Epoch  63/100 — train_loss: 0.4519  val_loss: 0.4646  freq: 1.2213  spend: -0.0511  w_freq: 0.446  w_spend: 0.617
Epoch  64/100 — train_loss: 0.4504  val_loss: 0.4630  freq: 1.2210  spend: -0.0521  w_freq: 0.446  w_spend: 0.618
Epoch  65/100 — train_loss: 0.4486  val_loss: 0.4625  freq: 1.2213  spend: -0.0518  w_freq: 0.446  w_spend: 0.619
Epoch  66/100 — train_loss: 0.4481  val_loss: 0.4613  freq: 1.2211  spend: -0.0524  w_freq: 0.445  w_spend: 0.620
Epoch  67/100 — train_loss: 0.4469  val_loss: 0.4599  freq: 1.2206  spend: -0.0530  w_freq: 0.445  w_spend: 0.621
Epoch  68/100 — train_loss: 0.4462  val_loss: 0.4595  freq: 1.2211  spend: -0.0527  w_freq: 0.445  w_spend: 0.622
Epoch  69/100 — train_loss: 0.4459  val_loss: 0.4587  freq: 1.2212  spend: -0.0529  w_freq: 0.445  w_spend: 0.623
Epoch  70/100 — train_loss: 0.4443  val_loss: 0.4575  freq: 1.2205  spend: -0.0532  w_freq: 0.444  w_spend: 0.623
Epoch  71/100 — train_loss: 0.4439  val_loss: 0.4571  freq: 1.2206  spend: -0.0530  w_freq: 0.444  w_spend: 0.624
Epoch  72/100 — train_loss: 0.4430  val_loss: 0.4562  freq: 1.2203  spend: -0.0533  w_freq: 0.444  w_spend: 0.625
Epoch  73/100 — train_loss: 0.4418  val_loss: 0.4559  freq: 1.2208  spend: -0.0533  w_freq: 0.444  w_spend: 0.625
Epoch  74/100 — train_loss: 0.4418  val_loss: 0.4551  freq: 1.2202  spend: -0.0535  w_freq: 0.444  w_spend: 0.626
Epoch  75/100 — train_loss: 0.4391  val_loss: 0.4544  freq: 1.2202  spend: -0.0539  w_freq: 0.444  w_spend: 0.626
Epoch  76/100 — train_loss: 0.4393  val_loss: 0.4543  freq: 1.2204  spend: -0.0535  w_freq: 0.444  w_spend: 0.627
Epoch  77/100 — train_loss: 0.4382  val_loss: 0.4537  freq: 1.2201  spend: -0.0537  w_freq: 0.443  w_spend: 0.627
Epoch  78/100 — train_loss: 0.4383  val_loss: 0.4533  freq: 1.2202  spend: -0.0538  w_freq: 0.443  w_spend: 0.628
Epoch  79/100 — train_loss: 0.4389  val_loss: 0.4529  freq: 1.2201  spend: -0.0539  w_freq: 0.443  w_spend: 0.628
Epoch  80/100 — train_loss: 0.4370  val_loss: 0.4526  freq: 1.2200  spend: -0.0538  w_freq: 0.443  w_spend: 0.629
Epoch  81/100 — train_loss: 0.4387  val_loss: 0.4524  freq: 1.2201  spend: -0.0537  w_freq: 0.443  w_spend: 0.629
Epoch  82/100 — train_loss: 0.4377  val_loss: 0.4518  freq: 1.2200  spend: -0.0541  w_freq: 0.443  w_spend: 0.629
Epoch  83/100 — train_loss: 0.4376  val_loss: 0.4516  freq: 1.2200  spend: -0.0541  w_freq: 0.443  w_spend: 0.630
Epoch  84/100 — train_loss: 0.4365  val_loss: 0.4513  freq: 1.2200  spend: -0.0542  w_freq: 0.443  w_spend: 0.630
Epoch  85/100 — train_loss: 0.4358  val_loss: 0.4512  freq: 1.2199  spend: -0.0540  w_freq: 0.443  w_spend: 0.630
Epoch  86/100 — train_loss: 0.4359  val_loss: 0.4510  freq: 1.2200  spend: -0.0541  w_freq: 0.443  w_spend: 0.630
Epoch  87/100 — train_loss: 0.4359  val_loss: 0.4508  freq: 1.2200  spend: -0.0542  w_freq: 0.443  w_spend: 0.630
Epoch  88/100 — train_loss: 0.4357  val_loss: 0.4506  freq: 1.2199  spend: -0.0543  w_freq: 0.443  w_spend: 0.631
Epoch  89/100 — train_loss: 0.4355  val_loss: 0.4506  freq: 1.2200  spend: -0.0542  w_freq: 0.443  w_spend: 0.631
Epoch  90/100 — train_loss: 0.4351  val_loss: 0.4505  freq: 1.2199  spend: -0.0542  w_freq: 0.442  w_spend: 0.631
Epoch  91/100 — train_loss: 0.4348  val_loss: 0.4504  freq: 1.2199  spend: -0.0542  w_freq: 0.442  w_spend: 0.631
Epoch  92/100 — train_loss: 0.4347  val_loss: 0.4503  freq: 1.2198  spend: -0.0543  w_freq: 0.442  w_spend: 0.631
Epoch  93/100 — train_loss: 0.4345  val_loss: 0.4502  freq: 1.2198  spend: -0.0543  w_freq: 0.442  w_spend: 0.631
Epoch  94/100 — train_loss: 0.4344  val_loss: 0.4502  freq: 1.2198  spend: -0.0543  w_freq: 0.442  w_spend: 0.631
Epoch  95/100 — train_loss: 0.4357  val_loss: 0.4502  freq: 1.2198  spend: -0.0543  w_freq: 0.442  w_spend: 0.631
Epoch  96/100 — train_loss: 0.4342  val_loss: 0.4502  freq: 1.2198  spend: -0.0543  w_freq: 0.442  w_spend: 0.631
Epoch  97/100 — train_loss: 0.4356  val_loss: 0.4501  freq: 1.2198  spend: -0.0543  w_freq: 0.442  w_spend: 0.631
Epoch  98/100 — train_loss: 0.4349  val_loss: 0.4501  freq: 1.2198  spend: -0.0543  w_freq: 0.442  w_spend: 0.631
Epoch  99/100 — train_loss: 0.4347  val_loss: 0.4501  freq: 1.2198  spend: -0.0543  w_freq: 0.442  w_spend: 0.631
Epoch 100/100 — train_loss: 0.4358  val_loss: 0.4501  freq: 1.2198  spend: -0.0543  w_freq: 0.442  w_spend: 0.631

Checkpoint saved: /kaggle/working/results/checkpoints/extension3_transformer_none_dunnhumby_final_seed7_sample_repair.pt

Duan's smearing factor (val): 1.4395
Validation-fitted softmax temperature: 1.0293
Validation aggregate calibration: freq_factor=0.9923, spend_factor=0.9699

Running autoregressive inference on holdout period ...
  inference mode: sample  n_scenarios: 30  temperature: 1.0293

=== Prediction Diagnostics ===
  Mean predicted freq/week:    1.1797
  Mean actual freq/week:       1.1882
  Over-prediction ratio:       0.993x
  Customers predicted as zero total:  0.066
  Customers actually zero total:      0.188
  Non-zero rate (pred, avg > 0.05):  0.958
  Non-zero rate (true):               0.542

Metrics saved: /kaggle/working/results/tables/extension3_transformer_none_dunnhumby_final_seed7_sample_repair_metrics.json
Array artifacts saved: /kaggle/working/results/tables/extension3_transformer_none_dunnhumby_final_seed7_sample_repair_arrays.npz

=== Holdout Evaluation ===
  freq_rmse: 3.5751
  freq_mae: 2.1894
  freq_normalized_gini: 0.8260
  freq_calibration_factor: 0.9923
  freq_mape: 1.4810
  bias_pct: -1.4810
  freq_weekly_mae: 63.9159
  freq_weekly_total_true: 11872.0000
  freq_weekly_total_pred: 11696.1738
  freq_weekly_mape: 2.1455
  freq_weekly_bias_pct: -1.4589
  freq_mase: 1.0261
  freq_mase_scale: 0.8235
  smearing_factor: 1.4395
  spend_calibration_factor: 0.9699
  spend_mae_raw: 69.1990
  spend_rmse_raw: 108.3532
  spend_normalized_gini: 0.8081
  spend_mae_log: 1.0832
  spend_rmse_log: 1.6040
  spend_r2_log: 0.4156
  spend_bias_pct: 2.0544
  spend_weekly_mae: 3673.1125
  spend_weekly_total_true: 347125.7605
  spend_weekly_total_pred: 354257.1059
  spend_weekly_mape: 4.2631
  spend_weekly_bias_pct: 2.2196
  spend_mase: 1.0254
  spend_mase_scale: 27.5152
  clv_mae: 69.0133
  clv_rmse: 108.0603
  clv_spearman: 0.7688
  clv_decile_lift: 3.3721
  clv_normalized_gini: 0.8081
  clv_total_true: 346205.2188
  clv_total_pred: 353304.6875
  calibration_temperature_source: validation_only
  validation_temperature: 1.0293
  calibration_source: validation_only
  validation_freq_true_total: 21969.0000
  validation_freq_pred_total: 22313.8145
  validation_spend_true_total: 646302.7101
  validation_spend_pred_total: 687765.2602
  validation_freq_calibration_factor: 0.9923
  validation_spend_calibration_factor: 0.9699
  repair_attempted: True
  repair_strategy: amp_disabled; lr_0.0005; grad_clip_0.5
  repair_source_failure_type: FloatingPointError
  training_lr_after_repair: 0.0005
  training_max_grad_norm_after_repair: 0.5000
  training_amp_enabled_after_repair: False
  final_manifest_version: 2026-05-20-results-recovery-protocol
  final_manifest_run_name: extension3_transformer_none_dunnhumby_final_seed7_sample_repair
  final_manifest_config: experiments/configs/extension3_transformer_none_dunnhumby.yaml
  final_manifest_config_hash: 9494d9efe417
  final_manifest_actual_config_hash: 38c740d9503d
  final_manifest_seed: 7
  final_manifest_epochs: 100
  final_manifest_inference_mode: sample
  final_manifest_n_scenarios: 30
  run_valid: True
  run_invalid_reason: 
  run_warning: 
History saved: /kaggle/working/results/tables/extension3_transformer_none_dunnhumby_final_seed7_sample_repair_history.json
