[Kaggle] raw_dir  → /kaggle/working/input/dunnhumby
[Kaggle] results  → /kaggle/working/results
Config: experiments/configs/extension3_transformer_dynamic_dunnhumby.yaml
Run: extension3_transformer_dynamic_dunnhumby_final_seed42_sample
Device: cuda
Loading dataset: dunnhumby ...
[pipeline] freq_cap=10 (auto q=0.99) → freq_bins=[0, 1, 2, 3]... (n_classes=11)
  Train customers: 2249, Val: 249, Inference: 2498
[dunnhumby] Customers with 0 calibration transactions: 0 / 2498
  top-bin decode: class_values[-1] = 13.099 (max_trans = 10)
Model: transformer — 102,761 parameters

Training for up to 100 epochs ...
/kaggle/working/thesis-code/src/training/trainer.py:97: FutureWarning: `torch.cuda.amp.GradScaler(args...)` is deprecated. Please use `torch.amp.GradScaler('cuda', args...)` instead.
  self.scaler = torch.cuda.amp.GradScaler(enabled=self.amp_enabled)
[Kendall] log_vars frozen for 5 warm-up epochs.
Epoch   1/100 — train_loss: 2.3506  val_loss: 2.0516  freq: 3.8316  spend: 0.2717  w_freq: 0.500  w_spend: 0.500
Epoch   2/100 — train_loss: 2.0391  val_loss: 1.6033  freq: 2.9871  spend: 0.2194  w_freq: 0.500  w_spend: 0.500
Epoch   3/100 — train_loss: 1.5553  val_loss: 1.1217  freq: 2.0773  spend: 0.1660  w_freq: 0.500  w_spend: 0.500
Epoch   4/100 — train_loss: 1.1541  val_loss: 0.8753  freq: 1.6274  spend: 0.1232  w_freq: 0.500  w_spend: 0.500
Epoch   5/100 — train_loss: 0.9543  val_loss: 0.7475  freq: 1.3950  spend: 0.1001  w_freq: 0.500  w_spend: 0.500
[Kendall] log_vars unfrozen at epoch 6.
Epoch   6/100 — train_loss: 0.8593  val_loss: 0.7027  freq: 1.3225  spend: 0.0885  w_freq: 0.499  w_spend: 0.501
Epoch   7/100 — train_loss: 0.8082  val_loss: 0.6685  freq: 1.2707  spend: 0.0771  w_freq: 0.497  w_spend: 0.503
Epoch   8/100 — train_loss: 0.7702  val_loss: 0.6454  freq: 1.2399  spend: 0.0666  w_freq: 0.495  w_spend: 0.506
Epoch   9/100 — train_loss: 0.7409  val_loss: 0.6295  freq: 1.2214  spend: 0.0584  w_freq: 0.493  w_spend: 0.508
Epoch  10/100 — train_loss: 0.7181  val_loss: 0.6169  freq: 1.2070  spend: 0.0528  w_freq: 0.491  w_spend: 0.510
Epoch  11/100 — train_loss: 0.6979  val_loss: 0.6076  freq: 1.1974  spend: 0.0492  w_freq: 0.489  w_spend: 0.513
Epoch  12/100 — train_loss: 0.6831  val_loss: 0.5983  freq: 1.1912  spend: 0.0419  w_freq: 0.487  w_spend: 0.515
Epoch  13/100 — train_loss: 0.6693  val_loss: 0.5895  freq: 1.1847  spend: 0.0360  w_freq: 0.485  w_spend: 0.518
Epoch  14/100 — train_loss: 0.6574  val_loss: 0.5822  freq: 1.1817  spend: 0.0296  w_freq: 0.483  w_spend: 0.520
Epoch  15/100 — train_loss: 0.6467  val_loss: 0.5760  freq: 1.1786  spend: 0.0256  w_freq: 0.482  w_spend: 0.523
Epoch  16/100 — train_loss: 0.6352  val_loss: 0.5666  freq: 1.1766  spend: 0.0140  w_freq: 0.480  w_spend: 0.525
Epoch  17/100 — train_loss: 0.6265  val_loss: 0.5588  freq: 1.1762  spend: 0.0040  w_freq: 0.479  w_spend: 0.528
Epoch  18/100 — train_loss: 0.6180  val_loss: 0.5499  freq: 1.1724  spend: -0.0050  w_freq: 0.477  w_spend: 0.530
Epoch  19/100 — train_loss: 0.6084  val_loss: 0.5417  freq: 1.1703  spend: -0.0141  w_freq: 0.476  w_spend: 0.532
Epoch  20/100 — train_loss: 0.5997  val_loss: 0.5348  freq: 1.1704  spend: -0.0227  w_freq: 0.475  w_spend: 0.534
Epoch  21/100 — train_loss: 0.5911  val_loss: 0.5285  freq: 1.1685  spend: -0.0283  w_freq: 0.474  w_spend: 0.537
Epoch  22/100 — train_loss: 0.5853  val_loss: 0.5228  freq: 1.1667  spend: -0.0333  w_freq: 0.472  w_spend: 0.539
Epoch  23/100 — train_loss: 0.5777  val_loss: 0.5201  freq: 1.1655  spend: -0.0334  w_freq: 0.471  w_spend: 0.541
Epoch  24/100 — train_loss: 0.5726  val_loss: 0.5142  freq: 1.1654  spend: -0.0404  w_freq: 0.470  w_spend: 0.543
Epoch  25/100 — train_loss: 0.5671  val_loss: 0.5126  freq: 1.1635  spend: -0.0376  w_freq: 0.469  w_spend: 0.545
Epoch  26/100 — train_loss: 0.5625  val_loss: 0.5076  freq: 1.1622  spend: -0.0417  w_freq: 0.468  w_spend: 0.548
Epoch  27/100 — train_loss: 0.5589  val_loss: 0.5030  freq: 1.1607  spend: -0.0449  w_freq: 0.467  w_spend: 0.550
Epoch  28/100 — train_loss: 0.5544  val_loss: 0.4990  freq: 1.1603  spend: -0.0478  w_freq: 0.466  w_spend: 0.552
Epoch  29/100 — train_loss: 0.5492  val_loss: 0.4982  freq: 1.1587  spend: -0.0437  w_freq: 0.465  w_spend: 0.554
Epoch  30/100 — train_loss: 0.5436  val_loss: 0.4928  freq: 1.1574  spend: -0.0484  w_freq: 0.464  w_spend: 0.556
Epoch  31/100 — train_loss: 0.5418  val_loss: 0.4904  freq: 1.1557  spend: -0.0475  w_freq: 0.463  w_spend: 0.559
Epoch  32/100 — train_loss: 0.5372  val_loss: 0.4857  freq: 1.1548  spend: -0.0515  w_freq: 0.462  w_spend: 0.561
Epoch  33/100 — train_loss: 0.5338  val_loss: 0.4830  freq: 1.1540  spend: -0.0518  w_freq: 0.461  w_spend: 0.563
Epoch  34/100 — train_loss: 0.5305  val_loss: 0.4802  freq: 1.1527  spend: -0.0523  w_freq: 0.461  w_spend: 0.565
Epoch  35/100 — train_loss: 0.5271  val_loss: 0.4780  freq: 1.1526  spend: -0.0526  w_freq: 0.460  w_spend: 0.567
Epoch  36/100 — train_loss: 0.5227  val_loss: 0.4744  freq: 1.1524  spend: -0.0552  w_freq: 0.459  w_spend: 0.569
Epoch  37/100 — train_loss: 0.5201  val_loss: 0.4726  freq: 1.1510  spend: -0.0540  w_freq: 0.458  w_spend: 0.571
Epoch  38/100 — train_loss: 0.5164  val_loss: 0.4697  freq: 1.1503  spend: -0.0550  w_freq: 0.457  w_spend: 0.573
Epoch  39/100 — train_loss: 0.5149  val_loss: 0.4673  freq: 1.1498  spend: -0.0555  w_freq: 0.457  w_spend: 0.575
Epoch  40/100 — train_loss: 0.5109  val_loss: 0.4643  freq: 1.1489  spend: -0.0567  w_freq: 0.456  w_spend: 0.577
Epoch  41/100 — train_loss: 0.5076  val_loss: 0.4618  freq: 1.1494  spend: -0.0582  w_freq: 0.455  w_spend: 0.579
Epoch  42/100 — train_loss: 0.5059  val_loss: 0.4594  freq: 1.1473  spend: -0.0576  w_freq: 0.454  w_spend: 0.581
Epoch  43/100 — train_loss: 0.5016  val_loss: 0.4579  freq: 1.1484  spend: -0.0582  w_freq: 0.454  w_spend: 0.583
Epoch  44/100 — train_loss: 0.5003  val_loss: 0.4566  freq: 1.1479  spend: -0.0573  w_freq: 0.453  w_spend: 0.585
Epoch  45/100 — train_loss: 0.4970  val_loss: 0.4530  freq: 1.1467  spend: -0.0599  w_freq: 0.453  w_spend: 0.587
Epoch  46/100 — train_loss: 0.4941  val_loss: 0.4518  freq: 1.1465  spend: -0.0591  w_freq: 0.452  w_spend: 0.588
Epoch  47/100 — train_loss: 0.4920  val_loss: 0.4500  freq: 1.1461  spend: -0.0591  w_freq: 0.451  w_spend: 0.590
Epoch  48/100 — train_loss: 0.4918  val_loss: 0.4476  freq: 1.1458  spend: -0.0605  w_freq: 0.451  w_spend: 0.592
Epoch  49/100 — train_loss: 0.4882  val_loss: 0.4456  freq: 1.1456  spend: -0.0613  w_freq: 0.450  w_spend: 0.593
Epoch  50/100 — train_loss: 0.4876  val_loss: 0.4439  freq: 1.1454  spend: -0.0616  w_freq: 0.450  w_spend: 0.595
Epoch  51/100 — train_loss: 0.4839  val_loss: 0.4419  freq: 1.1452  spend: -0.0624  w_freq: 0.449  w_spend: 0.596
Epoch  52/100 — train_loss: 0.4831  val_loss: 0.4410  freq: 1.1449  spend: -0.0616  w_freq: 0.449  w_spend: 0.598
Epoch  53/100 — train_loss: 0.4809  val_loss: 0.4391  freq: 1.1448  spend: -0.0628  w_freq: 0.449  w_spend: 0.599
Epoch  54/100 — train_loss: 0.4798  val_loss: 0.4386  freq: 1.1452  spend: -0.0622  w_freq: 0.448  w_spend: 0.600
Epoch  55/100 — train_loss: 0.4778  val_loss: 0.4365  freq: 1.1442  spend: -0.0632  w_freq: 0.448  w_spend: 0.601
Epoch  56/100 — train_loss: 0.4753  val_loss: 0.4351  freq: 1.1444  spend: -0.0639  w_freq: 0.448  w_spend: 0.603
Epoch  57/100 — train_loss: 0.4753  val_loss: 0.4338  freq: 1.1440  spend: -0.0640  w_freq: 0.447  w_spend: 0.604
Epoch  58/100 — train_loss: 0.4736  val_loss: 0.4321  freq: 1.1436  spend: -0.0648  w_freq: 0.447  w_spend: 0.605
Epoch  59/100 — train_loss: 0.4710  val_loss: 0.4314  freq: 1.1440  spend: -0.0645  w_freq: 0.446  w_spend: 0.606
Epoch  60/100 — train_loss: 0.4697  val_loss: 0.4303  freq: 1.1440  spend: -0.0647  w_freq: 0.446  w_spend: 0.607
Epoch  61/100 — train_loss: 0.4686  val_loss: 0.4285  freq: 1.1433  spend: -0.0655  w_freq: 0.446  w_spend: 0.608
Epoch  62/100 — train_loss: 0.4674  val_loss: 0.4277  freq: 1.1436  spend: -0.0652  w_freq: 0.445  w_spend: 0.610
Epoch  63/100 — train_loss: 0.4655  val_loss: 0.4263  freq: 1.1431  spend: -0.0657  w_freq: 0.445  w_spend: 0.611
Epoch  64/100 — train_loss: 0.4645  val_loss: 0.4255  freq: 1.1427  spend: -0.0653  w_freq: 0.445  w_spend: 0.612
Epoch  65/100 — train_loss: 0.4636  val_loss: 0.4248  freq: 1.1429  spend: -0.0653  w_freq: 0.445  w_spend: 0.613
Epoch  66/100 — train_loss: 0.4620  val_loss: 0.4236  freq: 1.1429  spend: -0.0661  w_freq: 0.444  w_spend: 0.613
Epoch  67/100 — train_loss: 0.4618  val_loss: 0.4225  freq: 1.1426  spend: -0.0665  w_freq: 0.444  w_spend: 0.614
Epoch  68/100 — train_loss: 0.4607  val_loss: 0.4215  freq: 1.1426  spend: -0.0669  w_freq: 0.444  w_spend: 0.615
Epoch  69/100 — train_loss: 0.4590  val_loss: 0.4206  freq: 1.1424  spend: -0.0671  w_freq: 0.444  w_spend: 0.616
Epoch  70/100 — train_loss: 0.4580  val_loss: 0.4199  freq: 1.1426  spend: -0.0673  w_freq: 0.444  w_spend: 0.617
Epoch  71/100 — train_loss: 0.4574  val_loss: 0.4196  freq: 1.1421  spend: -0.0665  w_freq: 0.443  w_spend: 0.617
Epoch  72/100 — train_loss: 0.4556  val_loss: 0.4184  freq: 1.1420  spend: -0.0675  w_freq: 0.443  w_spend: 0.618
Epoch  73/100 — train_loss: 0.4549  val_loss: 0.4175  freq: 1.1421  spend: -0.0681  w_freq: 0.443  w_spend: 0.619
Epoch  74/100 — train_loss: 0.4545  val_loss: 0.4172  freq: 1.1420  spend: -0.0678  w_freq: 0.443  w_spend: 0.619
Epoch  75/100 — train_loss: 0.4552  val_loss: 0.4165  freq: 1.1420  spend: -0.0682  w_freq: 0.443  w_spend: 0.620
Epoch  76/100 — train_loss: 0.4531  val_loss: 0.4163  freq: 1.1420  spend: -0.0677  w_freq: 0.443  w_spend: 0.620
Epoch  77/100 — train_loss: 0.4531  val_loss: 0.4156  freq: 1.1418  spend: -0.0681  w_freq: 0.442  w_spend: 0.621
Epoch  78/100 — train_loss: 0.4532  val_loss: 0.4151  freq: 1.1418  spend: -0.0684  w_freq: 0.442  w_spend: 0.621
Epoch  79/100 — train_loss: 0.4524  val_loss: 0.4148  freq: 1.1418  spend: -0.0683  w_freq: 0.442  w_spend: 0.622
Epoch  80/100 — train_loss: 0.4522  val_loss: 0.4144  freq: 1.1417  spend: -0.0684  w_freq: 0.442  w_spend: 0.622
Epoch  81/100 — train_loss: 0.4514  val_loss: 0.4140  freq: 1.1415  spend: -0.0685  w_freq: 0.442  w_spend: 0.622
Epoch  82/100 — train_loss: 0.4496  val_loss: 0.4136  freq: 1.1415  spend: -0.0688  w_freq: 0.442  w_spend: 0.623
Epoch  83/100 — train_loss: 0.4508  val_loss: 0.4133  freq: 1.1417  spend: -0.0690  w_freq: 0.442  w_spend: 0.623
Epoch  84/100 — train_loss: 0.4503  val_loss: 0.4130  freq: 1.1415  spend: -0.0690  w_freq: 0.442  w_spend: 0.623
Epoch  85/100 — train_loss: 0.4496  val_loss: 0.4128  freq: 1.1416  spend: -0.0690  w_freq: 0.442  w_spend: 0.623
Epoch  86/100 — train_loss: 0.4500  val_loss: 0.4128  freq: 1.1416  spend: -0.0689  w_freq: 0.442  w_spend: 0.624
Epoch  87/100 — train_loss: 0.4507  val_loss: 0.4124  freq: 1.1416  spend: -0.0692  w_freq: 0.442  w_spend: 0.624
Epoch  88/100 — train_loss: 0.4500  val_loss: 0.4124  freq: 1.1415  spend: -0.0690  w_freq: 0.442  w_spend: 0.624
Epoch  89/100 — train_loss: 0.4495  val_loss: 0.4122  freq: 1.1415  spend: -0.0692  w_freq: 0.442  w_spend: 0.624
Epoch  90/100 — train_loss: 0.4500  val_loss: 0.4120  freq: 1.1415  spend: -0.0693  w_freq: 0.441  w_spend: 0.624
Epoch  91/100 — train_loss: 0.4506  val_loss: 0.4119  freq: 1.1415  spend: -0.0694  w_freq: 0.441  w_spend: 0.624
Epoch  92/100 — train_loss: 0.4502  val_loss: 0.4119  freq: 1.1415  spend: -0.0693  w_freq: 0.441  w_spend: 0.624
Epoch  93/100 — train_loss: 0.4492  val_loss: 0.4119  freq: 1.1414  spend: -0.0691  w_freq: 0.441  w_spend: 0.624
Epoch  94/100 — train_loss: 0.4486  val_loss: 0.4119  freq: 1.1414  spend: -0.0692  w_freq: 0.441  w_spend: 0.624
Epoch  95/100 — train_loss: 0.4485  val_loss: 0.4118  freq: 1.1414  spend: -0.0693  w_freq: 0.441  w_spend: 0.624
Epoch  96/100 — train_loss: 0.4503  val_loss: 0.4117  freq: 1.1414  spend: -0.0693  w_freq: 0.441  w_spend: 0.624
Epoch  97/100 — train_loss: 0.4496  val_loss: 0.4117  freq: 1.1414  spend: -0.0693  w_freq: 0.441  w_spend: 0.624
Epoch  98/100 — train_loss: 0.4482  val_loss: 0.4117  freq: 1.1414  spend: -0.0693  w_freq: 0.441  w_spend: 0.624
Epoch  99/100 — train_loss: 0.4498  val_loss: 0.4117  freq: 1.1414  spend: -0.0693  w_freq: 0.441  w_spend: 0.624
Epoch 100/100 — train_loss: 0.4488  val_loss: 0.4117  freq: 1.1414  spend: -0.0693  w_freq: 0.441  w_spend: 0.624

Checkpoint saved: /kaggle/working/results/checkpoints/extension3_transformer_dynamic_dunnhumby_final_seed42_sample.pt

Duan's smearing factor (val): 1.3894
Validation-fitted softmax temperature: 1.0124
Validation aggregate calibration: freq_factor=0.9885, spend_factor=0.9781

Running autoregressive inference on holdout period ...
  inference mode: sample  n_scenarios: 30  temperature: 1.0124

=== Prediction Diagnostics ===
  Mean predicted freq/week:    1.1934
  Mean actual freq/week:       1.1882
  Over-prediction ratio:       1.004x
  Customers predicted as zero total:  0.062
  Customers actually zero total:      0.188
  Non-zero rate (pred, avg > 0.05):  0.958
  Non-zero rate (true):               0.542

Metrics saved: /kaggle/working/results/tables/extension3_transformer_dynamic_dunnhumby_final_seed42_sample_metrics.json
Array artifacts saved: /kaggle/working/results/tables/extension3_transformer_dynamic_dunnhumby_final_seed42_sample_arrays.npz

=== Holdout Evaluation ===
  freq_rmse: 3.5276
  freq_mae: 2.1654
  freq_normalized_gini: 0.8332
  freq_calibration_factor: 0.9885
  freq_mape: 0.7130
  bias_pct: -0.7130
  freq_weekly_mae: 61.4452
  freq_weekly_total_true: 11872.0000
  freq_weekly_total_pred: 11787.3560
  freq_weekly_mape: 2.0589
  freq_weekly_bias_pct: -0.6952
  freq_mase: 1.0241
  freq_mase_scale: 0.8235
  smearing_factor: 1.3894
  spend_calibration_factor: 0.9781
  spend_mae_raw: 66.9831
  spend_rmse_raw: 104.2249
  spend_normalized_gini: 0.8151
  spend_mae_log: 1.0816
  spend_rmse_log: 1.6051
  spend_r2_log: 0.4148
  spend_bias_pct: 0.8801
  spend_weekly_mae: 3266.1649
  spend_weekly_total_true: 347125.7605
  spend_weekly_total_pred: 350180.7828
  spend_weekly_mape: 3.7400
  spend_weekly_bias_pct: 1.0348
  spend_mase: 1.0107
  spend_mase_scale: 27.5152
  clv_mae: 66.8041
  clv_rmse: 103.9458
  clv_spearman: 0.7756
  clv_decile_lift: 3.3494
  clv_normalized_gini: 0.8151
  clv_total_true: 346205.2188
  clv_total_pred: 349234.8438
  calibration_temperature_source: validation_only
  validation_temperature: 1.0124
  calibration_source: validation_only
  validation_freq_true_total: 18807.0000
  validation_freq_pred_total: 19249.7812
  validation_spend_true_total: 552284.4897
  validation_spend_pred_total: 577548.7087
  validation_freq_calibration_factor: 0.9885
  validation_spend_calibration_factor: 0.9781
  final_manifest_version: 2026-05-20-results-recovery-protocol
  final_manifest_run_name: extension3_transformer_dynamic_dunnhumby_final_seed42_sample
  final_manifest_config: experiments/configs/extension3_transformer_dynamic_dunnhumby.yaml
  final_manifest_config_hash: 766422b7ebe6
  final_manifest_actual_config_hash: 19ca84614c92
  final_manifest_seed: 42
  final_manifest_epochs: 100
  final_manifest_inference_mode: sample
  final_manifest_n_scenarios: 30
  run_valid: True
  run_invalid_reason: 
  run_warning: 
History saved: /kaggle/working/results/tables/extension3_transformer_dynamic_dunnhumby_final_seed42_sample_history.json
