[Kaggle] raw_dir  → /kaggle/working/input/dunnhumby
[Kaggle] results  → /kaggle/working/results
Config: experiments/configs/extension3_lstm_dynamic_dunnhumby.yaml
Run: extension3_lstm_dynamic_dunnhumby_final_seed123_sample
Device: cuda
Loading dataset: dunnhumby ...
[pipeline] freq_cap=10 (auto q=0.99) → freq_bins=[0, 1, 2, 3]... (n_classes=11)
  Train customers: 2249, Val: 249, Inference: 2498
[dunnhumby] Customers with 0 calibration transactions: 0 / 2498
  top-bin decode: class_values[-1] = 13.099 (max_trans = 10)
Model: lstm — 103,697 parameters

Training for up to 100 epochs ...
/kaggle/working/thesis-code/src/training/trainer.py:97: FutureWarning: `torch.cuda.amp.GradScaler(args...)` is deprecated. Please use `torch.amp.GradScaler('cuda', args...)` instead.
  self.scaler = torch.cuda.amp.GradScaler(enabled=self.amp_enabled)
[Kendall] log_vars frozen for 5 warm-up epochs.
Epoch   1/100 — train_loss: 1.3237  val_loss: 1.3128  freq: 2.3835  spend: 0.2420  w_freq: 0.500  w_spend: 0.500
Epoch   2/100 — train_loss: 1.3058  val_loss: 1.2833  freq: 2.3281  spend: 0.2384  w_freq: 0.500  w_spend: 0.500
Epoch   3/100 — train_loss: 1.2671  val_loss: 1.2226  freq: 2.2155  spend: 0.2296  w_freq: 0.500  w_spend: 0.500
Epoch   4/100 — train_loss: 1.1737  val_loss: 1.0366  freq: 1.8774  spend: 0.1959  w_freq: 0.500  w_spend: 0.500
Epoch   5/100 — train_loss: 0.9153  val_loss: 0.7422  freq: 1.3662  spend: 0.1182  w_freq: 0.500  w_spend: 0.500
[Kendall] log_vars unfrozen at epoch 6.
Epoch   6/100 — train_loss: 0.8165  val_loss: 0.7174  freq: 1.3078  spend: 0.1320  w_freq: 0.499  w_spend: 0.501
Epoch   7/100 — train_loss: 0.7493  val_loss: 0.6716  freq: 1.2520  spend: 0.1011  w_freq: 0.497  w_spend: 0.503
Epoch   8/100 — train_loss: 0.7087  val_loss: 0.6428  freq: 1.2304  spend: 0.0709  w_freq: 0.495  w_spend: 0.506
Epoch   9/100 — train_loss: 0.6817  val_loss: 0.6263  freq: 1.2236  spend: 0.0508  w_freq: 0.492  w_spend: 0.508
Epoch  10/100 — train_loss: 0.6595  val_loss: 0.6108  freq: 1.2246  spend: 0.0251  w_freq: 0.490  w_spend: 0.511
Epoch  11/100 — train_loss: 0.6420  val_loss: 0.5986  freq: 1.2233  spend: 0.0083  w_freq: 0.488  w_spend: 0.513
Epoch  12/100 — train_loss: 0.6302  val_loss: 0.5891  freq: 1.2190  spend: -0.0007  w_freq: 0.486  w_spend: 0.516
Epoch  13/100 — train_loss: 0.6205  val_loss: 0.5840  freq: 1.2186  spend: -0.0049  w_freq: 0.484  w_spend: 0.518
Epoch  14/100 — train_loss: 0.6119  val_loss: 0.5713  freq: 1.2056  spend: -0.0124  w_freq: 0.482  w_spend: 0.521
Epoch  15/100 — train_loss: 0.6012  val_loss: 0.5622  freq: 1.1988  spend: -0.0190  w_freq: 0.481  w_spend: 0.523
Epoch  16/100 — train_loss: 0.5900  val_loss: 0.5501  freq: 1.1893  spend: -0.0285  w_freq: 0.479  w_spend: 0.525
Epoch  17/100 — train_loss: 0.5800  val_loss: 0.5426  freq: 1.1815  spend: -0.0307  w_freq: 0.477  w_spend: 0.528
Epoch  18/100 — train_loss: 0.5702  val_loss: 0.5336  freq: 1.1755  spend: -0.0378  w_freq: 0.476  w_spend: 0.530
Epoch  19/100 — train_loss: 0.5621  val_loss: 0.5275  freq: 1.1717  spend: -0.0410  w_freq: 0.474  w_spend: 0.532
Epoch  20/100 — train_loss: 0.5550  val_loss: 0.5224  freq: 1.1673  spend: -0.0418  w_freq: 0.473  w_spend: 0.535
Epoch  21/100 — train_loss: 0.5504  val_loss: 0.5212  freq: 1.1649  spend: -0.0373  w_freq: 0.471  w_spend: 0.537
Epoch  22/100 — train_loss: 0.5467  val_loss: 0.5152  freq: 1.1626  spend: -0.0425  w_freq: 0.470  w_spend: 0.540
Epoch  23/100 — train_loss: 0.5440  val_loss: 0.5121  freq: 1.1608  spend: -0.0431  w_freq: 0.469  w_spend: 0.542
Epoch  24/100 — train_loss: 0.5399  val_loss: 0.5092  freq: 1.1597  spend: -0.0438  w_freq: 0.468  w_spend: 0.543
Epoch  25/100 — train_loss: 0.5358  val_loss: 0.5077  freq: 1.1599  spend: -0.0427  w_freq: 0.467  w_spend: 0.546
Epoch  26/100 — train_loss: 0.5322  val_loss: 0.5033  freq: 1.1569  spend: -0.0445  w_freq: 0.466  w_spend: 0.548
Epoch  27/100 — train_loss: 0.5289  val_loss: 0.5001  freq: 1.1554  spend: -0.0451  w_freq: 0.465  w_spend: 0.550
Epoch  28/100 — train_loss: 0.5251  val_loss: 0.4971  freq: 1.1542  spend: -0.0455  w_freq: 0.464  w_spend: 0.552
Epoch  29/100 — train_loss: 0.5199  val_loss: 0.4936  freq: 1.1532  spend: -0.0472  w_freq: 0.463  w_spend: 0.554
Epoch  30/100 — train_loss: 0.5170  val_loss: 0.4911  freq: 1.1531  spend: -0.0475  w_freq: 0.462  w_spend: 0.556
Epoch  31/100 — train_loss: 0.5148  val_loss: 0.4872  freq: 1.1512  spend: -0.0490  w_freq: 0.461  w_spend: 0.559
Epoch  32/100 — train_loss: 0.5098  val_loss: 0.4855  freq: 1.1502  spend: -0.0475  w_freq: 0.460  w_spend: 0.561
Epoch  33/100 — train_loss: 0.5078  val_loss: 0.4828  freq: 1.1509  spend: -0.0495  w_freq: 0.459  w_spend: 0.563
Epoch  34/100 — train_loss: 0.5042  val_loss: 0.4809  freq: 1.1510  spend: -0.0494  w_freq: 0.458  w_spend: 0.565
Epoch  35/100 — train_loss: 0.5032  val_loss: 0.4772  freq: 1.1487  spend: -0.0507  w_freq: 0.457  w_spend: 0.567
Epoch  36/100 — train_loss: 0.4993  val_loss: 0.4768  freq: 1.1478  spend: -0.0476  w_freq: 0.456  w_spend: 0.569
Epoch  37/100 — train_loss: 0.4974  val_loss: 0.4718  freq: 1.1457  spend: -0.0515  w_freq: 0.456  w_spend: 0.571
Epoch  38/100 — train_loss: 0.4933  val_loss: 0.4705  freq: 1.1454  spend: -0.0501  w_freq: 0.455  w_spend: 0.573
Epoch  39/100 — train_loss: 0.4909  val_loss: 0.4683  freq: 1.1449  spend: -0.0502  w_freq: 0.454  w_spend: 0.575
Epoch  40/100 — train_loss: 0.4881  val_loss: 0.4660  freq: 1.1434  spend: -0.0499  w_freq: 0.453  w_spend: 0.577
Epoch  41/100 — train_loss: 0.4853  val_loss: 0.4639  freq: 1.1438  spend: -0.0510  w_freq: 0.453  w_spend: 0.579
Epoch  42/100 — train_loss: 0.4829  val_loss: 0.4614  freq: 1.1437  spend: -0.0524  w_freq: 0.452  w_spend: 0.581
Epoch  43/100 — train_loss: 0.4818  val_loss: 0.4598  freq: 1.1424  spend: -0.0514  w_freq: 0.451  w_spend: 0.582
Epoch  44/100 — train_loss: 0.4782  val_loss: 0.4577  freq: 1.1424  spend: -0.0525  w_freq: 0.451  w_spend: 0.584
Epoch  45/100 — train_loss: 0.4776  val_loss: 0.4569  freq: 1.1423  spend: -0.0510  w_freq: 0.450  w_spend: 0.586
Epoch  46/100 — train_loss: 0.4755  val_loss: 0.4548  freq: 1.1418  spend: -0.0517  w_freq: 0.450  w_spend: 0.587
Epoch  47/100 — train_loss: 0.4733  val_loss: 0.4516  freq: 1.1407  spend: -0.0538  w_freq: 0.449  w_spend: 0.589
Epoch  48/100 — train_loss: 0.4710  val_loss: 0.4503  freq: 1.1418  spend: -0.0544  w_freq: 0.449  w_spend: 0.591
Epoch  49/100 — train_loss: 0.4685  val_loss: 0.4480  freq: 1.1405  spend: -0.0548  w_freq: 0.448  w_spend: 0.592
Epoch  50/100 — train_loss: 0.4663  val_loss: 0.4466  freq: 1.1405  spend: -0.0548  w_freq: 0.448  w_spend: 0.594
Epoch  51/100 — train_loss: 0.4652  val_loss: 0.4449  freq: 1.1393  spend: -0.0544  w_freq: 0.447  w_spend: 0.595
Epoch  52/100 — train_loss: 0.4642  val_loss: 0.4437  freq: 1.1404  spend: -0.0550  w_freq: 0.447  w_spend: 0.597
Epoch  53/100 — train_loss: 0.4620  val_loss: 0.4419  freq: 1.1394  spend: -0.0552  w_freq: 0.446  w_spend: 0.598
Epoch  54/100 — train_loss: 0.4598  val_loss: 0.4418  freq: 1.1411  spend: -0.0545  w_freq: 0.446  w_spend: 0.600
Epoch  55/100 — train_loss: 0.4599  val_loss: 0.4393  freq: 1.1394  spend: -0.0554  w_freq: 0.445  w_spend: 0.601
Epoch  56/100 — train_loss: 0.4578  val_loss: 0.4381  freq: 1.1390  spend: -0.0552  w_freq: 0.445  w_spend: 0.602
Epoch  57/100 — train_loss: 0.4560  val_loss: 0.4367  freq: 1.1382  spend: -0.0551  w_freq: 0.445  w_spend: 0.604
Epoch  58/100 — train_loss: 0.4543  val_loss: 0.4360  freq: 1.1383  spend: -0.0544  w_freq: 0.444  w_spend: 0.605
Epoch  59/100 — train_loss: 0.4517  val_loss: 0.4343  freq: 1.1380  spend: -0.0554  w_freq: 0.444  w_spend: 0.606
Epoch  60/100 — train_loss: 0.4506  val_loss: 0.4328  freq: 1.1373  spend: -0.0557  w_freq: 0.444  w_spend: 0.607
Epoch  61/100 — train_loss: 0.4502  val_loss: 0.4315  freq: 1.1377  spend: -0.0565  w_freq: 0.443  w_spend: 0.608
Epoch  62/100 — train_loss: 0.4490  val_loss: 0.4307  freq: 1.1376  spend: -0.0562  w_freq: 0.443  w_spend: 0.609
Epoch  63/100 — train_loss: 0.4473  val_loss: 0.4297  freq: 1.1378  spend: -0.0566  w_freq: 0.443  w_spend: 0.611
Epoch  64/100 — train_loss: 0.4464  val_loss: 0.4283  freq: 1.1368  spend: -0.0567  w_freq: 0.443  w_spend: 0.612
Epoch  65/100 — train_loss: 0.4453  val_loss: 0.4278  freq: 1.1371  spend: -0.0563  w_freq: 0.442  w_spend: 0.613
Epoch  66/100 — train_loss: 0.4448  val_loss: 0.4267  freq: 1.1370  spend: -0.0569  w_freq: 0.442  w_spend: 0.613
Epoch  67/100 — train_loss: 0.4431  val_loss: 0.4256  freq: 1.1363  spend: -0.0569  w_freq: 0.442  w_spend: 0.614
Epoch  68/100 — train_loss: 0.4427  val_loss: 0.4254  freq: 1.1363  spend: -0.0562  w_freq: 0.442  w_spend: 0.615
Epoch  69/100 — train_loss: 0.4411  val_loss: 0.4239  freq: 1.1360  spend: -0.0574  w_freq: 0.441  w_spend: 0.616
Epoch  70/100 — train_loss: 0.4411  val_loss: 0.4235  freq: 1.1365  spend: -0.0574  w_freq: 0.441  w_spend: 0.617
Epoch  71/100 — train_loss: 0.4405  val_loss: 0.4228  freq: 1.1363  spend: -0.0574  w_freq: 0.441  w_spend: 0.617
Epoch  72/100 — train_loss: 0.4398  val_loss: 0.4220  freq: 1.1360  spend: -0.0577  w_freq: 0.441  w_spend: 0.618
Epoch  73/100 — train_loss: 0.4390  val_loss: 0.4219  freq: 1.1360  spend: -0.0570  w_freq: 0.441  w_spend: 0.618
Epoch  74/100 — train_loss: 0.4378  val_loss: 0.4209  freq: 1.1358  spend: -0.0577  w_freq: 0.441  w_spend: 0.619
Epoch  75/100 — train_loss: 0.4374  val_loss: 0.4203  freq: 1.1356  spend: -0.0579  w_freq: 0.440  w_spend: 0.620
Epoch  76/100 — train_loss: 0.4371  val_loss: 0.4200  freq: 1.1355  spend: -0.0576  w_freq: 0.440  w_spend: 0.620
Epoch  77/100 — train_loss: 0.4364  val_loss: 0.4194  freq: 1.1355  spend: -0.0581  w_freq: 0.440  w_spend: 0.620
Epoch  78/100 — train_loss: 0.4360  val_loss: 0.4193  freq: 1.1357  spend: -0.0578  w_freq: 0.440  w_spend: 0.621
Epoch  79/100 — train_loss: 0.4360  val_loss: 0.4187  freq: 1.1353  spend: -0.0580  w_freq: 0.440  w_spend: 0.621
Epoch  80/100 — train_loss: 0.4350  val_loss: 0.4186  freq: 1.1358  spend: -0.0579  w_freq: 0.440  w_spend: 0.622
Epoch  81/100 — train_loss: 0.4352  val_loss: 0.4182  freq: 1.1352  spend: -0.0578  w_freq: 0.440  w_spend: 0.622
Epoch  82/100 — train_loss: 0.4347  val_loss: 0.4177  freq: 1.1352  spend: -0.0581  w_freq: 0.440  w_spend: 0.622
Epoch  83/100 — train_loss: 0.4342  val_loss: 0.4174  freq: 1.1351  spend: -0.0582  w_freq: 0.440  w_spend: 0.623
Epoch  84/100 — train_loss: 0.4350  val_loss: 0.4171  freq: 1.1351  spend: -0.0584  w_freq: 0.440  w_spend: 0.623
Epoch  85/100 — train_loss: 0.4328  val_loss: 0.4170  freq: 1.1352  spend: -0.0583  w_freq: 0.440  w_spend: 0.623
Epoch  86/100 — train_loss: 0.4341  val_loss: 0.4168  freq: 1.1349  spend: -0.0583  w_freq: 0.439  w_spend: 0.623
Epoch  87/100 — train_loss: 0.4336  val_loss: 0.4167  freq: 1.1351  spend: -0.0582  w_freq: 0.439  w_spend: 0.623
Epoch  88/100 — train_loss: 0.4334  val_loss: 0.4165  freq: 1.1350  spend: -0.0583  w_freq: 0.439  w_spend: 0.623
Epoch  89/100 — train_loss: 0.4330  val_loss: 0.4164  freq: 1.1350  spend: -0.0584  w_freq: 0.439  w_spend: 0.624
Epoch  90/100 — train_loss: 0.4321  val_loss: 0.4163  freq: 1.1350  spend: -0.0584  w_freq: 0.439  w_spend: 0.624
Epoch  91/100 — train_loss: 0.4326  val_loss: 0.4162  freq: 1.1349  spend: -0.0584  w_freq: 0.439  w_spend: 0.624
Epoch  92/100 — train_loss: 0.4328  val_loss: 0.4163  freq: 1.1349  spend: -0.0582  w_freq: 0.439  w_spend: 0.624
Epoch  93/100 — train_loss: 0.4330  val_loss: 0.4161  freq: 1.1349  spend: -0.0584  w_freq: 0.439  w_spend: 0.624
Epoch  94/100 — train_loss: 0.4330  val_loss: 0.4161  freq: 1.1349  spend: -0.0585  w_freq: 0.439  w_spend: 0.624
Epoch  95/100 — train_loss: 0.4324  val_loss: 0.4160  freq: 1.1349  spend: -0.0584  w_freq: 0.439  w_spend: 0.624
Epoch  96/100 — train_loss: 0.4324  val_loss: 0.4160  freq: 1.1349  spend: -0.0584  w_freq: 0.439  w_spend: 0.624
Epoch  97/100 — train_loss: 0.4330  val_loss: 0.4160  freq: 1.1349  spend: -0.0584  w_freq: 0.439  w_spend: 0.624
Epoch  98/100 — train_loss: 0.4335  val_loss: 0.4160  freq: 1.1349  spend: -0.0584  w_freq: 0.439  w_spend: 0.624
Epoch  99/100 — train_loss: 0.4325  val_loss: 0.4160  freq: 1.1349  spend: -0.0584  w_freq: 0.439  w_spend: 0.624
Epoch 100/100 — train_loss: 0.4337  val_loss: 0.4160  freq: 1.1349  spend: -0.0584  w_freq: 0.439  w_spend: 0.624

Checkpoint saved: /kaggle/working/results/checkpoints/extension3_lstm_dynamic_dunnhumby_final_seed123_sample.pt

Duan's smearing factor (val): 1.3981
Validation-fitted softmax temperature: 0.9734
Validation aggregate calibration: freq_factor=0.9941, spend_factor=0.9827

Running autoregressive inference on holdout period ...
  inference mode: sample  n_scenarios: 30  temperature: 0.9734

=== Prediction Diagnostics ===
  Mean predicted freq/week:    1.1832
  Mean actual freq/week:       1.1882
  Over-prediction ratio:       0.996x
  Customers predicted as zero total:  0.075
  Customers actually zero total:      0.188
  Non-zero rate (pred, avg > 0.05):  0.972
  Non-zero rate (true):               0.542

Metrics saved: /kaggle/working/results/tables/extension3_lstm_dynamic_dunnhumby_final_seed123_sample_metrics.json
Array artifacts saved: /kaggle/working/results/tables/extension3_lstm_dynamic_dunnhumby_final_seed123_sample_arrays.npz

=== Holdout Evaluation ===
  freq_rmse: 3.3956
  freq_mae: 2.0696
  freq_normalized_gini: 0.8503
  freq_calibration_factor: 0.9941
  freq_mape: 0.9996
  bias_pct: -0.9996
  freq_weekly_mae: 36.1450
  freq_weekly_total_true: 11872.0000
  freq_weekly_total_pred: 11753.3325
  freq_weekly_mape: 1.2136
  freq_weekly_bias_pct: -0.9943
  freq_mase: 0.9986
  freq_mase_scale: 0.8235
  smearing_factor: 1.3981
  spend_calibration_factor: 0.9827
  spend_mae_raw: 64.6690
  spend_rmse_raw: 102.8781
  spend_normalized_gini: 0.8315
  spend_mae_log: 1.0799
  spend_rmse_log: 1.5742
  spend_r2_log: 0.4371
  spend_bias_pct: 1.6337
  spend_weekly_mae: 1732.4781
  spend_weekly_total_true: 347125.7605
  spend_weekly_total_pred: 352796.6546
  spend_weekly_mape: 2.0275
  spend_weekly_bias_pct: 1.6873
  spend_mase: 0.9906
  spend_mase_scale: 27.5152
  clv_mae: 64.4960
  clv_rmse: 102.5957
  clv_spearman: 0.7949
  clv_decile_lift: 3.4064
  clv_normalized_gini: 0.8315
  clv_total_true: 346205.2188
  clv_total_pred: 351853.8438
  calibration_temperature_source: validation_only
  validation_temperature: 0.9734
  calibration_source: validation_only
  validation_freq_true_total: 17490.0000
  validation_freq_pred_total: 17698.4277
  validation_spend_true_total: 510671.0401
  validation_spend_pred_total: 529002.7695
  validation_freq_calibration_factor: 0.9941
  validation_spend_calibration_factor: 0.9827
  final_manifest_version: 2026-05-20-results-recovery-protocol
  final_manifest_run_name: extension3_lstm_dynamic_dunnhumby_final_seed123_sample
  final_manifest_config: experiments/configs/extension3_lstm_dynamic_dunnhumby.yaml
  final_manifest_config_hash: 3eee1f632fa7
  final_manifest_actual_config_hash: 9f3cb96aa83f
  final_manifest_seed: 123
  final_manifest_epochs: 100
  final_manifest_inference_mode: sample
  final_manifest_n_scenarios: 30
  run_valid: True
  run_invalid_reason: 
  run_warning: 
History saved: /kaggle/working/results/tables/extension3_lstm_dynamic_dunnhumby_final_seed123_sample_history.json
