[Kaggle] raw_dir  → /kaggle/working/input/dunnhumby
[Kaggle] results  → /kaggle/working/results
Config: experiments/configs/extension3_transformer_full_dunnhumby.yaml
Run: extension3_transformer_full_dunnhumby_final_seed123_sample
Device: cuda
Loading dataset: dunnhumby ...
[pipeline] freq_cap=10 (auto q=0.99) → freq_bins=[0, 1, 2, 3]... (n_classes=11)
  Train customers: 2249, Val: 249, Inference: 2498
[dunnhumby] Customers with 0 calibration transactions: 0 / 2498
  top-bin decode: class_values[-1] = 13.099 (max_trans = 10)
Model: transformer — 102,953 parameters

Training for up to 100 epochs ...
/kaggle/working/thesis-code/src/training/trainer.py:97: FutureWarning: `torch.cuda.amp.GradScaler(args...)` is deprecated. Please use `torch.amp.GradScaler('cuda', args...)` instead.
  self.scaler = torch.cuda.amp.GradScaler(enabled=self.amp_enabled)
[Kendall] log_vars frozen for 5 warm-up epochs.
Epoch   1/100 — train_loss: 2.8745  val_loss: 2.4805  freq: 4.6232  spend: 0.3378  w_freq: 0.500  w_spend: 0.500
Epoch   2/100 — train_loss: 2.4828  val_loss: 1.8754  freq: 3.4741  spend: 0.2768  w_freq: 0.500  w_spend: 0.500
Epoch   3/100 — train_loss: 1.8540  val_loss: 1.2707  freq: 2.3607  spend: 0.1807  w_freq: 0.500  w_spend: 0.500
Epoch   4/100 — train_loss: 1.3374  val_loss: 0.9251  freq: 1.7379  spend: 0.1124  w_freq: 0.500  w_spend: 0.500
Epoch   5/100 — train_loss: 1.0750  val_loss: 0.7821  freq: 1.4678  spend: 0.0964  w_freq: 0.500  w_spend: 0.500
[Kendall] log_vars unfrozen at epoch 6.
Epoch   6/100 — train_loss: 0.9315  val_loss: 0.7149  freq: 1.3547  spend: 0.0807  w_freq: 0.499  w_spend: 0.501
Epoch   7/100 — train_loss: 0.8620  val_loss: 0.6791  freq: 1.2964  spend: 0.0728  w_freq: 0.497  w_spend: 0.503
Epoch   8/100 — train_loss: 0.8079  val_loss: 0.6551  freq: 1.2598  spend: 0.0667  w_freq: 0.495  w_spend: 0.506
Epoch   9/100 — train_loss: 0.7690  val_loss: 0.6391  freq: 1.2394  spend: 0.0605  w_freq: 0.492  w_spend: 0.508
Epoch  10/100 — train_loss: 0.7383  val_loss: 0.6270  freq: 1.2238  spend: 0.0570  w_freq: 0.490  w_spend: 0.511
Epoch  11/100 — train_loss: 0.7155  val_loss: 0.6175  freq: 1.2131  spend: 0.0535  w_freq: 0.489  w_spend: 0.513
Epoch  12/100 — train_loss: 0.6968  val_loss: 0.6083  freq: 1.2028  spend: 0.0504  w_freq: 0.487  w_spend: 0.515
Epoch  13/100 — train_loss: 0.6790  val_loss: 0.6006  freq: 1.1950  spend: 0.0478  w_freq: 0.485  w_spend: 0.518
Epoch  14/100 — train_loss: 0.6630  val_loss: 0.5925  freq: 1.1908  spend: 0.0411  w_freq: 0.484  w_spend: 0.520
Epoch  15/100 — train_loss: 0.6515  val_loss: 0.5832  freq: 1.1863  spend: 0.0324  w_freq: 0.482  w_spend: 0.523
Epoch  16/100 — train_loss: 0.6400  val_loss: 0.5771  freq: 1.1850  spend: 0.0265  w_freq: 0.481  w_spend: 0.525
Epoch  17/100 — train_loss: 0.6288  val_loss: 0.5683  freq: 1.1799  spend: 0.0191  w_freq: 0.479  w_spend: 0.528
Epoch  18/100 — train_loss: 0.6205  val_loss: 0.5605  freq: 1.1786  spend: 0.0102  w_freq: 0.478  w_spend: 0.530
Epoch  19/100 — train_loss: 0.6102  val_loss: 0.5527  freq: 1.1755  spend: 0.0029  w_freq: 0.477  w_spend: 0.533
Epoch  20/100 — train_loss: 0.6013  val_loss: 0.5467  freq: 1.1733  spend: -0.0019  w_freq: 0.475  w_spend: 0.535
Epoch  21/100 — train_loss: 0.5915  val_loss: 0.5406  freq: 1.1716  spend: -0.0075  w_freq: 0.474  w_spend: 0.537
Epoch  22/100 — train_loss: 0.5858  val_loss: 0.5351  freq: 1.1686  spend: -0.0108  w_freq: 0.473  w_spend: 0.540
Epoch  23/100 — train_loss: 0.5779  val_loss: 0.5308  freq: 1.1667  spend: -0.0127  w_freq: 0.472  w_spend: 0.542
Epoch  24/100 — train_loss: 0.5714  val_loss: 0.5254  freq: 1.1650  spend: -0.0169  w_freq: 0.471  w_spend: 0.545
Epoch  25/100 — train_loss: 0.5671  val_loss: 0.5216  freq: 1.1633  spend: -0.0182  w_freq: 0.470  w_spend: 0.547
Epoch  26/100 — train_loss: 0.5608  val_loss: 0.5184  freq: 1.1617  spend: -0.0187  w_freq: 0.469  w_spend: 0.549
Epoch  27/100 — train_loss: 0.5571  val_loss: 0.5164  freq: 1.1605  spend: -0.0179  w_freq: 0.468  w_spend: 0.551
Epoch  28/100 — train_loss: 0.5518  val_loss: 0.5123  freq: 1.1598  spend: -0.0210  w_freq: 0.467  w_spend: 0.553
Epoch  29/100 — train_loss: 0.5495  val_loss: 0.5099  freq: 1.1581  spend: -0.0202  w_freq: 0.466  w_spend: 0.555
Epoch  30/100 — train_loss: 0.5453  val_loss: 0.5055  freq: 1.1568  spend: -0.0238  w_freq: 0.465  w_spend: 0.557
Epoch  31/100 — train_loss: 0.5402  val_loss: 0.5023  freq: 1.1555  spend: -0.0244  w_freq: 0.464  w_spend: 0.560
Epoch  32/100 — train_loss: 0.5368  val_loss: 0.4985  freq: 1.1538  spend: -0.0259  w_freq: 0.463  w_spend: 0.562
Epoch  33/100 — train_loss: 0.5330  val_loss: 0.4956  freq: 1.1535  spend: -0.0269  w_freq: 0.462  w_spend: 0.564
Epoch  34/100 — train_loss: 0.5300  val_loss: 0.4952  freq: 1.1537  spend: -0.0243  w_freq: 0.462  w_spend: 0.566
Epoch  35/100 — train_loss: 0.5255  val_loss: 0.4927  freq: 1.1518  spend: -0.0240  w_freq: 0.461  w_spend: 0.569
Epoch  36/100 — train_loss: 0.5241  val_loss: 0.4897  freq: 1.1517  spend: -0.0261  w_freq: 0.460  w_spend: 0.570
Epoch  37/100 — train_loss: 0.5201  val_loss: 0.4868  freq: 1.1502  spend: -0.0269  w_freq: 0.459  w_spend: 0.572
Epoch  38/100 — train_loss: 0.5176  val_loss: 0.4838  freq: 1.1502  spend: -0.0289  w_freq: 0.459  w_spend: 0.574
Epoch  39/100 — train_loss: 0.5139  val_loss: 0.4810  freq: 1.1491  spend: -0.0300  w_freq: 0.458  w_spend: 0.576
Epoch  40/100 — train_loss: 0.5125  val_loss: 0.4783  freq: 1.1486  spend: -0.0310  w_freq: 0.457  w_spend: 0.578
Epoch  41/100 — train_loss: 0.5088  val_loss: 0.4756  freq: 1.1477  spend: -0.0319  w_freq: 0.457  w_spend: 0.580
Epoch  42/100 — train_loss: 0.5067  val_loss: 0.4730  freq: 1.1481  spend: -0.0336  w_freq: 0.456  w_spend: 0.582
Epoch  43/100 — train_loss: 0.5020  val_loss: 0.4724  freq: 1.1469  spend: -0.0306  w_freq: 0.455  w_spend: 0.584
Epoch  44/100 — train_loss: 0.5003  val_loss: 0.4690  freq: 1.1460  spend: -0.0328  w_freq: 0.455  w_spend: 0.586
Epoch  45/100 — train_loss: 0.4967  val_loss: 0.4660  freq: 1.1458  spend: -0.0350  w_freq: 0.454  w_spend: 0.588
Epoch  46/100 — train_loss: 0.4956  val_loss: 0.4633  freq: 1.1449  spend: -0.0362  w_freq: 0.453  w_spend: 0.590
Epoch  47/100 — train_loss: 0.4915  val_loss: 0.4616  freq: 1.1447  spend: -0.0362  w_freq: 0.453  w_spend: 0.591
Epoch  48/100 — train_loss: 0.4899  val_loss: 0.4598  freq: 1.1444  spend: -0.0365  w_freq: 0.452  w_spend: 0.593
Epoch  49/100 — train_loss: 0.4878  val_loss: 0.4572  freq: 1.1439  spend: -0.0377  w_freq: 0.452  w_spend: 0.595
Epoch  50/100 — train_loss: 0.4850  val_loss: 0.4555  freq: 1.1436  spend: -0.0380  w_freq: 0.451  w_spend: 0.597
Epoch  51/100 — train_loss: 0.4839  val_loss: 0.4541  freq: 1.1434  spend: -0.0377  w_freq: 0.451  w_spend: 0.598
Epoch  52/100 — train_loss: 0.4814  val_loss: 0.4516  freq: 1.1427  spend: -0.0389  w_freq: 0.450  w_spend: 0.600
Epoch  53/100 — train_loss: 0.4784  val_loss: 0.4497  freq: 1.1426  spend: -0.0397  w_freq: 0.450  w_spend: 0.602
Epoch  54/100 — train_loss: 0.4772  val_loss: 0.4477  freq: 1.1425  spend: -0.0409  w_freq: 0.449  w_spend: 0.603
Epoch  55/100 — train_loss: 0.4757  val_loss: 0.4465  freq: 1.1420  spend: -0.0404  w_freq: 0.449  w_spend: 0.605
Epoch  56/100 — train_loss: 0.4739  val_loss: 0.4446  freq: 1.1418  spend: -0.0414  w_freq: 0.448  w_spend: 0.606
Epoch  57/100 — train_loss: 0.4719  val_loss: 0.4428  freq: 1.1415  spend: -0.0422  w_freq: 0.448  w_spend: 0.607
Epoch  58/100 — train_loss: 0.4701  val_loss: 0.4416  freq: 1.1415  spend: -0.0425  w_freq: 0.448  w_spend: 0.609
Epoch  59/100 — train_loss: 0.4699  val_loss: 0.4414  freq: 1.1412  spend: -0.0409  w_freq: 0.447  w_spend: 0.610
Epoch  60/100 — train_loss: 0.4683  val_loss: 0.4418  freq: 1.1423  spend: -0.0397  w_freq: 0.447  w_spend: 0.611
Epoch  61/100 — train_loss: 0.4667  val_loss: 0.4386  freq: 1.1412  spend: -0.0427  w_freq: 0.447  w_spend: 0.612
Epoch  62/100 — train_loss: 0.4642  val_loss: 0.4374  freq: 1.1410  spend: -0.0432  w_freq: 0.446  w_spend: 0.613
Epoch  63/100 — train_loss: 0.4649  val_loss: 0.4365  freq: 1.1407  spend: -0.0431  w_freq: 0.446  w_spend: 0.614
Epoch  64/100 — train_loss: 0.4622  val_loss: 0.4348  freq: 1.1405  spend: -0.0443  w_freq: 0.446  w_spend: 0.615
Epoch  65/100 — train_loss: 0.4610  val_loss: 0.4342  freq: 1.1405  spend: -0.0441  w_freq: 0.446  w_spend: 0.616
Epoch  66/100 — train_loss: 0.4599  val_loss: 0.4329  freq: 1.1401  spend: -0.0447  w_freq: 0.445  w_spend: 0.617
Epoch  67/100 — train_loss: 0.4589  val_loss: 0.4324  freq: 1.1405  spend: -0.0446  w_freq: 0.445  w_spend: 0.617
Epoch  68/100 — train_loss: 0.4581  val_loss: 0.4314  freq: 1.1402  spend: -0.0449  w_freq: 0.445  w_spend: 0.618
Epoch  69/100 — train_loss: 0.4581  val_loss: 0.4302  freq: 1.1399  spend: -0.0455  w_freq: 0.445  w_spend: 0.619
Epoch  70/100 — train_loss: 0.4560  val_loss: 0.4301  freq: 1.1400  spend: -0.0449  w_freq: 0.444  w_spend: 0.620
Epoch  71/100 — train_loss: 0.4561  val_loss: 0.4293  freq: 1.1400  spend: -0.0453  w_freq: 0.444  w_spend: 0.620
Epoch  72/100 — train_loss: 0.4553  val_loss: 0.4285  freq: 1.1396  spend: -0.0453  w_freq: 0.444  w_spend: 0.621
Epoch  73/100 — train_loss: 0.4547  val_loss: 0.4273  freq: 1.1394  spend: -0.0463  w_freq: 0.444  w_spend: 0.622
Epoch  74/100 — train_loss: 0.4549  val_loss: 0.4274  freq: 1.1395  spend: -0.0455  w_freq: 0.444  w_spend: 0.622
Epoch  75/100 — train_loss: 0.4533  val_loss: 0.4266  freq: 1.1395  spend: -0.0460  w_freq: 0.444  w_spend: 0.623
Epoch  76/100 — train_loss: 0.4522  val_loss: 0.4261  freq: 1.1394  spend: -0.0461  w_freq: 0.443  w_spend: 0.623
Epoch  77/100 — train_loss: 0.4512  val_loss: 0.4253  freq: 1.1392  spend: -0.0467  w_freq: 0.443  w_spend: 0.624
Epoch  78/100 — train_loss: 0.4519  val_loss: 0.4251  freq: 1.1393  spend: -0.0465  w_freq: 0.443  w_spend: 0.624
Epoch  79/100 — train_loss: 0.4508  val_loss: 0.4246  freq: 1.1391  spend: -0.0467  w_freq: 0.443  w_spend: 0.625
Epoch  80/100 — train_loss: 0.4516  val_loss: 0.4242  freq: 1.1390  spend: -0.0468  w_freq: 0.443  w_spend: 0.625
Epoch  81/100 — train_loss: 0.4501  val_loss: 0.4240  freq: 1.1392  spend: -0.0467  w_freq: 0.443  w_spend: 0.625
Epoch  82/100 — train_loss: 0.4489  val_loss: 0.4235  freq: 1.1391  spend: -0.0471  w_freq: 0.443  w_spend: 0.626
Epoch  83/100 — train_loss: 0.4497  val_loss: 0.4232  freq: 1.1390  spend: -0.0471  w_freq: 0.443  w_spend: 0.626
Epoch  84/100 — train_loss: 0.4503  val_loss: 0.4231  freq: 1.1392  spend: -0.0471  w_freq: 0.443  w_spend: 0.626
Epoch  85/100 — train_loss: 0.4494  val_loss: 0.4227  freq: 1.1390  spend: -0.0473  w_freq: 0.443  w_spend: 0.626
Epoch  86/100 — train_loss: 0.4496  val_loss: 0.4228  freq: 1.1390  spend: -0.0469  w_freq: 0.443  w_spend: 0.627
Epoch  87/100 — train_loss: 0.4496  val_loss: 0.4225  freq: 1.1390  spend: -0.0472  w_freq: 0.442  w_spend: 0.627
Epoch  88/100 — train_loss: 0.4488  val_loss: 0.4223  freq: 1.1390  spend: -0.0473  w_freq: 0.442  w_spend: 0.627
Epoch  89/100 — train_loss: 0.4478  val_loss: 0.4221  freq: 1.1389  spend: -0.0474  w_freq: 0.442  w_spend: 0.627
Epoch  90/100 — train_loss: 0.4477  val_loss: 0.4221  freq: 1.1390  spend: -0.0474  w_freq: 0.442  w_spend: 0.627
Epoch  91/100 — train_loss: 0.4482  val_loss: 0.4219  freq: 1.1390  spend: -0.0475  w_freq: 0.442  w_spend: 0.627
Epoch  92/100 — train_loss: 0.4479  val_loss: 0.4218  freq: 1.1389  spend: -0.0475  w_freq: 0.442  w_spend: 0.627
Epoch  93/100 — train_loss: 0.4475  val_loss: 0.4219  freq: 1.1389  spend: -0.0474  w_freq: 0.442  w_spend: 0.627
Epoch  94/100 — train_loss: 0.4483  val_loss: 0.4219  freq: 1.1389  spend: -0.0473  w_freq: 0.442  w_spend: 0.627
Epoch  95/100 — train_loss: 0.4462  val_loss: 0.4219  freq: 1.1389  spend: -0.0473  w_freq: 0.442  w_spend: 0.627
Epoch  96/100 — train_loss: 0.4467  val_loss: 0.4218  freq: 1.1389  spend: -0.0473  w_freq: 0.442  w_spend: 0.627
Epoch  97/100 — train_loss: 0.4476  val_loss: 0.4218  freq: 1.1389  spend: -0.0473  w_freq: 0.442  w_spend: 0.627
Epoch  98/100 — train_loss: 0.4473  val_loss: 0.4218  freq: 1.1389  spend: -0.0473  w_freq: 0.442  w_spend: 0.627
Epoch  99/100 — train_loss: 0.4467  val_loss: 0.4218  freq: 1.1389  spend: -0.0473  w_freq: 0.442  w_spend: 0.627
Epoch 100/100 — train_loss: 0.4478  val_loss: 0.4218  freq: 1.1389  spend: -0.0473  w_freq: 0.442  w_spend: 0.627

Checkpoint saved: /kaggle/working/results/checkpoints/extension3_transformer_full_dunnhumby_final_seed123_sample.pt

Duan's smearing factor (val): 1.4028
Validation-fitted softmax temperature: 1.0078
Validation aggregate calibration: freq_factor=0.9919, spend_factor=0.9732

Running autoregressive inference on holdout period ...
  inference mode: sample  n_scenarios: 30  temperature: 1.0078

=== Prediction Diagnostics ===
  Mean predicted freq/week:    1.1569
  Mean actual freq/week:       1.1882
  Over-prediction ratio:       0.974x
  Customers predicted as zero total:  0.068
  Customers actually zero total:      0.188
  Non-zero rate (pred, avg > 0.05):  0.958
  Non-zero rate (true):               0.542

Metrics saved: /kaggle/working/results/tables/extension3_transformer_full_dunnhumby_final_seed123_sample_metrics.json
Array artifacts saved: /kaggle/working/results/tables/extension3_transformer_full_dunnhumby_final_seed123_sample_arrays.npz

=== Holdout Evaluation ===
  freq_rmse: 3.6315
  freq_mae: 2.2097
  freq_normalized_gini: 0.8259
  freq_calibration_factor: 0.9919
  freq_mape: 3.4130
  bias_pct: -3.4130
  freq_weekly_mae: 101.2994
  freq_weekly_total_true: 11872.0000
  freq_weekly_total_pred: 11466.8024
  freq_weekly_mape: 3.4007
  freq_weekly_bias_pct: -3.4007
  freq_mase: 1.0258
  freq_mase_scale: 0.8235
  smearing_factor: 1.4028
  spend_calibration_factor: 0.9732
  spend_mae_raw: 67.2181
  spend_rmse_raw: 104.6082
  spend_normalized_gini: 0.8134
  spend_mae_log: 1.0765
  spend_rmse_log: 1.5896
  spend_r2_log: 0.4260
  spend_bias_pct: 0.1270
  spend_weekly_mae: 454.0924
  spend_weekly_total_true: 347125.7605
  spend_weekly_total_pred: 347566.5407
  spend_weekly_mape: 0.5303
  spend_weekly_bias_pct: 0.1490
  spend_mase: 1.0071
  spend_mase_scale: 27.5152
  clv_mae: 67.0412
  clv_rmse: 104.3322
  clv_spearman: 0.7752
  clv_decile_lift: 3.3609
  clv_normalized_gini: 0.8134
  clv_total_true: 346205.2188
  clv_total_pred: 346645.3125
  calibration_temperature_source: validation_only
  validation_temperature: 1.0078
  calibration_source: validation_only
  validation_freq_true_total: 17490.0000
  validation_freq_pred_total: 17776.7852
  validation_spend_true_total: 510671.0401
  validation_spend_pred_total: 539538.9512
  validation_freq_calibration_factor: 0.9919
  validation_spend_calibration_factor: 0.9732
  final_manifest_version: 2026-05-20-results-recovery-protocol
  final_manifest_run_name: extension3_transformer_full_dunnhumby_final_seed123_sample
  final_manifest_config: experiments/configs/extension3_transformer_full_dunnhumby.yaml
  final_manifest_config_hash: 7ff2bd87ccec
  final_manifest_actual_config_hash: c7a53ac4821b
  final_manifest_seed: 123
  final_manifest_epochs: 100
  final_manifest_inference_mode: sample
  final_manifest_n_scenarios: 30
  run_valid: True
  run_invalid_reason: 
  run_warning: 
History saved: /kaggle/working/results/tables/extension3_transformer_full_dunnhumby_final_seed123_sample_history.json
