[Kaggle] raw_dir  → /kaggle/working/input/tafeng-dataset
[Kaggle] results  → /kaggle/working/results
Config: experiments/configs/lstm_base_tafeng_v2.yaml
Run: lstm_base_tafeng_v2_seed42_sample
Device: cuda
Loading dataset: tafeng ...
[pipeline] freq_cap=4 (auto q=0.99) → freq_bins=[0, 1, 2, 3]... (n_classes=5)
  Train customers: 25029, Val: 2780, Inference: 27809
[tafeng] Customers with 0 calibration transactions: 0 / 27809
  top-bin decode: class_values[-1] = 4.473 (max_trans = 4)
Model: lstm — 89,780 parameters

Training for up to 300 epochs ...
/kaggle/working/thesis-code/src/training/trainer.py:97: FutureWarning: `torch.cuda.amp.GradScaler(args...)` is deprecated. Please use `torch.amp.GradScaler('cuda', args...)` instead.
  self.scaler = torch.cuda.amp.GradScaler(enabled=self.amp_enabled)
Epoch   1/300 — train_loss: 1.5656  val_loss: 1.4869
Epoch   2/300 — train_loss: 1.0641  val_loss: 0.7126
Epoch   3/300 — train_loss: 0.6466  val_loss: 0.6129
Epoch   4/300 — train_loss: 0.5890  val_loss: 0.5744
Epoch   5/300 — train_loss: 0.5669  val_loss: 0.5607
Epoch   6/300 — train_loss: 0.5587  val_loss: 0.5567
Epoch   7/300 — train_loss: 0.5531  val_loss: 0.5498
Epoch   8/300 — train_loss: 0.5500  val_loss: 0.5484
Epoch   9/300 — train_loss: 0.5495  val_loss: 0.5485
Epoch  10/300 — train_loss: 0.5472  val_loss: 0.5473
Epoch  11/300 — train_loss: 0.5464  val_loss: 0.5464
Epoch  12/300 — train_loss: 0.5454  val_loss: 0.5466
Epoch  13/300 — train_loss: 0.5451  val_loss: 0.5454
Epoch  14/300 — train_loss: 0.5449  val_loss: 0.5456
Epoch  15/300 — train_loss: 0.5443  val_loss: 0.5452
Epoch  16/300 — train_loss: 0.5441  val_loss: 0.5451
Epoch  17/300 — train_loss: 0.5444  val_loss: 0.5450
Epoch  18/300 — train_loss: 0.5436  val_loss: 0.5448
Epoch  19/300 — train_loss: 0.5445  val_loss: 0.5455
Epoch  20/300 — train_loss: 0.5433  val_loss: 0.5452
Epoch  21/300 — train_loss: 0.5438  val_loss: 0.5445
Epoch  22/300 — train_loss: 0.5431  val_loss: 0.5456
Epoch  23/300 — train_loss: 0.5429  val_loss: 0.5457
Epoch  24/300 — train_loss: 0.5427  val_loss: 0.5440
Epoch  25/300 — train_loss: 0.5426  val_loss: 0.5453
Epoch  26/300 — train_loss: 0.5424  val_loss: 0.5444
Epoch  27/300 — train_loss: 0.5425  val_loss: 0.5449
Epoch  28/300 — train_loss: 0.5428  val_loss: 0.5444
Epoch  29/300 — train_loss: 0.5421  val_loss: 0.5443
Epoch  30/300 — train_loss: 0.5432  val_loss: 0.5451
Epoch  31/300 — train_loss: 0.5427  val_loss: 0.5438
Epoch  32/300 — train_loss: 0.5420  val_loss: 0.5453
Epoch  33/300 — train_loss: 0.5421  val_loss: 0.5443
Epoch  34/300 — train_loss: 0.5418  val_loss: 0.5440
Epoch  35/300 — train_loss: 0.5425  val_loss: 0.5446
Epoch  36/300 — train_loss: 0.5420  val_loss: 0.5439
Epoch  37/300 — train_loss: 0.5416  val_loss: 0.5443
Epoch  38/300 — train_loss: 0.5422  val_loss: 0.5440
Epoch  39/300 — train_loss: 0.5413  val_loss: 0.5437
Epoch  40/300 — train_loss: 0.5412  val_loss: 0.5437
Epoch  41/300 — train_loss: 0.5420  val_loss: 0.5445
Epoch  42/300 — train_loss: 0.5414  val_loss: 0.5436
Epoch  43/300 — train_loss: 0.5412  val_loss: 0.5444
Epoch  44/300 — train_loss: 0.5411  val_loss: 0.5438
Epoch  45/300 — train_loss: 0.5415  val_loss: 0.5453
Epoch  46/300 — train_loss: 0.5410  val_loss: 0.5449
Epoch  47/300 — train_loss: 0.5412  val_loss: 0.5442
Epoch  48/300 — train_loss: 0.5412  val_loss: 0.5446
Epoch  49/300 — train_loss: 0.5412  val_loss: 0.5438
Epoch  50/300 — train_loss: 0.5413  val_loss: 0.5443
Epoch  51/300 — train_loss: 0.5413  val_loss: 0.5458
Epoch  52/300 — train_loss: 0.5409  val_loss: 0.5442
Epoch  53/300 — train_loss: 0.5404  val_loss: 0.5441
Epoch  54/300 — train_loss: 0.5407  val_loss: 0.5437
Epoch  55/300 — train_loss: 0.5401  val_loss: 0.5443
Epoch  56/300 — train_loss: 0.5404  val_loss: 0.5443
Epoch  57/300 — train_loss: 0.5402  val_loss: 0.5439
Epoch  58/300 — train_loss: 0.5404  val_loss: 0.5452
Epoch  59/300 — train_loss: 0.5400  val_loss: 0.5455
Epoch  60/300 — train_loss: 0.5403  val_loss: 0.5442
Epoch  61/300 — train_loss: 0.5402  val_loss: 0.5444
Epoch  62/300 — train_loss: 0.5401  val_loss: 0.5454
Early stopping triggered at epoch 62.

Checkpoint saved: /kaggle/working/results/checkpoints/lstm_base_tafeng_v2_seed42_sample.pt
Validation-fitted softmax temperature: 0.9948
Validation aggregate calibration: freq_factor=0.9933, spend_factor=1.0000

Running autoregressive inference on holdout period ...
  inference mode: sample  n_scenarios: 200  temperature: 0.9948

=== Prediction Diagnostics ===
  Mean predicted freq/week:    0.2303
  Mean actual freq/week:       0.2167
  Over-prediction ratio:       1.063x
  Customers predicted as zero total:  0.439
  Customers actually zero total:      0.504
  Non-zero rate (pred, avg > 0.05):  0.866
  Non-zero rate (true):               0.175

Metrics saved: /kaggle/working/results/tables/lstm_base_tafeng_v2_seed42_sample_metrics.json
Array artifacts saved: /kaggle/working/results/tables/lstm_base_tafeng_v2_seed42_sample_arrays.npz

=== Holdout Evaluation ===
  freq_rmse: 1.2552
  freq_mae: 0.8651
  freq_normalized_gini: 0.6537
  freq_calibration_factor: 0.9933
  freq_mape: 5.5756
  bias_pct: 5.5756
  freq_weekly_mae: 1527.7815
  freq_weekly_total_true: 30127.0000
  freq_weekly_total_pred: 31806.7683
  freq_weekly_mape: 32.0183
  freq_weekly_bias_pct: 13.0341
  freq_mase: 0.8307
  freq_mase_scale: 0.3519
  calibration_temperature_source: validation_only
  validation_temperature: 0.9948
  calibration_source: validation_only
  validation_freq_true_total: 5130.0000
  validation_freq_pred_total: 5199.9761
  validation_spend_true_total: 0.0000
  validation_spend_pred_total: 0.0000
  validation_freq_calibration_factor: 0.9933
  validation_spend_calibration_factor: 1.0000
  final_manifest_version: 2026-05-20-results-recovery-protocol
  final_manifest_run_name: lstm_base_tafeng_v2_seed42_sample
  final_manifest_config: experiments/configs/lstm_base_tafeng_v2.yaml
  final_manifest_config_hash: 4c68c45a1318
  final_manifest_actual_config_hash: 4aa2bf157a2b
  final_manifest_seed: 42
  final_manifest_epochs: 300
  final_manifest_inference_mode: sample
  final_manifest_n_scenarios: 200
  run_valid: True
  run_invalid_reason: 
  run_warning: 
History saved: /kaggle/working/results/tables/lstm_base_tafeng_v2_seed42_sample_history.json
