[Kaggle] raw_dir  → /kaggle/working/input/cdnow-dataset
[Kaggle] results  → /kaggle/working/results
Config: experiments/configs/lstm_base_cdnow_v2.yaml
Run: lstm_base_cdnow_v2_seed7_sample
Device: cuda
Loading dataset: cdnow ...
[pipeline] freq_bins from config: [0, 1, 2, 3]
  Train customers: 2115, Val: 234, Inference: 2349
[cdnow] Customers with 0 calibration transactions: 0 / 2349
  top-bin decode: class_values[-1] = 4.071 (max_trans = 3)
Model: lstm — 89,132 parameters

Training for up to 300 epochs ...
/kaggle/working/thesis-code/src/training/trainer.py:96: FutureWarning: `torch.cuda.amp.GradScaler(args...)` is deprecated. Please use `torch.amp.GradScaler('cuda', args...)` instead.
  self.scaler = torch.cuda.amp.GradScaler(enabled=self.amp_enabled)
Epoch   1/300 — train_loss: 1.3313  val_loss: 1.3222
Epoch   2/300 — train_loss: 1.3082  val_loss: 1.2857
Epoch   3/300 — train_loss: 1.2586  val_loss: 1.2161
Epoch   4/300 — train_loss: 1.1613  val_loss: 1.0691
Epoch   5/300 — train_loss: 0.9166  val_loss: 0.6053
Epoch   6/300 — train_loss: 0.3089  val_loss: 0.1637
Epoch   7/300 — train_loss: 0.1742  val_loss: 0.1743
Epoch   8/300 — train_loss: 0.1652  val_loss: 0.1435
Epoch   9/300 — train_loss: 0.1418  val_loss: 0.1422
Epoch  10/300 — train_loss: 0.1433  val_loss: 0.1371
Epoch  11/300 — train_loss: 0.1408  val_loss: 0.1370
Epoch  12/300 — train_loss: 0.1409  val_loss: 0.1357
Epoch  13/300 — train_loss: 0.1424  val_loss: 0.1350
Epoch  14/300 — train_loss: 0.1390  val_loss: 0.1346
Epoch  15/300 — train_loss: 0.1433  val_loss: 0.1342
Epoch  16/300 — train_loss: 0.1375  val_loss: 0.1339
Epoch  17/300 — train_loss: 0.1388  val_loss: 0.1336
Epoch  18/300 — train_loss: 0.1378  val_loss: 0.1331
Epoch  19/300 — train_loss: 0.1378  val_loss: 0.1328
Epoch  20/300 — train_loss: 0.1346  val_loss: 0.1324
Epoch  21/300 — train_loss: 0.1349  val_loss: 0.1322
Epoch  22/300 — train_loss: 0.1344  val_loss: 0.1318
Epoch  23/300 — train_loss: 0.1344  val_loss: 0.1316
Epoch  24/300 — train_loss: 0.1329  val_loss: 0.1313
Epoch  25/300 — train_loss: 0.1340  val_loss: 0.1310
Epoch  26/300 — train_loss: 0.1363  val_loss: 0.1308
Epoch  27/300 — train_loss: 0.1401  val_loss: 0.1304
Epoch  28/300 — train_loss: 0.1308  val_loss: 0.1303
Epoch  29/300 — train_loss: 0.1335  val_loss: 0.1304
Epoch  30/300 — train_loss: 0.1378  val_loss: 0.1294
Epoch  31/300 — train_loss: 0.1315  val_loss: 0.1289
Epoch  32/300 — train_loss: 0.1312  val_loss: 0.1277
Epoch  33/300 — train_loss: 0.1337  val_loss: 0.1308
Epoch  34/300 — train_loss: 0.1333  val_loss: 0.1288
Epoch  35/300 — train_loss: 0.1336  val_loss: 0.1276
Epoch  36/300 — train_loss: 0.1293  val_loss: 0.1264
Epoch  37/300 — train_loss: 0.1307  val_loss: 0.1230
Epoch  38/300 — train_loss: 0.1260  val_loss: 0.1215
Epoch  39/300 — train_loss: 0.1270  val_loss: 0.1406
Epoch  40/300 — train_loss: 0.1347  val_loss: 0.1277
Epoch  41/300 — train_loss: 0.1326  val_loss: 0.1258
Epoch  42/300 — train_loss: 0.1308  val_loss: 0.1240
Epoch  43/300 — train_loss: 0.1296  val_loss: 0.1217
Epoch  44/300 — train_loss: 0.1292  val_loss: 0.1239
Epoch  45/300 — train_loss: 0.1232  val_loss: 0.1182
Epoch  46/300 — train_loss: 0.1223  val_loss: 0.1173
Epoch  47/300 — train_loss: 0.1239  val_loss: 0.1241
Epoch  48/300 — train_loss: 0.1245  val_loss: 0.1168
Epoch  49/300 — train_loss: 0.1231  val_loss: 0.1163
Epoch  50/300 — train_loss: 0.1211  val_loss: 0.1160
Epoch  51/300 — train_loss: 0.1181  val_loss: 0.1156
Epoch  52/300 — train_loss: 0.1179  val_loss: 0.1172
Epoch  53/300 — train_loss: 0.1193  val_loss: 0.1154
Epoch  54/300 — train_loss: 0.1183  val_loss: 0.1156
Epoch  55/300 — train_loss: 0.1222  val_loss: 0.1154
Epoch  56/300 — train_loss: 0.1213  val_loss: 0.1163
Epoch  57/300 — train_loss: 0.1178  val_loss: 0.1154
Epoch  58/300 — train_loss: 0.1228  val_loss: 0.1159
Epoch  59/300 — train_loss: 0.1192  val_loss: 0.1154
Epoch  60/300 — train_loss: 0.1172  val_loss: 0.1152
Epoch  61/300 — train_loss: 0.1168  val_loss: 0.1152
Epoch  62/300 — train_loss: 0.1163  val_loss: 0.1158
Epoch  63/300 — train_loss: 0.1183  val_loss: 0.1154
Epoch  64/300 — train_loss: 0.1202  val_loss: 0.1158
Epoch  65/300 — train_loss: 0.1171  val_loss: 0.1152
Epoch  66/300 — train_loss: 0.1195  val_loss: 0.1151
Epoch  67/300 — train_loss: 0.1210  val_loss: 0.1154
Epoch  68/300 — train_loss: 0.1182  val_loss: 0.1153
Epoch  69/300 — train_loss: 0.1169  val_loss: 0.1149
Epoch  70/300 — train_loss: 0.1197  val_loss: 0.1152
Epoch  71/300 — train_loss: 0.1193  val_loss: 0.1149
Epoch  72/300 — train_loss: 0.1166  val_loss: 0.1153
Epoch  73/300 — train_loss: 0.1171  val_loss: 0.1149
Epoch  74/300 — train_loss: 0.1177  val_loss: 0.1149
Epoch  75/300 — train_loss: 0.1172  val_loss: 0.1151
Epoch  76/300 — train_loss: 0.1203  val_loss: 0.1148
Epoch  77/300 — train_loss: 0.1197  val_loss: 0.1148
Epoch  78/300 — train_loss: 0.1180  val_loss: 0.1150
Epoch  79/300 — train_loss: 0.1225  val_loss: 0.1161
Epoch  80/300 — train_loss: 0.1160  val_loss: 0.1151
Epoch  81/300 — train_loss: 0.1177  val_loss: 0.1146
Epoch  82/300 — train_loss: 0.1228  val_loss: 0.1194
Epoch  83/300 — train_loss: 0.1204  val_loss: 0.1147
Epoch  84/300 — train_loss: 0.1182  val_loss: 0.1148
Epoch  85/300 — train_loss: 0.1162  val_loss: 0.1148
Epoch  86/300 — train_loss: 0.1184  val_loss: 0.1148
Epoch  87/300 — train_loss: 0.1162  val_loss: 0.1149
Epoch  88/300 — train_loss: 0.1184  val_loss: 0.1154
Epoch  89/300 — train_loss: 0.1186  val_loss: 0.1148
Epoch  90/300 — train_loss: 0.1166  val_loss: 0.1151
Epoch  91/300 — train_loss: 0.1177  val_loss: 0.1153
Epoch  92/300 — train_loss: 0.1152  val_loss: 0.1145
Epoch  93/300 — train_loss: 0.1158  val_loss: 0.1147
Epoch  94/300 — train_loss: 0.1164  val_loss: 0.1148
Epoch  95/300 — train_loss: 0.1166  val_loss: 0.1147
Epoch  96/300 — train_loss: 0.1203  val_loss: 0.1146
Epoch  97/300 — train_loss: 0.1191  val_loss: 0.1156
Epoch  98/300 — train_loss: 0.1149  val_loss: 0.1149
Epoch  99/300 — train_loss: 0.1159  val_loss: 0.1148
Epoch 100/300 — train_loss: 0.1164  val_loss: 0.1147
Epoch 101/300 — train_loss: 0.1180  val_loss: 0.1151
Epoch 102/300 — train_loss: 0.1191  val_loss: 0.1147
Epoch 103/300 — train_loss: 0.1180  val_loss: 0.1147
Epoch 104/300 — train_loss: 0.1175  val_loss: 0.1147
Epoch 105/300 — train_loss: 0.1176  val_loss: 0.1149
Epoch 106/300 — train_loss: 0.1168  val_loss: 0.1149
Epoch 107/300 — train_loss: 0.1160  val_loss: 0.1147
Epoch 108/300 — train_loss: 0.1186  val_loss: 0.1148
Epoch 109/300 — train_loss: 0.1182  val_loss: 0.1152
Epoch 110/300 — train_loss: 0.1172  val_loss: 0.1147
Epoch 111/300 — train_loss: 0.1145  val_loss: 0.1146
Epoch 112/300 — train_loss: 0.1172  val_loss: 0.1147
Early stopping triggered at epoch 112.

Checkpoint saved: /kaggle/working/results/checkpoints/lstm_base_cdnow_v2_seed7_sample.pt
Validation-fitted softmax temperature: 0.9832
Validation aggregate calibration: freq_factor=0.9900, spend_factor=1.0000

Running autoregressive inference on holdout period ...
  inference mode: sample  n_scenarios: 200  temperature: 0.9832

=== Prediction Diagnostics ===
  Mean predicted freq/week:    0.0126
  Mean actual freq/week:       0.0196
  Over-prediction ratio:       0.646x
  Customers predicted as zero total:  0.909
  Customers actually zero total:      0.781
  Non-zero rate (pred, avg > 0.05):  0.030
  Non-zero rate (true):               0.018

Metrics saved: /kaggle/working/results/tables/lstm_base_cdnow_v2_seed7_sample_metrics.json
Array artifacts saved: /kaggle/working/results/tables/lstm_base_cdnow_v2_seed7_sample_arrays.npz

=== Holdout Evaluation ===
  freq_rmse: 1.2566
  freq_mae: 0.5782
  freq_normalized_gini: 0.5996
  freq_calibration_factor: 0.9900
  freq_mape: 36.0667
  bias_pct: -36.0667
  freq_weekly_mae: 17.4292
  freq_weekly_total_true: 1196.0000
  freq_weekly_total_pred: 764.6421
  freq_weekly_mape: 34.8437
  freq_weekly_bias_pct: -32.1067
  freq_mase: 0.3677
  freq_mase_scale: 0.0834
  calibration_temperature_source: validation_only
  validation_temperature: 0.9832
  calibration_source: validation_only
  validation_freq_true_total: 308.0000
  validation_freq_pred_total: 314.2968
  validation_spend_true_total: 0.0000
  validation_spend_pred_total: 0.0000
  validation_freq_calibration_factor: 0.9900
  validation_spend_calibration_factor: 1.0000
  final_manifest_version: 2026-05-20-results-recovery-protocol
  final_manifest_run_name: lstm_base_cdnow_v2_seed7_sample
  final_manifest_config: experiments/configs/lstm_base_cdnow_v2.yaml
  final_manifest_config_hash: e39f2f5aa69c
  final_manifest_actual_config_hash: 2d52020639d2
  final_manifest_seed: 7
  final_manifest_epochs: 300
  final_manifest_inference_mode: sample
  final_manifest_n_scenarios: 200
  run_valid: True
  run_invalid_reason: 
  run_warning: 
History saved: /kaggle/working/results/tables/lstm_base_cdnow_v2_seed7_sample_history.json
