[Kaggle] raw_dir  → /kaggle/working/input/dunnhumby
[Kaggle] results  → /kaggle/working/results
Config: experiments/configs/lstm_joint_dunnhumby_v2.yaml
Run: lstm_joint_dunnhumby_v2_seed123_sample
Device: cuda
Loading dataset: dunnhumby ...
[pipeline] freq_cap=10 (auto q=0.99) → freq_bins=[0, 1, 2, 3]... (n_classes=11)
  Train customers: 2249, Val: 249, Inference: 2498
[dunnhumby] Customers with 0 calibration transactions: 0 / 2498
  top-bin decode: class_values[-1] = 13.099 (max_trans = 10)
Model: lstm — 99,577 parameters

Training for up to 300 epochs ...
/kaggle/working/thesis-code/src/training/trainer.py:96: FutureWarning: `torch.cuda.amp.GradScaler(args...)` is deprecated. Please use `torch.amp.GradScaler('cuda', args...)` instead.
  self.scaler = torch.cuda.amp.GradScaler(enabled=self.amp_enabled)
[Kendall] log_vars frozen for 5 warm-up epochs.
Epoch   1/300 — train_loss: 1.3201  val_loss: 1.3110  freq: 2.3796  spend: 0.2425  w_freq: 0.500  w_spend: 0.500
Epoch   2/300 — train_loss: 1.3093  val_loss: 1.2928  freq: 2.3451  spend: 0.2406  w_freq: 0.500  w_spend: 0.500
Epoch   3/300 — train_loss: 1.2864  val_loss: 1.2598  freq: 2.2825  spend: 0.2371  w_freq: 0.500  w_spend: 0.500
Epoch   4/300 — train_loss: 1.2435  val_loss: 1.1917  freq: 2.1552  spend: 0.2281  w_freq: 0.500  w_spend: 0.500
Epoch   5/300 — train_loss: 1.1415  val_loss: 1.0041  freq: 1.8152  spend: 0.1930  w_freq: 0.500  w_spend: 0.500
[Kendall] log_vars unfrozen at epoch 6.
Epoch   6/300 — train_loss: 0.9396  val_loss: 0.7959  freq: 1.4740  spend: 0.1222  w_freq: 0.499  w_spend: 0.501
Epoch   7/300 — train_loss: 0.8164  val_loss: 0.7379  freq: 1.3517  spend: 0.1329  w_freq: 0.498  w_spend: 0.503
Epoch   8/300 — train_loss: 0.7618  val_loss: 0.6736  freq: 1.2578  spend: 0.1026  w_freq: 0.496  w_spend: 0.505
Epoch   9/300 — train_loss: 0.7125  val_loss: 0.6461  freq: 1.2242  spend: 0.0867  w_freq: 0.494  w_spend: 0.507
Epoch  10/300 — train_loss: 0.6820  val_loss: 0.6206  freq: 1.2159  spend: 0.0510  w_freq: 0.492  w_spend: 0.510
Epoch  11/300 — train_loss: 0.6550  val_loss: 0.6047  freq: 1.2163  spend: 0.0267  w_freq: 0.490  w_spend: 0.513
Epoch  12/300 — train_loss: 0.6368  val_loss: 0.5900  freq: 1.2149  spend: 0.0076  w_freq: 0.488  w_spend: 0.517
Epoch  13/300 — train_loss: 0.6223  val_loss: 0.5803  freq: 1.2113  spend: 0.0010  w_freq: 0.485  w_spend: 0.521
Epoch  14/300 — train_loss: 0.6066  val_loss: 0.5677  freq: 1.2028  spend: -0.0060  w_freq: 0.483  w_spend: 0.525
Epoch  15/300 — train_loss: 0.5912  val_loss: 0.5486  freq: 1.1953  spend: -0.0252  w_freq: 0.480  w_spend: 0.530
Epoch  16/300 — train_loss: 0.5748  val_loss: 0.5341  freq: 1.1846  spend: -0.0327  w_freq: 0.477  w_spend: 0.535
Epoch  17/300 — train_loss: 0.5586  val_loss: 0.5207  freq: 1.1761  spend: -0.0399  w_freq: 0.475  w_spend: 0.541
Epoch  18/300 — train_loss: 0.5494  val_loss: 0.5103  freq: 1.1684  spend: -0.0426  w_freq: 0.472  w_spend: 0.546
Epoch  19/300 — train_loss: 0.5382  val_loss: 0.5146  freq: 1.1666  spend: -0.0241  w_freq: 0.470  w_spend: 0.551
Epoch  20/300 — train_loss: 0.5327  val_loss: 0.4976  freq: 1.1620  spend: -0.0423  w_freq: 0.468  w_spend: 0.556
Epoch  21/300 — train_loss: 0.5200  val_loss: 0.4893  freq: 1.1592  spend: -0.0458  w_freq: 0.466  w_spend: 0.561
Epoch  22/300 — train_loss: 0.5123  val_loss: 0.4827  freq: 1.1565  spend: -0.0463  w_freq: 0.464  w_spend: 0.566
Epoch  23/300 — train_loss: 0.5043  val_loss: 0.4761  freq: 1.1532  spend: -0.0462  w_freq: 0.462  w_spend: 0.572
Epoch  24/300 — train_loss: 0.4979  val_loss: 0.4693  freq: 1.1506  spend: -0.0474  w_freq: 0.460  w_spend: 0.577
Epoch  25/300 — train_loss: 0.4902  val_loss: 0.4623  freq: 1.1493  spend: -0.0496  w_freq: 0.459  w_spend: 0.582
Epoch  26/300 — train_loss: 0.4814  val_loss: 0.4596  freq: 1.1471  spend: -0.0437  w_freq: 0.457  w_spend: 0.588
Epoch  27/300 — train_loss: 0.4760  val_loss: 0.4479  freq: 1.1450  spend: -0.0532  w_freq: 0.455  w_spend: 0.594
Epoch  28/300 — train_loss: 0.4683  val_loss: 0.4435  freq: 1.1442  spend: -0.0516  w_freq: 0.454  w_spend: 0.599
Epoch  29/300 — train_loss: 0.4611  val_loss: 0.4374  freq: 1.1428  spend: -0.0521  w_freq: 0.452  w_spend: 0.605
Epoch  30/300 — train_loss: 0.4545  val_loss: 0.4324  freq: 1.1422  spend: -0.0514  w_freq: 0.451  w_spend: 0.611
Epoch  31/300 — train_loss: 0.4479  val_loss: 0.4281  freq: 1.1442  spend: -0.0517  w_freq: 0.450  w_spend: 0.617
Epoch  32/300 — train_loss: 0.4408  val_loss: 0.4181  freq: 1.1391  spend: -0.0557  w_freq: 0.448  w_spend: 0.623
Epoch  33/300 — train_loss: 0.4347  val_loss: 0.4116  freq: 1.1370  spend: -0.0562  w_freq: 0.447  w_spend: 0.629
Epoch  34/300 — train_loss: 0.4276  val_loss: 0.4069  freq: 1.1369  spend: -0.0554  w_freq: 0.446  w_spend: 0.635
Epoch  35/300 — train_loss: 0.4249  val_loss: 0.4011  freq: 1.1354  spend: -0.0558  w_freq: 0.445  w_spend: 0.641
Epoch  36/300 — train_loss: 0.4194  val_loss: 0.3994  freq: 1.1384  spend: -0.0530  w_freq: 0.444  w_spend: 0.646
Epoch  37/300 — train_loss: 0.4116  val_loss: 0.3889  freq: 1.1343  spend: -0.0588  w_freq: 0.443  w_spend: 0.652
Epoch  38/300 — train_loss: 0.4050  val_loss: 0.3835  freq: 1.1328  spend: -0.0582  w_freq: 0.442  w_spend: 0.659
Epoch  39/300 — train_loss: 0.3983  val_loss: 0.3780  freq: 1.1319  spend: -0.0581  w_freq: 0.441  w_spend: 0.665
Epoch  40/300 — train_loss: 0.3939  val_loss: 0.3766  freq: 1.1365  spend: -0.0559  w_freq: 0.440  w_spend: 0.671
Epoch  41/300 — train_loss: 0.3872  val_loss: 0.3679  freq: 1.1314  spend: -0.0583  w_freq: 0.439  w_spend: 0.677
Epoch  42/300 — train_loss: 0.3819  val_loss: 0.3626  freq: 1.1321  spend: -0.0593  w_freq: 0.438  w_spend: 0.683
Epoch  43/300 — train_loss: 0.3756  val_loss: 0.3566  freq: 1.1304  spend: -0.0597  w_freq: 0.437  w_spend: 0.690
Epoch  44/300 — train_loss: 0.3699  val_loss: 0.3512  freq: 1.1324  spend: -0.0614  w_freq: 0.437  w_spend: 0.696
Epoch  45/300 — train_loss: 0.3627  val_loss: 0.3440  freq: 1.1293  spend: -0.0624  w_freq: 0.436  w_spend: 0.703
Epoch  46/300 — train_loss: 0.3570  val_loss: 0.3381  freq: 1.1301  spend: -0.0641  w_freq: 0.435  w_spend: 0.709
Epoch  47/300 — train_loss: 0.3508  val_loss: 0.3312  freq: 1.1291  spend: -0.0660  w_freq: 0.434  w_spend: 0.716
Epoch  48/300 — train_loss: 0.3447  val_loss: 0.3283  freq: 1.1311  spend: -0.0642  w_freq: 0.434  w_spend: 0.723
Epoch  49/300 — train_loss: 0.3393  val_loss: 0.3218  freq: 1.1288  spend: -0.0648  w_freq: 0.433  w_spend: 0.729
Epoch  50/300 — train_loss: 0.3343  val_loss: 0.3160  freq: 1.1284  spend: -0.0655  w_freq: 0.433  w_spend: 0.736
Epoch  51/300 — train_loss: 0.3284  val_loss: 0.3109  freq: 1.1274  spend: -0.0651  w_freq: 0.432  w_spend: 0.743
Epoch  52/300 — train_loss: 0.3233  val_loss: 0.3062  freq: 1.1277  spend: -0.0648  w_freq: 0.432  w_spend: 0.750
Epoch  53/300 — train_loss: 0.3188  val_loss: 0.3017  freq: 1.1276  spend: -0.0644  w_freq: 0.431  w_spend: 0.757
Epoch  54/300 — train_loss: 0.3127  val_loss: 0.2963  freq: 1.1275  spend: -0.0651  w_freq: 0.431  w_spend: 0.763
Epoch  55/300 — train_loss: 0.3066  val_loss: 0.2895  freq: 1.1276  spend: -0.0675  w_freq: 0.430  w_spend: 0.770
Epoch  56/300 — train_loss: 0.2997  val_loss: 0.2841  freq: 1.1282  spend: -0.0684  w_freq: 0.430  w_spend: 0.777
Epoch  57/300 — train_loss: 0.2929  val_loss: 0.2783  freq: 1.1265  spend: -0.0684  w_freq: 0.430  w_spend: 0.784
Epoch  58/300 — train_loss: 0.2889  val_loss: 0.2766  freq: 1.1263  spend: -0.0640  w_freq: 0.429  w_spend: 0.791
Epoch  59/300 — train_loss: 0.2835  val_loss: 0.2679  freq: 1.1261  spend: -0.0686  w_freq: 0.429  w_spend: 0.799
Epoch  60/300 — train_loss: 0.2762  val_loss: 0.2653  freq: 1.1277  spend: -0.0664  w_freq: 0.429  w_spend: 0.806
Epoch  61/300 — train_loss: 0.2718  val_loss: 0.2578  freq: 1.1271  spend: -0.0691  w_freq: 0.428  w_spend: 0.813
Epoch  62/300 — train_loss: 0.2673  val_loss: 0.2535  freq: 1.1257  spend: -0.0676  w_freq: 0.428  w_spend: 0.821
Epoch  63/300 — train_loss: 0.2618  val_loss: 0.2526  freq: 1.1265  spend: -0.0632  w_freq: 0.428  w_spend: 0.828
Epoch  64/300 — train_loss: 0.2558  val_loss: 0.2436  freq: 1.1263  spend: -0.0683  w_freq: 0.427  w_spend: 0.835
Epoch  65/300 — train_loss: 0.2485  val_loss: 0.2398  freq: 1.1257  spend: -0.0667  w_freq: 0.427  w_spend: 0.842
Epoch  66/300 — train_loss: 0.2431  val_loss: 0.2326  freq: 1.1257  spend: -0.0695  w_freq: 0.427  w_spend: 0.850
Epoch  67/300 — train_loss: 0.2395  val_loss: 0.2309  freq: 1.1263  spend: -0.0659  w_freq: 0.427  w_spend: 0.857
Epoch  68/300 — train_loss: 0.2341  val_loss: 0.2249  freq: 1.1258  spend: -0.0672  w_freq: 0.427  w_spend: 0.865
Epoch  69/300 — train_loss: 0.2274  val_loss: 0.2184  freq: 1.1253  spend: -0.0690  w_freq: 0.427  w_spend: 0.872
Epoch  70/300 — train_loss: 0.2233  val_loss: 0.2160  freq: 1.1255  spend: -0.0664  w_freq: 0.427  w_spend: 0.880
Epoch  71/300 — train_loss: 0.2174  val_loss: 0.2114  freq: 1.1252  spend: -0.0663  w_freq: 0.426  w_spend: 0.887
Epoch  72/300 — train_loss: 0.2131  val_loss: 0.2050  freq: 1.1247  spend: -0.0679  w_freq: 0.426  w_spend: 0.895
Epoch  73/300 — train_loss: 0.2069  val_loss: 0.2034  freq: 1.1252  spend: -0.0647  w_freq: 0.426  w_spend: 0.902
Epoch  74/300 — train_loss: 0.2023  val_loss: 0.1978  freq: 1.1256  spend: -0.0660  w_freq: 0.426  w_spend: 0.910
Epoch  75/300 — train_loss: 0.1975  val_loss: 0.1974  freq: 1.1283  spend: -0.0626  w_freq: 0.426  w_spend: 0.917
Epoch  76/300 — train_loss: 0.1954  val_loss: 0.1880  freq: 1.1248  spend: -0.0665  w_freq: 0.426  w_spend: 0.925
Epoch  77/300 — train_loss: 0.1901  val_loss: 0.1828  freq: 1.1253  spend: -0.0677  w_freq: 0.426  w_spend: 0.932
Epoch  78/300 — train_loss: 0.1818  val_loss: 0.1812  freq: 1.1295  spend: -0.0664  w_freq: 0.426  w_spend: 0.939
Epoch  79/300 — train_loss: 0.1770  val_loss: 0.1727  freq: 1.1247  spend: -0.0682  w_freq: 0.426  w_spend: 0.947
Epoch  80/300 — train_loss: 0.1726  val_loss: 0.1673  freq: 1.1248  spend: -0.0690  w_freq: 0.426  w_spend: 0.955
Epoch  81/300 — train_loss: 0.1670  val_loss: 0.1651  freq: 1.1261  spend: -0.0670  w_freq: 0.426  w_spend: 0.963
Epoch  82/300 — train_loss: 0.1608  val_loss: 0.1595  freq: 1.1249  spend: -0.0675  w_freq: 0.425  w_spend: 0.971
Epoch  83/300 — train_loss: 0.1562  val_loss: 0.1561  freq: 1.1243  spend: -0.0660  w_freq: 0.425  w_spend: 0.979
Epoch  84/300 — train_loss: 0.1512  val_loss: 0.1494  freq: 1.1246  spend: -0.0682  w_freq: 0.425  w_spend: 0.987
Epoch  85/300 — train_loss: 0.1446  val_loss: 0.1458  freq: 1.1265  spend: -0.0679  w_freq: 0.425  w_spend: 0.995
Epoch  86/300 — train_loss: 0.1398  val_loss: 0.1413  freq: 1.1267  spend: -0.0678  w_freq: 0.425  w_spend: 1.003
Epoch  87/300 — train_loss: 0.1357  val_loss: 0.1371  freq: 1.1249  spend: -0.0667  w_freq: 0.425  w_spend: 1.011
Epoch  88/300 — train_loss: 0.1306  val_loss: 0.1327  freq: 1.1260  spend: -0.0670  w_freq: 0.425  w_spend: 1.020
Epoch  89/300 — train_loss: 0.1235  val_loss: 0.1270  freq: 1.1247  spend: -0.0675  w_freq: 0.425  w_spend: 1.028
Epoch  90/300 — train_loss: 0.1188  val_loss: 0.1212  freq: 1.1237  spend: -0.0682  w_freq: 0.425  w_spend: 1.036
Epoch  91/300 — train_loss: 0.1121  val_loss: 0.1176  freq: 1.1251  spend: -0.0678  w_freq: 0.425  w_spend: 1.045
Epoch  92/300 — train_loss: 0.1067  val_loss: 0.1112  freq: 1.1240  spend: -0.0689  w_freq: 0.425  w_spend: 1.053
Epoch  93/300 — train_loss: 0.1031  val_loss: 0.1060  freq: 1.1234  spend: -0.0691  w_freq: 0.425  w_spend: 1.062
Epoch  94/300 — train_loss: 0.0962  val_loss: 0.1034  freq: 1.1240  spend: -0.0675  w_freq: 0.425  w_spend: 1.071
Epoch  95/300 — train_loss: 0.0921  val_loss: 0.0979  freq: 1.1243  spend: -0.0684  w_freq: 0.425  w_spend: 1.079
Epoch  96/300 — train_loss: 0.0864  val_loss: 0.0930  freq: 1.1235  spend: -0.0685  w_freq: 0.426  w_spend: 1.088
Epoch  97/300 — train_loss: 0.0796  val_loss: 0.0906  freq: 1.1241  spend: -0.0668  w_freq: 0.426  w_spend: 1.096
Epoch  98/300 — train_loss: 0.0751  val_loss: 0.0916  freq: 1.1240  spend: -0.0618  w_freq: 0.426  w_spend: 1.105
Epoch  99/300 — train_loss: 0.0724  val_loss: 0.0844  freq: 1.1239  spend: -0.0644  w_freq: 0.426  w_spend: 1.114
Epoch 100/300 — train_loss: 0.0670  val_loss: 0.0769  freq: 1.1235  spend: -0.0675  w_freq: 0.426  w_spend: 1.122
Epoch 101/300 — train_loss: 0.0607  val_loss: 0.0724  freq: 1.1235  spend: -0.0677  w_freq: 0.426  w_spend: 1.130
Epoch 102/300 — train_loss: 0.0575  val_loss: 0.0729  freq: 1.1242  spend: -0.0641  w_freq: 0.426  w_spend: 1.138
Epoch 103/300 — train_loss: 0.0516  val_loss: 0.0679  freq: 1.1256  spend: -0.0656  w_freq: 0.426  w_spend: 1.145
Epoch 104/300 — train_loss: 0.0447  val_loss: 0.0658  freq: 1.1237  spend: -0.0631  w_freq: 0.426  w_spend: 1.153
Epoch 105/300 — train_loss: 0.0407  val_loss: 0.0566  freq: 1.1238  spend: -0.0673  w_freq: 0.426  w_spend: 1.162
Epoch 106/300 — train_loss: 0.0349  val_loss: 0.0527  freq: 1.1238  spend: -0.0670  w_freq: 0.426  w_spend: 1.171
Epoch 107/300 — train_loss: 0.0295  val_loss: 0.0510  freq: 1.1244  spend: -0.0650  w_freq: 0.426  w_spend: 1.179
Epoch 108/300 — train_loss: 0.0235  val_loss: 0.0547  freq: 1.1239  spend: -0.0581  w_freq: 0.426  w_spend: 1.188
Epoch 109/300 — train_loss: 0.0215  val_loss: 0.0389  freq: 1.1235  spend: -0.0679  w_freq: 0.426  w_spend: 1.197
Epoch 110/300 — train_loss: 0.0179  val_loss: 0.0376  freq: 1.1237  spend: -0.0657  w_freq: 0.426  w_spend: 1.205
Epoch 111/300 — train_loss: 0.0110  val_loss: 0.0354  freq: 1.1245  spend: -0.0644  w_freq: 0.426  w_spend: 1.213
Epoch 112/300 — train_loss: 0.0066  val_loss: 0.0332  freq: 1.1239  spend: -0.0626  w_freq: 0.426  w_spend: 1.222
Epoch 113/300 — train_loss: 0.0010  val_loss: 0.0295  freq: 1.1248  spend: -0.0627  w_freq: 0.426  w_spend: 1.231
Epoch 114/300 — train_loss: -0.0045  val_loss: 0.0262  freq: 1.1239  spend: -0.0618  w_freq: 0.426  w_spend: 1.239
Epoch 115/300 — train_loss: -0.0104  val_loss: 0.0257  freq: 1.1246  spend: -0.0591  w_freq: 0.426  w_spend: 1.248
Epoch 116/300 — train_loss: -0.0163  val_loss: 0.0210  freq: 1.1238  spend: -0.0593  w_freq: 0.426  w_spend: 1.257
Epoch 117/300 — train_loss: -0.0205  val_loss: 0.0108  freq: 1.1242  spend: -0.0641  w_freq: 0.426  w_spend: 1.266
Epoch 118/300 — train_loss: -0.0240  val_loss: 0.0141  freq: 1.1250  spend: -0.0590  w_freq: 0.426  w_spend: 1.275
Epoch 119/300 — train_loss: -0.0275  val_loss: 0.0101  freq: 1.1243  spend: -0.0593  w_freq: 0.426  w_spend: 1.283
Epoch 120/300 — train_loss: -0.0301  val_loss: 0.0100  freq: 1.1244  spend: -0.0572  w_freq: 0.426  w_spend: 1.290
Epoch 121/300 — train_loss: -0.0364  val_loss: 0.0054  freq: 1.1243  spend: -0.0582  w_freq: 0.426  w_spend: 1.296
Epoch 122/300 — train_loss: -0.0437  val_loss: 0.0028  freq: 1.1248  spend: -0.0577  w_freq: 0.426  w_spend: 1.304
Epoch 123/300 — train_loss: -0.0468  val_loss: -0.0008  freq: 1.1268  spend: -0.0583  w_freq: 0.426  w_spend: 1.312
Epoch 124/300 — train_loss: -0.0467  val_loss: -0.0096  freq: 1.1244  spend: -0.0615  w_freq: 0.426  w_spend: 1.320
Epoch 125/300 — train_loss: -0.0510  val_loss: -0.0041  freq: 1.1245  spend: -0.0551  w_freq: 0.426  w_spend: 1.328
Epoch 126/300 — train_loss: -0.0601  val_loss: -0.0136  freq: 1.1240  spend: -0.0596  w_freq: 0.426  w_spend: 1.335
Epoch 127/300 — train_loss: -0.0629  val_loss: -0.0099  freq: 1.1248  spend: -0.0548  w_freq: 0.426  w_spend: 1.343
Epoch 128/300 — train_loss: -0.0681  val_loss: -0.0182  freq: 1.1243  spend: -0.0586  w_freq: 0.426  w_spend: 1.350
Epoch 129/300 — train_loss: -0.0760  val_loss: -0.0169  freq: 1.1247  spend: -0.0552  w_freq: 0.426  w_spend: 1.357
Epoch 130/300 — train_loss: -0.0747  val_loss: -0.0230  freq: 1.1252  spend: -0.0575  w_freq: 0.426  w_spend: 1.365
Epoch 131/300 — train_loss: -0.0820  val_loss: -0.0192  freq: 1.1244  spend: -0.0521  w_freq: 0.426  w_spend: 1.373
Epoch 132/300 — train_loss: -0.0860  val_loss: -0.0287  freq: 1.1243  spend: -0.0567  w_freq: 0.426  w_spend: 1.380
Epoch 133/300 — train_loss: -0.0914  val_loss: -0.0341  freq: 1.1244  spend: -0.0582  w_freq: 0.426  w_spend: 1.388
Epoch 134/300 — train_loss: -0.0974  val_loss: -0.0378  freq: 1.1246  spend: -0.0586  w_freq: 0.426  w_spend: 1.396
Epoch 135/300 — train_loss: -0.1013  val_loss: -0.0401  freq: 1.1252  spend: -0.0579  w_freq: 0.426  w_spend: 1.404
Epoch 136/300 — train_loss: -0.1043  val_loss: -0.0378  freq: 1.1251  spend: -0.0539  w_freq: 0.426  w_spend: 1.412
Epoch 137/300 — train_loss: -0.1088  val_loss: -0.0493  freq: 1.1250  spend: -0.0596  w_freq: 0.426  w_spend: 1.420
Epoch 138/300 — train_loss: -0.1105  val_loss: -0.0465  freq: 1.1251  spend: -0.0555  w_freq: 0.426  w_spend: 1.428
Epoch 139/300 — train_loss: -0.1190  val_loss: -0.0473  freq: 1.1257  spend: -0.0541  w_freq: 0.426  w_spend: 1.436
Epoch 140/300 — train_loss: -0.1244  val_loss: -0.0509  freq: 1.1246  spend: -0.0542  w_freq: 0.426  w_spend: 1.444
Epoch 141/300 — train_loss: -0.1309  val_loss: -0.0506  freq: 1.1250  spend: -0.0518  w_freq: 0.426  w_spend: 1.452
Epoch 142/300 — train_loss: -0.1361  val_loss: -0.0573  freq: 1.1257  spend: -0.0542  w_freq: 0.427  w_spend: 1.460
Epoch 143/300 — train_loss: -0.1405  val_loss: -0.0609  freq: 1.1248  spend: -0.0541  w_freq: 0.426  w_spend: 1.469
Epoch 144/300 — train_loss: -0.1460  val_loss: -0.0443  freq: 1.1258  spend: -0.0410  w_freq: 0.426  w_spend: 1.477
Epoch 145/300 — train_loss: -0.1469  val_loss: -0.0630  freq: 1.1251  spend: -0.0515  w_freq: 0.426  w_spend: 1.485
Epoch 146/300 — train_loss: -0.1524  val_loss: -0.0568  freq: 1.1263  spend: -0.0457  w_freq: 0.426  w_spend: 1.493
Epoch 147/300 — train_loss: -0.1590  val_loss: -0.0631  freq: 1.1254  spend: -0.0478  w_freq: 0.426  w_spend: 1.500
Epoch 148/300 — train_loss: -0.1620  val_loss: -0.0618  freq: 1.1253  spend: -0.0451  w_freq: 0.426  w_spend: 1.507
Epoch 149/300 — train_loss: -0.1673  val_loss: -0.0573  freq: 1.1253  spend: -0.0403  w_freq: 0.426  w_spend: 1.515
Epoch 150/300 — train_loss: -0.1707  val_loss: -0.0725  freq: 1.1256  spend: -0.0486  w_freq: 0.426  w_spend: 1.522
Epoch 151/300 — train_loss: -0.1732  val_loss: -0.0705  freq: 1.1258  spend: -0.0456  w_freq: 0.426  w_spend: 1.529
Epoch 152/300 — train_loss: -0.1789  val_loss: -0.0672  freq: 1.1258  spend: -0.0417  w_freq: 0.426  w_spend: 1.536
Epoch 153/300 — train_loss: -0.1857  val_loss: -0.0645  freq: 1.1259  spend: -0.0384  w_freq: 0.426  w_spend: 1.543
Epoch 154/300 — train_loss: -0.1861  val_loss: -0.0811  freq: 1.1265  spend: -0.0476  w_freq: 0.426  w_spend: 1.550
Epoch 155/300 — train_loss: -0.1929  val_loss: -0.0732  freq: 1.1259  spend: -0.0408  w_freq: 0.426  w_spend: 1.557
Epoch 156/300 — train_loss: -0.1990  val_loss: -0.0749  freq: 1.1258  spend: -0.0404  w_freq: 0.426  w_spend: 1.563
Epoch 157/300 — train_loss: -0.2022  val_loss: -0.0658  freq: 1.1262  spend: -0.0331  w_freq: 0.426  w_spend: 1.570
Epoch 158/300 — train_loss: -0.2059  val_loss: -0.0815  freq: 1.1261  spend: -0.0415  w_freq: 0.427  w_spend: 1.577
Epoch 159/300 — train_loss: -0.2090  val_loss: -0.0744  freq: 1.1265  spend: -0.0357  w_freq: 0.427  w_spend: 1.584
Epoch 160/300 — train_loss: -0.2150  val_loss: -0.0845  freq: 1.1260  spend: -0.0404  w_freq: 0.427  w_spend: 1.591
Epoch 161/300 — train_loss: -0.2190  val_loss: -0.0782  freq: 1.1269  spend: -0.0351  w_freq: 0.427  w_spend: 1.598
Epoch 162/300 — train_loss: -0.2251  val_loss: -0.0591  freq: 1.1263  spend: -0.0214  w_freq: 0.427  w_spend: 1.605
Epoch 163/300 — train_loss: -0.2294  val_loss: -0.0868  freq: 1.1265  spend: -0.0371  w_freq: 0.427  w_spend: 1.613
Epoch 164/300 — train_loss: -0.2306  val_loss: -0.0669  freq: 1.1272  spend: -0.0237  w_freq: 0.427  w_spend: 1.620
Epoch 165/300 — train_loss: -0.2364  val_loss: -0.0633  freq: 1.1267  spend: -0.0200  w_freq: 0.427  w_spend: 1.626
Epoch 166/300 — train_loss: -0.2385  val_loss: -0.0955  freq: 1.1270  spend: -0.0386  w_freq: 0.427  w_spend: 1.632
Epoch 167/300 — train_loss: -0.2431  val_loss: -0.0629  freq: 1.1268  spend: -0.0174  w_freq: 0.427  w_spend: 1.638
Epoch 168/300 — train_loss: -0.2471  val_loss: -0.0908  freq: 1.1271  spend: -0.0332  w_freq: 0.427  w_spend: 1.644
Epoch 169/300 — train_loss: -0.2533  val_loss: -0.0828  freq: 1.1277  spend: -0.0273  w_freq: 0.427  w_spend: 1.650
Epoch 170/300 — train_loss: -0.2563  val_loss: -0.0740  freq: 1.1267  spend: -0.0204  w_freq: 0.427  w_spend: 1.657
Epoch 171/300 — train_loss: -0.2609  val_loss: -0.0908  freq: 1.1268  spend: -0.0295  w_freq: 0.427  w_spend: 1.663
Epoch 172/300 — train_loss: -0.2657  val_loss: -0.0675  freq: 1.1272  spend: -0.0145  w_freq: 0.427  w_spend: 1.669
Epoch 173/300 — train_loss: -0.2697  val_loss: -0.0761  freq: 1.1273  spend: -0.0184  w_freq: 0.427  w_spend: 1.675
Epoch 174/300 — train_loss: -0.2744  val_loss: -0.0890  freq: 1.1277  spend: -0.0251  w_freq: 0.427  w_spend: 1.681
Epoch 175/300 — train_loss: -0.2773  val_loss: -0.0627  freq: 1.1276  spend: -0.0084  w_freq: 0.427  w_spend: 1.687
Epoch 176/300 — train_loss: -0.2819  val_loss: -0.0803  freq: 1.1279  spend: -0.0178  w_freq: 0.427  w_spend: 1.692
Epoch 177/300 — train_loss: -0.2856  val_loss: -0.0728  freq: 1.1282  spend: -0.0124  w_freq: 0.427  w_spend: 1.698
Epoch 178/300 — train_loss: -0.2873  val_loss: -0.0883  freq: 1.1275  spend: -0.0202  w_freq: 0.427  w_spend: 1.705
Epoch 179/300 — train_loss: -0.2950  val_loss: -0.0453  freq: 1.1284  spend: 0.0057  w_freq: 0.427  w_spend: 1.711
Epoch 180/300 — train_loss: -0.2936  val_loss: -0.0801  freq: 1.1279  spend: -0.0136  w_freq: 0.427  w_spend: 1.716
Epoch 181/300 — train_loss: -0.3001  val_loss: -0.0629  freq: 1.1294  spend: -0.0031  w_freq: 0.427  w_spend: 1.721
Epoch 182/300 — train_loss: -0.3040  val_loss: -0.0866  freq: 1.1279  spend: -0.0154  w_freq: 0.427  w_spend: 1.726
Epoch 183/300 — train_loss: -0.3122  val_loss: -0.0812  freq: 1.1279  spend: -0.0114  w_freq: 0.427  w_spend: 1.732
Epoch 184/300 — train_loss: -0.3110  val_loss: -0.0711  freq: 1.1282  spend: -0.0047  w_freq: 0.427  w_spend: 1.737
Epoch 185/300 — train_loss: -0.3163  val_loss: -0.0819  freq: 1.1281  spend: -0.0100  w_freq: 0.427  w_spend: 1.742
Epoch 186/300 — train_loss: -0.3182  val_loss: -0.0724  freq: 1.1288  spend: -0.0038  w_freq: 0.427  w_spend: 1.748
Early stopping triggered at epoch 186.

Checkpoint saved: /kaggle/working/results/checkpoints/lstm_joint_dunnhumby_v2_seed123_sample.pt

Duan's smearing factor (val): 1.4410
Validation-fitted softmax temperature: 0.9888
Validation aggregate calibration: freq_factor=0.9999, spend_factor=0.9805

Running autoregressive inference on holdout period ...
  inference mode: sample  n_scenarios: 200  temperature: 0.9888

=== Prediction Diagnostics ===
  Mean predicted freq/week:    1.0578
  Mean actual freq/week:       1.1447
  Over-prediction ratio:       0.924x
  Customers predicted as zero total:  0.000
  Customers actually zero total:      0.036
  Non-zero rate (pred, avg > 0.05):  0.999
  Non-zero rate (true):               0.532

Metrics saved: /kaggle/working/results/tables/lstm_joint_dunnhumby_v2_seed123_sample_metrics.json
Array artifacts saved: /kaggle/working/results/tables/lstm_joint_dunnhumby_v2_seed123_sample_arrays.npz

=== Holdout Evaluation ===
  freq_rmse: 14.5932
  freq_mae: 8.9053
  freq_normalized_gini: 0.8683
  freq_calibration_factor: 0.9999
  freq_mape: 7.6016
  bias_pct: -7.6016
  freq_weekly_mae: 302.2591
  freq_weekly_total_true: 62910.0000
  freq_weekly_total_pred: 58127.8349
  freq_weekly_mape: 11.4737
  freq_weekly_bias_pct: -6.2044
  freq_mase: 1.0311
  freq_mase_scale: 0.8235
  smearing_factor: 1.4410
  spend_calibration_factor: 0.9805
  spend_mae_raw: 309.1463
  spend_rmse_raw: 484.7736
  spend_normalized_gini: 0.8504
  spend_mae_log: 0.7568
  spend_rmse_log: 1.2762
  spend_r2_log: 0.4474
  spend_bias_pct: -5.8135
  spend_weekly_mae: 8421.2896
  spend_weekly_total_true: 1965992.3000
  spend_weekly_total_pred: 1851699.8812
  spend_weekly_mape: 10.3070
  spend_weekly_bias_pct: -3.9512
  spend_mase: 1.1101
  spend_mase_scale: 27.5152
  clv_mae: 302.9846
  clv_rmse: 475.1741
  clv_spearman: 0.8144
  clv_decile_lift: 3.2407
  clv_normalized_gini: 0.8509
  clv_total_true: 1929812.7500
  clv_total_pred: 1817125.2500
  calibration_temperature_source: validation_only
  validation_temperature: 0.9888
  calibration_source: validation_only
  validation_freq_true_total: 17490.0000
  validation_freq_pred_total: 17494.0352
  validation_spend_true_total: 510671.0401
  validation_spend_pred_total: 531358.6417
  validation_freq_calibration_factor: 0.9999
  validation_spend_calibration_factor: 0.9805
  final_manifest_version: 2026-05-20-results-recovery-protocol
  final_manifest_run_name: lstm_joint_dunnhumby_v2_seed123_sample
  final_manifest_config: experiments/configs/lstm_joint_dunnhumby_v2.yaml
  final_manifest_config_hash: 15e2a3e85af2
  final_manifest_actual_config_hash: 8a03bfc14ad7
  final_manifest_seed: 123
  final_manifest_epochs: 300
  final_manifest_inference_mode: sample
  final_manifest_n_scenarios: 200
  run_valid: True
  run_invalid_reason: 
  run_warning: 
History saved: /kaggle/working/results/tables/lstm_joint_dunnhumby_v2_seed123_sample_history.json
