[Kaggle] raw_dir  → /kaggle/working/input/cdnow-dataset
[Kaggle] results  → /kaggle/working/results
Config: experiments/configs/lstm_joint_cdnow_v2.yaml
Run: lstm_joint_cdnow_v2_seed123_sample
Device: cuda
Loading dataset: cdnow ...
[pipeline] freq_bins from config: [0, 1, 2, 3]
  Train customers: 2115, Val: 234, Inference: 2349
[cdnow] Customers with 0 calibration transactions: 0 / 2349
  top-bin decode: class_values[-1] = 4.071 (max_trans = 3)
Model: lstm — 97,614 parameters

Training for up to 300 epochs ...
/kaggle/working/thesis-code/src/training/trainer.py:97: FutureWarning: `torch.cuda.amp.GradScaler(args...)` is deprecated. Please use `torch.amp.GradScaler('cuda', args...)` instead.
  self.scaler = torch.cuda.amp.GradScaler(enabled=self.amp_enabled)
[Kendall] log_vars frozen for 5 warm-up epochs.
Epoch   1/300 — train_loss: 0.8354  val_loss: 0.8410  freq: 1.4124  spend: 0.2695  w_freq: 0.500  w_spend: 0.500
Epoch   2/300 — train_loss: 0.8173  val_loss: 0.8106  freq: 1.3527  spend: 0.2686  w_freq: 0.500  w_spend: 0.500
Epoch   3/300 — train_loss: 0.7780  val_loss: 0.7667  freq: 1.2666  spend: 0.2668  w_freq: 0.500  w_spend: 0.500
Epoch   4/300 — train_loss: 0.7320  val_loss: 0.7077  freq: 1.1513  spend: 0.2640  w_freq: 0.500  w_spend: 0.500
Epoch   5/300 — train_loss: 0.6608  val_loss: 0.6266  freq: 0.9943  spend: 0.2589  w_freq: 0.500  w_spend: 0.500
[Kendall] log_vars unfrozen at epoch 6.
Epoch   6/300 — train_loss: 0.5662  val_loss: 0.5037  freq: 0.7605  spend: 0.2485  w_freq: 0.500  w_spend: 0.500
Epoch   7/300 — train_loss: 0.4181  val_loss: 0.3375  freq: 0.4522  spend: 0.2274  w_freq: 0.501  w_spend: 0.501
Epoch   8/300 — train_loss: 0.2531  val_loss: 0.1930  freq: 0.2040  spend: 0.1919  w_freq: 0.502  w_spend: 0.502
Epoch   9/300 — train_loss: 0.1540  val_loss: 0.1673  freq: 0.1401  spend: 0.2099  w_freq: 0.504  w_spend: 0.504
Epoch  10/300 — train_loss: 0.1390  val_loss: 0.1532  freq: 0.1342  spend: 0.1932  w_freq: 0.506  w_spend: 0.505
Epoch  11/300 — train_loss: 0.1363  val_loss: 0.1416  freq: 0.1272  spend: 0.1836  w_freq: 0.507  w_spend: 0.507
Epoch  12/300 — train_loss: 0.1237  val_loss: 0.1354  freq: 0.1217  spend: 0.1839  w_freq: 0.510  w_spend: 0.509
Epoch  13/300 — train_loss: 0.1133  val_loss: 0.1318  freq: 0.1184  spend: 0.1877  w_freq: 0.512  w_spend: 0.511
Epoch  14/300 — train_loss: 0.1091  val_loss: 0.1253  freq: 0.1169  spend: 0.1842  w_freq: 0.514  w_spend: 0.513
Epoch  15/300 — train_loss: 0.1046  val_loss: 0.1212  freq: 0.1150  spend: 0.1858  w_freq: 0.517  w_spend: 0.515
Epoch  16/300 — train_loss: 0.1015  val_loss: 0.1149  freq: 0.1138  spend: 0.1822  w_freq: 0.519  w_spend: 0.518
Epoch  17/300 — train_loss: 0.0957  val_loss: 0.1088  freq: 0.1131  spend: 0.1786  w_freq: 0.522  w_spend: 0.520
Epoch  18/300 — train_loss: 0.0993  val_loss: 0.1111  freq: 0.1120  spend: 0.1912  w_freq: 0.524  w_spend: 0.522
Epoch  19/300 — train_loss: 0.1014  val_loss: 0.1034  freq: 0.1121  spend: 0.1828  w_freq: 0.527  w_spend: 0.524
Epoch  20/300 — train_loss: 0.0929  val_loss: 0.0969  freq: 0.1113  spend: 0.1786  w_freq: 0.529  w_spend: 0.526
Epoch  21/300 — train_loss: 0.0736  val_loss: 0.0944  freq: 0.1109  spend: 0.1813  w_freq: 0.531  w_spend: 0.529
Epoch  22/300 — train_loss: 0.0707  val_loss: 0.0889  freq: 0.1103  spend: 0.1790  w_freq: 0.534  w_spend: 0.531
Epoch  23/300 — train_loss: 0.0988  val_loss: 0.0847  freq: 0.1104  spend: 0.1778  w_freq: 0.536  w_spend: 0.533
Epoch  24/300 — train_loss: 0.0679  val_loss: 0.0793  freq: 0.1097  spend: 0.1755  w_freq: 0.539  w_spend: 0.536
Epoch  25/300 — train_loss: 0.0596  val_loss: 0.0739  freq: 0.1094  spend: 0.1731  w_freq: 0.541  w_spend: 0.538
Epoch  26/300 — train_loss: 0.0488  val_loss: 0.0742  freq: 0.1111  spend: 0.1791  w_freq: 0.544  w_spend: 0.541
Epoch  27/300 — train_loss: 0.0572  val_loss: 0.0615  freq: 0.1103  spend: 0.1628  w_freq: 0.546  w_spend: 0.543
Epoch  28/300 — train_loss: 0.0408  val_loss: 0.0632  freq: 0.1115  spend: 0.1700  w_freq: 0.548  w_spend: 0.545
Epoch  29/300 — train_loss: 0.0450  val_loss: 0.0640  freq: 0.1120  spend: 0.1764  w_freq: 0.550  w_spend: 0.547
Epoch  30/300 — train_loss: 0.0283  val_loss: 0.0499  freq: 0.1104  spend: 0.1575  w_freq: 0.552  w_spend: 0.549
Epoch  31/300 — train_loss: 0.0287  val_loss: 0.0469  freq: 0.1099  spend: 0.1570  w_freq: 0.554  w_spend: 0.550
Epoch  32/300 — train_loss: 0.0095  val_loss: 0.0253  freq: 0.1106  spend: 0.1208  w_freq: 0.555  w_spend: 0.552
Epoch  33/300 — train_loss: -0.0047  val_loss: 0.0659  freq: 0.1103  spend: 0.1982  w_freq: 0.556  w_spend: 0.553
Epoch  34/300 — train_loss: 0.0038  val_loss: 0.0571  freq: 0.1098  spend: 0.1864  w_freq: 0.558  w_spend: 0.555
Epoch  35/300 — train_loss: -0.0040  val_loss: 0.1037  freq: 0.1102  spend: 0.2729  w_freq: 0.559  w_spend: 0.556
Epoch  36/300 — train_loss: 0.0326  val_loss: 0.0208  freq: 0.1109  spend: 0.1259  w_freq: 0.560  w_spend: 0.557
Epoch  37/300 — train_loss: -0.0054  val_loss: 0.0179  freq: 0.1105  spend: 0.1244  w_freq: 0.561  w_spend: 0.558
Epoch  38/300 — train_loss: -0.0141  val_loss: 0.0233  freq: 0.1094  spend: 0.1383  w_freq: 0.562  w_spend: 0.559
Epoch  39/300 — train_loss: -0.0189  val_loss: 0.0063  freq: 0.1096  spend: 0.1114  w_freq: 0.564  w_spend: 0.560
Epoch  40/300 — train_loss: -0.0248  val_loss: -0.0003  freq: 0.1101  spend: 0.1030  w_freq: 0.565  w_spend: 0.562
Epoch  41/300 — train_loss: -0.0073  val_loss: 0.0047  freq: 0.1108  spend: 0.1143  w_freq: 0.566  w_spend: 0.563
Epoch  42/300 — train_loss: -0.0312  val_loss: -0.0122  freq: 0.1103  spend: 0.0876  w_freq: 0.567  w_spend: 0.564
Epoch  43/300 — train_loss: -0.0463  val_loss: -0.0010  freq: 0.1102  spend: 0.1116  w_freq: 0.568  w_spend: 0.565
Epoch  44/300 — train_loss: -0.0281  val_loss: 0.0249  freq: 0.1109  spend: 0.1601  w_freq: 0.570  w_spend: 0.567
Epoch  45/300 — train_loss: -0.0246  val_loss: -0.0201  freq: 0.1102  spend: 0.0845  w_freq: 0.571  w_spend: 0.568
Epoch  46/300 — train_loss: -0.0479  val_loss: -0.0186  freq: 0.1097  spend: 0.0906  w_freq: 0.572  w_spend: 0.569
Epoch  47/300 — train_loss: -0.0509  val_loss: -0.0139  freq: 0.1093  spend: 0.1027  w_freq: 0.573  w_spend: 0.570
Epoch  48/300 — train_loss: -0.0661  val_loss: -0.0347  freq: 0.1097  spend: 0.0705  w_freq: 0.574  w_spend: 0.572
Epoch  49/300 — train_loss: -0.0612  val_loss: -0.0151  freq: 0.1094  spend: 0.1099  w_freq: 0.576  w_spend: 0.574
Epoch  50/300 — train_loss: -0.0668  val_loss: -0.0342  freq: 0.1090  spend: 0.0808  w_freq: 0.578  w_spend: 0.576
Epoch  51/300 — train_loss: -0.0742  val_loss: -0.0271  freq: 0.1088  spend: 0.0972  w_freq: 0.579  w_spend: 0.577
Epoch  52/300 — train_loss: -0.0778  val_loss: -0.0331  freq: 0.1097  spend: 0.0899  w_freq: 0.580  w_spend: 0.579
Epoch  53/300 — train_loss: -0.0771  val_loss: -0.0433  freq: 0.1092  spend: 0.0766  w_freq: 0.582  w_spend: 0.580
Epoch  54/300 — train_loss: -0.0717  val_loss: -0.0486  freq: 0.1090  spend: 0.0713  w_freq: 0.583  w_spend: 0.582
Epoch  55/300 — train_loss: -0.0830  val_loss: -0.0293  freq: 0.1089  spend: 0.1084  w_freq: 0.584  w_spend: 0.583
Epoch  56/300 — train_loss: -0.0768  val_loss: -0.0509  freq: 0.1091  spend: 0.0743  w_freq: 0.586  w_spend: 0.585
Epoch  57/300 — train_loss: -0.1029  val_loss: -0.0303  freq: 0.1089  spend: 0.1131  w_freq: 0.587  w_spend: 0.586
Epoch  58/300 — train_loss: -0.0844  val_loss: -0.0516  freq: 0.1093  spend: 0.0797  w_freq: 0.588  w_spend: 0.587
Epoch  59/300 — train_loss: -0.0995  val_loss: -0.0499  freq: 0.1087  spend: 0.0873  w_freq: 0.590  w_spend: 0.589
Epoch  60/300 — train_loss: -0.0985  val_loss: -0.0680  freq: 0.1091  spend: 0.0607  w_freq: 0.591  w_spend: 0.590
Epoch  61/300 — train_loss: -0.1000  val_loss: -0.0482  freq: 0.1086  spend: 0.0992  w_freq: 0.593  w_spend: 0.592
Epoch  62/300 — train_loss: -0.1111  val_loss: -0.0674  freq: 0.1093  spend: 0.0715  w_freq: 0.595  w_spend: 0.594
Epoch  63/300 — train_loss: -0.1120  val_loss: -0.0592  freq: 0.1090  spend: 0.0906  w_freq: 0.597  w_spend: 0.597
Epoch  64/300 — train_loss: -0.1149  val_loss: -0.0591  freq: 0.1087  spend: 0.0961  w_freq: 0.599  w_spend: 0.599
Epoch  65/300 — train_loss: -0.1229  val_loss: -0.0735  freq: 0.1094  spend: 0.0754  w_freq: 0.600  w_spend: 0.601
Epoch  66/300 — train_loss: -0.1114  val_loss: -0.0261  freq: 0.1095  spend: 0.1579  w_freq: 0.602  w_spend: 0.602
Epoch  67/300 — train_loss: -0.0892  val_loss: -0.0803  freq: 0.1092  spend: 0.0713  w_freq: 0.603  w_spend: 0.604
Epoch  68/300 — train_loss: -0.1003  val_loss: -0.0514  freq: 0.1089  spend: 0.1220  w_freq: 0.604  w_spend: 0.605
Epoch  69/300 — train_loss: -0.1102  val_loss: -0.0715  freq: 0.1091  spend: 0.0914  w_freq: 0.605  w_spend: 0.606
Epoch  70/300 — train_loss: -0.1151  val_loss: -0.0695  freq: 0.1097  spend: 0.0968  w_freq: 0.606  w_spend: 0.608
Epoch  71/300 — train_loss: -0.1203  val_loss: -0.0752  freq: 0.1091  spend: 0.0910  w_freq: 0.608  w_spend: 0.609
Epoch  72/300 — train_loss: -0.1371  val_loss: -0.0831  freq: 0.1091  spend: 0.0812  w_freq: 0.609  w_spend: 0.610
Epoch  73/300 — train_loss: -0.1439  val_loss: -0.0842  freq: 0.1090  spend: 0.0841  w_freq: 0.610  w_spend: 0.612
Epoch  74/300 — train_loss: -0.1494  val_loss: -0.0954  freq: 0.1089  spend: 0.0720  w_freq: 0.612  w_spend: 0.614
Epoch  75/300 — train_loss: -0.1486  val_loss: -0.0761  freq: 0.1091  spend: 0.1084  w_freq: 0.615  w_spend: 0.617
Epoch  76/300 — train_loss: -0.1414  val_loss: -0.0981  freq: 0.1091  spend: 0.0767  w_freq: 0.617  w_spend: 0.619
Epoch  77/300 — train_loss: -0.1522  val_loss: -0.0954  freq: 0.1091  spend: 0.0855  w_freq: 0.618  w_spend: 0.621
Epoch  78/300 — train_loss: -0.1565  val_loss: -0.0783  freq: 0.1087  spend: 0.1170  w_freq: 0.620  w_spend: 0.623
Epoch  79/300 — train_loss: -0.1424  val_loss: -0.1041  freq: 0.1089  spend: 0.0786  w_freq: 0.622  w_spend: 0.624
Epoch  80/300 — train_loss: -0.1519  val_loss: -0.0987  freq: 0.1088  spend: 0.0904  w_freq: 0.623  w_spend: 0.626
Epoch  81/300 — train_loss: -0.1674  val_loss: -0.0981  freq: 0.1088  spend: 0.0945  w_freq: 0.624  w_spend: 0.627
Epoch  82/300 — train_loss: -0.1687  val_loss: -0.1091  freq: 0.1087  spend: 0.0811  w_freq: 0.626  w_spend: 0.629
Epoch  83/300 — train_loss: -0.1793  val_loss: -0.1207  freq: 0.1093  spend: 0.0664  w_freq: 0.627  w_spend: 0.631
Epoch  84/300 — train_loss: -0.1796  val_loss: -0.1273  freq: 0.1088  spend: 0.0615  w_freq: 0.629  w_spend: 0.633
Epoch  85/300 — train_loss: -0.1832  val_loss: -0.1106  freq: 0.1085  spend: 0.0930  w_freq: 0.631  w_spend: 0.635
Epoch  86/300 — train_loss: -0.1912  val_loss: -0.1321  freq: 0.1089  spend: 0.0636  w_freq: 0.633  w_spend: 0.638
Epoch  87/300 — train_loss: -0.1914  val_loss: -0.1206  freq: 0.1087  spend: 0.0863  w_freq: 0.635  w_spend: 0.640
Epoch  88/300 — train_loss: -0.1926  val_loss: -0.1203  freq: 0.1087  spend: 0.0904  w_freq: 0.637  w_spend: 0.642
Epoch  89/300 — train_loss: -0.1963  val_loss: -0.1287  freq: 0.1087  spend: 0.0810  w_freq: 0.639  w_spend: 0.644
Epoch  90/300 — train_loss: -0.1915  val_loss: -0.1300  freq: 0.1086  spend: 0.0829  w_freq: 0.641  w_spend: 0.646
Epoch  91/300 — train_loss: -0.1957  val_loss: -0.1306  freq: 0.1088  spend: 0.0856  w_freq: 0.642  w_spend: 0.648
Epoch  92/300 — train_loss: -0.2129  val_loss: -0.1303  freq: 0.1088  spend: 0.0895  w_freq: 0.644  w_spend: 0.650
Epoch  93/300 — train_loss: -0.2073  val_loss: -0.1414  freq: 0.1087  spend: 0.0760  w_freq: 0.645  w_spend: 0.651
Epoch  94/300 — train_loss: -0.2127  val_loss: -0.1423  freq: 0.1091  spend: 0.0781  w_freq: 0.647  w_spend: 0.653
Epoch  95/300 — train_loss: -0.2130  val_loss: -0.1350  freq: 0.1094  spend: 0.0930  w_freq: 0.649  w_spend: 0.655
Epoch  96/300 — train_loss: -0.2231  val_loss: -0.1491  freq: 0.1092  spend: 0.0751  w_freq: 0.651  w_spend: 0.657
Epoch  97/300 — train_loss: -0.2202  val_loss: -0.1425  freq: 0.1090  spend: 0.0885  w_freq: 0.652  w_spend: 0.659
Epoch  98/300 — train_loss: -0.2256  val_loss: -0.1531  freq: 0.1089  spend: 0.0766  w_freq: 0.654  w_spend: 0.661
Epoch  99/300 — train_loss: -0.2255  val_loss: -0.1599  freq: 0.1092  spend: 0.0699  w_freq: 0.656  w_spend: 0.663
Epoch 100/300 — train_loss: -0.2339  val_loss: -0.1501  freq: 0.1087  spend: 0.0890  w_freq: 0.657  w_spend: 0.665
Epoch 101/300 — train_loss: -0.2368  val_loss: -0.1536  freq: 0.1089  spend: 0.0878  w_freq: 0.659  w_spend: 0.667
Epoch 102/300 — train_loss: -0.2427  val_loss: -0.1656  freq: 0.1087  spend: 0.0741  w_freq: 0.661  w_spend: 0.669
Epoch 103/300 — train_loss: -0.2359  val_loss: -0.1687  freq: 0.1087  spend: 0.0729  w_freq: 0.663  w_spend: 0.671
Epoch 104/300 — train_loss: -0.2509  val_loss: -0.1617  freq: 0.1088  spend: 0.0866  w_freq: 0.665  w_spend: 0.673
Epoch 105/300 — train_loss: -0.2614  val_loss: -0.1741  freq: 0.1096  spend: 0.0715  w_freq: 0.666  w_spend: 0.675
Epoch 106/300 — train_loss: -0.2665  val_loss: -0.1520  freq: 0.1088  spend: 0.1089  w_freq: 0.668  w_spend: 0.677
Epoch 107/300 — train_loss: -0.2548  val_loss: -0.1608  freq: 0.1088  spend: 0.0991  w_freq: 0.670  w_spend: 0.680
Epoch 108/300 — train_loss: -0.2611  val_loss: -0.1727  freq: 0.1092  spend: 0.0843  w_freq: 0.672  w_spend: 0.681
Epoch 109/300 — train_loss: -0.2712  val_loss: -0.1755  freq: 0.1091  spend: 0.0836  w_freq: 0.673  w_spend: 0.683
Epoch 110/300 — train_loss: -0.2703  val_loss: -0.1812  freq: 0.1089  spend: 0.0789  w_freq: 0.675  w_spend: 0.685
Epoch 111/300 — train_loss: -0.2753  val_loss: -0.1878  freq: 0.1088  spend: 0.0724  w_freq: 0.677  w_spend: 0.687
Epoch 112/300 — train_loss: -0.2864  val_loss: -0.1831  freq: 0.1088  spend: 0.0823  w_freq: 0.678  w_spend: 0.689
Epoch 113/300 — train_loss: -0.2802  val_loss: -0.1720  freq: 0.1089  spend: 0.1013  w_freq: 0.680  w_spend: 0.690
Epoch 114/300 — train_loss: -0.2843  val_loss: -0.1978  freq: 0.1099  spend: 0.0662  w_freq: 0.681  w_spend: 0.692
Epoch 115/300 — train_loss: -0.2816  val_loss: -0.1850  freq: 0.1087  spend: 0.0888  w_freq: 0.683  w_spend: 0.694
Epoch 116/300 — train_loss: -0.2827  val_loss: -0.2039  freq: 0.1089  spend: 0.0644  w_freq: 0.684  w_spend: 0.696
Epoch 117/300 — train_loss: -0.2945  val_loss: -0.1852  freq: 0.1086  spend: 0.0944  w_freq: 0.686  w_spend: 0.698
Epoch 118/300 — train_loss: -0.2941  val_loss: -0.1955  freq: 0.1094  spend: 0.0818  w_freq: 0.687  w_spend: 0.699
Epoch 119/300 — train_loss: -0.2969  val_loss: -0.1741  freq: 0.1089  spend: 0.1154  w_freq: 0.689  w_spend: 0.701
Epoch 120/300 — train_loss: -0.2923  val_loss: -0.2065  freq: 0.1091  spend: 0.0710  w_freq: 0.690  w_spend: 0.702
Epoch 121/300 — train_loss: -0.3029  val_loss: -0.2046  freq: 0.1089  spend: 0.0765  w_freq: 0.691  w_spend: 0.704
Epoch 122/300 — train_loss: -0.3026  val_loss: -0.1922  freq: 0.1090  spend: 0.0967  w_freq: 0.692  w_spend: 0.705
Epoch 123/300 — train_loss: -0.3073  val_loss: -0.2088  freq: 0.1093  spend: 0.0755  w_freq: 0.694  w_spend: 0.707
Epoch 124/300 — train_loss: -0.3069  val_loss: -0.1951  freq: 0.1093  spend: 0.0979  w_freq: 0.695  w_spend: 0.709
Epoch 125/300 — train_loss: -0.3195  val_loss: -0.2036  freq: 0.1090  spend: 0.0887  w_freq: 0.697  w_spend: 0.710
Epoch 126/300 — train_loss: -0.3243  val_loss: -0.2006  freq: 0.1090  spend: 0.0953  w_freq: 0.698  w_spend: 0.712
Epoch 127/300 — train_loss: -0.3171  val_loss: -0.2174  freq: 0.1091  spend: 0.0741  w_freq: 0.699  w_spend: 0.713
Epoch 128/300 — train_loss: -0.3248  val_loss: -0.1873  freq: 0.1090  spend: 0.1188  w_freq: 0.701  w_spend: 0.715
Epoch 129/300 — train_loss: -0.3183  val_loss: -0.2203  freq: 0.1091  spend: 0.0749  w_freq: 0.702  w_spend: 0.717
Epoch 130/300 — train_loss: -0.3351  val_loss: -0.1861  freq: 0.1090  spend: 0.1250  w_freq: 0.703  w_spend: 0.718
Epoch 131/300 — train_loss: -0.3330  val_loss: -0.2161  freq: 0.1091  spend: 0.0861  w_freq: 0.705  w_spend: 0.720
Epoch 132/300 — train_loss: -0.3420  val_loss: -0.2087  freq: 0.1091  spend: 0.0991  w_freq: 0.706  w_spend: 0.722
Epoch 133/300 — train_loss: -0.3538  val_loss: -0.2259  freq: 0.1094  spend: 0.0777  w_freq: 0.708  w_spend: 0.723
Epoch 134/300 — train_loss: -0.3364  val_loss: -0.2076  freq: 0.1090  spend: 0.1060  w_freq: 0.709  w_spend: 0.725
Epoch 135/300 — train_loss: -0.3287  val_loss: -0.2223  freq: 0.1092  spend: 0.0876  w_freq: 0.711  w_spend: 0.727
Epoch 136/300 — train_loss: -0.3614  val_loss: -0.2259  freq: 0.1092  spend: 0.0845  w_freq: 0.712  w_spend: 0.728
Epoch 137/300 — train_loss: -0.3545  val_loss: -0.2162  freq: 0.1091  spend: 0.1004  w_freq: 0.713  w_spend: 0.730
Epoch 138/300 — train_loss: -0.3618  val_loss: -0.2225  freq: 0.1091  spend: 0.0944  w_freq: 0.714  w_spend: 0.731
Epoch 139/300 — train_loss: -0.3687  val_loss: -0.2156  freq: 0.1091  spend: 0.1063  w_freq: 0.716  w_spend: 0.733
Epoch 140/300 — train_loss: -0.3701  val_loss: -0.1931  freq: 0.1093  spend: 0.1392  w_freq: 0.717  w_spend: 0.735
Epoch 141/300 — train_loss: -0.3683  val_loss: -0.2285  freq: 0.1094  spend: 0.0932  w_freq: 0.718  w_spend: 0.736
Epoch 142/300 — train_loss: -0.3713  val_loss: -0.2150  freq: 0.1090  spend: 0.1139  w_freq: 0.720  w_spend: 0.738
Epoch 143/300 — train_loss: -0.3657  val_loss: -0.2287  freq: 0.1092  spend: 0.0975  w_freq: 0.721  w_spend: 0.739
Epoch 144/300 — train_loss: -0.3791  val_loss: -0.2259  freq: 0.1092  spend: 0.1034  w_freq: 0.722  w_spend: 0.741
Epoch 145/300 — train_loss: -0.3777  val_loss: -0.2145  freq: 0.1091  spend: 0.1212  w_freq: 0.724  w_spend: 0.742
Epoch 146/300 — train_loss: -0.3865  val_loss: -0.2035  freq: 0.1089  spend: 0.1383  w_freq: 0.725  w_spend: 0.744
Epoch 147/300 — train_loss: -0.3936  val_loss: -0.2289  freq: 0.1093  spend: 0.1058  w_freq: 0.726  w_spend: 0.746
Epoch 148/300 — train_loss: -0.3910  val_loss: -0.2199  freq: 0.1092  spend: 0.1198  w_freq: 0.727  w_spend: 0.747
Epoch 149/300 — train_loss: -0.3985  val_loss: -0.2074  freq: 0.1091  spend: 0.1385  w_freq: 0.728  w_spend: 0.748
Epoch 150/300 — train_loss: -0.4011  val_loss: -0.2356  freq: 0.1093  spend: 0.1023  w_freq: 0.729  w_spend: 0.750
Epoch 151/300 — train_loss: -0.4072  val_loss: -0.2079  freq: 0.1091  spend: 0.1412  w_freq: 0.730  w_spend: 0.751
Epoch 152/300 — train_loss: -0.4062  val_loss: -0.2117  freq: 0.1091  spend: 0.1380  w_freq: 0.732  w_spend: 0.752
Epoch 153/300 — train_loss: -0.4059  val_loss: -0.2234  freq: 0.1093  spend: 0.1239  w_freq: 0.733  w_spend: 0.754
Epoch 154/300 — train_loss: -0.4047  val_loss: -0.2268  freq: 0.1095  spend: 0.1209  w_freq: 0.734  w_spend: 0.755
Epoch 155/300 — train_loss: -0.4186  val_loss: -0.2114  freq: 0.1090  spend: 0.1434  w_freq: 0.735  w_spend: 0.756
Epoch 156/300 — train_loss: -0.4174  val_loss: -0.2326  freq: 0.1091  spend: 0.1170  w_freq: 0.736  w_spend: 0.757
Epoch 157/300 — train_loss: -0.4189  val_loss: -0.2177  freq: 0.1090  spend: 0.1381  w_freq: 0.737  w_spend: 0.759
Epoch 158/300 — train_loss: -0.4245  val_loss: -0.2175  freq: 0.1090  spend: 0.1400  w_freq: 0.738  w_spend: 0.760
Epoch 159/300 — train_loss: -0.4274  val_loss: -0.2117  freq: 0.1093  spend: 0.1489  w_freq: 0.739  w_spend: 0.761
Epoch 160/300 — train_loss: -0.4156  val_loss: -0.2049  freq: 0.1090  spend: 0.1596  w_freq: 0.740  w_spend: 0.762
Epoch 161/300 — train_loss: -0.4229  val_loss: -0.2410  freq: 0.1093  spend: 0.1135  w_freq: 0.741  w_spend: 0.763
Epoch 162/300 — train_loss: -0.4330  val_loss: -0.2256  freq: 0.1091  spend: 0.1353  w_freq: 0.741  w_spend: 0.765
Epoch 163/300 — train_loss: -0.4186  val_loss: -0.2120  freq: 0.1090  spend: 0.1542  w_freq: 0.742  w_spend: 0.766
Epoch 164/300 — train_loss: -0.4335  val_loss: -0.2216  freq: 0.1092  spend: 0.1427  w_freq: 0.743  w_spend: 0.766
Epoch 165/300 — train_loss: -0.4381  val_loss: -0.2074  freq: 0.1090  spend: 0.1627  w_freq: 0.744  w_spend: 0.768
Epoch 166/300 — train_loss: -0.4423  val_loss: -0.2217  freq: 0.1093  spend: 0.1452  w_freq: 0.745  w_spend: 0.769
Epoch 167/300 — train_loss: -0.4440  val_loss: -0.2045  freq: 0.1093  spend: 0.1688  w_freq: 0.745  w_spend: 0.770
Epoch 168/300 — train_loss: -0.4450  val_loss: -0.1955  freq: 0.1090  spend: 0.1819  w_freq: 0.746  w_spend: 0.771
Epoch 169/300 — train_loss: -0.4544  val_loss: -0.2209  freq: 0.1094  spend: 0.1500  w_freq: 0.747  w_spend: 0.772
Epoch 170/300 — train_loss: -0.4447  val_loss: -0.2164  freq: 0.1091  spend: 0.1573  w_freq: 0.748  w_spend: 0.773
Epoch 171/300 — train_loss: -0.4607  val_loss: -0.1956  freq: 0.1091  spend: 0.1855  w_freq: 0.749  w_spend: 0.774
Epoch 172/300 — train_loss: -0.4590  val_loss: -0.1768  freq: 0.1092  spend: 0.2108  w_freq: 0.750  w_spend: 0.775
Epoch 173/300 — train_loss: -0.4556  val_loss: -0.1904  freq: 0.1092  spend: 0.1941  w_freq: 0.750  w_spend: 0.776
Epoch 174/300 — train_loss: -0.4660  val_loss: -0.1959  freq: 0.1092  spend: 0.1880  w_freq: 0.751  w_spend: 0.777
Epoch 175/300 — train_loss: -0.4772  val_loss: -0.1859  freq: 0.1090  spend: 0.2022  w_freq: 0.752  w_spend: 0.778
Epoch 176/300 — train_loss: -0.4519  val_loss: -0.1612  freq: 0.1092  spend: 0.2346  w_freq: 0.752  w_spend: 0.778
Epoch 177/300 — train_loss: -0.4707  val_loss: -0.2050  freq: 0.1090  spend: 0.1794  w_freq: 0.753  w_spend: 0.779
Epoch 178/300 — train_loss: -0.4733  val_loss: -0.1749  freq: 0.1090  spend: 0.2191  w_freq: 0.754  w_spend: 0.780
Epoch 179/300 — train_loss: -0.4809  val_loss: -0.2065  freq: 0.1094  spend: 0.1791  w_freq: 0.754  w_spend: 0.781
Epoch 180/300 — train_loss: -0.4736  val_loss: -0.1875  freq: 0.1092  spend: 0.2044  w_freq: 0.755  w_spend: 0.782
Epoch 181/300 — train_loss: -0.4830  val_loss: -0.1986  freq: 0.1094  spend: 0.1909  w_freq: 0.755  w_spend: 0.782
Early stopping triggered at epoch 181.

Checkpoint saved: /kaggle/working/results/checkpoints/lstm_joint_cdnow_v2_seed123_sample.pt

Duan's smearing factor (val): 1.2700
Validation-fitted softmax temperature: 0.9719
Validation aggregate calibration: freq_factor=0.9444, spend_factor=0.9597

Running autoregressive inference on holdout period ...
  inference mode: sample  n_scenarios: 200  temperature: 0.9719

=== Prediction Diagnostics ===
  Mean predicted freq/week:    0.0180
  Mean actual freq/week:       0.0196
  Over-prediction ratio:       0.921x
  Customers predicted as zero total:  0.745
  Customers actually zero total:      0.781
  Non-zero rate (pred, avg > 0.05):  0.087
  Non-zero rate (true):               0.018

Metrics saved: /kaggle/working/results/tables/lstm_joint_cdnow_v2_seed123_sample_metrics.json
Array artifacts saved: /kaggle/working/results/tables/lstm_joint_cdnow_v2_seed123_sample_arrays.npz

=== Holdout Evaluation ===
  freq_rmse: 1.2473
  freq_mae: 0.5819
  freq_normalized_gini: 0.6709
  freq_calibration_factor: 0.9444
  freq_mape: 13.0548
  bias_pct: -13.0548
  freq_weekly_mae: 11.2052
  freq_weekly_total_true: 1196.0000
  freq_weekly_total_pred: 1039.8643
  freq_weekly_mape: 22.7120
  freq_weekly_bias_pct: -7.2401
  freq_mase: 0.4187
  freq_mase_scale: 0.0834
  smearing_factor: 1.2700
  spend_calibration_factor: 0.9597
  spend_mae_raw: 21.7026
  spend_rmse_raw: 51.4898
  spend_normalized_gini: 0.6750
  spend_mae_log: 1.9360
  spend_rmse_log: 2.1029
  spend_r2_log: -0.5255
  spend_bias_pct: -21.0085
  spend_weekly_mae: 528.8755
  spend_weekly_total_true: 43103.4400
  spend_weekly_total_pred: 34048.0503
  spend_weekly_mape: 29.3170
  spend_weekly_bias_pct: -12.2839
  spend_mase: 0.6869
  spend_mase_scale: 1.7675
  clv_mae: 21.2370
  clv_rmse: 50.4514
  clv_spearman: 0.3863
  clv_decile_lift: 4.7760
  clv_normalized_gini: 0.6757
  clv_total_true: 42218.7344
  clv_total_pred: 33260.4023
  calibration_temperature_source: validation_only
  validation_temperature: 0.9719
  calibration_source: validation_only
  validation_freq_true_total: 261.0000
  validation_freq_pred_total: 293.6303
  validation_spend_true_total: 10048.2799
  validation_spend_pred_total: 10930.1579
  validation_freq_calibration_factor: 0.9444
  validation_spend_calibration_factor: 0.9597
  final_manifest_version: 2026-05-20-results-recovery-protocol
  final_manifest_run_name: lstm_joint_cdnow_v2_seed123_sample
  final_manifest_config: experiments/configs/lstm_joint_cdnow_v2.yaml
  final_manifest_config_hash: 2cb3d5c71015
  final_manifest_actual_config_hash: 21f4872cfa2a
  final_manifest_seed: 123
  final_manifest_epochs: 300
  final_manifest_inference_mode: sample
  final_manifest_n_scenarios: 200
  run_valid: True
  run_invalid_reason: 
  run_warning: 
History saved: /kaggle/working/results/tables/lstm_joint_cdnow_v2_seed123_sample_history.json
