[Kaggle] raw_dir  → /kaggle/working/input/tafeng-dataset
[Kaggle] results  → /kaggle/working/results
Config: experiments/configs/lstm_joint_tafeng_v2.yaml
Run: lstm_joint_tafeng_v2_seed42_sample
Device: cuda
Loading dataset: tafeng ...
[pipeline] freq_cap=4 (auto q=0.99) → freq_bins=[0, 1, 2, 3]... (n_classes=5)
  Train customers: 25029, Val: 2780, Inference: 27809
[tafeng] Customers with 0 calibration transactions: 0 / 27809
  top-bin decode: class_values[-1] = 4.473 (max_trans = 4)
Model: lstm — 98,262 parameters

Training for up to 300 epochs ...
/kaggle/working/thesis-code/src/training/trainer.py:97: FutureWarning: `torch.cuda.amp.GradScaler(args...)` is deprecated. Please use `torch.amp.GradScaler('cuda', args...)` instead.
  self.scaler = torch.cuda.amp.GradScaler(enabled=self.amp_enabled)
[Kendall] log_vars frozen for 5 warm-up epochs.
Epoch   1/300 — train_loss: 0.9423  val_loss: 0.9215  freq: 1.5601  spend: 0.2828  w_freq: 0.500  w_spend: 0.500
Epoch   2/300 — train_loss: 0.8929  val_loss: 0.8307  freq: 1.3854  spend: 0.2760  w_freq: 0.500  w_spend: 0.500
Epoch   3/300 — train_loss: 0.7113  val_loss: 0.5348  freq: 0.8310  spend: 0.2387  w_freq: 0.500  w_spend: 0.500
Epoch   4/300 — train_loss: 0.4833  val_loss: 0.4410  freq: 0.6595  spend: 0.2226  w_freq: 0.500  w_spend: 0.500
Epoch   5/300 — train_loss: 0.4366  val_loss: 0.4147  freq: 0.6203  spend: 0.2090  w_freq: 0.500  w_spend: 0.500
[Kendall] log_vars unfrozen at epoch 6.
Epoch   6/300 — train_loss: 0.4107  val_loss: 0.3842  freq: 0.6007  spend: 0.1787  w_freq: 0.502  w_spend: 0.502
Epoch   7/300 — train_loss: 0.3710  val_loss: 0.3462  freq: 0.5851  spend: 0.1311  w_freq: 0.507  w_spend: 0.507
Epoch   8/300 — train_loss: 0.3424  val_loss: 0.3251  freq: 0.5726  spend: 0.1166  w_freq: 0.512  w_spend: 0.512
Epoch   9/300 — train_loss: 0.3239  val_loss: 0.3102  freq: 0.5667  spend: 0.1108  w_freq: 0.518  w_spend: 0.519
Epoch  10/300 — train_loss: 0.3095  val_loss: 0.2972  freq: 0.5632  spend: 0.1062  w_freq: 0.525  w_spend: 0.526
Epoch  11/300 — train_loss: 0.2957  val_loss: 0.2830  freq: 0.5589  spend: 0.1031  w_freq: 0.533  w_spend: 0.534
Epoch  12/300 — train_loss: 0.2828  val_loss: 0.2696  freq: 0.5563  spend: 0.1002  w_freq: 0.541  w_spend: 0.542
Epoch  13/300 — train_loss: 0.2701  val_loss: 0.2560  freq: 0.5553  spend: 0.0973  w_freq: 0.550  w_spend: 0.552
Epoch  14/300 — train_loss: 0.2532  val_loss: 0.2395  freq: 0.5518  spend: 0.0956  w_freq: 0.561  w_spend: 0.563
Epoch  15/300 — train_loss: 0.2363  val_loss: 0.2248  freq: 0.5506  spend: 0.0975  w_freq: 0.573  w_spend: 0.576
Epoch  16/300 — train_loss: 0.2195  val_loss: 0.2060  freq: 0.5485  spend: 0.0932  w_freq: 0.586  w_spend: 0.591
Epoch  17/300 — train_loss: 0.2040  val_loss: 0.1917  freq: 0.5470  spend: 0.0935  w_freq: 0.598  w_spend: 0.605
Epoch  18/300 — train_loss: 0.1883  val_loss: 0.1779  freq: 0.5470  spend: 0.0935  w_freq: 0.611  w_spend: 0.619
Epoch  19/300 — train_loss: 0.1735  val_loss: 0.1618  freq: 0.5456  spend: 0.0903  w_freq: 0.623  w_spend: 0.634
Epoch  20/300 — train_loss: 0.1587  val_loss: 0.1520  freq: 0.5472  spend: 0.0942  w_freq: 0.635  w_spend: 0.649
Epoch  21/300 — train_loss: 0.1445  val_loss: 0.1388  freq: 0.5453  spend: 0.0961  w_freq: 0.647  w_spend: 0.664
Epoch  22/300 — train_loss: 0.1311  val_loss: 0.1213  freq: 0.5461  spend: 0.0876  w_freq: 0.660  w_spend: 0.680
Epoch  23/300 — train_loss: 0.1174  val_loss: 0.1074  freq: 0.5439  spend: 0.0871  w_freq: 0.671  w_spend: 0.695
Epoch  24/300 — train_loss: 0.1026  val_loss: 0.0958  freq: 0.5444  spend: 0.0889  w_freq: 0.683  w_spend: 0.712
Epoch  25/300 — train_loss: 0.0901  val_loss: 0.0815  freq: 0.5440  spend: 0.0862  w_freq: 0.695  w_spend: 0.729
Epoch  26/300 — train_loss: 0.0764  val_loss: 0.0729  freq: 0.5462  spend: 0.0882  w_freq: 0.706  w_spend: 0.746
Epoch  27/300 — train_loss: 0.0626  val_loss: 0.0597  freq: 0.5432  spend: 0.0899  w_freq: 0.718  w_spend: 0.764
Epoch  28/300 — train_loss: 0.0520  val_loss: 0.0448  freq: 0.5432  spend: 0.0847  w_freq: 0.729  w_spend: 0.782
Epoch  29/300 — train_loss: 0.0410  val_loss: 0.0357  freq: 0.5437  spend: 0.0865  w_freq: 0.739  w_spend: 0.799
Epoch  30/300 — train_loss: 0.0279  val_loss: 0.0232  freq: 0.5441  spend: 0.0848  w_freq: 0.750  w_spend: 0.818
Epoch  31/300 — train_loss: 0.0156  val_loss: 0.0108  freq: 0.5437  spend: 0.0834  w_freq: 0.760  w_spend: 0.837
Epoch  32/300 — train_loss: 0.0046  val_loss: 0.0042  freq: 0.5463  spend: 0.0862  w_freq: 0.770  w_spend: 0.856
Epoch  33/300 — train_loss: -0.0070  val_loss: -0.0083  freq: 0.5435  spend: 0.0857  w_freq: 0.780  w_spend: 0.875
Epoch  34/300 — train_loss: -0.0175  val_loss: -0.0197  freq: 0.5428  spend: 0.0846  w_freq: 0.789  w_spend: 0.894
Epoch  35/300 — train_loss: -0.0281  val_loss: -0.0295  freq: 0.5453  spend: 0.0826  w_freq: 0.797  w_spend: 0.914
Epoch  36/300 — train_loss: -0.0396  val_loss: -0.0413  freq: 0.5427  spend: 0.0833  w_freq: 0.806  w_spend: 0.934
Epoch  37/300 — train_loss: -0.0513  val_loss: -0.0513  freq: 0.5435  spend: 0.0832  w_freq: 0.815  w_spend: 0.956
Epoch  38/300 — train_loss: -0.0626  val_loss: -0.0609  freq: 0.5429  spend: 0.0843  w_freq: 0.823  w_spend: 0.979
Epoch  39/300 — train_loss: -0.0724  val_loss: -0.0711  freq: 0.5430  spend: 0.0839  w_freq: 0.831  w_spend: 1.002
Epoch  40/300 — train_loss: -0.0817  val_loss: -0.0799  freq: 0.5431  spend: 0.0839  w_freq: 0.838  w_spend: 1.023
Epoch  41/300 — train_loss: -0.0901  val_loss: -0.0828  freq: 0.5461  spend: 0.0870  w_freq: 0.844  w_spend: 1.044
Epoch  42/300 — train_loss: -0.1019  val_loss: -0.0979  freq: 0.5433  spend: 0.0836  w_freq: 0.851  w_spend: 1.067
Epoch  43/300 — train_loss: -0.1111  val_loss: -0.1057  freq: 0.5435  spend: 0.0849  w_freq: 0.857  w_spend: 1.090
Epoch  44/300 — train_loss: -0.1213  val_loss: -0.1170  freq: 0.5430  spend: 0.0830  w_freq: 0.863  w_spend: 1.115
Epoch  45/300 — train_loss: -0.1329  val_loss: -0.1230  freq: 0.5438  spend: 0.0853  w_freq: 0.868  w_spend: 1.139
Epoch  46/300 — train_loss: -0.1417  val_loss: -0.1316  freq: 0.5437  spend: 0.0854  w_freq: 0.874  w_spend: 1.164
Epoch  47/300 — train_loss: -0.1531  val_loss: -0.1472  freq: 0.5425  spend: 0.0808  w_freq: 0.878  w_spend: 1.190
Epoch  48/300 — train_loss: -0.1607  val_loss: -0.1477  freq: 0.5427  spend: 0.0871  w_freq: 0.883  w_spend: 1.216
Epoch  49/300 — train_loss: -0.1688  val_loss: -0.1586  freq: 0.5422  spend: 0.0845  w_freq: 0.886  w_spend: 1.240
Epoch  50/300 — train_loss: -0.1787  val_loss: -0.1655  freq: 0.5431  spend: 0.0846  w_freq: 0.890  w_spend: 1.263
Epoch  51/300 — train_loss: -0.1845  val_loss: -0.1741  freq: 0.5440  spend: 0.0837  w_freq: 0.893  w_spend: 1.290
Epoch  52/300 — train_loss: -0.1960  val_loss: -0.1851  freq: 0.5429  spend: 0.0822  w_freq: 0.897  w_spend: 1.316
Epoch  53/300 — train_loss: -0.2052  val_loss: -0.1908  freq: 0.5426  spend: 0.0842  w_freq: 0.899  w_spend: 1.344
Epoch  54/300 — train_loss: -0.2151  val_loss: -0.1951  freq: 0.5430  spend: 0.0865  w_freq: 0.902  w_spend: 1.371
Epoch  55/300 — train_loss: -0.2227  val_loss: -0.2082  freq: 0.5433  spend: 0.0819  w_freq: 0.904  w_spend: 1.398
Epoch  56/300 — train_loss: -0.2323  val_loss: -0.2157  freq: 0.5423  spend: 0.0825  w_freq: 0.906  w_spend: 1.425
Epoch  57/300 — train_loss: -0.2401  val_loss: -0.2197  freq: 0.5421  spend: 0.0850  w_freq: 0.908  w_spend: 1.452
Epoch  58/300 — train_loss: -0.2480  val_loss: -0.2263  freq: 0.5433  spend: 0.0847  w_freq: 0.910  w_spend: 1.481
Epoch  59/300 — train_loss: -0.2575  val_loss: -0.2351  freq: 0.5428  spend: 0.0841  w_freq: 0.912  w_spend: 1.511
Epoch  60/300 — train_loss: -0.2657  val_loss: -0.2440  freq: 0.5422  spend: 0.0830  w_freq: 0.913  w_spend: 1.540
Epoch  61/300 — train_loss: -0.2744  val_loss: -0.2479  freq: 0.5427  spend: 0.0846  w_freq: 0.914  w_spend: 1.568
Epoch  62/300 — train_loss: -0.2847  val_loss: -0.2535  freq: 0.5432  spend: 0.0850  w_freq: 0.915  w_spend: 1.597
Epoch  63/300 — train_loss: -0.2872  val_loss: -0.2649  freq: 0.5424  spend: 0.0824  w_freq: 0.916  w_spend: 1.626
Epoch  64/300 — train_loss: -0.2976  val_loss: -0.2677  freq: 0.5424  spend: 0.0847  w_freq: 0.917  w_spend: 1.656
Epoch  65/300 — train_loss: -0.3064  val_loss: -0.2714  freq: 0.5422  spend: 0.0867  w_freq: 0.918  w_spend: 1.687
Epoch  66/300 — train_loss: -0.3129  val_loss: -0.2850  freq: 0.5421  spend: 0.0826  w_freq: 0.919  w_spend: 1.720
Epoch  67/300 — train_loss: -0.3248  val_loss: -0.2883  freq: 0.5421  spend: 0.0844  w_freq: 0.919  w_spend: 1.752
Epoch  68/300 — train_loss: -0.3316  val_loss: -0.2865  freq: 0.5423  spend: 0.0886  w_freq: 0.920  w_spend: 1.782
Epoch  69/300 — train_loss: -0.3329  val_loss: -0.2881  freq: 0.5446  spend: 0.0894  w_freq: 0.920  w_spend: 1.812
Epoch  70/300 — train_loss: -0.3468  val_loss: -0.3064  freq: 0.5423  spend: 0.0839  w_freq: 0.920  w_spend: 1.842
Epoch  71/300 — train_loss: -0.3524  val_loss: -0.3059  freq: 0.5425  spend: 0.0872  w_freq: 0.921  w_spend: 1.874
Epoch  72/300 — train_loss: -0.3612  val_loss: -0.3148  freq: 0.5421  spend: 0.0856  w_freq: 0.921  w_spend: 1.905
Epoch  73/300 — train_loss: -0.3680  val_loss: -0.3122  freq: 0.5432  spend: 0.0892  w_freq: 0.922  w_spend: 1.937
Epoch  74/300 — train_loss: -0.3749  val_loss: -0.3107  freq: 0.5427  spend: 0.0928  w_freq: 0.922  w_spend: 1.969
Epoch  75/300 — train_loss: -0.3803  val_loss: -0.3243  freq: 0.5420  spend: 0.0889  w_freq: 0.922  w_spend: 2.001
Epoch  76/300 — train_loss: -0.3879  val_loss: -0.3312  freq: 0.5428  spend: 0.0877  w_freq: 0.923  w_spend: 2.033
Epoch  77/300 — train_loss: -0.3955  val_loss: -0.3328  freq: 0.5428  spend: 0.0895  w_freq: 0.923  w_spend: 2.068
Epoch  78/300 — train_loss: -0.4061  val_loss: -0.3263  freq: 0.5424  spend: 0.0949  w_freq: 0.923  w_spend: 2.099
Epoch  79/300 — train_loss: -0.4133  val_loss: -0.3324  freq: 0.5422  spend: 0.0942  w_freq: 0.923  w_spend: 2.131
Epoch  80/300 — train_loss: -0.4220  val_loss: -0.3500  freq: 0.5427  spend: 0.0882  w_freq: 0.923  w_spend: 2.164
Epoch  81/300 — train_loss: -0.4253  val_loss: -0.3416  freq: 0.5431  spend: 0.0939  w_freq: 0.924  w_spend: 2.199
Epoch  82/300 — train_loss: -0.4355  val_loss: -0.3522  freq: 0.5425  spend: 0.0914  w_freq: 0.923  w_spend: 2.232
Epoch  83/300 — train_loss: -0.4471  val_loss: -0.3319  freq: 0.5440  spend: 0.1016  w_freq: 0.923  w_spend: 2.267
Epoch  84/300 — train_loss: -0.4501  val_loss: -0.3565  freq: 0.5425  spend: 0.0932  w_freq: 0.923  w_spend: 2.301
Epoch  85/300 — train_loss: -0.4595  val_loss: -0.3635  freq: 0.5432  spend: 0.0918  w_freq: 0.924  w_spend: 2.335
Epoch  86/300 — train_loss: -0.4640  val_loss: -0.3442  freq: 0.5430  spend: 0.1016  w_freq: 0.924  w_spend: 2.368
Epoch  87/300 — train_loss: -0.4771  val_loss: -0.3541  freq: 0.5437  spend: 0.0989  w_freq: 0.924  w_spend: 2.404
Epoch  88/300 — train_loss: -0.4816  val_loss: -0.3455  freq: 0.5431  spend: 0.1041  w_freq: 0.925  w_spend: 2.440
Epoch  89/300 — train_loss: -0.4891  val_loss: -0.3547  freq: 0.5429  spend: 0.1019  w_freq: 0.924  w_spend: 2.476
Epoch  90/300 — train_loss: -0.5029  val_loss: -0.3524  freq: 0.5427  spend: 0.1043  w_freq: 0.925  w_spend: 2.511
Epoch  91/300 — train_loss: -0.5038  val_loss: -0.3619  freq: 0.5430  spend: 0.1017  w_freq: 0.925  w_spend: 2.547
Epoch  92/300 — train_loss: -0.5177  val_loss: -0.3599  freq: 0.5431  spend: 0.1037  w_freq: 0.925  w_spend: 2.582
Epoch  93/300 — train_loss: -0.5261  val_loss: -0.3698  freq: 0.5432  spend: 0.1012  w_freq: 0.925  w_spend: 2.620
Epoch  94/300 — train_loss: -0.5334  val_loss: -0.3626  freq: 0.5432  spend: 0.1051  w_freq: 0.925  w_spend: 2.657
Epoch  95/300 — train_loss: -0.5398  val_loss: -0.3730  freq: 0.5432  spend: 0.1024  w_freq: 0.925  w_spend: 2.694
Epoch  96/300 — train_loss: -0.5460  val_loss: -0.3790  freq: 0.5446  spend: 0.1008  w_freq: 0.925  w_spend: 2.730
Epoch  97/300 — train_loss: -0.5586  val_loss: -0.3634  freq: 0.5435  spend: 0.1079  w_freq: 0.925  w_spend: 2.768
Epoch  98/300 — train_loss: -0.5668  val_loss: -0.3529  freq: 0.5436  spend: 0.1125  w_freq: 0.925  w_spend: 2.808
Epoch  99/300 — train_loss: -0.5779  val_loss: -0.3608  freq: 0.5439  spend: 0.1106  w_freq: 0.925  w_spend: 2.848
Epoch 100/300 — train_loss: -0.5855  val_loss: -0.3458  freq: 0.5436  spend: 0.1166  w_freq: 0.925  w_spend: 2.889
Epoch 101/300 — train_loss: -0.5933  val_loss: -0.3558  freq: 0.5437  spend: 0.1140  w_freq: 0.925  w_spend: 2.927
Epoch 102/300 — train_loss: -0.6061  val_loss: -0.3766  freq: 0.5441  spend: 0.1076  w_freq: 0.925  w_spend: 2.967
Epoch 103/300 — train_loss: -0.6137  val_loss: -0.3348  freq: 0.5436  spend: 0.1223  w_freq: 0.925  w_spend: 3.008
Epoch 104/300 — train_loss: -0.6219  val_loss: -0.3574  freq: 0.5435  spend: 0.1155  w_freq: 0.925  w_spend: 3.046
Epoch 105/300 — train_loss: -0.6318  val_loss: -0.3704  freq: 0.5438  spend: 0.1119  w_freq: 0.926  w_spend: 3.084
Epoch 106/300 — train_loss: -0.6383  val_loss: -0.3188  freq: 0.5438  spend: 0.1288  w_freq: 0.926  w_spend: 3.124
Epoch 107/300 — train_loss: -0.6501  val_loss: -0.3208  freq: 0.5442  spend: 0.1284  w_freq: 0.925  w_spend: 3.163
Epoch 108/300 — train_loss: -0.6640  val_loss: -0.3207  freq: 0.5440  spend: 0.1289  w_freq: 0.926  w_spend: 3.201
Epoch 109/300 — train_loss: -0.6689  val_loss: -0.3274  freq: 0.5442  spend: 0.1271  w_freq: 0.925  w_spend: 3.242
Epoch 110/300 — train_loss: -0.6829  val_loss: -0.3111  freq: 0.5441  spend: 0.1323  w_freq: 0.926  w_spend: 3.281
Epoch 111/300 — train_loss: -0.6908  val_loss: -0.2851  freq: 0.5445  spend: 0.1403  w_freq: 0.926  w_spend: 3.324
Epoch 112/300 — train_loss: -0.7032  val_loss: -0.2747  freq: 0.5437  spend: 0.1436  w_freq: 0.926  w_spend: 3.367
Epoch 113/300 — train_loss: -0.7143  val_loss: -0.2811  freq: 0.5442  spend: 0.1417  w_freq: 0.926  w_spend: 3.410
Epoch 114/300 — train_loss: -0.7300  val_loss: -0.2558  freq: 0.5442  spend: 0.1490  w_freq: 0.925  w_spend: 3.451
Epoch 115/300 — train_loss: -0.7365  val_loss: -0.2181  freq: 0.5441  spend: 0.1597  w_freq: 0.925  w_spend: 3.492
Epoch 116/300 — train_loss: -0.7466  val_loss: -0.2632  freq: 0.5444  spend: 0.1467  w_freq: 0.925  w_spend: 3.535
Early stopping triggered at epoch 116.

Checkpoint saved: /kaggle/working/results/checkpoints/lstm_joint_tafeng_v2_seed42_sample.pt

Duan's smearing factor (val): 1.6204
Validation-fitted softmax temperature: 1.0627
Validation aggregate calibration: freq_factor=1.0004, spend_factor=0.9736

Running autoregressive inference on holdout period ...
  inference mode: sample  n_scenarios: 200  temperature: 1.0627

=== Prediction Diagnostics ===
  Mean predicted freq/week:    0.2321
  Mean actual freq/week:       0.2167
  Over-prediction ratio:       1.071x
  Customers predicted as zero total:  0.184
  Customers actually zero total:      0.504
  Non-zero rate (pred, avg > 0.05):  0.966
  Non-zero rate (true):               0.175

Metrics saved: /kaggle/working/results/tables/lstm_joint_tafeng_v2_seed42_sample_metrics.json
Array artifacts saved: /kaggle/working/results/tables/lstm_joint_tafeng_v2_seed42_sample_arrays.npz

=== Holdout Evaluation ===
  freq_rmse: 1.2850
  freq_mae: 0.9051
  freq_normalized_gini: 0.6046
  freq_calibration_factor: 1.0004
  freq_mape: 7.1590
  bias_pct: 7.1590
  freq_weekly_mae: 1242.2151
  freq_weekly_total_true: 30127.0000
  freq_weekly_total_pred: 32283.8059
  freq_weekly_mape: 25.3504
  freq_weekly_bias_pct: 12.0382
  freq_mase: 0.8808
  freq_mase_scale: 0.3519
  smearing_factor: 1.6204
  spend_calibration_factor: 0.9736
  spend_mae_raw: 1167.7103
  spend_rmse_raw: 3750.2107
  spend_normalized_gini: 0.5108
  spend_mae_log: 3.8187
  spend_rmse_log: 4.8901
  spend_r2_log: -0.9186
  spend_bias_pct: 71.0071
  spend_weekly_mae: 3339248.9540
  spend_weekly_total_true: 23513493.8879
  spend_weekly_total_pred: 40209738.6579
  spend_weekly_mape: 75.0647
  spend_weekly_bias_pct: 75.0647
  spend_mase: 1.1898
  spend_mase_scale: 289.2989
  clv_mae: 1167.7103
  clv_rmse: 3750.2107
  clv_spearman: 0.3369
  clv_decile_lift: 2.9067
  clv_normalized_gini: 0.5108
  clv_total_true: 23513494.0000
  clv_total_pred: 40209740.0000
  calibration_temperature_source: validation_only
  validation_temperature: 1.0627
  calibration_source: validation_only
  validation_freq_true_total: 5130.0000
  validation_freq_pred_total: 5126.1044
  validation_spend_true_total: 4434077.0163
  validation_spend_pred_total: 4681035.4747
  validation_freq_calibration_factor: 1.0004
  validation_spend_calibration_factor: 0.9736
  final_manifest_version: 2026-05-20-results-recovery-protocol
  final_manifest_run_name: lstm_joint_tafeng_v2_seed42_sample
  final_manifest_config: experiments/configs/lstm_joint_tafeng_v2.yaml
  final_manifest_config_hash: eb185c5e24bc
  final_manifest_actual_config_hash: cc1db2d26a15
  final_manifest_seed: 42
  final_manifest_epochs: 300
  final_manifest_inference_mode: sample
  final_manifest_n_scenarios: 200
  run_valid: True
  run_invalid_reason: 
  run_warning: 
History saved: /kaggle/working/results/tables/lstm_joint_tafeng_v2_seed42_sample_history.json
