[Kaggle] raw_dir  → /kaggle/working/input/tafeng-dataset
[Kaggle] results  → /kaggle/working/results
Config: experiments/configs/lstm_joint_tafeng_v2.yaml
Run: lstm_joint_tafeng_v2_seed123_sample
Device: cuda
Loading dataset: tafeng ...
[pipeline] freq_cap=4 (auto q=0.99) → freq_bins=[0, 1, 2, 3]... (n_classes=5)
  Train customers: 25029, Val: 2780, Inference: 27809
[tafeng] Customers with 0 calibration transactions: 0 / 27809
  top-bin decode: class_values[-1] = 4.473 (max_trans = 4)
Model: lstm — 98,262 parameters

Training for up to 300 epochs ...
/kaggle/working/thesis-code/src/training/trainer.py:96: FutureWarning: `torch.cuda.amp.GradScaler(args...)` is deprecated. Please use `torch.amp.GradScaler('cuda', args...)` instead.
  self.scaler = torch.cuda.amp.GradScaler(enabled=self.amp_enabled)
[Kendall] log_vars frozen for 5 warm-up epochs.
Epoch   1/300 — train_loss: 0.9887  val_loss: 0.9575  freq: 1.6203  spend: 0.2946  w_freq: 0.500  w_spend: 0.500
Epoch   2/300 — train_loss: 0.8498  val_loss: 0.6181  freq: 0.9743  spend: 0.2619  w_freq: 0.500  w_spend: 0.500
Epoch   3/300 — train_loss: 0.4945  val_loss: 0.4540  freq: 0.6721  spend: 0.2359  w_freq: 0.500  w_spend: 0.500
Epoch   4/300 — train_loss: 0.4410  val_loss: 0.4339  freq: 0.6407  spend: 0.2271  w_freq: 0.500  w_spend: 0.500
Epoch   5/300 — train_loss: 0.4170  val_loss: 0.3920  freq: 0.6117  spend: 0.1722  w_freq: 0.500  w_spend: 0.500
[Kendall] log_vars unfrozen at epoch 6.
Epoch   6/300 — train_loss: 0.3647  val_loss: 0.3421  freq: 0.5896  spend: 0.1172  w_freq: 0.504  w_spend: 0.504
Epoch   7/300 — train_loss: 0.3328  val_loss: 0.3168  freq: 0.5787  spend: 0.1049  w_freq: 0.514  w_spend: 0.514
Epoch   8/300 — train_loss: 0.3098  val_loss: 0.2956  freq: 0.5721  spend: 0.1013  w_freq: 0.525  w_spend: 0.526
Epoch   9/300 — train_loss: 0.2878  val_loss: 0.2729  freq: 0.5661  spend: 0.0979  w_freq: 0.539  w_spend: 0.540
Epoch  10/300 — train_loss: 0.2654  val_loss: 0.2530  freq: 0.5667  spend: 0.0964  w_freq: 0.555  w_spend: 0.556
Epoch  11/300 — train_loss: 0.2413  val_loss: 0.2272  freq: 0.5602  spend: 0.0944  w_freq: 0.572  w_spend: 0.574
Epoch  12/300 — train_loss: 0.2207  val_loss: 0.2101  freq: 0.5647  spend: 0.0947  w_freq: 0.590  w_spend: 0.595
Epoch  13/300 — train_loss: 0.1949  val_loss: 0.1802  freq: 0.5575  spend: 0.0900  w_freq: 0.609  w_spend: 0.616
Epoch  14/300 — train_loss: 0.1690  val_loss: 0.1574  freq: 0.5572  spend: 0.0926  w_freq: 0.631  w_spend: 0.641
Epoch  15/300 — train_loss: 0.1446  val_loss: 0.1307  freq: 0.5560  spend: 0.0889  w_freq: 0.654  w_spend: 0.670
Epoch  16/300 — train_loss: 0.1164  val_loss: 0.1077  freq: 0.5558  spend: 0.0924  w_freq: 0.677  w_spend: 0.701
Epoch  17/300 — train_loss: 0.0926  val_loss: 0.0827  freq: 0.5568  spend: 0.0894  w_freq: 0.701  w_spend: 0.735
Epoch  18/300 — train_loss: 0.0664  val_loss: 0.0776  freq: 0.5553  spend: 0.1144  w_freq: 0.723  w_spend: 0.770
Epoch  19/300 — train_loss: 0.0416  val_loss: 0.0460  freq: 0.5597  spend: 0.0987  w_freq: 0.745  w_spend: 0.807
Epoch  20/300 — train_loss: 0.0163  val_loss: 0.0125  freq: 0.5553  spend: 0.0901  w_freq: 0.766  w_spend: 0.848
Epoch  21/300 — train_loss: -0.0070  val_loss: -0.0081  freq: 0.5561  spend: 0.0901  w_freq: 0.786  w_spend: 0.891
Epoch  22/300 — train_loss: -0.0316  val_loss: -0.0335  freq: 0.5550  spend: 0.0871  w_freq: 0.804  w_spend: 0.934
Epoch  23/300 — train_loss: -0.0569  val_loss: -0.0543  freq: 0.5546  spend: 0.0879  w_freq: 0.822  w_spend: 0.981
Epoch  24/300 — train_loss: -0.0775  val_loss: -0.0761  freq: 0.5566  spend: 0.0851  w_freq: 0.838  w_spend: 1.031
Epoch  25/300 — train_loss: -0.1007  val_loss: -0.0982  freq: 0.5551  spend: 0.0844  w_freq: 0.851  w_spend: 1.082
Epoch  26/300 — train_loss: -0.1212  val_loss: -0.1152  freq: 0.5569  spend: 0.0848  w_freq: 0.864  w_spend: 1.134
Epoch  27/300 — train_loss: -0.1424  val_loss: -0.1306  freq: 0.5553  spend: 0.0889  w_freq: 0.874  w_spend: 1.188
Epoch  28/300 — train_loss: -0.1637  val_loss: -0.1498  freq: 0.5545  spend: 0.0887  w_freq: 0.883  w_spend: 1.246
Epoch  29/300 — train_loss: -0.1823  val_loss: -0.1579  freq: 0.5543  spend: 0.0961  w_freq: 0.891  w_spend: 1.305
Epoch  30/300 — train_loss: -0.2010  val_loss: -0.1891  freq: 0.5539  spend: 0.0860  w_freq: 0.897  w_spend: 1.365
Epoch  31/300 — train_loss: -0.2230  val_loss: -0.2069  freq: 0.5540  spend: 0.0855  w_freq: 0.902  w_spend: 1.430
Epoch  32/300 — train_loss: -0.2392  val_loss: -0.2161  freq: 0.5548  spend: 0.0895  w_freq: 0.907  w_spend: 1.495
Epoch  33/300 — train_loss: -0.2585  val_loss: -0.2353  freq: 0.5542  spend: 0.0873  w_freq: 0.911  w_spend: 1.559
Epoch  34/300 — train_loss: -0.2763  val_loss: -0.2330  freq: 0.5552  spend: 0.0973  w_freq: 0.914  w_spend: 1.628
Epoch  35/300 — train_loss: -0.2911  val_loss: -0.2581  freq: 0.5565  spend: 0.0899  w_freq: 0.917  w_spend: 1.694
Epoch  36/300 — train_loss: -0.3074  val_loss: -0.2790  freq: 0.5550  spend: 0.0866  w_freq: 0.918  w_spend: 1.764
Epoch  37/300 — train_loss: -0.3230  val_loss: -0.2937  freq: 0.5549  spend: 0.0855  w_freq: 0.920  w_spend: 1.833
Epoch  38/300 — train_loss: -0.3414  val_loss: -0.2986  freq: 0.5554  spend: 0.0897  w_freq: 0.920  w_spend: 1.907
Epoch  39/300 — train_loss: -0.3593  val_loss: -0.3094  freq: 0.5549  spend: 0.0908  w_freq: 0.922  w_spend: 1.982
Epoch  40/300 — train_loss: -0.3755  val_loss: -0.3138  freq: 0.5534  spend: 0.0951  w_freq: 0.922  w_spend: 2.061
Epoch  41/300 — train_loss: -0.3884  val_loss: -0.3252  freq: 0.5560  spend: 0.0940  w_freq: 0.923  w_spend: 2.141

Training failed with a repairable error: FloatingPointError: Non-finite gradients in spend_head.weight, spend_head.bias
Metrics saved: /kaggle/working/results/tables/lstm_joint_tafeng_v2_seed123_sample_metrics.json
Retrying once as robustness repair (amp_disabled; lr_0.0005; grad_clip_0.5) ...
Config: experiments/configs/lstm_joint_tafeng_v2.yaml
Run: lstm_joint_tafeng_v2_seed123_sample_repair
Device: cuda
Loading dataset: tafeng ...
[pipeline] freq_cap=4 (auto q=0.99) → freq_bins=[0, 1, 2, 3]... (n_classes=5)
  Train customers: 25029, Val: 2780, Inference: 27809
[tafeng] Customers with 0 calibration transactions: 0 / 27809
  top-bin decode: class_values[-1] = 4.473 (max_trans = 4)
Model: lstm — 98,262 parameters

Training for up to 300 epochs ...
/kaggle/working/thesis-code/src/training/trainer.py:96: FutureWarning: `torch.cuda.amp.GradScaler(args...)` is deprecated. Please use `torch.amp.GradScaler('cuda', args...)` instead.
  self.scaler = torch.cuda.amp.GradScaler(enabled=self.amp_enabled)
[Kendall] log_vars frozen for 5 warm-up epochs.
Epoch   1/300 — train_loss: 0.9960  val_loss: 0.9803  freq: 1.6647  spend: 0.2960  w_freq: 0.500  w_spend: 0.500
Epoch   2/300 — train_loss: 0.9473  val_loss: 0.8933  freq: 1.4962  spend: 0.2904  w_freq: 0.500  w_spend: 0.500
Epoch   3/300 — train_loss: 0.7441  val_loss: 0.5403  freq: 0.8328  spend: 0.2479  w_freq: 0.500  w_spend: 0.500
Epoch   4/300 — train_loss: 0.4824  val_loss: 0.4563  freq: 0.6762  spend: 0.2365  w_freq: 0.500  w_spend: 0.500
Epoch   5/300 — train_loss: 0.4446  val_loss: 0.4391  freq: 0.6483  spend: 0.2300  w_freq: 0.500  w_spend: 0.500
[Kendall] log_vars unfrozen at epoch 6.
Epoch   6/300 — train_loss: 0.4264  val_loss: 0.4167  freq: 0.6309  spend: 0.2129  w_freq: 0.502  w_spend: 0.502
Epoch   7/300 — train_loss: 0.3914  val_loss: 0.3662  freq: 0.6094  spend: 0.1467  w_freq: 0.507  w_spend: 0.507
Epoch   8/300 — train_loss: 0.3546  val_loss: 0.3398  freq: 0.5950  spend: 0.1209  w_freq: 0.512  w_spend: 0.512
Epoch   9/300 — train_loss: 0.3350  val_loss: 0.3256  freq: 0.5877  spend: 0.1149  w_freq: 0.517  w_spend: 0.517
Epoch  10/300 — train_loss: 0.3202  val_loss: 0.3073  freq: 0.5808  spend: 0.1025  w_freq: 0.523  w_spend: 0.524
Epoch  11/300 — train_loss: 0.3050  val_loss: 0.2937  freq: 0.5771  spend: 0.0989  w_freq: 0.531  w_spend: 0.531
Epoch  12/300 — train_loss: 0.2916  val_loss: 0.2814  freq: 0.5722  spend: 0.0989  w_freq: 0.539  w_spend: 0.540
Epoch  13/300 — train_loss: 0.2786  val_loss: 0.2667  freq: 0.5680  spend: 0.0949  w_freq: 0.547  w_spend: 0.548
Epoch  14/300 — train_loss: 0.2635  val_loss: 0.2579  freq: 0.5662  spend: 0.1027  w_freq: 0.556  w_spend: 0.558
Epoch  15/300 — train_loss: 0.2499  val_loss: 0.2400  freq: 0.5645  spend: 0.0932  w_freq: 0.566  w_spend: 0.569
Epoch  16/300 — train_loss: 0.2336  val_loss: 0.2282  freq: 0.5609  spend: 0.0995  w_freq: 0.577  w_spend: 0.581
Epoch  17/300 — train_loss: 0.2191  val_loss: 0.2152  freq: 0.5627  spend: 0.0963  w_freq: 0.589  w_spend: 0.593
Epoch  18/300 — train_loss: 0.2049  val_loss: 0.2007  freq: 0.5597  spend: 0.0948  w_freq: 0.599  w_spend: 0.605
Epoch  19/300 — train_loss: 0.1898  val_loss: 0.1842  freq: 0.5578  spend: 0.0902  w_freq: 0.610  w_spend: 0.618
Epoch  20/300 — train_loss: 0.1767  val_loss: 0.1693  freq: 0.5568  spend: 0.0882  w_freq: 0.622  w_spend: 0.632
Epoch  21/300 — train_loss: 0.1631  val_loss: 0.1582  freq: 0.5575  spend: 0.0884  w_freq: 0.634  w_spend: 0.646
Epoch  22/300 — train_loss: 0.1489  val_loss: 0.1445  freq: 0.5558  spend: 0.0881  w_freq: 0.645  w_spend: 0.660
Epoch  23/300 — train_loss: 0.1349  val_loss: 0.1373  freq: 0.5558  spend: 0.0976  w_freq: 0.657  w_spend: 0.675
Epoch  24/300 — train_loss: 0.1220  val_loss: 0.1203  freq: 0.5558  spend: 0.0897  w_freq: 0.669  w_spend: 0.692
Epoch  25/300 — train_loss: 0.1087  val_loss: 0.1091  freq: 0.5554  spend: 0.0912  w_freq: 0.681  w_spend: 0.707
Epoch  26/300 — train_loss: 0.0970  val_loss: 0.0973  freq: 0.5578  spend: 0.0881  w_freq: 0.691  w_spend: 0.723
Epoch  27/300 — train_loss: 0.0834  val_loss: 0.0827  freq: 0.5546  spend: 0.0877  w_freq: 0.703  w_spend: 0.739
Epoch  28/300 — train_loss: 0.0707  val_loss: 0.0745  freq: 0.5547  spend: 0.0920  w_freq: 0.714  w_spend: 0.757
Epoch  29/300 — train_loss: 0.0604  val_loss: 0.0661  freq: 0.5546  spend: 0.0944  w_freq: 0.725  w_spend: 0.774
Epoch  30/300 — train_loss: 0.0482  val_loss: 0.0502  freq: 0.5547  spend: 0.0884  w_freq: 0.735  w_spend: 0.790
Epoch  31/300 — train_loss: 0.0344  val_loss: 0.0362  freq: 0.5552  spend: 0.0853  w_freq: 0.746  w_spend: 0.810
Epoch  32/300 — train_loss: 0.0251  val_loss: 0.0275  freq: 0.5558  spend: 0.0862  w_freq: 0.757  w_spend: 0.828
Epoch  33/300 — train_loss: 0.0128  val_loss: 0.0174  freq: 0.5546  spend: 0.0882  w_freq: 0.767  w_spend: 0.847
Epoch  34/300 — train_loss: 0.0005  val_loss: 0.0101  freq: 0.5544  spend: 0.0925  w_freq: 0.777  w_spend: 0.867
Epoch  35/300 — train_loss: -0.0093  val_loss: -0.0036  freq: 0.5545  spend: 0.0878  w_freq: 0.786  w_spend: 0.886
Epoch  36/300 — train_loss: -0.0197  val_loss: -0.0157  freq: 0.5543  spend: 0.0856  w_freq: 0.795  w_spend: 0.905
Epoch  37/300 — train_loss: -0.0306  val_loss: -0.0268  freq: 0.5542  spend: 0.0839  w_freq: 0.804  w_spend: 0.925
Epoch  38/300 — train_loss: -0.0419  val_loss: -0.0342  freq: 0.5552  spend: 0.0854  w_freq: 0.812  w_spend: 0.945
Epoch  39/300 — train_loss: -0.0533  val_loss: -0.0461  freq: 0.5537  spend: 0.0842  w_freq: 0.820  w_spend: 0.966
Epoch  40/300 — train_loss: -0.0601  val_loss: -0.0507  freq: 0.5542  spend: 0.0881  w_freq: 0.828  w_spend: 0.987
Epoch  41/300 — train_loss: -0.0709  val_loss: -0.0587  freq: 0.5542  spend: 0.0885  w_freq: 0.834  w_spend: 1.006
Epoch  42/300 — train_loss: -0.0798  val_loss: -0.0700  freq: 0.5547  spend: 0.0856  w_freq: 0.841  w_spend: 1.027
Epoch  43/300 — train_loss: -0.0893  val_loss: -0.0805  freq: 0.5539  spend: 0.0848  w_freq: 0.848  w_spend: 1.049
Epoch  44/300 — train_loss: -0.1001  val_loss: -0.0880  freq: 0.5557  spend: 0.0851  w_freq: 0.854  w_spend: 1.072
Epoch  45/300 — train_loss: -0.1124  val_loss: -0.0991  freq: 0.5539  spend: 0.0856  w_freq: 0.861  w_spend: 1.097
Epoch  46/300 — train_loss: -0.1211  val_loss: -0.1078  freq: 0.5538  spend: 0.0858  w_freq: 0.867  w_spend: 1.123
Epoch  47/300 — train_loss: -0.1291  val_loss: -0.1150  freq: 0.5540  spend: 0.0860  w_freq: 0.872  w_spend: 1.145
Epoch  48/300 — train_loss: -0.1389  val_loss: -0.1272  freq: 0.5538  spend: 0.0832  w_freq: 0.876  w_spend: 1.169
Epoch  49/300 — train_loss: -0.1482  val_loss: -0.1277  freq: 0.5538  spend: 0.0899  w_freq: 0.881  w_spend: 1.195
Epoch  50/300 — train_loss: -0.1582  val_loss: -0.1388  freq: 0.5543  spend: 0.0870  w_freq: 0.885  w_spend: 1.220
Epoch  51/300 — train_loss: -0.1672  val_loss: -0.1473  freq: 0.5537  spend: 0.0870  w_freq: 0.889  w_spend: 1.245
Epoch  52/300 — train_loss: -0.1772  val_loss: -0.1530  freq: 0.5563  spend: 0.0873  w_freq: 0.893  w_spend: 1.271
Epoch  53/300 — train_loss: -0.1845  val_loss: -0.1627  freq: 0.5542  spend: 0.0873  w_freq: 0.896  w_spend: 1.298
Epoch  54/300 — train_loss: -0.1921  val_loss: -0.1693  freq: 0.5533  spend: 0.0883  w_freq: 0.899  w_spend: 1.323
Epoch  55/300 — train_loss: -0.2027  val_loss: -0.1769  freq: 0.5558  spend: 0.0870  w_freq: 0.902  w_spend: 1.350
Epoch  56/300 — train_loss: -0.2104  val_loss: -0.1806  freq: 0.5534  spend: 0.0913  w_freq: 0.905  w_spend: 1.378
Epoch  57/300 — train_loss: -0.2207  val_loss: -0.1962  freq: 0.5535  spend: 0.0858  w_freq: 0.907  w_spend: 1.405
Epoch  58/300 — train_loss: -0.2291  val_loss: -0.2023  freq: 0.5545  spend: 0.0862  w_freq: 0.909  w_spend: 1.436
Epoch  59/300 — train_loss: -0.2356  val_loss: -0.2117  freq: 0.5535  spend: 0.0851  w_freq: 0.911  w_spend: 1.464
Epoch  60/300 — train_loss: -0.2450  val_loss: -0.2165  freq: 0.5561  spend: 0.0850  w_freq: 0.912  w_spend: 1.491
Epoch  61/300 — train_loss: -0.2521  val_loss: -0.2251  freq: 0.5536  spend: 0.0856  w_freq: 0.914  w_spend: 1.520
Epoch  62/300 — train_loss: -0.2614  val_loss: -0.2225  freq: 0.5545  spend: 0.0910  w_freq: 0.915  w_spend: 1.549
Epoch  63/300 — train_loss: -0.2691  val_loss: -0.2340  freq: 0.5541  spend: 0.0881  w_freq: 0.917  w_spend: 1.577
Epoch  64/300 — train_loss: -0.2773  val_loss: -0.2362  freq: 0.5542  spend: 0.0907  w_freq: 0.918  w_spend: 1.607
Epoch  65/300 — train_loss: -0.2841  val_loss: -0.2411  freq: 0.5541  spend: 0.0913  w_freq: 0.919  w_spend: 1.634
Epoch  66/300 — train_loss: -0.2926  val_loss: -0.2506  freq: 0.5549  spend: 0.0891  w_freq: 0.919  w_spend: 1.664
Epoch  67/300 — train_loss: -0.2996  val_loss: -0.2443  freq: 0.5543  spend: 0.0964  w_freq: 0.920  w_spend: 1.694
Epoch  68/300 — train_loss: -0.3114  val_loss: -0.2619  freq: 0.5536  spend: 0.0905  w_freq: 0.921  w_spend: 1.723
Epoch  69/300 — train_loss: -0.3137  val_loss: -0.2673  freq: 0.5535  spend: 0.0910  w_freq: 0.922  w_spend: 1.757
Epoch  70/300 — train_loss: -0.3218  val_loss: -0.2744  freq: 0.5541  spend: 0.0901  w_freq: 0.923  w_spend: 1.788
Epoch  71/300 — train_loss: -0.3302  val_loss: -0.2792  freq: 0.5550  spend: 0.0902  w_freq: 0.923  w_spend: 1.821
Epoch  72/300 — train_loss: -0.3382  val_loss: -0.2843  freq: 0.5541  spend: 0.0911  w_freq: 0.924  w_spend: 1.854
Epoch  73/300 — train_loss: -0.3444  val_loss: -0.2868  freq: 0.5535  spend: 0.0930  w_freq: 0.924  w_spend: 1.886
Epoch  74/300 — train_loss: -0.3540  val_loss: -0.2955  freq: 0.5536  spend: 0.0911  w_freq: 0.924  w_spend: 1.917
Epoch  75/300 — train_loss: -0.3571  val_loss: -0.2970  freq: 0.5533  spend: 0.0930  w_freq: 0.925  w_spend: 1.948
Epoch  76/300 — train_loss: -0.3645  val_loss: -0.3072  freq: 0.5538  spend: 0.0902  w_freq: 0.924  w_spend: 1.978
Epoch  77/300 — train_loss: -0.3710  val_loss: -0.3105  freq: 0.5536  spend: 0.0910  w_freq: 0.924  w_spend: 2.011
Epoch  78/300 — train_loss: -0.3814  val_loss: -0.3039  freq: 0.5537  spend: 0.0964  w_freq: 0.925  w_spend: 2.039
Epoch  79/300 — train_loss: -0.3849  val_loss: -0.3178  freq: 0.5536  spend: 0.0920  w_freq: 0.925  w_spend: 2.069
Epoch  80/300 — train_loss: -0.3937  val_loss: -0.3257  freq: 0.5537  spend: 0.0906  w_freq: 0.925  w_spend: 2.103
Epoch  81/300 — train_loss: -0.4009  val_loss: -0.3220  freq: 0.5535  spend: 0.0949  w_freq: 0.925  w_spend: 2.140
Epoch  82/300 — train_loss: -0.4091  val_loss: -0.3276  freq: 0.5531  spend: 0.0946  w_freq: 0.925  w_spend: 2.175
Epoch  83/300 — train_loss: -0.4177  val_loss: -0.3315  freq: 0.5534  spend: 0.0948  w_freq: 0.925  w_spend: 2.209
Epoch  84/300 — train_loss: -0.4208  val_loss: -0.3237  freq: 0.5537  spend: 0.1002  w_freq: 0.925  w_spend: 2.245
Epoch  85/300 — train_loss: -0.4310  val_loss: -0.3406  freq: 0.5538  spend: 0.0946  w_freq: 0.925  w_spend: 2.281
Epoch  86/300 — train_loss: -0.4391  val_loss: -0.3503  freq: 0.5532  spend: 0.0928  w_freq: 0.925  w_spend: 2.319
Epoch  87/300 — train_loss: -0.4455  val_loss: -0.3453  freq: 0.5533  spend: 0.0964  w_freq: 0.926  w_spend: 2.354
Epoch  88/300 — train_loss: -0.4524  val_loss: -0.3543  freq: 0.5535  spend: 0.0942  w_freq: 0.926  w_spend: 2.387
Epoch  89/300 — train_loss: -0.4594  val_loss: -0.3456  freq: 0.5533  spend: 0.0994  w_freq: 0.926  w_spend: 2.422
Epoch  90/300 — train_loss: -0.4730  val_loss: -0.3481  freq: 0.5538  spend: 0.0997  w_freq: 0.927  w_spend: 2.456
Epoch  91/300 — train_loss: -0.4702  val_loss: -0.3473  freq: 0.5540  spend: 0.1015  w_freq: 0.926  w_spend: 2.493
Epoch  92/300 — train_loss: -0.4814  val_loss: -0.3514  freq: 0.5540  spend: 0.1013  w_freq: 0.927  w_spend: 2.531
Epoch  93/300 — train_loss: -0.4889  val_loss: -0.3591  freq: 0.5540  spend: 0.0996  w_freq: 0.927  w_spend: 2.567
Epoch  94/300 — train_loss: -0.4915  val_loss: -0.3572  freq: 0.5537  spend: 0.1017  w_freq: 0.927  w_spend: 2.604
Epoch  95/300 — train_loss: -0.5035  val_loss: -0.3545  freq: 0.5537  spend: 0.1040  w_freq: 0.927  w_spend: 2.640
Epoch  96/300 — train_loss: -0.5079  val_loss: -0.3553  freq: 0.5546  spend: 0.1046  w_freq: 0.927  w_spend: 2.678
Epoch  97/300 — train_loss: -0.5143  val_loss: -0.3646  freq: 0.5554  spend: 0.1020  w_freq: 0.927  w_spend: 2.717
Epoch  98/300 — train_loss: -0.5296  val_loss: -0.3585  freq: 0.5539  spend: 0.1059  w_freq: 0.927  w_spend: 2.757
Epoch  99/300 — train_loss: -0.5352  val_loss: -0.3658  freq: 0.5538  spend: 0.1043  w_freq: 0.927  w_spend: 2.796
Epoch 100/300 — train_loss: -0.5430  val_loss: -0.3577  freq: 0.5539  spend: 0.1081  w_freq: 0.927  w_spend: 2.835
Epoch 101/300 — train_loss: -0.5546  val_loss: -0.3609  freq: 0.5539  spend: 0.1079  w_freq: 0.927  w_spend: 2.873
Epoch 102/300 — train_loss: -0.5575  val_loss: -0.3474  freq: 0.5543  spend: 0.1131  w_freq: 0.927  w_spend: 2.911
Epoch 103/300 — train_loss: -0.5701  val_loss: -0.3480  freq: 0.5540  spend: 0.1138  w_freq: 0.926  w_spend: 2.951
Epoch 104/300 — train_loss: -0.5685  val_loss: -0.3423  freq: 0.5543  spend: 0.1162  w_freq: 0.927  w_spend: 2.990
Epoch 105/300 — train_loss: -0.5815  val_loss: -0.3529  freq: 0.5539  spend: 0.1135  w_freq: 0.927  w_spend: 3.026
Epoch 106/300 — train_loss: -0.5894  val_loss: -0.3663  freq: 0.5541  spend: 0.1098  w_freq: 0.927  w_spend: 3.065
Epoch 107/300 — train_loss: -0.5931  val_loss: -0.3562  freq: 0.5540  spend: 0.1136  w_freq: 0.927  w_spend: 3.104
Epoch 108/300 — train_loss: -0.6097  val_loss: -0.3490  freq: 0.5544  spend: 0.1163  w_freq: 0.927  w_spend: 3.142
Epoch 109/300 — train_loss: -0.6132  val_loss: -0.3619  freq: 0.5544  spend: 0.1129  w_freq: 0.927  w_spend: 3.183
Epoch 110/300 — train_loss: -0.6187  val_loss: -0.3441  freq: 0.5542  spend: 0.1189  w_freq: 0.927  w_spend: 3.225
Epoch 111/300 — train_loss: -0.6319  val_loss: -0.3251  freq: 0.5543  spend: 0.1251  w_freq: 0.927  w_spend: 3.267
Epoch 112/300 — train_loss: -0.6379  val_loss: -0.3546  freq: 0.5540  spend: 0.1167  w_freq: 0.927  w_spend: 3.309
Epoch 113/300 — train_loss: -0.6479  val_loss: -0.3144  freq: 0.5545  spend: 0.1289  w_freq: 0.928  w_spend: 3.349
Epoch 114/300 — train_loss: -0.6559  val_loss: -0.3296  freq: 0.5550  spend: 0.1245  w_freq: 0.928  w_spend: 3.389
Epoch 115/300 — train_loss: -0.6684  val_loss: -0.3485  freq: 0.5550  spend: 0.1193  w_freq: 0.927  w_spend: 3.430
Epoch 116/300 — train_loss: -0.6780  val_loss: -0.3062  freq: 0.5552  spend: 0.1316  w_freq: 0.928  w_spend: 3.472
Epoch 117/300 — train_loss: -0.6828  val_loss: -0.3046  freq: 0.5549  spend: 0.1323  w_freq: 0.927  w_spend: 3.514
Epoch 118/300 — train_loss: -0.6874  val_loss: -0.2736  freq: 0.5551  spend: 0.1410  w_freq: 0.928  w_spend: 3.554
Epoch 119/300 — train_loss: -0.7029  val_loss: -0.3160  freq: 0.5548  spend: 0.1293  w_freq: 0.927  w_spend: 3.595
Epoch 120/300 — train_loss: -0.7138  val_loss: -0.2989  freq: 0.5545  spend: 0.1342  w_freq: 0.927  w_spend: 3.640
Epoch 121/300 — train_loss: -0.7191  val_loss: -0.2995  freq: 0.5549  spend: 0.1339  w_freq: 0.928  w_spend: 3.685
Epoch 122/300 — train_loss: -0.7257  val_loss: -0.2938  freq: 0.5546  spend: 0.1355  w_freq: 0.928  w_spend: 3.729
Epoch 123/300 — train_loss: -0.7411  val_loss: -0.2720  freq: 0.5550  spend: 0.1411  w_freq: 0.928  w_spend: 3.773
Epoch 124/300 — train_loss: -0.7560  val_loss: -0.2287  freq: 0.5564  spend: 0.1519  w_freq: 0.927  w_spend: 3.817
Epoch 125/300 — train_loss: -0.7513  val_loss: -0.2868  freq: 0.5548  spend: 0.1371  w_freq: 0.927  w_spend: 3.863
Epoch 126/300 — train_loss: -0.7720  val_loss: -0.2463  freq: 0.5551  spend: 0.1473  w_freq: 0.927  w_spend: 3.904
Early stopping triggered at epoch 126.

Checkpoint saved: /kaggle/working/results/checkpoints/lstm_joint_tafeng_v2_seed123_sample_repair.pt

Duan's smearing factor (val): 1.5817
Validation-fitted softmax temperature: 1.0180
Validation aggregate calibration: freq_factor=0.9992, spend_factor=0.9730

Running autoregressive inference on holdout period ...
  inference mode: sample  n_scenarios: 200  temperature: 1.0180

=== Prediction Diagnostics ===
  Mean predicted freq/week:    0.2927
  Mean actual freq/week:       0.2167
  Over-prediction ratio:       1.351x
  Customers predicted as zero total:  0.012
  Customers actually zero total:      0.504
  Non-zero rate (pred, avg > 0.05):  0.973
  Non-zero rate (true):               0.175

Metrics saved: /kaggle/working/results/tables/lstm_joint_tafeng_v2_seed123_sample_repair_metrics.json
Array artifacts saved: /kaggle/working/results/tables/lstm_joint_tafeng_v2_seed123_sample_repair_arrays.npz

=== Holdout Evaluation ===
  freq_rmse: 1.3283
  freq_mae: 0.9849
  freq_normalized_gini: 0.6431
  freq_calibration_factor: 0.9992
  freq_mape: 34.9813
  bias_pct: 34.9813
  freq_weekly_mae: 2922.9721
  freq_weekly_total_true: 30127.0000
  freq_weekly_total_pred: 40665.8079
  freq_weekly_mape: 55.2079
  freq_weekly_bias_pct: 41.7843
  freq_mase: 0.9777
  freq_mase_scale: 0.3519
  smearing_factor: 1.5817
  spend_calibration_factor: 0.9730
  spend_mae_raw: 1310.8928
  spend_rmse_raw: 3360.7778
  spend_normalized_gini: 0.5389
  spend_mae_log: 3.9519
  spend_rmse_log: 5.0497
  spend_r2_log: -1.0458
  spend_bias_pct: 102.3584
  spend_weekly_mae: 5364243.8016
  spend_weekly_total_true: 23513493.8879
  spend_weekly_total_pred: 47581528.2743
  spend_weekly_mape: 121.1327
  spend_weekly_bias_pct: 109.6852
  spend_mase: 1.3280
  spend_mase_scale: 289.2989
  clv_mae: 1310.8928
  clv_rmse: 3360.7778
  clv_spearman: 0.3589
  clv_decile_lift: 3.0943
  clv_normalized_gini: 0.5389
  clv_total_true: 23513494.0000
  clv_total_pred: 47581528.0000
  calibration_temperature_source: validation_only
  validation_temperature: 1.0180
  calibration_source: validation_only
  validation_freq_true_total: 5343.0000
  validation_freq_pred_total: 5351.2882
  validation_spend_true_total: 4536783.9953
  validation_spend_pred_total: 4795432.7475
  validation_freq_calibration_factor: 0.9992
  validation_spend_calibration_factor: 0.9730
  repair_attempted: True
  repair_strategy: amp_disabled; lr_0.0005; grad_clip_0.5
  repair_source_failure_type: FloatingPointError
  training_lr_after_repair: 0.0005
  training_max_grad_norm_after_repair: 0.5000
  training_amp_enabled_after_repair: False
  final_manifest_version: 2026-05-20-results-recovery-protocol
  final_manifest_run_name: lstm_joint_tafeng_v2_seed123_sample_repair
  final_manifest_config: experiments/configs/lstm_joint_tafeng_v2.yaml
  final_manifest_config_hash: f7695b59363e
  final_manifest_actual_config_hash: 7adbf49a3f15
  final_manifest_seed: 123
  final_manifest_epochs: 300
  final_manifest_inference_mode: sample
  final_manifest_n_scenarios: 200
  run_valid: True
  run_invalid_reason: 
  run_warning: large spend bias (102.4%)
History saved: /kaggle/working/results/tables/lstm_joint_tafeng_v2_seed123_sample_repair_history.json
