[Kaggle] raw_dir  → /kaggle/working/input/tafeng-dataset
[Kaggle] results  → /kaggle/working/results
Config: experiments/configs/lstm_base_tafeng_v2.yaml
Run: lstm_base_tafeng_v2_seed7_sample
Device: cuda
Loading dataset: tafeng ...
[pipeline] freq_cap=4 (auto q=0.99) → freq_bins=[0, 1, 2, 3]... (n_classes=5)
  Train customers: 25029, Val: 2780, Inference: 27809
[tafeng] Customers with 0 calibration transactions: 0 / 27809
  top-bin decode: class_values[-1] = 4.473 (max_trans = 4)
Model: lstm — 89,780 parameters

Training for up to 300 epochs ...
/kaggle/working/thesis-code/src/training/trainer.py:97: FutureWarning: `torch.cuda.amp.GradScaler(args...)` is deprecated. Please use `torch.amp.GradScaler('cuda', args...)` instead.
  self.scaler = torch.cuda.amp.GradScaler(enabled=self.amp_enabled)
Epoch   1/300 — train_loss: 1.5729  val_loss: 1.4596
Epoch   2/300 — train_loss: 0.9784  val_loss: 0.6760
Epoch   3/300 — train_loss: 0.6361  val_loss: 0.5963
Epoch   4/300 — train_loss: 0.5870  val_loss: 0.5712
Epoch   5/300 — train_loss: 0.5720  val_loss: 0.5589
Epoch   6/300 — train_loss: 0.5626  val_loss: 0.5507
Epoch   7/300 — train_loss: 0.5561  val_loss: 0.5482
Epoch   8/300 — train_loss: 0.5525  val_loss: 0.5461
Epoch   9/300 — train_loss: 0.5507  val_loss: 0.5448
Epoch  10/300 — train_loss: 0.5496  val_loss: 0.5428
Epoch  11/300 — train_loss: 0.5496  val_loss: 0.5488
Epoch  12/300 — train_loss: 0.5479  val_loss: 0.5403
Epoch  13/300 — train_loss: 0.5474  val_loss: 0.5391
Epoch  14/300 — train_loss: 0.5476  val_loss: 0.5455
Epoch  15/300 — train_loss: 0.5467  val_loss: 0.5404
Epoch  16/300 — train_loss: 0.5460  val_loss: 0.5381
Epoch  17/300 — train_loss: 0.5449  val_loss: 0.5376
Epoch  18/300 — train_loss: 0.5449  val_loss: 0.5384
Epoch  19/300 — train_loss: 0.5445  val_loss: 0.5378
Epoch  20/300 — train_loss: 0.5444  val_loss: 0.5375
Epoch  21/300 — train_loss: 0.5442  val_loss: 0.5378
Epoch  22/300 — train_loss: 0.5440  val_loss: 0.5373
Epoch  23/300 — train_loss: 0.5439  val_loss: 0.5374
Epoch  24/300 — train_loss: 0.5437  val_loss: 0.5371
Epoch  25/300 — train_loss: 0.5434  val_loss: 0.5371
Epoch  26/300 — train_loss: 0.5433  val_loss: 0.5371
Epoch  27/300 — train_loss: 0.5437  val_loss: 0.5372
Epoch  28/300 — train_loss: 0.5431  val_loss: 0.5371
Epoch  29/300 — train_loss: 0.5432  val_loss: 0.5383
Epoch  30/300 — train_loss: 0.5430  val_loss: 0.5375
Epoch  31/300 — train_loss: 0.5430  val_loss: 0.5371
Epoch  32/300 — train_loss: 0.5431  val_loss: 0.5369
Epoch  33/300 — train_loss: 0.5430  val_loss: 0.5371
Epoch  34/300 — train_loss: 0.5429  val_loss: 0.5368
Epoch  35/300 — train_loss: 0.5432  val_loss: 0.5370
Epoch  36/300 — train_loss: 0.5423  val_loss: 0.5365
Epoch  37/300 — train_loss: 0.5421  val_loss: 0.5371
Epoch  38/300 — train_loss: 0.5422  val_loss: 0.5383
Epoch  39/300 — train_loss: 0.5418  val_loss: 0.5377
Epoch  40/300 — train_loss: 0.5421  val_loss: 0.5372
Epoch  41/300 — train_loss: 0.5422  val_loss: 0.5373
Epoch  42/300 — train_loss: 0.5424  val_loss: 0.5368
Epoch  43/300 — train_loss: 0.5415  val_loss: 0.5372
Epoch  44/300 — train_loss: 0.5423  val_loss: 0.5374
Epoch  45/300 — train_loss: 0.5417  val_loss: 0.5373
Epoch  46/300 — train_loss: 0.5418  val_loss: 0.5373
Epoch  47/300 — train_loss: 0.5416  val_loss: 0.5370
Epoch  48/300 — train_loss: 0.5412  val_loss: 0.5372
Epoch  49/300 — train_loss: 0.5416  val_loss: 0.5406
Epoch  50/300 — train_loss: 0.5411  val_loss: 0.5374
Epoch  51/300 — train_loss: 0.5416  val_loss: 0.5386
Epoch  52/300 — train_loss: 0.5410  val_loss: 0.5379
Epoch  53/300 — train_loss: 0.5409  val_loss: 0.5372
Epoch  54/300 — train_loss: 0.5409  val_loss: 0.5381
Epoch  55/300 — train_loss: 0.5412  val_loss: 0.5372
Epoch  56/300 — train_loss: 0.5406  val_loss: 0.5384
Early stopping triggered at epoch 56.

Checkpoint saved: /kaggle/working/results/checkpoints/lstm_base_tafeng_v2_seed7_sample.pt
Validation-fitted softmax temperature: 1.0133
Validation aggregate calibration: freq_factor=1.0059, spend_factor=1.0000

Running autoregressive inference on holdout period ...
  inference mode: sample  n_scenarios: 200  temperature: 1.0133

=== Prediction Diagnostics ===
  Mean predicted freq/week:    0.2847
  Mean actual freq/week:       0.2167
  Over-prediction ratio:       1.314x
  Customers predicted as zero total:  0.088
  Customers actually zero total:      0.504
  Non-zero rate (pred, avg > 0.05):  0.993
  Non-zero rate (true):               0.175

Metrics saved: /kaggle/working/results/tables/lstm_base_tafeng_v2_seed7_sample_metrics.json
Array artifacts saved: /kaggle/working/results/tables/lstm_base_tafeng_v2_seed7_sample_arrays.npz

=== Holdout Evaluation ===
  freq_rmse: 1.3574
  freq_mae: 0.9568
  freq_normalized_gini: 0.6538
  freq_calibration_factor: 1.0059
  freq_mape: 32.1893
  bias_pct: 32.1893
  freq_weekly_mae: 1939.5331
  freq_weekly_total_true: 30127.0000
  freq_weekly_total_pred: 39824.6655
  freq_weekly_mape: 34.6732
  freq_weekly_bias_pct: 34.6732
  freq_mase: 0.9199
  freq_mase_scale: 0.3519
  calibration_temperature_source: validation_only
  validation_temperature: 1.0133
  calibration_source: validation_only
  validation_freq_true_total: 5147.0000
  validation_freq_pred_total: 5087.2014
  validation_spend_true_total: 0.0000
  validation_spend_pred_total: 0.0000
  validation_freq_calibration_factor: 1.0059
  validation_spend_calibration_factor: 1.0000
  final_manifest_version: 2026-05-20-results-recovery-protocol
  final_manifest_run_name: lstm_base_tafeng_v2_seed7_sample
  final_manifest_config: experiments/configs/lstm_base_tafeng_v2.yaml
  final_manifest_config_hash: 4c68c45a1318
  final_manifest_actual_config_hash: 8c9dd617aab8
  final_manifest_seed: 7
  final_manifest_epochs: 300
  final_manifest_inference_mode: sample
  final_manifest_n_scenarios: 200
  run_valid: True
  run_invalid_reason: 
  run_warning: 
History saved: /kaggle/working/results/tables/lstm_base_tafeng_v2_seed7_sample_history.json
