[Kaggle] raw_dir  → /kaggle/working/input/dunnhumby
[Kaggle] results  → /kaggle/working/results
Config: experiments/configs/lstm_base_dunnhumby_v2.yaml
Run: lstm_base_dunnhumby_v2_seed7_sample
Device: cuda
Loading dataset: dunnhumby ...
[pipeline] freq_cap=10 (auto q=0.99) → freq_bins=[0, 1, 2, 3]... (n_classes=11)
  Train customers: 2249, Val: 249, Inference: 2498
[dunnhumby] Customers with 0 calibration transactions: 0 / 2498
  top-bin decode: class_values[-1] = 13.099 (max_trans = 10)
Model: lstm — 91,095 parameters

Training for up to 300 epochs ...
/kaggle/working/thesis-code/src/training/trainer.py:97: FutureWarning: `torch.cuda.amp.GradScaler(args...)` is deprecated. Please use `torch.amp.GradScaler('cuda', args...)` instead.
  self.scaler = torch.cuda.amp.GradScaler(enabled=self.amp_enabled)
Epoch   1/300 — train_loss: 2.3988  val_loss: 2.3945
Epoch   2/300 — train_loss: 2.3880  val_loss: 2.3787
Epoch   3/300 — train_loss: 2.3656  val_loss: 2.3495
Epoch   4/300 — train_loss: 2.3224  val_loss: 2.2881
Epoch   5/300 — train_loss: 2.2095  val_loss: 2.0765
Epoch   6/300 — train_loss: 1.7866  val_loss: 1.7132
Epoch   7/300 — train_loss: 1.5660  val_loss: 1.5501
Epoch   8/300 — train_loss: 1.4946  val_loss: 1.5248
Epoch   9/300 — train_loss: 1.4663  val_loss: 1.5066
Epoch  10/300 — train_loss: 1.4385  val_loss: 1.4672
Epoch  11/300 — train_loss: 1.3850  val_loss: 1.4074
Epoch  12/300 — train_loss: 1.3363  val_loss: 1.3755
Epoch  13/300 — train_loss: 1.3099  val_loss: 1.3527
Epoch  14/300 — train_loss: 1.2904  val_loss: 1.3355
Epoch  15/300 — train_loss: 1.2868  val_loss: 1.3326
Epoch  16/300 — train_loss: 1.2896  val_loss: 1.3433
Epoch  17/300 — train_loss: 1.2762  val_loss: 1.3117
Epoch  18/300 — train_loss: 1.2560  val_loss: 1.3053
Epoch  19/300 — train_loss: 1.2417  val_loss: 1.2859
Epoch  20/300 — train_loss: 1.2275  val_loss: 1.2714
Epoch  21/300 — train_loss: 1.2194  val_loss: 1.2622
Epoch  22/300 — train_loss: 1.2137  val_loss: 1.2644
Epoch  23/300 — train_loss: 1.2089  val_loss: 1.2515
Epoch  24/300 — train_loss: 1.2038  val_loss: 1.2487
Epoch  25/300 — train_loss: 1.2005  val_loss: 1.2433
Epoch  26/300 — train_loss: 1.1986  val_loss: 1.2401
Epoch  27/300 — train_loss: 1.1964  val_loss: 1.2364
Epoch  28/300 — train_loss: 1.1940  val_loss: 1.2346
Epoch  29/300 — train_loss: 1.1923  val_loss: 1.2326
Epoch  30/300 — train_loss: 1.1893  val_loss: 1.2320
Epoch  31/300 — train_loss: 1.1883  val_loss: 1.2281
Epoch  32/300 — train_loss: 1.1874  val_loss: 1.2285
Epoch  33/300 — train_loss: 1.1864  val_loss: 1.2266
Epoch  34/300 — train_loss: 1.1856  val_loss: 1.2248
Epoch  35/300 — train_loss: 1.1843  val_loss: 1.2235
Epoch  36/300 — train_loss: 1.1828  val_loss: 1.2245
Epoch  37/300 — train_loss: 1.1828  val_loss: 1.2216
Epoch  38/300 — train_loss: 1.1817  val_loss: 1.2202
Epoch  39/300 — train_loss: 1.1799  val_loss: 1.2208
Epoch  40/300 — train_loss: 1.1788  val_loss: 1.2185
Epoch  41/300 — train_loss: 1.1782  val_loss: 1.2175
Epoch  42/300 — train_loss: 1.1795  val_loss: 1.2181
Epoch  43/300 — train_loss: 1.1767  val_loss: 1.2168
Epoch  44/300 — train_loss: 1.1755  val_loss: 1.2172
Epoch  45/300 — train_loss: 1.1767  val_loss: 1.2156
Epoch  46/300 — train_loss: 1.1762  val_loss: 1.2151
Epoch  47/300 — train_loss: 1.1758  val_loss: 1.2180
Epoch  48/300 — train_loss: 1.1751  val_loss: 1.2155
Epoch  49/300 — train_loss: 1.1748  val_loss: 1.2139
Epoch  50/300 — train_loss: 1.1723  val_loss: 1.2138
Epoch  51/300 — train_loss: 1.1709  val_loss: 1.2152
Epoch  52/300 — train_loss: 1.1720  val_loss: 1.2134
Epoch  53/300 — train_loss: 1.1721  val_loss: 1.2127
Epoch  54/300 — train_loss: 1.1717  val_loss: 1.2143
Epoch  55/300 — train_loss: 1.1722  val_loss: 1.2120
Epoch  56/300 — train_loss: 1.1703  val_loss: 1.2117
Epoch  57/300 — train_loss: 1.1704  val_loss: 1.2135
Epoch  58/300 — train_loss: 1.1703  val_loss: 1.2111
Epoch  59/300 — train_loss: 1.1682  val_loss: 1.2117
Epoch  60/300 — train_loss: 1.1697  val_loss: 1.2136
Epoch  61/300 — train_loss: 1.1700  val_loss: 1.2126
Epoch  62/300 — train_loss: 1.1704  val_loss: 1.2113
Epoch  63/300 — train_loss: 1.1707  val_loss: 1.2107
Epoch  64/300 — train_loss: 1.1685  val_loss: 1.2104
Epoch  65/300 — train_loss: 1.1687  val_loss: 1.2100
Epoch  66/300 — train_loss: 1.1683  val_loss: 1.2104
Epoch  67/300 — train_loss: 1.1675  val_loss: 1.2104
Epoch  68/300 — train_loss: 1.1680  val_loss: 1.2097
Epoch  69/300 — train_loss: 1.1693  val_loss: 1.2097
Epoch  70/300 — train_loss: 1.1685  val_loss: 1.2106
Epoch  71/300 — train_loss: 1.1689  val_loss: 1.2133
Epoch  72/300 — train_loss: 1.1686  val_loss: 1.2128
Epoch  73/300 — train_loss: 1.1696  val_loss: 1.2091
Epoch  74/300 — train_loss: 1.1658  val_loss: 1.2100
Epoch  75/300 — train_loss: 1.1666  val_loss: 1.2105
Epoch  76/300 — train_loss: 1.1661  val_loss: 1.2122
Epoch  77/300 — train_loss: 1.1666  val_loss: 1.2093
Epoch  78/300 — train_loss: 1.1668  val_loss: 1.2093
Epoch  79/300 — train_loss: 1.1677  val_loss: 1.2089
Epoch  80/300 — train_loss: 1.1648  val_loss: 1.2104
Epoch  81/300 — train_loss: 1.1647  val_loss: 1.2108
Epoch  82/300 — train_loss: 1.1655  val_loss: 1.2088
Epoch  83/300 — train_loss: 1.1658  val_loss: 1.2091
Epoch  84/300 — train_loss: 1.1666  val_loss: 1.2089
Epoch  85/300 — train_loss: 1.1659  val_loss: 1.2093
Epoch  86/300 — train_loss: 1.1653  val_loss: 1.2100
Epoch  87/300 — train_loss: 1.1652  val_loss: 1.2091
Epoch  88/300 — train_loss: 1.1667  val_loss: 1.2078
Epoch  89/300 — train_loss: 1.1632  val_loss: 1.2083
Epoch  90/300 — train_loss: 1.1628  val_loss: 1.2084
Epoch  91/300 — train_loss: 1.1657  val_loss: 1.2083
Epoch  92/300 — train_loss: 1.1639  val_loss: 1.2094
Epoch  93/300 — train_loss: 1.1648  val_loss: 1.2085
Epoch  94/300 — train_loss: 1.1649  val_loss: 1.2078
Epoch  95/300 — train_loss: 1.1643  val_loss: 1.2081
Epoch  96/300 — train_loss: 1.1639  val_loss: 1.2080
Epoch  97/300 — train_loss: 1.1644  val_loss: 1.2085
Epoch  98/300 — train_loss: 1.1644  val_loss: 1.2081
Epoch  99/300 — train_loss: 1.1644  val_loss: 1.2076
Epoch 100/300 — train_loss: 1.1639  val_loss: 1.2074
Epoch 101/300 — train_loss: 1.1633  val_loss: 1.2087
Epoch 102/300 — train_loss: 1.1647  val_loss: 1.2084
Epoch 103/300 — train_loss: 1.1635  val_loss: 1.2082
Epoch 104/300 — train_loss: 1.1628  val_loss: 1.2077
Epoch 105/300 — train_loss: 1.1634  val_loss: 1.2074
Epoch 106/300 — train_loss: 1.1641  val_loss: 1.2081
Epoch 107/300 — train_loss: 1.1629  val_loss: 1.2080
Epoch 108/300 — train_loss: 1.1636  val_loss: 1.2096
Epoch 109/300 — train_loss: 1.1634  val_loss: 1.2073
Epoch 110/300 — train_loss: 1.1631  val_loss: 1.2074
Epoch 111/300 — train_loss: 1.1628  val_loss: 1.2080
Epoch 112/300 — train_loss: 1.1639  val_loss: 1.2078
Epoch 113/300 — train_loss: 1.1630  val_loss: 1.2084
Epoch 114/300 — train_loss: 1.1614  val_loss: 1.2081
Epoch 115/300 — train_loss: 1.1622  val_loss: 1.2076
Epoch 116/300 — train_loss: 1.1639  val_loss: 1.2071
Epoch 117/300 — train_loss: 1.1631  val_loss: 1.2076
Epoch 118/300 — train_loss: 1.1617  val_loss: 1.2080
Epoch 119/300 — train_loss: 1.1617  val_loss: 1.2076
Epoch 120/300 — train_loss: 1.1634  val_loss: 1.2086
Epoch 121/300 — train_loss: 1.1629  val_loss: 1.2078
Epoch 122/300 — train_loss: 1.1613  val_loss: 1.2075
Epoch 123/300 — train_loss: 1.1626  val_loss: 1.2071
Epoch 124/300 — train_loss: 1.1617  val_loss: 1.2072
Epoch 125/300 — train_loss: 1.1611  val_loss: 1.2093
Epoch 126/300 — train_loss: 1.1632  val_loss: 1.2070
Epoch 127/300 — train_loss: 1.1620  val_loss: 1.2077
Epoch 128/300 — train_loss: 1.1620  val_loss: 1.2074
Epoch 129/300 — train_loss: 1.1613  val_loss: 1.2075
Epoch 130/300 — train_loss: 1.1619  val_loss: 1.2069
Epoch 131/300 — train_loss: 1.1617  val_loss: 1.2072
Epoch 132/300 — train_loss: 1.1625  val_loss: 1.2072
Epoch 133/300 — train_loss: 1.1597  val_loss: 1.2072
Epoch 134/300 — train_loss: 1.1610  val_loss: 1.2067
Epoch 135/300 — train_loss: 1.1625  val_loss: 1.2075
Epoch 136/300 — train_loss: 1.1617  val_loss: 1.2074
Epoch 137/300 — train_loss: 1.1620  val_loss: 1.2065
Epoch 138/300 — train_loss: 1.1608  val_loss: 1.2067
Epoch 139/300 — train_loss: 1.1605  val_loss: 1.2069
Epoch 140/300 — train_loss: 1.1620  val_loss: 1.2068
Epoch 141/300 — train_loss: 1.1606  val_loss: 1.2074
Epoch 142/300 — train_loss: 1.1612  val_loss: 1.2069
Epoch 143/300 — train_loss: 1.1610  val_loss: 1.2071
Epoch 144/300 — train_loss: 1.1620  val_loss: 1.2075
Epoch 145/300 — train_loss: 1.1612  val_loss: 1.2073
Epoch 146/300 — train_loss: 1.1597  val_loss: 1.2070
Epoch 147/300 — train_loss: 1.1616  val_loss: 1.2068
Epoch 148/300 — train_loss: 1.1618  val_loss: 1.2077
Epoch 149/300 — train_loss: 1.1600  val_loss: 1.2076
Epoch 150/300 — train_loss: 1.1605  val_loss: 1.2066
Epoch 151/300 — train_loss: 1.1594  val_loss: 1.2075
Epoch 152/300 — train_loss: 1.1593  val_loss: 1.2070
Epoch 153/300 — train_loss: 1.1602  val_loss: 1.2078
Epoch 154/300 — train_loss: 1.1614  val_loss: 1.2074
Epoch 155/300 — train_loss: 1.1610  val_loss: 1.2080
Epoch 156/300 — train_loss: 1.1598  val_loss: 1.2080
Epoch 157/300 — train_loss: 1.1616  val_loss: 1.2064
Epoch 158/300 — train_loss: 1.1603  val_loss: 1.2079
Epoch 159/300 — train_loss: 1.1597  val_loss: 1.2069
Epoch 160/300 — train_loss: 1.1612  val_loss: 1.2070
Epoch 161/300 — train_loss: 1.1601  val_loss: 1.2076
Epoch 162/300 — train_loss: 1.1587  val_loss: 1.2066
Epoch 163/300 — train_loss: 1.1590  val_loss: 1.2074
Epoch 164/300 — train_loss: 1.1600  val_loss: 1.2066
Epoch 165/300 — train_loss: 1.1591  val_loss: 1.2067
Epoch 166/300 — train_loss: 1.1598  val_loss: 1.2068
Epoch 167/300 — train_loss: 1.1591  val_loss: 1.2071
Epoch 168/300 — train_loss: 1.1588  val_loss: 1.2069
Epoch 169/300 — train_loss: 1.1597  val_loss: 1.2065
Epoch 170/300 — train_loss: 1.1587  val_loss: 1.2083
Epoch 171/300 — train_loss: 1.1592  val_loss: 1.2065
Epoch 172/300 — train_loss: 1.1602  val_loss: 1.2067
Epoch 173/300 — train_loss: 1.1607  val_loss: 1.2068
Epoch 174/300 — train_loss: 1.1589  val_loss: 1.2069
Epoch 175/300 — train_loss: 1.1592  val_loss: 1.2073
Epoch 176/300 — train_loss: 1.1593  val_loss: 1.2071
Epoch 177/300 — train_loss: 1.1595  val_loss: 1.2075
Early stopping triggered at epoch 177.

Checkpoint saved: /kaggle/working/results/checkpoints/lstm_base_dunnhumby_v2_seed7_sample.pt
Validation-fitted softmax temperature: 0.9954
Validation aggregate calibration: freq_factor=0.9936, spend_factor=1.0000

Running autoregressive inference on holdout period ...
  inference mode: sample  n_scenarios: 200  temperature: 0.9954

=== Prediction Diagnostics ===
  Mean predicted freq/week:    1.1795
  Mean actual freq/week:       1.1447
  Over-prediction ratio:       1.030x
  Customers predicted as zero total:  0.000
  Customers actually zero total:      0.036
  Non-zero rate (pred, avg > 0.05):  1.000
  Non-zero rate (true):               0.532

Metrics saved: /kaggle/working/results/tables/lstm_base_dunnhumby_v2_seed7_sample_metrics.json
Array artifacts saved: /kaggle/working/results/tables/lstm_base_dunnhumby_v2_seed7_sample_arrays.npz

=== Holdout Evaluation ===
  freq_rmse: 13.9543
  freq_mae: 8.5954
  freq_normalized_gini: 0.8777
  freq_calibration_factor: 0.9936
  freq_mape: 2.3720
  bias_pct: 2.3720
  freq_weekly_mae: 137.2155
  freq_weekly_total_true: 62910.0000
  freq_weekly_total_pred: 64402.2256
  freq_weekly_mape: 6.4728
  freq_weekly_bias_pct: 4.1816
  freq_mase: 1.0362
  freq_mase_scale: 0.8235
  calibration_temperature_source: validation_only
  validation_temperature: 0.9954
  calibration_source: validation_only
  validation_freq_true_total: 21969.0000
  validation_freq_pred_total: 22255.0430
  validation_spend_true_total: 0.0000
  validation_spend_pred_total: 0.0000
  validation_freq_calibration_factor: 0.9936
  validation_spend_calibration_factor: 1.0000
  final_manifest_version: 2026-05-20-results-recovery-protocol
  final_manifest_run_name: lstm_base_dunnhumby_v2_seed7_sample
  final_manifest_config: experiments/configs/lstm_base_dunnhumby_v2.yaml
  final_manifest_config_hash: 5434961310fa
  final_manifest_actual_config_hash: 2fcd42657410
  final_manifest_seed: 7
  final_manifest_epochs: 300
  final_manifest_inference_mode: sample
  final_manifest_n_scenarios: 200
  run_valid: True
  run_invalid_reason: 
  run_warning: 
History saved: /kaggle/working/results/tables/lstm_base_dunnhumby_v2_seed7_sample_history.json
