[Kaggle] raw_dir  → /kaggle/working/input/uci-retail
[Kaggle] results  → /kaggle/working/results
Config: experiments/configs/lstm_joint_uci_v2.yaml
Run: lstm_joint_uci_v2_seed7_sample
Device: cuda
Loading dataset: uci ...
[pipeline] freq_cap=4 (auto q=0.99) → freq_bins=[0, 1, 2, 3]... (n_classes=5)
  Train customers: 4437, Val: 493, Inference: 4930
[uci] Customers with 0 calibration transactions: 0 / 4930
  top-bin decode: class_values[-1] = 5.515 (max_trans = 4)
Model: lstm — 98,262 parameters

Training for up to 300 epochs ...
/kaggle/working/thesis-code/src/training/trainer.py:97: FutureWarning: `torch.cuda.amp.GradScaler(args...)` is deprecated. Please use `torch.amp.GradScaler('cuda', args...)` instead.
  self.scaler = torch.cuda.amp.GradScaler(enabled=self.amp_enabled)
[Kendall] log_vars frozen for 5 warm-up epochs.
Epoch   1/300 — train_loss: 1.0144  val_loss: 1.0243  freq: 1.5622  spend: 0.4865  w_freq: 0.500  w_spend: 0.500
Epoch   2/300 — train_loss: 0.9668  val_loss: 0.9524  freq: 1.4191  spend: 0.4857  w_freq: 0.500  w_spend: 0.500
Epoch   3/300 — train_loss: 0.8629  val_loss: 0.8260  freq: 1.1689  spend: 0.4831  w_freq: 0.500  w_spend: 0.500
Epoch   4/300 — train_loss: 0.6979  val_loss: 0.6162  freq: 0.7550  spend: 0.4774  w_freq: 0.500  w_spend: 0.500
Epoch   5/300 — train_loss: 0.4729  val_loss: 0.4433  freq: 0.3902  spend: 0.4965  w_freq: 0.500  w_spend: 0.500
[Kendall] log_vars unfrozen at epoch 6.
Epoch   6/300 — train_loss: 0.3819  val_loss: 0.4063  freq: 0.3394  spend: 0.4770  w_freq: 0.501  w_spend: 0.501
Epoch   7/300 — train_loss: 0.3594  val_loss: 0.3882  freq: 0.3067  spend: 0.4781  w_freq: 0.502  w_spend: 0.502
Epoch   8/300 — train_loss: 0.3386  val_loss: 0.3792  freq: 0.2967  spend: 0.4757  w_freq: 0.505  w_spend: 0.504
Epoch   9/300 — train_loss: 0.3382  val_loss: 0.3686  freq: 0.2910  spend: 0.4663  w_freq: 0.507  w_spend: 0.507
Epoch  10/300 — train_loss: 0.3336  val_loss: 0.3558  freq: 0.2870  spend: 0.4517  w_freq: 0.510  w_spend: 0.509
Epoch  11/300 — train_loss: 0.3075  val_loss: 0.3239  freq: 0.2797  spend: 0.4041  w_freq: 0.513  w_spend: 0.512
Epoch  12/300 — train_loss: 0.2865  val_loss: 0.2852  freq: 0.2773  spend: 0.3383  w_freq: 0.516  w_spend: 0.515
Epoch  13/300 — train_loss: 0.2601  val_loss: 0.2519  freq: 0.2770  spend: 0.2807  w_freq: 0.518  w_spend: 0.518
Epoch  14/300 — train_loss: 0.2451  val_loss: 0.2343  freq: 0.2771  spend: 0.2519  w_freq: 0.520  w_spend: 0.520
Epoch  15/300 — train_loss: 0.2291  val_loss: 0.2527  freq: 0.2756  spend: 0.2921  w_freq: 0.522  w_spend: 0.522
Epoch  16/300 — train_loss: 0.2129  val_loss: 0.2190  freq: 0.2760  spend: 0.2306  w_freq: 0.523  w_spend: 0.523
Epoch  17/300 — train_loss: 0.2198  val_loss: 0.2314  freq: 0.2755  spend: 0.2582  w_freq: 0.524  w_spend: 0.524
Epoch  18/300 — train_loss: 0.1948  val_loss: 0.2129  freq: 0.2747  spend: 0.2276  w_freq: 0.525  w_spend: 0.526
Epoch  19/300 — train_loss: 0.1850  val_loss: 0.2189  freq: 0.2740  spend: 0.2443  w_freq: 0.527  w_spend: 0.528
Epoch  20/300 — train_loss: 0.1860  val_loss: 0.2118  freq: 0.2731  spend: 0.2364  w_freq: 0.529  w_spend: 0.530
Epoch  21/300 — train_loss: 0.1860  val_loss: 0.1974  freq: 0.2718  spend: 0.2149  w_freq: 0.530  w_spend: 0.531
Epoch  22/300 — train_loss: 0.1908  val_loss: 0.1921  freq: 0.2714  spend: 0.2089  w_freq: 0.531  w_spend: 0.533
Epoch  23/300 — train_loss: 0.1770  val_loss: 0.1917  freq: 0.2715  spend: 0.2132  w_freq: 0.533  w_spend: 0.535
Epoch  24/300 — train_loss: 0.1791  val_loss: 0.2247  freq: 0.2731  spend: 0.2773  w_freq: 0.534  w_spend: 0.537
Epoch  25/300 — train_loss: 0.1785  val_loss: 0.1886  freq: 0.2702  spend: 0.2167  w_freq: 0.536  w_spend: 0.539
Epoch  26/300 — train_loss: 0.1575  val_loss: 0.1970  freq: 0.2706  spend: 0.2368  w_freq: 0.537  w_spend: 0.541
Epoch  27/300 — train_loss: 0.1699  val_loss: 0.1860  freq: 0.2692  spend: 0.2217  w_freq: 0.539  w_spend: 0.543
Epoch  28/300 — train_loss: 0.1497  val_loss: 0.1741  freq: 0.2692  spend: 0.2050  w_freq: 0.540  w_spend: 0.545
Epoch  29/300 — train_loss: 0.1411  val_loss: 0.1669  freq: 0.2699  spend: 0.1968  w_freq: 0.542  w_spend: 0.547
Epoch  30/300 — train_loss: 0.1380  val_loss: 0.1574  freq: 0.2678  spend: 0.1879  w_freq: 0.544  w_spend: 0.550
Epoch  31/300 — train_loss: 0.1252  val_loss: 0.1820  freq: 0.2674  spend: 0.2387  w_freq: 0.546  w_spend: 0.552
Epoch  32/300 — train_loss: 0.1357  val_loss: 0.1449  freq: 0.2685  spend: 0.1769  w_freq: 0.549  w_spend: 0.555
Epoch  33/300 — train_loss: 0.1228  val_loss: 0.1405  freq: 0.2669  spend: 0.1781  w_freq: 0.551  w_spend: 0.558
Epoch  34/300 — train_loss: 0.1096  val_loss: 0.1381  freq: 0.2668  spend: 0.1838  w_freq: 0.554  w_spend: 0.562
Epoch  35/300 — train_loss: 0.0955  val_loss: 0.1354  freq: 0.2645  spend: 0.1911  w_freq: 0.558  w_spend: 0.567
Epoch  36/300 — train_loss: 0.0918  val_loss: 0.1116  freq: 0.2648  spend: 0.1567  w_freq: 0.561  w_spend: 0.571
Epoch  37/300 — train_loss: 0.0799  val_loss: 0.1157  freq: 0.2637  spend: 0.1742  w_freq: 0.564  w_spend: 0.575
Epoch  38/300 — train_loss: 0.0737  val_loss: 0.1104  freq: 0.2632  spend: 0.1755  w_freq: 0.568  w_spend: 0.580
Epoch  39/300 — train_loss: 0.0713  val_loss: 0.0943  freq: 0.2625  spend: 0.1566  w_freq: 0.571  w_spend: 0.584
Epoch  40/300 — train_loss: 0.0527  val_loss: 0.0958  freq: 0.2630  spend: 0.1661  w_freq: 0.574  w_spend: 0.588
Epoch  41/300 — train_loss: 0.0617  val_loss: 0.0878  freq: 0.2620  spend: 0.1614  w_freq: 0.577  w_spend: 0.592
Epoch  42/300 — train_loss: 0.0517  val_loss: 0.0824  freq: 0.2610  spend: 0.1609  w_freq: 0.580  w_spend: 0.596
Epoch  43/300 — train_loss: 0.0374  val_loss: 0.0717  freq: 0.2596  spend: 0.1527  w_freq: 0.584  w_spend: 0.600
Epoch  44/300 — train_loss: 0.0358  val_loss: 0.0698  freq: 0.2646  spend: 0.1520  w_freq: 0.587  w_spend: 0.604
Epoch  45/300 — train_loss: 0.0194  val_loss: 0.0540  freq: 0.2602  spend: 0.1425  w_freq: 0.591  w_spend: 0.610
Epoch  46/300 — train_loss: 0.0161  val_loss: 0.0569  freq: 0.2592  spend: 0.1585  w_freq: 0.596  w_spend: 0.616
Epoch  47/300 — train_loss: 0.0044  val_loss: 0.0406  freq: 0.2589  spend: 0.1403  w_freq: 0.600  w_spend: 0.621
Epoch  48/300 — train_loss: 0.0023  val_loss: 0.0361  freq: 0.2587  spend: 0.1416  w_freq: 0.603  w_spend: 0.626
Epoch  49/300 — train_loss: -0.0122  val_loss: 0.0315  freq: 0.2586  spend: 0.1441  w_freq: 0.607  w_spend: 0.631
Epoch  50/300 — train_loss: -0.0160  val_loss: 0.0329  freq: 0.2587  spend: 0.1559  w_freq: 0.612  w_spend: 0.636
Epoch  51/300 — train_loss: -0.0280  val_loss: 0.0214  freq: 0.2587  spend: 0.1468  w_freq: 0.616  w_spend: 0.642
Epoch  52/300 — train_loss: -0.0275  val_loss: 0.0169  freq: 0.2626  spend: 0.1439  w_freq: 0.620  w_spend: 0.647
Epoch  53/300 — train_loss: -0.0370  val_loss: 0.0120  freq: 0.2583  spend: 0.1495  w_freq: 0.624  w_spend: 0.652
Epoch  54/300 — train_loss: -0.0460  val_loss: 0.0057  freq: 0.2581  spend: 0.1507  w_freq: 0.629  w_spend: 0.658
Epoch  55/300 — train_loss: -0.0493  val_loss: 0.0043  freq: 0.2584  spend: 0.1577  w_freq: 0.634  w_spend: 0.665
Epoch  56/300 — train_loss: -0.0618  val_loss: -0.0116  freq: 0.2575  spend: 0.1423  w_freq: 0.639  w_spend: 0.670
Epoch  57/300 — train_loss: -0.0768  val_loss: -0.0145  freq: 0.2581  spend: 0.1457  w_freq: 0.643  w_spend: 0.675
Epoch  58/300 — train_loss: -0.0831  val_loss: -0.0309  freq: 0.2580  spend: 0.1313  w_freq: 0.647  w_spend: 0.681
Epoch  59/300 — train_loss: -0.0924  val_loss: -0.0371  freq: 0.2572  spend: 0.1320  w_freq: 0.652  w_spend: 0.688
Epoch  60/300 — train_loss: -0.0935  val_loss: -0.0413  freq: 0.2580  spend: 0.1329  w_freq: 0.657  w_spend: 0.694
Epoch  61/300 — train_loss: -0.0945  val_loss: -0.0441  freq: 0.2598  spend: 0.1346  w_freq: 0.661  w_spend: 0.699
Epoch  62/300 — train_loss: -0.1100  val_loss: -0.0525  freq: 0.2598  spend: 0.1308  w_freq: 0.666  w_spend: 0.705
Epoch  63/300 — train_loss: -0.1189  val_loss: -0.0532  freq: 0.2571  spend: 0.1409  w_freq: 0.670  w_spend: 0.711
Epoch  64/300 — train_loss: -0.1300  val_loss: -0.0725  freq: 0.2579  spend: 0.1222  w_freq: 0.676  w_spend: 0.718
Epoch  65/300 — train_loss: -0.1364  val_loss: -0.0558  freq: 0.2560  spend: 0.1545  w_freq: 0.680  w_spend: 0.724
Epoch  66/300 — train_loss: -0.1450  val_loss: -0.0828  freq: 0.2566  spend: 0.1233  w_freq: 0.685  w_spend: 0.729
Epoch  67/300 — train_loss: -0.1592  val_loss: -0.0880  freq: 0.2567  spend: 0.1244  w_freq: 0.689  w_spend: 0.735
Epoch  68/300 — train_loss: -0.1667  val_loss: -0.0906  freq: 0.2562  spend: 0.1304  w_freq: 0.695  w_spend: 0.742
Epoch  69/300 — train_loss: -0.1638  val_loss: -0.0956  freq: 0.2563  spend: 0.1310  w_freq: 0.700  w_spend: 0.749
Epoch  70/300 — train_loss: -0.1818  val_loss: -0.1011  freq: 0.2558  spend: 0.1318  w_freq: 0.705  w_spend: 0.755
Epoch  71/300 — train_loss: -0.1912  val_loss: -0.1044  freq: 0.2568  spend: 0.1345  w_freq: 0.710  w_spend: 0.762
Epoch  72/300 — train_loss: -0.1934  val_loss: -0.1094  freq: 0.2566  spend: 0.1356  w_freq: 0.715  w_spend: 0.769
Epoch  73/300 — train_loss: -0.2018  val_loss: -0.0999  freq: 0.2574  spend: 0.1536  w_freq: 0.720  w_spend: 0.775
Epoch  74/300 — train_loss: -0.2030  val_loss: -0.1246  freq: 0.2556  spend: 0.1292  w_freq: 0.724  w_spend: 0.781
Epoch  75/300 — train_loss: -0.2191  val_loss: -0.1254  freq: 0.2568  spend: 0.1331  w_freq: 0.728  w_spend: 0.787
Epoch  76/300 — train_loss: -0.2246  val_loss: -0.1221  freq: 0.2551  spend: 0.1452  w_freq: 0.733  w_spend: 0.793
Epoch  77/300 — train_loss: -0.2350  val_loss: -0.1479  freq: 0.2553  spend: 0.1185  w_freq: 0.737  w_spend: 0.799
Epoch  78/300 — train_loss: -0.2386  val_loss: -0.1390  freq: 0.2550  spend: 0.1359  w_freq: 0.742  w_spend: 0.804
Epoch  79/300 — train_loss: -0.2417  val_loss: -0.1525  freq: 0.2553  spend: 0.1242  w_freq: 0.746  w_spend: 0.810
Epoch  80/300 — train_loss: -0.2492  val_loss: -0.1520  freq: 0.2550  spend: 0.1316  w_freq: 0.750  w_spend: 0.816
Epoch  81/300 — train_loss: -0.2525  val_loss: -0.1470  freq: 0.2546  spend: 0.1439  w_freq: 0.755  w_spend: 0.823
Epoch  82/300 — train_loss: -0.2618  val_loss: -0.1478  freq: 0.2548  spend: 0.1488  w_freq: 0.760  w_spend: 0.829
Epoch  83/300 — train_loss: -0.2813  val_loss: -0.1700  freq: 0.2547  spend: 0.1280  w_freq: 0.765  w_spend: 0.835
Epoch  84/300 — train_loss: -0.2823  val_loss: -0.1784  freq: 0.2552  spend: 0.1242  w_freq: 0.770  w_spend: 0.843
Epoch  85/300 — train_loss: -0.2979  val_loss: -0.1653  freq: 0.2542  spend: 0.1468  w_freq: 0.775  w_spend: 0.850
Epoch  86/300 — train_loss: -0.3025  val_loss: -0.1714  freq: 0.2546  spend: 0.1446  w_freq: 0.780  w_spend: 0.857
Epoch  87/300 — train_loss: -0.3058  val_loss: -0.1889  freq: 0.2541  spend: 0.1287  w_freq: 0.784  w_spend: 0.862
Epoch  88/300 — train_loss: -0.3097  val_loss: -0.1790  freq: 0.2545  spend: 0.1448  w_freq: 0.788  w_spend: 0.867
Epoch  89/300 — train_loss: -0.3108  val_loss: -0.2033  freq: 0.2546  spend: 0.1212  w_freq: 0.792  w_spend: 0.873
Epoch  90/300 — train_loss: -0.3252  val_loss: -0.1808  freq: 0.2546  spend: 0.1508  w_freq: 0.796  w_spend: 0.878
Epoch  91/300 — train_loss: -0.3329  val_loss: -0.1971  freq: 0.2545  spend: 0.1367  w_freq: 0.799  w_spend: 0.883
Epoch  92/300 — train_loss: -0.3363  val_loss: -0.1778  freq: 0.2542  spend: 0.1631  w_freq: 0.804  w_spend: 0.889
Epoch  93/300 — train_loss: -0.3380  val_loss: -0.1979  freq: 0.2541  spend: 0.1446  w_freq: 0.807  w_spend: 0.895
Epoch  94/300 — train_loss: -0.3538  val_loss: -0.2197  freq: 0.2544  spend: 0.1249  w_freq: 0.811  w_spend: 0.900
Epoch  95/300 — train_loss: -0.3504  val_loss: -0.2174  freq: 0.2537  spend: 0.1327  w_freq: 0.816  w_spend: 0.907
Epoch  96/300 — train_loss: -0.3543  val_loss: -0.2033  freq: 0.2541  spend: 0.1522  w_freq: 0.820  w_spend: 0.913
Epoch  97/300 — train_loss: -0.3689  val_loss: -0.2267  freq: 0.2542  spend: 0.1307  w_freq: 0.824  w_spend: 0.919
Epoch  98/300 — train_loss: -0.3792  val_loss: -0.2164  freq: 0.2540  spend: 0.1466  w_freq: 0.829  w_spend: 0.925
Epoch  99/300 — train_loss: -0.3878  val_loss: -0.2227  freq: 0.2542  spend: 0.1443  w_freq: 0.833  w_spend: 0.932
Epoch 100/300 — train_loss: -0.3979  val_loss: -0.2433  freq: 0.2535  spend: 0.1273  w_freq: 0.838  w_spend: 0.939
Epoch 101/300 — train_loss: -0.3963  val_loss: -0.2406  freq: 0.2539  spend: 0.1341  w_freq: 0.842  w_spend: 0.945
Epoch 102/300 — train_loss: -0.4093  val_loss: -0.2189  freq: 0.2536  spend: 0.1605  w_freq: 0.846  w_spend: 0.951
Epoch 103/300 — train_loss: -0.4154  val_loss: -0.2495  freq: 0.2541  spend: 0.1318  w_freq: 0.850  w_spend: 0.956
Epoch 104/300 — train_loss: -0.4256  val_loss: -0.2044  freq: 0.2535  spend: 0.1826  w_freq: 0.854  w_spend: 0.962
Epoch 105/300 — train_loss: -0.4147  val_loss: -0.2512  freq: 0.2537  spend: 0.1370  w_freq: 0.857  w_spend: 0.967
Epoch 106/300 — train_loss: -0.4354  val_loss: -0.2353  freq: 0.2536  spend: 0.1566  w_freq: 0.861  w_spend: 0.972
Epoch 107/300 — train_loss: -0.4340  val_loss: -0.2556  freq: 0.2540  spend: 0.1394  w_freq: 0.865  w_spend: 0.978
Epoch 108/300 — train_loss: -0.4415  val_loss: -0.2438  freq: 0.2537  spend: 0.1553  w_freq: 0.869  w_spend: 0.985
Epoch 109/300 — train_loss: -0.4526  val_loss: -0.2004  freq: 0.2540  spend: 0.2018  w_freq: 0.873  w_spend: 0.991
Epoch 110/300 — train_loss: -0.4579  val_loss: -0.2094  freq: 0.2532  spend: 0.1960  w_freq: 0.877  w_spend: 0.996
Epoch 111/300 — train_loss: -0.4597  val_loss: -0.2361  freq: 0.2539  spend: 0.1717  w_freq: 0.880  w_spend: 1.001
Epoch 112/300 — train_loss: -0.4708  val_loss: -0.2344  freq: 0.2537  spend: 0.1764  w_freq: 0.884  w_spend: 1.007
Epoch 113/300 — train_loss: -0.4770  val_loss: -0.2592  freq: 0.2536  spend: 0.1553  w_freq: 0.887  w_spend: 1.013
Epoch 114/300 — train_loss: -0.4905  val_loss: -0.2535  freq: 0.2536  spend: 0.1641  w_freq: 0.891  w_spend: 1.019
Epoch 115/300 — train_loss: -0.4845  val_loss: -0.2520  freq: 0.2535  spend: 0.1688  w_freq: 0.896  w_spend: 1.025
Epoch 116/300 — train_loss: -0.4940  val_loss: -0.2469  freq: 0.2538  spend: 0.1767  w_freq: 0.900  w_spend: 1.032
Epoch 117/300 — train_loss: -0.4960  val_loss: -0.2733  freq: 0.2541  spend: 0.1537  w_freq: 0.903  w_spend: 1.037
Epoch 118/300 — train_loss: -0.5073  val_loss: -0.2167  freq: 0.2537  spend: 0.2106  w_freq: 0.907  w_spend: 1.043
Epoch 119/300 — train_loss: -0.5144  val_loss: -0.2583  freq: 0.2539  spend: 0.1732  w_freq: 0.910  w_spend: 1.048
Epoch 120/300 — train_loss: -0.5061  val_loss: -0.2541  freq: 0.2538  spend: 0.1795  w_freq: 0.913  w_spend: 1.053
Epoch 121/300 — train_loss: -0.5221  val_loss: -0.2596  freq: 0.2542  spend: 0.1767  w_freq: 0.917  w_spend: 1.058
Epoch 122/300 — train_loss: -0.5299  val_loss: -0.2109  freq: 0.2538  spend: 0.2250  w_freq: 0.920  w_spend: 1.064
Epoch 123/300 — train_loss: -0.5478  val_loss: -0.2563  freq: 0.2538  spend: 0.1847  w_freq: 0.924  w_spend: 1.069
Epoch 124/300 — train_loss: -0.5410  val_loss: -0.2422  freq: 0.2539  spend: 0.2000  w_freq: 0.927  w_spend: 1.075
Epoch 125/300 — train_loss: -0.5551  val_loss: -0.2331  freq: 0.2539  spend: 0.2106  w_freq: 0.930  w_spend: 1.080
Epoch 126/300 — train_loss: -0.5615  val_loss: -0.2382  freq: 0.2536  spend: 0.2083  w_freq: 0.934  w_spend: 1.085
Epoch 127/300 — train_loss: -0.5679  val_loss: -0.1979  freq: 0.2537  spend: 0.2475  w_freq: 0.937  w_spend: 1.091
Epoch 128/300 — train_loss: -0.5659  val_loss: -0.2311  freq: 0.2537  spend: 0.2191  w_freq: 0.941  w_spend: 1.097
Epoch 129/300 — train_loss: -0.5846  val_loss: -0.2616  freq: 0.2541  spend: 0.1931  w_freq: 0.944  w_spend: 1.103
Epoch 130/300 — train_loss: -0.5770  val_loss: -0.2110  freq: 0.2538  spend: 0.2407  w_freq: 0.947  w_spend: 1.108
Epoch 131/300 — train_loss: -0.5830  val_loss: -0.2354  freq: 0.2537  spend: 0.2204  w_freq: 0.950  w_spend: 1.112
Epoch 132/300 — train_loss: -0.5935  val_loss: -0.2347  freq: 0.2538  spend: 0.2227  w_freq: 0.953  w_spend: 1.117
Epoch 133/300 — train_loss: -0.5978  val_loss: -0.2316  freq: 0.2541  spend: 0.2270  w_freq: 0.956  w_spend: 1.122
Epoch 134/300 — train_loss: -0.6074  val_loss: -0.2295  freq: 0.2536  spend: 0.2311  w_freq: 0.959  w_spend: 1.127
Epoch 135/300 — train_loss: -0.6038  val_loss: -0.2228  freq: 0.2540  spend: 0.2383  w_freq: 0.962  w_spend: 1.133
Epoch 136/300 — train_loss: -0.6132  val_loss: -0.1956  freq: 0.2538  spend: 0.2640  w_freq: 0.965  w_spend: 1.138
Epoch 137/300 — train_loss: -0.6184  val_loss: -0.2232  freq: 0.2539  spend: 0.2412  w_freq: 0.968  w_spend: 1.143
Early stopping triggered at epoch 137.

Checkpoint saved: /kaggle/working/results/checkpoints/lstm_joint_uci_v2_seed7_sample.pt

Duan's smearing factor (val): 1.3097
Validation-fitted softmax temperature: 1.0336
Validation aggregate calibration: freq_factor=0.9906, spend_factor=1.0419

Running autoregressive inference on holdout period ...
  inference mode: sample  n_scenarios: 200  temperature: 1.0336

=== Prediction Diagnostics ===
  Mean predicted freq/week:    0.0601
  Mean actual freq/week:       0.0656
  Over-prediction ratio:       0.916x
  Customers predicted as zero total:  0.300
  Customers actually zero total:      0.484
  Non-zero rate (pred, avg > 0.05):  0.301
  Non-zero rate (true):               0.055

Metrics saved: /kaggle/working/results/tables/lstm_joint_uci_v2_seed7_sample_metrics.json
Array artifacts saved: /kaggle/working/results/tables/lstm_joint_uci_v2_seed7_sample_arrays.npz

=== Holdout Evaluation ===
  freq_rmse: 2.8802
  freq_mae: 1.2163
  freq_normalized_gini: 0.7543
  freq_calibration_factor: 0.9906
  freq_mape: 9.2900
  bias_pct: -9.2900
  freq_weekly_mae: 48.3881
  freq_weekly_total_true: 8413.0000
  freq_weekly_total_pred: 7631.4357
  freq_weekly_mape: 13.8475
  freq_weekly_bias_pct: -6.5601
  freq_mase: 0.9181
  freq_mase_scale: 0.1146
  smearing_factor: 1.3097
  spend_calibration_factor: 1.0419
  spend_mae_raw: 590.8617
  spend_rmse_raw: 3090.1021
  spend_normalized_gini: 0.8594
  spend_mae_log: 2.8790
  spend_rmse_log: 3.6938
  spend_r2_log: -0.2091
  spend_bias_pct: -11.4139
  spend_weekly_mae: 31742.2367
  spend_weekly_total_true: 4266929.6797
  spend_weekly_total_pred: 3779906.9471
  spend_weekly_mape: 18.8543
  spend_weekly_bias_pct: -6.9240
  spend_mase: 1.3854
  spend_mase_scale: 36.7368
  clv_mae: 575.7103
  clv_rmse: 3013.0449
  clv_spearman: 0.5789
  clv_decile_lift: 6.3166
  clv_normalized_gini: 0.8598
  clv_total_true: 4160751.5000
  clv_total_pred: 3690491.5000
  calibration_temperature_source: validation_only
  validation_temperature: 1.0336
  calibration_source: validation_only
  validation_freq_true_total: 2268.0000
  validation_freq_pred_total: 2311.5613
  validation_spend_true_total: 1340219.5292
  validation_spend_pred_total: 1236537.0257
  validation_freq_calibration_factor: 0.9906
  validation_spend_calibration_factor: 1.0419
  final_manifest_version: 2026-05-20-results-recovery-protocol
  final_manifest_run_name: lstm_joint_uci_v2_seed7_sample
  final_manifest_config: experiments/configs/lstm_joint_uci_v2.yaml
  final_manifest_config_hash: d82c6643fc81
  final_manifest_actual_config_hash: c59dbee33ca7
  final_manifest_seed: 7
  final_manifest_epochs: 300
  final_manifest_inference_mode: sample
  final_manifest_n_scenarios: 200
  run_valid: True
  run_invalid_reason: 
  run_warning: 
History saved: /kaggle/working/results/tables/lstm_joint_uci_v2_seed7_sample_history.json
