[Kaggle] raw_dir  → /kaggle/working/input/uci-retail
[Kaggle] results  → /kaggle/working/results
Config: experiments/configs/transformer_joint_uci_v2.yaml
Run: transformer_joint_uci_v2_seed7_sample
Device: cuda
Loading dataset: uci ...
[pipeline] freq_cap=4 (auto q=0.99) → freq_bins=[0, 1, 2, 3]... (n_classes=5)
  Train customers: 4437, Val: 493, Inference: 4930
[uci] Customers with 0 calibration transactions: 0 / 4930
  top-bin decode: class_values[-1] = 5.515 (max_trans = 4)
Model: transformer — 102,086 parameters

Training for up to 300 epochs ...
/kaggle/working/thesis-code/src/training/trainer.py:96: FutureWarning: `torch.cuda.amp.GradScaler(args...)` is deprecated. Please use `torch.amp.GradScaler('cuda', args...)` instead.
  self.scaler = torch.cuda.amp.GradScaler(enabled=self.amp_enabled)
[Kendall] log_vars frozen for 5 warm-up epochs.

Training failed with a repairable error: FloatingPointError: Non-finite gradients in input_proj.weight, state_proj.weight, time_proj.weight, freq_head.weight, spend_head.weight
Metrics saved: /kaggle/working/results/tables/transformer_joint_uci_v2_seed7_sample_metrics.json
Retrying once as robustness repair (amp_disabled; lr_0.0005; grad_clip_0.5) ...
Config: experiments/configs/transformer_joint_uci_v2.yaml
Run: transformer_joint_uci_v2_seed7_sample_repair
Device: cuda
Loading dataset: uci ...
[pipeline] freq_cap=4 (auto q=0.99) → freq_bins=[0, 1, 2, 3]... (n_classes=5)
  Train customers: 4437, Val: 493, Inference: 4930
[uci] Customers with 0 calibration transactions: 0 / 4930
  top-bin decode: class_values[-1] = 5.515 (max_trans = 4)
Model: transformer — 102,086 parameters

Training for up to 300 epochs ...
/kaggle/working/thesis-code/src/training/trainer.py:96: FutureWarning: `torch.cuda.amp.GradScaler(args...)` is deprecated. Please use `torch.amp.GradScaler('cuda', args...)` instead.
  self.scaler = torch.cuda.amp.GradScaler(enabled=self.amp_enabled)
[Kendall] log_vars frozen for 5 warm-up epochs.
Epoch   1/300 — train_loss: 5.7818  val_loss: 5.3157  freq: 9.9939  spend: 0.6376  w_freq: 0.500  w_spend: 0.500
Epoch   2/300 — train_loss: 4.9516  val_loss: 4.1798  freq: 7.7806  spend: 0.5790  w_freq: 0.500  w_spend: 0.500
Epoch   3/300 — train_loss: 3.5271  val_loss: 2.3972  freq: 4.2379  spend: 0.5566  w_freq: 0.500  w_spend: 0.500
Epoch   4/300 — train_loss: 1.7379  val_loss: 0.7160  freq: 0.9181  spend: 0.5139  w_freq: 0.500  w_spend: 0.500
Epoch   5/300 — train_loss: 0.6613  val_loss: 0.5153  freq: 0.5635  spend: 0.4671  w_freq: 0.500  w_spend: 0.500
[Kendall] log_vars unfrozen at epoch 6.
Epoch   6/300 — train_loss: 0.4806  val_loss: 0.4510  freq: 0.4393  spend: 0.4661  w_freq: 0.501  w_spend: 0.501
Epoch   7/300 — train_loss: 0.4322  val_loss: 0.4070  freq: 0.3823  spend: 0.4399  w_freq: 0.502  w_spend: 0.502
Epoch   8/300 — train_loss: 0.3996  val_loss: 0.3895  freq: 0.3554  spend: 0.4377  w_freq: 0.505  w_spend: 0.505
Epoch   9/300 — train_loss: 0.3784  val_loss: 0.3715  freq: 0.3362  spend: 0.4273  w_freq: 0.507  w_spend: 0.507
Epoch  10/300 — train_loss: 0.3549  val_loss: 0.3489  freq: 0.3159  spend: 0.4103  w_freq: 0.510  w_spend: 0.509
Epoch  11/300 — train_loss: 0.3513  val_loss: 0.3308  freq: 0.3070  spend: 0.3922  w_freq: 0.513  w_spend: 0.513
Epoch  12/300 — train_loss: 0.3086  val_loss: 0.2935  freq: 0.2999  spend: 0.3362  w_freq: 0.517  w_spend: 0.516
Epoch  13/300 — train_loss: 0.2887  val_loss: 0.2577  freq: 0.2906  spend: 0.2872  w_freq: 0.521  w_spend: 0.520
Epoch  14/300 — train_loss: 0.2547  val_loss: 0.2276  freq: 0.2831  spend: 0.2481  w_freq: 0.525  w_spend: 0.524
Epoch  15/300 — train_loss: 0.2307  val_loss: 0.2091  freq: 0.2802  spend: 0.2284  w_freq: 0.530  w_spend: 0.528
Epoch  16/300 — train_loss: 0.2038  val_loss: 0.1921  freq: 0.2803  spend: 0.2102  w_freq: 0.535  w_spend: 0.534
Epoch  17/300 — train_loss: 0.1910  val_loss: 0.1814  freq: 0.2797  spend: 0.2029  w_freq: 0.539  w_spend: 0.539
Epoch  18/300 — train_loss: 0.1733  val_loss: 0.1705  freq: 0.2812  spend: 0.1934  w_freq: 0.544  w_spend: 0.544
Epoch  19/300 — train_loss: 0.1599  val_loss: 0.1544  freq: 0.2732  spend: 0.1843  w_freq: 0.549  w_spend: 0.549
Epoch  20/300 — train_loss: 0.1471  val_loss: 0.1463  freq: 0.2710  spend: 0.1837  w_freq: 0.553  w_spend: 0.554
Epoch  21/300 — train_loss: 0.1325  val_loss: 0.1381  freq: 0.2695  spend: 0.1816  w_freq: 0.558  w_spend: 0.559
Epoch  22/300 — train_loss: 0.1291  val_loss: 0.1398  freq: 0.2681  spend: 0.1983  w_freq: 0.563  w_spend: 0.564
Epoch  23/300 — train_loss: 0.1142  val_loss: 0.1182  freq: 0.2670  spend: 0.1719  w_freq: 0.567  w_spend: 0.569
Epoch  24/300 — train_loss: 0.0994  val_loss: 0.1210  freq: 0.2669  spend: 0.1867  w_freq: 0.572  w_spend: 0.574
Epoch  25/300 — train_loss: 0.0953  val_loss: 0.1023  freq: 0.2656  spend: 0.1658  w_freq: 0.576  w_spend: 0.578
Epoch  26/300 — train_loss: 0.0864  val_loss: 0.0969  freq: 0.2664  spend: 0.1664  w_freq: 0.580  w_spend: 0.583
Epoch  27/300 — train_loss: 0.0781  val_loss: 0.0866  freq: 0.2651  spend: 0.1615  w_freq: 0.585  w_spend: 0.589
Epoch  28/300 — train_loss: 0.0626  val_loss: 0.0922  freq: 0.2651  spend: 0.1816  w_freq: 0.590  w_spend: 0.594
Epoch  29/300 — train_loss: 0.0526  val_loss: 0.0693  freq: 0.2639  spend: 0.1558  w_freq: 0.595  w_spend: 0.599
Epoch  30/300 — train_loss: 0.0467  val_loss: 0.0617  freq: 0.2630  spend: 0.1539  w_freq: 0.600  w_spend: 0.605
Epoch  31/300 — train_loss: 0.0390  val_loss: 0.0563  freq: 0.2625  spend: 0.1533  w_freq: 0.604  w_spend: 0.609
Epoch  32/300 — train_loss: 0.0277  val_loss: 0.0573  freq: 0.2618  spend: 0.1638  w_freq: 0.608  w_spend: 0.613
Epoch  33/300 — train_loss: 0.0254  val_loss: 0.0468  freq: 0.2615  spend: 0.1543  w_freq: 0.611  w_spend: 0.617
Epoch  34/300 — train_loss: 0.0195  val_loss: 0.0357  freq: 0.2623  spend: 0.1444  w_freq: 0.615  w_spend: 0.622
Epoch  35/300 — train_loss: 0.0075  val_loss: 0.0322  freq: 0.2628  spend: 0.1483  w_freq: 0.620  w_spend: 0.627
Epoch  36/300 — train_loss: 0.0050  val_loss: 0.0247  freq: 0.2601  spend: 0.1466  w_freq: 0.624  w_spend: 0.632
Epoch  37/300 — train_loss: -0.0086  val_loss: 0.0191  freq: 0.2605  spend: 0.1456  w_freq: 0.628  w_spend: 0.636
Epoch  38/300 — train_loss: -0.0136  val_loss: 0.0090  freq: 0.2598  spend: 0.1391  w_freq: 0.632  w_spend: 0.641
Epoch  39/300 — train_loss: -0.0270  val_loss: 0.0055  freq: 0.2601  spend: 0.1423  w_freq: 0.637  w_spend: 0.646
Epoch  40/300 — train_loss: -0.0325  val_loss: 0.0032  freq: 0.2596  spend: 0.1488  w_freq: 0.642  w_spend: 0.651
Epoch  41/300 — train_loss: -0.0390  val_loss: -0.0087  freq: 0.2595  spend: 0.1394  w_freq: 0.647  w_spend: 0.657
Epoch  42/300 — train_loss: -0.0521  val_loss: -0.0235  freq: 0.2592  spend: 0.1266  w_freq: 0.651  w_spend: 0.662
Epoch  43/300 — train_loss: -0.0549  val_loss: -0.0275  freq: 0.2584  spend: 0.1306  w_freq: 0.656  w_spend: 0.668
Epoch  44/300 — train_loss: -0.0623  val_loss: -0.0350  freq: 0.2584  spend: 0.1281  w_freq: 0.662  w_spend: 0.674
Epoch  45/300 — train_loss: -0.0763  val_loss: -0.0358  freq: 0.2581  spend: 0.1356  w_freq: 0.666  w_spend: 0.679
Epoch  46/300 — train_loss: -0.0811  val_loss: -0.0414  freq: 0.2581  spend: 0.1345  w_freq: 0.671  w_spend: 0.685
Epoch  47/300 — train_loss: -0.0898  val_loss: -0.0451  freq: 0.2579  spend: 0.1359  w_freq: 0.675  w_spend: 0.689
Epoch  48/300 — train_loss: -0.0995  val_loss: -0.0480  freq: 0.2584  spend: 0.1388  w_freq: 0.679  w_spend: 0.694
Epoch  49/300 — train_loss: -0.1078  val_loss: -0.0470  freq: 0.2582  spend: 0.1481  w_freq: 0.684  w_spend: 0.699
Epoch  50/300 — train_loss: -0.1114  val_loss: -0.0546  freq: 0.2584  spend: 0.1452  w_freq: 0.689  w_spend: 0.705
Epoch  51/300 — train_loss: -0.1092  val_loss: -0.0627  freq: 0.2577  spend: 0.1418  w_freq: 0.693  w_spend: 0.711
Epoch  52/300 — train_loss: -0.1158  val_loss: -0.0745  freq: 0.2572  spend: 0.1318  w_freq: 0.698  w_spend: 0.716
Epoch  53/300 — train_loss: -0.1275  val_loss: -0.0872  freq: 0.2570  spend: 0.1216  w_freq: 0.702  w_spend: 0.721
Epoch  54/300 — train_loss: -0.1401  val_loss: -0.0789  freq: 0.2571  spend: 0.1414  w_freq: 0.707  w_spend: 0.727
Epoch  55/300 — train_loss: -0.1473  val_loss: -0.0891  freq: 0.2575  spend: 0.1357  w_freq: 0.713  w_spend: 0.733
Epoch  56/300 — train_loss: -0.1568  val_loss: -0.0932  freq: 0.2566  spend: 0.1394  w_freq: 0.719  w_spend: 0.740
Epoch  57/300 — train_loss: -0.1624  val_loss: -0.1002  freq: 0.2566  spend: 0.1377  w_freq: 0.724  w_spend: 0.747
Epoch  58/300 — train_loss: -0.1736  val_loss: -0.1042  freq: 0.2567  spend: 0.1390  w_freq: 0.729  w_spend: 0.753
Epoch  59/300 — train_loss: -0.1715  val_loss: -0.1004  freq: 0.2565  spend: 0.1518  w_freq: 0.734  w_spend: 0.759
Epoch  60/300 — train_loss: -0.1873  val_loss: -0.1131  freq: 0.2565  spend: 0.1426  w_freq: 0.740  w_spend: 0.766
Epoch  61/300 — train_loss: -0.1922  val_loss: -0.1269  freq: 0.2564  spend: 0.1309  w_freq: 0.745  w_spend: 0.772
Epoch  62/300 — train_loss: -0.1986  val_loss: -0.1205  freq: 0.2561  spend: 0.1454  w_freq: 0.750  w_spend: 0.777
Epoch  63/300 — train_loss: -0.1990  val_loss: -0.1247  freq: 0.2576  spend: 0.1430  w_freq: 0.754  w_spend: 0.782
Epoch  64/300 — train_loss: -0.2142  val_loss: -0.1206  freq: 0.2562  spend: 0.1544  w_freq: 0.757  w_spend: 0.786
Epoch  65/300 — train_loss: -0.2189  val_loss: -0.1304  freq: 0.2560  spend: 0.1479  w_freq: 0.761  w_spend: 0.791
Epoch  66/300 — train_loss: -0.2275  val_loss: -0.1407  freq: 0.2556  spend: 0.1418  w_freq: 0.766  w_spend: 0.797
Epoch  67/300 — train_loss: -0.2219  val_loss: -0.1375  freq: 0.2565  spend: 0.1507  w_freq: 0.771  w_spend: 0.804
Epoch  68/300 — train_loss: -0.2371  val_loss: -0.1272  freq: 0.2562  spend: 0.1684  w_freq: 0.776  w_spend: 0.809
Epoch  69/300 — train_loss: -0.2458  val_loss: -0.1471  freq: 0.2558  spend: 0.1500  w_freq: 0.780  w_spend: 0.814
Epoch  70/300 — train_loss: -0.2460  val_loss: -0.1474  freq: 0.2558  spend: 0.1555  w_freq: 0.785  w_spend: 0.821
Epoch  71/300 — train_loss: -0.2685  val_loss: -0.1461  freq: 0.2560  spend: 0.1630  w_freq: 0.790  w_spend: 0.827
Epoch  72/300 — train_loss: -0.2627  val_loss: -0.1489  freq: 0.2571  spend: 0.1641  w_freq: 0.796  w_spend: 0.834
Epoch  73/300 — train_loss: -0.2703  val_loss: -0.1536  freq: 0.2560  spend: 0.1642  w_freq: 0.800  w_spend: 0.839
Epoch  74/300 — train_loss: -0.2763  val_loss: -0.1716  freq: 0.2556  spend: 0.1479  w_freq: 0.805  w_spend: 0.845
Epoch  75/300 — train_loss: -0.2819  val_loss: -0.1764  freq: 0.2559  spend: 0.1461  w_freq: 0.809  w_spend: 0.850
Epoch  76/300 — train_loss: -0.2890  val_loss: -0.1720  freq: 0.2573  spend: 0.1549  w_freq: 0.813  w_spend: 0.855
Epoch  77/300 — train_loss: -0.2915  val_loss: -0.1670  freq: 0.2564  spend: 0.1668  w_freq: 0.818  w_spend: 0.861
Epoch  78/300 — train_loss: -0.3037  val_loss: -0.1912  freq: 0.2558  spend: 0.1443  w_freq: 0.823  w_spend: 0.867
Epoch  79/300 — train_loss: -0.3071  val_loss: -0.2013  freq: 0.2558  spend: 0.1383  w_freq: 0.828  w_spend: 0.874
Epoch  80/300 — train_loss: -0.3165  val_loss: -0.2047  freq: 0.2558  spend: 0.1400  w_freq: 0.833  w_spend: 0.881
Epoch  81/300 — train_loss: -0.3188  val_loss: -0.1971  freq: 0.2562  spend: 0.1537  w_freq: 0.839  w_spend: 0.888
Epoch  82/300 — train_loss: -0.3374  val_loss: -0.2056  freq: 0.2560  spend: 0.1498  w_freq: 0.844  w_spend: 0.895
Epoch  83/300 — train_loss: -0.3295  val_loss: -0.2067  freq: 0.2556  spend: 0.1530  w_freq: 0.850  w_spend: 0.902
Epoch  84/300 — train_loss: -0.3338  val_loss: -0.2180  freq: 0.2554  spend: 0.1450  w_freq: 0.854  w_spend: 0.907
Epoch  85/300 — train_loss: -0.3432  val_loss: -0.2054  freq: 0.2554  spend: 0.1633  w_freq: 0.859  w_spend: 0.913
Epoch  86/300 — train_loss: -0.3610  val_loss: -0.1917  freq: 0.2553  spend: 0.1825  w_freq: 0.863  w_spend: 0.920
Epoch  87/300 — train_loss: -0.3626  val_loss: -0.1870  freq: 0.2564  spend: 0.1907  w_freq: 0.869  w_spend: 0.926
Epoch  88/300 — train_loss: -0.3556  val_loss: -0.2191  freq: 0.2554  spend: 0.1603  w_freq: 0.873  w_spend: 0.932
Epoch  89/300 — train_loss: -0.3762  val_loss: -0.2187  freq: 0.2552  spend: 0.1639  w_freq: 0.876  w_spend: 0.937
Epoch  90/300 — train_loss: -0.3768  val_loss: -0.2248  freq: 0.2553  spend: 0.1611  w_freq: 0.880  w_spend: 0.942
Epoch  91/300 — train_loss: -0.3720  val_loss: -0.2383  freq: 0.2559  spend: 0.1501  w_freq: 0.885  w_spend: 0.948
Epoch  92/300 — train_loss: -0.3840  val_loss: -0.2378  freq: 0.2554  spend: 0.1550  w_freq: 0.889  w_spend: 0.954
Epoch  93/300 — train_loss: -0.3899  val_loss: -0.2395  freq: 0.2553  spend: 0.1570  w_freq: 0.894  w_spend: 0.960
Epoch  94/300 — train_loss: -0.3974  val_loss: -0.2347  freq: 0.2557  spend: 0.1661  w_freq: 0.899  w_spend: 0.967
Epoch  95/300 — train_loss: -0.4008  val_loss: -0.2285  freq: 0.2552  spend: 0.1768  w_freq: 0.904  w_spend: 0.974
Epoch  96/300 — train_loss: -0.4157  val_loss: -0.2199  freq: 0.2560  spend: 0.1883  w_freq: 0.909  w_spend: 0.980
Epoch  97/300 — train_loss: -0.4140  val_loss: -0.2294  freq: 0.2552  spend: 0.1822  w_freq: 0.913  w_spend: 0.986
Epoch  98/300 — train_loss: -0.4197  val_loss: -0.2592  freq: 0.2553  spend: 0.1551  w_freq: 0.917  w_spend: 0.991
Epoch  99/300 — train_loss: -0.4293  val_loss: -0.2777  freq: 0.2550  spend: 0.1403  w_freq: 0.921  w_spend: 0.997
Epoch 100/300 — train_loss: -0.4301  val_loss: -0.2439  freq: 0.2552  spend: 0.1771  w_freq: 0.926  w_spend: 1.003
Epoch 101/300 — train_loss: -0.4240  val_loss: -0.2424  freq: 0.2556  spend: 0.1809  w_freq: 0.930  w_spend: 1.009
Epoch 102/300 — train_loss: -0.4480  val_loss: -0.2641  freq: 0.2553  spend: 0.1631  w_freq: 0.934  w_spend: 1.014
Epoch 103/300 — train_loss: -0.4425  val_loss: -0.2056  freq: 0.2554  spend: 0.2236  w_freq: 0.939  w_spend: 1.021
Epoch 104/300 — train_loss: -0.4364  val_loss: -0.2522  freq: 0.2551  spend: 0.1819  w_freq: 0.944  w_spend: 1.028
Epoch 105/300 — train_loss: -0.4589  val_loss: -0.2799  freq: 0.2549  spend: 0.1583  w_freq: 0.949  w_spend: 1.035
Epoch 106/300 — train_loss: -0.4623  val_loss: -0.2841  freq: 0.2549  spend: 0.1582  w_freq: 0.953  w_spend: 1.042
Epoch 107/300 — train_loss: -0.4652  val_loss: -0.2678  freq: 0.2546  spend: 0.1773  w_freq: 0.959  w_spend: 1.049
Epoch 108/300 — train_loss: -0.4781  val_loss: -0.2687  freq: 0.2549  spend: 0.1795  w_freq: 0.964  w_spend: 1.056
Epoch 109/300 — train_loss: -0.4946  val_loss: -0.2541  freq: 0.2549  spend: 0.1961  w_freq: 0.969  w_spend: 1.063
Epoch 110/300 — train_loss: -0.4883  val_loss: -0.3071  freq: 0.2545  spend: 0.1496  w_freq: 0.973  w_spend: 1.070
Epoch 111/300 — train_loss: -0.4955  val_loss: -0.2996  freq: 0.2547  spend: 0.1592  w_freq: 0.977  w_spend: 1.076
Epoch 112/300 — train_loss: -0.4993  val_loss: -0.2705  freq: 0.2545  spend: 0.1894  w_freq: 0.982  w_spend: 1.083
Epoch 113/300 — train_loss: -0.5081  val_loss: -0.2992  freq: 0.2547  spend: 0.1655  w_freq: 0.987  w_spend: 1.089
Epoch 114/300 — train_loss: -0.5126  val_loss: -0.2850  freq: 0.2547  spend: 0.1810  w_freq: 0.991  w_spend: 1.095
Epoch 115/300 — train_loss: -0.5173  val_loss: -0.2946  freq: 0.2544  spend: 0.1752  w_freq: 0.995  w_spend: 1.102
Epoch 116/300 — train_loss: -0.5200  val_loss: -0.2819  freq: 0.2545  spend: 0.1892  w_freq: 1.000  w_spend: 1.108
Epoch 117/300 — train_loss: -0.5212  val_loss: -0.3011  freq: 0.2549  spend: 0.1744  w_freq: 1.005  w_spend: 1.115
Epoch 118/300 — train_loss: -0.5294  val_loss: -0.3370  freq: 0.2544  spend: 0.1456  w_freq: 1.010  w_spend: 1.122
Epoch 119/300 — train_loss: -0.5363  val_loss: -0.3202  freq: 0.2547  spend: 0.1626  w_freq: 1.014  w_spend: 1.128
Epoch 120/300 — train_loss: -0.5415  val_loss: -0.3164  freq: 0.2545  spend: 0.1686  w_freq: 1.018  w_spend: 1.135
Epoch 121/300 — train_loss: -0.5405  val_loss: -0.3125  freq: 0.2546  spend: 0.1743  w_freq: 1.023  w_spend: 1.141
Epoch 122/300 — train_loss: -0.5580  val_loss: -0.3198  freq: 0.2544  spend: 0.1703  w_freq: 1.027  w_spend: 1.147
Epoch 123/300 — train_loss: -0.5589  val_loss: -0.3050  freq: 0.2545  spend: 0.1853  w_freq: 1.031  w_spend: 1.153
Epoch 124/300 — train_loss: -0.5637  val_loss: -0.2980  freq: 0.2542  spend: 0.1940  w_freq: 1.035  w_spend: 1.160
Epoch 125/300 — train_loss: -0.5613  val_loss: -0.3169  freq: 0.2543  spend: 0.1802  w_freq: 1.040  w_spend: 1.167
Epoch 126/300 — train_loss: -0.5738  val_loss: -0.3013  freq: 0.2543  spend: 0.1957  w_freq: 1.045  w_spend: 1.175
Epoch 127/300 — train_loss: -0.5792  val_loss: -0.2773  freq: 0.2542  spend: 0.2181  w_freq: 1.049  w_spend: 1.181
Epoch 128/300 — train_loss: -0.5788  val_loss: -0.3177  freq: 0.2542  spend: 0.1862  w_freq: 1.054  w_spend: 1.188
Epoch 129/300 — train_loss: -0.5975  val_loss: -0.3297  freq: 0.2542  spend: 0.1783  w_freq: 1.058  w_spend: 1.195
Epoch 130/300 — train_loss: -0.5855  val_loss: -0.3354  freq: 0.2540  spend: 0.1758  w_freq: 1.062  w_spend: 1.201
Epoch 131/300 — train_loss: -0.5986  val_loss: -0.3437  freq: 0.2541  spend: 0.1708  w_freq: 1.067  w_spend: 1.208
Epoch 132/300 — train_loss: -0.6049  val_loss: -0.3441  freq: 0.2542  spend: 0.1721  w_freq: 1.070  w_spend: 1.214
Epoch 133/300 — train_loss: -0.5959  val_loss: -0.3138  freq: 0.2542  spend: 0.1986  w_freq: 1.074  w_spend: 1.219
Epoch 134/300 — train_loss: -0.6155  val_loss: -0.3547  freq: 0.2543  spend: 0.1667  w_freq: 1.077  w_spend: 1.224
Epoch 135/300 — train_loss: -0.6147  val_loss: -0.3018  freq: 0.2539  spend: 0.2117  w_freq: 1.081  w_spend: 1.230
Epoch 136/300 — train_loss: -0.6207  val_loss: -0.3330  freq: 0.2539  spend: 0.1883  w_freq: 1.085  w_spend: 1.236
Epoch 137/300 — train_loss: -0.6259  val_loss: -0.3196  freq: 0.2541  spend: 0.2006  w_freq: 1.089  w_spend: 1.243
Epoch 138/300 — train_loss: -0.6192  val_loss: -0.3381  freq: 0.2540  spend: 0.1876  w_freq: 1.093  w_spend: 1.249
Epoch 139/300 — train_loss: -0.6354  val_loss: -0.3424  freq: 0.2542  spend: 0.1855  w_freq: 1.097  w_spend: 1.255
Epoch 140/300 — train_loss: -0.6407  val_loss: -0.3571  freq: 0.2540  spend: 0.1757  w_freq: 1.101  w_spend: 1.261
Epoch 141/300 — train_loss: -0.6418  val_loss: -0.3466  freq: 0.2542  spend: 0.1855  w_freq: 1.105  w_spend: 1.267
Epoch 142/300 — train_loss: -0.6494  val_loss: -0.3684  freq: 0.2540  spend: 0.1703  w_freq: 1.109  w_spend: 1.274
Epoch 143/300 — train_loss: -0.6483  val_loss: -0.3628  freq: 0.2540  spend: 0.1764  w_freq: 1.113  w_spend: 1.280
Epoch 144/300 — train_loss: -0.6577  val_loss: -0.3539  freq: 0.2541  spend: 0.1849  w_freq: 1.117  w_spend: 1.286
Epoch 145/300 — train_loss: -0.6609  val_loss: -0.3769  freq: 0.2542  spend: 0.1687  w_freq: 1.121  w_spend: 1.293
Epoch 146/300 — train_loss: -0.6649  val_loss: -0.3533  freq: 0.2540  spend: 0.1886  w_freq: 1.125  w_spend: 1.300
Epoch 147/300 — train_loss: -0.6543  val_loss: -0.3829  freq: 0.2542  spend: 0.1672  w_freq: 1.129  w_spend: 1.306
Epoch 148/300 — train_loss: -0.6791  val_loss: -0.2948  freq: 0.2541  spend: 0.2358  w_freq: 1.133  w_spend: 1.312
Epoch 149/300 — train_loss: -0.6815  val_loss: -0.3276  freq: 0.2543  spend: 0.2121  w_freq: 1.137  w_spend: 1.318
Epoch 150/300 — train_loss: -0.6844  val_loss: -0.3592  freq: 0.2542  spend: 0.1893  w_freq: 1.140  w_spend: 1.324
Epoch 151/300 — train_loss: -0.6937  val_loss: -0.3312  freq: 0.2541  spend: 0.2114  w_freq: 1.143  w_spend: 1.328
Epoch 152/300 — train_loss: -0.6859  val_loss: -0.3521  freq: 0.2541  spend: 0.1968  w_freq: 1.146  w_spend: 1.333
Epoch 153/300 — train_loss: -0.6866  val_loss: -0.3718  freq: 0.2539  spend: 0.1835  w_freq: 1.149  w_spend: 1.338
Epoch 154/300 — train_loss: -0.6840  val_loss: -0.3580  freq: 0.2538  spend: 0.1950  w_freq: 1.152  w_spend: 1.343
Epoch 155/300 — train_loss: -0.6997  val_loss: -0.3628  freq: 0.2539  spend: 0.1925  w_freq: 1.156  w_spend: 1.349
Epoch 156/300 — train_loss: -0.7013  val_loss: -0.3415  freq: 0.2539  spend: 0.2095  w_freq: 1.159  w_spend: 1.355
Epoch 157/300 — train_loss: -0.7032  val_loss: -0.3851  freq: 0.2539  spend: 0.1787  w_freq: 1.163  w_spend: 1.361
Epoch 158/300 — train_loss: -0.6963  val_loss: -0.3454  freq: 0.2539  spend: 0.2089  w_freq: 1.167  w_spend: 1.367
Epoch 159/300 — train_loss: -0.7142  val_loss: -0.3462  freq: 0.2538  spend: 0.2096  w_freq: 1.170  w_spend: 1.373
Epoch 160/300 — train_loss: -0.7066  val_loss: -0.3618  freq: 0.2539  spend: 0.1993  w_freq: 1.174  w_spend: 1.379
Epoch 161/300 — train_loss: -0.7159  val_loss: -0.3571  freq: 0.2538  spend: 0.2040  w_freq: 1.177  w_spend: 1.385
Epoch 162/300 — train_loss: -0.7276  val_loss: -0.3711  freq: 0.2539  spend: 0.1949  w_freq: 1.181  w_spend: 1.391
Epoch 163/300 — train_loss: -0.7297  val_loss: -0.3568  freq: 0.2540  spend: 0.2059  w_freq: 1.184  w_spend: 1.396
Epoch 164/300 — train_loss: -0.7365  val_loss: -0.3785  freq: 0.2539  spend: 0.1914  w_freq: 1.187  w_spend: 1.401
Epoch 165/300 — train_loss: -0.7436  val_loss: -0.3438  freq: 0.2538  spend: 0.2170  w_freq: 1.190  w_spend: 1.405
Epoch 166/300 — train_loss: -0.7418  val_loss: -0.3534  freq: 0.2539  spend: 0.2110  w_freq: 1.193  w_spend: 1.410
Epoch 167/300 — train_loss: -0.7457  val_loss: -0.3852  freq: 0.2540  spend: 0.1894  w_freq: 1.196  w_spend: 1.415
Epoch 168/300 — train_loss: -0.7438  val_loss: -0.3726  freq: 0.2539  spend: 0.1994  w_freq: 1.199  w_spend: 1.421
Epoch 169/300 — train_loss: -0.7558  val_loss: -0.3682  freq: 0.2539  spend: 0.2032  w_freq: 1.202  w_spend: 1.426
Epoch 170/300 — train_loss: -0.7592  val_loss: -0.3533  freq: 0.2539  spend: 0.2146  w_freq: 1.205  w_spend: 1.431
Epoch 171/300 — train_loss: -0.7635  val_loss: -0.3454  freq: 0.2538  spend: 0.2209  w_freq: 1.208  w_spend: 1.436
Epoch 172/300 — train_loss: -0.7530  val_loss: -0.3767  freq: 0.2537  spend: 0.2002  w_freq: 1.211  w_spend: 1.442
Epoch 173/300 — train_loss: -0.7698  val_loss: -0.3356  freq: 0.2541  spend: 0.2291  w_freq: 1.215  w_spend: 1.447
Epoch 174/300 — train_loss: -0.7761  val_loss: -0.3159  freq: 0.2539  spend: 0.2436  w_freq: 1.218  w_spend: 1.453
Epoch 175/300 — train_loss: -0.7641  val_loss: -0.3858  freq: 0.2539  spend: 0.1964  w_freq: 1.221  w_spend: 1.458
Epoch 176/300 — train_loss: -0.7699  val_loss: -0.3560  freq: 0.2541  spend: 0.2172  w_freq: 1.224  w_spend: 1.463
Epoch 177/300 — train_loss: -0.7787  val_loss: -0.3781  freq: 0.2538  spend: 0.2031  w_freq: 1.226  w_spend: 1.467
Epoch 178/300 — train_loss: -0.7915  val_loss: -0.3582  freq: 0.2540  spend: 0.2170  w_freq: 1.229  w_spend: 1.471
Epoch 179/300 — train_loss: -0.7892  val_loss: -0.3820  freq: 0.2537  spend: 0.2018  w_freq: 1.231  w_spend: 1.475
Epoch 180/300 — train_loss: -0.7840  val_loss: -0.3645  freq: 0.2537  spend: 0.2144  w_freq: 1.234  w_spend: 1.480
Epoch 181/300 — train_loss: -0.7978  val_loss: -0.3611  freq: 0.2538  spend: 0.2172  w_freq: 1.237  w_spend: 1.485
Epoch 182/300 — train_loss: -0.7890  val_loss: -0.3589  freq: 0.2540  spend: 0.2191  w_freq: 1.239  w_spend: 1.490
Epoch 183/300 — train_loss: -0.7938  val_loss: -0.3573  freq: 0.2538  spend: 0.2210  w_freq: 1.242  w_spend: 1.493
Epoch 184/300 — train_loss: -0.8088  val_loss: -0.3419  freq: 0.2538  spend: 0.2318  w_freq: 1.244  w_spend: 1.498
Epoch 185/300 — train_loss: -0.8084  val_loss: -0.3530  freq: 0.2536  spend: 0.2250  w_freq: 1.247  w_spend: 1.502
Epoch 186/300 — train_loss: -0.7977  val_loss: -0.3711  freq: 0.2537  spend: 0.2136  w_freq: 1.249  w_spend: 1.506
Epoch 187/300 — train_loss: -0.8254  val_loss: -0.3651  freq: 0.2538  spend: 0.2181  w_freq: 1.252  w_spend: 1.511
Epoch 188/300 — train_loss: -0.8201  val_loss: -0.3363  freq: 0.2539  spend: 0.2375  w_freq: 1.254  w_spend: 1.515
Epoch 189/300 — train_loss: -0.8205  val_loss: -0.3752  freq: 0.2538  spend: 0.2126  w_freq: 1.257  w_spend: 1.520
Epoch 190/300 — train_loss: -0.8138  val_loss: -0.3603  freq: 0.2537  spend: 0.2229  w_freq: 1.259  w_spend: 1.524
Epoch 191/300 — train_loss: -0.8264  val_loss: -0.3512  freq: 0.2538  spend: 0.2292  w_freq: 1.262  w_spend: 1.528
Epoch 192/300 — train_loss: -0.8254  val_loss: -0.3376  freq: 0.2539  spend: 0.2386  w_freq: 1.264  w_spend: 1.532
Epoch 193/300 — train_loss: -0.8177  val_loss: -0.3543  freq: 0.2538  spend: 0.2282  w_freq: 1.266  w_spend: 1.536
Epoch 194/300 — train_loss: -0.8237  val_loss: -0.3833  freq: 0.2536  spend: 0.2100  w_freq: 1.269  w_spend: 1.540
Epoch 195/300 — train_loss: -0.8196  val_loss: -0.3693  freq: 0.2536  spend: 0.2196  w_freq: 1.271  w_spend: 1.544
Early stopping triggered at epoch 195.

Checkpoint saved: /kaggle/working/results/checkpoints/transformer_joint_uci_v2_seed7_sample_repair.pt

Duan's smearing factor (val): 1.3936
Validation-fitted softmax temperature: 0.9964
Validation aggregate calibration: freq_factor=0.9883, spend_factor=1.0231

Running autoregressive inference on holdout period ...
  inference mode: sample  n_scenarios: 200  temperature: 0.9964

=== Prediction Diagnostics ===
  Mean predicted freq/week:    0.0642
  Mean actual freq/week:       0.0656
  Over-prediction ratio:       0.979x
  Customers predicted as zero total:  0.352
  Customers actually zero total:      0.484
  Non-zero rate (pred, avg > 0.05):  0.332
  Non-zero rate (true):               0.055

Metrics saved: /kaggle/working/results/tables/transformer_joint_uci_v2_seed7_sample_repair_metrics.json
Array artifacts saved: /kaggle/working/results/tables/transformer_joint_uci_v2_seed7_sample_repair_arrays.npz

=== Holdout Evaluation ===
  freq_rmse: 2.3813
  freq_mae: 1.1662
  freq_normalized_gini: 0.7695
  freq_calibration_factor: 0.9883
  freq_mape: 3.2573
  bias_pct: -3.2573
  freq_weekly_mae: 48.7973
  freq_weekly_total_true: 8413.0000
  freq_weekly_total_pred: 8138.9628
  freq_weekly_mape: 15.0394
  freq_weekly_bias_pct: -0.5133
  freq_mase: 0.9224
  freq_mase_scale: 0.1146
  smearing_factor: 1.3936
  spend_calibration_factor: 1.0231
  spend_mae_raw: 628.2649
  spend_rmse_raw: 2973.0916
  spend_normalized_gini: 0.8621
  spend_mae_log: 2.7381
  spend_rmse_log: 3.5388
  spend_r2_log: -0.1098
  spend_bias_pct: 4.1271
  spend_weekly_mae: 30063.5259
  spend_weekly_total_true: 4266929.6797
  spend_weekly_total_pred: 4443030.2901
  spend_weekly_mape: 20.3301
  spend_weekly_bias_pct: 8.7781
  spend_mase: 1.4695
  spend_mase_scale: 36.7368
  clv_mae: 612.5934
  clv_rmse: 2899.9624
  clv_spearman: 0.6183
  clv_decile_lift: 6.2908
  clv_normalized_gini: 0.8624
  clv_total_true: 4160751.5000
  clv_total_pred: 4335587.5000
  calibration_temperature_source: validation_only
  validation_temperature: 0.9964
  calibration_source: validation_only
  validation_freq_true_total: 2268.0000
  validation_freq_pred_total: 2322.2624
  validation_spend_true_total: 1340219.5292
  validation_spend_pred_total: 1280961.1034
  validation_freq_calibration_factor: 0.9883
  validation_spend_calibration_factor: 1.0231
  repair_attempted: True
  repair_strategy: amp_disabled; lr_0.0005; grad_clip_0.5
  repair_source_failure_type: FloatingPointError
  training_lr_after_repair: 0.0005
  training_max_grad_norm_after_repair: 0.5000
  training_amp_enabled_after_repair: False
  final_manifest_version: 2026-05-20-results-recovery-protocol
  final_manifest_run_name: transformer_joint_uci_v2_seed7_sample_repair
  final_manifest_config: experiments/configs/transformer_joint_uci_v2.yaml
  final_manifest_config_hash: f38bd889bbf7
  final_manifest_actual_config_hash: 2a1b02be1107
  final_manifest_seed: 7
  final_manifest_epochs: 300
  final_manifest_inference_mode: sample
  final_manifest_n_scenarios: 200
  run_valid: True
  run_invalid_reason: 
  run_warning: 
History saved: /kaggle/working/results/tables/transformer_joint_uci_v2_seed7_sample_repair_history.json
