[Kaggle] raw_dir  → /kaggle/working/input/tafeng-dataset
[Kaggle] results  → /kaggle/working/results
Config: experiments/configs/transformer_joint_tafeng_v2.yaml
Run: transformer_joint_tafeng_v2_seed123_sample
Device: cuda
Loading dataset: tafeng ...
[pipeline] freq_cap=4 (auto q=0.99) → freq_bins=[0, 1, 2, 3]... (n_classes=5)
  Train customers: 25029, Val: 2780, Inference: 27809
[tafeng] Customers with 0 calibration transactions: 0 / 27809
  top-bin decode: class_values[-1] = 4.473 (max_trans = 4)
Model: transformer — 102,086 parameters

Training for up to 300 epochs ...
/kaggle/working/thesis-code/src/training/trainer.py:96: FutureWarning: `torch.cuda.amp.GradScaler(args...)` is deprecated. Please use `torch.amp.GradScaler('cuda', args...)` instead.
  self.scaler = torch.cuda.amp.GradScaler(enabled=self.amp_enabled)
[Kendall] log_vars frozen for 5 warm-up epochs.

Training failed with a repairable error: FloatingPointError: Non-finite gradients in freq_head.weight
Metrics saved: /kaggle/working/results/tables/transformer_joint_tafeng_v2_seed123_sample_metrics.json
Retrying once as robustness repair (amp_disabled; lr_0.0005; grad_clip_0.5) ...
Config: experiments/configs/transformer_joint_tafeng_v2.yaml
Run: transformer_joint_tafeng_v2_seed123_sample_repair
Device: cuda
Loading dataset: tafeng ...
[pipeline] freq_cap=4 (auto q=0.99) → freq_bins=[0, 1, 2, 3]... (n_classes=5)
  Train customers: 25029, Val: 2780, Inference: 27809
[tafeng] Customers with 0 calibration transactions: 0 / 27809
  top-bin decode: class_values[-1] = 4.473 (max_trans = 4)
Model: transformer — 102,086 parameters

Training for up to 300 epochs ...
/kaggle/working/thesis-code/src/training/trainer.py:96: FutureWarning: `torch.cuda.amp.GradScaler(args...)` is deprecated. Please use `torch.amp.GradScaler('cuda', args...)` instead.
  self.scaler = torch.cuda.amp.GradScaler(enabled=self.amp_enabled)
[Kendall] log_vars frozen for 5 warm-up epochs.
Epoch   1/300 — train_loss: 1.6041  val_loss: 1.3259  freq: 2.2698  spend: 0.3819  w_freq: 0.500  w_spend: 0.500
Epoch   2/300 — train_loss: 1.1260  val_loss: 0.7331  freq: 1.1812  spend: 0.2850  w_freq: 0.500  w_spend: 0.500
Epoch   3/300 — train_loss: 0.6010  val_loss: 0.4331  freq: 0.6497  spend: 0.2164  w_freq: 0.500  w_spend: 0.500
Epoch   4/300 — train_loss: 0.4587  val_loss: 0.4062  freq: 0.6098  spend: 0.2027  w_freq: 0.500  w_spend: 0.500
Epoch   5/300 — train_loss: 0.4313  val_loss: 0.3946  freq: 0.5922  spend: 0.1969  w_freq: 0.500  w_spend: 0.500
[Kendall] log_vars unfrozen at epoch 6.
Epoch   6/300 — train_loss: 0.4113  val_loss: 0.3821  freq: 0.5840  spend: 0.1910  w_freq: 0.502  w_spend: 0.502
Epoch   7/300 — train_loss: 0.3911  val_loss: 0.3678  freq: 0.5742  spend: 0.1856  w_freq: 0.507  w_spend: 0.507
Epoch   8/300 — train_loss: 0.3729  val_loss: 0.3505  freq: 0.5685  spend: 0.1721  w_freq: 0.513  w_spend: 0.513
Epoch   9/300 — train_loss: 0.3508  val_loss: 0.3316  freq: 0.5678  spend: 0.1521  w_freq: 0.520  w_spend: 0.519
Epoch  10/300 — train_loss: 0.3310  val_loss: 0.3132  freq: 0.5646  spend: 0.1374  w_freq: 0.527  w_spend: 0.527
Epoch  11/300 — train_loss: 0.3109  val_loss: 0.2956  freq: 0.5630  spend: 0.1249  w_freq: 0.535  w_spend: 0.535
Epoch  12/300 — train_loss: 0.2937  val_loss: 0.2773  freq: 0.5596  spend: 0.1148  w_freq: 0.543  w_spend: 0.544
Epoch  13/300 — train_loss: 0.2778  val_loss: 0.2623  freq: 0.5584  spend: 0.1106  w_freq: 0.553  w_spend: 0.554
Epoch  14/300 — train_loss: 0.2615  val_loss: 0.2478  freq: 0.5588  spend: 0.1064  w_freq: 0.563  w_spend: 0.565
Epoch  15/300 — train_loss: 0.2472  val_loss: 0.2336  freq: 0.5580  spend: 0.1038  w_freq: 0.574  w_spend: 0.577
Epoch  16/300 — train_loss: 0.2316  val_loss: 0.2174  freq: 0.5566  spend: 0.0998  w_freq: 0.585  w_spend: 0.589
Epoch  17/300 — train_loss: 0.2167  val_loss: 0.2053  freq: 0.5572  spend: 0.0996  w_freq: 0.596  w_spend: 0.602
Epoch  18/300 — train_loss: 0.2015  val_loss: 0.1928  freq: 0.5584  spend: 0.0981  w_freq: 0.607  w_spend: 0.614
Epoch  19/300 — train_loss: 0.1893  val_loss: 0.1804  freq: 0.5573  spend: 0.0990  w_freq: 0.618  w_spend: 0.628
Epoch  20/300 — train_loss: 0.1731  val_loss: 0.1669  freq: 0.5556  spend: 0.0989  w_freq: 0.629  w_spend: 0.642
Epoch  21/300 — train_loss: 0.1604  val_loss: 0.1511  freq: 0.5559  spend: 0.0931  w_freq: 0.641  w_spend: 0.656
Epoch  22/300 — train_loss: 0.1469  val_loss: 0.1418  freq: 0.5555  spend: 0.0966  w_freq: 0.652  w_spend: 0.671
Epoch  23/300 — train_loss: 0.1334  val_loss: 0.1303  freq: 0.5561  spend: 0.0968  w_freq: 0.662  w_spend: 0.685
Epoch  24/300 — train_loss: 0.1209  val_loss: 0.1182  freq: 0.5557  spend: 0.0967  w_freq: 0.674  w_spend: 0.701
Epoch  25/300 — train_loss: 0.1086  val_loss: 0.1028  freq: 0.5550  spend: 0.0914  w_freq: 0.685  w_spend: 0.716
Epoch  26/300 — train_loss: 0.0963  val_loss: 0.0923  freq: 0.5552  spend: 0.0922  w_freq: 0.695  w_spend: 0.732
Epoch  27/300 — train_loss: 0.0842  val_loss: 0.0821  freq: 0.5549  spend: 0.0924  w_freq: 0.705  w_spend: 0.747
Epoch  28/300 — train_loss: 0.0721  val_loss: 0.0688  freq: 0.5553  spend: 0.0899  w_freq: 0.716  w_spend: 0.764
Epoch  29/300 — train_loss: 0.0604  val_loss: 0.0580  freq: 0.5558  spend: 0.0889  w_freq: 0.727  w_spend: 0.781
Epoch  30/300 — train_loss: 0.0503  val_loss: 0.0506  freq: 0.5556  spend: 0.0926  w_freq: 0.736  w_spend: 0.798
Epoch  31/300 — train_loss: 0.0388  val_loss: 0.0387  freq: 0.5548  spend: 0.0905  w_freq: 0.745  w_spend: 0.814
Epoch  32/300 — train_loss: 0.0285  val_loss: 0.0287  freq: 0.5559  spend: 0.0892  w_freq: 0.755  w_spend: 0.831
Epoch  33/300 — train_loss: 0.0199  val_loss: 0.0208  freq: 0.5549  spend: 0.0916  w_freq: 0.764  w_spend: 0.848
Epoch  34/300 — train_loss: 0.0073  val_loss: 0.0101  freq: 0.5543  spend: 0.0898  w_freq: 0.772  w_spend: 0.865
Epoch  35/300 — train_loss: -0.0004  val_loss: -0.0006  freq: 0.5547  spend: 0.0880  w_freq: 0.780  w_spend: 0.882
Epoch  36/300 — train_loss: -0.0126  val_loss: -0.0096  freq: 0.5542  spend: 0.0884  w_freq: 0.788  w_spend: 0.900
Epoch  37/300 — train_loss: -0.0202  val_loss: -0.0138  freq: 0.5549  spend: 0.0927  w_freq: 0.796  w_spend: 0.918
Epoch  38/300 — train_loss: -0.0318  val_loss: -0.0291  freq: 0.5539  spend: 0.0866  w_freq: 0.803  w_spend: 0.936
Epoch  39/300 — train_loss: -0.0401  val_loss: -0.0345  freq: 0.5554  spend: 0.0883  w_freq: 0.810  w_spend: 0.954
Epoch  40/300 — train_loss: -0.0486  val_loss: -0.0392  freq: 0.5547  spend: 0.0922  w_freq: 0.817  w_spend: 0.973
Epoch  41/300 — train_loss: -0.0579  val_loss: -0.0482  freq: 0.5554  spend: 0.0907  w_freq: 0.823  w_spend: 0.991
Epoch  42/300 — train_loss: -0.0657  val_loss: -0.0591  freq: 0.5543  spend: 0.0884  w_freq: 0.829  w_spend: 1.009
Epoch  43/300 — train_loss: -0.0741  val_loss: -0.0648  freq: 0.5553  spend: 0.0897  w_freq: 0.835  w_spend: 1.028
Epoch  44/300 — train_loss: -0.0848  val_loss: -0.0731  freq: 0.5551  spend: 0.0899  w_freq: 0.841  w_spend: 1.048
Epoch  45/300 — train_loss: -0.0953  val_loss: -0.0781  freq: 0.5544  spend: 0.0931  w_freq: 0.847  w_spend: 1.068
Epoch  46/300 — train_loss: -0.1013  val_loss: -0.0890  freq: 0.5552  spend: 0.0895  w_freq: 0.852  w_spend: 1.089
Epoch  47/300 — train_loss: -0.1097  val_loss: -0.0990  freq: 0.5549  spend: 0.0874  w_freq: 0.857  w_spend: 1.108
Epoch  48/300 — train_loss: -0.1192  val_loss: -0.1052  freq: 0.5545  spend: 0.0892  w_freq: 0.862  w_spend: 1.130
Epoch  49/300 — train_loss: -0.1248  val_loss: -0.1128  freq: 0.5551  spend: 0.0885  w_freq: 0.866  w_spend: 1.152
Epoch  50/300 — train_loss: -0.1358  val_loss: -0.1194  freq: 0.5544  spend: 0.0897  w_freq: 0.870  w_spend: 1.173
Epoch  51/300 — train_loss: -0.1415  val_loss: -0.1237  freq: 0.5544  spend: 0.0919  w_freq: 0.874  w_spend: 1.194
Epoch  52/300 — train_loss: -0.1518  val_loss: -0.1290  freq: 0.5550  spend: 0.0930  w_freq: 0.878  w_spend: 1.215
Epoch  53/300 — train_loss: -0.1570  val_loss: -0.1387  freq: 0.5542  spend: 0.0909  w_freq: 0.882  w_spend: 1.237
Epoch  54/300 — train_loss: -0.1664  val_loss: -0.1458  freq: 0.5545  spend: 0.0905  w_freq: 0.885  w_spend: 1.258
Epoch  55/300 — train_loss: -0.1716  val_loss: -0.1545  freq: 0.5539  spend: 0.0892  w_freq: 0.887  w_spend: 1.280
Epoch  56/300 — train_loss: -0.1798  val_loss: -0.1559  freq: 0.5551  spend: 0.0927  w_freq: 0.890  w_spend: 1.303
Epoch  57/300 — train_loss: -0.1880  val_loss: -0.1668  freq: 0.5545  spend: 0.0895  w_freq: 0.893  w_spend: 1.326
Epoch  58/300 — train_loss: -0.1932  val_loss: -0.1669  freq: 0.5544  spend: 0.0945  w_freq: 0.896  w_spend: 1.349
Epoch  59/300 — train_loss: -0.2035  val_loss: -0.1792  freq: 0.5546  spend: 0.0898  w_freq: 0.898  w_spend: 1.371
Epoch  60/300 — train_loss: -0.2091  val_loss: -0.1874  freq: 0.5549  spend: 0.0883  w_freq: 0.900  w_spend: 1.394
Epoch  61/300 — train_loss: -0.2169  val_loss: -0.1868  freq: 0.5546  spend: 0.0932  w_freq: 0.902  w_spend: 1.418
Epoch  62/300 — train_loss: -0.2247  val_loss: -0.1928  freq: 0.5545  spend: 0.0935  w_freq: 0.903  w_spend: 1.442
Epoch  63/300 — train_loss: -0.2293  val_loss: -0.2028  freq: 0.5548  spend: 0.0906  w_freq: 0.905  w_spend: 1.466
Epoch  64/300 — train_loss: -0.2374  val_loss: -0.1987  freq: 0.5545  spend: 0.0974  w_freq: 0.906  w_spend: 1.490
Epoch  65/300 — train_loss: -0.2474  val_loss: -0.2149  freq: 0.5552  spend: 0.0902  w_freq: 0.908  w_spend: 1.515
Epoch  66/300 — train_loss: -0.2542  val_loss: -0.2154  freq: 0.5544  spend: 0.0942  w_freq: 0.909  w_spend: 1.541
Epoch  67/300 — train_loss: -0.2577  val_loss: -0.2199  freq: 0.5551  spend: 0.0943  w_freq: 0.911  w_spend: 1.565
Epoch  68/300 — train_loss: -0.2651  val_loss: -0.2237  freq: 0.5555  spend: 0.0951  w_freq: 0.912  w_spend: 1.589
Epoch  69/300 — train_loss: -0.2704  val_loss: -0.2314  freq: 0.5547  spend: 0.0943  w_freq: 0.913  w_spend: 1.615
Epoch  70/300 — train_loss: -0.2752  val_loss: -0.2393  freq: 0.5548  spend: 0.0928  w_freq: 0.914  w_spend: 1.641
Epoch  71/300 — train_loss: -0.2850  val_loss: -0.2393  freq: 0.5548  spend: 0.0958  w_freq: 0.914  w_spend: 1.666
Epoch  72/300 — train_loss: -0.2892  val_loss: -0.2413  freq: 0.5557  spend: 0.0972  w_freq: 0.915  w_spend: 1.691
Epoch  73/300 — train_loss: -0.2983  val_loss: -0.2471  freq: 0.5554  spend: 0.0968  w_freq: 0.916  w_spend: 1.717
Epoch  74/300 — train_loss: -0.3043  val_loss: -0.2546  freq: 0.5547  spend: 0.0959  w_freq: 0.916  w_spend: 1.744
Epoch  75/300 — train_loss: -0.3107  val_loss: -0.2585  freq: 0.5548  spend: 0.0965  w_freq: 0.917  w_spend: 1.772
Epoch  76/300 — train_loss: -0.3127  val_loss: -0.2584  freq: 0.5545  spend: 0.0993  w_freq: 0.918  w_spend: 1.797
Epoch  77/300 — train_loss: -0.3267  val_loss: -0.2619  freq: 0.5551  spend: 0.0998  w_freq: 0.918  w_spend: 1.825
Epoch  78/300 — train_loss: -0.3285  val_loss: -0.2596  freq: 0.5553  spend: 0.1035  w_freq: 0.919  w_spend: 1.854
Epoch  79/300 — train_loss: -0.3328  val_loss: -0.2766  freq: 0.5553  spend: 0.0969  w_freq: 0.919  w_spend: 1.881
Epoch  80/300 — train_loss: -0.3393  val_loss: -0.2762  freq: 0.5551  spend: 0.0996  w_freq: 0.920  w_spend: 1.909
Epoch  81/300 — train_loss: -0.3440  val_loss: -0.2830  freq: 0.5554  spend: 0.0983  w_freq: 0.920  w_spend: 1.938
Epoch  82/300 — train_loss: -0.3500  val_loss: -0.2862  freq: 0.5551  spend: 0.0991  w_freq: 0.920  w_spend: 1.966
Epoch  83/300 — train_loss: -0.3586  val_loss: -0.2816  freq: 0.5551  spend: 0.1036  w_freq: 0.920  w_spend: 1.995
Epoch  84/300 — train_loss: -0.3640  val_loss: -0.2907  freq: 0.5547  spend: 0.1015  w_freq: 0.921  w_spend: 2.026
Epoch  85/300 — train_loss: -0.3693  val_loss: -0.2964  freq: 0.5550  spend: 0.1007  w_freq: 0.922  w_spend: 2.056
Epoch  86/300 — train_loss: -0.3779  val_loss: -0.3020  freq: 0.5548  spend: 0.1000  w_freq: 0.921  w_spend: 2.085
Epoch  87/300 — train_loss: -0.3829  val_loss: -0.2969  freq: 0.5553  spend: 0.1041  w_freq: 0.922  w_spend: 2.115
Epoch  88/300 — train_loss: -0.3921  val_loss: -0.3044  freq: 0.5553  spend: 0.1025  w_freq: 0.922  w_spend: 2.144
Epoch  89/300 — train_loss: -0.3971  val_loss: -0.2967  freq: 0.5554  spend: 0.1077  w_freq: 0.922  w_spend: 2.176
Epoch  90/300 — train_loss: -0.4014  val_loss: -0.2986  freq: 0.5551  spend: 0.1087  w_freq: 0.922  w_spend: 2.207
Epoch  91/300 — train_loss: -0.4109  val_loss: -0.3133  freq: 0.5554  spend: 0.1036  w_freq: 0.922  w_spend: 2.239
Epoch  92/300 — train_loss: -0.4087  val_loss: -0.3193  freq: 0.5565  spend: 0.1020  w_freq: 0.923  w_spend: 2.268
Epoch  93/300 — train_loss: -0.4130  val_loss: -0.3112  freq: 0.5556  spend: 0.1075  w_freq: 0.923  w_spend: 2.298
Epoch  94/300 — train_loss: -0.4170  val_loss: -0.3073  freq: 0.5553  spend: 0.1106  w_freq: 0.923  w_spend: 2.330
Epoch  95/300 — train_loss: -0.4295  val_loss: -0.3244  freq: 0.5550  spend: 0.1047  w_freq: 0.922  w_spend: 2.357
Epoch  96/300 — train_loss: -0.4315  val_loss: -0.3301  freq: 0.5551  spend: 0.1037  w_freq: 0.923  w_spend: 2.389
Epoch  97/300 — train_loss: -0.4352  val_loss: -0.3179  freq: 0.5549  spend: 0.1101  w_freq: 0.922  w_spend: 2.421
Epoch  98/300 — train_loss: -0.4410  val_loss: -0.3226  freq: 0.5548  spend: 0.1094  w_freq: 0.922  w_spend: 2.450
Epoch  99/300 — train_loss: -0.4463  val_loss: -0.3246  freq: 0.5554  spend: 0.1096  w_freq: 0.922  w_spend: 2.483
Epoch 100/300 — train_loss: -0.4517  val_loss: -0.3276  freq: 0.5552  spend: 0.1097  w_freq: 0.922  w_spend: 2.516
Epoch 101/300 — train_loss: -0.4546  val_loss: -0.3318  freq: 0.5556  spend: 0.1090  w_freq: 0.923  w_spend: 2.549
Epoch 102/300 — train_loss: -0.4608  val_loss: -0.3393  freq: 0.5554  spend: 0.1072  w_freq: 0.922  w_spend: 2.582
Epoch 103/300 — train_loss: -0.4658  val_loss: -0.3337  freq: 0.5556  spend: 0.1103  w_freq: 0.922  w_spend: 2.614
Epoch 104/300 — train_loss: -0.4714  val_loss: -0.3378  freq: 0.5553  spend: 0.1099  w_freq: 0.922  w_spend: 2.649
Epoch 105/300 — train_loss: -0.4780  val_loss: -0.3341  freq: 0.5552  spend: 0.1123  w_freq: 0.922  w_spend: 2.684
Epoch 106/300 — train_loss: -0.4805  val_loss: -0.3518  freq: 0.5559  spend: 0.1064  w_freq: 0.922  w_spend: 2.716
Epoch 107/300 — train_loss: -0.4857  val_loss: -0.3480  freq: 0.5565  spend: 0.1085  w_freq: 0.922  w_spend: 2.748
Epoch 108/300 — train_loss: -0.4900  val_loss: -0.3510  freq: 0.5553  spend: 0.1087  w_freq: 0.922  w_spend: 2.783
Epoch 109/300 — train_loss: -0.5014  val_loss: -0.3590  freq: 0.5551  spend: 0.1068  w_freq: 0.922  w_spend: 2.818
Epoch 110/300 — train_loss: -0.5041  val_loss: -0.3577  freq: 0.5558  spend: 0.1079  w_freq: 0.922  w_spend: 2.853
Epoch 111/300 — train_loss: -0.5107  val_loss: -0.3423  freq: 0.5557  spend: 0.1140  w_freq: 0.922  w_spend: 2.888
Epoch 112/300 — train_loss: -0.5116  val_loss: -0.3540  freq: 0.5552  spend: 0.1109  w_freq: 0.922  w_spend: 2.924
Epoch 113/300 — train_loss: -0.5172  val_loss: -0.3387  freq: 0.5557  spend: 0.1166  w_freq: 0.922  w_spend: 2.960
Epoch 114/300 — train_loss: -0.5209  val_loss: -0.3358  freq: 0.5554  spend: 0.1182  w_freq: 0.922  w_spend: 2.994
Epoch 115/300 — train_loss: -0.5220  val_loss: -0.3631  freq: 0.5556  spend: 0.1097  w_freq: 0.922  w_spend: 3.029
Epoch 116/300 — train_loss: -0.5247  val_loss: -0.3563  freq: 0.5553  spend: 0.1126  w_freq: 0.922  w_spend: 3.064
Epoch 117/300 — train_loss: -0.5362  val_loss: -0.3400  freq: 0.5557  spend: 0.1183  w_freq: 0.922  w_spend: 3.100
Epoch 118/300 — train_loss: -0.5331  val_loss: -0.3533  freq: 0.5555  spend: 0.1146  w_freq: 0.922  w_spend: 3.137
Epoch 119/300 — train_loss: -0.5461  val_loss: -0.3302  freq: 0.5554  spend: 0.1223  w_freq: 0.922  w_spend: 3.171
Epoch 120/300 — train_loss: -0.5465  val_loss: -0.3573  freq: 0.5552  spend: 0.1144  w_freq: 0.922  w_spend: 3.208
Epoch 121/300 — train_loss: -0.5498  val_loss: -0.3574  freq: 0.5555  spend: 0.1147  w_freq: 0.921  w_spend: 3.244
Epoch 122/300 — train_loss: -0.5619  val_loss: -0.3320  freq: 0.5554  spend: 0.1228  w_freq: 0.922  w_spend: 3.279
Epoch 123/300 — train_loss: -0.5631  val_loss: -0.3285  freq: 0.5554  spend: 0.1242  w_freq: 0.922  w_spend: 3.316
Epoch 124/300 — train_loss: -0.5625  val_loss: -0.3411  freq: 0.5558  spend: 0.1206  w_freq: 0.922  w_spend: 3.352
Epoch 125/300 — train_loss: -0.5760  val_loss: -0.3279  freq: 0.5557  spend: 0.1248  w_freq: 0.922  w_spend: 3.389
Epoch 126/300 — train_loss: -0.5774  val_loss: -0.3350  freq: 0.5560  spend: 0.1229  w_freq: 0.922  w_spend: 3.427
Epoch 127/300 — train_loss: -0.5864  val_loss: -0.3195  freq: 0.5555  spend: 0.1277  w_freq: 0.922  w_spend: 3.467
Epoch 128/300 — train_loss: -0.5830  val_loss: -0.3369  freq: 0.5553  spend: 0.1230  w_freq: 0.922  w_spend: 3.505
Epoch 129/300 — train_loss: -0.5885  val_loss: -0.3352  freq: 0.5554  spend: 0.1237  w_freq: 0.922  w_spend: 3.544
Epoch 130/300 — train_loss: -0.5990  val_loss: -0.3372  freq: 0.5554  spend: 0.1233  w_freq: 0.922  w_spend: 3.582
Epoch 131/300 — train_loss: -0.6021  val_loss: -0.3204  freq: 0.5554  spend: 0.1280  w_freq: 0.922  w_spend: 3.622
Epoch 132/300 — train_loss: -0.6032  val_loss: -0.3104  freq: 0.5559  spend: 0.1307  w_freq: 0.922  w_spend: 3.660
Epoch 133/300 — train_loss: -0.6122  val_loss: -0.3317  freq: 0.5555  spend: 0.1251  w_freq: 0.922  w_spend: 3.698
Epoch 134/300 — train_loss: -0.6139  val_loss: -0.3221  freq: 0.5554  spend: 0.1278  w_freq: 0.922  w_spend: 3.737
Epoch 135/300 — train_loss: -0.6108  val_loss: -0.3329  freq: 0.5555  spend: 0.1250  w_freq: 0.922  w_spend: 3.773
Early stopping triggered at epoch 135.

Checkpoint saved: /kaggle/working/results/checkpoints/transformer_joint_tafeng_v2_seed123_sample_repair.pt

Duan's smearing factor (val): 1.5864
Validation-fitted softmax temperature: 0.9978
Validation aggregate calibration: freq_factor=0.9874, spend_factor=0.9697

Running autoregressive inference on holdout period ...
  inference mode: sample  n_scenarios: 200  temperature: 0.9978

=== Prediction Diagnostics ===
  Mean predicted freq/week:    0.1793
  Mean actual freq/week:       0.2167
  Over-prediction ratio:       0.828x
  Customers predicted as zero total:  0.348
  Customers actually zero total:      0.504
  Non-zero rate (pred, avg > 0.05):  0.844
  Non-zero rate (true):               0.175

Metrics saved: /kaggle/working/results/tables/transformer_joint_tafeng_v2_seed123_sample_repair_metrics.json
Array artifacts saved: /kaggle/working/results/tables/transformer_joint_tafeng_v2_seed123_sample_repair_arrays.npz

=== Holdout Evaluation ===
  freq_rmse: 1.3576
  freq_mae: 0.8811
  freq_normalized_gini: 0.6418
  freq_calibration_factor: 0.9874
  freq_mape: 18.2688
  bias_pct: -18.2688
  freq_weekly_mae: 1913.0440
  freq_weekly_total_true: 30127.0000
  freq_weekly_total_pred: 24623.1607
  freq_weekly_mape: 34.2936
  freq_weekly_bias_pct: -14.6449
  freq_mase: 0.8235
  freq_mase_scale: 0.3519
  smearing_factor: 1.5864
  spend_calibration_factor: 0.9697
  spend_mae_raw: 888.7825
  spend_rmse_raw: 2981.7510
  spend_normalized_gini: 0.5605
  spend_mae_log: 3.6588
  spend_rmse_log: 4.6634
  spend_r2_log: -0.7447
  spend_bias_pct: 11.1302
  spend_weekly_mae: 2675341.1630
  spend_weekly_total_true: 23513493.8879
  spend_weekly_total_pred: 26130592.5623
  spend_weekly_mape: 58.7098
  spend_weekly_bias_pct: 13.9969
  spend_mase: 0.9528
  spend_mase_scale: 289.2989
  clv_mae: 888.7825
  clv_rmse: 2981.7510
  clv_spearman: 0.3924
  clv_decile_lift: 3.4651
  clv_normalized_gini: 0.5605
  clv_total_true: 23513494.0000
  clv_total_pred: 26130592.0000
  calibration_temperature_source: validation_only
  validation_temperature: 0.9978
  calibration_source: validation_only
  validation_freq_true_total: 5343.0000
  validation_freq_pred_total: 5480.6740
  validation_spend_true_total: 4536783.9953
  validation_spend_pred_total: 4829597.6184
  validation_freq_calibration_factor: 0.9874
  validation_spend_calibration_factor: 0.9697
  repair_attempted: True
  repair_strategy: amp_disabled; lr_0.0005; grad_clip_0.5
  repair_source_failure_type: FloatingPointError
  training_lr_after_repair: 0.0005
  training_max_grad_norm_after_repair: 0.5000
  training_amp_enabled_after_repair: False
  final_manifest_version: 2026-05-20-results-recovery-protocol
  final_manifest_run_name: transformer_joint_tafeng_v2_seed123_sample_repair
  final_manifest_config: experiments/configs/transformer_joint_tafeng_v2.yaml
  final_manifest_config_hash: 758c3979a268
  final_manifest_actual_config_hash: 631570f50ec9
  final_manifest_seed: 123
  final_manifest_epochs: 300
  final_manifest_inference_mode: sample
  final_manifest_n_scenarios: 200
  run_valid: True
  run_invalid_reason: 
  run_warning: 
History saved: /kaggle/working/results/tables/transformer_joint_tafeng_v2_seed123_sample_repair_history.json
