[Kaggle] raw_dir  → /kaggle/working/input/dunnhumby
[Kaggle] results  → /kaggle/working/results
Config: experiments/configs/transformer_joint_dunnhumby_v2.yaml
Run: transformer_joint_dunnhumby_v2_seed123_sample
Device: cuda
Loading dataset: dunnhumby ...
[pipeline] freq_cap=10 (auto q=0.99) → freq_bins=[0, 1, 2, 3]... (n_classes=11)
  Train customers: 2249, Val: 249, Inference: 2498
[dunnhumby] Customers with 0 calibration transactions: 0 / 2498
  top-bin decode: class_values[-1] = 13.099 (max_trans = 10)
Model: transformer — 102,569 parameters

Training for up to 300 epochs ...
/kaggle/working/thesis-code/src/training/trainer.py:97: FutureWarning: `torch.cuda.amp.GradScaler(args...)` is deprecated. Please use `torch.amp.GradScaler('cuda', args...)` instead.
  self.scaler = torch.cuda.amp.GradScaler(enabled=self.amp_enabled)
[Kendall] log_vars frozen for 5 warm-up epochs.
Epoch   1/300 — train_loss: 3.9427  val_loss: 3.7751  freq: 7.1381  spend: 0.4120  w_freq: 0.500  w_spend: 0.500
Epoch   2/300 — train_loss: 3.7672  val_loss: 3.5109  freq: 6.6406  spend: 0.3811  w_freq: 0.500  w_spend: 0.500
Epoch   3/300 — train_loss: 3.4608  val_loss: 3.0953  freq: 5.8398  spend: 0.3508  w_freq: 0.500  w_spend: 0.500
Epoch   4/300 — train_loss: 3.0309  val_loss: 2.5770  freq: 4.8347  spend: 0.3194  w_freq: 0.500  w_spend: 0.500
Epoch   5/300 — train_loss: 2.5428  val_loss: 2.0529  freq: 3.8276  spend: 0.2782  w_freq: 0.500  w_spend: 0.500
[Kendall] log_vars unfrozen at epoch 6.
Epoch   6/300 — train_loss: 2.0669  val_loss: 1.6204  freq: 3.0220  spend: 0.2235  w_freq: 0.500  w_spend: 0.500
Epoch   7/300 — train_loss: 1.6502  val_loss: 1.2461  freq: 2.3295  spend: 0.1707  w_freq: 0.499  w_spend: 0.501
Epoch   8/300 — train_loss: 1.2780  val_loss: 0.9235  freq: 1.7142  spend: 0.1424  w_freq: 0.498  w_spend: 0.502
Epoch   9/300 — train_loss: 1.0417  val_loss: 0.7953  freq: 1.4789  spend: 0.1241  w_freq: 0.497  w_spend: 0.504
Epoch  10/300 — train_loss: 0.9244  val_loss: 0.7269  freq: 1.3624  spend: 0.1074  w_freq: 0.495  w_spend: 0.506
Epoch  11/300 — train_loss: 0.8678  val_loss: 0.6910  freq: 1.3054  spend: 0.0971  w_freq: 0.494  w_spend: 0.508
Epoch  12/300 — train_loss: 0.8186  val_loss: 0.6630  freq: 1.2709  spend: 0.0809  w_freq: 0.492  w_spend: 0.510
Epoch  13/300 — train_loss: 0.7779  val_loss: 0.6452  freq: 1.2479  spend: 0.0739  w_freq: 0.490  w_spend: 0.513
Epoch  14/300 — train_loss: 0.7480  val_loss: 0.6284  freq: 1.2278  spend: 0.0660  w_freq: 0.489  w_spend: 0.516
Epoch  15/300 — train_loss: 0.7199  val_loss: 0.6161  freq: 1.2127  spend: 0.0625  w_freq: 0.487  w_spend: 0.519
Epoch  16/300 — train_loss: 0.7007  val_loss: 0.6097  freq: 1.2080  spend: 0.0601  w_freq: 0.485  w_spend: 0.522
Epoch  17/300 — train_loss: 0.6855  val_loss: 0.6035  freq: 1.1994  spend: 0.0613  w_freq: 0.483  w_spend: 0.525
Epoch  18/300 — train_loss: 0.6754  val_loss: 0.6023  freq: 1.1955  spend: 0.0666  w_freq: 0.482  w_spend: 0.527
Epoch  19/300 — train_loss: 0.6651  val_loss: 0.5906  freq: 1.1903  spend: 0.0532  w_freq: 0.481  w_spend: 0.529
Epoch  20/300 — train_loss: 0.6550  val_loss: 0.5854  freq: 1.1871  spend: 0.0512  w_freq: 0.480  w_spend: 0.532
Epoch  21/300 — train_loss: 0.6432  val_loss: 0.5778  freq: 1.1857  spend: 0.0435  w_freq: 0.479  w_spend: 0.534
Epoch  22/300 — train_loss: 0.6308  val_loss: 0.5679  freq: 1.1806  spend: 0.0350  w_freq: 0.478  w_spend: 0.537
Epoch  23/300 — train_loss: 0.6197  val_loss: 0.5585  freq: 1.1776  spend: 0.0258  w_freq: 0.476  w_spend: 0.540
Epoch  24/300 — train_loss: 0.6074  val_loss: 0.5490  freq: 1.1754  spend: 0.0158  w_freq: 0.475  w_spend: 0.544
Epoch  25/300 — train_loss: 0.5988  val_loss: 0.5432  freq: 1.1741  spend: 0.0116  w_freq: 0.474  w_spend: 0.547
Epoch  26/300 — train_loss: 0.5883  val_loss: 0.5352  freq: 1.1720  spend: 0.0027  w_freq: 0.473  w_spend: 0.549
Epoch  27/300 — train_loss: 0.5794  val_loss: 0.5285  freq: 1.1691  spend: -0.0026  w_freq: 0.472  w_spend: 0.552
Epoch  28/300 — train_loss: 0.5718  val_loss: 0.5278  freq: 1.1688  spend: 0.0009  w_freq: 0.471  w_spend: 0.554
Epoch  29/300 — train_loss: 0.5669  val_loss: 0.5236  freq: 1.1678  spend: -0.0021  w_freq: 0.470  w_spend: 0.557
Epoch  30/300 — train_loss: 0.5608  val_loss: 0.5162  freq: 1.1647  spend: -0.0091  w_freq: 0.469  w_spend: 0.559
Epoch  31/300 — train_loss: 0.5549  val_loss: 0.5107  freq: 1.1627  spend: -0.0136  w_freq: 0.468  w_spend: 0.561
Epoch  32/300 — train_loss: 0.5483  val_loss: 0.5055  freq: 1.1614  spend: -0.0171  w_freq: 0.467  w_spend: 0.564
Epoch  33/300 — train_loss: 0.5423  val_loss: 0.5015  freq: 1.1599  spend: -0.0176  w_freq: 0.466  w_spend: 0.567
Epoch  34/300 — train_loss: 0.5379  val_loss: 0.4972  freq: 1.1589  spend: -0.0190  w_freq: 0.465  w_spend: 0.570
Epoch  35/300 — train_loss: 0.5334  val_loss: 0.4940  freq: 1.1570  spend: -0.0184  w_freq: 0.464  w_spend: 0.573
Epoch  36/300 — train_loss: 0.5293  val_loss: 0.4944  freq: 1.1555  spend: -0.0125  w_freq: 0.463  w_spend: 0.576
Epoch  37/300 — train_loss: 0.5235  val_loss: 0.4862  freq: 1.1538  spend: -0.0218  w_freq: 0.463  w_spend: 0.578
Epoch  38/300 — train_loss: 0.5205  val_loss: 0.4838  freq: 1.1533  spend: -0.0218  w_freq: 0.462  w_spend: 0.581
Epoch  39/300 — train_loss: 0.5165  val_loss: 0.4809  freq: 1.1526  spend: -0.0220  w_freq: 0.461  w_spend: 0.583
Epoch  40/300 — train_loss: 0.5130  val_loss: 0.4767  freq: 1.1511  spend: -0.0234  w_freq: 0.460  w_spend: 0.586
Epoch  41/300 — train_loss: 0.5083  val_loss: 0.4739  freq: 1.1500  spend: -0.0233  w_freq: 0.459  w_spend: 0.589
Epoch  42/300 — train_loss: 0.5045  val_loss: 0.4713  freq: 1.1502  spend: -0.0235  w_freq: 0.459  w_spend: 0.592
Epoch  43/300 — train_loss: 0.5010  val_loss: 0.4664  freq: 1.1489  spend: -0.0266  w_freq: 0.458  w_spend: 0.594
Epoch  44/300 — train_loss: 0.4970  val_loss: 0.4633  freq: 1.1479  spend: -0.0270  w_freq: 0.457  w_spend: 0.597
Epoch  45/300 — train_loss: 0.4920  val_loss: 0.4608  freq: 1.1482  spend: -0.0268  w_freq: 0.456  w_spend: 0.600
Epoch  46/300 — train_loss: 0.4897  val_loss: 0.4568  freq: 1.1469  spend: -0.0282  w_freq: 0.455  w_spend: 0.603
Epoch  47/300 — train_loss: 0.4849  val_loss: 0.4525  freq: 1.1458  spend: -0.0301  w_freq: 0.455  w_spend: 0.606
Epoch  48/300 — train_loss: 0.4805  val_loss: 0.4497  freq: 1.1460  spend: -0.0302  w_freq: 0.454  w_spend: 0.609
Epoch  49/300 — train_loss: 0.4768  val_loss: 0.4449  freq: 1.1448  spend: -0.0327  w_freq: 0.453  w_spend: 0.613
Epoch  50/300 — train_loss: 0.4737  val_loss: 0.4436  freq: 1.1448  spend: -0.0305  w_freq: 0.452  w_spend: 0.616
Epoch  51/300 — train_loss: 0.4685  val_loss: 0.4396  freq: 1.1439  spend: -0.0323  w_freq: 0.451  w_spend: 0.619
Epoch  52/300 — train_loss: 0.4658  val_loss: 0.4366  freq: 1.1439  spend: -0.0330  w_freq: 0.451  w_spend: 0.622
Epoch  53/300 — train_loss: 0.4626  val_loss: 0.4336  freq: 1.1443  spend: -0.0340  w_freq: 0.450  w_spend: 0.625
Epoch  54/300 — train_loss: 0.4593  val_loss: 0.4305  freq: 1.1432  spend: -0.0345  w_freq: 0.449  w_spend: 0.628
Epoch  55/300 — train_loss: 0.4564  val_loss: 0.4283  freq: 1.1421  spend: -0.0339  w_freq: 0.449  w_spend: 0.630
Epoch  56/300 — train_loss: 0.4525  val_loss: 0.4262  freq: 1.1430  spend: -0.0345  w_freq: 0.448  w_spend: 0.633
Epoch  57/300 — train_loss: 0.4504  val_loss: 0.4229  freq: 1.1414  spend: -0.0353  w_freq: 0.448  w_spend: 0.635
Epoch  58/300 — train_loss: 0.4479  val_loss: 0.4210  freq: 1.1419  spend: -0.0350  w_freq: 0.447  w_spend: 0.638
Epoch  59/300 — train_loss: 0.4441  val_loss: 0.4170  freq: 1.1410  spend: -0.0369  w_freq: 0.446  w_spend: 0.641
Epoch  60/300 — train_loss: 0.4396  val_loss: 0.4141  freq: 1.1405  spend: -0.0369  w_freq: 0.446  w_spend: 0.644
Epoch  61/300 — train_loss: 0.4372  val_loss: 0.4106  freq: 1.1400  spend: -0.0378  w_freq: 0.445  w_spend: 0.647
Epoch  62/300 — train_loss: 0.4328  val_loss: 0.4078  freq: 1.1397  spend: -0.0380  w_freq: 0.444  w_spend: 0.650
Epoch  63/300 — train_loss: 0.4300  val_loss: 0.4048  freq: 1.1400  spend: -0.0391  w_freq: 0.444  w_spend: 0.653
Epoch  64/300 — train_loss: 0.4263  val_loss: 0.4014  freq: 1.1395  spend: -0.0404  w_freq: 0.443  w_spend: 0.656
Epoch  65/300 — train_loss: 0.4235  val_loss: 0.3990  freq: 1.1394  spend: -0.0403  w_freq: 0.443  w_spend: 0.659
Epoch  66/300 — train_loss: 0.4208  val_loss: 0.3965  freq: 1.1388  spend: -0.0399  w_freq: 0.442  w_spend: 0.662
Epoch  67/300 — train_loss: 0.4172  val_loss: 0.3933  freq: 1.1396  spend: -0.0414  w_freq: 0.442  w_spend: 0.666
Epoch  68/300 — train_loss: 0.4141  val_loss: 0.3932  freq: 1.1381  spend: -0.0370  w_freq: 0.441  w_spend: 0.669
Epoch  69/300 — train_loss: 0.4108  val_loss: 0.3897  freq: 1.1381  spend: -0.0388  w_freq: 0.441  w_spend: 0.672
Epoch  70/300 — train_loss: 0.4080  val_loss: 0.3845  freq: 1.1383  spend: -0.0434  w_freq: 0.440  w_spend: 0.675
Epoch  71/300 — train_loss: 0.4033  val_loss: 0.3848  freq: 1.1375  spend: -0.0387  w_freq: 0.440  w_spend: 0.678
Epoch  72/300 — train_loss: 0.4019  val_loss: 0.3823  freq: 1.1385  spend: -0.0396  w_freq: 0.439  w_spend: 0.681
Epoch  73/300 — train_loss: 0.3987  val_loss: 0.3777  freq: 1.1373  spend: -0.0424  w_freq: 0.439  w_spend: 0.684
Epoch  74/300 — train_loss: 0.3970  val_loss: 0.3727  freq: 1.1369  spend: -0.0463  w_freq: 0.438  w_spend: 0.686
Epoch  75/300 — train_loss: 0.3942  val_loss: 0.3726  freq: 1.1370  spend: -0.0435  w_freq: 0.438  w_spend: 0.689
Epoch  76/300 — train_loss: 0.3902  val_loss: 0.3687  freq: 1.1369  spend: -0.0460  w_freq: 0.438  w_spend: 0.692
Epoch  77/300 — train_loss: 0.3888  val_loss: 0.3663  freq: 1.1364  spend: -0.0461  w_freq: 0.437  w_spend: 0.695
Epoch  78/300 — train_loss: 0.3856  val_loss: 0.3641  freq: 1.1368  spend: -0.0464  w_freq: 0.437  w_spend: 0.698
Epoch  79/300 — train_loss: 0.3830  val_loss: 0.3625  freq: 1.1361  spend: -0.0454  w_freq: 0.436  w_spend: 0.700
Epoch  80/300 — train_loss: 0.3808  val_loss: 0.3583  freq: 1.1365  spend: -0.0487  w_freq: 0.436  w_spend: 0.703
Epoch  81/300 — train_loss: 0.3770  val_loss: 0.3567  freq: 1.1361  spend: -0.0480  w_freq: 0.436  w_spend: 0.706
Epoch  82/300 — train_loss: 0.3745  val_loss: 0.3536  freq: 1.1359  spend: -0.0494  w_freq: 0.435  w_spend: 0.708
Epoch  83/300 — train_loss: 0.3718  val_loss: 0.3540  freq: 1.1357  spend: -0.0459  w_freq: 0.435  w_spend: 0.711
Epoch  84/300 — train_loss: 0.3695  val_loss: 0.3498  freq: 1.1359  spend: -0.0490  w_freq: 0.435  w_spend: 0.714
Epoch  85/300 — train_loss: 0.3678  val_loss: 0.3478  freq: 1.1371  spend: -0.0495  w_freq: 0.434  w_spend: 0.716
Epoch  86/300 — train_loss: 0.3651  val_loss: 0.3432  freq: 1.1361  spend: -0.0522  w_freq: 0.434  w_spend: 0.719
Epoch  87/300 — train_loss: 0.3632  val_loss: 0.3420  freq: 1.1354  spend: -0.0507  w_freq: 0.434  w_spend: 0.722
Epoch  88/300 — train_loss: 0.3597  val_loss: 0.3394  freq: 1.1354  spend: -0.0515  w_freq: 0.433  w_spend: 0.725
Epoch  89/300 — train_loss: 0.3559  val_loss: 0.3377  freq: 1.1353  spend: -0.0511  w_freq: 0.433  w_spend: 0.728
Epoch  90/300 — train_loss: 0.3541  val_loss: 0.3344  freq: 1.1355  spend: -0.0530  w_freq: 0.433  w_spend: 0.730
Epoch  91/300 — train_loss: 0.3526  val_loss: 0.3339  freq: 1.1350  spend: -0.0511  w_freq: 0.433  w_spend: 0.733
Epoch  92/300 — train_loss: 0.3524  val_loss: 0.3311  freq: 1.1349  spend: -0.0526  w_freq: 0.432  w_spend: 0.735
Epoch  93/300 — train_loss: 0.3483  val_loss: 0.3285  freq: 1.1355  spend: -0.0546  w_freq: 0.432  w_spend: 0.737
Epoch  94/300 — train_loss: 0.3478  val_loss: 0.3280  freq: 1.1347  spend: -0.0526  w_freq: 0.432  w_spend: 0.739
Epoch  95/300 — train_loss: 0.3447  val_loss: 0.3260  freq: 1.1347  spend: -0.0530  w_freq: 0.432  w_spend: 0.741
Epoch  96/300 — train_loss: 0.3407  val_loss: 0.3251  freq: 1.1355  spend: -0.0520  w_freq: 0.431  w_spend: 0.744
Epoch  97/300 — train_loss: 0.3406  val_loss: 0.3210  freq: 1.1343  spend: -0.0544  w_freq: 0.431  w_spend: 0.747
Epoch  98/300 — train_loss: 0.3377  val_loss: 0.3188  freq: 1.1347  spend: -0.0551  w_freq: 0.431  w_spend: 0.749
Epoch  99/300 — train_loss: 0.3360  val_loss: 0.3172  freq: 1.1352  spend: -0.0550  w_freq: 0.431  w_spend: 0.752
Epoch 100/300 — train_loss: 0.3325  val_loss: 0.3146  freq: 1.1347  spend: -0.0557  w_freq: 0.431  w_spend: 0.754
Epoch 101/300 — train_loss: 0.3287  val_loss: 0.3135  freq: 1.1345  spend: -0.0541  w_freq: 0.430  w_spend: 0.757
Epoch 102/300 — train_loss: 0.3271  val_loss: 0.3101  freq: 1.1354  spend: -0.0564  w_freq: 0.430  w_spend: 0.760
Epoch 103/300 — train_loss: 0.3241  val_loss: 0.3078  freq: 1.1343  spend: -0.0561  w_freq: 0.430  w_spend: 0.763
Epoch 104/300 — train_loss: 0.3222  val_loss: 0.3044  freq: 1.1342  spend: -0.0576  w_freq: 0.430  w_spend: 0.766
Epoch 105/300 — train_loss: 0.3205  val_loss: 0.3038  freq: 1.1343  spend: -0.0559  w_freq: 0.429  w_spend: 0.769
Epoch 106/300 — train_loss: 0.3186  val_loss: 0.3023  freq: 1.1350  spend: -0.0562  w_freq: 0.429  w_spend: 0.772
Epoch 107/300 — train_loss: 0.3155  val_loss: 0.3004  freq: 1.1341  spend: -0.0558  w_freq: 0.429  w_spend: 0.774
Epoch 108/300 — train_loss: 0.3141  val_loss: 0.2959  freq: 1.1339  spend: -0.0590  w_freq: 0.429  w_spend: 0.777
Epoch 109/300 — train_loss: 0.3120  val_loss: 0.2948  freq: 1.1337  spend: -0.0580  w_freq: 0.429  w_spend: 0.779
Epoch 110/300 — train_loss: 0.3101  val_loss: 0.2943  freq: 1.1338  spend: -0.0564  w_freq: 0.429  w_spend: 0.782
Epoch 111/300 — train_loss: 0.3066  val_loss: 0.2906  freq: 1.1337  spend: -0.0588  w_freq: 0.428  w_spend: 0.784
Epoch 112/300 — train_loss: 0.3055  val_loss: 0.2892  freq: 1.1334  spend: -0.0580  w_freq: 0.428  w_spend: 0.787
Epoch 113/300 — train_loss: 0.3038  val_loss: 0.2914  freq: 1.1337  spend: -0.0530  w_freq: 0.428  w_spend: 0.790
Epoch 114/300 — train_loss: 0.3000  val_loss: 0.2861  freq: 1.1337  spend: -0.0578  w_freq: 0.428  w_spend: 0.792
Epoch 115/300 — train_loss: 0.2981  val_loss: 0.2866  freq: 1.1338  spend: -0.0549  w_freq: 0.428  w_spend: 0.795
Epoch 116/300 — train_loss: 0.2962  val_loss: 0.2826  freq: 1.1338  spend: -0.0579  w_freq: 0.428  w_spend: 0.797
Epoch 117/300 — train_loss: 0.2944  val_loss: 0.2814  freq: 1.1344  spend: -0.0577  w_freq: 0.428  w_spend: 0.800
Epoch 118/300 — train_loss: 0.2922  val_loss: 0.2785  freq: 1.1333  spend: -0.0586  w_freq: 0.427  w_spend: 0.802
Epoch 119/300 — train_loss: 0.2901  val_loss: 0.2756  freq: 1.1334  spend: -0.0599  w_freq: 0.427  w_spend: 0.805
Epoch 120/300 — train_loss: 0.2880  val_loss: 0.2748  freq: 1.1334  spend: -0.0586  w_freq: 0.427  w_spend: 0.808
Epoch 121/300 — train_loss: 0.2855  val_loss: 0.2733  freq: 1.1332  spend: -0.0581  w_freq: 0.427  w_spend: 0.810
Epoch 122/300 — train_loss: 0.2837  val_loss: 0.2702  freq: 1.1337  spend: -0.0598  w_freq: 0.427  w_spend: 0.813
Epoch 123/300 — train_loss: 0.2831  val_loss: 0.2711  freq: 1.1331  spend: -0.0563  w_freq: 0.427  w_spend: 0.816
Epoch 124/300 — train_loss: 0.2810  val_loss: 0.2718  freq: 1.1334  spend: -0.0535  w_freq: 0.427  w_spend: 0.818
Epoch 125/300 — train_loss: 0.2783  val_loss: 0.2668  freq: 1.1333  spend: -0.0578  w_freq: 0.427  w_spend: 0.821
Epoch 126/300 — train_loss: 0.2763  val_loss: 0.2639  freq: 1.1333  spend: -0.0595  w_freq: 0.426  w_spend: 0.823
Epoch 127/300 — train_loss: 0.2748  val_loss: 0.2622  freq: 1.1331  spend: -0.0595  w_freq: 0.426  w_spend: 0.825
Epoch 128/300 — train_loss: 0.2721  val_loss: 0.2604  freq: 1.1329  spend: -0.0595  w_freq: 0.426  w_spend: 0.828
Epoch 129/300 — train_loss: 0.2699  val_loss: 0.2582  freq: 1.1332  spend: -0.0601  w_freq: 0.426  w_spend: 0.831
Epoch 130/300 — train_loss: 0.2678  val_loss: 0.2577  freq: 1.1327  spend: -0.0582  w_freq: 0.426  w_spend: 0.833
Epoch 131/300 — train_loss: 0.2648  val_loss: 0.2537  freq: 1.1325  spend: -0.0608  w_freq: 0.426  w_spend: 0.836
Epoch 132/300 — train_loss: 0.2626  val_loss: 0.2524  freq: 1.1327  spend: -0.0604  w_freq: 0.426  w_spend: 0.839
Epoch 133/300 — train_loss: 0.2614  val_loss: 0.2515  freq: 1.1325  spend: -0.0592  w_freq: 0.426  w_spend: 0.841
Epoch 134/300 — train_loss: 0.2595  val_loss: 0.2481  freq: 1.1323  spend: -0.0610  w_freq: 0.426  w_spend: 0.844
Epoch 135/300 — train_loss: 0.2585  val_loss: 0.2468  freq: 1.1326  spend: -0.0609  w_freq: 0.426  w_spend: 0.847
Epoch 136/300 — train_loss: 0.2558  val_loss: 0.2466  freq: 1.1323  spend: -0.0592  w_freq: 0.425  w_spend: 0.849
Epoch 137/300 — train_loss: 0.2538  val_loss: 0.2431  freq: 1.1322  spend: -0.0614  w_freq: 0.425  w_spend: 0.851
Epoch 138/300 — train_loss: 0.2519  val_loss: 0.2415  freq: 1.1324  spend: -0.0616  w_freq: 0.425  w_spend: 0.854
Epoch 139/300 — train_loss: 0.2502  val_loss: 0.2402  freq: 1.1323  spend: -0.0612  w_freq: 0.425  w_spend: 0.856
Epoch 140/300 — train_loss: 0.2481  val_loss: 0.2402  freq: 1.1324  spend: -0.0596  w_freq: 0.425  w_spend: 0.859
Epoch 141/300 — train_loss: 0.2473  val_loss: 0.2382  freq: 1.1325  spend: -0.0601  w_freq: 0.425  w_spend: 0.861
Epoch 142/300 — train_loss: 0.2460  val_loss: 0.2347  freq: 1.1325  spend: -0.0623  w_freq: 0.425  w_spend: 0.863
Epoch 143/300 — train_loss: 0.2446  val_loss: 0.2339  freq: 1.1323  spend: -0.0614  w_freq: 0.425  w_spend: 0.866
Epoch 144/300 — train_loss: 0.2416  val_loss: 0.2327  freq: 1.1321  spend: -0.0610  w_freq: 0.425  w_spend: 0.868
Epoch 145/300 — train_loss: 0.2392  val_loss: 0.2306  freq: 1.1322  spend: -0.0617  w_freq: 0.425  w_spend: 0.871
Epoch 146/300 — train_loss: 0.2372  val_loss: 0.2305  freq: 1.1320  spend: -0.0601  w_freq: 0.425  w_spend: 0.873
Epoch 147/300 — train_loss: 0.2370  val_loss: 0.2268  freq: 1.1318  spend: -0.0625  w_freq: 0.425  w_spend: 0.875
Epoch 148/300 — train_loss: 0.2337  val_loss: 0.2252  freq: 1.1318  spend: -0.0626  w_freq: 0.425  w_spend: 0.878
Epoch 149/300 — train_loss: 0.2328  val_loss: 0.2248  freq: 1.1320  spend: -0.0616  w_freq: 0.425  w_spend: 0.880
Epoch 150/300 — train_loss: 0.2312  val_loss: 0.2234  freq: 1.1317  spend: -0.0615  w_freq: 0.425  w_spend: 0.882
Epoch 151/300 — train_loss: 0.2288  val_loss: 0.2220  freq: 1.1317  spend: -0.0616  w_freq: 0.425  w_spend: 0.884
Epoch 152/300 — train_loss: 0.2285  val_loss: 0.2201  freq: 1.1319  spend: -0.0623  w_freq: 0.425  w_spend: 0.886
Epoch 153/300 — train_loss: 0.2262  val_loss: 0.2189  freq: 1.1318  spend: -0.0622  w_freq: 0.424  w_spend: 0.888
Epoch 154/300 — train_loss: 0.2249  val_loss: 0.2174  freq: 1.1319  spend: -0.0624  w_freq: 0.424  w_spend: 0.891
Epoch 155/300 — train_loss: 0.2236  val_loss: 0.2161  freq: 1.1317  spend: -0.0622  w_freq: 0.424  w_spend: 0.893
Epoch 156/300 — train_loss: 0.2218  val_loss: 0.2147  freq: 1.1318  spend: -0.0625  w_freq: 0.424  w_spend: 0.895
Epoch 157/300 — train_loss: 0.2207  val_loss: 0.2149  freq: 1.1318  spend: -0.0606  w_freq: 0.424  w_spend: 0.897
Epoch 158/300 — train_loss: 0.2192  val_loss: 0.2126  freq: 1.1325  spend: -0.0622  w_freq: 0.424  w_spend: 0.899
Epoch 159/300 — train_loss: 0.2175  val_loss: 0.2113  freq: 1.1318  spend: -0.0620  w_freq: 0.424  w_spend: 0.901
Epoch 160/300 — train_loss: 0.2173  val_loss: 0.2097  freq: 1.1317  spend: -0.0624  w_freq: 0.424  w_spend: 0.903
Epoch 161/300 — train_loss: 0.2147  val_loss: 0.2090  freq: 1.1315  spend: -0.0618  w_freq: 0.424  w_spend: 0.905
Epoch 162/300 — train_loss: 0.2137  val_loss: 0.2074  freq: 1.1320  spend: -0.0624  w_freq: 0.424  w_spend: 0.907
Epoch 163/300 — train_loss: 0.2127  val_loss: 0.2065  freq: 1.1316  spend: -0.0620  w_freq: 0.424  w_spend: 0.909
Epoch 164/300 — train_loss: 0.2117  val_loss: 0.2060  freq: 1.1322  spend: -0.0614  w_freq: 0.424  w_spend: 0.911
Epoch 165/300 — train_loss: 0.2091  val_loss: 0.2018  freq: 1.1314  spend: -0.0645  w_freq: 0.424  w_spend: 0.913
Epoch 166/300 — train_loss: 0.2085  val_loss: 0.2017  freq: 1.1317  spend: -0.0633  w_freq: 0.424  w_spend: 0.915
Epoch 167/300 — train_loss: 0.2058  val_loss: 0.2017  freq: 1.1317  spend: -0.0622  w_freq: 0.424  w_spend: 0.916
Epoch 168/300 — train_loss: 0.2047  val_loss: 0.1994  freq: 1.1315  spend: -0.0634  w_freq: 0.424  w_spend: 0.918
Epoch 169/300 — train_loss: 0.2040  val_loss: 0.1984  freq: 1.1318  spend: -0.0633  w_freq: 0.424  w_spend: 0.920
Epoch 170/300 — train_loss: 0.2029  val_loss: 0.1979  freq: 1.1319  spend: -0.0626  w_freq: 0.424  w_spend: 0.922
Epoch 171/300 — train_loss: 0.2011  val_loss: 0.1965  freq: 1.1318  spend: -0.0629  w_freq: 0.424  w_spend: 0.924
Epoch 172/300 — train_loss: 0.1995  val_loss: 0.1945  freq: 1.1316  spend: -0.0637  w_freq: 0.424  w_spend: 0.926
Epoch 173/300 — train_loss: 0.1971  val_loss: 0.1943  freq: 1.1318  spend: -0.0627  w_freq: 0.424  w_spend: 0.928
Epoch 174/300 — train_loss: 0.1974  val_loss: 0.1930  freq: 1.1317  spend: -0.0628  w_freq: 0.424  w_spend: 0.930
Epoch 175/300 — train_loss: 0.1959  val_loss: 0.1906  freq: 1.1317  spend: -0.0642  w_freq: 0.424  w_spend: 0.932
Epoch 176/300 — train_loss: 0.1942  val_loss: 0.1932  freq: 1.1318  spend: -0.0603  w_freq: 0.424  w_spend: 0.934
Epoch 177/300 — train_loss: 0.1933  val_loss: 0.1887  freq: 1.1316  spend: -0.0640  w_freq: 0.424  w_spend: 0.935
Epoch 178/300 — train_loss: 0.1919  val_loss: 0.1880  freq: 1.1316  spend: -0.0637  w_freq: 0.424  w_spend: 0.937
Epoch 179/300 — train_loss: 0.1909  val_loss: 0.1860  freq: 1.1314  spend: -0.0645  w_freq: 0.424  w_spend: 0.939
Epoch 180/300 — train_loss: 0.1898  val_loss: 0.1864  freq: 1.1313  spend: -0.0631  w_freq: 0.424  w_spend: 0.940
Epoch 181/300 — train_loss: 0.1888  val_loss: 0.1843  freq: 1.1314  spend: -0.0643  w_freq: 0.424  w_spend: 0.942
Epoch 182/300 — train_loss: 0.1872  val_loss: 0.1848  freq: 1.1315  spend: -0.0627  w_freq: 0.424  w_spend: 0.944
Epoch 183/300 — train_loss: 0.1858  val_loss: 0.1830  freq: 1.1316  spend: -0.0636  w_freq: 0.424  w_spend: 0.945
Epoch 184/300 — train_loss: 0.1841  val_loss: 0.1822  freq: 1.1312  spend: -0.0632  w_freq: 0.424  w_spend: 0.947
Epoch 185/300 — train_loss: 0.1838  val_loss: 0.1810  freq: 1.1315  spend: -0.0636  w_freq: 0.424  w_spend: 0.949
Epoch 186/300 — train_loss: 0.1808  val_loss: 0.1788  freq: 1.1316  spend: -0.0649  w_freq: 0.424  w_spend: 0.951
Epoch 187/300 — train_loss: 0.1808  val_loss: 0.1795  freq: 1.1316  spend: -0.0632  w_freq: 0.424  w_spend: 0.952
Epoch 188/300 — train_loss: 0.1809  val_loss: 0.1783  freq: 1.1312  spend: -0.0633  w_freq: 0.424  w_spend: 0.954
Epoch 189/300 — train_loss: 0.1800  val_loss: 0.1768  freq: 1.1312  spend: -0.0641  w_freq: 0.424  w_spend: 0.955
Epoch 190/300 — train_loss: 0.1794  val_loss: 0.1787  freq: 1.1315  spend: -0.0615  w_freq: 0.424  w_spend: 0.956
Epoch 191/300 — train_loss: 0.1781  val_loss: 0.1776  freq: 1.1316  spend: -0.0619  w_freq: 0.424  w_spend: 0.958
Epoch 192/300 — train_loss: 0.1773  val_loss: 0.1750  freq: 1.1312  spend: -0.0638  w_freq: 0.424  w_spend: 0.959
Epoch 193/300 — train_loss: 0.1763  val_loss: 0.1732  freq: 1.1313  spend: -0.0651  w_freq: 0.424  w_spend: 0.960
Epoch 194/300 — train_loss: 0.1755  val_loss: 0.1741  freq: 1.1314  spend: -0.0633  w_freq: 0.424  w_spend: 0.961
Epoch 195/300 — train_loss: 0.1745  val_loss: 0.1745  freq: 1.1316  spend: -0.0623  w_freq: 0.424  w_spend: 0.962
Epoch 196/300 — train_loss: 0.1744  val_loss: 0.1724  freq: 1.1313  spend: -0.0635  w_freq: 0.424  w_spend: 0.964
Epoch 197/300 — train_loss: 0.1718  val_loss: 0.1730  freq: 1.1316  spend: -0.0622  w_freq: 0.424  w_spend: 0.965
Epoch 198/300 — train_loss: 0.1720  val_loss: 0.1704  freq: 1.1312  spend: -0.0639  w_freq: 0.424  w_spend: 0.966
Epoch 199/300 — train_loss: 0.1709  val_loss: 0.1690  freq: 1.1313  spend: -0.0646  w_freq: 0.424  w_spend: 0.968
Epoch 200/300 — train_loss: 0.1690  val_loss: 0.1697  freq: 1.1314  spend: -0.0632  w_freq: 0.423  w_spend: 0.969
Epoch 201/300 — train_loss: 0.1694  val_loss: 0.1676  freq: 1.1313  spend: -0.0645  w_freq: 0.423  w_spend: 0.970
Epoch 202/300 — train_loss: 0.1675  val_loss: 0.1673  freq: 1.1316  spend: -0.0641  w_freq: 0.423  w_spend: 0.972
Epoch 203/300 — train_loss: 0.1665  val_loss: 0.1660  freq: 1.1314  spend: -0.0647  w_freq: 0.423  w_spend: 0.973
Epoch 204/300 — train_loss: 0.1678  val_loss: 0.1672  freq: 1.1314  spend: -0.0627  w_freq: 0.423  w_spend: 0.974
Epoch 205/300 — train_loss: 0.1653  val_loss: 0.1653  freq: 1.1314  spend: -0.0639  w_freq: 0.423  w_spend: 0.975
Epoch 206/300 — train_loss: 0.1633  val_loss: 0.1655  freq: 1.1312  spend: -0.0629  w_freq: 0.423  w_spend: 0.977
Epoch 207/300 — train_loss: 0.1647  val_loss: 0.1627  freq: 1.1311  spend: -0.0651  w_freq: 0.423  w_spend: 0.978
Epoch 208/300 — train_loss: 0.1636  val_loss: 0.1632  freq: 1.1312  spend: -0.0640  w_freq: 0.423  w_spend: 0.979
Epoch 209/300 — train_loss: 0.1614  val_loss: 0.1633  freq: 1.1313  spend: -0.0633  w_freq: 0.423  w_spend: 0.980
Epoch 210/300 — train_loss: 0.1622  val_loss: 0.1625  freq: 1.1313  spend: -0.0635  w_freq: 0.423  w_spend: 0.981
Epoch 211/300 — train_loss: 0.1614  val_loss: 0.1604  freq: 1.1314  spend: -0.0651  w_freq: 0.423  w_spend: 0.982
Epoch 212/300 — train_loss: 0.1595  val_loss: 0.1612  freq: 1.1314  spend: -0.0636  w_freq: 0.423  w_spend: 0.983
Epoch 213/300 — train_loss: 0.1590  val_loss: 0.1594  freq: 1.1314  spend: -0.0648  w_freq: 0.423  w_spend: 0.984
Epoch 214/300 — train_loss: 0.1595  val_loss: 0.1594  freq: 1.1314  spend: -0.0643  w_freq: 0.423  w_spend: 0.985
Epoch 215/300 — train_loss: 0.1577  val_loss: 0.1595  freq: 1.1314  spend: -0.0636  w_freq: 0.423  w_spend: 0.986
Epoch 216/300 — train_loss: 0.1580  val_loss: 0.1580  freq: 1.1314  spend: -0.0645  w_freq: 0.423  w_spend: 0.987
Epoch 217/300 — train_loss: 0.1567  val_loss: 0.1575  freq: 1.1314  spend: -0.0644  w_freq: 0.423  w_spend: 0.988
Epoch 218/300 — train_loss: 0.1556  val_loss: 0.1574  freq: 1.1315  spend: -0.0640  w_freq: 0.423  w_spend: 0.989
Epoch 219/300 — train_loss: 0.1562  val_loss: 0.1564  freq: 1.1314  spend: -0.0645  w_freq: 0.423  w_spend: 0.990
Epoch 220/300 — train_loss: 0.1546  val_loss: 0.1560  freq: 1.1313  spend: -0.0644  w_freq: 0.423  w_spend: 0.991
Epoch 221/300 — train_loss: 0.1551  val_loss: 0.1565  freq: 1.1316  spend: -0.0634  w_freq: 0.423  w_spend: 0.992
Epoch 222/300 — train_loss: 0.1549  val_loss: 0.1545  freq: 1.1313  spend: -0.0649  w_freq: 0.423  w_spend: 0.993
Epoch 223/300 — train_loss: 0.1540  val_loss: 0.1546  freq: 1.1313  spend: -0.0643  w_freq: 0.423  w_spend: 0.994
Epoch 224/300 — train_loss: 0.1530  val_loss: 0.1549  freq: 1.1314  spend: -0.0636  w_freq: 0.423  w_spend: 0.994
Epoch 225/300 — train_loss: 0.1517  val_loss: 0.1544  freq: 1.1312  spend: -0.0635  w_freq: 0.423  w_spend: 0.995
Epoch 226/300 — train_loss: 0.1521  val_loss: 0.1537  freq: 1.1313  spend: -0.0639  w_freq: 0.423  w_spend: 0.996
Epoch 227/300 — train_loss: 0.1514  val_loss: 0.1525  freq: 1.1312  spend: -0.0646  w_freq: 0.423  w_spend: 0.997
Epoch 228/300 — train_loss: 0.1517  val_loss: 0.1527  freq: 1.1314  spend: -0.0641  w_freq: 0.423  w_spend: 0.997
Epoch 229/300 — train_loss: 0.1500  val_loss: 0.1518  freq: 1.1315  spend: -0.0647  w_freq: 0.423  w_spend: 0.998
Epoch 230/300 — train_loss: 0.1508  val_loss: 0.1514  freq: 1.1314  spend: -0.0647  w_freq: 0.423  w_spend: 0.999
Epoch 231/300 — train_loss: 0.1503  val_loss: 0.1523  freq: 1.1314  spend: -0.0634  w_freq: 0.423  w_spend: 1.000
Epoch 232/300 — train_loss: 0.1482  val_loss: 0.1503  freq: 1.1313  spend: -0.0650  w_freq: 0.423  w_spend: 1.000
Epoch 233/300 — train_loss: 0.1495  val_loss: 0.1512  freq: 1.1313  spend: -0.0637  w_freq: 0.423  w_spend: 1.001
Epoch 234/300 — train_loss: 0.1490  val_loss: 0.1504  freq: 1.1313  spend: -0.0642  w_freq: 0.423  w_spend: 1.001
Epoch 235/300 — train_loss: 0.1483  val_loss: 0.1498  freq: 1.1313  spend: -0.0644  w_freq: 0.423  w_spend: 1.002
Epoch 236/300 — train_loss: 0.1479  val_loss: 0.1500  freq: 1.1313  spend: -0.0638  w_freq: 0.423  w_spend: 1.003
Epoch 237/300 — train_loss: 0.1471  val_loss: 0.1495  freq: 1.1312  spend: -0.0641  w_freq: 0.423  w_spend: 1.003
Epoch 238/300 — train_loss: 0.1467  val_loss: 0.1493  freq: 1.1313  spend: -0.0640  w_freq: 0.423  w_spend: 1.004
Epoch 239/300 — train_loss: 0.1468  val_loss: 0.1485  freq: 1.1313  spend: -0.0644  w_freq: 0.423  w_spend: 1.004
Epoch 240/300 — train_loss: 0.1453  val_loss: 0.1487  freq: 1.1314  spend: -0.0640  w_freq: 0.423  w_spend: 1.005
Epoch 241/300 — train_loss: 0.1450  val_loss: 0.1482  freq: 1.1313  spend: -0.0642  w_freq: 0.423  w_spend: 1.005
Epoch 242/300 — train_loss: 0.1437  val_loss: 0.1479  freq: 1.1314  spend: -0.0641  w_freq: 0.423  w_spend: 1.006
Epoch 243/300 — train_loss: 0.1457  val_loss: 0.1474  freq: 1.1313  spend: -0.0643  w_freq: 0.423  w_spend: 1.006
Epoch 244/300 — train_loss: 0.1448  val_loss: 0.1472  freq: 1.1313  spend: -0.0643  w_freq: 0.423  w_spend: 1.007
Epoch 245/300 — train_loss: 0.1435  val_loss: 0.1470  freq: 1.1314  spend: -0.0642  w_freq: 0.423  w_spend: 1.007
Epoch 246/300 — train_loss: 0.1437  val_loss: 0.1471  freq: 1.1313  spend: -0.0639  w_freq: 0.423  w_spend: 1.008
Epoch 247/300 — train_loss: 0.1429  val_loss: 0.1465  freq: 1.1313  spend: -0.0643  w_freq: 0.423  w_spend: 1.008
Epoch 248/300 — train_loss: 0.1448  val_loss: 0.1463  freq: 1.1313  spend: -0.0642  w_freq: 0.423  w_spend: 1.009
Epoch 249/300 — train_loss: 0.1430  val_loss: 0.1460  freq: 1.1314  spend: -0.0644  w_freq: 0.423  w_spend: 1.009
Epoch 250/300 — train_loss: 0.1433  val_loss: 0.1459  freq: 1.1313  spend: -0.0642  w_freq: 0.423  w_spend: 1.010
Epoch 251/300 — train_loss: 0.1427  val_loss: 0.1455  freq: 1.1313  spend: -0.0643  w_freq: 0.423  w_spend: 1.010
Epoch 252/300 — train_loss: 0.1434  val_loss: 0.1456  freq: 1.1313  spend: -0.0641  w_freq: 0.423  w_spend: 1.010
Epoch 253/300 — train_loss: 0.1425  val_loss: 0.1458  freq: 1.1314  spend: -0.0638  w_freq: 0.423  w_spend: 1.011
Epoch 254/300 — train_loss: 0.1427  val_loss: 0.1457  freq: 1.1314  spend: -0.0637  w_freq: 0.423  w_spend: 1.011
Epoch 255/300 — train_loss: 0.1417  val_loss: 0.1449  freq: 1.1313  spend: -0.0643  w_freq: 0.423  w_spend: 1.011
Epoch 256/300 — train_loss: 0.1414  val_loss: 0.1448  freq: 1.1314  spend: -0.0642  w_freq: 0.423  w_spend: 1.012
Epoch 257/300 — train_loss: 0.1415  val_loss: 0.1443  freq: 1.1313  spend: -0.0646  w_freq: 0.423  w_spend: 1.012
Epoch 258/300 — train_loss: 0.1407  val_loss: 0.1446  freq: 1.1313  spend: -0.0641  w_freq: 0.423  w_spend: 1.012
Epoch 259/300 — train_loss: 0.1411  val_loss: 0.1441  freq: 1.1313  spend: -0.0644  w_freq: 0.423  w_spend: 1.012
Epoch 260/300 — train_loss: 0.1403  val_loss: 0.1438  freq: 1.1313  spend: -0.0646  w_freq: 0.423  w_spend: 1.013
Epoch 261/300 — train_loss: 0.1421  val_loss: 0.1442  freq: 1.1314  spend: -0.0641  w_freq: 0.423  w_spend: 1.013
Epoch 262/300 — train_loss: 0.1420  val_loss: 0.1436  freq: 1.1313  spend: -0.0645  w_freq: 0.423  w_spend: 1.013
Epoch 263/300 — train_loss: 0.1397  val_loss: 0.1442  freq: 1.1313  spend: -0.0639  w_freq: 0.423  w_spend: 1.013
Epoch 264/300 — train_loss: 0.1404  val_loss: 0.1439  freq: 1.1313  spend: -0.0640  w_freq: 0.423  w_spend: 1.014
Epoch 265/300 — train_loss: 0.1401  val_loss: 0.1436  freq: 1.1313  spend: -0.0643  w_freq: 0.423  w_spend: 1.014
Epoch 266/300 — train_loss: 0.1409  val_loss: 0.1437  freq: 1.1313  spend: -0.0641  w_freq: 0.423  w_spend: 1.014
Epoch 267/300 — train_loss: 0.1412  val_loss: 0.1437  freq: 1.1313  spend: -0.0639  w_freq: 0.423  w_spend: 1.014
Epoch 268/300 — train_loss: 0.1401  val_loss: 0.1435  freq: 1.1313  spend: -0.0640  w_freq: 0.423  w_spend: 1.014
Epoch 269/300 — train_loss: 0.1389  val_loss: 0.1433  freq: 1.1313  spend: -0.0642  w_freq: 0.423  w_spend: 1.014
Epoch 270/300 — train_loss: 0.1391  val_loss: 0.1429  freq: 1.1313  spend: -0.0645  w_freq: 0.423  w_spend: 1.015
Epoch 271/300 — train_loss: 0.1396  val_loss: 0.1431  freq: 1.1313  spend: -0.0642  w_freq: 0.423  w_spend: 1.015
Epoch 272/300 — train_loss: 0.1397  val_loss: 0.1432  freq: 1.1313  spend: -0.0641  w_freq: 0.423  w_spend: 1.015
Epoch 273/300 — train_loss: 0.1397  val_loss: 0.1429  freq: 1.1313  spend: -0.0642  w_freq: 0.423  w_spend: 1.015
Epoch 274/300 — train_loss: 0.1408  val_loss: 0.1430  freq: 1.1313  spend: -0.0641  w_freq: 0.423  w_spend: 1.015
Epoch 275/300 — train_loss: 0.1386  val_loss: 0.1429  freq: 1.1313  spend: -0.0642  w_freq: 0.423  w_spend: 1.015
Epoch 276/300 — train_loss: 0.1404  val_loss: 0.1428  freq: 1.1313  spend: -0.0642  w_freq: 0.423  w_spend: 1.015
Epoch 277/300 — train_loss: 0.1392  val_loss: 0.1427  freq: 1.1313  spend: -0.0643  w_freq: 0.423  w_spend: 1.015
Epoch 278/300 — train_loss: 0.1415  val_loss: 0.1426  freq: 1.1313  spend: -0.0643  w_freq: 0.423  w_spend: 1.015
Epoch 279/300 — train_loss: 0.1387  val_loss: 0.1426  freq: 1.1313  spend: -0.0643  w_freq: 0.423  w_spend: 1.015
Epoch 280/300 — train_loss: 0.1414  val_loss: 0.1426  freq: 1.1313  spend: -0.0643  w_freq: 0.423  w_spend: 1.016
Epoch 281/300 — train_loss: 0.1390  val_loss: 0.1424  freq: 1.1313  spend: -0.0644  w_freq: 0.423  w_spend: 1.016
Epoch 282/300 — train_loss: 0.1395  val_loss: 0.1425  freq: 1.1313  spend: -0.0643  w_freq: 0.423  w_spend: 1.016
Epoch 283/300 — train_loss: 0.1397  val_loss: 0.1426  freq: 1.1313  spend: -0.0642  w_freq: 0.423  w_spend: 1.016
Epoch 284/300 — train_loss: 0.1383  val_loss: 0.1425  freq: 1.1313  spend: -0.0642  w_freq: 0.423  w_spend: 1.016
Epoch 285/300 — train_loss: 0.1389  val_loss: 0.1424  freq: 1.1313  spend: -0.0643  w_freq: 0.423  w_spend: 1.016
Epoch 286/300 — train_loss: 0.1393  val_loss: 0.1424  freq: 1.1313  spend: -0.0643  w_freq: 0.423  w_spend: 1.016
Epoch 287/300 — train_loss: 0.1371  val_loss: 0.1424  freq: 1.1313  spend: -0.0643  w_freq: 0.423  w_spend: 1.016
Epoch 288/300 — train_loss: 0.1391  val_loss: 0.1424  freq: 1.1313  spend: -0.0643  w_freq: 0.423  w_spend: 1.016
Epoch 289/300 — train_loss: 0.1394  val_loss: 0.1424  freq: 1.1313  spend: -0.0643  w_freq: 0.423  w_spend: 1.016
Epoch 290/300 — train_loss: 0.1386  val_loss: 0.1424  freq: 1.1313  spend: -0.0642  w_freq: 0.423  w_spend: 1.016
Epoch 291/300 — train_loss: 0.1379  val_loss: 0.1424  freq: 1.1313  spend: -0.0642  w_freq: 0.423  w_spend: 1.016
Epoch 292/300 — train_loss: 0.1382  val_loss: 0.1424  freq: 1.1313  spend: -0.0642  w_freq: 0.423  w_spend: 1.016
Epoch 293/300 — train_loss: 0.1390  val_loss: 0.1424  freq: 1.1313  spend: -0.0642  w_freq: 0.423  w_spend: 1.016
Epoch 294/300 — train_loss: 0.1386  val_loss: 0.1424  freq: 1.1313  spend: -0.0642  w_freq: 0.423  w_spend: 1.016
Epoch 295/300 — train_loss: 0.1381  val_loss: 0.1424  freq: 1.1313  spend: -0.0642  w_freq: 0.423  w_spend: 1.016
Epoch 296/300 — train_loss: 0.1372  val_loss: 0.1424  freq: 1.1313  spend: -0.0642  w_freq: 0.423  w_spend: 1.016
Epoch 297/300 — train_loss: 0.1377  val_loss: 0.1424  freq: 1.1313  spend: -0.0642  w_freq: 0.423  w_spend: 1.016
Epoch 298/300 — train_loss: 0.1385  val_loss: 0.1424  freq: 1.1313  spend: -0.0642  w_freq: 0.423  w_spend: 1.016
Epoch 299/300 — train_loss: 0.1390  val_loss: 0.1424  freq: 1.1313  spend: -0.0642  w_freq: 0.423  w_spend: 1.016
Epoch 300/300 — train_loss: 0.1392  val_loss: 0.1424  freq: 1.1313  spend: -0.0642  w_freq: 0.423  w_spend: 1.016

Checkpoint saved: /kaggle/working/results/checkpoints/transformer_joint_dunnhumby_v2_seed123_sample.pt

Duan's smearing factor (val): 1.4000
Validation-fitted softmax temperature: 1.0080
Validation aggregate calibration: freq_factor=0.9877, spend_factor=0.9696

Running autoregressive inference on holdout period ...
  inference mode: sample  n_scenarios: 200  temperature: 1.0080

=== Prediction Diagnostics ===
  Mean predicted freq/week:    1.1906
  Mean actual freq/week:       1.1447
  Over-prediction ratio:       1.040x
  Customers predicted as zero total:  0.005
  Customers actually zero total:      0.036
  Non-zero rate (pred, avg > 0.05):  0.985
  Non-zero rate (true):               0.532

Metrics saved: /kaggle/working/results/tables/transformer_joint_dunnhumby_v2_seed123_sample_metrics.json
Array artifacts saved: /kaggle/working/results/tables/transformer_joint_dunnhumby_v2_seed123_sample_arrays.npz

=== Holdout Evaluation ===
  freq_rmse: 15.9475
  freq_mae: 9.2270
  freq_normalized_gini: 0.8605
  freq_calibration_factor: 0.9877
  freq_mape: 2.7212
  bias_pct: 2.7212
  freq_weekly_mae: 140.1019
  freq_weekly_total_true: 62910.0000
  freq_weekly_total_pred: 64621.8952
  freq_weekly_mape: 6.4399
  freq_weekly_bias_pct: 4.3667
  freq_mase: 1.0560
  freq_mase_scale: 0.8235
  smearing_factor: 1.4000
  spend_calibration_factor: 0.9696
  spend_mae_raw: 300.3250
  spend_rmse_raw: 482.9883
  spend_normalized_gini: 0.8555
  spend_mae_log: 0.7339
  spend_rmse_log: 1.2269
  spend_r2_log: 0.4893
  spend_bias_pct: -0.6371
  spend_weekly_mae: 6425.9058
  spend_weekly_total_true: 1965992.3000
  spend_weekly_total_pred: 1953466.6679
  spend_weekly_mape: 8.5495
  spend_weekly_bias_pct: 1.3940
  spend_mase: 1.0985
  spend_mase_scale: 27.5152
  clv_mae: 294.4330
  clv_rmse: 473.4520
  clv_spearman: 0.8147
  clv_decile_lift: 3.2388
  clv_normalized_gini: 0.8559
  clv_total_true: 1929812.7500
  clv_total_pred: 1916895.2500
  calibration_temperature_source: validation_only
  validation_temperature: 1.0080
  calibration_source: validation_only
  validation_freq_true_total: 17490.0000
  validation_freq_pred_total: 17932.4805
  validation_spend_true_total: 510671.0401
  validation_spend_pred_total: 543770.8235
  validation_freq_calibration_factor: 0.9877
  validation_spend_calibration_factor: 0.9696
  final_manifest_version: 2026-05-20-results-recovery-protocol
  final_manifest_run_name: transformer_joint_dunnhumby_v2_seed123_sample
  final_manifest_config: experiments/configs/transformer_joint_dunnhumby_v2.yaml
  final_manifest_config_hash: 42644cccbc45
  final_manifest_actual_config_hash: dbe68fc0acfc
  final_manifest_seed: 123
  final_manifest_epochs: 300
  final_manifest_inference_mode: sample
  final_manifest_n_scenarios: 200
  run_valid: True
  run_invalid_reason: 
  run_warning: 
History saved: /kaggle/working/results/tables/transformer_joint_dunnhumby_v2_seed123_sample_history.json
