[Kaggle] raw_dir  → /kaggle/working/input/dunnhumby
[Kaggle] results  → /kaggle/working/results
Config: experiments/configs/transformer_joint_dunnhumby_v2.yaml
Run: transformer_joint_dunnhumby_v2_seed7_sample
Device: cuda
Loading dataset: dunnhumby ...
[pipeline] freq_cap=10 (auto q=0.99) → freq_bins=[0, 1, 2, 3]... (n_classes=11)
  Train customers: 2249, Val: 249, Inference: 2498
[dunnhumby] Customers with 0 calibration transactions: 0 / 2498
  top-bin decode: class_values[-1] = 13.099 (max_trans = 10)
Model: transformer — 102,569 parameters

Training for up to 300 epochs ...
/kaggle/working/thesis-code/src/training/trainer.py:96: FutureWarning: `torch.cuda.amp.GradScaler(args...)` is deprecated. Please use `torch.amp.GradScaler('cuda', args...)` instead.
  self.scaler = torch.cuda.amp.GradScaler(enabled=self.amp_enabled)
[Kendall] log_vars frozen for 5 warm-up epochs.

Training failed with a repairable error: FloatingPointError: Non-finite gradients in freq_head.weight, spend_head.weight
Metrics saved: /kaggle/working/results/tables/transformer_joint_dunnhumby_v2_seed7_sample_metrics.json
Retrying once as robustness repair (amp_disabled; lr_0.0005; grad_clip_0.5) ...
Config: experiments/configs/transformer_joint_dunnhumby_v2.yaml
Run: transformer_joint_dunnhumby_v2_seed7_sample_repair
Device: cuda
Loading dataset: dunnhumby ...
[pipeline] freq_cap=10 (auto q=0.99) → freq_bins=[0, 1, 2, 3]... (n_classes=11)
  Train customers: 2249, Val: 249, Inference: 2498
[dunnhumby] Customers with 0 calibration transactions: 0 / 2498
  top-bin decode: class_values[-1] = 13.099 (max_trans = 10)
Model: transformer — 102,569 parameters

Training for up to 300 epochs ...
/kaggle/working/thesis-code/src/training/trainer.py:96: FutureWarning: `torch.cuda.amp.GradScaler(args...)` is deprecated. Please use `torch.amp.GradScaler('cuda', args...)` instead.
  self.scaler = torch.cuda.amp.GradScaler(enabled=self.amp_enabled)
[Kendall] log_vars frozen for 5 warm-up epochs.
Epoch   1/300 — train_loss: 3.7067  val_loss: 3.3014  freq: 6.1621  spend: 0.4407  w_freq: 0.500  w_spend: 0.500
Epoch   2/300 — train_loss: 3.5765  val_loss: 3.1016  freq: 5.7924  spend: 0.4108  w_freq: 0.500  w_spend: 0.500
Epoch   3/300 — train_loss: 3.3055  val_loss: 2.7974  freq: 5.2298  spend: 0.3651  w_freq: 0.500  w_spend: 0.500
Epoch   4/300 — train_loss: 2.9451  val_loss: 2.4200  freq: 4.5322  spend: 0.3078  w_freq: 0.500  w_spend: 0.500
Epoch   5/300 — train_loss: 2.5210  val_loss: 2.0146  freq: 3.7838  spend: 0.2454  w_freq: 0.500  w_spend: 0.500
[Kendall] log_vars unfrozen at epoch 6.
Epoch   6/300 — train_loss: 2.0653  val_loss: 1.6378  freq: 3.0897  spend: 0.1908  w_freq: 0.500  w_spend: 0.500
Epoch   7/300 — train_loss: 1.6549  val_loss: 1.3006  freq: 2.4530  spend: 0.1567  w_freq: 0.499  w_spend: 0.501
Epoch   8/300 — train_loss: 1.2819  val_loss: 0.9988  freq: 1.8750  spend: 0.1332  w_freq: 0.498  w_spend: 0.502
Epoch   9/300 — train_loss: 1.0304  val_loss: 0.8723  freq: 1.6421  spend: 0.1163  w_freq: 0.497  w_spend: 0.504
Epoch  10/300 — train_loss: 0.9081  val_loss: 0.7991  freq: 1.5175  spend: 0.0988  w_freq: 0.495  w_spend: 0.506
Epoch  11/300 — train_loss: 0.8371  val_loss: 0.7490  freq: 1.4356  spend: 0.0853  w_freq: 0.493  w_spend: 0.508
Epoch  12/300 — train_loss: 0.7908  val_loss: 0.7170  freq: 1.3877  spend: 0.0744  w_freq: 0.492  w_spend: 0.510
Epoch  13/300 — train_loss: 0.7509  val_loss: 0.6934  freq: 1.3550  spend: 0.0657  w_freq: 0.490  w_spend: 0.513
Epoch  14/300 — train_loss: 0.7221  val_loss: 0.6769  freq: 1.3296  spend: 0.0640  w_freq: 0.488  w_spend: 0.516
Epoch  15/300 — train_loss: 0.6979  val_loss: 0.6626  freq: 1.3159  spend: 0.0551  w_freq: 0.486  w_spend: 0.518
Epoch  16/300 — train_loss: 0.6766  val_loss: 0.6474  freq: 1.3007  spend: 0.0460  w_freq: 0.485  w_spend: 0.521
Epoch  17/300 — train_loss: 0.6590  val_loss: 0.6367  freq: 1.2912  spend: 0.0405  w_freq: 0.483  w_spend: 0.524
Epoch  18/300 — train_loss: 0.6422  val_loss: 0.6281  freq: 1.2904  spend: 0.0312  w_freq: 0.481  w_spend: 0.527
Epoch  19/300 — train_loss: 0.6294  val_loss: 0.6186  freq: 1.2883  spend: 0.0210  w_freq: 0.480  w_spend: 0.530
Epoch  20/300 — train_loss: 0.6190  val_loss: 0.6070  freq: 1.2824  spend: 0.0106  w_freq: 0.478  w_spend: 0.533
Epoch  21/300 — train_loss: 0.6051  val_loss: 0.5946  freq: 1.2766  spend: -0.0016  w_freq: 0.477  w_spend: 0.537
Epoch  22/300 — train_loss: 0.5937  val_loss: 0.5847  freq: 1.2732  spend: -0.0108  w_freq: 0.475  w_spend: 0.540
Epoch  23/300 — train_loss: 0.5826  val_loss: 0.5747  freq: 1.2678  spend: -0.0184  w_freq: 0.474  w_spend: 0.543
Epoch  24/300 — train_loss: 0.5722  val_loss: 0.5672  freq: 1.2634  spend: -0.0224  w_freq: 0.473  w_spend: 0.546
Epoch  25/300 — train_loss: 0.5643  val_loss: 0.5610  freq: 1.2600  spend: -0.0248  w_freq: 0.471  w_spend: 0.549
Epoch  26/300 — train_loss: 0.5543  val_loss: 0.5547  freq: 1.2557  spend: -0.0270  w_freq: 0.470  w_spend: 0.552
Epoch  27/300 — train_loss: 0.5485  val_loss: 0.5522  freq: 1.2545  spend: -0.0250  w_freq: 0.469  w_spend: 0.555
Epoch  28/300 — train_loss: 0.5430  val_loss: 0.5452  freq: 1.2502  spend: -0.0289  w_freq: 0.467  w_spend: 0.558
Epoch  29/300 — train_loss: 0.5365  val_loss: 0.5407  freq: 1.2481  spend: -0.0302  w_freq: 0.466  w_spend: 0.561
Epoch  30/300 — train_loss: 0.5305  val_loss: 0.5348  freq: 1.2443  spend: -0.0327  w_freq: 0.465  w_spend: 0.564
Epoch  31/300 — train_loss: 0.5270  val_loss: 0.5310  freq: 1.2423  spend: -0.0332  w_freq: 0.464  w_spend: 0.567
Epoch  32/300 — train_loss: 0.5210  val_loss: 0.5255  freq: 1.2392  spend: -0.0356  w_freq: 0.463  w_spend: 0.569
Epoch  33/300 — train_loss: 0.5177  val_loss: 0.5216  freq: 1.2380  spend: -0.0363  w_freq: 0.462  w_spend: 0.572
Epoch  34/300 — train_loss: 0.5108  val_loss: 0.5173  freq: 1.2384  spend: -0.0390  w_freq: 0.461  w_spend: 0.575
Epoch  35/300 — train_loss: 0.5070  val_loss: 0.5139  freq: 1.2354  spend: -0.0380  w_freq: 0.460  w_spend: 0.578
Epoch  36/300 — train_loss: 0.5038  val_loss: 0.5100  freq: 1.2350  spend: -0.0403  w_freq: 0.460  w_spend: 0.581
Epoch  37/300 — train_loss: 0.4994  val_loss: 0.5081  freq: 1.2335  spend: -0.0385  w_freq: 0.459  w_spend: 0.583
Epoch  38/300 — train_loss: 0.4957  val_loss: 0.5027  freq: 1.2314  spend: -0.0420  w_freq: 0.458  w_spend: 0.586
Epoch  39/300 — train_loss: 0.4911  val_loss: 0.4990  freq: 1.2302  spend: -0.0433  w_freq: 0.457  w_spend: 0.588
Epoch  40/300 — train_loss: 0.4881  val_loss: 0.4949  freq: 1.2286  spend: -0.0444  w_freq: 0.457  w_spend: 0.591
Epoch  41/300 — train_loss: 0.4843  val_loss: 0.4923  freq: 1.2275  spend: -0.0432  w_freq: 0.456  w_spend: 0.594
Epoch  42/300 — train_loss: 0.4813  val_loss: 0.4903  freq: 1.2277  spend: -0.0424  w_freq: 0.455  w_spend: 0.597
Epoch  43/300 — train_loss: 0.4768  val_loss: 0.4852  freq: 1.2261  spend: -0.0454  w_freq: 0.454  w_spend: 0.600
Epoch  44/300 — train_loss: 0.4743  val_loss: 0.4824  freq: 1.2256  spend: -0.0455  w_freq: 0.453  w_spend: 0.603
Epoch  45/300 — train_loss: 0.4702  val_loss: 0.4786  freq: 1.2248  spend: -0.0473  w_freq: 0.453  w_spend: 0.605
Epoch  46/300 — train_loss: 0.4661  val_loss: 0.4760  freq: 1.2241  spend: -0.0467  w_freq: 0.452  w_spend: 0.608
Epoch  47/300 — train_loss: 0.4632  val_loss: 0.4729  freq: 1.2240  spend: -0.0471  w_freq: 0.451  w_spend: 0.611
Epoch  48/300 — train_loss: 0.4592  val_loss: 0.4689  freq: 1.2236  spend: -0.0491  w_freq: 0.450  w_spend: 0.614
Epoch  49/300 — train_loss: 0.4555  val_loss: 0.4660  freq: 1.2234  spend: -0.0490  w_freq: 0.450  w_spend: 0.617
Epoch  50/300 — train_loss: 0.4526  val_loss: 0.4620  freq: 1.2218  spend: -0.0501  w_freq: 0.449  w_spend: 0.620
Epoch  51/300 — train_loss: 0.4487  val_loss: 0.4612  freq: 1.2228  spend: -0.0482  w_freq: 0.448  w_spend: 0.623
Epoch  52/300 — train_loss: 0.4459  val_loss: 0.4573  freq: 1.2230  spend: -0.0509  w_freq: 0.448  w_spend: 0.626
Epoch  53/300 — train_loss: 0.4427  val_loss: 0.4540  freq: 1.2222  spend: -0.0517  w_freq: 0.447  w_spend: 0.629
Epoch  54/300 — train_loss: 0.4393  val_loss: 0.4531  freq: 1.2247  spend: -0.0513  w_freq: 0.447  w_spend: 0.631
Epoch  55/300 — train_loss: 0.4376  val_loss: 0.4490  freq: 1.2218  spend: -0.0522  w_freq: 0.446  w_spend: 0.634
Epoch  56/300 — train_loss: 0.4348  val_loss: 0.4457  freq: 1.2212  spend: -0.0532  w_freq: 0.445  w_spend: 0.637
Epoch  57/300 — train_loss: 0.4302  val_loss: 0.4437  freq: 1.2207  spend: -0.0523  w_freq: 0.445  w_spend: 0.639
Epoch  58/300 — train_loss: 0.4272  val_loss: 0.4404  freq: 1.2209  spend: -0.0535  w_freq: 0.444  w_spend: 0.642
Epoch  59/300 — train_loss: 0.4247  val_loss: 0.4372  freq: 1.2208  spend: -0.0544  w_freq: 0.444  w_spend: 0.645
Epoch  60/300 — train_loss: 0.4213  val_loss: 0.4335  freq: 1.2200  spend: -0.0555  w_freq: 0.443  w_spend: 0.649
Epoch  61/300 — train_loss: 0.4178  val_loss: 0.4318  freq: 1.2215  spend: -0.0552  w_freq: 0.443  w_spend: 0.652
Epoch  62/300 — train_loss: 0.4155  val_loss: 0.4298  freq: 1.2202  spend: -0.0538  w_freq: 0.442  w_spend: 0.655
Epoch  63/300 — train_loss: 0.4129  val_loss: 0.4269  freq: 1.2203  spend: -0.0547  w_freq: 0.442  w_spend: 0.657
Epoch  64/300 — train_loss: 0.4093  val_loss: 0.4237  freq: 1.2200  spend: -0.0558  w_freq: 0.441  w_spend: 0.660
Epoch  65/300 — train_loss: 0.4059  val_loss: 0.4210  freq: 1.2199  spend: -0.0561  w_freq: 0.441  w_spend: 0.663
Epoch  66/300 — train_loss: 0.4037  val_loss: 0.4181  freq: 1.2207  spend: -0.0574  w_freq: 0.440  w_spend: 0.666
Epoch  67/300 — train_loss: 0.4008  val_loss: 0.4163  freq: 1.2191  spend: -0.0556  w_freq: 0.440  w_spend: 0.669
Epoch  68/300 — train_loss: 0.3982  val_loss: 0.4128  freq: 1.2189  spend: -0.0576  w_freq: 0.439  w_spend: 0.672
Epoch  69/300 — train_loss: 0.3962  val_loss: 0.4097  freq: 1.2189  spend: -0.0587  w_freq: 0.439  w_spend: 0.674
Epoch  70/300 — train_loss: 0.3925  val_loss: 0.4081  freq: 1.2187  spend: -0.0576  w_freq: 0.438  w_spend: 0.677
Epoch  71/300 — train_loss: 0.3908  val_loss: 0.4060  freq: 1.2194  spend: -0.0577  w_freq: 0.438  w_spend: 0.680
Epoch  72/300 — train_loss: 0.3874  val_loss: 0.4039  freq: 1.2201  spend: -0.0583  w_freq: 0.438  w_spend: 0.683
Epoch  73/300 — train_loss: 0.3848  val_loss: 0.4002  freq: 1.2184  spend: -0.0596  w_freq: 0.437  w_spend: 0.685
Epoch  74/300 — train_loss: 0.3826  val_loss: 0.3980  freq: 1.2184  spend: -0.0595  w_freq: 0.437  w_spend: 0.688
Epoch  75/300 — train_loss: 0.3785  val_loss: 0.3969  freq: 1.2192  spend: -0.0585  w_freq: 0.437  w_spend: 0.691
Epoch  76/300 — train_loss: 0.3764  val_loss: 0.3955  freq: 1.2187  spend: -0.0569  w_freq: 0.436  w_spend: 0.694
Epoch  77/300 — train_loss: 0.3740  val_loss: 0.3911  freq: 1.2181  spend: -0.0601  w_freq: 0.436  w_spend: 0.696
Epoch  78/300 — train_loss: 0.3712  val_loss: 0.3910  freq: 1.2187  spend: -0.0577  w_freq: 0.436  w_spend: 0.699
Epoch  79/300 — train_loss: 0.3704  val_loss: 0.3889  freq: 1.2182  spend: -0.0575  w_freq: 0.435  w_spend: 0.701
Epoch  80/300 — train_loss: 0.3662  val_loss: 0.3851  freq: 1.2176  spend: -0.0596  w_freq: 0.435  w_spend: 0.704
Epoch  81/300 — train_loss: 0.3653  val_loss: 0.3830  freq: 1.2184  spend: -0.0603  w_freq: 0.435  w_spend: 0.707
Epoch  82/300 — train_loss: 0.3623  val_loss: 0.3822  freq: 1.2180  spend: -0.0579  w_freq: 0.435  w_spend: 0.709
Epoch  83/300 — train_loss: 0.3599  val_loss: 0.3792  freq: 1.2183  spend: -0.0590  w_freq: 0.434  w_spend: 0.712
Epoch  84/300 — train_loss: 0.3566  val_loss: 0.3745  freq: 1.2173  spend: -0.0618  w_freq: 0.434  w_spend: 0.715
Epoch  85/300 — train_loss: 0.3537  val_loss: 0.3739  freq: 1.2197  spend: -0.0611  w_freq: 0.434  w_spend: 0.718
Epoch  86/300 — train_loss: 0.3507  val_loss: 0.3713  freq: 1.2180  spend: -0.0605  w_freq: 0.433  w_spend: 0.721
Epoch  87/300 — train_loss: 0.3487  val_loss: 0.3681  freq: 1.2176  spend: -0.0618  w_freq: 0.433  w_spend: 0.724
Epoch  88/300 — train_loss: 0.3459  val_loss: 0.3669  freq: 1.2180  spend: -0.0604  w_freq: 0.433  w_spend: 0.727
Epoch  89/300 — train_loss: 0.3439  val_loss: 0.3628  freq: 1.2173  spend: -0.0627  w_freq: 0.433  w_spend: 0.730
Epoch  90/300 — train_loss: 0.3411  val_loss: 0.3621  freq: 1.2175  spend: -0.0612  w_freq: 0.432  w_spend: 0.733
Epoch  91/300 — train_loss: 0.3383  val_loss: 0.3606  freq: 1.2175  spend: -0.0606  w_freq: 0.432  w_spend: 0.735
Epoch  92/300 — train_loss: 0.3361  val_loss: 0.3575  freq: 1.2177  spend: -0.0624  w_freq: 0.432  w_spend: 0.738
Epoch  93/300 — train_loss: 0.3330  val_loss: 0.3554  freq: 1.2176  spend: -0.0621  w_freq: 0.432  w_spend: 0.741
Epoch  94/300 — train_loss: 0.3311  val_loss: 0.3526  freq: 1.2179  spend: -0.0631  w_freq: 0.432  w_spend: 0.744
Epoch  95/300 — train_loss: 0.3305  val_loss: 0.3503  freq: 1.2170  spend: -0.0629  w_freq: 0.431  w_spend: 0.747
Epoch  96/300 — train_loss: 0.3262  val_loss: 0.3500  freq: 1.2171  spend: -0.0610  w_freq: 0.431  w_spend: 0.749
Epoch  97/300 — train_loss: 0.3250  val_loss: 0.3477  freq: 1.2168  spend: -0.0615  w_freq: 0.431  w_spend: 0.752
Epoch  98/300 — train_loss: 0.3223  val_loss: 0.3457  freq: 1.2169  spend: -0.0617  w_freq: 0.431  w_spend: 0.754
Epoch  99/300 — train_loss: 0.3198  val_loss: 0.3454  freq: 1.2172  spend: -0.0597  w_freq: 0.431  w_spend: 0.757
Epoch 100/300 — train_loss: 0.3193  val_loss: 0.3420  freq: 1.2171  spend: -0.0616  w_freq: 0.431  w_spend: 0.759
Epoch 101/300 — train_loss: 0.3166  val_loss: 0.3394  freq: 1.2178  spend: -0.0627  w_freq: 0.430  w_spend: 0.762
Epoch 102/300 — train_loss: 0.3141  val_loss: 0.3379  freq: 1.2185  spend: -0.0626  w_freq: 0.430  w_spend: 0.765
Epoch 103/300 — train_loss: 0.3112  val_loss: 0.3344  freq: 1.2160  spend: -0.0633  w_freq: 0.430  w_spend: 0.768
Epoch 104/300 — train_loss: 0.3086  val_loss: 0.3342  freq: 1.2170  spend: -0.0614  w_freq: 0.430  w_spend: 0.770
Epoch 105/300 — train_loss: 0.3074  val_loss: 0.3313  freq: 1.2169  spend: -0.0625  w_freq: 0.430  w_spend: 0.773
Epoch 106/300 — train_loss: 0.3038  val_loss: 0.3289  freq: 1.2177  spend: -0.0636  w_freq: 0.430  w_spend: 0.776
Epoch 107/300 — train_loss: 0.3036  val_loss: 0.3280  freq: 1.2166  spend: -0.0618  w_freq: 0.429  w_spend: 0.779
Epoch 108/300 — train_loss: 0.3007  val_loss: 0.3255  freq: 1.2160  spend: -0.0625  w_freq: 0.429  w_spend: 0.781
Epoch 109/300 — train_loss: 0.2976  val_loss: 0.3264  freq: 1.2168  spend: -0.0595  w_freq: 0.429  w_spend: 0.783
Epoch 110/300 — train_loss: 0.2971  val_loss: 0.3219  freq: 1.2174  spend: -0.0634  w_freq: 0.429  w_spend: 0.786
Epoch 111/300 — train_loss: 0.2939  val_loss: 0.3214  freq: 1.2164  spend: -0.0612  w_freq: 0.429  w_spend: 0.788
Epoch 112/300 — train_loss: 0.2926  val_loss: 0.3190  freq: 1.2161  spend: -0.0621  w_freq: 0.429  w_spend: 0.791
Epoch 113/300 — train_loss: 0.2897  val_loss: 0.3164  freq: 1.2165  spend: -0.0634  w_freq: 0.429  w_spend: 0.793
Epoch 114/300 — train_loss: 0.2873  val_loss: 0.3163  freq: 1.2161  spend: -0.0611  w_freq: 0.429  w_spend: 0.796
Epoch 115/300 — train_loss: 0.2866  val_loss: 0.3136  freq: 1.2162  spend: -0.0626  w_freq: 0.429  w_spend: 0.798
Epoch 116/300 — train_loss: 0.2847  val_loss: 0.3107  freq: 1.2160  spend: -0.0642  w_freq: 0.429  w_spend: 0.800
Epoch 117/300 — train_loss: 0.2820  val_loss: 0.3117  freq: 1.2168  spend: -0.0612  w_freq: 0.428  w_spend: 0.803
Epoch 118/300 — train_loss: 0.2794  val_loss: 0.3074  freq: 1.2162  spend: -0.0640  w_freq: 0.428  w_spend: 0.805
Epoch 119/300 — train_loss: 0.2780  val_loss: 0.3062  freq: 1.2163  spend: -0.0632  w_freq: 0.428  w_spend: 0.808
Epoch 120/300 — train_loss: 0.2758  val_loss: 0.3061  freq: 1.2160  spend: -0.0610  w_freq: 0.428  w_spend: 0.811
Epoch 121/300 — train_loss: 0.2757  val_loss: 0.3063  freq: 1.2165  spend: -0.0591  w_freq: 0.428  w_spend: 0.813
Epoch 122/300 — train_loss: 0.2731  val_loss: 0.3012  freq: 1.2160  spend: -0.0635  w_freq: 0.428  w_spend: 0.815
Epoch 123/300 — train_loss: 0.2700  val_loss: 0.3045  freq: 1.2165  spend: -0.0580  w_freq: 0.428  w_spend: 0.817
Epoch 124/300 — train_loss: 0.2690  val_loss: 0.2989  freq: 1.2163  spend: -0.0630  w_freq: 0.428  w_spend: 0.819
Epoch 125/300 — train_loss: 0.2682  val_loss: 0.2963  freq: 1.2161  spend: -0.0642  w_freq: 0.428  w_spend: 0.822
Epoch 126/300 — train_loss: 0.2647  val_loss: 0.2959  freq: 1.2164  spend: -0.0629  w_freq: 0.428  w_spend: 0.824
Epoch 127/300 — train_loss: 0.2632  val_loss: 0.2947  freq: 1.2159  spend: -0.0622  w_freq: 0.428  w_spend: 0.826
Epoch 128/300 — train_loss: 0.2627  val_loss: 0.2925  freq: 1.2165  spend: -0.0634  w_freq: 0.428  w_spend: 0.829
Epoch 129/300 — train_loss: 0.2606  val_loss: 0.2903  freq: 1.2160  spend: -0.0639  w_freq: 0.428  w_spend: 0.831
Epoch 130/300 — train_loss: 0.2587  val_loss: 0.2908  freq: 1.2165  spend: -0.0614  w_freq: 0.428  w_spend: 0.833
Epoch 131/300 — train_loss: 0.2564  val_loss: 0.2874  freq: 1.2164  spend: -0.0632  w_freq: 0.427  w_spend: 0.836
Epoch 132/300 — train_loss: 0.2545  val_loss: 0.2895  freq: 1.2161  spend: -0.0584  w_freq: 0.427  w_spend: 0.839
Epoch 133/300 — train_loss: 0.2529  val_loss: 0.2867  freq: 1.2163  spend: -0.0602  w_freq: 0.427  w_spend: 0.841
Epoch 134/300 — train_loss: 0.2515  val_loss: 0.2846  freq: 1.2163  spend: -0.0609  w_freq: 0.427  w_spend: 0.844
Epoch 135/300 — train_loss: 0.2486  val_loss: 0.2822  freq: 1.2162  spend: -0.0620  w_freq: 0.427  w_spend: 0.846
Epoch 136/300 — train_loss: 0.2466  val_loss: 0.2797  freq: 1.2162  spend: -0.0632  w_freq: 0.427  w_spend: 0.848
Epoch 137/300 — train_loss: 0.2446  val_loss: 0.2786  freq: 1.2166  spend: -0.0629  w_freq: 0.427  w_spend: 0.850
Epoch 138/300 — train_loss: 0.2437  val_loss: 0.2758  freq: 1.2167  spend: -0.0642  w_freq: 0.427  w_spend: 0.853
Epoch 139/300 — train_loss: 0.2415  val_loss: 0.2750  freq: 1.2162  spend: -0.0629  w_freq: 0.427  w_spend: 0.855
Epoch 140/300 — train_loss: 0.2389  val_loss: 0.2738  freq: 1.2163  spend: -0.0624  w_freq: 0.427  w_spend: 0.858
Epoch 141/300 — train_loss: 0.2375  val_loss: 0.2721  freq: 1.2163  spend: -0.0624  w_freq: 0.427  w_spend: 0.861
Epoch 142/300 — train_loss: 0.2380  val_loss: 0.2697  freq: 1.2164  spend: -0.0638  w_freq: 0.427  w_spend: 0.863
Epoch 143/300 — train_loss: 0.2339  val_loss: 0.2691  freq: 1.2161  spend: -0.0628  w_freq: 0.427  w_spend: 0.865
Epoch 144/300 — train_loss: 0.2337  val_loss: 0.2681  freq: 1.2162  spend: -0.0625  w_freq: 0.427  w_spend: 0.867
Epoch 145/300 — train_loss: 0.2311  val_loss: 0.2685  freq: 1.2159  spend: -0.0603  w_freq: 0.427  w_spend: 0.869
Epoch 146/300 — train_loss: 0.2304  val_loss: 0.2676  freq: 1.2162  spend: -0.0601  w_freq: 0.427  w_spend: 0.871
Epoch 147/300 — train_loss: 0.2289  val_loss: 0.2664  freq: 1.2160  spend: -0.0600  w_freq: 0.427  w_spend: 0.873
Epoch 148/300 — train_loss: 0.2272  val_loss: 0.2637  freq: 1.2166  spend: -0.0620  w_freq: 0.427  w_spend: 0.875
Epoch 149/300 — train_loss: 0.2251  val_loss: 0.2623  freq: 1.2161  spend: -0.0617  w_freq: 0.427  w_spend: 0.877
Epoch 150/300 — train_loss: 0.2249  val_loss: 0.2603  freq: 1.2159  spend: -0.0623  w_freq: 0.427  w_spend: 0.879
Epoch 151/300 — train_loss: 0.2223  val_loss: 0.2589  freq: 1.2163  spend: -0.0625  w_freq: 0.427  w_spend: 0.881
Epoch 152/300 — train_loss: 0.2209  val_loss: 0.2580  freq: 1.2162  spend: -0.0619  w_freq: 0.427  w_spend: 0.884
Epoch 153/300 — train_loss: 0.2189  val_loss: 0.2551  freq: 1.2160  spend: -0.0634  w_freq: 0.427  w_spend: 0.886
Epoch 154/300 — train_loss: 0.2177  val_loss: 0.2559  freq: 1.2164  spend: -0.0611  w_freq: 0.427  w_spend: 0.888
Epoch 155/300 — train_loss: 0.2152  val_loss: 0.2531  freq: 1.2161  spend: -0.0626  w_freq: 0.427  w_spend: 0.891
Epoch 156/300 — train_loss: 0.2150  val_loss: 0.2512  freq: 1.2165  spend: -0.0633  w_freq: 0.427  w_spend: 0.893
Epoch 157/300 — train_loss: 0.2125  val_loss: 0.2521  freq: 1.2160  spend: -0.0605  w_freq: 0.427  w_spend: 0.895
Epoch 158/300 — train_loss: 0.2115  val_loss: 0.2471  freq: 1.2162  spend: -0.0646  w_freq: 0.427  w_spend: 0.897
Epoch 159/300 — train_loss: 0.2102  val_loss: 0.2489  freq: 1.2161  spend: -0.0611  w_freq: 0.427  w_spend: 0.899
Epoch 160/300 — train_loss: 0.2076  val_loss: 0.2452  freq: 1.2162  spend: -0.0637  w_freq: 0.427  w_spend: 0.902
Epoch 161/300 — train_loss: 0.2066  val_loss: 0.2441  freq: 1.2166  spend: -0.0637  w_freq: 0.427  w_spend: 0.904
Epoch 162/300 — train_loss: 0.2039  val_loss: 0.2424  freq: 1.2158  spend: -0.0638  w_freq: 0.427  w_spend: 0.906
Epoch 163/300 — train_loss: 0.2027  val_loss: 0.2423  freq: 1.2162  spend: -0.0626  w_freq: 0.427  w_spend: 0.908
Epoch 164/300 — train_loss: 0.2006  val_loss: 0.2414  freq: 1.2166  spend: -0.0624  w_freq: 0.427  w_spend: 0.910
Epoch 165/300 — train_loss: 0.2009  val_loss: 0.2396  freq: 1.2165  spend: -0.0632  w_freq: 0.427  w_spend: 0.912
Epoch 166/300 — train_loss: 0.2003  val_loss: 0.2397  freq: 1.2161  spend: -0.0619  w_freq: 0.427  w_spend: 0.914
Epoch 167/300 — train_loss: 0.1981  val_loss: 0.2392  freq: 1.2163  spend: -0.0613  w_freq: 0.427  w_spend: 0.915
Epoch 168/300 — train_loss: 0.1974  val_loss: 0.2376  freq: 1.2163  spend: -0.0618  w_freq: 0.427  w_spend: 0.917
Epoch 169/300 — train_loss: 0.1961  val_loss: 0.2353  freq: 1.2162  spend: -0.0631  w_freq: 0.427  w_spend: 0.919
Epoch 170/300 — train_loss: 0.1933  val_loss: 0.2352  freq: 1.2160  spend: -0.0619  w_freq: 0.427  w_spend: 0.921
Epoch 171/300 — train_loss: 0.1933  val_loss: 0.2329  freq: 1.2162  spend: -0.0632  w_freq: 0.426  w_spend: 0.923
Epoch 172/300 — train_loss: 0.1920  val_loss: 0.2318  freq: 1.2168  spend: -0.0634  w_freq: 0.426  w_spend: 0.925
Epoch 173/300 — train_loss: 0.1907  val_loss: 0.2321  freq: 1.2163  spend: -0.0616  w_freq: 0.426  w_spend: 0.927
Epoch 174/300 — train_loss: 0.1895  val_loss: 0.2283  freq: 1.2162  spend: -0.0645  w_freq: 0.426  w_spend: 0.928
Epoch 175/300 — train_loss: 0.1869  val_loss: 0.2304  freq: 1.2167  spend: -0.0613  w_freq: 0.426  w_spend: 0.930
Epoch 176/300 — train_loss: 0.1855  val_loss: 0.2269  freq: 1.2160  spend: -0.0635  w_freq: 0.426  w_spend: 0.932
Epoch 177/300 — train_loss: 0.1839  val_loss: 0.2288  freq: 1.2162  spend: -0.0606  w_freq: 0.426  w_spend: 0.934
Epoch 178/300 — train_loss: 0.1842  val_loss: 0.2256  freq: 1.2163  spend: -0.0629  w_freq: 0.426  w_spend: 0.935
Epoch 179/300 — train_loss: 0.1847  val_loss: 0.2245  freq: 1.2162  spend: -0.0629  w_freq: 0.426  w_spend: 0.937
Epoch 180/300 — train_loss: 0.1822  val_loss: 0.2237  freq: 1.2162  spend: -0.0627  w_freq: 0.426  w_spend: 0.939
Epoch 181/300 — train_loss: 0.1808  val_loss: 0.2227  freq: 1.2159  spend: -0.0625  w_freq: 0.426  w_spend: 0.941
Epoch 182/300 — train_loss: 0.1794  val_loss: 0.2229  freq: 1.2162  spend: -0.0613  w_freq: 0.426  w_spend: 0.942
Epoch 183/300 — train_loss: 0.1773  val_loss: 0.2205  freq: 1.2164  spend: -0.0629  w_freq: 0.426  w_spend: 0.944
Epoch 184/300 — train_loss: 0.1773  val_loss: 0.2201  freq: 1.2164  spend: -0.0623  w_freq: 0.426  w_spend: 0.946
Epoch 185/300 — train_loss: 0.1770  val_loss: 0.2186  freq: 1.2161  spend: -0.0628  w_freq: 0.426  w_spend: 0.947
Epoch 186/300 — train_loss: 0.1754  val_loss: 0.2194  freq: 1.2161  spend: -0.0611  w_freq: 0.426  w_spend: 0.949
Epoch 187/300 — train_loss: 0.1729  val_loss: 0.2173  freq: 1.2159  spend: -0.0623  w_freq: 0.426  w_spend: 0.950
Epoch 188/300 — train_loss: 0.1733  val_loss: 0.2161  freq: 1.2165  spend: -0.0628  w_freq: 0.426  w_spend: 0.952
Epoch 189/300 — train_loss: 0.1705  val_loss: 0.2170  freq: 1.2159  spend: -0.0607  w_freq: 0.426  w_spend: 0.953
Epoch 190/300 — train_loss: 0.1710  val_loss: 0.2144  freq: 1.2161  spend: -0.0626  w_freq: 0.426  w_spend: 0.955
Epoch 191/300 — train_loss: 0.1703  val_loss: 0.2134  freq: 1.2161  spend: -0.0627  w_freq: 0.426  w_spend: 0.956
Epoch 192/300 — train_loss: 0.1680  val_loss: 0.2129  freq: 1.2162  spend: -0.0624  w_freq: 0.426  w_spend: 0.958
Epoch 193/300 — train_loss: 0.1668  val_loss: 0.2124  freq: 1.2161  spend: -0.0619  w_freq: 0.426  w_spend: 0.959
Epoch 194/300 — train_loss: 0.1661  val_loss: 0.2109  freq: 1.2161  spend: -0.0626  w_freq: 0.427  w_spend: 0.961
Epoch 195/300 — train_loss: 0.1662  val_loss: 0.2106  freq: 1.2160  spend: -0.0621  w_freq: 0.427  w_spend: 0.962
Epoch 196/300 — train_loss: 0.1629  val_loss: 0.2097  freq: 1.2159  spend: -0.0620  w_freq: 0.427  w_spend: 0.964
Epoch 197/300 — train_loss: 0.1621  val_loss: 0.2090  freq: 1.2161  spend: -0.0622  w_freq: 0.427  w_spend: 0.965
Epoch 198/300 — train_loss: 0.1624  val_loss: 0.2083  freq: 1.2158  spend: -0.0620  w_freq: 0.427  w_spend: 0.966
Epoch 199/300 — train_loss: 0.1598  val_loss: 0.2102  freq: 1.2159  spend: -0.0593  w_freq: 0.427  w_spend: 0.968
Epoch 200/300 — train_loss: 0.1598  val_loss: 0.2055  freq: 1.2162  spend: -0.0635  w_freq: 0.427  w_spend: 0.969
Epoch 201/300 — train_loss: 0.1616  val_loss: 0.2074  freq: 1.2159  spend: -0.0607  w_freq: 0.427  w_spend: 0.970
Epoch 202/300 — train_loss: 0.1587  val_loss: 0.2046  freq: 1.2165  spend: -0.0631  w_freq: 0.427  w_spend: 0.971
Epoch 203/300 — train_loss: 0.1579  val_loss: 0.2058  freq: 1.2158  spend: -0.0609  w_freq: 0.427  w_spend: 0.973
Epoch 204/300 — train_loss: 0.1560  val_loss: 0.2032  freq: 1.2161  spend: -0.0630  w_freq: 0.427  w_spend: 0.974
Epoch 205/300 — train_loss: 0.1569  val_loss: 0.2033  freq: 1.2162  spend: -0.0622  w_freq: 0.427  w_spend: 0.975
Epoch 206/300 — train_loss: 0.1560  val_loss: 0.2032  freq: 1.2161  spend: -0.0616  w_freq: 0.427  w_spend: 0.976
Epoch 207/300 — train_loss: 0.1572  val_loss: 0.2021  freq: 1.2161  spend: -0.0620  w_freq: 0.427  w_spend: 0.977
Epoch 208/300 — train_loss: 0.1549  val_loss: 0.2013  freq: 1.2163  spend: -0.0622  w_freq: 0.427  w_spend: 0.978
Epoch 209/300 — train_loss: 0.1538  val_loss: 0.2013  freq: 1.2160  spend: -0.0615  w_freq: 0.427  w_spend: 0.980
Epoch 210/300 — train_loss: 0.1530  val_loss: 0.2009  freq: 1.2164  spend: -0.0614  w_freq: 0.427  w_spend: 0.981
Epoch 211/300 — train_loss: 0.1518  val_loss: 0.2005  freq: 1.2161  spend: -0.0611  w_freq: 0.427  w_spend: 0.982
Epoch 212/300 — train_loss: 0.1524  val_loss: 0.2004  freq: 1.2160  spend: -0.0605  w_freq: 0.427  w_spend: 0.983
Epoch 213/300 — train_loss: 0.1514  val_loss: 0.1986  freq: 1.2159  spend: -0.0618  w_freq: 0.427  w_spend: 0.984
Epoch 214/300 — train_loss: 0.1507  val_loss: 0.1977  freq: 1.2164  spend: -0.0623  w_freq: 0.427  w_spend: 0.985
Epoch 215/300 — train_loss: 0.1492  val_loss: 0.1992  freq: 1.2163  spend: -0.0602  w_freq: 0.427  w_spend: 0.986
Epoch 216/300 — train_loss: 0.1497  val_loss: 0.1974  freq: 1.2161  spend: -0.0613  w_freq: 0.427  w_spend: 0.987
Epoch 217/300 — train_loss: 0.1486  val_loss: 0.1972  freq: 1.2161  spend: -0.0610  w_freq: 0.427  w_spend: 0.988
Epoch 218/300 — train_loss: 0.1468  val_loss: 0.1957  freq: 1.2160  spend: -0.0618  w_freq: 0.427  w_spend: 0.989
Epoch 219/300 — train_loss: 0.1455  val_loss: 0.1974  freq: 1.2161  spend: -0.0597  w_freq: 0.427  w_spend: 0.990
Epoch 220/300 — train_loss: 0.1455  val_loss: 0.1949  freq: 1.2161  spend: -0.0617  w_freq: 0.427  w_spend: 0.991
Epoch 221/300 — train_loss: 0.1464  val_loss: 0.1954  freq: 1.2161  spend: -0.0607  w_freq: 0.427  w_spend: 0.992
Epoch 222/300 — train_loss: 0.1450  val_loss: 0.1941  freq: 1.2162  spend: -0.0616  w_freq: 0.427  w_spend: 0.992
Epoch 223/300 — train_loss: 0.1441  val_loss: 0.1942  freq: 1.2160  spend: -0.0610  w_freq: 0.427  w_spend: 0.993
Epoch 224/300 — train_loss: 0.1439  val_loss: 0.1946  freq: 1.2161  spend: -0.0601  w_freq: 0.427  w_spend: 0.994
Epoch 225/300 — train_loss: 0.1437  val_loss: 0.1926  freq: 1.2162  spend: -0.0617  w_freq: 0.427  w_spend: 0.995
Epoch 226/300 — train_loss: 0.1422  val_loss: 0.1931  freq: 1.2159  spend: -0.0606  w_freq: 0.427  w_spend: 0.996
Epoch 227/300 — train_loss: 0.1423  val_loss: 0.1925  freq: 1.2161  spend: -0.0609  w_freq: 0.427  w_spend: 0.996
Epoch 228/300 — train_loss: 0.1422  val_loss: 0.1921  freq: 1.2161  spend: -0.0609  w_freq: 0.427  w_spend: 0.997
Epoch 229/300 — train_loss: 0.1407  val_loss: 0.1909  freq: 1.2159  spend: -0.0616  w_freq: 0.427  w_spend: 0.998
Epoch 230/300 — train_loss: 0.1417  val_loss: 0.1914  freq: 1.2161  spend: -0.0608  w_freq: 0.427  w_spend: 0.999
Epoch 231/300 — train_loss: 0.1416  val_loss: 0.1909  freq: 1.2161  spend: -0.0609  w_freq: 0.427  w_spend: 0.999
Epoch 232/300 — train_loss: 0.1396  val_loss: 0.1900  freq: 1.2162  spend: -0.0615  w_freq: 0.427  w_spend: 1.000
Epoch 233/300 — train_loss: 0.1386  val_loss: 0.1900  freq: 1.2161  spend: -0.0610  w_freq: 0.427  w_spend: 1.001
Epoch 234/300 — train_loss: 0.1391  val_loss: 0.1892  freq: 1.2160  spend: -0.0614  w_freq: 0.427  w_spend: 1.001
Epoch 235/300 — train_loss: 0.1386  val_loss: 0.1895  freq: 1.2160  spend: -0.0609  w_freq: 0.427  w_spend: 1.002
Epoch 236/300 — train_loss: 0.1384  val_loss: 0.1894  freq: 1.2160  spend: -0.0606  w_freq: 0.427  w_spend: 1.002
Epoch 237/300 — train_loss: 0.1385  val_loss: 0.1879  freq: 1.2162  spend: -0.0619  w_freq: 0.427  w_spend: 1.003
Epoch 238/300 — train_loss: 0.1372  val_loss: 0.1876  freq: 1.2159  spend: -0.0618  w_freq: 0.427  w_spend: 1.004
Epoch 239/300 — train_loss: 0.1381  val_loss: 0.1881  freq: 1.2160  spend: -0.0610  w_freq: 0.427  w_spend: 1.004
Epoch 240/300 — train_loss: 0.1369  val_loss: 0.1867  freq: 1.2161  spend: -0.0621  w_freq: 0.427  w_spend: 1.005
Epoch 241/300 — train_loss: 0.1362  val_loss: 0.1874  freq: 1.2160  spend: -0.0611  w_freq: 0.427  w_spend: 1.005
Epoch 242/300 — train_loss: 0.1359  val_loss: 0.1868  freq: 1.2162  spend: -0.0615  w_freq: 0.427  w_spend: 1.006
Epoch 243/300 — train_loss: 0.1357  val_loss: 0.1869  freq: 1.2159  spend: -0.0611  w_freq: 0.427  w_spend: 1.006
Epoch 244/300 — train_loss: 0.1365  val_loss: 0.1864  freq: 1.2161  spend: -0.0614  w_freq: 0.427  w_spend: 1.007
Epoch 245/300 — train_loss: 0.1353  val_loss: 0.1862  freq: 1.2161  spend: -0.0613  w_freq: 0.427  w_spend: 1.007
Epoch 246/300 — train_loss: 0.1344  val_loss: 0.1860  freq: 1.2162  spend: -0.0613  w_freq: 0.427  w_spend: 1.007
Epoch 247/300 — train_loss: 0.1341  val_loss: 0.1863  freq: 1.2161  spend: -0.0607  w_freq: 0.427  w_spend: 1.008
Epoch 248/300 — train_loss: 0.1336  val_loss: 0.1857  freq: 1.2161  spend: -0.0611  w_freq: 0.427  w_spend: 1.008
Epoch 249/300 — train_loss: 0.1333  val_loss: 0.1854  freq: 1.2160  spend: -0.0612  w_freq: 0.427  w_spend: 1.009
Epoch 250/300 — train_loss: 0.1343  val_loss: 0.1856  freq: 1.2160  spend: -0.0607  w_freq: 0.427  w_spend: 1.009
Epoch 251/300 — train_loss: 0.1340  val_loss: 0.1850  freq: 1.2161  spend: -0.0611  w_freq: 0.427  w_spend: 1.009
Epoch 252/300 — train_loss: 0.1326  val_loss: 0.1852  freq: 1.2160  spend: -0.0608  w_freq: 0.427  w_spend: 1.010
Epoch 253/300 — train_loss: 0.1327  val_loss: 0.1845  freq: 1.2161  spend: -0.0613  w_freq: 0.427  w_spend: 1.010
Epoch 254/300 — train_loss: 0.1332  val_loss: 0.1850  freq: 1.2160  spend: -0.0606  w_freq: 0.427  w_spend: 1.011
Epoch 255/300 — train_loss: 0.1344  val_loss: 0.1847  freq: 1.2160  spend: -0.0607  w_freq: 0.427  w_spend: 1.011
Epoch 256/300 — train_loss: 0.1326  val_loss: 0.1842  freq: 1.2160  spend: -0.0610  w_freq: 0.427  w_spend: 1.011
Epoch 257/300 — train_loss: 0.1309  val_loss: 0.1844  freq: 1.2160  spend: -0.0607  w_freq: 0.427  w_spend: 1.011
Epoch 258/300 — train_loss: 0.1304  val_loss: 0.1840  freq: 1.2160  spend: -0.0609  w_freq: 0.427  w_spend: 1.012
Epoch 259/300 — train_loss: 0.1309  val_loss: 0.1842  freq: 1.2160  spend: -0.0607  w_freq: 0.427  w_spend: 1.012
Epoch 260/300 — train_loss: 0.1327  val_loss: 0.1839  freq: 1.2160  spend: -0.0608  w_freq: 0.427  w_spend: 1.012
Epoch 261/300 — train_loss: 0.1304  val_loss: 0.1835  freq: 1.2160  spend: -0.0610  w_freq: 0.427  w_spend: 1.012
Epoch 262/300 — train_loss: 0.1312  val_loss: 0.1836  freq: 1.2160  spend: -0.0609  w_freq: 0.427  w_spend: 1.013
Epoch 263/300 — train_loss: 0.1331  val_loss: 0.1834  freq: 1.2160  spend: -0.0609  w_freq: 0.427  w_spend: 1.013
Epoch 264/300 — train_loss: 0.1307  val_loss: 0.1833  freq: 1.2160  spend: -0.0609  w_freq: 0.427  w_spend: 1.013
Epoch 265/300 — train_loss: 0.1307  val_loss: 0.1832  freq: 1.2160  spend: -0.0609  w_freq: 0.427  w_spend: 1.013
Epoch 266/300 — train_loss: 0.1299  val_loss: 0.1831  freq: 1.2161  spend: -0.0610  w_freq: 0.427  w_spend: 1.013
Epoch 267/300 — train_loss: 0.1309  val_loss: 0.1832  freq: 1.2161  spend: -0.0607  w_freq: 0.427  w_spend: 1.014
Epoch 268/300 — train_loss: 0.1288  val_loss: 0.1830  freq: 1.2160  spend: -0.0608  w_freq: 0.427  w_spend: 1.014
Epoch 269/300 — train_loss: 0.1295  val_loss: 0.1831  freq: 1.2160  spend: -0.0607  w_freq: 0.427  w_spend: 1.014
Epoch 270/300 — train_loss: 0.1301  val_loss: 0.1831  freq: 1.2161  spend: -0.0606  w_freq: 0.427  w_spend: 1.014
Epoch 271/300 — train_loss: 0.1313  val_loss: 0.1827  freq: 1.2161  spend: -0.0609  w_freq: 0.427  w_spend: 1.014
Epoch 272/300 — train_loss: 0.1319  val_loss: 0.1826  freq: 1.2161  spend: -0.0610  w_freq: 0.427  w_spend: 1.014
Epoch 273/300 — train_loss: 0.1297  val_loss: 0.1826  freq: 1.2161  spend: -0.0609  w_freq: 0.427  w_spend: 1.014
Epoch 274/300 — train_loss: 0.1305  val_loss: 0.1825  freq: 1.2161  spend: -0.0609  w_freq: 0.427  w_spend: 1.015
Epoch 275/300 — train_loss: 0.1284  val_loss: 0.1826  freq: 1.2161  spend: -0.0608  w_freq: 0.427  w_spend: 1.015
Epoch 276/300 — train_loss: 0.1305  val_loss: 0.1827  freq: 1.2161  spend: -0.0607  w_freq: 0.427  w_spend: 1.015
Epoch 277/300 — train_loss: 0.1291  val_loss: 0.1825  freq: 1.2161  spend: -0.0608  w_freq: 0.427  w_spend: 1.015
Epoch 278/300 — train_loss: 0.1307  val_loss: 0.1825  freq: 1.2160  spend: -0.0608  w_freq: 0.427  w_spend: 1.015
Epoch 279/300 — train_loss: 0.1290  val_loss: 0.1823  freq: 1.2160  spend: -0.0609  w_freq: 0.427  w_spend: 1.015
Epoch 280/300 — train_loss: 0.1294  val_loss: 0.1823  freq: 1.2160  spend: -0.0608  w_freq: 0.427  w_spend: 1.015
Epoch 281/300 — train_loss: 0.1279  val_loss: 0.1822  freq: 1.2160  spend: -0.0609  w_freq: 0.427  w_spend: 1.015
Epoch 282/300 — train_loss: 0.1284  val_loss: 0.1822  freq: 1.2160  spend: -0.0608  w_freq: 0.427  w_spend: 1.015
Epoch 283/300 — train_loss: 0.1300  val_loss: 0.1823  freq: 1.2160  spend: -0.0608  w_freq: 0.427  w_spend: 1.015
Epoch 284/300 — train_loss: 0.1311  val_loss: 0.1822  freq: 1.2160  spend: -0.0608  w_freq: 0.427  w_spend: 1.015
Epoch 285/300 — train_loss: 0.1289  val_loss: 0.1821  freq: 1.2160  spend: -0.0609  w_freq: 0.427  w_spend: 1.015
Epoch 286/300 — train_loss: 0.1297  val_loss: 0.1821  freq: 1.2160  spend: -0.0609  w_freq: 0.427  w_spend: 1.015
Epoch 287/300 — train_loss: 0.1294  val_loss: 0.1821  freq: 1.2160  spend: -0.0609  w_freq: 0.427  w_spend: 1.015
Epoch 288/300 — train_loss: 0.1292  val_loss: 0.1821  freq: 1.2160  spend: -0.0609  w_freq: 0.427  w_spend: 1.015
Epoch 289/300 — train_loss: 0.1315  val_loss: 0.1821  freq: 1.2160  spend: -0.0609  w_freq: 0.427  w_spend: 1.015
Epoch 290/300 — train_loss: 0.1308  val_loss: 0.1821  freq: 1.2160  spend: -0.0608  w_freq: 0.427  w_spend: 1.016
Epoch 291/300 — train_loss: 0.1276  val_loss: 0.1821  freq: 1.2160  spend: -0.0609  w_freq: 0.427  w_spend: 1.016
Epoch 292/300 — train_loss: 0.1299  val_loss: 0.1821  freq: 1.2160  spend: -0.0608  w_freq: 0.427  w_spend: 1.016
Epoch 293/300 — train_loss: 0.1275  val_loss: 0.1821  freq: 1.2160  spend: -0.0608  w_freq: 0.427  w_spend: 1.016
Epoch 294/300 — train_loss: 0.1289  val_loss: 0.1821  freq: 1.2160  spend: -0.0608  w_freq: 0.427  w_spend: 1.016
Epoch 295/300 — train_loss: 0.1296  val_loss: 0.1821  freq: 1.2160  spend: -0.0608  w_freq: 0.427  w_spend: 1.016
Epoch 296/300 — train_loss: 0.1291  val_loss: 0.1821  freq: 1.2160  spend: -0.0608  w_freq: 0.427  w_spend: 1.016
Epoch 297/300 — train_loss: 0.1282  val_loss: 0.1821  freq: 1.2160  spend: -0.0608  w_freq: 0.427  w_spend: 1.016
Epoch 298/300 — train_loss: 0.1308  val_loss: 0.1821  freq: 1.2160  spend: -0.0608  w_freq: 0.427  w_spend: 1.016
Epoch 299/300 — train_loss: 0.1290  val_loss: 0.1821  freq: 1.2160  spend: -0.0608  w_freq: 0.427  w_spend: 1.016
Epoch 300/300 — train_loss: 0.1309  val_loss: 0.1821  freq: 1.2160  spend: -0.0608  w_freq: 0.427  w_spend: 1.016

Checkpoint saved: /kaggle/working/results/checkpoints/transformer_joint_dunnhumby_v2_seed7_sample_repair.pt

Duan's smearing factor (val): 1.4218
Validation-fitted softmax temperature: 1.0295
Validation aggregate calibration: freq_factor=0.9865, spend_factor=0.9623

Running autoregressive inference on holdout period ...
  inference mode: sample  n_scenarios: 200  temperature: 1.0295

=== Prediction Diagnostics ===
  Mean predicted freq/week:    1.2139
  Mean actual freq/week:       1.1447
  Over-prediction ratio:       1.060x
  Customers predicted as zero total:  0.004
  Customers actually zero total:      0.036
  Non-zero rate (pred, avg > 0.05):  0.985
  Non-zero rate (true):               0.532

Metrics saved: /kaggle/working/results/tables/transformer_joint_dunnhumby_v2_seed7_sample_repair_metrics.json
Array artifacts saved: /kaggle/working/results/tables/transformer_joint_dunnhumby_v2_seed7_sample_repair_arrays.npz

=== Holdout Evaluation ===
  freq_rmse: 15.0001
  freq_mae: 9.0661
  freq_normalized_gini: 0.8659
  freq_calibration_factor: 0.9865
  freq_mape: 4.6094
  bias_pct: 4.6094
  freq_weekly_mae: 191.1424
  freq_weekly_total_true: 62910.0000
  freq_weekly_total_pred: 65809.8048
  freq_weekly_mape: 8.6888
  freq_weekly_bias_pct: 6.7205
  freq_mase: 1.0535
  freq_mase_scale: 0.8235
  smearing_factor: 1.4218
  spend_calibration_factor: 0.9623
  spend_mae_raw: 300.3315
  spend_rmse_raw: 489.2307
  spend_normalized_gini: 0.8567
  spend_mae_log: 0.7318
  spend_rmse_log: 1.2214
  spend_r2_log: 0.4938
  spend_bias_pct: -0.5695
  spend_weekly_mae: 7030.0062
  spend_weekly_total_true: 1965992.3000
  spend_weekly_total_pred: 1954796.7544
  spend_weekly_mape: 9.5075
  spend_weekly_bias_pct: 1.8464
  spend_mase: 1.1048
  spend_mase_scale: 27.5152
  clv_mae: 294.3887
  clv_rmse: 479.5489
  clv_spearman: 0.8163
  clv_decile_lift: 3.2622
  clv_normalized_gini: 0.8571
  clv_total_true: 1929812.7500
  clv_total_pred: 1917849.0000
  calibration_temperature_source: validation_only
  validation_temperature: 1.0295
  calibration_source: validation_only
  validation_freq_true_total: 21969.0000
  validation_freq_pred_total: 22577.3320
  validation_spend_true_total: 646302.7101
  validation_spend_pred_total: 698978.8620
  validation_freq_calibration_factor: 0.9865
  validation_spend_calibration_factor: 0.9623
  repair_attempted: True
  repair_strategy: amp_disabled; lr_0.0005; grad_clip_0.5
  repair_source_failure_type: FloatingPointError
  training_lr_after_repair: 0.0005
  training_max_grad_norm_after_repair: 0.5000
  training_amp_enabled_after_repair: False
  final_manifest_version: 2026-05-20-results-recovery-protocol
  final_manifest_run_name: transformer_joint_dunnhumby_v2_seed7_sample_repair
  final_manifest_config: experiments/configs/transformer_joint_dunnhumby_v2.yaml
  final_manifest_config_hash: a984ee30201b
  final_manifest_actual_config_hash: 42b6bc6b5a3a
  final_manifest_seed: 7
  final_manifest_epochs: 300
  final_manifest_inference_mode: sample
  final_manifest_n_scenarios: 200
  run_valid: True
  run_invalid_reason: 
  run_warning: 
History saved: /kaggle/working/results/tables/transformer_joint_dunnhumby_v2_seed7_sample_repair_history.json
