[Kaggle] raw_dir  → /kaggle/working/input/cdnow-dataset
[Kaggle] results  → /kaggle/working/results
Config: experiments/configs/transformer_joint_cdnow_v2.yaml
Run: transformer_joint_cdnow_v2_seed123_sample
Device: cuda
Loading dataset: cdnow ...
[pipeline] freq_bins from config: [0, 1, 2, 3]
  Train customers: 2115, Val: 234, Inference: 2349
[cdnow] Customers with 0 calibration transactions: 0 / 2349
  top-bin decode: class_values[-1] = 4.071 (max_trans = 3)
Model: transformer — 101,950 parameters

Training for up to 300 epochs ...
/kaggle/working/thesis-code/src/training/trainer.py:96: FutureWarning: `torch.cuda.amp.GradScaler(args...)` is deprecated. Please use `torch.amp.GradScaler('cuda', args...)` instead.
  self.scaler = torch.cuda.amp.GradScaler(enabled=self.amp_enabled)
[Kendall] log_vars frozen for 5 warm-up epochs.

Training failed with a repairable error: FloatingPointError: Non-finite gradients in state_proj.weight, freq_head.weight, spend_head.weight
Metrics saved: /kaggle/working/results/tables/transformer_joint_cdnow_v2_seed123_sample_metrics.json
Retrying once as robustness repair (amp_disabled; lr_0.0005; grad_clip_0.5) ...
Config: experiments/configs/transformer_joint_cdnow_v2.yaml
Run: transformer_joint_cdnow_v2_seed123_sample_repair
Device: cuda
Loading dataset: cdnow ...
[pipeline] freq_bins from config: [0, 1, 2, 3]
  Train customers: 2115, Val: 234, Inference: 2349
[cdnow] Customers with 0 calibration transactions: 0 / 2349
  top-bin decode: class_values[-1] = 4.071 (max_trans = 3)
Model: transformer — 101,950 parameters

Training for up to 300 epochs ...
/kaggle/working/thesis-code/src/training/trainer.py:96: FutureWarning: `torch.cuda.amp.GradScaler(args...)` is deprecated. Please use `torch.amp.GradScaler('cuda', args...)` instead.
  self.scaler = torch.cuda.amp.GradScaler(enabled=self.amp_enabled)
[Kendall] log_vars frozen for 5 warm-up epochs.
Epoch   1/300 — train_loss: 4.7887  val_loss: 4.2523  freq: 8.1404  spend: 0.3641  w_freq: 0.500  w_spend: 0.500
Epoch   2/300 — train_loss: 4.4597  val_loss: 3.6862  freq: 7.0608  spend: 0.3116  w_freq: 0.500  w_spend: 0.500
Epoch   3/300 — train_loss: 3.7912  val_loss: 2.7921  freq: 5.3117  spend: 0.2724  w_freq: 0.500  w_spend: 0.500
Epoch   4/300 — train_loss: 2.8064  val_loss: 1.6326  freq: 3.0028  spend: 0.2624  w_freq: 0.500  w_spend: 0.500
Epoch   5/300 — train_loss: 1.6629  val_loss: 0.5601  freq: 0.8377  spend: 0.2826  w_freq: 0.500  w_spend: 0.500
[Kendall] log_vars unfrozen at epoch 6.
Epoch   6/300 — train_loss: 0.6858  val_loss: 0.2455  freq: 0.2657  spend: 0.2258  w_freq: 0.500  w_spend: 0.500
Epoch   7/300 — train_loss: 0.3024  val_loss: 0.2190  freq: 0.2223  spend: 0.2191  w_freq: 0.500  w_spend: 0.501
Epoch   8/300 — train_loss: 0.2298  val_loss: 0.2221  freq: 0.2193  spend: 0.2320  w_freq: 0.501  w_spend: 0.502
Epoch   9/300 — train_loss: 0.2045  val_loss: 0.1961  freq: 0.1919  spend: 0.2122  w_freq: 0.502  w_spend: 0.504
Epoch  10/300 — train_loss: 0.1864  val_loss: 0.1707  freq: 0.1666  spend: 0.1924  w_freq: 0.504  w_spend: 0.505
Epoch  11/300 — train_loss: 0.1707  val_loss: 0.1663  freq: 0.1589  spend: 0.1965  w_freq: 0.505  w_spend: 0.507
Epoch  12/300 — train_loss: 0.1719  val_loss: 0.1672  freq: 0.1605  spend: 0.2019  w_freq: 0.507  w_spend: 0.508
Epoch  13/300 — train_loss: 0.1631  val_loss: 0.1537  freq: 0.1510  spend: 0.1914  w_freq: 0.509  w_spend: 0.510
Epoch  14/300 — train_loss: 0.1526  val_loss: 0.1581  freq: 0.1498  spend: 0.2080  w_freq: 0.511  w_spend: 0.512
Epoch  15/300 — train_loss: 0.1469  val_loss: 0.1479  freq: 0.1482  spend: 0.1960  w_freq: 0.513  w_spend: 0.515
Epoch  16/300 — train_loss: 0.1380  val_loss: 0.1421  freq: 0.1456  spend: 0.1933  w_freq: 0.515  w_spend: 0.516
Epoch  17/300 — train_loss: 0.1277  val_loss: 0.1499  freq: 0.1422  spend: 0.2174  w_freq: 0.517  w_spend: 0.518
Epoch  18/300 — train_loss: 0.1166  val_loss: 0.1371  freq: 0.1432  spend: 0.1986  w_freq: 0.519  w_spend: 0.520
Epoch  19/300 — train_loss: 0.1108  val_loss: 0.1398  freq: 0.1383  spend: 0.2160  w_freq: 0.521  w_spend: 0.523
Epoch  20/300 — train_loss: 0.1020  val_loss: 0.1407  freq: 0.1380  spend: 0.2258  w_freq: 0.524  w_spend: 0.525
Epoch  21/300 — train_loss: 0.1051  val_loss: 0.1359  freq: 0.1360  spend: 0.2249  w_freq: 0.526  w_spend: 0.528
Epoch  22/300 — train_loss: 0.0970  val_loss: 0.1439  freq: 0.1339  spend: 0.2479  w_freq: 0.528  w_spend: 0.530
Epoch  23/300 — train_loss: 0.0964  val_loss: 0.1184  freq: 0.1343  spend: 0.2045  w_freq: 0.530  w_spend: 0.532
Epoch  24/300 — train_loss: 0.0843  val_loss: 0.1177  freq: 0.1323  spend: 0.2109  w_freq: 0.532  w_spend: 0.533
Epoch  25/300 — train_loss: 0.0871  val_loss: 0.1019  freq: 0.1310  spend: 0.1900  w_freq: 0.534  w_spend: 0.536
Epoch  26/300 — train_loss: 0.0659  val_loss: 0.1113  freq: 0.1297  spend: 0.2158  w_freq: 0.537  w_spend: 0.538
Epoch  27/300 — train_loss: 0.0512  val_loss: 0.0944  freq: 0.1274  spend: 0.1939  w_freq: 0.539  w_spend: 0.541
Epoch  28/300 — train_loss: 0.0430  val_loss: 0.0971  freq: 0.1266  spend: 0.2075  w_freq: 0.542  w_spend: 0.543
Epoch  29/300 — train_loss: 0.0342  val_loss: 0.0938  freq: 0.1277  spend: 0.2082  w_freq: 0.545  w_spend: 0.546
Epoch  30/300 — train_loss: 0.0291  val_loss: 0.0891  freq: 0.1242  spend: 0.2101  w_freq: 0.548  w_spend: 0.549
Epoch  31/300 — train_loss: 0.0198  val_loss: 0.0772  freq: 0.1270  spend: 0.1926  w_freq: 0.550  w_spend: 0.552
Epoch  32/300 — train_loss: 0.0080  val_loss: 0.0960  freq: 0.1226  spend: 0.2369  w_freq: 0.552  w_spend: 0.554
Epoch  33/300 — train_loss: -0.0103  val_loss: 0.0861  freq: 0.1241  spend: 0.2232  w_freq: 0.555  w_spend: 0.556
Epoch  34/300 — train_loss: -0.0010  val_loss: 0.0683  freq: 0.1234  spend: 0.1974  w_freq: 0.557  w_spend: 0.558
Epoch  35/300 — train_loss: -0.0129  val_loss: 0.0578  freq: 0.1216  spend: 0.1857  w_freq: 0.559  w_spend: 0.561
Epoch  36/300 — train_loss: -0.0171  val_loss: 0.0672  freq: 0.1220  spend: 0.2070  w_freq: 0.561  w_spend: 0.563
Epoch  37/300 — train_loss: -0.0330  val_loss: 0.0638  freq: 0.1207  spend: 0.2082  w_freq: 0.563  w_spend: 0.565
Epoch  38/300 — train_loss: -0.0371  val_loss: 0.0763  freq: 0.1211  spend: 0.2367  w_freq: 0.565  w_spend: 0.567
Epoch  39/300 — train_loss: -0.0355  val_loss: 0.0427  freq: 0.1192  spend: 0.1862  w_freq: 0.568  w_spend: 0.570
Epoch  40/300 — train_loss: -0.0466  val_loss: 0.0499  freq: 0.1201  spend: 0.2041  w_freq: 0.570  w_spend: 0.573
Epoch  41/300 — train_loss: -0.0494  val_loss: 0.0339  freq: 0.1179  spend: 0.1846  w_freq: 0.573  w_spend: 0.575
Epoch  42/300 — train_loss: -0.0506  val_loss: 0.0430  freq: 0.1186  spend: 0.2059  w_freq: 0.575  w_spend: 0.578
Epoch  43/300 — train_loss: -0.0678  val_loss: 0.0177  freq: 0.1177  spend: 0.1693  w_freq: 0.577  w_spend: 0.580
Epoch  44/300 — train_loss: -0.0660  val_loss: 0.0283  freq: 0.1170  spend: 0.1937  w_freq: 0.580  w_spend: 0.583
Epoch  45/300 — train_loss: -0.0777  val_loss: 0.0276  freq: 0.1167  spend: 0.1983  w_freq: 0.582  w_spend: 0.585
Epoch  46/300 — train_loss: -0.0724  val_loss: 0.0088  freq: 0.1172  spend: 0.1711  w_freq: 0.584  w_spend: 0.588
Epoch  47/300 — train_loss: -0.0783  val_loss: 0.0222  freq: 0.1161  spend: 0.2005  w_freq: 0.586  w_spend: 0.590
Epoch  48/300 — train_loss: -0.0899  val_loss: 0.0091  freq: 0.1169  spend: 0.1838  w_freq: 0.589  w_spend: 0.592
Epoch  49/300 — train_loss: -0.0893  val_loss: 0.0140  freq: 0.1161  spend: 0.1985  w_freq: 0.591  w_spend: 0.595
Epoch  50/300 — train_loss: -0.0949  val_loss: -0.0028  freq: 0.1151  spend: 0.1769  w_freq: 0.594  w_spend: 0.598
Epoch  51/300 — train_loss: -0.1089  val_loss: 0.0079  freq: 0.1162  spend: 0.1991  w_freq: 0.596  w_spend: 0.600
Epoch  52/300 — train_loss: -0.1170  val_loss: -0.0019  freq: 0.1147  spend: 0.1908  w_freq: 0.598  w_spend: 0.603
Epoch  53/300 — train_loss: -0.1216  val_loss: -0.0070  freq: 0.1157  spend: 0.1875  w_freq: 0.601  w_spend: 0.606
Epoch  54/300 — train_loss: -0.1199  val_loss: -0.0136  freq: 0.1141  spend: 0.1843  w_freq: 0.604  w_spend: 0.609
Epoch  55/300 — train_loss: -0.1263  val_loss: 0.0005  freq: 0.1152  spend: 0.2111  w_freq: 0.606  w_spend: 0.611
Epoch  56/300 — train_loss: -0.1325  val_loss: -0.0054  freq: 0.1138  spend: 0.2077  w_freq: 0.608  w_spend: 0.614
Epoch  57/300 — train_loss: -0.1510  val_loss: -0.0214  freq: 0.1158  spend: 0.1852  w_freq: 0.611  w_spend: 0.616
Epoch  58/300 — train_loss: -0.1471  val_loss: -0.0329  freq: 0.1144  spend: 0.1736  w_freq: 0.613  w_spend: 0.619
Epoch  59/300 — train_loss: -0.1562  val_loss: -0.0083  freq: 0.1135  spend: 0.2190  w_freq: 0.616  w_spend: 0.621
Epoch  60/300 — train_loss: -0.1472  val_loss: -0.0236  freq: 0.1135  spend: 0.1985  w_freq: 0.618  w_spend: 0.624
Epoch  61/300 — train_loss: -0.1621  val_loss: -0.0253  freq: 0.1133  spend: 0.2003  w_freq: 0.619  w_spend: 0.626
Epoch  62/300 — train_loss: -0.1681  val_loss: -0.0316  freq: 0.1137  spend: 0.1951  w_freq: 0.622  w_spend: 0.628
Epoch  63/300 — train_loss: -0.1748  val_loss: -0.0183  freq: 0.1131  spend: 0.2228  w_freq: 0.624  w_spend: 0.631
Epoch  64/300 — train_loss: -0.1731  val_loss: -0.0384  freq: 0.1137  spend: 0.1960  w_freq: 0.627  w_spend: 0.634
Epoch  65/300 — train_loss: -0.1754  val_loss: -0.0542  freq: 0.1128  spend: 0.1776  w_freq: 0.630  w_spend: 0.637
Epoch  66/300 — train_loss: -0.1803  val_loss: -0.0464  freq: 0.1141  spend: 0.1934  w_freq: 0.632  w_spend: 0.640
Epoch  67/300 — train_loss: -0.1787  val_loss: -0.0534  freq: 0.1124  spend: 0.1884  w_freq: 0.635  w_spend: 0.642
Epoch  68/300 — train_loss: -0.2140  val_loss: -0.0339  freq: 0.1126  spend: 0.2229  w_freq: 0.637  w_spend: 0.644
Epoch  69/300 — train_loss: -0.1976  val_loss: -0.0493  freq: 0.1134  spend: 0.2030  w_freq: 0.639  w_spend: 0.647
Epoch  70/300 — train_loss: -0.2086  val_loss: -0.0454  freq: 0.1130  spend: 0.2142  w_freq: 0.641  w_spend: 0.650
Epoch  71/300 — train_loss: -0.2036  val_loss: -0.0673  freq: 0.1116  spend: 0.1868  w_freq: 0.644  w_spend: 0.652
Epoch  72/300 — train_loss: -0.2188  val_loss: -0.0553  freq: 0.1143  spend: 0.2069  w_freq: 0.646  w_spend: 0.655
Epoch  73/300 — train_loss: -0.2127  val_loss: -0.0769  freq: 0.1121  spend: 0.1806  w_freq: 0.648  w_spend: 0.657
Epoch  74/300 — train_loss: -0.2202  val_loss: -0.0726  freq: 0.1130  spend: 0.1909  w_freq: 0.651  w_spend: 0.660
Epoch  75/300 — train_loss: -0.2313  val_loss: -0.0553  freq: 0.1115  spend: 0.2227  w_freq: 0.653  w_spend: 0.663
Epoch  76/300 — train_loss: -0.2276  val_loss: -0.0716  freq: 0.1124  spend: 0.2013  w_freq: 0.655  w_spend: 0.665
Epoch  77/300 — train_loss: -0.2400  val_loss: -0.0554  freq: 0.1119  spend: 0.2307  w_freq: 0.657  w_spend: 0.667
Epoch  78/300 — train_loss: -0.2298  val_loss: -0.1035  freq: 0.1127  spend: 0.1623  w_freq: 0.660  w_spend: 0.670
Epoch  79/300 — train_loss: -0.2272  val_loss: -0.0813  freq: 0.1114  spend: 0.2004  w_freq: 0.662  w_spend: 0.672
Epoch  80/300 — train_loss: -0.2613  val_loss: -0.0891  freq: 0.1124  spend: 0.1916  w_freq: 0.664  w_spend: 0.675
Epoch  81/300 — train_loss: -0.2485  val_loss: -0.0799  freq: 0.1115  spend: 0.2094  w_freq: 0.666  w_spend: 0.677
Epoch  82/300 — train_loss: -0.2562  val_loss: -0.0925  freq: 0.1119  spend: 0.1936  w_freq: 0.668  w_spend: 0.679
Epoch  83/300 — train_loss: -0.2532  val_loss: -0.0978  freq: 0.1117  spend: 0.1893  w_freq: 0.669  w_spend: 0.681
Epoch  84/300 — train_loss: -0.2661  val_loss: -0.0930  freq: 0.1112  spend: 0.2008  w_freq: 0.671  w_spend: 0.683
Epoch  85/300 — train_loss: -0.2666  val_loss: -0.0970  freq: 0.1118  spend: 0.1977  w_freq: 0.673  w_spend: 0.685
Epoch  86/300 — train_loss: -0.2731  val_loss: -0.0544  freq: 0.1114  spend: 0.2630  w_freq: 0.675  w_spend: 0.687
Epoch  87/300 — train_loss: -0.2648  val_loss: -0.0895  freq: 0.1121  spend: 0.2143  w_freq: 0.677  w_spend: 0.689
Epoch  88/300 — train_loss: -0.2787  val_loss: -0.1053  freq: 0.1111  spend: 0.1960  w_freq: 0.679  w_spend: 0.691
Epoch  89/300 — train_loss: -0.2831  val_loss: -0.0980  freq: 0.1116  spend: 0.2096  w_freq: 0.681  w_spend: 0.694
Epoch  90/300 — train_loss: -0.2936  val_loss: -0.0854  freq: 0.1110  spend: 0.2322  w_freq: 0.683  w_spend: 0.696
Epoch  91/300 — train_loss: -0.2795  val_loss: -0.1078  freq: 0.1117  spend: 0.2032  w_freq: 0.685  w_spend: 0.699
Epoch  92/300 — train_loss: -0.2918  val_loss: -0.1076  freq: 0.1120  spend: 0.2067  w_freq: 0.687  w_spend: 0.701
Epoch  93/300 — train_loss: -0.2977  val_loss: -0.1025  freq: 0.1108  spend: 0.2190  w_freq: 0.690  w_spend: 0.704
Epoch  94/300 — train_loss: -0.3096  val_loss: -0.0770  freq: 0.1113  spend: 0.2584  w_freq: 0.692  w_spend: 0.706
Epoch  95/300 — train_loss: -0.3123  val_loss: -0.1246  freq: 0.1112  spend: 0.1949  w_freq: 0.694  w_spend: 0.709
Epoch  96/300 — train_loss: -0.3094  val_loss: -0.1019  freq: 0.1111  spend: 0.2303  w_freq: 0.696  w_spend: 0.711
Epoch  97/300 — train_loss: -0.3013  val_loss: -0.1310  freq: 0.1113  spend: 0.1927  w_freq: 0.698  w_spend: 0.714
Epoch  98/300 — train_loss: -0.3078  val_loss: -0.1055  freq: 0.1113  spend: 0.2310  w_freq: 0.700  w_spend: 0.716
Epoch  99/300 — train_loss: -0.3287  val_loss: -0.1068  freq: 0.1113  spend: 0.2320  w_freq: 0.702  w_spend: 0.718
Epoch 100/300 — train_loss: -0.3334  val_loss: -0.1239  freq: 0.1107  spend: 0.2123  w_freq: 0.704  w_spend: 0.720
Epoch 101/300 — train_loss: -0.3389  val_loss: -0.1034  freq: 0.1112  spend: 0.2434  w_freq: 0.706  w_spend: 0.722
Epoch 102/300 — train_loss: -0.3467  val_loss: -0.1257  freq: 0.1106  spend: 0.2163  w_freq: 0.708  w_spend: 0.725
Epoch 103/300 — train_loss: -0.3495  val_loss: -0.1089  freq: 0.1114  spend: 0.2421  w_freq: 0.710  w_spend: 0.727
Epoch 104/300 — train_loss: -0.3455  val_loss: -0.1289  freq: 0.1104  spend: 0.2190  w_freq: 0.712  w_spend: 0.730
Epoch 105/300 — train_loss: -0.3561  val_loss: -0.1202  freq: 0.1110  spend: 0.2336  w_freq: 0.714  w_spend: 0.732
Epoch 106/300 — train_loss: -0.3551  val_loss: -0.1310  freq: 0.1108  spend: 0.2230  w_freq: 0.717  w_spend: 0.735
Epoch 107/300 — train_loss: -0.3667  val_loss: -0.0817  freq: 0.1109  spend: 0.2934  w_freq: 0.719  w_spend: 0.738
Epoch 108/300 — train_loss: -0.3803  val_loss: -0.0868  freq: 0.1107  spend: 0.2898  w_freq: 0.722  w_spend: 0.741
Epoch 109/300 — train_loss: -0.3650  val_loss: -0.0869  freq: 0.1110  spend: 0.2920  w_freq: 0.724  w_spend: 0.743
Epoch 110/300 — train_loss: -0.3814  val_loss: -0.0998  freq: 0.1113  spend: 0.2772  w_freq: 0.726  w_spend: 0.746
Epoch 111/300 — train_loss: -0.3754  val_loss: -0.0900  freq: 0.1105  spend: 0.2935  w_freq: 0.728  w_spend: 0.748
Epoch 112/300 — train_loss: -0.3816  val_loss: -0.1252  freq: 0.1108  spend: 0.2487  w_freq: 0.729  w_spend: 0.750
Epoch 113/300 — train_loss: -0.3942  val_loss: -0.0973  freq: 0.1108  spend: 0.2882  w_freq: 0.731  w_spend: 0.752
Epoch 114/300 — train_loss: -0.3968  val_loss: -0.1280  freq: 0.1110  spend: 0.2495  w_freq: 0.733  w_spend: 0.754
Epoch 115/300 — train_loss: -0.4027  val_loss: -0.1142  freq: 0.1106  spend: 0.2705  w_freq: 0.735  w_spend: 0.756
Epoch 116/300 — train_loss: -0.3998  val_loss: -0.0919  freq: 0.1107  spend: 0.3024  w_freq: 0.736  w_spend: 0.758
Epoch 117/300 — train_loss: -0.4053  val_loss: -0.0948  freq: 0.1111  spend: 0.3010  w_freq: 0.738  w_spend: 0.760
Early stopping triggered at epoch 117.

Checkpoint saved: /kaggle/working/results/checkpoints/transformer_joint_cdnow_v2_seed123_sample_repair.pt

Duan's smearing factor (val): 1.4254
Validation-fitted softmax temperature: 1.0314
Validation aggregate calibration: freq_factor=0.9370, spend_factor=0.9242

Running autoregressive inference on holdout period ...
  inference mode: sample  n_scenarios: 200  temperature: 1.0314

=== Prediction Diagnostics ===
  Mean predicted freq/week:    0.0143
  Mean actual freq/week:       0.0196
  Over-prediction ratio:       0.729x
  Customers predicted as zero total:  0.779
  Customers actually zero total:      0.781
  Non-zero rate (pred, avg > 0.05):  0.102
  Non-zero rate (true):               0.018

Metrics saved: /kaggle/working/results/tables/transformer_joint_cdnow_v2_seed123_sample_repair_metrics.json
Array artifacts saved: /kaggle/working/results/tables/transformer_joint_cdnow_v2_seed123_sample_repair_arrays.npz

=== Holdout Evaluation ===
  freq_rmse: 1.2306
  freq_mae: 0.4934
  freq_normalized_gini: 0.6704
  freq_calibration_factor: 0.9370
  freq_mape: 31.7374
  bias_pct: -31.7374
  freq_weekly_mae: 16.1604
  freq_weekly_total_true: 1196.0000
  freq_weekly_total_pred: 816.4207
  freq_weekly_mape: 31.3529
  freq_weekly_bias_pct: -25.9364
  freq_mase: 0.3733
  freq_mase_scale: 0.0834
  smearing_factor: 1.4254
  spend_calibration_factor: 0.9242
  spend_mae_raw: 18.3402
  spend_rmse_raw: 48.8846
  spend_normalized_gini: 0.6837
  spend_mae_log: 1.0440
  spend_rmse_log: 1.6616
  spend_r2_log: 0.0475
  spend_bias_pct: -26.9783
  spend_weekly_mae: 626.1887
  spend_weekly_total_true: 43103.4400
  spend_weekly_total_pred: 31474.8689
  spend_weekly_mape: 35.9974
  spend_weekly_bias_pct: -17.1523
  spend_mase: 0.6508
  spend_mase_scale: 1.7675
  clv_mae: 17.9562
  clv_rmse: 47.8861
  clv_spearman: 0.4274
  clv_decile_lift: 5.1151
  clv_normalized_gini: 0.6842
  clv_total_true: 42218.7344
  clv_total_pred: 30785.6035
  calibration_temperature_source: validation_only
  validation_temperature: 1.0314
  calibration_source: validation_only
  validation_freq_true_total: 261.0000
  validation_freq_pred_total: 298.6392
  validation_spend_true_total: 10048.2799
  validation_spend_pred_total: 11842.4233
  validation_freq_calibration_factor: 0.9370
  validation_spend_calibration_factor: 0.9242
  repair_attempted: True
  repair_strategy: amp_disabled; lr_0.0005; grad_clip_0.5
  repair_source_failure_type: FloatingPointError
  training_lr_after_repair: 0.0005
  training_max_grad_norm_after_repair: 0.5000
  training_amp_enabled_after_repair: False
  final_manifest_version: 2026-05-20-results-recovery-protocol
  final_manifest_run_name: transformer_joint_cdnow_v2_seed123_sample_repair
  final_manifest_config: experiments/configs/transformer_joint_cdnow_v2.yaml
  final_manifest_config_hash: d7a22b85e39b
  final_manifest_actual_config_hash: 024e466ccee4
  final_manifest_seed: 123
  final_manifest_epochs: 300
  final_manifest_inference_mode: sample
  final_manifest_n_scenarios: 200
  run_valid: True
  run_invalid_reason: 
  run_warning: 
History saved: /kaggle/working/results/tables/transformer_joint_cdnow_v2_seed123_sample_repair_history.json
