[Kaggle] raw_dir  → /kaggle/working/input/uci-retail
[Kaggle] results  → /kaggle/working/results
Config: experiments/configs/transformer_joint_uci_v2.yaml
Run: transformer_joint_uci_v2_seed123_sample
Device: cuda
Loading dataset: uci ...
[pipeline] freq_cap=4 (auto q=0.99) → freq_bins=[0, 1, 2, 3]... (n_classes=5)
  Train customers: 4437, Val: 493, Inference: 4930
[uci] Customers with 0 calibration transactions: 0 / 4930
  top-bin decode: class_values[-1] = 5.515 (max_trans = 4)
Model: transformer — 102,086 parameters

Training for up to 300 epochs ...
/kaggle/working/thesis-code/src/training/trainer.py:96: FutureWarning: `torch.cuda.amp.GradScaler(args...)` is deprecated. Please use `torch.amp.GradScaler('cuda', args...)` instead.
  self.scaler = torch.cuda.amp.GradScaler(enabled=self.amp_enabled)
[Kendall] log_vars frozen for 5 warm-up epochs.

Training failed with a repairable error: FloatingPointError: Non-finite gradients in freq_head.weight, spend_head.weight
Metrics saved: /kaggle/working/results/tables/transformer_joint_uci_v2_seed123_sample_metrics.json
Retrying once as robustness repair (amp_disabled; lr_0.0005; grad_clip_0.5) ...
Config: experiments/configs/transformer_joint_uci_v2.yaml
Run: transformer_joint_uci_v2_seed123_sample_repair
Device: cuda
Loading dataset: uci ...
[pipeline] freq_cap=4 (auto q=0.99) → freq_bins=[0, 1, 2, 3]... (n_classes=5)
  Train customers: 4437, Val: 493, Inference: 4930
[uci] Customers with 0 calibration transactions: 0 / 4930
  top-bin decode: class_values[-1] = 5.515 (max_trans = 4)
Model: transformer — 102,086 parameters

Training for up to 300 epochs ...
/kaggle/working/thesis-code/src/training/trainer.py:96: FutureWarning: `torch.cuda.amp.GradScaler(args...)` is deprecated. Please use `torch.amp.GradScaler('cuda', args...)` instead.
  self.scaler = torch.cuda.amp.GradScaler(enabled=self.amp_enabled)
[Kendall] log_vars frozen for 5 warm-up epochs.
Epoch   1/300 — train_loss: 1.5160  val_loss: 1.0754  freq: 1.5974  spend: 0.5534  w_freq: 0.500  w_spend: 0.500
Epoch   2/300 — train_loss: 1.1988  val_loss: 0.7230  freq: 0.9526  spend: 0.4934  w_freq: 0.500  w_spend: 0.500
Epoch   3/300 — train_loss: 0.8223  val_loss: 0.5267  freq: 0.6031  spend: 0.4503  w_freq: 0.500  w_spend: 0.500
Epoch   4/300 — train_loss: 0.5863  val_loss: 0.4333  freq: 0.4732  spend: 0.3935  w_freq: 0.500  w_spend: 0.500
Epoch   5/300 — train_loss: 0.4775  val_loss: 0.3776  freq: 0.3826  spend: 0.3725  w_freq: 0.500  w_spend: 0.500
[Kendall] log_vars unfrozen at epoch 6.
Epoch   6/300 — train_loss: 0.4327  val_loss: 0.3553  freq: 0.3366  spend: 0.3781  w_freq: 0.501  w_spend: 0.501
Epoch   7/300 — train_loss: 0.4079  val_loss: 0.3371  freq: 0.3276  spend: 0.3557  w_freq: 0.502  w_spend: 0.502
Epoch   8/300 — train_loss: 0.3853  val_loss: 0.3299  freq: 0.3141  spend: 0.3606  w_freq: 0.505  w_spend: 0.504
Epoch   9/300 — train_loss: 0.3788  val_loss: 0.3119  freq: 0.3021  spend: 0.3433  w_freq: 0.507  w_spend: 0.507
Epoch  10/300 — train_loss: 0.3618  val_loss: 0.3011  freq: 0.2905  spend: 0.3411  w_freq: 0.510  w_spend: 0.509
Epoch  11/300 — train_loss: 0.3390  val_loss: 0.2855  freq: 0.2847  spend: 0.3236  w_freq: 0.513  w_spend: 0.512
Epoch  12/300 — train_loss: 0.3229  val_loss: 0.2632  freq: 0.2782  spend: 0.2961  w_freq: 0.516  w_spend: 0.515
Epoch  13/300 — train_loss: 0.2861  val_loss: 0.2299  freq: 0.2738  spend: 0.2474  w_freq: 0.520  w_spend: 0.519
Epoch  14/300 — train_loss: 0.2527  val_loss: 0.1944  freq: 0.2712  spend: 0.1914  w_freq: 0.523  w_spend: 0.522
Epoch  15/300 — train_loss: 0.2207  val_loss: 0.1744  freq: 0.2674  spend: 0.1697  w_freq: 0.527  w_spend: 0.526
Epoch  16/300 — train_loss: 0.1986  val_loss: 0.1562  freq: 0.2667  spend: 0.1506  w_freq: 0.532  w_spend: 0.532
Epoch  17/300 — train_loss: 0.1860  val_loss: 0.1473  freq: 0.2637  spend: 0.1489  w_freq: 0.537  w_spend: 0.537
Epoch  18/300 — train_loss: 0.1737  val_loss: 0.1432  freq: 0.2618  spend: 0.1553  w_freq: 0.541  w_spend: 0.541
Epoch  19/300 — train_loss: 0.1683  val_loss: 0.1278  freq: 0.2613  spend: 0.1377  w_freq: 0.545  w_spend: 0.546
Epoch  20/300 — train_loss: 0.1503  val_loss: 0.1218  freq: 0.2598  spend: 0.1415  w_freq: 0.549  w_spend: 0.550
Epoch  21/300 — train_loss: 0.1355  val_loss: 0.1061  freq: 0.2574  spend: 0.1276  w_freq: 0.554  w_spend: 0.556
Epoch  22/300 — train_loss: 0.1246  val_loss: 0.1025  freq: 0.2566  spend: 0.1356  w_freq: 0.558  w_spend: 0.561
Epoch  23/300 — train_loss: 0.1133  val_loss: 0.0940  freq: 0.2551  spend: 0.1338  w_freq: 0.563  w_spend: 0.567
Epoch  24/300 — train_loss: 0.1025  val_loss: 0.0875  freq: 0.2543  spend: 0.1348  w_freq: 0.568  w_spend: 0.572
Epoch  25/300 — train_loss: 0.0973  val_loss: 0.0729  freq: 0.2532  spend: 0.1219  w_freq: 0.572  w_spend: 0.577
Epoch  26/300 — train_loss: 0.0824  val_loss: 0.0658  freq: 0.2526  spend: 0.1218  w_freq: 0.577  w_spend: 0.582
Epoch  27/300 — train_loss: 0.0721  val_loss: 0.0634  freq: 0.2550  spend: 0.1262  w_freq: 0.581  w_spend: 0.587
Epoch  28/300 — train_loss: 0.0647  val_loss: 0.0537  freq: 0.2535  spend: 0.1219  w_freq: 0.586  w_spend: 0.592
Epoch  29/300 — train_loss: 0.0484  val_loss: 0.0465  freq: 0.2505  spend: 0.1218  w_freq: 0.590  w_spend: 0.597
Epoch  30/300 — train_loss: 0.0431  val_loss: 0.0364  freq: 0.2518  spend: 0.1147  w_freq: 0.594  w_spend: 0.601
Epoch  31/300 — train_loss: 0.0446  val_loss: 0.0283  freq: 0.2506  spend: 0.1127  w_freq: 0.599  w_spend: 0.607
Epoch  32/300 — train_loss: 0.0284  val_loss: 0.0451  freq: 0.2497  spend: 0.1495  w_freq: 0.603  w_spend: 0.611
Epoch  33/300 — train_loss: 0.0209  val_loss: 0.0230  freq: 0.2497  spend: 0.1214  w_freq: 0.607  w_spend: 0.615
Epoch  34/300 — train_loss: 0.0174  val_loss: 0.0176  freq: 0.2503  spend: 0.1208  w_freq: 0.611  w_spend: 0.620
Epoch  35/300 — train_loss: 0.0127  val_loss: 0.0090  freq: 0.2499  spend: 0.1159  w_freq: 0.615  w_spend: 0.624
Epoch  36/300 — train_loss: -0.0017  val_loss: 0.0045  freq: 0.2493  spend: 0.1196  w_freq: 0.619  w_spend: 0.629
Epoch  37/300 — train_loss: -0.0058  val_loss: 0.0008  freq: 0.2487  spend: 0.1225  w_freq: 0.624  w_spend: 0.634
Epoch  38/300 — train_loss: -0.0165  val_loss: -0.0065  freq: 0.2496  spend: 0.1184  w_freq: 0.627  w_spend: 0.638
Epoch  39/300 — train_loss: -0.0334  val_loss: -0.0114  freq: 0.2486  spend: 0.1220  w_freq: 0.632  w_spend: 0.644
Epoch  40/300 — train_loss: -0.0366  val_loss: -0.0133  freq: 0.2497  spend: 0.1271  w_freq: 0.637  w_spend: 0.650
Epoch  41/300 — train_loss: -0.0381  val_loss: -0.0200  freq: 0.2489  spend: 0.1268  w_freq: 0.642  w_spend: 0.655
Epoch  42/300 — train_loss: -0.0442  val_loss: -0.0182  freq: 0.2496  spend: 0.1355  w_freq: 0.646  w_spend: 0.660
Epoch  43/300 — train_loss: -0.0553  val_loss: -0.0332  freq: 0.2479  spend: 0.1218  w_freq: 0.649  w_spend: 0.664
Epoch  44/300 — train_loss: -0.0614  val_loss: -0.0224  freq: 0.2479  spend: 0.1458  w_freq: 0.654  w_spend: 0.669
Epoch  45/300 — train_loss: -0.0718  val_loss: -0.0382  freq: 0.2479  spend: 0.1293  w_freq: 0.658  w_spend: 0.673
Epoch  46/300 — train_loss: -0.0705  val_loss: -0.0448  freq: 0.2476  spend: 0.1279  w_freq: 0.662  w_spend: 0.678
Epoch  47/300 — train_loss: -0.0842  val_loss: -0.0497  freq: 0.2481  spend: 0.1287  w_freq: 0.666  w_spend: 0.683
Epoch  48/300 — train_loss: -0.0930  val_loss: -0.0636  freq: 0.2478  spend: 0.1185  w_freq: 0.672  w_spend: 0.690
Epoch  49/300 — train_loss: -0.0944  val_loss: -0.0657  freq: 0.2479  spend: 0.1243  w_freq: 0.677  w_spend: 0.696
Epoch  50/300 — train_loss: -0.1017  val_loss: -0.0612  freq: 0.2472  spend: 0.1390  w_freq: 0.682  w_spend: 0.702
Epoch  51/300 — train_loss: -0.0999  val_loss: -0.0764  freq: 0.2468  spend: 0.1234  w_freq: 0.686  w_spend: 0.706
Epoch  52/300 — train_loss: -0.1117  val_loss: -0.0781  freq: 0.2472  spend: 0.1273  w_freq: 0.689  w_spend: 0.711
Epoch  53/300 — train_loss: -0.1173  val_loss: -0.0692  freq: 0.2474  spend: 0.1465  w_freq: 0.694  w_spend: 0.716
Epoch  54/300 — train_loss: -0.1230  val_loss: -0.0709  freq: 0.2467  spend: 0.1514  w_freq: 0.698  w_spend: 0.721
Epoch  55/300 — train_loss: -0.1414  val_loss: -0.0910  freq: 0.2465  spend: 0.1305  w_freq: 0.702  w_spend: 0.726
Epoch  56/300 — train_loss: -0.1492  val_loss: -0.0961  freq: 0.2471  spend: 0.1294  w_freq: 0.707  w_spend: 0.731
Epoch  57/300 — train_loss: -0.1523  val_loss: -0.0996  freq: 0.2466  spend: 0.1332  w_freq: 0.711  w_spend: 0.736
Epoch  58/300 — train_loss: -0.1665  val_loss: -0.1097  freq: 0.2461  spend: 0.1277  w_freq: 0.717  w_spend: 0.743
Epoch  59/300 — train_loss: -0.1735  val_loss: -0.1027  freq: 0.2475  spend: 0.1429  w_freq: 0.722  w_spend: 0.749
Epoch  60/300 — train_loss: -0.1812  val_loss: -0.1054  freq: 0.2466  spend: 0.1476  w_freq: 0.727  w_spend: 0.755
Epoch  61/300 — train_loss: -0.1871  val_loss: -0.1223  freq: 0.2462  spend: 0.1323  w_freq: 0.732  w_spend: 0.761
Epoch  62/300 — train_loss: -0.1946  val_loss: -0.1160  freq: 0.2460  spend: 0.1468  w_freq: 0.736  w_spend: 0.767
Epoch  63/300 — train_loss: -0.1958  val_loss: -0.0900  freq: 0.2477  spend: 0.1843  w_freq: 0.741  w_spend: 0.772
Epoch  64/300 — train_loss: -0.1943  val_loss: -0.1145  freq: 0.2464  spend: 0.1584  w_freq: 0.745  w_spend: 0.777
Epoch  65/300 — train_loss: -0.2101  val_loss: -0.1331  freq: 0.2462  spend: 0.1398  w_freq: 0.748  w_spend: 0.781
Epoch  66/300 — train_loss: -0.2112  val_loss: -0.1343  freq: 0.2466  spend: 0.1441  w_freq: 0.752  w_spend: 0.786
Epoch  67/300 — train_loss: -0.2178  val_loss: -0.1458  freq: 0.2462  spend: 0.1358  w_freq: 0.757  w_spend: 0.792
Epoch  68/300 — train_loss: -0.2221  val_loss: -0.1629  freq: 0.2464  spend: 0.1201  w_freq: 0.762  w_spend: 0.797
Epoch  69/300 — train_loss: -0.2317  val_loss: -0.1542  freq: 0.2458  spend: 0.1375  w_freq: 0.766  w_spend: 0.803
Epoch  70/300 — train_loss: -0.2379  val_loss: -0.1517  freq: 0.2491  spend: 0.1436  w_freq: 0.771  w_spend: 0.809
Epoch  71/300 — train_loss: -0.2504  val_loss: -0.1419  freq: 0.2466  spend: 0.1641  w_freq: 0.776  w_spend: 0.815
Epoch  72/300 — train_loss: -0.2562  val_loss: -0.1547  freq: 0.2464  spend: 0.1548  w_freq: 0.782  w_spend: 0.822
Epoch  73/300 — train_loss: -0.2583  val_loss: -0.1677  freq: 0.2456  spend: 0.1454  w_freq: 0.787  w_spend: 0.828
Epoch  74/300 — train_loss: -0.2627  val_loss: -0.1805  freq: 0.2466  spend: 0.1341  w_freq: 0.791  w_spend: 0.834
Epoch  75/300 — train_loss: -0.2657  val_loss: -0.1833  freq: 0.2461  spend: 0.1372  w_freq: 0.796  w_spend: 0.840
Epoch  76/300 — train_loss: -0.2776  val_loss: -0.1706  freq: 0.2457  spend: 0.1587  w_freq: 0.801  w_spend: 0.847
Epoch  77/300 — train_loss: -0.2774  val_loss: -0.1759  freq: 0.2462  spend: 0.1576  w_freq: 0.807  w_spend: 0.853
Epoch  78/300 — train_loss: -0.2846  val_loss: -0.1938  freq: 0.2460  spend: 0.1424  w_freq: 0.812  w_spend: 0.860
Epoch  79/300 — train_loss: -0.2940  val_loss: -0.1538  freq: 0.2462  spend: 0.1935  w_freq: 0.817  w_spend: 0.866
Epoch  80/300 — train_loss: -0.2991  val_loss: -0.1544  freq: 0.2457  spend: 0.1971  w_freq: 0.822  w_spend: 0.872
Epoch  81/300 — train_loss: -0.3043  val_loss: -0.1967  freq: 0.2457  spend: 0.1524  w_freq: 0.825  w_spend: 0.877
Epoch  82/300 — train_loss: -0.3190  val_loss: -0.1856  freq: 0.2456  spend: 0.1699  w_freq: 0.829  w_spend: 0.882
Epoch  83/300 — train_loss: -0.3272  val_loss: -0.2160  freq: 0.2464  spend: 0.1392  w_freq: 0.834  w_spend: 0.888
Epoch  84/300 — train_loss: -0.3293  val_loss: -0.1950  freq: 0.2450  spend: 0.1688  w_freq: 0.839  w_spend: 0.894
Epoch  85/300 — train_loss: -0.3341  val_loss: -0.2050  freq: 0.2454  spend: 0.1619  w_freq: 0.843  w_spend: 0.900
Epoch  86/300 — train_loss: -0.3345  val_loss: -0.2240  freq: 0.2449  spend: 0.1463  w_freq: 0.848  w_spend: 0.907
Epoch  87/300 — train_loss: -0.3480  val_loss: -0.2394  freq: 0.2453  spend: 0.1334  w_freq: 0.853  w_spend: 0.913
Epoch  88/300 — train_loss: -0.3540  val_loss: -0.2400  freq: 0.2451  spend: 0.1373  w_freq: 0.858  w_spend: 0.919
Epoch  89/300 — train_loss: -0.3621  val_loss: -0.2321  freq: 0.2465  spend: 0.1493  w_freq: 0.863  w_spend: 0.925
Epoch  90/300 — train_loss: -0.3553  val_loss: -0.2327  freq: 0.2452  spend: 0.1542  w_freq: 0.868  w_spend: 0.932
Epoch  91/300 — train_loss: -0.3690  val_loss: -0.2183  freq: 0.2462  spend: 0.1725  w_freq: 0.872  w_spend: 0.938
Epoch  92/300 — train_loss: -0.3729  val_loss: -0.2511  freq: 0.2454  spend: 0.1425  w_freq: 0.877  w_spend: 0.945
Epoch  93/300 — train_loss: -0.3759  val_loss: -0.2464  freq: 0.2452  spend: 0.1517  w_freq: 0.882  w_spend: 0.951
Epoch  94/300 — train_loss: -0.3859  val_loss: -0.2444  freq: 0.2452  spend: 0.1567  w_freq: 0.886  w_spend: 0.956
Epoch  95/300 — train_loss: -0.3922  val_loss: -0.2235  freq: 0.2464  spend: 0.1811  w_freq: 0.889  w_spend: 0.961
Epoch  96/300 — train_loss: -0.3935  val_loss: -0.2603  freq: 0.2455  spend: 0.1470  w_freq: 0.894  w_spend: 0.967
Epoch  97/300 — train_loss: -0.4140  val_loss: -0.2582  freq: 0.2458  spend: 0.1521  w_freq: 0.898  w_spend: 0.972
Epoch  98/300 — train_loss: -0.4054  val_loss: -0.2278  freq: 0.2459  spend: 0.1862  w_freq: 0.902  w_spend: 0.977
Epoch  99/300 — train_loss: -0.4130  val_loss: -0.2723  freq: 0.2455  spend: 0.1449  w_freq: 0.906  w_spend: 0.983
Epoch 100/300 — train_loss: -0.4099  val_loss: -0.2441  freq: 0.2457  spend: 0.1766  w_freq: 0.910  w_spend: 0.989
Epoch 101/300 — train_loss: -0.4329  val_loss: -0.2532  freq: 0.2461  spend: 0.1700  w_freq: 0.914  w_spend: 0.995
Epoch 102/300 — train_loss: -0.4310  val_loss: -0.2585  freq: 0.2453  spend: 0.1690  w_freq: 0.919  w_spend: 1.001
Epoch 103/300 — train_loss: -0.4352  val_loss: -0.2924  freq: 0.2456  spend: 0.1389  w_freq: 0.923  w_spend: 1.008
Epoch 104/300 — train_loss: -0.4335  val_loss: -0.2704  freq: 0.2454  spend: 0.1642  w_freq: 0.928  w_spend: 1.014
Epoch 105/300 — train_loss: -0.4464  val_loss: -0.2597  freq: 0.2461  spend: 0.1771  w_freq: 0.933  w_spend: 1.020
Epoch 106/300 — train_loss: -0.4481  val_loss: -0.2481  freq: 0.2460  spend: 0.1916  w_freq: 0.937  w_spend: 1.027
Epoch 107/300 — train_loss: -0.4555  val_loss: -0.2750  freq: 0.2458  spend: 0.1687  w_freq: 0.941  w_spend: 1.032
Epoch 108/300 — train_loss: -0.4603  val_loss: -0.2805  freq: 0.2451  spend: 0.1669  w_freq: 0.946  w_spend: 1.038
Epoch 109/300 — train_loss: -0.4715  val_loss: -0.2997  freq: 0.2453  spend: 0.1514  w_freq: 0.950  w_spend: 1.044
Epoch 110/300 — train_loss: -0.4715  val_loss: -0.3072  freq: 0.2454  spend: 0.1469  w_freq: 0.954  w_spend: 1.050
Epoch 111/300 — train_loss: -0.4756  val_loss: -0.2878  freq: 0.2456  spend: 0.1681  w_freq: 0.958  w_spend: 1.056
Epoch 112/300 — train_loss: -0.4712  val_loss: -0.3057  freq: 0.2452  spend: 0.1537  w_freq: 0.962  w_spend: 1.061
Epoch 113/300 — train_loss: -0.4894  val_loss: -0.2942  freq: 0.2452  spend: 0.1670  w_freq: 0.965  w_spend: 1.066
Epoch 114/300 — train_loss: -0.5030  val_loss: -0.2936  freq: 0.2453  spend: 0.1703  w_freq: 0.969  w_spend: 1.072
Epoch 115/300 — train_loss: -0.4918  val_loss: -0.3117  freq: 0.2449  spend: 0.1564  w_freq: 0.973  w_spend: 1.078
Epoch 116/300 — train_loss: -0.4950  val_loss: -0.3152  freq: 0.2453  spend: 0.1555  w_freq: 0.977  w_spend: 1.084
Epoch 117/300 — train_loss: -0.5021  val_loss: -0.3252  freq: 0.2461  spend: 0.1487  w_freq: 0.982  w_spend: 1.090
Epoch 118/300 — train_loss: -0.5069  val_loss: -0.3202  freq: 0.2452  spend: 0.1571  w_freq: 0.987  w_spend: 1.097
Epoch 119/300 — train_loss: -0.5174  val_loss: -0.3183  freq: 0.2457  spend: 0.1611  w_freq: 0.991  w_spend: 1.104
Epoch 120/300 — train_loss: -0.5292  val_loss: -0.3272  freq: 0.2459  spend: 0.1553  w_freq: 0.995  w_spend: 1.110
Epoch 121/300 — train_loss: -0.5365  val_loss: -0.3286  freq: 0.2452  spend: 0.1576  w_freq: 0.999  w_spend: 1.116
Epoch 122/300 — train_loss: -0.5373  val_loss: -0.3400  freq: 0.2451  spend: 0.1503  w_freq: 1.004  w_spend: 1.123
Epoch 123/300 — train_loss: -0.5260  val_loss: -0.3268  freq: 0.2453  spend: 0.1641  w_freq: 1.009  w_spend: 1.130
Epoch 124/300 — train_loss: -0.5492  val_loss: -0.3285  freq: 0.2457  spend: 0.1643  w_freq: 1.012  w_spend: 1.135
Epoch 125/300 — train_loss: -0.5580  val_loss: -0.3459  freq: 0.2454  spend: 0.1519  w_freq: 1.016  w_spend: 1.141
Epoch 126/300 — train_loss: -0.5589  val_loss: -0.3363  freq: 0.2457  spend: 0.1624  w_freq: 1.020  w_spend: 1.147
Epoch 127/300 — train_loss: -0.5576  val_loss: -0.3376  freq: 0.2452  spend: 0.1641  w_freq: 1.025  w_spend: 1.153
Epoch 128/300 — train_loss: -0.5478  val_loss: -0.3410  freq: 0.2450  spend: 0.1633  w_freq: 1.029  w_spend: 1.159
Epoch 129/300 — train_loss: -0.5606  val_loss: -0.3505  freq: 0.2452  spend: 0.1569  w_freq: 1.032  w_spend: 1.164
Epoch 130/300 — train_loss: -0.5627  val_loss: -0.3673  freq: 0.2455  spend: 0.1447  w_freq: 1.036  w_spend: 1.170
Epoch 131/300 — train_loss: -0.5644  val_loss: -0.3909  freq: 0.2451  spend: 0.1274  w_freq: 1.040  w_spend: 1.177
Epoch 132/300 — train_loss: -0.5804  val_loss: -0.3726  freq: 0.2457  spend: 0.1447  w_freq: 1.045  w_spend: 1.183
Epoch 133/300 — train_loss: -0.5910  val_loss: -0.3810  freq: 0.2451  spend: 0.1406  w_freq: 1.049  w_spend: 1.190
Epoch 134/300 — train_loss: -0.5933  val_loss: -0.3667  freq: 0.2456  spend: 0.1545  w_freq: 1.053  w_spend: 1.197
Epoch 135/300 — train_loss: -0.5971  val_loss: -0.3630  freq: 0.2456  spend: 0.1597  w_freq: 1.057  w_spend: 1.203
Epoch 136/300 — train_loss: -0.6050  val_loss: -0.3747  freq: 0.2452  spend: 0.1524  w_freq: 1.061  w_spend: 1.209
Epoch 137/300 — train_loss: -0.6081  val_loss: -0.3745  freq: 0.2454  spend: 0.1544  w_freq: 1.065  w_spend: 1.216
Epoch 138/300 — train_loss: -0.6029  val_loss: -0.3501  freq: 0.2454  spend: 0.1765  w_freq: 1.069  w_spend: 1.222
Epoch 139/300 — train_loss: -0.6065  val_loss: -0.3497  freq: 0.2457  spend: 0.1779  w_freq: 1.073  w_spend: 1.227
Epoch 140/300 — train_loss: -0.6204  val_loss: -0.3291  freq: 0.2452  spend: 0.1969  w_freq: 1.076  w_spend: 1.233
Epoch 141/300 — train_loss: -0.6236  val_loss: -0.3801  freq: 0.2451  spend: 0.1576  w_freq: 1.080  w_spend: 1.239
Epoch 142/300 — train_loss: -0.6170  val_loss: -0.3616  freq: 0.2451  spend: 0.1744  w_freq: 1.084  w_spend: 1.245
Epoch 143/300 — train_loss: -0.6279  val_loss: -0.3997  freq: 0.2460  spend: 0.1452  w_freq: 1.089  w_spend: 1.252
Epoch 144/300 — train_loss: -0.6393  val_loss: -0.3890  freq: 0.2452  spend: 0.1562  w_freq: 1.093  w_spend: 1.258
Epoch 145/300 — train_loss: -0.6320  val_loss: -0.3999  freq: 0.2453  spend: 0.1492  w_freq: 1.096  w_spend: 1.264
Epoch 146/300 — train_loss: -0.6343  val_loss: -0.4024  freq: 0.2454  spend: 0.1489  w_freq: 1.100  w_spend: 1.270
Epoch 147/300 — train_loss: -0.6415  val_loss: -0.3967  freq: 0.2452  spend: 0.1555  w_freq: 1.104  w_spend: 1.276
Epoch 148/300 — train_loss: -0.6482  val_loss: -0.3946  freq: 0.2453  spend: 0.1588  w_freq: 1.108  w_spend: 1.282
Epoch 149/300 — train_loss: -0.6621  val_loss: -0.3760  freq: 0.2470  spend: 0.1732  w_freq: 1.112  w_spend: 1.288
Epoch 150/300 — train_loss: -0.6573  val_loss: -0.4059  freq: 0.2461  spend: 0.1524  w_freq: 1.115  w_spend: 1.294
Epoch 151/300 — train_loss: -0.6605  val_loss: -0.4045  freq: 0.2453  spend: 0.1555  w_freq: 1.118  w_spend: 1.299
Epoch 152/300 — train_loss: -0.6682  val_loss: -0.4062  freq: 0.2452  spend: 0.1558  w_freq: 1.122  w_spend: 1.304
Epoch 153/300 — train_loss: -0.6911  val_loss: -0.3776  freq: 0.2453  spend: 0.1790  w_freq: 1.125  w_spend: 1.310
Epoch 154/300 — train_loss: -0.6791  val_loss: -0.3950  freq: 0.2455  spend: 0.1670  w_freq: 1.128  w_spend: 1.316
Epoch 155/300 — train_loss: -0.6737  val_loss: -0.4033  freq: 0.2453  spend: 0.1622  w_freq: 1.132  w_spend: 1.321
Epoch 156/300 — train_loss: -0.6850  val_loss: -0.3908  freq: 0.2454  spend: 0.1729  w_freq: 1.135  w_spend: 1.327
Epoch 157/300 — train_loss: -0.6947  val_loss: -0.4143  freq: 0.2454  spend: 0.1569  w_freq: 1.139  w_spend: 1.333
Epoch 158/300 — train_loss: -0.6969  val_loss: -0.4194  freq: 0.2450  spend: 0.1549  w_freq: 1.143  w_spend: 1.339
Epoch 159/300 — train_loss: -0.7075  val_loss: -0.4214  freq: 0.2454  spend: 0.1544  w_freq: 1.146  w_spend: 1.345
Epoch 160/300 — train_loss: -0.6985  val_loss: -0.3982  freq: 0.2455  spend: 0.1729  w_freq: 1.149  w_spend: 1.350
Epoch 161/300 — train_loss: -0.7073  val_loss: -0.4414  freq: 0.2460  spend: 0.1421  w_freq: 1.153  w_spend: 1.356
Epoch 162/300 — train_loss: -0.7113  val_loss: -0.4468  freq: 0.2451  spend: 0.1404  w_freq: 1.157  w_spend: 1.362
Epoch 163/300 — train_loss: -0.7235  val_loss: -0.4068  freq: 0.2452  spend: 0.1709  w_freq: 1.160  w_spend: 1.368
Epoch 164/300 — train_loss: -0.7155  val_loss: -0.4362  freq: 0.2448  spend: 0.1510  w_freq: 1.164  w_spend: 1.373
Epoch 165/300 — train_loss: -0.7224  val_loss: -0.4458  freq: 0.2448  spend: 0.1453  w_freq: 1.167  w_spend: 1.379
Epoch 166/300 — train_loss: -0.7186  val_loss: -0.4681  freq: 0.2448  spend: 0.1305  w_freq: 1.170  w_spend: 1.384
Epoch 167/300 — train_loss: -0.7401  val_loss: -0.4439  freq: 0.2449  spend: 0.1492  w_freq: 1.174  w_spend: 1.390
Epoch 168/300 — train_loss: -0.7469  val_loss: -0.4456  freq: 0.2448  spend: 0.1493  w_freq: 1.177  w_spend: 1.395
Epoch 169/300 — train_loss: -0.7346  val_loss: -0.4336  freq: 0.2455  spend: 0.1584  w_freq: 1.180  w_spend: 1.400
Epoch 170/300 — train_loss: -0.7505  val_loss: -0.4363  freq: 0.2448  spend: 0.1582  w_freq: 1.183  w_spend: 1.406
Epoch 171/300 — train_loss: -0.7471  val_loss: -0.4056  freq: 0.2449  spend: 0.1809  w_freq: 1.186  w_spend: 1.411
Epoch 172/300 — train_loss: -0.7504  val_loss: -0.4338  freq: 0.2449  spend: 0.1620  w_freq: 1.189  w_spend: 1.416
Epoch 173/300 — train_loss: -0.7512  val_loss: -0.4499  freq: 0.2452  spend: 0.1514  w_freq: 1.192  w_spend: 1.421
Epoch 174/300 — train_loss: -0.7568  val_loss: -0.4088  freq: 0.2458  spend: 0.1808  w_freq: 1.195  w_spend: 1.425
Epoch 175/300 — train_loss: -0.7512  val_loss: -0.4315  freq: 0.2455  spend: 0.1662  w_freq: 1.198  w_spend: 1.431
Epoch 176/300 — train_loss: -0.7655  val_loss: -0.4452  freq: 0.2452  spend: 0.1579  w_freq: 1.201  w_spend: 1.436
Epoch 177/300 — train_loss: -0.7503  val_loss: -0.4445  freq: 0.2452  spend: 0.1593  w_freq: 1.204  w_spend: 1.441
Epoch 178/300 — train_loss: -0.7596  val_loss: -0.4345  freq: 0.2459  spend: 0.1664  w_freq: 1.206  w_spend: 1.445
Epoch 179/300 — train_loss: -0.7638  val_loss: -0.4575  freq: 0.2454  spend: 0.1519  w_freq: 1.209  w_spend: 1.449
Epoch 180/300 — train_loss: -0.7824  val_loss: -0.4093  freq: 0.2461  spend: 0.1854  w_freq: 1.212  w_spend: 1.454
Epoch 181/300 — train_loss: -0.7785  val_loss: -0.4117  freq: 0.2455  spend: 0.1850  w_freq: 1.214  w_spend: 1.458
Epoch 182/300 — train_loss: -0.7672  val_loss: -0.4315  freq: 0.2450  spend: 0.1727  w_freq: 1.217  w_spend: 1.463
Epoch 183/300 — train_loss: -0.7826  val_loss: -0.4448  freq: 0.2452  spend: 0.1644  w_freq: 1.220  w_spend: 1.468
Epoch 184/300 — train_loss: -0.8012  val_loss: -0.4302  freq: 0.2450  spend: 0.1753  w_freq: 1.223  w_spend: 1.473
Epoch 185/300 — train_loss: -0.7899  val_loss: -0.4366  freq: 0.2451  spend: 0.1717  w_freq: 1.225  w_spend: 1.477
Epoch 186/300 — train_loss: -0.7978  val_loss: -0.4383  freq: 0.2448  spend: 0.1716  w_freq: 1.228  w_spend: 1.482
Early stopping triggered at epoch 186.

Checkpoint saved: /kaggle/working/results/checkpoints/transformer_joint_uci_v2_seed123_sample_repair.pt

Duan's smearing factor (val): 1.2581
Validation-fitted softmax temperature: 0.9975
Validation aggregate calibration: freq_factor=0.9789, spend_factor=0.9544

Running autoregressive inference on holdout period ...
  inference mode: sample  n_scenarios: 200  temperature: 0.9975

=== Prediction Diagnostics ===
  Mean predicted freq/week:    0.0693
  Mean actual freq/week:       0.0656
  Over-prediction ratio:       1.056x
  Customers predicted as zero total:  0.353
  Customers actually zero total:      0.484
  Non-zero rate (pred, avg > 0.05):  0.361
  Non-zero rate (true):               0.055

Metrics saved: /kaggle/working/results/tables/transformer_joint_uci_v2_seed123_sample_repair_metrics.json
Array artifacts saved: /kaggle/working/results/tables/transformer_joint_uci_v2_seed123_sample_repair_arrays.npz

=== Holdout Evaluation ===
  freq_rmse: 2.3621
  freq_mae: 1.1965
  freq_normalized_gini: 0.7689
  freq_calibration_factor: 0.9789
  freq_mape: 3.4047
  bias_pct: 3.4047
  freq_weekly_mae: 49.2330
  freq_weekly_total_true: 8413.0000
  freq_weekly_total_pred: 8699.4403
  freq_weekly_mape: 16.1504
  freq_weekly_bias_pct: 5.7504
  freq_mase: 0.9566
  freq_mase_scale: 0.1146
  smearing_factor: 1.2581
  spend_calibration_factor: 0.9544
  spend_mae_raw: 609.4856
  spend_rmse_raw: 3521.8352
  spend_normalized_gini: 0.8583
  spend_mae_log: 2.7347
  spend_rmse_log: 3.5249
  spend_r2_log: -0.1011
  spend_bias_pct: -13.0188
  spend_weekly_mae: 36632.5192
  spend_weekly_total_true: 4266929.6797
  spend_weekly_total_pred: 3711428.6524
  spend_weekly_mape: 22.2037
  spend_weekly_bias_pct: -8.8706
  spend_mase: 1.3910
  spend_mase_scale: 36.7368
  clv_mae: 594.3553
  clv_rmse: 3436.5063
  clv_spearman: 0.6163
  clv_decile_lift: 6.3100
  clv_normalized_gini: 0.8586
  clv_total_true: 4160751.5000
  clv_total_pred: 3622239.5000
  calibration_temperature_source: validation_only
  validation_temperature: 0.9975
  calibration_source: validation_only
  validation_freq_true_total: 1984.0000
  validation_freq_pred_total: 2071.3029
  validation_spend_true_total: 900285.6952
  validation_spend_pred_total: 990730.6690
  validation_freq_calibration_factor: 0.9789
  validation_spend_calibration_factor: 0.9544
  repair_attempted: True
  repair_strategy: amp_disabled; lr_0.0005; grad_clip_0.5
  repair_source_failure_type: FloatingPointError
  training_lr_after_repair: 0.0005
  training_max_grad_norm_after_repair: 0.5000
  training_amp_enabled_after_repair: False
  final_manifest_version: 2026-05-20-results-recovery-protocol
  final_manifest_run_name: transformer_joint_uci_v2_seed123_sample_repair
  final_manifest_config: experiments/configs/transformer_joint_uci_v2.yaml
  final_manifest_config_hash: f38bd889bbf7
  final_manifest_actual_config_hash: 581a5021636a
  final_manifest_seed: 123
  final_manifest_epochs: 300
  final_manifest_inference_mode: sample
  final_manifest_n_scenarios: 200
  run_valid: True
  run_invalid_reason: 
  run_warning: 
History saved: /kaggle/working/results/tables/transformer_joint_uci_v2_seed123_sample_repair_history.json
