[Kaggle] raw_dir  → /kaggle/working/input/dunnhumby
[Kaggle] results  → /kaggle/working/results
Config: experiments/configs/extension3_lstm_static_dunnhumby_v8.yaml
Run: extension3_lstm_static_dunnhumby_v8_seed42_sample
Device: cuda
Loading dataset: dunnhumby ...
[pipeline] freq_cap=10 (auto q=0.99) → freq_bins=[0, 1, 2, 3]... (n_classes=11)
  Train customers: 2249, Val: 249, Inference: 2498
[dunnhumby] Customers with 0 calibration transactions: 0 / 2498
  top-bin decode: class_values[-1] = 13.099 (max_trans = 10)
Model: lstm — 103,697 parameters

Training for up to 120 epochs ...
/kaggle/working/thesis-code/src/training/trainer.py:135: FutureWarning: `torch.cuda.amp.GradScaler(args...)` is deprecated. Please use `torch.amp.GradScaler('cuda', args...)` instead.
  self.scaler = torch.cuda.amp.GradScaler(enabled=self.amp_enabled)
[Kendall] log_vars frozen for 5 warm-up epochs.
Epoch   1/120 — train_loss: 3.7613  val_loss: 3.8026  freq: 3.1564  spend: 0.0253  w_freq: 1.359  w_spend: 0.500
Epoch   2/120 — train_loss: 3.7008  val_loss: 3.6979  freq: 3.0794  spend: 0.0250  w_freq: 1.359  w_spend: 0.500
Epoch   3/120 — train_loss: 3.5574  val_loss: 3.4656  freq: 2.9088  spend: 0.0244  w_freq: 1.359  w_spend: 0.500
Epoch   4/120 — train_loss: 3.1871  val_loss: 2.7959  freq: 2.4168  spend: 0.0222  w_freq: 1.359  w_spend: 0.500
Epoch   5/120 — train_loss: 2.2367  val_loss: 1.6894  freq: 1.6049  spend: 0.0163  w_freq: 1.359  w_spend: 0.500
[Kendall] log_vars unfrozen at epoch 6.
[spend-norm] frozen at 0.2379 (absolute val-loss magnitude shifts accordingly; early stopping is relative so this is safe)
Epoch   6/120 — train_loss: 1.8272  val_loss: 1.5665  freq: 1.4975  spend: 0.0664  w_freq: 1.359  w_spend: 0.501
Epoch   7/120 — train_loss: 1.6649  val_loss: 1.5660  freq: 1.5007  spend: 0.0609  w_freq: 1.359  w_spend: 0.503
Epoch   8/120 — train_loss: 1.5833  val_loss: 1.4316  freq: 1.4035  spend: 0.0608  w_freq: 1.359  w_spend: 0.505
Epoch   9/120 — train_loss: 1.4869  val_loss: 1.3418  freq: 1.3437  spend: 0.0490  w_freq: 1.359  w_spend: 0.508
Epoch  10/120 — train_loss: 1.3972  val_loss: 1.2808  freq: 1.3036  spend: 0.0411  w_freq: 1.359  w_spend: 0.511
Epoch  11/120 — train_loss: 1.3516  val_loss: 1.2460  freq: 1.2829  spend: 0.0337  w_freq: 1.359  w_spend: 0.514
Epoch  12/120 — train_loss: 1.3242  val_loss: 1.2205  freq: 1.2674  spend: 0.0300  w_freq: 1.359  w_spend: 0.516
Epoch  13/120 — train_loss: 1.2996  val_loss: 1.2044  freq: 1.2576  spend: 0.0298  w_freq: 1.359  w_spend: 0.519
Epoch  14/120 — train_loss: 1.2883  val_loss: 1.1958  freq: 1.2534  spend: 0.0293  w_freq: 1.359  w_spend: 0.522
Epoch  15/120 — train_loss: 1.2760  val_loss: 1.1833  freq: 1.2462  spend: 0.0288  w_freq: 1.359  w_spend: 0.525
Epoch  16/120 — train_loss: 1.2646  val_loss: 1.1775  freq: 1.2435  spend: 0.0295  w_freq: 1.359  w_spend: 0.527
Epoch  17/120 — train_loss: 1.2599  val_loss: 1.1637  freq: 1.2368  spend: 0.0255  w_freq: 1.359  w_spend: 0.530
Epoch  18/120 — train_loss: 1.2491  val_loss: 1.1559  freq: 1.2335  spend: 0.0240  w_freq: 1.359  w_spend: 0.533
Epoch  19/120 — train_loss: 1.2402  val_loss: 1.1468  freq: 1.2304  spend: 0.0193  w_freq: 1.359  w_spend: 0.536
Epoch  20/120 — train_loss: 1.2338  val_loss: 1.1498  freq: 1.2354  spend: 0.0161  w_freq: 1.359  w_spend: 0.538
Epoch  21/120 — train_loss: 1.2315  val_loss: 1.1446  freq: 1.2350  spend: 0.0105  w_freq: 1.359  w_spend: 0.540
Epoch  22/120 — train_loss: 1.2237  val_loss: 1.1285  freq: 1.2266  spend: 0.0049  w_freq: 1.359  w_spend: 0.542
Epoch  23/120 — train_loss: 1.2143  val_loss: 1.1197  freq: 1.2236  spend: -0.0007  w_freq: 1.359  w_spend: 0.544
Epoch  24/120 — train_loss: 1.2036  val_loss: 1.1160  freq: 1.2228  spend: -0.0023  w_freq: 1.359  w_spend: 0.546
Epoch  25/120 — train_loss: 1.1981  val_loss: 1.1081  freq: 1.2211  spend: -0.0089  w_freq: 1.359  w_spend: 0.548
Epoch  26/120 — train_loss: 1.1953  val_loss: 1.1023  freq: 1.2198  spend: -0.0129  w_freq: 1.359  w_spend: 0.550
Epoch  27/120 — train_loss: 1.1871  val_loss: 1.0974  freq: 1.2185  spend: -0.0149  w_freq: 1.359  w_spend: 0.552
Epoch  28/120 — train_loss: 1.1791  val_loss: 1.0945  freq: 1.2177  spend: -0.0141  w_freq: 1.359  w_spend: 0.554
Epoch  29/120 — train_loss: 1.1748  val_loss: 1.0859  freq: 1.2140  spend: -0.0165  w_freq: 1.359  w_spend: 0.557
Epoch  30/120 — train_loss: 1.1703  val_loss: 1.0810  freq: 1.2129  spend: -0.0187  w_freq: 1.359  w_spend: 0.559
Epoch  31/120 — train_loss: 1.1682  val_loss: 1.0764  freq: 1.2115  spend: -0.0200  w_freq: 1.359  w_spend: 0.561
Epoch  32/120 — train_loss: 1.1624  val_loss: 1.0721  freq: 1.2101  spend: -0.0205  w_freq: 1.359  w_spend: 0.564
Epoch  33/120 — train_loss: 1.1578  val_loss: 1.0683  freq: 1.2090  spend: -0.0208  w_freq: 1.359  w_spend: 0.566
Epoch  34/120 — train_loss: 1.1550  val_loss: 1.0669  freq: 1.2100  spend: -0.0215  w_freq: 1.359  w_spend: 0.568
Epoch  35/120 — train_loss: 1.1511  val_loss: 1.0608  freq: 1.2069  spend: -0.0212  w_freq: 1.359  w_spend: 0.571
Epoch  36/120 — train_loss: 1.1446  val_loss: 1.0579  freq: 1.2067  spend: -0.0226  w_freq: 1.359  w_spend: 0.573
Epoch  37/120 — train_loss: 1.1448  val_loss: 1.0569  freq: 1.2073  spend: -0.0225  w_freq: 1.359  w_spend: 0.575
Epoch  38/120 — train_loss: 1.1398  val_loss: 1.0518  freq: 1.2048  spend: -0.0222  w_freq: 1.359  w_spend: 0.577
Epoch  39/120 — train_loss: 1.1401  val_loss: 1.0488  freq: 1.2042  spend: -0.0231  w_freq: 1.359  w_spend: 0.579
Epoch  40/120 — train_loss: 1.1338  val_loss: 1.0458  freq: 1.2032  spend: -0.0225  w_freq: 1.359  w_spend: 0.581
Epoch  41/120 — train_loss: 1.1322  val_loss: 1.0429  freq: 1.2032  spend: -0.0241  w_freq: 1.359  w_spend: 0.584
Epoch  42/120 — train_loss: 1.1286  val_loss: 1.0404  freq: 1.2024  spend: -0.0237  w_freq: 1.359  w_spend: 0.586
Epoch  43/120 — train_loss: 1.1305  val_loss: 1.0378  freq: 1.2021  spend: -0.0243  w_freq: 1.359  w_spend: 0.588
Epoch  44/120 — train_loss: 1.1288  val_loss: 1.0375  freq: 1.2026  spend: -0.0231  w_freq: 1.359  w_spend: 0.590
Epoch  45/120 — train_loss: 1.1243  val_loss: 1.0330  freq: 1.2010  spend: -0.0246  w_freq: 1.359  w_spend: 0.591
Epoch  46/120 — train_loss: 1.1255  val_loss: 1.0350  freq: 1.2038  spend: -0.0250  w_freq: 1.359  w_spend: 0.593
Epoch  47/120 — train_loss: 1.1222  val_loss: 1.0296  freq: 1.2009  spend: -0.0249  w_freq: 1.359  w_spend: 0.595
Epoch  48/120 — train_loss: 1.1190  val_loss: 1.0276  freq: 1.2006  spend: -0.0247  w_freq: 1.359  w_spend: 0.597
Epoch  49/120 — train_loss: 1.1152  val_loss: 1.0240  freq: 1.1996  spend: -0.0256  w_freq: 1.359  w_spend: 0.599
Epoch  50/120 — train_loss: 1.1141  val_loss: 1.0227  freq: 1.1997  spend: -0.0254  w_freq: 1.359  w_spend: 0.601
Epoch  51/120 — train_loss: 1.1154  val_loss: 1.0212  freq: 1.1993  spend: -0.0241  w_freq: 1.359  w_spend: 0.603
Epoch  52/120 — train_loss: 1.1111  val_loss: 1.0177  freq: 1.1987  spend: -0.0261  w_freq: 1.359  w_spend: 0.605
Epoch  53/120 — train_loss: 1.1101  val_loss: 1.0163  freq: 1.1987  spend: -0.0258  w_freq: 1.359  w_spend: 0.606
Epoch  54/120 — train_loss: 1.1082  val_loss: 1.0143  freq: 1.1984  spend: -0.0259  w_freq: 1.359  w_spend: 0.608
Epoch  55/120 — train_loss: 1.1057  val_loss: 1.0127  freq: 1.1986  spend: -0.0264  w_freq: 1.359  w_spend: 0.610
Epoch  56/120 — train_loss: 1.1054  val_loss: 1.0136  freq: 1.2002  spend: -0.0265  w_freq: 1.359  w_spend: 0.612
Epoch  57/120 — train_loss: 1.1070  val_loss: 1.0096  freq: 1.1984  spend: -0.0268  w_freq: 1.359  w_spend: 0.613
Epoch  58/120 — train_loss: 1.1034  val_loss: 1.0104  freq: 1.1991  spend: -0.0250  w_freq: 1.359  w_spend: 0.615
Epoch  59/120 — train_loss: 1.1016  val_loss: 1.0061  freq: 1.1977  spend: -0.0268  w_freq: 1.359  w_spend: 0.616
Epoch  60/120 — train_loss: 1.1006  val_loss: 1.0056  freq: 1.1984  spend: -0.0271  w_freq: 1.359  w_spend: 0.618
Epoch  61/120 — train_loss: 1.0982  val_loss: 1.0036  freq: 1.1974  spend: -0.0263  w_freq: 1.359  w_spend: 0.619
Epoch  62/120 — train_loss: 1.0972  val_loss: 1.0041  freq: 1.1988  spend: -0.0265  w_freq: 1.359  w_spend: 0.621
Epoch  63/120 — train_loss: 1.0959  val_loss: 1.0003  freq: 1.1970  spend: -0.0270  w_freq: 1.359  w_spend: 0.622
Epoch  64/120 — train_loss: 1.0966  val_loss: 0.9990  freq: 1.1969  spend: -0.0269  w_freq: 1.359  w_spend: 0.623
Epoch  65/120 — train_loss: 1.0965  val_loss: 1.0017  freq: 1.1999  spend: -0.0275  w_freq: 1.359  w_spend: 0.625
Epoch  66/120 — train_loss: 1.0941  val_loss: 1.0008  freq: 1.1996  spend: -0.0267  w_freq: 1.359  w_spend: 0.626
Epoch  67/120 — train_loss: 1.0922  val_loss: 0.9955  freq: 1.1969  spend: -0.0277  w_freq: 1.359  w_spend: 0.627
Epoch  68/120 — train_loss: 1.0908  val_loss: 0.9953  freq: 1.1970  spend: -0.0263  w_freq: 1.359  w_spend: 0.629
Epoch  69/120 — train_loss: 1.0925  val_loss: 0.9940  freq: 1.1968  spend: -0.0262  w_freq: 1.359  w_spend: 0.630
Epoch  70/120 — train_loss: 1.0911  val_loss: 0.9928  freq: 1.1971  spend: -0.0274  w_freq: 1.359  w_spend: 0.631
Epoch  71/120 — train_loss: 1.0905  val_loss: 0.9916  freq: 1.1969  spend: -0.0271  w_freq: 1.359  w_spend: 0.632
Epoch  72/120 — train_loss: 1.0883  val_loss: 0.9903  freq: 1.1969  spend: -0.0276  w_freq: 1.359  w_spend: 0.634
Epoch  73/120 — train_loss: 1.0890  val_loss: 0.9896  freq: 1.1972  spend: -0.0277  w_freq: 1.359  w_spend: 0.635
Epoch  74/120 — train_loss: 1.0885  val_loss: 0.9872  freq: 1.1962  spend: -0.0278  w_freq: 1.359  w_spend: 0.636
Epoch  75/120 — train_loss: 1.0865  val_loss: 0.9864  freq: 1.1964  spend: -0.0282  w_freq: 1.359  w_spend: 0.637
Epoch  76/120 — train_loss: 1.0832  val_loss: 0.9866  freq: 1.1970  spend: -0.0278  w_freq: 1.359  w_spend: 0.638
Epoch  77/120 — train_loss: 1.0838  val_loss: 0.9846  freq: 1.1963  spend: -0.0281  w_freq: 1.359  w_spend: 0.639
Epoch  78/120 — train_loss: 1.0858  val_loss: 0.9856  freq: 1.1972  spend: -0.0272  w_freq: 1.359  w_spend: 0.640
Epoch  79/120 — train_loss: 1.0837  val_loss: 0.9838  freq: 1.1966  spend: -0.0275  w_freq: 1.359  w_spend: 0.641
Epoch  80/120 — train_loss: 1.0820  val_loss: 0.9833  freq: 1.1966  spend: -0.0273  w_freq: 1.359  w_spend: 0.642
Epoch  81/120 — train_loss: 1.0835  val_loss: 0.9818  freq: 1.1963  spend: -0.0278  w_freq: 1.359  w_spend: 0.643
Epoch  82/120 — train_loss: 1.0840  val_loss: 0.9807  freq: 1.1960  spend: -0.0278  w_freq: 1.359  w_spend: 0.644
Epoch  83/120 — train_loss: 1.0808  val_loss: 0.9810  freq: 1.1966  spend: -0.0278  w_freq: 1.359  w_spend: 0.645
Epoch  84/120 — train_loss: 1.0827  val_loss: 0.9794  freq: 1.1959  spend: -0.0278  w_freq: 1.359  w_spend: 0.646
Epoch  85/120 — train_loss: 1.0787  val_loss: 0.9783  freq: 1.1958  spend: -0.0282  w_freq: 1.359  w_spend: 0.646
Epoch  86/120 — train_loss: 1.0819  val_loss: 0.9778  freq: 1.1957  spend: -0.0281  w_freq: 1.359  w_spend: 0.647
Epoch  87/120 — train_loss: 1.0811  val_loss: 0.9778  freq: 1.1960  spend: -0.0280  w_freq: 1.359  w_spend: 0.648
Epoch  88/120 — train_loss: 1.0817  val_loss: 0.9780  freq: 1.1964  spend: -0.0278  w_freq: 1.359  w_spend: 0.648
Epoch  89/120 — train_loss: 1.0808  val_loss: 0.9768  freq: 1.1961  spend: -0.0283  w_freq: 1.359  w_spend: 0.649
Epoch  90/120 — train_loss: 1.0809  val_loss: 0.9765  freq: 1.1961  spend: -0.0280  w_freq: 1.359  w_spend: 0.649
Epoch  91/120 — train_loss: 1.0831  val_loss: 0.9765  freq: 1.1965  spend: -0.0280  w_freq: 1.359  w_spend: 0.650
Epoch  92/120 — train_loss: 1.0819  val_loss: 0.9757  freq: 1.1961  spend: -0.0279  w_freq: 1.359  w_spend: 0.651
Epoch  93/120 — train_loss: 1.0834  val_loss: 0.9757  freq: 1.1960  spend: -0.0271  w_freq: 1.359  w_spend: 0.651
Epoch  94/120 — train_loss: 1.0811  val_loss: 0.9764  freq: 1.1970  spend: -0.0276  w_freq: 1.359  w_spend: 0.651
Epoch  95/120 — train_loss: 1.0782  val_loss: 0.9752  freq: 1.1964  spend: -0.0278  w_freq: 1.359  w_spend: 0.652
Epoch  96/120 — train_loss: 1.0809  val_loss: 0.9746  freq: 1.1958  spend: -0.0271  w_freq: 1.359  w_spend: 0.652
Epoch  97/120 — train_loss: 1.0831  val_loss: 0.9743  freq: 1.1960  spend: -0.0275  w_freq: 1.359  w_spend: 0.653
Epoch  98/120 — train_loss: 1.0845  val_loss: 0.9745  freq: 1.1966  spend: -0.0279  w_freq: 1.359  w_spend: 0.653
Epoch  99/120 — train_loss: 1.0863  val_loss: 0.9740  freq: 1.1959  spend: -0.0271  w_freq: 1.359  w_spend: 0.653
Epoch 100/120 — train_loss: 1.0814  val_loss: 0.9738  freq: 1.1960  spend: -0.0272  w_freq: 1.359  w_spend: 0.653
Epoch 101/120 — train_loss: 1.0832  val_loss: 0.9739  freq: 1.1963  spend: -0.0274  w_freq: 1.359  w_spend: 0.654
Epoch 102/120 — train_loss: 1.0820  val_loss: 0.9740  freq: 1.1965  spend: -0.0275  w_freq: 1.359  w_spend: 0.654
Epoch 103/120 — train_loss: 1.0826  val_loss: 0.9732  freq: 1.1961  spend: -0.0275  w_freq: 1.359  w_spend: 0.654
Epoch 104/120 — train_loss: 1.0852  val_loss: 0.9735  freq: 1.1961  spend: -0.0269  w_freq: 1.359  w_spend: 0.654
Epoch 105/120 — train_loss: 1.0872  val_loss: 0.9735  freq: 1.1964  spend: -0.0273  w_freq: 1.359  w_spend: 0.655
Epoch 106/120 — train_loss: 1.0841  val_loss: 0.9731  freq: 1.1960  spend: -0.0270  w_freq: 1.359  w_spend: 0.655
Epoch 107/120 — train_loss: 1.0862  val_loss: 0.9735  freq: 1.1966  spend: -0.0273  w_freq: 1.359  w_spend: 0.655
Epoch 108/120 — train_loss: 1.0896  val_loss: 0.9728  freq: 1.1959  spend: -0.0270  w_freq: 1.359  w_spend: 0.655
Epoch 109/120 — train_loss: 1.0854  val_loss: 0.9731  freq: 1.1963  spend: -0.0271  w_freq: 1.359  w_spend: 0.655
Epoch 110/120 — train_loss: 1.0847  val_loss: 0.9733  freq: 1.1964  spend: -0.0270  w_freq: 1.359  w_spend: 0.655
Epoch 111/120 — train_loss: 1.0896  val_loss: 0.9729  freq: 1.1962  spend: -0.0270  w_freq: 1.359  w_spend: 0.655
Epoch 112/120 — train_loss: 1.0877  val_loss: 0.9732  freq: 1.1964  spend: -0.0269  w_freq: 1.359  w_spend: 0.655
Epoch 113/120 — train_loss: 1.0911  val_loss: 0.9735  freq: 1.1966  spend: -0.0269  w_freq: 1.359  w_spend: 0.655
Epoch 114/120 — train_loss: 1.0880  val_loss: 0.9731  freq: 1.1963  spend: -0.0269  w_freq: 1.359  w_spend: 0.655
Epoch 115/120 — train_loss: 1.0873  val_loss: 0.9731  freq: 1.1963  spend: -0.0268  w_freq: 1.359  w_spend: 0.655
Epoch 116/120 — train_loss: 1.0913  val_loss: 0.9732  freq: 1.1963  spend: -0.0267  w_freq: 1.359  w_spend: 0.655
Epoch 117/120 — train_loss: 1.0896  val_loss: 0.9733  freq: 1.1964  spend: -0.0267  w_freq: 1.359  w_spend: 0.655
Epoch 118/120 — train_loss: 1.0903  val_loss: 0.9733  freq: 1.1964  spend: -0.0267  w_freq: 1.359  w_spend: 0.655
Epoch 119/120 — train_loss: 1.0899  val_loss: 0.9733  freq: 1.1964  spend: -0.0267  w_freq: 1.359  w_spend: 0.655
Epoch 120/120 — train_loss: 1.0948  val_loss: 0.9733  freq: 1.1964  spend: -0.0267  w_freq: 1.359  w_spend: 0.655

Checkpoint saved: /kaggle/working/results/checkpoints/extension3_lstm_static_dunnhumby_v8_seed42_sample.pt
Validation-fitted softmax temperature: 0.9000

Duan's smearing factor (val): 1.4993
Validation aggregate calibration: freq_factor=1.0385, spend_factor=0.9839

Running autoregressive inference on holdout period ...
  inference mode: sample  n_scenarios: 30  temperature: 0.9000

=== Prediction Diagnostics ===
  Mean predicted freq/week:    1.1073
  Mean actual freq/week:       1.1882
  Over-prediction ratio:       0.932x
  Customers predicted as zero total:  0.096
  Customers actually zero total:      0.188
  Non-zero rate (pred, avg > 0.05):  0.957
  Non-zero rate (true):               0.542

Metrics saved: /kaggle/working/results/tables/extension3_lstm_static_dunnhumby_v8_seed42_sample_metrics.json
Array artifacts saved: /kaggle/working/results/tables/extension3_lstm_static_dunnhumby_v8_seed42_sample_arrays.npz

=== Holdout Evaluation ===
  metric_definition_version: valendin_aggregate_mape_v1
  freq_rmse: 3.1545
  freq_mae: 1.9711
  freq_normalized_gini: 0.8583
  freq_calibration_factor: 1.0385
  freq_horizon_abs_bias_pct: 3.2207
  bias_pct: -3.2207
  freq_weekly_mae: 95.5914
  freq_weekly_total_true: 11872.0000
  freq_weekly_total_pred: 11489.6344
  freq_valendin_mape: 3.2207
  freq_horizon_bias_pct: -3.2207
  freq_weekly_mean_pct_mape: 3.2088
  freq_weekly_mean_pct_bias_pct: -3.2088
  freq_weekly_bias_pct: -3.2207
  freq_weekly_mape: 3.2207
  freq_mape: 3.2207
  freq_mase: 0.9684
  freq_mase_scale: 0.8235
  smearing_factor: 1.4993
  spend_calibration_factor: 0.9839
  spend_mae_raw: 66.1534
  spend_rmse_raw: 107.4478
  spend_normalized_gini: 0.8325
  spend_mae_log: 1.0552
  spend_rmse_log: 1.5045
  spend_r2_log: 0.4858
  spend_bias_pct: 2.9293
  spend_weekly_mae: 4461.0612
  spend_weekly_total_true: 347125.7605
  spend_weekly_total_pred: 357294.0793
  spend_valendin_mape: 5.1406
  spend_horizon_abs_bias_pct: 2.9293
  spend_horizon_bias_pct: 2.9293
  spend_weekly_mean_pct_mape: 5.1837
  spend_weekly_mean_pct_bias_pct: 3.1092
  spend_weekly_bias_pct: 2.9293
  spend_weekly_mape: 5.1406
  spend_mase: 0.9945
  spend_mase_scale: 27.5152
  clv_mae: 65.9753
  clv_rmse: 107.1574
  clv_spearman: 0.7963
  clv_decile_lift: 3.3889
  clv_normalized_gini: 0.8325
  clv_total_true: 346205.2188
  clv_total_pred: 356328.7812
  calibration_temperature_source: rolling_origin_autoregressive
  validation_temperature: 0.9000
  smearing_source: rolling_origin_autoregressive
  calibration_source: rolling_origin_autoregressive
  validation_freq_true_total: 2215.0000
  validation_freq_pred_total: 1919.7321
  validation_spend_true_total: 63355.4414
  validation_spend_pred_total: 67729.5820
  validation_freq_calibration_factor: 1.0385
  validation_spend_calibration_factor: 0.9839
  validation_rolling_origin_count: 2
  protocol_name: dunnhumby_configured_80x4
  cohort_size: 2498
  calibration_weeks: 80
  holdout_weeks: 4
  inference_mode: sample
  n_scenarios: 30
  final_manifest_version: 2026-05-29-v7-v8-extension3-sweep
  final_manifest_run_name: extension3_lstm_static_dunnhumby_v8_seed42_sample
  final_manifest_config: experiments/configs/extension3_lstm_static_dunnhumby_v8.yaml
  final_manifest_config_hash: 79b1e70de16f
  final_manifest_actual_config_hash: 207b5b0b48b8
  final_manifest_seed: 42
  final_manifest_epochs: 120
  final_manifest_inference_mode: sample
  final_manifest_n_scenarios: 30
  run_valid: True
  run_invalid_reason: 
  run_warning: 
  epochs_completed: 120
  max_epochs_configured: 120
History saved: /kaggle/working/results/tables/extension3_lstm_static_dunnhumby_v8_seed42_sample_history.json
