[Kaggle] raw_dir  → /kaggle/working/input/dunnhumby
[Kaggle] results  → /kaggle/working/results
Config: experiments/configs/extension3_transformer_static_dunnhumby_v8.yaml
Run: extension3_transformer_static_dunnhumby_v8_seed42_sample
Device: cuda
Loading dataset: dunnhumby ...
[pipeline] freq_cap=10 (auto q=0.99) → freq_bins=[0, 1, 2, 3]... (n_classes=11)
  Train customers: 2249, Val: 249, Inference: 2498
[dunnhumby] Customers with 0 calibration transactions: 0 / 2498
  top-bin decode: class_values[-1] = 13.099 (max_trans = 10)
Model: transformer — 102,761 parameters

Training for up to 120 epochs ...
/kaggle/working/thesis-code/src/training/trainer.py:135: FutureWarning: `torch.cuda.amp.GradScaler(args...)` is deprecated. Please use `torch.amp.GradScaler('cuda', args...)` instead.
  self.scaler = torch.cuda.amp.GradScaler(enabled=self.amp_enabled)
[Kendall] log_vars frozen for 5 warm-up epochs.
Epoch   1/120 — train_loss: 3.9918  val_loss: 3.5370  freq: 2.9623  spend: 0.0216  w_freq: 1.359  w_spend: 0.500
Epoch   2/120 — train_loss: 3.3031  val_loss: 2.5632  freq: 2.2465  spend: 0.0197  w_freq: 1.359  w_spend: 0.500
Epoch   3/120 — train_loss: 2.3136  val_loss: 1.7193  freq: 1.6268  spend: 0.0164  w_freq: 1.359  w_spend: 0.500
Epoch   4/120 — train_loss: 1.7511  val_loss: 1.5158  freq: 1.4792  spend: 0.0107  w_freq: 1.359  w_spend: 0.500
Epoch   5/120 — train_loss: 1.5955  val_loss: 1.4011  freq: 1.3959  spend: 0.0077  w_freq: 1.359  w_spend: 0.500
[Kendall] log_vars unfrozen at epoch 6.
[spend-norm] frozen at 0.1759 (absolute val-loss magnitude shifts accordingly; early stopping is relative so this is safe)
Epoch   6/120 — train_loss: 1.5278  val_loss: 1.3557  freq: 1.3553  spend: 0.0311  w_freq: 1.359  w_spend: 0.501
Epoch   7/120 — train_loss: 1.4751  val_loss: 1.3263  freq: 1.3378  spend: 0.0245  w_freq: 1.359  w_spend: 0.503
Epoch   8/120 — train_loss: 1.4345  val_loss: 1.2988  freq: 1.3216  spend: 0.0178  w_freq: 1.359  w_spend: 0.505
Epoch   9/120 — train_loss: 1.4032  val_loss: 1.2648  freq: 1.3003  spend: 0.0125  w_freq: 1.359  w_spend: 0.508
Epoch  10/120 — train_loss: 1.3752  val_loss: 1.2378  freq: 1.2847  spend: 0.0061  w_freq: 1.359  w_spend: 0.510
Epoch  11/120 — train_loss: 1.3482  val_loss: 1.2150  freq: 1.2713  spend: 0.0019  w_freq: 1.359  w_spend: 0.513
Epoch  12/120 — train_loss: 1.3268  val_loss: 1.1961  freq: 1.2612  spend: -0.0035  w_freq: 1.359  w_spend: 0.515
Epoch  13/120 — train_loss: 1.3056  val_loss: 1.1822  freq: 1.2540  spend: -0.0068  w_freq: 1.359  w_spend: 0.518
Epoch  14/120 — train_loss: 1.2890  val_loss: 1.1713  freq: 1.2488  spend: -0.0094  w_freq: 1.359  w_spend: 0.520
Epoch  15/120 — train_loss: 1.2766  val_loss: 1.1621  freq: 1.2452  spend: -0.0131  w_freq: 1.359  w_spend: 0.523
Epoch  16/120 — train_loss: 1.2611  val_loss: 1.1439  freq: 1.2353  spend: -0.0180  w_freq: 1.359  w_spend: 0.525
Epoch  17/120 — train_loss: 1.2486  val_loss: 1.1372  freq: 1.2335  spend: -0.0210  w_freq: 1.359  w_spend: 0.527
Epoch  18/120 — train_loss: 1.2421  val_loss: 1.1345  freq: 1.2345  spend: -0.0243  w_freq: 1.359  w_spend: 0.530
Epoch  19/120 — train_loss: 1.2299  val_loss: 1.1204  freq: 1.2265  spend: -0.0257  w_freq: 1.359  w_spend: 0.533
Epoch  20/120 — train_loss: 1.2221  val_loss: 1.1169  freq: 1.2254  spend: -0.0251  w_freq: 1.359  w_spend: 0.535
Epoch  21/120 — train_loss: 1.2166  val_loss: 1.1102  freq: 1.2233  spend: -0.0278  w_freq: 1.359  w_spend: 0.538
Epoch  22/120 — train_loss: 1.2084  val_loss: 1.1008  freq: 1.2182  spend: -0.0281  w_freq: 1.359  w_spend: 0.540
Epoch  23/120 — train_loss: 1.2021  val_loss: 1.0967  freq: 1.2166  spend: -0.0277  w_freq: 1.359  w_spend: 0.542
Epoch  24/120 — train_loss: 1.1984  val_loss: 1.0935  freq: 1.2166  spend: -0.0294  w_freq: 1.359  w_spend: 0.545
Epoch  25/120 — train_loss: 1.1927  val_loss: 1.0872  freq: 1.2136  spend: -0.0295  w_freq: 1.359  w_spend: 0.547
Epoch  26/120 — train_loss: 1.1857  val_loss: 1.0828  freq: 1.2116  spend: -0.0286  w_freq: 1.359  w_spend: 0.549
Epoch  27/120 — train_loss: 1.1816  val_loss: 1.0772  freq: 1.2101  spend: -0.0310  w_freq: 1.359  w_spend: 0.552
Epoch  28/120 — train_loss: 1.1748  val_loss: 1.0749  freq: 1.2105  spend: -0.0315  w_freq: 1.359  w_spend: 0.554
Epoch  29/120 — train_loss: 1.1730  val_loss: 1.0702  freq: 1.2090  spend: -0.0317  w_freq: 1.359  w_spend: 0.557
Epoch  30/120 — train_loss: 1.1647  val_loss: 1.0677  freq: 1.2090  spend: -0.0319  w_freq: 1.359  w_spend: 0.560
Epoch  31/120 — train_loss: 1.1648  val_loss: 1.0641  freq: 1.2084  spend: -0.0326  w_freq: 1.359  w_spend: 0.562
Epoch  32/120 — train_loss: 1.1589  val_loss: 1.0589  freq: 1.2071  spend: -0.0343  w_freq: 1.359  w_spend: 0.565
Epoch  33/120 — train_loss: 1.1532  val_loss: 1.0543  freq: 1.2053  spend: -0.0341  w_freq: 1.359  w_spend: 0.567
Epoch  34/120 — train_loss: 1.1482  val_loss: 1.0488  freq: 1.2032  spend: -0.0347  w_freq: 1.359  w_spend: 0.570
Epoch  35/120 — train_loss: 1.1446  val_loss: 1.0466  freq: 1.2033  spend: -0.0350  w_freq: 1.359  w_spend: 0.572
Epoch  36/120 — train_loss: 1.1418  val_loss: 1.0453  freq: 1.2044  spend: -0.0357  w_freq: 1.359  w_spend: 0.575
Epoch  37/120 — train_loss: 1.1370  val_loss: 1.0406  freq: 1.2028  spend: -0.0361  w_freq: 1.359  w_spend: 0.578
Epoch  38/120 — train_loss: 1.1311  val_loss: 1.0376  freq: 1.2026  spend: -0.0368  w_freq: 1.359  w_spend: 0.580
Epoch  39/120 — train_loss: 1.1326  val_loss: 1.0356  freq: 1.2027  spend: -0.0369  w_freq: 1.359  w_spend: 0.583
Epoch  40/120 — train_loss: 1.1243  val_loss: 1.0316  freq: 1.2013  spend: -0.0370  w_freq: 1.359  w_spend: 0.585
Epoch  41/120 — train_loss: 1.1243  val_loss: 1.0293  freq: 1.2017  spend: -0.0381  w_freq: 1.359  w_spend: 0.587
Epoch  42/120 — train_loss: 1.1232  val_loss: 1.0258  freq: 1.2005  spend: -0.0377  w_freq: 1.359  w_spend: 0.590
Epoch  43/120 — train_loss: 1.1149  val_loss: 1.0236  freq: 1.2009  spend: -0.0390  w_freq: 1.359  w_spend: 0.592
Epoch  44/120 — train_loss: 1.1160  val_loss: 1.0217  freq: 1.2007  spend: -0.0383  w_freq: 1.359  w_spend: 0.594
Epoch  45/120 — train_loss: 1.1098  val_loss: 1.0198  freq: 1.2008  spend: -0.0382  w_freq: 1.359  w_spend: 0.597
Epoch  46/120 — train_loss: 1.1106  val_loss: 1.0170  freq: 1.2000  spend: -0.0379  w_freq: 1.359  w_spend: 0.599
Epoch  47/120 — train_loss: 1.1060  val_loss: 1.0133  freq: 1.1993  spend: -0.0396  w_freq: 1.359  w_spend: 0.601
Epoch  48/120 — train_loss: 1.1041  val_loss: 1.0125  freq: 1.2003  spend: -0.0403  w_freq: 1.359  w_spend: 0.603
Epoch  49/120 — train_loss: 1.1034  val_loss: 1.0091  freq: 1.1990  spend: -0.0400  w_freq: 1.359  w_spend: 0.605
Epoch  50/120 — train_loss: 1.1015  val_loss: 1.0060  freq: 1.1981  spend: -0.0402  w_freq: 1.359  w_spend: 0.607
Epoch  51/120 — train_loss: 1.0977  val_loss: 1.0066  freq: 1.2004  spend: -0.0414  w_freq: 1.359  w_spend: 0.609
Epoch  52/120 — train_loss: 1.0970  val_loss: 1.0029  freq: 1.1987  spend: -0.0409  w_freq: 1.359  w_spend: 0.611
Epoch  53/120 — train_loss: 1.0946  val_loss: 1.0012  freq: 1.1987  spend: -0.0412  w_freq: 1.359  w_spend: 0.613
Epoch  54/120 — train_loss: 1.0911  val_loss: 0.9996  freq: 1.1987  spend: -0.0413  w_freq: 1.359  w_spend: 0.615
Epoch  55/120 — train_loss: 1.0880  val_loss: 0.9960  freq: 1.1973  spend: -0.0415  w_freq: 1.359  w_spend: 0.617
Epoch  56/120 — train_loss: 1.0842  val_loss: 0.9949  freq: 1.1979  spend: -0.0418  w_freq: 1.359  w_spend: 0.619
Epoch  57/120 — train_loss: 1.0838  val_loss: 0.9934  freq: 1.1979  spend: -0.0416  w_freq: 1.359  w_spend: 0.621
Epoch  58/120 — train_loss: 1.0828  val_loss: 0.9915  freq: 1.1977  spend: -0.0417  w_freq: 1.359  w_spend: 0.622
Epoch  59/120 — train_loss: 1.0797  val_loss: 0.9902  freq: 1.1979  spend: -0.0417  w_freq: 1.359  w_spend: 0.624
Epoch  60/120 — train_loss: 1.0803  val_loss: 0.9880  freq: 1.1975  spend: -0.0419  w_freq: 1.359  w_spend: 0.626
Epoch  61/120 — train_loss: 1.0767  val_loss: 0.9856  freq: 1.1971  spend: -0.0425  w_freq: 1.359  w_spend: 0.628
Epoch  62/120 — train_loss: 1.0750  val_loss: 0.9850  freq: 1.1975  spend: -0.0423  w_freq: 1.359  w_spend: 0.630
Epoch  63/120 — train_loss: 1.0727  val_loss: 0.9867  freq: 1.1996  spend: -0.0418  w_freq: 1.359  w_spend: 0.631
Epoch  64/120 — train_loss: 1.0714  val_loss: 0.9812  freq: 1.1968  spend: -0.0425  w_freq: 1.359  w_spend: 0.633
Epoch  65/120 — train_loss: 1.0687  val_loss: 0.9801  freq: 1.1971  spend: -0.0429  w_freq: 1.359  w_spend: 0.634
Epoch  66/120 — train_loss: 1.0666  val_loss: 0.9787  freq: 1.1967  spend: -0.0422  w_freq: 1.359  w_spend: 0.636
Epoch  67/120 — train_loss: 1.0675  val_loss: 0.9793  freq: 1.1981  spend: -0.0425  w_freq: 1.359  w_spend: 0.637
Epoch  68/120 — train_loss: 1.0648  val_loss: 0.9766  freq: 1.1971  spend: -0.0428  w_freq: 1.359  w_spend: 0.639
Epoch  69/120 — train_loss: 1.0616  val_loss: 0.9749  freq: 1.1968  spend: -0.0431  w_freq: 1.359  w_spend: 0.640
Epoch  70/120 — train_loss: 1.0619  val_loss: 0.9736  freq: 1.1965  spend: -0.0428  w_freq: 1.359  w_spend: 0.641
Epoch  71/120 — train_loss: 1.0600  val_loss: 0.9731  freq: 1.1970  spend: -0.0430  w_freq: 1.359  w_spend: 0.643
Epoch  72/120 — train_loss: 1.0612  val_loss: 0.9725  freq: 1.1971  spend: -0.0426  w_freq: 1.359  w_spend: 0.644
Epoch  73/120 — train_loss: 1.0574  val_loss: 0.9702  freq: 1.1964  spend: -0.0431  w_freq: 1.359  w_spend: 0.645
Epoch  74/120 — train_loss: 1.0565  val_loss: 0.9701  freq: 1.1968  spend: -0.0427  w_freq: 1.359  w_spend: 0.646
Epoch  75/120 — train_loss: 1.0574  val_loss: 0.9698  freq: 1.1973  spend: -0.0429  w_freq: 1.359  w_spend: 0.648
Epoch  76/120 — train_loss: 1.0549  val_loss: 0.9679  freq: 1.1967  spend: -0.0432  w_freq: 1.359  w_spend: 0.649
Epoch  77/120 — train_loss: 1.0540  val_loss: 0.9673  freq: 1.1968  spend: -0.0430  w_freq: 1.359  w_spend: 0.650
Epoch  78/120 — train_loss: 1.0537  val_loss: 0.9667  freq: 1.1969  spend: -0.0428  w_freq: 1.359  w_spend: 0.651
Epoch  79/120 — train_loss: 1.0503  val_loss: 0.9650  freq: 1.1966  spend: -0.0437  w_freq: 1.359  w_spend: 0.652
Epoch  80/120 — train_loss: 1.0542  val_loss: 0.9649  freq: 1.1967  spend: -0.0428  w_freq: 1.359  w_spend: 0.653
Epoch  81/120 — train_loss: 1.0539  val_loss: 0.9645  freq: 1.1972  spend: -0.0434  w_freq: 1.359  w_spend: 0.654
Epoch  82/120 — train_loss: 1.0505  val_loss: 0.9631  freq: 1.1966  spend: -0.0431  w_freq: 1.359  w_spend: 0.654
Epoch  83/120 — train_loss: 1.0499  val_loss: 0.9618  freq: 1.1961  spend: -0.0432  w_freq: 1.359  w_spend: 0.655
Epoch  84/120 — train_loss: 1.0512  val_loss: 0.9616  freq: 1.1965  spend: -0.0433  w_freq: 1.359  w_spend: 0.656
Epoch  85/120 — train_loss: 1.0482  val_loss: 0.9619  freq: 1.1971  spend: -0.0434  w_freq: 1.359  w_spend: 0.657
Epoch  86/120 — train_loss: 1.0467  val_loss: 0.9602  freq: 1.1962  spend: -0.0431  w_freq: 1.359  w_spend: 0.658
Epoch  87/120 — train_loss: 1.0495  val_loss: 0.9604  freq: 1.1967  spend: -0.0430  w_freq: 1.359  w_spend: 0.658
Epoch  88/120 — train_loss: 1.0476  val_loss: 0.9608  freq: 1.1975  spend: -0.0433  w_freq: 1.359  w_spend: 0.659
Epoch  89/120 — train_loss: 1.0445  val_loss: 0.9590  freq: 1.1964  spend: -0.0431  w_freq: 1.359  w_spend: 0.659
Epoch  90/120 — train_loss: 1.0461  val_loss: 0.9588  freq: 1.1966  spend: -0.0431  w_freq: 1.359  w_spend: 0.660
Epoch  91/120 — train_loss: 1.0474  val_loss: 0.9589  freq: 1.1969  spend: -0.0431  w_freq: 1.359  w_spend: 0.661
Epoch  92/120 — train_loss: 1.0465  val_loss: 0.9579  freq: 1.1965  spend: -0.0431  w_freq: 1.359  w_spend: 0.661
Epoch  93/120 — train_loss: 1.0448  val_loss: 0.9581  freq: 1.1970  spend: -0.0433  w_freq: 1.359  w_spend: 0.662
Epoch  94/120 — train_loss: 1.0447  val_loss: 0.9576  freq: 1.1966  spend: -0.0426  w_freq: 1.359  w_spend: 0.662
Epoch  95/120 — train_loss: 1.0442  val_loss: 0.9569  freq: 1.1967  spend: -0.0434  w_freq: 1.359  w_spend: 0.662
Epoch  96/120 — train_loss: 1.0449  val_loss: 0.9566  freq: 1.1965  spend: -0.0431  w_freq: 1.359  w_spend: 0.663
Epoch  97/120 — train_loss: 1.0452  val_loss: 0.9569  freq: 1.1970  spend: -0.0432  w_freq: 1.359  w_spend: 0.663
Epoch  98/120 — train_loss: 1.0423  val_loss: 0.9564  freq: 1.1967  spend: -0.0429  w_freq: 1.359  w_spend: 0.663
Epoch  99/120 — train_loss: 1.0457  val_loss: 0.9562  freq: 1.1968  spend: -0.0432  w_freq: 1.359  w_spend: 0.664
Epoch 100/120 — train_loss: 1.0422  val_loss: 0.9565  freq: 1.1970  spend: -0.0429  w_freq: 1.359  w_spend: 0.664
Epoch 101/120 — train_loss: 1.0404  val_loss: 0.9556  freq: 1.1966  spend: -0.0430  w_freq: 1.359  w_spend: 0.664
Epoch 102/120 — train_loss: 1.0433  val_loss: 0.9557  freq: 1.1968  spend: -0.0431  w_freq: 1.359  w_spend: 0.664
Epoch 103/120 — train_loss: 1.0406  val_loss: 0.9559  freq: 1.1969  spend: -0.0428  w_freq: 1.359  w_spend: 0.665
Epoch 104/120 — train_loss: 1.0410  val_loss: 0.9556  freq: 1.1967  spend: -0.0427  w_freq: 1.359  w_spend: 0.665
Epoch 105/120 — train_loss: 1.0439  val_loss: 0.9555  freq: 1.1968  spend: -0.0429  w_freq: 1.359  w_spend: 0.665
Epoch 106/120 — train_loss: 1.0445  val_loss: 0.9557  freq: 1.1971  spend: -0.0429  w_freq: 1.359  w_spend: 0.665
Epoch 107/120 — train_loss: 1.0444  val_loss: 0.9557  freq: 1.1971  spend: -0.0428  w_freq: 1.359  w_spend: 0.665
Epoch 108/120 — train_loss: 1.0440  val_loss: 0.9558  freq: 1.1971  spend: -0.0426  w_freq: 1.359  w_spend: 0.665
Epoch 109/120 — train_loss: 1.0450  val_loss: 0.9557  freq: 1.1971  spend: -0.0426  w_freq: 1.359  w_spend: 0.665
Epoch 110/120 — train_loss: 1.0447  val_loss: 0.9557  freq: 1.1972  spend: -0.0428  w_freq: 1.359  w_spend: 0.666
Epoch 111/120 — train_loss: 1.0421  val_loss: 0.9556  freq: 1.1972  spend: -0.0427  w_freq: 1.359  w_spend: 0.666
Epoch 112/120 — train_loss: 1.0437  val_loss: 0.9556  freq: 1.1972  spend: -0.0427  w_freq: 1.359  w_spend: 0.666
Epoch 113/120 — train_loss: 1.0414  val_loss: 0.9554  freq: 1.1971  spend: -0.0427  w_freq: 1.359  w_spend: 0.666
Epoch 114/120 — train_loss: 1.0428  val_loss: 0.9555  freq: 1.1972  spend: -0.0427  w_freq: 1.359  w_spend: 0.666
Epoch 115/120 — train_loss: 1.0408  val_loss: 0.9556  freq: 1.1972  spend: -0.0427  w_freq: 1.359  w_spend: 0.666
Epoch 116/120 — train_loss: 1.0435  val_loss: 0.9556  freq: 1.1972  spend: -0.0427  w_freq: 1.359  w_spend: 0.666
Epoch 117/120 — train_loss: 1.0455  val_loss: 0.9556  freq: 1.1972  spend: -0.0427  w_freq: 1.359  w_spend: 0.666
Epoch 118/120 — train_loss: 1.0410  val_loss: 0.9556  freq: 1.1972  spend: -0.0427  w_freq: 1.359  w_spend: 0.666
Epoch 119/120 — train_loss: 1.0445  val_loss: 0.9556  freq: 1.1972  spend: -0.0427  w_freq: 1.359  w_spend: 0.666
Epoch 120/120 — train_loss: 1.0433  val_loss: 0.9556  freq: 1.1972  spend: -0.0427  w_freq: 1.359  w_spend: 0.666

Checkpoint saved: /kaggle/working/results/checkpoints/extension3_transformer_static_dunnhumby_v8_seed42_sample.pt
Validation-fitted softmax temperature: 0.7500

Duan's smearing factor (val): 1.4814
Validation aggregate calibration: freq_factor=1.0492, spend_factor=0.9918

Running autoregressive inference on holdout period ...
  inference mode: sample  n_scenarios: 30  temperature: 0.7500

=== Prediction Diagnostics ===
  Mean predicted freq/week:    1.0604
  Mean actual freq/week:       1.1882
  Over-prediction ratio:       0.892x
  Customers predicted as zero total:  0.147
  Customers actually zero total:      0.188
  Non-zero rate (pred, avg > 0.05):  0.906
  Non-zero rate (true):               0.542

Metrics saved: /kaggle/working/results/tables/extension3_transformer_static_dunnhumby_v8_seed42_sample_metrics.json
Array artifacts saved: /kaggle/working/results/tables/extension3_transformer_static_dunnhumby_v8_seed42_sample_arrays.npz

=== Holdout Evaluation ===
  metric_definition_version: valendin_aggregate_mape_v1
  freq_rmse: 3.3727
  freq_mae: 2.0400
  freq_normalized_gini: 0.8469
  freq_calibration_factor: 1.0492
  freq_horizon_abs_bias_pct: 6.3681
  bias_pct: -6.3682
  freq_weekly_mae: 189.0067
  freq_weekly_total_true: 11872.0000
  freq_weekly_total_pred: 11115.9734
  freq_valendin_mape: 6.3681
  freq_horizon_bias_pct: -6.3681
  freq_weekly_mean_pct_mape: 6.3538
  freq_weekly_mean_pct_bias_pct: -6.3538
  freq_weekly_bias_pct: -6.3681
  freq_weekly_mape: 6.3681
  freq_mape: 6.3681
  freq_mase: 0.9646
  freq_mase_scale: 0.8235
  smearing_factor: 1.4814
  spend_calibration_factor: 0.9918
  spend_mae_raw: 68.2492
  spend_rmse_raw: 110.4943
  spend_normalized_gini: 0.8230
  spend_mae_log: 0.9965
  spend_rmse_log: 1.4361
  spend_r2_log: 0.5315
  spend_bias_pct: 2.2685
  spend_weekly_mae: 4384.1505
  spend_weekly_total_true: 347125.7605
  spend_weekly_total_pred: 355000.2051
  spend_valendin_mape: 5.0519
  spend_horizon_abs_bias_pct: 2.2685
  spend_horizon_bias_pct: 2.2685
  spend_weekly_mean_pct_mape: 5.0562
  spend_weekly_mean_pct_bias_pct: 2.4449
  spend_weekly_bias_pct: 2.2685
  spend_weekly_mape: 5.0519
  spend_mase: 0.9943
  spend_mase_scale: 27.5152
  clv_mae: 68.0670
  clv_rmse: 110.1948
  clv_spearman: 0.7905
  clv_decile_lift: 3.3858
  clv_normalized_gini: 0.8230
  clv_total_true: 346205.2188
  clv_total_pred: 354035.8750
  calibration_temperature_source: rolling_origin_autoregressive
  validation_temperature: 0.7500
  smearing_source: rolling_origin_autoregressive
  calibration_source: rolling_origin_autoregressive
  validation_freq_true_total: 2215.0000
  validation_freq_pred_total: 1851.0275
  validation_spend_true_total: 63355.4414
  validation_spend_pred_total: 65516.1680
  validation_freq_calibration_factor: 1.0492
  validation_spend_calibration_factor: 0.9918
  validation_rolling_origin_count: 2
  protocol_name: dunnhumby_configured_80x4
  cohort_size: 2498
  calibration_weeks: 80
  holdout_weeks: 4
  inference_mode: sample
  n_scenarios: 30
  final_manifest_version: 2026-05-29-v7-v8-extension3-sweep
  final_manifest_run_name: extension3_transformer_static_dunnhumby_v8_seed42_sample
  final_manifest_config: experiments/configs/extension3_transformer_static_dunnhumby_v8.yaml
  final_manifest_config_hash: 2dbff9373819
  final_manifest_actual_config_hash: f086e62aac72
  final_manifest_seed: 42
  final_manifest_epochs: 120
  final_manifest_inference_mode: sample
  final_manifest_n_scenarios: 30
  run_valid: True
  run_invalid_reason: 
  run_warning: 
  epochs_completed: 120
  max_epochs_configured: 120
History saved: /kaggle/working/results/tables/extension3_transformer_static_dunnhumby_v8_seed42_sample_history.json
