[Kaggle] raw_dir  → /kaggle/working/input/dunnhumby
[Kaggle] results  → /kaggle/working/results
Config: experiments/configs/extension3_lstm_none_dunnhumby_v8.yaml
Run: extension3_lstm_none_dunnhumby_v8_seed2024_sample
Device: cuda
Loading dataset: dunnhumby ...
[pipeline] freq_cap=10 (auto q=0.99) → freq_bins=[0, 1, 2, 3]... (n_classes=11)
  Train customers: 2249, Val: 249, Inference: 2498
[dunnhumby] Customers with 0 calibration transactions: 0 / 2498
  top-bin decode: class_values[-1] = 13.099 (max_trans = 10)
Model: lstm — 99,577 parameters

Training for up to 120 epochs ...
/kaggle/working/thesis-code/src/training/trainer.py:135: FutureWarning: `torch.cuda.amp.GradScaler(args...)` is deprecated. Please use `torch.amp.GradScaler('cuda', args...)` instead.
  self.scaler = torch.cuda.amp.GradScaler(enabled=self.amp_enabled)
[Kendall] log_vars frozen for 5 warm-up epochs.
Epoch   1/120 — train_loss: 3.7496  val_loss: 3.7929  freq: 3.1493  spend: 0.0250  w_freq: 1.359  w_spend: 0.500
Epoch   2/120 — train_loss: 3.7033  val_loss: 3.7080  freq: 3.0869  spend: 0.0248  w_freq: 1.359  w_spend: 0.500
Epoch   3/120 — train_loss: 3.5821  val_loss: 3.5286  freq: 2.9552  spend: 0.0243  w_freq: 1.359  w_spend: 0.500
Epoch   4/120 — train_loss: 3.3147  val_loss: 3.0450  freq: 2.6001  spend: 0.0223  w_freq: 1.359  w_spend: 0.500
Epoch   5/120 — train_loss: 2.4984  val_loss: 1.7651  freq: 1.6603  spend: 0.0169  w_freq: 1.359  w_spend: 0.500
[Kendall] log_vars unfrozen at epoch 6.
[spend-norm] frozen at 0.2354 (absolute val-loss magnitude shifts accordingly; early stopping is relative so this is safe)
Epoch   6/120 — train_loss: 1.8487  val_loss: 1.5644  freq: 1.4963  spend: 0.0651  w_freq: 1.359  w_spend: 0.501
Epoch   7/120 — train_loss: 1.6323  val_loss: 1.5245  freq: 1.4698  spend: 0.0617  w_freq: 1.359  w_spend: 0.503
Epoch   8/120 — train_loss: 1.5356  val_loss: 1.3818  freq: 1.3685  spend: 0.0563  w_freq: 1.359  w_spend: 0.505
Epoch   9/120 — train_loss: 1.4317  val_loss: 1.2967  freq: 1.3115  spend: 0.0463  w_freq: 1.359  w_spend: 0.508
Epoch  10/120 — train_loss: 1.3660  val_loss: 1.2604  freq: 1.2889  spend: 0.0406  w_freq: 1.359  w_spend: 0.511
Epoch  11/120 — train_loss: 1.3349  val_loss: 1.2374  freq: 1.2757  spend: 0.0357  w_freq: 1.359  w_spend: 0.514
Epoch  12/120 — train_loss: 1.3156  val_loss: 1.2203  freq: 1.2667  spend: 0.0317  w_freq: 1.359  w_spend: 0.516
Epoch  13/120 — train_loss: 1.2973  val_loss: 1.2074  freq: 1.2597  spend: 0.0305  w_freq: 1.359  w_spend: 0.519
Epoch  14/120 — train_loss: 1.2905  val_loss: 1.2015  freq: 1.2579  spend: 0.0292  w_freq: 1.359  w_spend: 0.522
Epoch  15/120 — train_loss: 1.2836  val_loss: 1.1903  freq: 1.2522  spend: 0.0274  w_freq: 1.359  w_spend: 0.525
Epoch  16/120 — train_loss: 1.2751  val_loss: 1.1843  freq: 1.2494  spend: 0.0277  w_freq: 1.359  w_spend: 0.528
Epoch  17/120 — train_loss: 1.2674  val_loss: 1.1784  freq: 1.2474  spend: 0.0262  w_freq: 1.359  w_spend: 0.530
Epoch  18/120 — train_loss: 1.2578  val_loss: 1.1696  freq: 1.2436  spend: 0.0240  w_freq: 1.359  w_spend: 0.533
Epoch  19/120 — train_loss: 1.2527  val_loss: 1.1635  freq: 1.2413  spend: 0.0228  w_freq: 1.359  w_spend: 0.536
Epoch  20/120 — train_loss: 1.2464  val_loss: 1.1587  freq: 1.2406  spend: 0.0202  w_freq: 1.359  w_spend: 0.538
Epoch  21/120 — train_loss: 1.2380  val_loss: 1.1485  freq: 1.2358  spend: 0.0177  w_freq: 1.359  w_spend: 0.541
Epoch  22/120 — train_loss: 1.2298  val_loss: 1.1387  freq: 1.2328  spend: 0.0112  w_freq: 1.359  w_spend: 0.543
Epoch  23/120 — train_loss: 1.2205  val_loss: 1.1291  freq: 1.2311  spend: 0.0021  w_freq: 1.359  w_spend: 0.546
Epoch  24/120 — train_loss: 1.2089  val_loss: 1.1208  freq: 1.2308  spend: -0.0080  w_freq: 1.359  w_spend: 0.549
Epoch  25/120 — train_loss: 1.2009  val_loss: 1.1092  freq: 1.2257  spend: -0.0124  w_freq: 1.359  w_spend: 0.551
Epoch  26/120 — train_loss: 1.1937  val_loss: 1.1052  freq: 1.2253  spend: -0.0145  w_freq: 1.359  w_spend: 0.554
Epoch  27/120 — train_loss: 1.1869  val_loss: 1.1020  freq: 1.2262  spend: -0.0181  w_freq: 1.359  w_spend: 0.556
Epoch  28/120 — train_loss: 1.1829  val_loss: 1.0987  freq: 1.2249  spend: -0.0168  w_freq: 1.359  w_spend: 0.559
Epoch  29/120 — train_loss: 1.1801  val_loss: 1.0956  freq: 1.2244  spend: -0.0176  w_freq: 1.359  w_spend: 0.561
Epoch  30/120 — train_loss: 1.1738  val_loss: 1.0888  freq: 1.2218  spend: -0.0200  w_freq: 1.359  w_spend: 0.563
Epoch  31/120 — train_loss: 1.1730  val_loss: 1.0874  freq: 1.2223  spend: -0.0202  w_freq: 1.359  w_spend: 0.565
Epoch  32/120 — train_loss: 1.1697  val_loss: 1.0814  freq: 1.2199  spend: -0.0216  w_freq: 1.359  w_spend: 0.567
Epoch  33/120 — train_loss: 1.1681  val_loss: 1.0830  freq: 1.2232  spend: -0.0233  w_freq: 1.359  w_spend: 0.570
Epoch  34/120 — train_loss: 1.1641  val_loss: 1.0754  freq: 1.2182  spend: -0.0218  w_freq: 1.359  w_spend: 0.572
Epoch  35/120 — train_loss: 1.1595  val_loss: 1.0730  freq: 1.2182  spend: -0.0230  w_freq: 1.359  w_spend: 0.573
Epoch  36/120 — train_loss: 1.1562  val_loss: 1.0718  freq: 1.2193  spend: -0.0244  w_freq: 1.359  w_spend: 0.576
Epoch  37/120 — train_loss: 1.1555  val_loss: 1.0712  freq: 1.2203  spend: -0.0247  w_freq: 1.359  w_spend: 0.578
Epoch  38/120 — train_loss: 1.1523  val_loss: 1.0646  freq: 1.2168  spend: -0.0251  w_freq: 1.359  w_spend: 0.579
Epoch  39/120 — train_loss: 1.1470  val_loss: 1.0617  freq: 1.2160  spend: -0.0254  w_freq: 1.359  w_spend: 0.581
Epoch  40/120 — train_loss: 1.1463  val_loss: 1.0596  freq: 1.2158  spend: -0.0253  w_freq: 1.359  w_spend: 0.583
Epoch  41/120 — train_loss: 1.1434  val_loss: 1.0550  freq: 1.2144  spend: -0.0267  w_freq: 1.359  w_spend: 0.585
Epoch  42/120 — train_loss: 1.1426  val_loss: 1.0551  freq: 1.2150  spend: -0.0247  w_freq: 1.359  w_spend: 0.588
Epoch  43/120 — train_loss: 1.1396  val_loss: 1.0507  freq: 1.2139  spend: -0.0266  w_freq: 1.359  w_spend: 0.590
Epoch  44/120 — train_loss: 1.1379  val_loss: 1.0502  freq: 1.2149  spend: -0.0273  w_freq: 1.359  w_spend: 0.592
Epoch  45/120 — train_loss: 1.1360  val_loss: 1.0464  freq: 1.2132  spend: -0.0271  w_freq: 1.359  w_spend: 0.593
Epoch  46/120 — train_loss: 1.1321  val_loss: 1.0428  freq: 1.2119  spend: -0.0277  w_freq: 1.359  w_spend: 0.595
Epoch  47/120 — train_loss: 1.1308  val_loss: 1.0439  freq: 1.2142  spend: -0.0281  w_freq: 1.359  w_spend: 0.597
Epoch  48/120 — train_loss: 1.1305  val_loss: 1.0415  freq: 1.2132  spend: -0.0273  w_freq: 1.359  w_spend: 0.599
Epoch  49/120 — train_loss: 1.1280  val_loss: 1.0368  freq: 1.2111  spend: -0.0283  w_freq: 1.359  w_spend: 0.600
Epoch  50/120 — train_loss: 1.1279  val_loss: 1.0364  freq: 1.2115  spend: -0.0278  w_freq: 1.359  w_spend: 0.602
Epoch  51/120 — train_loss: 1.1256  val_loss: 1.0328  freq: 1.2099  spend: -0.0280  w_freq: 1.359  w_spend: 0.603
Epoch  52/120 — train_loss: 1.1229  val_loss: 1.0313  freq: 1.2098  spend: -0.0279  w_freq: 1.359  w_spend: 0.605
Epoch  53/120 — train_loss: 1.1222  val_loss: 1.0287  freq: 1.2092  spend: -0.0286  w_freq: 1.359  w_spend: 0.607
Epoch  54/120 — train_loss: 1.1161  val_loss: 1.0276  freq: 1.2094  spend: -0.0287  w_freq: 1.359  w_spend: 0.608
Epoch  55/120 — train_loss: 1.1185  val_loss: 1.0258  freq: 1.2088  spend: -0.0279  w_freq: 1.359  w_spend: 0.610
Epoch  56/120 — train_loss: 1.1156  val_loss: 1.0222  freq: 1.2078  spend: -0.0294  w_freq: 1.359  w_spend: 0.611
Epoch  57/120 — train_loss: 1.1137  val_loss: 1.0253  freq: 1.2100  spend: -0.0272  w_freq: 1.359  w_spend: 0.613
Epoch  58/120 — train_loss: 1.1117  val_loss: 1.0202  freq: 1.2079  spend: -0.0288  w_freq: 1.359  w_spend: 0.615
Epoch  59/120 — train_loss: 1.1112  val_loss: 1.0197  freq: 1.2089  spend: -0.0296  w_freq: 1.359  w_spend: 0.616
Epoch  60/120 — train_loss: 1.1103  val_loss: 1.0171  freq: 1.2075  spend: -0.0287  w_freq: 1.359  w_spend: 0.618
Epoch  61/120 — train_loss: 1.1091  val_loss: 1.0153  freq: 1.2074  spend: -0.0289  w_freq: 1.359  w_spend: 0.619
Epoch  62/120 — train_loss: 1.1074  val_loss: 1.0151  freq: 1.2083  spend: -0.0291  w_freq: 1.359  w_spend: 0.621
Epoch  63/120 — train_loss: 1.1055  val_loss: 1.0106  freq: 1.2059  spend: -0.0292  w_freq: 1.359  w_spend: 0.622
Epoch  64/120 — train_loss: 1.1057  val_loss: 1.0095  freq: 1.2063  spend: -0.0297  w_freq: 1.359  w_spend: 0.624
Epoch  65/120 — train_loss: 1.1017  val_loss: 1.0075  freq: 1.2057  spend: -0.0296  w_freq: 1.359  w_spend: 0.626
Epoch  66/120 — train_loss: 1.1006  val_loss: 1.0073  freq: 1.2062  spend: -0.0292  w_freq: 1.359  w_spend: 0.627
Epoch  67/120 — train_loss: 1.1024  val_loss: 1.0063  freq: 1.2063  spend: -0.0291  w_freq: 1.359  w_spend: 0.628
Epoch  68/120 — train_loss: 1.0991  val_loss: 1.0059  freq: 1.2071  spend: -0.0297  w_freq: 1.359  w_spend: 0.630
Epoch  69/120 — train_loss: 1.0976  val_loss: 1.0015  freq: 1.2048  spend: -0.0301  w_freq: 1.359  w_spend: 0.631
Epoch  70/120 — train_loss: 1.0966  val_loss: 1.0011  freq: 1.2052  spend: -0.0299  w_freq: 1.359  w_spend: 0.632
Epoch  71/120 — train_loss: 1.0961  val_loss: 0.9992  freq: 1.2044  spend: -0.0297  w_freq: 1.359  w_spend: 0.634
Epoch  72/120 — train_loss: 1.0958  val_loss: 0.9986  freq: 1.2048  spend: -0.0298  w_freq: 1.359  w_spend: 0.635
Epoch  73/120 — train_loss: 1.0945  val_loss: 0.9973  freq: 1.2040  spend: -0.0289  w_freq: 1.359  w_spend: 0.636
Epoch  74/120 — train_loss: 1.0951  val_loss: 0.9971  freq: 1.2044  spend: -0.0285  w_freq: 1.359  w_spend: 0.637
Epoch  75/120 — train_loss: 1.0946  val_loss: 0.9959  freq: 1.2045  spend: -0.0292  w_freq: 1.359  w_spend: 0.638
Epoch  76/120 — train_loss: 1.0917  val_loss: 0.9958  freq: 1.2039  spend: -0.0267  w_freq: 1.359  w_spend: 0.639
Epoch  77/120 — train_loss: 1.0955  val_loss: 0.9949  freq: 1.2043  spend: -0.0278  w_freq: 1.359  w_spend: 0.640
Epoch  78/120 — train_loss: 1.0917  val_loss: 0.9933  freq: 1.2040  spend: -0.0288  w_freq: 1.359  w_spend: 0.641
Epoch  79/120 — train_loss: 1.0896  val_loss: 0.9927  freq: 1.2046  spend: -0.0297  w_freq: 1.359  w_spend: 0.642
Epoch  80/120 — train_loss: 1.0946  val_loss: 0.9909  freq: 1.2038  spend: -0.0298  w_freq: 1.359  w_spend: 0.643
Epoch  81/120 — train_loss: 1.0945  val_loss: 0.9910  freq: 1.2042  spend: -0.0296  w_freq: 1.359  w_spend: 0.644
Epoch  82/120 — train_loss: 1.0935  val_loss: 0.9912  freq: 1.2050  spend: -0.0299  w_freq: 1.359  w_spend: 0.645
Epoch  83/120 — train_loss: 1.0956  val_loss: 0.9916  freq: 1.2052  spend: -0.0289  w_freq: 1.359  w_spend: 0.645
Epoch  84/120 — train_loss: 1.0912  val_loss: 0.9888  freq: 1.2035  spend: -0.0287  w_freq: 1.359  w_spend: 0.646
Epoch  85/120 — train_loss: 1.0928  val_loss: 0.9874  freq: 1.2035  spend: -0.0301  w_freq: 1.359  w_spend: 0.647
Epoch  86/120 — train_loss: 1.0907  val_loss: 0.9875  freq: 1.2038  spend: -0.0298  w_freq: 1.359  w_spend: 0.647
Epoch  87/120 — train_loss: 1.0926  val_loss: 0.9878  freq: 1.2041  spend: -0.0291  w_freq: 1.359  w_spend: 0.648
Epoch  88/120 — train_loss: 1.0885  val_loss: 0.9874  freq: 1.2040  spend: -0.0288  w_freq: 1.359  w_spend: 0.649
Epoch  89/120 — train_loss: 1.0906  val_loss: 0.9852  freq: 1.2030  spend: -0.0294  w_freq: 1.359  w_spend: 0.649
Epoch  90/120 — train_loss: 1.0910  val_loss: 0.9873  freq: 1.2048  spend: -0.0292  w_freq: 1.359  w_spend: 0.650
Epoch  91/120 — train_loss: 1.0901  val_loss: 0.9861  freq: 1.2041  spend: -0.0291  w_freq: 1.359  w_spend: 0.650
Epoch  92/120 — train_loss: 1.0946  val_loss: 0.9847  freq: 1.2034  spend: -0.0291  w_freq: 1.359  w_spend: 0.651
Epoch  93/120 — train_loss: 1.0897  val_loss: 0.9853  freq: 1.2039  spend: -0.0290  w_freq: 1.359  w_spend: 0.651
Epoch  94/120 — train_loss: 1.0903  val_loss: 0.9847  freq: 1.2037  spend: -0.0290  w_freq: 1.359  w_spend: 0.651
Epoch  95/120 — train_loss: 1.0942  val_loss: 0.9842  freq: 1.2037  spend: -0.0292  w_freq: 1.359  w_spend: 0.652
Epoch  96/120 — train_loss: 1.0921  val_loss: 0.9840  freq: 1.2036  spend: -0.0291  w_freq: 1.359  w_spend: 0.652
Epoch  97/120 — train_loss: 1.0945  val_loss: 0.9837  freq: 1.2036  spend: -0.0290  w_freq: 1.359  w_spend: 0.653
Epoch  98/120 — train_loss: 1.0922  val_loss: 0.9846  freq: 1.2042  spend: -0.0286  w_freq: 1.359  w_spend: 0.653
Epoch  99/120 — train_loss: 1.0904  val_loss: 0.9831  freq: 1.2035  spend: -0.0289  w_freq: 1.359  w_spend: 0.653
Epoch 100/120 — train_loss: 1.0893  val_loss: 0.9837  freq: 1.2039  spend: -0.0287  w_freq: 1.359  w_spend: 0.653
Epoch 101/120 — train_loss: 1.0927  val_loss: 0.9828  freq: 1.2035  spend: -0.0289  w_freq: 1.359  w_spend: 0.654
Epoch 102/120 — train_loss: 1.0941  val_loss: 0.9837  freq: 1.2040  spend: -0.0281  w_freq: 1.359  w_spend: 0.654
Epoch 103/120 — train_loss: 1.0937  val_loss: 0.9830  freq: 1.2039  spend: -0.0289  w_freq: 1.359  w_spend: 0.654
Epoch 104/120 — train_loss: 1.0952  val_loss: 0.9832  freq: 1.2038  spend: -0.0283  w_freq: 1.359  w_spend: 0.654
Epoch 105/120 — train_loss: 1.0939  val_loss: 0.9827  freq: 1.2037  spend: -0.0284  w_freq: 1.359  w_spend: 0.654
Epoch 106/120 — train_loss: 1.0926  val_loss: 0.9829  freq: 1.2038  spend: -0.0283  w_freq: 1.359  w_spend: 0.655
Epoch 107/120 — train_loss: 1.0949  val_loss: 0.9828  freq: 1.2038  spend: -0.0282  w_freq: 1.359  w_spend: 0.655
Epoch 108/120 — train_loss: 1.0976  val_loss: 0.9829  freq: 1.2039  spend: -0.0283  w_freq: 1.359  w_spend: 0.655
Epoch 109/120 — train_loss: 1.0954  val_loss: 0.9832  freq: 1.2041  spend: -0.0281  w_freq: 1.359  w_spend: 0.655
Epoch 110/120 — train_loss: 1.0963  val_loss: 0.9827  freq: 1.2038  spend: -0.0281  w_freq: 1.359  w_spend: 0.655
Epoch 111/120 — train_loss: 1.0992  val_loss: 0.9828  freq: 1.2038  spend: -0.0281  w_freq: 1.359  w_spend: 0.655
Epoch 112/120 — train_loss: 1.1005  val_loss: 0.9828  freq: 1.2039  spend: -0.0280  w_freq: 1.359  w_spend: 0.655
Epoch 113/120 — train_loss: 1.0954  val_loss: 0.9830  freq: 1.2040  spend: -0.0279  w_freq: 1.359  w_spend: 0.655
Epoch 114/120 — train_loss: 1.1000  val_loss: 0.9831  freq: 1.2040  spend: -0.0279  w_freq: 1.359  w_spend: 0.655
Epoch 115/120 — train_loss: 1.1020  val_loss: 0.9831  freq: 1.2040  spend: -0.0277  w_freq: 1.359  w_spend: 0.655
Epoch 116/120 — train_loss: 1.1019  val_loss: 0.9831  freq: 1.2040  spend: -0.0277  w_freq: 1.359  w_spend: 0.655
Epoch 117/120 — train_loss: 1.1016  val_loss: 0.9831  freq: 1.2040  spend: -0.0277  w_freq: 1.359  w_spend: 0.655
Epoch 118/120 — train_loss: 1.1012  val_loss: 0.9832  freq: 1.2041  spend: -0.0277  w_freq: 1.359  w_spend: 0.655
Epoch 119/120 — train_loss: 1.1071  val_loss: 0.9832  freq: 1.2041  spend: -0.0277  w_freq: 1.359  w_spend: 0.655
Epoch 120/120 — train_loss: 1.1033  val_loss: 0.9832  freq: 1.2041  spend: -0.0277  w_freq: 1.359  w_spend: 0.655

Checkpoint saved: /kaggle/working/results/checkpoints/extension3_lstm_none_dunnhumby_v8_seed2024_sample.pt
Validation-fitted softmax temperature: 0.7500

Duan's smearing factor (val): 1.4868
Validation aggregate calibration: freq_factor=1.0687, spend_factor=0.9844

Running autoregressive inference on holdout period ...
  inference mode: sample  n_scenarios: 30  temperature: 0.7500

=== Prediction Diagnostics ===
  Mean predicted freq/week:    1.0060
  Mean actual freq/week:       1.1882
  Over-prediction ratio:       0.847x
  Customers predicted as zero total:  0.157
  Customers actually zero total:      0.188
  Non-zero rate (pred, avg > 0.05):  0.914
  Non-zero rate (true):               0.542

Metrics saved: /kaggle/working/results/tables/extension3_lstm_none_dunnhumby_v8_seed2024_sample_metrics.json
Array artifacts saved: /kaggle/working/results/tables/extension3_lstm_none_dunnhumby_v8_seed2024_sample_arrays.npz

=== Holdout Evaluation ===
  metric_definition_version: valendin_aggregate_mape_v1
  freq_rmse: 3.4350
  freq_mae: 2.0288
  freq_normalized_gini: 0.8521
  freq_calibration_factor: 1.0687
  freq_horizon_abs_bias_pct: 9.5184
  bias_pct: -9.5184
  freq_weekly_mae: 282.5047
  freq_weekly_total_true: 11872.0000
  freq_weekly_total_pred: 10741.9810
  freq_valendin_mape: 9.5184
  freq_horizon_bias_pct: -9.5184
  freq_weekly_mean_pct_mape: 9.5041
  freq_weekly_mean_pct_bias_pct: -9.5041
  freq_weekly_bias_pct: -9.5184
  freq_weekly_mape: 9.5184
  freq_mape: 9.5184
  freq_mase: 0.9563
  freq_mase_scale: 0.8235
  smearing_factor: 1.4868
  spend_calibration_factor: 0.9844
  spend_mae_raw: 67.3151
  spend_rmse_raw: 109.3607
  spend_normalized_gini: 0.8282
  spend_mae_log: 1.0186
  spend_rmse_log: 1.4339
  spend_r2_log: 0.5330
  spend_bias_pct: 1.0578
  spend_weekly_mae: 2295.2260
  spend_weekly_total_true: 347125.7605
  spend_weekly_total_pred: 350797.5810
  spend_valendin_mape: 2.6448
  spend_horizon_abs_bias_pct: 1.0578
  spend_horizon_bias_pct: 1.0578
  spend_weekly_mean_pct_mape: 2.6472
  spend_weekly_mean_pct_bias_pct: 1.1583
  spend_weekly_bias_pct: 1.0578
  spend_weekly_mape: 2.6448
  spend_mase: 0.9856
  spend_mase_scale: 27.5152
  clv_mae: 67.1341
  clv_rmse: 109.0679
  clv_spearman: 0.7937
  clv_decile_lift: 3.3632
  clv_normalized_gini: 0.8282
  clv_total_true: 346205.2188
  clv_total_pred: 349856.6562
  calibration_temperature_source: rolling_origin_autoregressive
  validation_temperature: 0.7500
  smearing_source: rolling_origin_autoregressive
  calibration_source: rolling_origin_autoregressive
  validation_freq_true_total: 2215.0000
  validation_freq_pred_total: 1737.6069
  validation_spend_true_total: 63355.4414
  validation_spend_pred_total: 67574.1562
  validation_freq_calibration_factor: 1.0687
  validation_spend_calibration_factor: 0.9844
  validation_rolling_origin_count: 2
  protocol_name: dunnhumby_configured_80x4
  cohort_size: 2498
  calibration_weeks: 80
  holdout_weeks: 4
  inference_mode: sample
  n_scenarios: 30
  final_manifest_version: 2026-05-29-v7-v8-extension3-sweep
  final_manifest_run_name: extension3_lstm_none_dunnhumby_v8_seed2024_sample
  final_manifest_config: experiments/configs/extension3_lstm_none_dunnhumby_v8.yaml
  final_manifest_config_hash: aa7b249b8a17
  final_manifest_actual_config_hash: 95bca8dc3935
  final_manifest_seed: 2024
  final_manifest_epochs: 120
  final_manifest_inference_mode: sample
  final_manifest_n_scenarios: 30
  run_valid: True
  run_invalid_reason: 
  run_warning: 
  epochs_completed: 120
  max_epochs_configured: 120
History saved: /kaggle/working/results/tables/extension3_lstm_none_dunnhumby_v8_seed2024_sample_history.json
