[Kaggle] raw_dir  → /kaggle/working/input/dunnhumby
[Kaggle] results  → /kaggle/working/results
Config: experiments/configs/extension3_lstm_dynamic_dunnhumby_v8.yaml
Run: extension3_lstm_dynamic_dunnhumby_v8_seed42_sample
Device: cuda
Loading dataset: dunnhumby ...
[pipeline] freq_cap=10 (auto q=0.99) → freq_bins=[0, 1, 2, 3]... (n_classes=11)
  Train customers: 2249, Val: 249, Inference: 2498
[dunnhumby] Customers with 0 calibration transactions: 0 / 2498
  top-bin decode: class_values[-1] = 13.099 (max_trans = 10)
Model: lstm — 103,697 parameters

Training for up to 120 epochs ...
/kaggle/working/thesis-code/src/training/trainer.py:135: FutureWarning: `torch.cuda.amp.GradScaler(args...)` is deprecated. Please use `torch.amp.GradScaler('cuda', args...)` instead.
  self.scaler = torch.cuda.amp.GradScaler(enabled=self.amp_enabled)
[Kendall] log_vars frozen for 5 warm-up epochs.
Epoch   1/120 — train_loss: 3.7611  val_loss: 3.8025  freq: 3.1563  spend: 0.0253  w_freq: 1.359  w_spend: 0.500
Epoch   2/120 — train_loss: 3.7009  val_loss: 3.6983  freq: 3.0797  spend: 0.0250  w_freq: 1.359  w_spend: 0.500
Epoch   3/120 — train_loss: 3.5582  val_loss: 3.4670  freq: 2.9098  spend: 0.0244  w_freq: 1.359  w_spend: 0.500
Epoch   4/120 — train_loss: 3.1891  val_loss: 2.7984  freq: 2.4187  spend: 0.0221  w_freq: 1.359  w_spend: 0.500
Epoch   5/120 — train_loss: 2.2369  val_loss: 1.6899  freq: 1.6052  spend: 0.0165  w_freq: 1.359  w_spend: 0.500
[Kendall] log_vars unfrozen at epoch 6.
[spend-norm] frozen at 0.2379 (absolute val-loss magnitude shifts accordingly; early stopping is relative so this is safe)
Epoch   6/120 — train_loss: 1.8289  val_loss: 1.5646  freq: 1.4960  spend: 0.0665  w_freq: 1.359  w_spend: 0.501
Epoch   7/120 — train_loss: 1.6641  val_loss: 1.5637  freq: 1.4991  spend: 0.0607  w_freq: 1.359  w_spend: 0.503
Epoch   8/120 — train_loss: 1.5818  val_loss: 1.4294  freq: 1.4019  spend: 0.0608  w_freq: 1.359  w_spend: 0.505
Epoch   9/120 — train_loss: 1.4871  val_loss: 1.3423  freq: 1.3440  spend: 0.0491  w_freq: 1.359  w_spend: 0.508
Epoch  10/120 — train_loss: 1.4019  val_loss: 1.2878  freq: 1.3083  spend: 0.0424  w_freq: 1.359  w_spend: 0.511
Epoch  11/120 — train_loss: 1.3563  val_loss: 1.2480  freq: 1.2840  spend: 0.0348  w_freq: 1.359  w_spend: 0.514
Epoch  12/120 — train_loss: 1.3273  val_loss: 1.2224  freq: 1.2686  spend: 0.0309  w_freq: 1.359  w_spend: 0.517
Epoch  13/120 — train_loss: 1.3021  val_loss: 1.2064  freq: 1.2589  spend: 0.0307  w_freq: 1.359  w_spend: 0.519
Epoch  14/120 — train_loss: 1.2906  val_loss: 1.1987  freq: 1.2553  spend: 0.0302  w_freq: 1.359  w_spend: 0.522
Epoch  15/120 — train_loss: 1.2780  val_loss: 1.1858  freq: 1.2479  spend: 0.0295  w_freq: 1.359  w_spend: 0.525
Epoch  16/120 — train_loss: 1.2670  val_loss: 1.1811  freq: 1.2458  spend: 0.0310  w_freq: 1.359  w_spend: 0.528
Epoch  17/120 — train_loss: 1.2628  val_loss: 1.1692  freq: 1.2399  spend: 0.0281  w_freq: 1.359  w_spend: 0.531
Epoch  18/120 — train_loss: 1.2529  val_loss: 1.1616  freq: 1.2364  spend: 0.0273  w_freq: 1.359  w_spend: 0.533
Epoch  19/120 — train_loss: 1.2447  val_loss: 1.1523  freq: 1.2327  spend: 0.0240  w_freq: 1.359  w_spend: 0.536
Epoch  20/120 — train_loss: 1.2379  val_loss: 1.1512  freq: 1.2342  spend: 0.0220  w_freq: 1.359  w_spend: 0.538
Epoch  21/120 — train_loss: 1.2336  val_loss: 1.1399  freq: 1.2290  spend: 0.0179  w_freq: 1.359  w_spend: 0.541
Epoch  22/120 — train_loss: 1.2231  val_loss: 1.1293  freq: 1.2255  spend: 0.0107  w_freq: 1.359  w_spend: 0.543
Epoch  23/120 — train_loss: 1.2150  val_loss: 1.1230  freq: 1.2254  spend: 0.0033  w_freq: 1.359  w_spend: 0.545
Epoch  24/120 — train_loss: 1.2018  val_loss: 1.1121  freq: 1.2226  spend: -0.0063  w_freq: 1.359  w_spend: 0.547
Epoch  25/120 — train_loss: 1.1952  val_loss: 1.1060  freq: 1.2204  spend: -0.0084  w_freq: 1.359  w_spend: 0.549
Epoch  26/120 — train_loss: 1.1943  val_loss: 1.1005  freq: 1.2190  spend: -0.0114  w_freq: 1.359  w_spend: 0.551
Epoch  27/120 — train_loss: 1.1860  val_loss: 1.0987  freq: 1.2195  spend: -0.0123  w_freq: 1.359  w_spend: 0.554
Epoch  28/120 — train_loss: 1.1801  val_loss: 1.0924  freq: 1.2176  spend: -0.0154  w_freq: 1.359  w_spend: 0.556
Epoch  29/120 — train_loss: 1.1752  val_loss: 1.0864  freq: 1.2153  spend: -0.0167  w_freq: 1.359  w_spend: 0.558
Epoch  30/120 — train_loss: 1.1705  val_loss: 1.0812  freq: 1.2138  spend: -0.0188  w_freq: 1.359  w_spend: 0.560
Epoch  31/120 — train_loss: 1.1678  val_loss: 1.0799  freq: 1.2147  spend: -0.0194  w_freq: 1.359  w_spend: 0.563
Epoch  32/120 — train_loss: 1.1672  val_loss: 1.0788  freq: 1.2151  spend: -0.0193  w_freq: 1.359  w_spend: 0.565
Epoch  33/120 — train_loss: 1.1626  val_loss: 1.0702  freq: 1.2107  spend: -0.0209  w_freq: 1.359  w_spend: 0.567
Epoch  34/120 — train_loss: 1.1628  val_loss: 1.0763  freq: 1.2159  spend: -0.0200  w_freq: 1.359  w_spend: 0.568
Epoch  35/120 — train_loss: 1.1575  val_loss: 1.0676  freq: 1.2113  spend: -0.0219  w_freq: 1.359  w_spend: 0.570
Epoch  36/120 — train_loss: 1.1503  val_loss: 1.0625  freq: 1.2091  spend: -0.0223  w_freq: 1.359  w_spend: 0.572
Epoch  37/120 — train_loss: 1.1494  val_loss: 1.0599  freq: 1.2087  spend: -0.0225  w_freq: 1.359  w_spend: 0.574
Epoch  38/120 — train_loss: 1.1445  val_loss: 1.0564  freq: 1.2077  spend: -0.0229  w_freq: 1.359  w_spend: 0.576
Epoch  39/120 — train_loss: 1.1439  val_loss: 1.0526  freq: 1.2067  spend: -0.0234  w_freq: 1.359  w_spend: 0.578
Epoch  40/120 — train_loss: 1.1387  val_loss: 1.0507  freq: 1.2070  spend: -0.0238  w_freq: 1.359  w_spend: 0.581
Epoch  41/120 — train_loss: 1.1368  val_loss: 1.0501  freq: 1.2083  spend: -0.0249  w_freq: 1.359  w_spend: 0.583
Epoch  42/120 — train_loss: 1.1323  val_loss: 1.0434  freq: 1.2043  spend: -0.0241  w_freq: 1.359  w_spend: 0.585
Epoch  43/120 — train_loss: 1.1343  val_loss: 1.0416  freq: 1.2046  spend: -0.0249  w_freq: 1.359  w_spend: 0.587
Epoch  44/120 — train_loss: 1.1320  val_loss: 1.0414  freq: 1.2045  spend: -0.0224  w_freq: 1.359  w_spend: 0.589
Epoch  45/120 — train_loss: 1.1274  val_loss: 1.0369  freq: 1.2037  spend: -0.0253  w_freq: 1.359  w_spend: 0.591
Epoch  46/120 — train_loss: 1.1282  val_loss: 1.0348  freq: 1.2038  spend: -0.0263  w_freq: 1.359  w_spend: 0.592
Epoch  47/120 — train_loss: 1.1256  val_loss: 1.0350  freq: 1.2043  spend: -0.0243  w_freq: 1.359  w_spend: 0.594
Epoch  48/120 — train_loss: 1.1223  val_loss: 1.0294  freq: 1.2025  spend: -0.0267  w_freq: 1.359  w_spend: 0.596
Epoch  49/120 — train_loss: 1.1180  val_loss: 1.0283  freq: 1.2032  spend: -0.0272  w_freq: 1.359  w_spend: 0.598
Epoch  50/120 — train_loss: 1.1187  val_loss: 1.0289  freq: 1.2044  spend: -0.0265  w_freq: 1.359  w_spend: 0.600
Epoch  51/120 — train_loss: 1.1196  val_loss: 1.0249  freq: 1.2027  spend: -0.0272  w_freq: 1.359  w_spend: 0.602
Epoch  52/120 — train_loss: 1.1148  val_loss: 1.0221  freq: 1.2016  spend: -0.0271  w_freq: 1.359  w_spend: 0.603
Epoch  53/120 — train_loss: 1.1144  val_loss: 1.0217  freq: 1.2025  spend: -0.0274  w_freq: 1.359  w_spend: 0.605
Epoch  54/120 — train_loss: 1.1125  val_loss: 1.0226  freq: 1.2036  spend: -0.0260  w_freq: 1.359  w_spend: 0.607
Epoch  55/120 — train_loss: 1.1122  val_loss: 1.0170  freq: 1.2009  spend: -0.0273  w_freq: 1.359  w_spend: 0.608
Epoch  56/120 — train_loss: 1.1097  val_loss: 1.0167  freq: 1.2016  spend: -0.0271  w_freq: 1.359  w_spend: 0.610
Epoch  57/120 — train_loss: 1.1115  val_loss: 1.0143  freq: 1.2009  spend: -0.0275  w_freq: 1.359  w_spend: 0.611
Epoch  58/120 — train_loss: 1.1075  val_loss: 1.0136  freq: 1.2012  spend: -0.0271  w_freq: 1.359  w_spend: 0.613
Epoch  59/120 — train_loss: 1.1059  val_loss: 1.0106  freq: 1.2002  spend: -0.0275  w_freq: 1.359  w_spend: 0.614
Epoch  60/120 — train_loss: 1.1048  val_loss: 1.0092  freq: 1.2004  spend: -0.0279  w_freq: 1.359  w_spend: 0.616
Epoch  61/120 — train_loss: 1.1018  val_loss: 1.0087  freq: 1.2004  spend: -0.0265  w_freq: 1.359  w_spend: 0.618
Epoch  62/120 — train_loss: 1.1017  val_loss: 1.0077  freq: 1.2013  spend: -0.0279  w_freq: 1.359  w_spend: 0.619
Epoch  63/120 — train_loss: 1.1002  val_loss: 1.0044  freq: 1.1997  spend: -0.0280  w_freq: 1.359  w_spend: 0.621
Epoch  64/120 — train_loss: 1.1002  val_loss: 1.0031  freq: 1.1995  spend: -0.0277  w_freq: 1.359  w_spend: 0.622
Epoch  65/120 — train_loss: 1.1008  val_loss: 1.0060  freq: 1.2025  spend: -0.0278  w_freq: 1.359  w_spend: 0.624
Epoch  66/120 — train_loss: 1.0979  val_loss: 1.0014  freq: 1.1999  spend: -0.0279  w_freq: 1.359  w_spend: 0.625
Epoch  67/120 — train_loss: 1.0954  val_loss: 0.9994  freq: 1.1995  spend: -0.0283  w_freq: 1.359  w_spend: 0.626
Epoch  68/120 — train_loss: 1.0952  val_loss: 0.9986  freq: 1.1995  spend: -0.0280  w_freq: 1.359  w_spend: 0.628
Epoch  69/120 — train_loss: 1.0965  val_loss: 0.9985  freq: 1.1996  spend: -0.0266  w_freq: 1.359  w_spend: 0.629
Epoch  70/120 — train_loss: 1.0944  val_loss: 0.9966  freq: 1.1998  spend: -0.0283  w_freq: 1.359  w_spend: 0.630
Epoch  71/120 — train_loss: 1.0941  val_loss: 0.9953  freq: 1.1995  spend: -0.0280  w_freq: 1.359  w_spend: 0.631
Epoch  72/120 — train_loss: 1.0915  val_loss: 0.9943  freq: 1.1993  spend: -0.0275  w_freq: 1.359  w_spend: 0.633
Epoch  73/120 — train_loss: 1.0930  val_loss: 0.9942  freq: 1.1999  spend: -0.0274  w_freq: 1.359  w_spend: 0.634
Epoch  74/120 — train_loss: 1.0928  val_loss: 0.9915  freq: 1.1990  spend: -0.0282  w_freq: 1.359  w_spend: 0.635
Epoch  75/120 — train_loss: 1.0907  val_loss: 0.9910  freq: 1.1993  spend: -0.0283  w_freq: 1.359  w_spend: 0.636
Epoch  76/120 — train_loss: 1.0881  val_loss: 0.9905  freq: 1.1996  spend: -0.0284  w_freq: 1.359  w_spend: 0.637
Epoch  77/120 — train_loss: 1.0876  val_loss: 0.9888  freq: 1.1990  spend: -0.0284  w_freq: 1.359  w_spend: 0.638
Epoch  78/120 — train_loss: 1.0904  val_loss: 0.9887  freq: 1.1990  spend: -0.0272  w_freq: 1.359  w_spend: 0.639
Epoch  79/120 — train_loss: 1.0877  val_loss: 0.9884  freq: 1.1992  spend: -0.0271  w_freq: 1.359  w_spend: 0.640
Epoch  80/120 — train_loss: 1.0867  val_loss: 0.9878  freq: 1.1993  spend: -0.0272  w_freq: 1.359  w_spend: 0.641
Epoch  81/120 — train_loss: 1.0881  val_loss: 0.9867  freq: 1.1993  spend: -0.0276  w_freq: 1.359  w_spend: 0.642
Epoch  82/120 — train_loss: 1.0878  val_loss: 0.9849  freq: 1.1987  spend: -0.0281  w_freq: 1.359  w_spend: 0.643
Epoch  83/120 — train_loss: 1.0847  val_loss: 0.9848  freq: 1.1991  spend: -0.0283  w_freq: 1.359  w_spend: 0.644
Epoch  84/120 — train_loss: 1.0872  val_loss: 0.9835  freq: 1.1986  spend: -0.0283  w_freq: 1.359  w_spend: 0.645
Epoch  85/120 — train_loss: 1.0840  val_loss: 0.9831  freq: 1.1987  spend: -0.0282  w_freq: 1.359  w_spend: 0.645
Epoch  86/120 — train_loss: 1.0865  val_loss: 0.9828  freq: 1.1986  spend: -0.0277  w_freq: 1.359  w_spend: 0.646
Epoch  87/120 — train_loss: 1.0861  val_loss: 0.9832  freq: 1.1993  spend: -0.0278  w_freq: 1.359  w_spend: 0.647
Epoch  88/120 — train_loss: 1.0872  val_loss: 0.9831  freq: 1.1993  spend: -0.0271  w_freq: 1.359  w_spend: 0.647
Epoch  89/120 — train_loss: 1.0853  val_loss: 0.9820  freq: 1.1989  spend: -0.0272  w_freq: 1.359  w_spend: 0.648
Epoch  90/120 — train_loss: 1.0861  val_loss: 0.9816  freq: 1.1992  spend: -0.0279  w_freq: 1.359  w_spend: 0.648
Epoch  91/120 — train_loss: 1.0883  val_loss: 0.9816  freq: 1.1993  spend: -0.0275  w_freq: 1.359  w_spend: 0.649
Epoch  92/120 — train_loss: 1.0872  val_loss: 0.9808  freq: 1.1992  spend: -0.0279  w_freq: 1.359  w_spend: 0.649
Epoch  93/120 — train_loss: 1.0889  val_loss: 0.9806  freq: 1.1989  spend: -0.0269  w_freq: 1.359  w_spend: 0.650
Epoch  94/120 — train_loss: 1.0863  val_loss: 0.9808  freq: 1.1994  spend: -0.0272  w_freq: 1.359  w_spend: 0.650
Epoch  95/120 — train_loss: 1.0832  val_loss: 0.9801  freq: 1.1993  spend: -0.0276  w_freq: 1.359  w_spend: 0.651
Epoch  96/120 — train_loss: 1.0864  val_loss: 0.9800  freq: 1.1990  spend: -0.0266  w_freq: 1.359  w_spend: 0.651
Epoch  97/120 — train_loss: 1.0881  val_loss: 0.9792  freq: 1.1989  spend: -0.0272  w_freq: 1.359  w_spend: 0.652
Epoch  98/120 — train_loss: 1.0894  val_loss: 0.9794  freq: 1.1995  spend: -0.0277  w_freq: 1.359  w_spend: 0.652
Epoch  99/120 — train_loss: 1.0913  val_loss: 0.9793  freq: 1.1990  spend: -0.0265  w_freq: 1.359  w_spend: 0.652
Epoch 100/120 — train_loss: 1.0870  val_loss: 0.9788  freq: 1.1989  spend: -0.0269  w_freq: 1.359  w_spend: 0.652
Epoch 101/120 — train_loss: 1.0886  val_loss: 0.9789  freq: 1.1992  spend: -0.0273  w_freq: 1.359  w_spend: 0.653
Epoch 102/120 — train_loss: 1.0877  val_loss: 0.9788  freq: 1.1993  spend: -0.0272  w_freq: 1.359  w_spend: 0.653
Epoch 103/120 — train_loss: 1.0882  val_loss: 0.9790  freq: 1.1994  spend: -0.0269  w_freq: 1.359  w_spend: 0.653
Epoch 104/120 — train_loss: 1.0902  val_loss: 0.9787  freq: 1.1990  spend: -0.0263  w_freq: 1.359  w_spend: 0.653
Epoch 105/120 — train_loss: 1.0921  val_loss: 0.9786  freq: 1.1994  spend: -0.0270  w_freq: 1.359  w_spend: 0.653
Epoch 106/120 — train_loss: 1.0894  val_loss: 0.9782  freq: 1.1990  spend: -0.0267  w_freq: 1.359  w_spend: 0.654
Epoch 107/120 — train_loss: 1.0919  val_loss: 0.9788  freq: 1.1995  spend: -0.0267  w_freq: 1.359  w_spend: 0.654
Epoch 108/120 — train_loss: 1.0958  val_loss: 0.9782  freq: 1.1990  spend: -0.0265  w_freq: 1.359  w_spend: 0.654
Epoch 109/120 — train_loss: 1.0901  val_loss: 0.9784  freq: 1.1993  spend: -0.0267  w_freq: 1.359  w_spend: 0.654
Epoch 110/120 — train_loss: 1.0912  val_loss: 0.9786  freq: 1.1995  spend: -0.0266  w_freq: 1.359  w_spend: 0.654
Epoch 111/120 — train_loss: 1.0947  val_loss: 0.9784  freq: 1.1992  spend: -0.0264  w_freq: 1.359  w_spend: 0.654
Epoch 112/120 — train_loss: 1.0937  val_loss: 0.9785  freq: 1.1994  spend: -0.0265  w_freq: 1.359  w_spend: 0.654
Epoch 113/120 — train_loss: 1.0968  val_loss: 0.9787  freq: 1.1996  spend: -0.0265  w_freq: 1.359  w_spend: 0.654
Epoch 114/120 — train_loss: 1.0933  val_loss: 0.9784  freq: 1.1993  spend: -0.0265  w_freq: 1.359  w_spend: 0.654
Epoch 115/120 — train_loss: 1.0936  val_loss: 0.9785  freq: 1.1993  spend: -0.0262  w_freq: 1.359  w_spend: 0.654
Epoch 116/120 — train_loss: 1.0978  val_loss: 0.9786  freq: 1.1994  spend: -0.0261  w_freq: 1.359  w_spend: 0.654
Epoch 117/120 — train_loss: 1.0959  val_loss: 0.9787  freq: 1.1994  spend: -0.0261  w_freq: 1.359  w_spend: 0.654
Epoch 118/120 — train_loss: 1.0962  val_loss: 0.9787  freq: 1.1994  spend: -0.0261  w_freq: 1.359  w_spend: 0.654
Epoch 119/120 — train_loss: 1.0962  val_loss: 0.9787  freq: 1.1994  spend: -0.0261  w_freq: 1.359  w_spend: 0.654
Epoch 120/120 — train_loss: 1.1006  val_loss: 0.9787  freq: 1.1994  spend: -0.0261  w_freq: 1.359  w_spend: 0.654

Checkpoint saved: /kaggle/working/results/checkpoints/extension3_lstm_dynamic_dunnhumby_v8_seed42_sample.pt
Validation-fitted softmax temperature: 0.9000

Duan's smearing factor (val): 1.4878
Validation aggregate calibration: freq_factor=1.0361, spend_factor=0.9795

Running autoregressive inference on holdout period ...
  inference mode: sample  n_scenarios: 30  temperature: 0.9000

=== Prediction Diagnostics ===
  Mean predicted freq/week:    1.1065
  Mean actual freq/week:       1.1882
  Over-prediction ratio:       0.931x
  Customers predicted as zero total:  0.089
  Customers actually zero total:      0.188
  Non-zero rate (pred, avg > 0.05):  0.961
  Non-zero rate (true):               0.542

Metrics saved: /kaggle/working/results/tables/extension3_lstm_dynamic_dunnhumby_v8_seed42_sample_metrics.json
Array artifacts saved: /kaggle/working/results/tables/extension3_lstm_dynamic_dunnhumby_v8_seed42_sample_arrays.npz

=== Holdout Evaluation ===
  metric_definition_version: valendin_aggregate_mape_v1
  freq_rmse: 3.1492
  freq_mae: 1.9708
  freq_normalized_gini: 0.8551
  freq_calibration_factor: 1.0361
  freq_horizon_abs_bias_pct: 3.5094
  bias_pct: -3.5094
  freq_weekly_mae: 104.1593
  freq_weekly_total_true: 11872.0000
  freq_weekly_total_pred: 11455.3629
  freq_valendin_mape: 3.5094
  freq_horizon_bias_pct: -3.5094
  freq_weekly_mean_pct_mape: 3.4975
  freq_weekly_mean_pct_bias_pct: -3.4975
  freq_weekly_bias_pct: -3.5094
  freq_weekly_mape: 3.5094
  freq_mape: 3.5094
  freq_mase: 0.9705
  freq_mase_scale: 0.8235
  smearing_factor: 1.4878
  spend_calibration_factor: 0.9795
  spend_mae_raw: 66.2305
  spend_rmse_raw: 106.7971
  spend_normalized_gini: 0.8310
  spend_mae_log: 1.0628
  spend_rmse_log: 1.5224
  spend_r2_log: 0.4735
  spend_bias_pct: 1.3682
  spend_weekly_mae: 3671.7737
  spend_weekly_total_true: 347125.7605
  spend_weekly_total_pred: 351875.1614
  spend_valendin_mape: 4.2311
  spend_horizon_abs_bias_pct: 1.3682
  spend_horizon_bias_pct: 1.3682
  spend_weekly_mean_pct_mape: 4.2304
  spend_weekly_mean_pct_bias_pct: 1.5446
  spend_weekly_bias_pct: 1.3682
  spend_weekly_mape: 4.2311
  spend_mase: 0.9938
  spend_mase_scale: 27.5152
  clv_mae: 66.0506
  clv_rmse: 106.5092
  clv_spearman: 0.7936
  clv_decile_lift: 3.4128
  clv_normalized_gini: 0.8310
  clv_total_true: 346205.2188
  clv_total_pred: 350926.5000
  calibration_temperature_source: rolling_origin_autoregressive
  validation_temperature: 0.9000
  smearing_source: rolling_origin_autoregressive
  calibration_source: rolling_origin_autoregressive
  validation_freq_true_total: 2215.0000
  validation_freq_pred_total: 1935.4279
  validation_spend_true_total: 63355.4414
  validation_spend_pred_total: 69002.9688
  validation_freq_calibration_factor: 1.0361
  validation_spend_calibration_factor: 0.9795
  validation_rolling_origin_count: 2
  protocol_name: dunnhumby_configured_80x4
  cohort_size: 2498
  calibration_weeks: 80
  holdout_weeks: 4
  inference_mode: sample
  n_scenarios: 30
  final_manifest_version: 2026-05-29-v7-v8-extension3-sweep
  final_manifest_run_name: extension3_lstm_dynamic_dunnhumby_v8_seed42_sample
  final_manifest_config: experiments/configs/extension3_lstm_dynamic_dunnhumby_v8.yaml
  final_manifest_config_hash: 1232eb9ed909
  final_manifest_actual_config_hash: 4e7d599a8ef4
  final_manifest_seed: 42
  final_manifest_epochs: 120
  final_manifest_inference_mode: sample
  final_manifest_n_scenarios: 30
  run_valid: True
  run_invalid_reason: 
  run_warning: 
  epochs_completed: 120
  max_epochs_configured: 120
History saved: /kaggle/working/results/tables/extension3_lstm_dynamic_dunnhumby_v8_seed42_sample_history.json
