[Kaggle] raw_dir  → /kaggle/working/input/dunnhumby
[Kaggle] results  → /kaggle/working/results
Config: experiments/configs/extension3_lstm_dynamic_dunnhumby_v8.yaml
Run: extension3_lstm_dynamic_dunnhumby_v8_seed7_sample
Device: cuda
Loading dataset: dunnhumby ...
[pipeline] freq_cap=10 (auto q=0.99) → freq_bins=[0, 1, 2, 3]... (n_classes=11)
  Train customers: 2249, Val: 249, Inference: 2498
[dunnhumby] Customers with 0 calibration transactions: 0 / 2498
  top-bin decode: class_values[-1] = 13.099 (max_trans = 10)
Model: lstm — 103,697 parameters

Training for up to 120 epochs ...
/kaggle/working/thesis-code/src/training/trainer.py:135: FutureWarning: `torch.cuda.amp.GradScaler(args...)` is deprecated. Please use `torch.amp.GradScaler('cuda', args...)` instead.
  self.scaler = torch.cuda.amp.GradScaler(enabled=self.amp_enabled)
[Kendall] log_vars frozen for 5 warm-up epochs.
Epoch   1/120 — train_loss: 3.8011  val_loss: 3.8450  freq: 3.1877  spend: 0.0251  w_freq: 1.359  w_spend: 0.500
Epoch   2/120 — train_loss: 3.7494  val_loss: 3.7641  freq: 3.1282  spend: 0.0249  w_freq: 1.359  w_spend: 0.500
Epoch   3/120 — train_loss: 3.6411  val_loss: 3.6055  freq: 3.0117  spend: 0.0244  w_freq: 1.359  w_spend: 0.500
Epoch   4/120 — train_loss: 3.4165  val_loss: 3.2309  freq: 2.7366  spend: 0.0228  w_freq: 1.359  w_spend: 0.500
Epoch   5/120 — train_loss: 2.8061  val_loss: 2.0907  freq: 1.9001  spend: 0.0163  w_freq: 1.359  w_spend: 0.500
[Kendall] log_vars unfrozen at epoch 6.
[spend-norm] frozen at 0.2384 (absolute val-loss magnitude shifts accordingly; early stopping is relative so this is safe)
Epoch   6/120 — train_loss: 1.9616  val_loss: 1.6052  freq: 1.5288  spend: 0.0585  w_freq: 1.359  w_spend: 0.501
Epoch   7/120 — train_loss: 1.5933  val_loss: 1.4440  freq: 1.4096  spend: 0.0642  w_freq: 1.359  w_spend: 0.503
Epoch   8/120 — train_loss: 1.4590  val_loss: 1.3290  freq: 1.3327  spend: 0.0483  w_freq: 1.359  w_spend: 0.505
Epoch   9/120 — train_loss: 1.3873  val_loss: 1.2840  freq: 1.3043  spend: 0.0407  w_freq: 1.359  w_spend: 0.508
Epoch  10/120 — train_loss: 1.3545  val_loss: 1.2597  freq: 1.2897  spend: 0.0372  w_freq: 1.359  w_spend: 0.511
Epoch  11/120 — train_loss: 1.3323  val_loss: 1.2466  freq: 1.2825  spend: 0.0362  w_freq: 1.359  w_spend: 0.514
Epoch  12/120 — train_loss: 1.3157  val_loss: 1.2257  freq: 1.2701  spend: 0.0328  w_freq: 1.359  w_spend: 0.517
Epoch  13/120 — train_loss: 1.3002  val_loss: 1.2157  freq: 1.2646  spend: 0.0327  w_freq: 1.359  w_spend: 0.519
Epoch  14/120 — train_loss: 1.2865  val_loss: 1.1981  freq: 1.2543  spend: 0.0306  w_freq: 1.359  w_spend: 0.522
Epoch  15/120 — train_loss: 1.2746  val_loss: 1.1863  freq: 1.2485  spend: 0.0284  w_freq: 1.359  w_spend: 0.525
Epoch  16/120 — train_loss: 1.2603  val_loss: 1.1705  freq: 1.2412  spend: 0.0224  w_freq: 1.359  w_spend: 0.528
Epoch  17/120 — train_loss: 1.2431  val_loss: 1.1586  freq: 1.2376  spend: 0.0138  w_freq: 1.359  w_spend: 0.530
Epoch  18/120 — train_loss: 1.2323  val_loss: 1.1482  freq: 1.2347  spend: 0.0065  w_freq: 1.359  w_spend: 0.533
Epoch  19/120 — train_loss: 1.2240  val_loss: 1.1374  freq: 1.2314  spend: -0.0006  w_freq: 1.359  w_spend: 0.536
Epoch  20/120 — train_loss: 1.2155  val_loss: 1.1274  freq: 1.2285  spend: -0.0074  w_freq: 1.359  w_spend: 0.538
Epoch  21/120 — train_loss: 1.2044  val_loss: 1.1184  freq: 1.2257  spend: -0.0121  w_freq: 1.359  w_spend: 0.541
Epoch  22/120 — train_loss: 1.1986  val_loss: 1.1105  freq: 1.2225  spend: -0.0141  w_freq: 1.359  w_spend: 0.544
Epoch  23/120 — train_loss: 1.1904  val_loss: 1.1041  freq: 1.2204  spend: -0.0165  w_freq: 1.359  w_spend: 0.546
Epoch  24/120 — train_loss: 1.1862  val_loss: 1.1010  freq: 1.2199  spend: -0.0174  w_freq: 1.359  w_spend: 0.549
Epoch  25/120 — train_loss: 1.1816  val_loss: 1.0955  freq: 1.2176  spend: -0.0176  w_freq: 1.359  w_spend: 0.551
Epoch  26/120 — train_loss: 1.1771  val_loss: 1.0914  freq: 1.2168  spend: -0.0193  w_freq: 1.359  w_spend: 0.553
Epoch  27/120 — train_loss: 1.1708  val_loss: 1.0857  freq: 1.2149  spend: -0.0206  w_freq: 1.359  w_spend: 0.556
Epoch  28/120 — train_loss: 1.1636  val_loss: 1.0817  freq: 1.2139  spend: -0.0211  w_freq: 1.359  w_spend: 0.558
Epoch  29/120 — train_loss: 1.1627  val_loss: 1.0790  freq: 1.2133  spend: -0.0207  w_freq: 1.359  w_spend: 0.561
Epoch  30/120 — train_loss: 1.1623  val_loss: 1.0755  freq: 1.2120  spend: -0.0203  w_freq: 1.359  w_spend: 0.563
Epoch  31/120 — train_loss: 1.1562  val_loss: 1.0715  freq: 1.2113  spend: -0.0221  w_freq: 1.359  w_spend: 0.565
Epoch  32/120 — train_loss: 1.1547  val_loss: 1.0689  freq: 1.2116  spend: -0.0238  w_freq: 1.359  w_spend: 0.567
Epoch  33/120 — train_loss: 1.1498  val_loss: 1.0632  freq: 1.2091  spend: -0.0241  w_freq: 1.359  w_spend: 0.570
Epoch  34/120 — train_loss: 1.1475  val_loss: 1.0600  freq: 1.2087  spend: -0.0251  w_freq: 1.359  w_spend: 0.572
Epoch  35/120 — train_loss: 1.1433  val_loss: 1.0583  freq: 1.2083  spend: -0.0238  w_freq: 1.359  w_spend: 0.574
Epoch  36/120 — train_loss: 1.1411  val_loss: 1.0555  freq: 1.2082  spend: -0.0250  w_freq: 1.359  w_spend: 0.576
Epoch  37/120 — train_loss: 1.1350  val_loss: 1.0520  freq: 1.2069  spend: -0.0245  w_freq: 1.359  w_spend: 0.579
Epoch  38/120 — train_loss: 1.1372  val_loss: 1.0484  freq: 1.2063  spend: -0.0261  w_freq: 1.359  w_spend: 0.581
Epoch  39/120 — train_loss: 1.1322  val_loss: 1.0462  freq: 1.2061  spend: -0.0260  w_freq: 1.359  w_spend: 0.583
Epoch  40/120 — train_loss: 1.1283  val_loss: 1.0418  freq: 1.2045  spend: -0.0263  w_freq: 1.359  w_spend: 0.585
Epoch  41/120 — train_loss: 1.1268  val_loss: 1.0395  freq: 1.2045  spend: -0.0271  w_freq: 1.359  w_spend: 0.588
Epoch  42/120 — train_loss: 1.1249  val_loss: 1.0370  freq: 1.2040  spend: -0.0270  w_freq: 1.359  w_spend: 0.590
Epoch  43/120 — train_loss: 1.1221  val_loss: 1.0334  freq: 1.2033  spend: -0.0281  w_freq: 1.359  w_spend: 0.592
Epoch  44/120 — train_loss: 1.1177  val_loss: 1.0319  freq: 1.2036  spend: -0.0280  w_freq: 1.359  w_spend: 0.594
Epoch  45/120 — train_loss: 1.1185  val_loss: 1.0307  freq: 1.2042  spend: -0.0281  w_freq: 1.359  w_spend: 0.596
Epoch  46/120 — train_loss: 1.1190  val_loss: 1.0269  freq: 1.2028  spend: -0.0286  w_freq: 1.359  w_spend: 0.598
Epoch  47/120 — train_loss: 1.1109  val_loss: 1.0243  freq: 1.2022  spend: -0.0287  w_freq: 1.359  w_spend: 0.600
Epoch  48/120 — train_loss: 1.1112  val_loss: 1.0227  freq: 1.2024  spend: -0.0287  w_freq: 1.359  w_spend: 0.602
Epoch  49/120 — train_loss: 1.1118  val_loss: 1.0215  freq: 1.2027  spend: -0.0287  w_freq: 1.359  w_spend: 0.604
Epoch  50/120 — train_loss: 1.1081  val_loss: 1.0191  freq: 1.2017  spend: -0.0278  w_freq: 1.359  w_spend: 0.606
Epoch  51/120 — train_loss: 1.1074  val_loss: 1.0160  freq: 1.2012  spend: -0.0293  w_freq: 1.359  w_spend: 0.608
Epoch  52/120 — train_loss: 1.1031  val_loss: 1.0143  freq: 1.2009  spend: -0.0290  w_freq: 1.359  w_spend: 0.610
Epoch  53/120 — train_loss: 1.1045  val_loss: 1.0155  freq: 1.2024  spend: -0.0283  w_freq: 1.359  w_spend: 0.612
Epoch  54/120 — train_loss: 1.1031  val_loss: 1.0119  freq: 1.2011  spend: -0.0291  w_freq: 1.359  w_spend: 0.613
Epoch  55/120 — train_loss: 1.0991  val_loss: 1.0092  freq: 1.2004  spend: -0.0296  w_freq: 1.359  w_spend: 0.615
Epoch  56/120 — train_loss: 1.0999  val_loss: 1.0074  freq: 1.2002  spend: -0.0299  w_freq: 1.359  w_spend: 0.616
Epoch  57/120 — train_loss: 1.0976  val_loss: 1.0074  freq: 1.2001  spend: -0.0276  w_freq: 1.359  w_spend: 0.618
Epoch  58/120 — train_loss: 1.0926  val_loss: 1.0038  freq: 1.1995  spend: -0.0298  w_freq: 1.359  w_spend: 0.620
Epoch  59/120 — train_loss: 1.0948  val_loss: 1.0028  freq: 1.1997  spend: -0.0297  w_freq: 1.359  w_spend: 0.621
Epoch  60/120 — train_loss: 1.0940  val_loss: 1.0026  freq: 1.2003  spend: -0.0292  w_freq: 1.359  w_spend: 0.623
Epoch  61/120 — train_loss: 1.0911  val_loss: 1.0011  freq: 1.1997  spend: -0.0281  w_freq: 1.359  w_spend: 0.624
Epoch  62/120 — train_loss: 1.0895  val_loss: 0.9988  freq: 1.1995  spend: -0.0294  w_freq: 1.359  w_spend: 0.626
Epoch  63/120 — train_loss: 1.0911  val_loss: 0.9970  freq: 1.1992  spend: -0.0297  w_freq: 1.359  w_spend: 0.627
Epoch  64/120 — train_loss: 1.0897  val_loss: 0.9972  freq: 1.2000  spend: -0.0292  w_freq: 1.359  w_spend: 0.629
Epoch  65/120 — train_loss: 1.0879  val_loss: 0.9942  freq: 1.1988  spend: -0.0298  w_freq: 1.359  w_spend: 0.630
Epoch  66/120 — train_loss: 1.0856  val_loss: 0.9928  freq: 1.1988  spend: -0.0301  w_freq: 1.359  w_spend: 0.632
Epoch  67/120 — train_loss: 1.0855  val_loss: 0.9917  freq: 1.1985  spend: -0.0295  w_freq: 1.359  w_spend: 0.633
Epoch  68/120 — train_loss: 1.0850  val_loss: 0.9913  freq: 1.1990  spend: -0.0294  w_freq: 1.359  w_spend: 0.634
Epoch  69/120 — train_loss: 1.0843  val_loss: 0.9895  freq: 1.1986  spend: -0.0296  w_freq: 1.359  w_spend: 0.636
Epoch  70/120 — train_loss: 1.0843  val_loss: 0.9881  freq: 1.1985  spend: -0.0299  w_freq: 1.359  w_spend: 0.637
Epoch  71/120 — train_loss: 1.0821  val_loss: 0.9872  freq: 1.1984  spend: -0.0297  w_freq: 1.359  w_spend: 0.638
Epoch  72/120 — train_loss: 1.0837  val_loss: 0.9857  freq: 1.1982  spend: -0.0300  w_freq: 1.359  w_spend: 0.640
Epoch  73/120 — train_loss: 1.0827  val_loss: 0.9853  freq: 1.1985  spend: -0.0298  w_freq: 1.359  w_spend: 0.641
Epoch  74/120 — train_loss: 1.0819  val_loss: 0.9838  freq: 1.1980  spend: -0.0298  w_freq: 1.359  w_spend: 0.642
Epoch  75/120 — train_loss: 1.0801  val_loss: 0.9826  freq: 1.1980  spend: -0.0304  w_freq: 1.359  w_spend: 0.643
Epoch  76/120 — train_loss: 1.0807  val_loss: 0.9821  freq: 1.1980  spend: -0.0298  w_freq: 1.359  w_spend: 0.644
Epoch  77/120 — train_loss: 1.0764  val_loss: 0.9821  freq: 1.1981  spend: -0.0288  w_freq: 1.359  w_spend: 0.645
Epoch  78/120 — train_loss: 1.0767  val_loss: 0.9810  freq: 1.1981  spend: -0.0294  w_freq: 1.359  w_spend: 0.646
Epoch  79/120 — train_loss: 1.0791  val_loss: 0.9804  freq: 1.1982  spend: -0.0294  w_freq: 1.359  w_spend: 0.647
Epoch  80/120 — train_loss: 1.0769  val_loss: 0.9801  freq: 1.1984  spend: -0.0293  w_freq: 1.359  w_spend: 0.648
Epoch  81/120 — train_loss: 1.0795  val_loss: 0.9802  freq: 1.1983  spend: -0.0281  w_freq: 1.359  w_spend: 0.648
Epoch  82/120 — train_loss: 1.0806  val_loss: 0.9797  freq: 1.1984  spend: -0.0282  w_freq: 1.359  w_spend: 0.649
Epoch  83/120 — train_loss: 1.0773  val_loss: 0.9781  freq: 1.1981  spend: -0.0290  w_freq: 1.359  w_spend: 0.650
Epoch  84/120 — train_loss: 1.0795  val_loss: 0.9772  freq: 1.1978  spend: -0.0289  w_freq: 1.359  w_spend: 0.651
Epoch  85/120 — train_loss: 1.0788  val_loss: 0.9766  freq: 1.1979  spend: -0.0292  w_freq: 1.359  w_spend: 0.651
Epoch  86/120 — train_loss: 1.0736  val_loss: 0.9750  freq: 1.1975  spend: -0.0300  w_freq: 1.359  w_spend: 0.652
Epoch  87/120 — train_loss: 1.0786  val_loss: 0.9748  freq: 1.1976  spend: -0.0298  w_freq: 1.359  w_spend: 0.653
Epoch  88/120 — train_loss: 1.0760  val_loss: 0.9744  freq: 1.1977  spend: -0.0299  w_freq: 1.359  w_spend: 0.653
Epoch  89/120 — train_loss: 1.0756  val_loss: 0.9740  freq: 1.1974  spend: -0.0292  w_freq: 1.359  w_spend: 0.654
Epoch  90/120 — train_loss: 1.0754  val_loss: 0.9740  freq: 1.1978  spend: -0.0291  w_freq: 1.359  w_spend: 0.654
Epoch  91/120 — train_loss: 1.0740  val_loss: 0.9734  freq: 1.1977  spend: -0.0293  w_freq: 1.359  w_spend: 0.655
Epoch  92/120 — train_loss: 1.0749  val_loss: 0.9728  freq: 1.1976  spend: -0.0293  w_freq: 1.359  w_spend: 0.655
Epoch  93/120 — train_loss: 1.0768  val_loss: 0.9730  freq: 1.1978  spend: -0.0291  w_freq: 1.359  w_spend: 0.656
Epoch  94/120 — train_loss: 1.0764  val_loss: 0.9724  freq: 1.1977  spend: -0.0292  w_freq: 1.359  w_spend: 0.656
Epoch  95/120 — train_loss: 1.0756  val_loss: 0.9718  freq: 1.1975  spend: -0.0292  w_freq: 1.359  w_spend: 0.657
Epoch  96/120 — train_loss: 1.0760  val_loss: 0.9718  freq: 1.1976  spend: -0.0290  w_freq: 1.359  w_spend: 0.657
Epoch  97/120 — train_loss: 1.0755  val_loss: 0.9724  freq: 1.1980  spend: -0.0286  w_freq: 1.359  w_spend: 0.658
Epoch  98/120 — train_loss: 1.0781  val_loss: 0.9716  freq: 1.1978  spend: -0.0288  w_freq: 1.359  w_spend: 0.658
Epoch  99/120 — train_loss: 1.0786  val_loss: 0.9712  freq: 1.1977  spend: -0.0289  w_freq: 1.359  w_spend: 0.658
Epoch 100/120 — train_loss: 1.0765  val_loss: 0.9709  freq: 1.1975  spend: -0.0288  w_freq: 1.359  w_spend: 0.658
Epoch 101/120 — train_loss: 1.0824  val_loss: 0.9710  freq: 1.1976  spend: -0.0286  w_freq: 1.359  w_spend: 0.659
Epoch 102/120 — train_loss: 1.0777  val_loss: 0.9710  freq: 1.1978  spend: -0.0285  w_freq: 1.359  w_spend: 0.659
Epoch 103/120 — train_loss: 1.0802  val_loss: 0.9705  freq: 1.1976  spend: -0.0289  w_freq: 1.359  w_spend: 0.659
Epoch 104/120 — train_loss: 1.0821  val_loss: 0.9708  freq: 1.1978  spend: -0.0285  w_freq: 1.359  w_spend: 0.659
Epoch 105/120 — train_loss: 1.0795  val_loss: 0.9704  freq: 1.1977  spend: -0.0287  w_freq: 1.359  w_spend: 0.659
Epoch 106/120 — train_loss: 1.0815  val_loss: 0.9705  freq: 1.1978  spend: -0.0286  w_freq: 1.359  w_spend: 0.660
Epoch 107/120 — train_loss: 1.0789  val_loss: 0.9705  freq: 1.1977  spend: -0.0283  w_freq: 1.359  w_spend: 0.660
Epoch 108/120 — train_loss: 1.0796  val_loss: 0.9708  freq: 1.1979  spend: -0.0282  w_freq: 1.359  w_spend: 0.660
Epoch 109/120 — train_loss: 1.0821  val_loss: 0.9706  freq: 1.1979  spend: -0.0284  w_freq: 1.359  w_spend: 0.660
Epoch 110/120 — train_loss: 1.0821  val_loss: 0.9707  freq: 1.1979  spend: -0.0282  w_freq: 1.359  w_spend: 0.660
Epoch 111/120 — train_loss: 1.0851  val_loss: 0.9707  freq: 1.1979  spend: -0.0281  w_freq: 1.359  w_spend: 0.660
Epoch 112/120 — train_loss: 1.0822  val_loss: 0.9705  freq: 1.1979  spend: -0.0282  w_freq: 1.359  w_spend: 0.660
Epoch 113/120 — train_loss: 1.0813  val_loss: 0.9705  freq: 1.1979  spend: -0.0282  w_freq: 1.359  w_spend: 0.660
Epoch 114/120 — train_loss: 1.0842  val_loss: 0.9706  freq: 1.1979  spend: -0.0280  w_freq: 1.359  w_spend: 0.660
Epoch 115/120 — train_loss: 1.0885  val_loss: 0.9706  freq: 1.1979  spend: -0.0280  w_freq: 1.359  w_spend: 0.660
Epoch 116/120 — train_loss: 1.0836  val_loss: 0.9707  freq: 1.1979  spend: -0.0279  w_freq: 1.359  w_spend: 0.660
Epoch 117/120 — train_loss: 1.0868  val_loss: 0.9707  freq: 1.1979  spend: -0.0279  w_freq: 1.359  w_spend: 0.660
Epoch 118/120 — train_loss: 1.0892  val_loss: 0.9707  freq: 1.1979  spend: -0.0279  w_freq: 1.359  w_spend: 0.660
Epoch 119/120 — train_loss: 1.0902  val_loss: 0.9707  freq: 1.1979  spend: -0.0279  w_freq: 1.359  w_spend: 0.660
Epoch 120/120 — train_loss: 1.0917  val_loss: 0.9707  freq: 1.1979  spend: -0.0279  w_freq: 1.359  w_spend: 0.660

Checkpoint saved: /kaggle/working/results/checkpoints/extension3_lstm_dynamic_dunnhumby_v8_seed7_sample.pt
Validation-fitted softmax temperature: 0.9000

Duan's smearing factor (val): 1.4704
Validation aggregate calibration: freq_factor=1.0523, spend_factor=0.9872

Running autoregressive inference on holdout period ...
  inference mode: sample  n_scenarios: 30  temperature: 0.9000

=== Prediction Diagnostics ===
  Mean predicted freq/week:    1.1113
  Mean actual freq/week:       1.1882
  Over-prediction ratio:       0.935x
  Customers predicted as zero total:  0.087
  Customers actually zero total:      0.188
  Non-zero rate (pred, avg > 0.05):  0.961
  Non-zero rate (true):               0.542

Metrics saved: /kaggle/working/results/tables/extension3_lstm_dynamic_dunnhumby_v8_seed7_sample_metrics.json
Array artifacts saved: /kaggle/working/results/tables/extension3_lstm_dynamic_dunnhumby_v8_seed7_sample_arrays.npz

=== Holdout Evaluation ===
  metric_definition_version: valendin_aggregate_mape_v1
  freq_rmse: 3.2289
  freq_mae: 1.9951
  freq_normalized_gini: 0.8521
  freq_calibration_factor: 1.0523
  freq_horizon_abs_bias_pct: 1.5805
  bias_pct: -1.5805
  freq_weekly_mae: 56.2403
  freq_weekly_total_true: 11872.0000
  freq_weekly_total_pred: 11684.3617
  freq_valendin_mape: 1.8949
  freq_horizon_bias_pct: -1.5805
  freq_weekly_mean_pct_mape: 1.8856
  freq_weekly_mean_pct_bias_pct: -1.5646
  freq_weekly_bias_pct: -1.5805
  freq_weekly_mape: 1.8949
  freq_mape: 1.8949
  freq_mase: 0.9757
  freq_mase_scale: 0.8235
  smearing_factor: 1.4704
  spend_calibration_factor: 0.9872
  spend_mae_raw: 66.6404
  spend_rmse_raw: 106.4314
  spend_normalized_gini: 0.8269
  spend_mae_log: 1.0688
  spend_rmse_log: 1.5335
  spend_r2_log: 0.4658
  spend_bias_pct: 2.7219
  spend_weekly_mae: 3505.5780
  spend_weekly_total_true: 347125.7605
  spend_weekly_total_pred: 356574.3094
  spend_valendin_mape: 4.0395
  spend_horizon_abs_bias_pct: 2.7219
  spend_horizon_bias_pct: 2.7219
  spend_weekly_mean_pct_mape: 4.1011
  spend_weekly_mean_pct_bias_pct: 2.8649
  spend_weekly_bias_pct: 2.7219
  spend_weekly_mape: 4.0395
  spend_mase: 0.9931
  spend_mase_scale: 27.5152
  clv_mae: 66.4614
  clv_rmse: 106.1446
  clv_spearman: 0.7897
  clv_decile_lift: 3.4019
  clv_normalized_gini: 0.8269
  clv_total_true: 346205.2188
  clv_total_pred: 355618.7500
  calibration_temperature_source: rolling_origin_autoregressive
  validation_temperature: 0.9000
  smearing_source: rolling_origin_autoregressive
  calibration_source: rolling_origin_autoregressive
  validation_freq_true_total: 2215.0000
  validation_freq_pred_total: 1831.7839
  validation_spend_true_total: 63355.4414
  validation_spend_pred_total: 66781.8203
  validation_freq_calibration_factor: 1.0523
  validation_spend_calibration_factor: 0.9872
  validation_rolling_origin_count: 2
  protocol_name: dunnhumby_configured_80x4
  cohort_size: 2498
  calibration_weeks: 80
  holdout_weeks: 4
  inference_mode: sample
  n_scenarios: 30
  final_manifest_version: 2026-05-29-v7-v8-extension3-sweep
  final_manifest_run_name: extension3_lstm_dynamic_dunnhumby_v8_seed7_sample
  final_manifest_config: experiments/configs/extension3_lstm_dynamic_dunnhumby_v8.yaml
  final_manifest_config_hash: 1232eb9ed909
  final_manifest_actual_config_hash: 9ee46ad72e4b
  final_manifest_seed: 7
  final_manifest_epochs: 120
  final_manifest_inference_mode: sample
  final_manifest_n_scenarios: 30
  run_valid: True
  run_invalid_reason: 
  run_warning: 
  epochs_completed: 120
  max_epochs_configured: 120
History saved: /kaggle/working/results/tables/extension3_lstm_dynamic_dunnhumby_v8_seed7_sample_history.json
