[Kaggle] raw_dir  → /kaggle/working/input/dunnhumby
[Kaggle] results  → /kaggle/working/results
Config: experiments/configs/extension3_transformer_none_dunnhumby_v8.yaml
Run: extension3_transformer_none_dunnhumby_v8_seed42_sample
Device: cuda
Loading dataset: dunnhumby ...
[pipeline] freq_cap=10 (auto q=0.99) → freq_bins=[0, 1, 2, 3]... (n_classes=11)
  Train customers: 2249, Val: 249, Inference: 2498
[dunnhumby] Customers with 0 calibration transactions: 0 / 2498
  top-bin decode: class_values[-1] = 13.099 (max_trans = 10)
Model: transformer — 102,569 parameters

Training for up to 120 epochs ...
/kaggle/working/thesis-code/src/training/trainer.py:135: FutureWarning: `torch.cuda.amp.GradScaler(args...)` is deprecated. Please use `torch.amp.GradScaler('cuda', args...)` instead.
  self.scaler = torch.cuda.amp.GradScaler(enabled=self.amp_enabled)
[Kendall] log_vars frozen for 5 warm-up epochs.
Epoch   1/120 — train_loss: 7.6409  val_loss: 6.9376  freq: 5.4641  spend: 0.0223  w_freq: 1.359  w_spend: 0.500
Epoch   2/120 — train_loss: 6.7504  val_loss: 5.5345  freq: 4.4323  spend: 0.0206  w_freq: 1.359  w_spend: 0.500
Epoch   3/120 — train_loss: 5.1839  val_loss: 3.7144  freq: 3.0941  spend: 0.0181  w_freq: 1.359  w_spend: 0.500
Epoch   4/120 — train_loss: 3.5445  val_loss: 2.3510  freq: 2.0927  spend: 0.0135  w_freq: 1.359  w_spend: 0.500
Epoch   5/120 — train_loss: 2.3234  val_loss: 1.6464  freq: 1.5752  spend: 0.0109  w_freq: 1.359  w_spend: 0.500
[Kendall] log_vars unfrozen at epoch 6.
[spend-norm] frozen at 0.1920 (absolute val-loss magnitude shifts accordingly; early stopping is relative so this is safe)
Epoch   6/120 — train_loss: 1.7534  val_loss: 1.4459  freq: 1.4179  spend: 0.0414  w_freq: 1.359  w_spend: 0.501
Epoch   7/120 — train_loss: 1.5263  val_loss: 1.3460  freq: 1.3510  spend: 0.0280  w_freq: 1.359  w_spend: 0.503
Epoch   8/120 — train_loss: 1.4551  val_loss: 1.3017  freq: 1.3233  spend: 0.0195  w_freq: 1.359  w_spend: 0.505
Epoch   9/120 — train_loss: 1.4090  val_loss: 1.2557  freq: 1.2934  spend: 0.0139  w_freq: 1.359  w_spend: 0.508
Epoch  10/120 — train_loss: 1.3783  val_loss: 1.2363  freq: 1.2840  spend: 0.0061  w_freq: 1.359  w_spend: 0.511
Epoch  11/120 — train_loss: 1.3477  val_loss: 1.2186  freq: 1.2742  spend: 0.0028  w_freq: 1.359  w_spend: 0.513
Epoch  12/120 — train_loss: 1.3222  val_loss: 1.1965  freq: 1.2611  spend: -0.0003  w_freq: 1.359  w_spend: 0.516
Epoch  13/120 — train_loss: 1.2996  val_loss: 1.1747  freq: 1.2493  spend: -0.0058  w_freq: 1.359  w_spend: 0.519
Epoch  14/120 — train_loss: 1.2813  val_loss: 1.1607  freq: 1.2436  spend: -0.0125  w_freq: 1.359  w_spend: 0.522
Epoch  15/120 — train_loss: 1.2639  val_loss: 1.1470  freq: 1.2379  spend: -0.0185  w_freq: 1.359  w_spend: 0.525
Epoch  16/120 — train_loss: 1.2522  val_loss: 1.1335  freq: 1.2311  spend: -0.0216  w_freq: 1.359  w_spend: 0.528
Epoch  17/120 — train_loss: 1.2390  val_loss: 1.1243  freq: 1.2281  spend: -0.0262  w_freq: 1.359  w_spend: 0.530
Epoch  18/120 — train_loss: 1.2286  val_loss: 1.1214  freq: 1.2275  spend: -0.0253  w_freq: 1.359  w_spend: 0.533
Epoch  19/120 — train_loss: 1.2200  val_loss: 1.1106  freq: 1.2226  spend: -0.0286  w_freq: 1.359  w_spend: 0.536
Epoch  20/120 — train_loss: 1.2141  val_loss: 1.1086  freq: 1.2224  spend: -0.0273  w_freq: 1.359  w_spend: 0.538
Epoch  21/120 — train_loss: 1.2035  val_loss: 1.0957  freq: 1.2159  spend: -0.0302  w_freq: 1.359  w_spend: 0.541
Epoch  22/120 — train_loss: 1.1982  val_loss: 1.0917  freq: 1.2144  spend: -0.0294  w_freq: 1.359  w_spend: 0.543
Epoch  23/120 — train_loss: 1.1917  val_loss: 1.0856  freq: 1.2126  spend: -0.0314  w_freq: 1.359  w_spend: 0.546
Epoch  24/120 — train_loss: 1.1823  val_loss: 1.0832  freq: 1.2128  spend: -0.0316  w_freq: 1.359  w_spend: 0.549
Epoch  25/120 — train_loss: 1.1831  val_loss: 1.0812  freq: 1.2132  spend: -0.0317  w_freq: 1.359  w_spend: 0.551
Epoch  26/120 — train_loss: 1.1764  val_loss: 1.0762  freq: 1.2116  spend: -0.0325  w_freq: 1.359  w_spend: 0.554
Epoch  27/120 — train_loss: 1.1707  val_loss: 1.0719  freq: 1.2104  spend: -0.0330  w_freq: 1.359  w_spend: 0.556
Epoch  28/120 — train_loss: 1.1674  val_loss: 1.0660  freq: 1.2074  spend: -0.0324  w_freq: 1.359  w_spend: 0.559
Epoch  29/120 — train_loss: 1.1630  val_loss: 1.0618  freq: 1.2067  spend: -0.0340  w_freq: 1.359  w_spend: 0.561
Epoch  30/120 — train_loss: 1.1577  val_loss: 1.0604  freq: 1.2074  spend: -0.0339  w_freq: 1.359  w_spend: 0.564
Epoch  31/120 — train_loss: 1.1556  val_loss: 1.0547  freq: 1.2051  spend: -0.0343  w_freq: 1.359  w_spend: 0.567
Epoch  32/120 — train_loss: 1.1495  val_loss: 1.0528  freq: 1.2054  spend: -0.0340  w_freq: 1.359  w_spend: 0.569
Epoch  33/120 — train_loss: 1.1472  val_loss: 1.0485  freq: 1.2044  spend: -0.0351  w_freq: 1.359  w_spend: 0.572
Epoch  34/120 — train_loss: 1.1420  val_loss: 1.0457  freq: 1.2042  spend: -0.0356  w_freq: 1.359  w_spend: 0.574
Epoch  35/120 — train_loss: 1.1375  val_loss: 1.0440  freq: 1.2047  spend: -0.0359  w_freq: 1.359  w_spend: 0.577
Epoch  36/120 — train_loss: 1.1339  val_loss: 1.0398  freq: 1.2033  spend: -0.0360  w_freq: 1.359  w_spend: 0.579
Epoch  37/120 — train_loss: 1.1298  val_loss: 1.0370  freq: 1.2030  spend: -0.0365  w_freq: 1.359  w_spend: 0.582
Epoch  38/120 — train_loss: 1.1270  val_loss: 1.0341  freq: 1.2027  spend: -0.0371  w_freq: 1.359  w_spend: 0.584
Epoch  39/120 — train_loss: 1.1279  val_loss: 1.0304  freq: 1.2016  spend: -0.0374  w_freq: 1.359  w_spend: 0.586
Epoch  40/120 — train_loss: 1.1236  val_loss: 1.0297  freq: 1.2026  spend: -0.0376  w_freq: 1.359  w_spend: 0.589
Epoch  41/120 — train_loss: 1.1202  val_loss: 1.0281  freq: 1.2031  spend: -0.0380  w_freq: 1.359  w_spend: 0.591
Epoch  42/120 — train_loss: 1.1169  val_loss: 1.0258  freq: 1.2024  spend: -0.0373  w_freq: 1.359  w_spend: 0.593
Epoch  43/120 — train_loss: 1.1138  val_loss: 1.0231  freq: 1.2018  spend: -0.0372  w_freq: 1.359  w_spend: 0.595
Epoch  44/120 — train_loss: 1.1093  val_loss: 1.0215  freq: 1.2023  spend: -0.0379  w_freq: 1.359  w_spend: 0.597
Epoch  45/120 — train_loss: 1.1095  val_loss: 1.0168  freq: 1.2003  spend: -0.0383  w_freq: 1.359  w_spend: 0.599
Epoch  46/120 — train_loss: 1.1066  val_loss: 1.0159  freq: 1.2014  spend: -0.0390  w_freq: 1.359  w_spend: 0.602
Epoch  47/120 — train_loss: 1.1047  val_loss: 1.0118  freq: 1.1995  spend: -0.0388  w_freq: 1.359  w_spend: 0.604
Epoch  48/120 — train_loss: 1.1012  val_loss: 1.0109  freq: 1.2003  spend: -0.0390  w_freq: 1.359  w_spend: 0.606
Epoch  49/120 — train_loss: 1.0992  val_loss: 1.0097  freq: 1.2004  spend: -0.0385  w_freq: 1.359  w_spend: 0.608
Epoch  50/120 — train_loss: 1.0961  val_loss: 1.0071  freq: 1.2001  spend: -0.0393  w_freq: 1.359  w_spend: 0.610
Epoch  51/120 — train_loss: 1.0952  val_loss: 1.0061  freq: 1.2005  spend: -0.0387  w_freq: 1.359  w_spend: 0.612
Epoch  52/120 — train_loss: 1.0923  val_loss: 1.0030  freq: 1.1992  spend: -0.0384  w_freq: 1.359  w_spend: 0.614
Epoch  53/120 — train_loss: 1.0916  val_loss: 1.0021  freq: 1.2002  spend: -0.0393  w_freq: 1.359  w_spend: 0.616
Epoch  54/120 — train_loss: 1.0905  val_loss: 1.0010  freq: 1.2006  spend: -0.0395  w_freq: 1.359  w_spend: 0.617
Epoch  55/120 — train_loss: 1.0854  val_loss: 0.9971  freq: 1.1992  spend: -0.0402  w_freq: 1.359  w_spend: 0.619
Epoch  56/120 — train_loss: 1.0830  val_loss: 0.9958  freq: 1.1994  spend: -0.0400  w_freq: 1.359  w_spend: 0.621
Epoch  57/120 — train_loss: 1.0798  val_loss: 0.9939  freq: 1.1991  spend: -0.0400  w_freq: 1.359  w_spend: 0.623
Epoch  58/120 — train_loss: 1.0808  val_loss: 0.9931  freq: 1.1996  spend: -0.0400  w_freq: 1.359  w_spend: 0.625
Epoch  59/120 — train_loss: 1.0808  val_loss: 0.9919  freq: 1.1998  spend: -0.0401  w_freq: 1.359  w_spend: 0.627
Epoch  60/120 — train_loss: 1.0759  val_loss: 0.9894  freq: 1.1991  spend: -0.0402  w_freq: 1.359  w_spend: 0.628
Epoch  61/120 — train_loss: 1.0746  val_loss: 0.9883  freq: 1.1991  spend: -0.0400  w_freq: 1.359  w_spend: 0.630
Epoch  62/120 — train_loss: 1.0734  val_loss: 0.9865  freq: 1.1987  spend: -0.0398  w_freq: 1.359  w_spend: 0.632
Epoch  63/120 — train_loss: 1.0720  val_loss: 0.9849  freq: 1.1987  spend: -0.0404  w_freq: 1.359  w_spend: 0.633
Epoch  64/120 — train_loss: 1.0697  val_loss: 0.9839  freq: 1.1988  spend: -0.0400  w_freq: 1.359  w_spend: 0.635
Epoch  65/120 — train_loss: 1.0693  val_loss: 0.9818  freq: 1.1984  spend: -0.0405  w_freq: 1.359  w_spend: 0.636
Epoch  66/120 — train_loss: 1.0683  val_loss: 0.9801  freq: 1.1980  spend: -0.0406  w_freq: 1.359  w_spend: 0.638
Epoch  67/120 — train_loss: 1.0661  val_loss: 0.9798  freq: 1.1986  spend: -0.0403  w_freq: 1.359  w_spend: 0.639
Epoch  68/120 — train_loss: 1.0657  val_loss: 0.9784  freq: 1.1982  spend: -0.0398  w_freq: 1.359  w_spend: 0.641
Epoch  69/120 — train_loss: 1.0653  val_loss: 0.9775  freq: 1.1985  spend: -0.0402  w_freq: 1.359  w_spend: 0.642
Epoch  70/120 — train_loss: 1.0650  val_loss: 0.9765  freq: 1.1986  spend: -0.0404  w_freq: 1.359  w_spend: 0.643
Epoch  71/120 — train_loss: 1.0627  val_loss: 0.9744  freq: 1.1981  spend: -0.0409  w_freq: 1.359  w_spend: 0.645
Epoch  72/120 — train_loss: 1.0613  val_loss: 0.9745  freq: 1.1988  spend: -0.0408  w_freq: 1.359  w_spend: 0.646
Epoch  73/120 — train_loss: 1.0554  val_loss: 0.9723  freq: 1.1978  spend: -0.0406  w_freq: 1.359  w_spend: 0.647
Epoch  74/120 — train_loss: 1.0572  val_loss: 0.9712  freq: 1.1977  spend: -0.0407  w_freq: 1.359  w_spend: 0.648
Epoch  75/120 — train_loss: 1.0550  val_loss: 0.9711  freq: 1.1984  spend: -0.0407  w_freq: 1.359  w_spend: 0.649
Epoch  76/120 — train_loss: 1.0571  val_loss: 0.9702  freq: 1.1986  spend: -0.0412  w_freq: 1.359  w_spend: 0.650
Epoch  77/120 — train_loss: 1.0539  val_loss: 0.9683  freq: 1.1977  spend: -0.0412  w_freq: 1.359  w_spend: 0.651
Epoch  78/120 — train_loss: 1.0548  val_loss: 0.9693  freq: 1.1988  spend: -0.0405  w_freq: 1.359  w_spend: 0.653
Epoch  79/120 — train_loss: 1.0525  val_loss: 0.9664  freq: 1.1974  spend: -0.0410  w_freq: 1.359  w_spend: 0.653
Epoch  80/120 — train_loss: 1.0533  val_loss: 0.9677  freq: 1.1987  spend: -0.0406  w_freq: 1.359  w_spend: 0.654
Epoch  81/120 — train_loss: 1.0528  val_loss: 0.9651  freq: 1.1974  spend: -0.0408  w_freq: 1.359  w_spend: 0.655
Epoch  82/120 — train_loss: 1.0491  val_loss: 0.9648  freq: 1.1977  spend: -0.0407  w_freq: 1.359  w_spend: 0.656
Epoch  83/120 — train_loss: 1.0516  val_loss: 0.9645  freq: 1.1980  spend: -0.0409  w_freq: 1.359  w_spend: 0.657
Epoch  84/120 — train_loss: 1.0487  val_loss: 0.9634  freq: 1.1976  spend: -0.0407  w_freq: 1.359  w_spend: 0.658
Epoch  85/120 — train_loss: 1.0486  val_loss: 0.9629  freq: 1.1976  spend: -0.0407  w_freq: 1.359  w_spend: 0.659
Epoch  86/120 — train_loss: 1.0497  val_loss: 0.9632  freq: 1.1982  spend: -0.0406  w_freq: 1.359  w_spend: 0.659
Epoch  87/120 — train_loss: 1.0467  val_loss: 0.9625  freq: 1.1981  spend: -0.0407  w_freq: 1.359  w_spend: 0.660
Epoch  88/120 — train_loss: 1.0484  val_loss: 0.9619  freq: 1.1981  spend: -0.0410  w_freq: 1.359  w_spend: 0.661
Epoch  89/120 — train_loss: 1.0483  val_loss: 0.9608  freq: 1.1976  spend: -0.0408  w_freq: 1.359  w_spend: 0.661
Epoch  90/120 — train_loss: 1.0440  val_loss: 0.9612  freq: 1.1982  spend: -0.0408  w_freq: 1.359  w_spend: 0.662
Epoch  91/120 — train_loss: 1.0492  val_loss: 0.9600  freq: 1.1976  spend: -0.0407  w_freq: 1.359  w_spend: 0.662
Epoch  92/120 — train_loss: 1.0450  val_loss: 0.9601  freq: 1.1979  spend: -0.0408  w_freq: 1.359  w_spend: 0.663
Epoch  93/120 — train_loss: 1.0445  val_loss: 0.9594  freq: 1.1976  spend: -0.0407  w_freq: 1.359  w_spend: 0.663
Epoch  94/120 — train_loss: 1.0466  val_loss: 0.9599  freq: 1.1981  spend: -0.0403  w_freq: 1.359  w_spend: 0.664
Epoch  95/120 — train_loss: 1.0431  val_loss: 0.9592  freq: 1.1979  spend: -0.0406  w_freq: 1.359  w_spend: 0.664
Epoch  96/120 — train_loss: 1.0454  val_loss: 0.9591  freq: 1.1981  spend: -0.0407  w_freq: 1.359  w_spend: 0.664
Epoch  97/120 — train_loss: 1.0446  val_loss: 0.9584  freq: 1.1978  spend: -0.0406  w_freq: 1.359  w_spend: 0.665
Epoch  98/120 — train_loss: 1.0448  val_loss: 0.9583  freq: 1.1979  spend: -0.0407  w_freq: 1.359  w_spend: 0.665
Epoch  99/120 — train_loss: 1.0459  val_loss: 0.9583  freq: 1.1980  spend: -0.0404  w_freq: 1.359  w_spend: 0.665
Epoch 100/120 — train_loss: 1.0436  val_loss: 0.9579  freq: 1.1979  spend: -0.0407  w_freq: 1.359  w_spend: 0.666
Epoch 101/120 — train_loss: 1.0417  val_loss: 0.9582  freq: 1.1983  spend: -0.0406  w_freq: 1.359  w_spend: 0.666
Epoch 102/120 — train_loss: 1.0443  val_loss: 0.9583  freq: 1.1983  spend: -0.0403  w_freq: 1.359  w_spend: 0.666
Epoch 103/120 — train_loss: 1.0432  val_loss: 0.9582  freq: 1.1984  spend: -0.0404  w_freq: 1.359  w_spend: 0.666
Epoch 104/120 — train_loss: 1.0447  val_loss: 0.9580  freq: 1.1983  spend: -0.0403  w_freq: 1.359  w_spend: 0.666
Epoch 105/120 — train_loss: 1.0443  val_loss: 0.9578  freq: 1.1982  spend: -0.0402  w_freq: 1.359  w_spend: 0.667
Epoch 106/120 — train_loss: 1.0460  val_loss: 0.9581  freq: 1.1984  spend: -0.0402  w_freq: 1.359  w_spend: 0.667
Epoch 107/120 — train_loss: 1.0429  val_loss: 0.9575  freq: 1.1981  spend: -0.0403  w_freq: 1.359  w_spend: 0.667
Epoch 108/120 — train_loss: 1.0449  val_loss: 0.9577  freq: 1.1984  spend: -0.0403  w_freq: 1.359  w_spend: 0.667
Epoch 109/120 — train_loss: 1.0423  val_loss: 0.9577  freq: 1.1984  spend: -0.0403  w_freq: 1.359  w_spend: 0.667
Epoch 110/120 — train_loss: 1.0455  val_loss: 0.9576  freq: 1.1983  spend: -0.0402  w_freq: 1.359  w_spend: 0.667
Epoch 111/120 — train_loss: 1.0442  val_loss: 0.9576  freq: 1.1983  spend: -0.0402  w_freq: 1.359  w_spend: 0.667
Epoch 112/120 — train_loss: 1.0420  val_loss: 0.9576  freq: 1.1984  spend: -0.0402  w_freq: 1.359  w_spend: 0.667
Epoch 113/120 — train_loss: 1.0446  val_loss: 0.9578  freq: 1.1985  spend: -0.0402  w_freq: 1.359  w_spend: 0.667
Epoch 114/120 — train_loss: 1.0464  val_loss: 0.9578  freq: 1.1985  spend: -0.0401  w_freq: 1.359  w_spend: 0.667
Epoch 115/120 — train_loss: 1.0438  val_loss: 0.9578  freq: 1.1985  spend: -0.0401  w_freq: 1.359  w_spend: 0.667
Epoch 116/120 — train_loss: 1.0425  val_loss: 0.9578  freq: 1.1985  spend: -0.0401  w_freq: 1.359  w_spend: 0.667
Epoch 117/120 — train_loss: 1.0435  val_loss: 0.9578  freq: 1.1985  spend: -0.0401  w_freq: 1.359  w_spend: 0.667
Epoch 118/120 — train_loss: 1.0437  val_loss: 0.9578  freq: 1.1985  spend: -0.0401  w_freq: 1.359  w_spend: 0.667
Epoch 119/120 — train_loss: 1.0433  val_loss: 0.9578  freq: 1.1985  spend: -0.0401  w_freq: 1.359  w_spend: 0.667
Epoch 120/120 — train_loss: 1.0458  val_loss: 0.9578  freq: 1.1985  spend: -0.0401  w_freq: 1.359  w_spend: 0.667

Checkpoint saved: /kaggle/working/results/checkpoints/extension3_transformer_none_dunnhumby_v8_seed42_sample.pt
Validation-fitted softmax temperature: 0.7500

Duan's smearing factor (val): 1.4667
Validation aggregate calibration: freq_factor=1.0530, spend_factor=0.9985

Running autoregressive inference on holdout period ...
  inference mode: sample  n_scenarios: 30  temperature: 0.7500

=== Prediction Diagnostics ===
  Mean predicted freq/week:    1.0367
  Mean actual freq/week:       1.1882
  Over-prediction ratio:       0.873x
  Customers predicted as zero total:  0.162
  Customers actually zero total:      0.188
  Non-zero rate (pred, avg > 0.05):  0.901
  Non-zero rate (true):               0.542

Metrics saved: /kaggle/working/results/tables/extension3_transformer_none_dunnhumby_v8_seed42_sample_metrics.json
Array artifacts saved: /kaggle/working/results/tables/extension3_transformer_none_dunnhumby_v8_seed42_sample_arrays.npz

=== Holdout Evaluation ===
  metric_definition_version: valendin_aggregate_mape_v1
  freq_rmse: 3.3762
  freq_mae: 2.0271
  freq_normalized_gini: 0.8469
  freq_calibration_factor: 1.0530
  freq_horizon_abs_bias_pct: 8.1272
  bias_pct: -8.1272
  freq_weekly_mae: 241.2156
  freq_weekly_total_true: 11872.0000
  freq_weekly_total_pred: 10907.1374
  freq_valendin_mape: 8.1272
  freq_horizon_bias_pct: -8.1272
  freq_weekly_mean_pct_mape: 8.1115
  freq_weekly_mean_pct_bias_pct: -8.1115
  freq_weekly_bias_pct: -8.1272
  freq_weekly_mape: 8.1272
  freq_mape: 8.1272
  freq_mase: 0.9598
  freq_mase_scale: 0.8235
  smearing_factor: 1.4667
  spend_calibration_factor: 0.9985
  spend_mae_raw: 68.7510
  spend_rmse_raw: 111.2591
  spend_normalized_gini: 0.8200
  spend_mae_log: 0.9966
  spend_rmse_log: 1.4344
  spend_r2_log: 0.5327
  spend_bias_pct: 1.3911
  spend_weekly_mae: 5145.4758
  spend_weekly_total_true: 347125.7605
  spend_weekly_total_pred: 351954.5392
  spend_valendin_mape: 5.9292
  spend_horizon_abs_bias_pct: 1.3911
  spend_horizon_bias_pct: 1.3911
  spend_weekly_mean_pct_mape: 5.8522
  spend_weekly_mean_pct_bias_pct: 1.5947
  spend_weekly_bias_pct: 1.3911
  spend_weekly_mape: 5.9292
  spend_mase: 0.9945
  spend_mase_scale: 27.5152
  clv_mae: 68.5647
  clv_rmse: 110.9547
  clv_spearman: 0.7881
  clv_decile_lift: 3.3989
  clv_normalized_gini: 0.8200
  clv_total_true: 346205.2188
  clv_total_pred: 350982.8125
  calibration_temperature_source: rolling_origin_autoregressive
  validation_temperature: 0.7500
  smearing_source: rolling_origin_autoregressive
  calibration_source: rolling_origin_autoregressive
  validation_freq_true_total: 2215.0000
  validation_freq_pred_total: 1827.7272
  validation_spend_true_total: 63355.4414
  validation_spend_pred_total: 63744.0625
  validation_freq_calibration_factor: 1.0530
  validation_spend_calibration_factor: 0.9985
  validation_rolling_origin_count: 2
  protocol_name: dunnhumby_configured_80x4
  cohort_size: 2498
  calibration_weeks: 80
  holdout_weeks: 4
  inference_mode: sample
  n_scenarios: 30
  final_manifest_version: 2026-05-29-v7-v8-extension3-sweep
  final_manifest_run_name: extension3_transformer_none_dunnhumby_v8_seed42_sample
  final_manifest_config: experiments/configs/extension3_transformer_none_dunnhumby_v8.yaml
  final_manifest_config_hash: 66d392302dd0
  final_manifest_actual_config_hash: 2fb6c1e75d99
  final_manifest_seed: 42
  final_manifest_epochs: 120
  final_manifest_inference_mode: sample
  final_manifest_n_scenarios: 30
  run_valid: True
  run_invalid_reason: 
  run_warning: 
  epochs_completed: 120
  max_epochs_configured: 120
History saved: /kaggle/working/results/tables/extension3_transformer_none_dunnhumby_v8_seed42_sample_history.json
