[Kaggle] raw_dir  → /kaggle/working/input/dunnhumby
[Kaggle] results  → /kaggle/working/results
Config: experiments/configs/extension3_transformer_dynamic_dunnhumby_v8.yaml
Run: extension3_transformer_dynamic_dunnhumby_v8_seed7_sample
Device: cuda
Loading dataset: dunnhumby ...
[pipeline] freq_cap=10 (auto q=0.99) → freq_bins=[0, 1, 2, 3]... (n_classes=11)
  Train customers: 2249, Val: 249, Inference: 2498
[dunnhumby] Customers with 0 calibration transactions: 0 / 2498
  top-bin decode: class_values[-1] = 13.099 (max_trans = 10)
Model: transformer — 102,761 parameters

Training for up to 120 epochs ...
/kaggle/working/thesis-code/src/training/trainer.py:135: FutureWarning: `torch.cuda.amp.GradScaler(args...)` is deprecated. Please use `torch.amp.GradScaler('cuda', args...)` instead.
  self.scaler = torch.cuda.amp.GradScaler(enabled=self.amp_enabled)
[Kendall] log_vars frozen for 5 warm-up epochs.
Epoch   1/120 — train_loss: 5.5372  val_loss: 5.0227  freq: 4.0534  spend: 0.0271  w_freq: 1.359  w_spend: 0.500
Epoch   2/120 — train_loss: 4.8276  val_loss: 3.9292  freq: 3.2493  spend: 0.0261  w_freq: 1.359  w_spend: 0.500
Epoch   3/120 — train_loss: 3.6488  val_loss: 2.6565  freq: 2.3140  spend: 0.0230  w_freq: 1.359  w_spend: 0.500
Epoch   4/120 — train_loss: 2.5109  val_loss: 1.7976  freq: 1.6838  spend: 0.0180  w_freq: 1.359  w_spend: 0.500
Epoch   5/120 — train_loss: 1.8176  val_loss: 1.5414  freq: 1.4971  spend: 0.0133  w_freq: 1.359  w_spend: 0.500
[Kendall] log_vars unfrozen at epoch 6.
[spend-norm] frozen at 0.2388 (absolute val-loss magnitude shifts accordingly; early stopping is relative so this is safe)
Epoch   6/120 — train_loss: 1.6030  val_loss: 1.3910  freq: 1.3789  spend: 0.0378  w_freq: 1.359  w_spend: 0.501
Epoch   7/120 — train_loss: 1.4982  val_loss: 1.3442  freq: 1.3503  spend: 0.0264  w_freq: 1.359  w_spend: 0.503
Epoch   8/120 — train_loss: 1.4514  val_loss: 1.3144  freq: 1.3326  spend: 0.0194  w_freq: 1.359  w_spend: 0.505
Epoch   9/120 — train_loss: 1.4175  val_loss: 1.2833  freq: 1.3136  spend: 0.0133  w_freq: 1.359  w_spend: 0.508
Epoch  10/120 — train_loss: 1.3904  val_loss: 1.2707  freq: 1.3073  spend: 0.0099  w_freq: 1.359  w_spend: 0.510
Epoch  11/120 — train_loss: 1.3733  val_loss: 1.2745  freq: 1.3127  spend: 0.0076  w_freq: 1.359  w_spend: 0.512
Epoch  12/120 — train_loss: 1.3623  val_loss: 1.2514  freq: 1.2980  spend: 0.0054  w_freq: 1.359  w_spend: 0.515
Epoch  13/120 — train_loss: 1.3521  val_loss: 1.2330  freq: 1.2868  spend: 0.0027  w_freq: 1.359  w_spend: 0.517
Epoch  14/120 — train_loss: 1.3282  val_loss: 1.2141  freq: 1.2743  spend: 0.0023  w_freq: 1.359  w_spend: 0.518
Epoch  15/120 — train_loss: 1.3099  val_loss: 1.1987  freq: 1.2651  spend: 0.0011  w_freq: 1.359  w_spend: 0.521
Epoch  16/120 — train_loss: 1.2944  val_loss: 1.1845  freq: 1.2571  spend: 0.0000  w_freq: 1.359  w_spend: 0.523
Epoch  17/120 — train_loss: 1.2762  val_loss: 1.1698  freq: 1.2484  spend: 0.0001  w_freq: 1.359  w_spend: 0.526
Epoch  18/120 — train_loss: 1.2618  val_loss: 1.1569  freq: 1.2423  spend: -0.0033  w_freq: 1.359  w_spend: 0.529
Epoch  19/120 — train_loss: 1.2488  val_loss: 1.1496  freq: 1.2412  spend: -0.0090  w_freq: 1.359  w_spend: 0.532
Epoch  20/120 — train_loss: 1.2386  val_loss: 1.1351  freq: 1.2341  spend: -0.0129  w_freq: 1.359  w_spend: 0.535
Epoch  21/120 — train_loss: 1.2283  val_loss: 1.1274  freq: 1.2317  spend: -0.0160  w_freq: 1.359  w_spend: 0.538
Epoch  22/120 — train_loss: 1.2209  val_loss: 1.1223  freq: 1.2314  spend: -0.0197  w_freq: 1.359  w_spend: 0.541
Epoch  23/120 — train_loss: 1.2118  val_loss: 1.1117  freq: 1.2258  spend: -0.0207  w_freq: 1.359  w_spend: 0.543
Epoch  24/120 — train_loss: 1.2033  val_loss: 1.1061  freq: 1.2241  spend: -0.0223  w_freq: 1.359  w_spend: 0.546
Epoch  25/120 — train_loss: 1.1979  val_loss: 1.0982  freq: 1.2206  spend: -0.0232  w_freq: 1.359  w_spend: 0.549
Epoch  26/120 — train_loss: 1.1892  val_loss: 1.0936  freq: 1.2196  spend: -0.0243  w_freq: 1.359  w_spend: 0.552
Epoch  27/120 — train_loss: 1.1853  val_loss: 1.0943  freq: 1.2218  spend: -0.0244  w_freq: 1.359  w_spend: 0.554
Epoch  28/120 — train_loss: 1.1819  val_loss: 1.0851  freq: 1.2171  spend: -0.0252  w_freq: 1.359  w_spend: 0.557
Epoch  29/120 — train_loss: 1.1775  val_loss: 1.0790  freq: 1.2147  spend: -0.0262  w_freq: 1.359  w_spend: 0.559
Epoch  30/120 — train_loss: 1.1702  val_loss: 1.0733  freq: 1.2123  spend: -0.0264  w_freq: 1.359  w_spend: 0.562
Epoch  31/120 — train_loss: 1.1650  val_loss: 1.0716  freq: 1.2130  spend: -0.0267  w_freq: 1.359  w_spend: 0.564
Epoch  32/120 — train_loss: 1.1618  val_loss: 1.0664  freq: 1.2107  spend: -0.0266  w_freq: 1.359  w_spend: 0.567
Epoch  33/120 — train_loss: 1.1565  val_loss: 1.0642  freq: 1.2116  spend: -0.0283  w_freq: 1.359  w_spend: 0.570
Epoch  34/120 — train_loss: 1.1549  val_loss: 1.0589  freq: 1.2091  spend: -0.0275  w_freq: 1.359  w_spend: 0.572
Epoch  35/120 — train_loss: 1.1466  val_loss: 1.0555  freq: 1.2084  spend: -0.0278  w_freq: 1.359  w_spend: 0.575
Epoch  36/120 — train_loss: 1.1460  val_loss: 1.0516  freq: 1.2076  spend: -0.0288  w_freq: 1.359  w_spend: 0.577
Epoch  37/120 — train_loss: 1.1415  val_loss: 1.0482  freq: 1.2066  spend: -0.0285  w_freq: 1.359  w_spend: 0.580
Epoch  38/120 — train_loss: 1.1390  val_loss: 1.0457  freq: 1.2069  spend: -0.0294  w_freq: 1.359  w_spend: 0.582
Epoch  39/120 — train_loss: 1.1346  val_loss: 1.0431  freq: 1.2062  spend: -0.0286  w_freq: 1.359  w_spend: 0.585
Epoch  40/120 — train_loss: 1.1320  val_loss: 1.0390  freq: 1.2054  spend: -0.0301  w_freq: 1.359  w_spend: 0.587
Epoch  41/120 — train_loss: 1.1311  val_loss: 1.0363  freq: 1.2049  spend: -0.0299  w_freq: 1.359  w_spend: 0.590
Epoch  42/120 — train_loss: 1.1251  val_loss: 1.0341  freq: 1.2048  spend: -0.0301  w_freq: 1.359  w_spend: 0.592
Epoch  43/120 — train_loss: 1.1204  val_loss: 1.0319  freq: 1.2047  spend: -0.0303  w_freq: 1.359  w_spend: 0.594
Epoch  44/120 — train_loss: 1.1189  val_loss: 1.0304  freq: 1.2048  spend: -0.0298  w_freq: 1.359  w_spend: 0.597
Epoch  45/120 — train_loss: 1.1185  val_loss: 1.0302  freq: 1.2064  spend: -0.0305  w_freq: 1.359  w_spend: 0.599
Epoch  46/120 — train_loss: 1.1147  val_loss: 1.0264  freq: 1.2048  spend: -0.0303  w_freq: 1.359  w_spend: 0.601
Epoch  47/120 — train_loss: 1.1112  val_loss: 1.0222  freq: 1.2033  spend: -0.0310  w_freq: 1.359  w_spend: 0.603
Epoch  48/120 — train_loss: 1.1084  val_loss: 1.0202  freq: 1.2032  spend: -0.0309  w_freq: 1.359  w_spend: 0.605
Epoch  49/120 — train_loss: 1.1065  val_loss: 1.0176  freq: 1.2028  spend: -0.0312  w_freq: 1.359  w_spend: 0.607
Epoch  50/120 — train_loss: 1.1039  val_loss: 1.0159  freq: 1.2027  spend: -0.0310  w_freq: 1.359  w_spend: 0.609
Epoch  51/120 — train_loss: 1.1025  val_loss: 1.0141  freq: 1.2028  spend: -0.0313  w_freq: 1.359  w_spend: 0.611
Epoch  52/120 — train_loss: 1.1035  val_loss: 1.0104  freq: 1.2015  spend: -0.0317  w_freq: 1.359  w_spend: 0.613
Epoch  53/120 — train_loss: 1.0957  val_loss: 1.0095  freq: 1.2021  spend: -0.0317  w_freq: 1.359  w_spend: 0.616
Epoch  54/120 — train_loss: 1.0965  val_loss: 1.0068  freq: 1.2014  spend: -0.0318  w_freq: 1.359  w_spend: 0.618
Epoch  55/120 — train_loss: 1.0936  val_loss: 1.0051  freq: 1.2012  spend: -0.0316  w_freq: 1.359  w_spend: 0.619
Epoch  56/120 — train_loss: 1.0930  val_loss: 1.0039  freq: 1.2015  spend: -0.0313  w_freq: 1.359  w_spend: 0.621
Epoch  57/120 — train_loss: 1.0909  val_loss: 1.0009  freq: 1.2008  spend: -0.0320  w_freq: 1.359  w_spend: 0.623
Epoch  58/120 — train_loss: 1.0894  val_loss: 0.9998  freq: 1.2012  spend: -0.0321  w_freq: 1.359  w_spend: 0.625
Epoch  59/120 — train_loss: 1.0859  val_loss: 0.9995  freq: 1.2018  spend: -0.0315  w_freq: 1.359  w_spend: 0.627
Epoch  60/120 — train_loss: 1.0836  val_loss: 0.9968  freq: 1.2009  spend: -0.0315  w_freq: 1.359  w_spend: 0.629
Epoch  61/120 — train_loss: 1.0834  val_loss: 0.9940  freq: 1.2002  spend: -0.0322  w_freq: 1.359  w_spend: 0.631
Epoch  62/120 — train_loss: 1.0826  val_loss: 0.9926  freq: 1.2002  spend: -0.0323  w_freq: 1.359  w_spend: 0.632
Epoch  63/120 — train_loss: 1.0792  val_loss: 0.9917  freq: 1.2004  spend: -0.0321  w_freq: 1.359  w_spend: 0.634
Epoch  64/120 — train_loss: 1.0776  val_loss: 0.9911  freq: 1.2009  spend: -0.0320  w_freq: 1.359  w_spend: 0.636
Epoch  65/120 — train_loss: 1.0760  val_loss: 0.9896  freq: 1.2005  spend: -0.0316  w_freq: 1.359  w_spend: 0.637
Epoch  66/120 — train_loss: 1.0729  val_loss: 0.9878  freq: 1.2004  spend: -0.0323  w_freq: 1.359  w_spend: 0.639
Epoch  67/120 — train_loss: 1.0744  val_loss: 0.9854  freq: 1.1998  spend: -0.0326  w_freq: 1.359  w_spend: 0.640
Epoch  68/120 — train_loss: 1.0719  val_loss: 0.9854  freq: 1.2002  spend: -0.0317  w_freq: 1.359  w_spend: 0.642
Epoch  69/120 — train_loss: 1.0726  val_loss: 0.9833  freq: 1.1997  spend: -0.0321  w_freq: 1.359  w_spend: 0.643
Epoch  70/120 — train_loss: 1.0669  val_loss: 0.9820  freq: 1.1996  spend: -0.0321  w_freq: 1.359  w_spend: 0.645
Epoch  71/120 — train_loss: 1.0694  val_loss: 0.9817  freq: 1.2001  spend: -0.0322  w_freq: 1.359  w_spend: 0.646
Epoch  72/120 — train_loss: 1.0675  val_loss: 0.9811  freq: 1.2003  spend: -0.0319  w_freq: 1.359  w_spend: 0.647
Epoch  73/120 — train_loss: 1.0643  val_loss: 0.9789  freq: 1.1996  spend: -0.0322  w_freq: 1.359  w_spend: 0.648
Epoch  74/120 — train_loss: 1.0640  val_loss: 0.9776  freq: 1.1994  spend: -0.0326  w_freq: 1.359  w_spend: 0.650
Epoch  75/120 — train_loss: 1.0624  val_loss: 0.9769  freq: 1.1994  spend: -0.0322  w_freq: 1.359  w_spend: 0.651
Epoch  76/120 — train_loss: 1.0604  val_loss: 0.9768  freq: 1.2000  spend: -0.0322  w_freq: 1.359  w_spend: 0.652
Epoch  77/120 — train_loss: 1.0613  val_loss: 0.9753  freq: 1.1994  spend: -0.0321  w_freq: 1.359  w_spend: 0.653
Epoch  78/120 — train_loss: 1.0609  val_loss: 0.9747  freq: 1.1997  spend: -0.0322  w_freq: 1.359  w_spend: 0.654
Epoch  79/120 — train_loss: 1.0574  val_loss: 0.9732  freq: 1.1992  spend: -0.0323  w_freq: 1.359  w_spend: 0.655
Epoch  80/120 — train_loss: 1.0571  val_loss: 0.9727  freq: 1.1993  spend: -0.0322  w_freq: 1.359  w_spend: 0.656
Epoch  81/120 — train_loss: 1.0552  val_loss: 0.9725  freq: 1.1997  spend: -0.0321  w_freq: 1.359  w_spend: 0.657
Epoch  82/120 — train_loss: 1.0581  val_loss: 0.9715  freq: 1.1996  spend: -0.0325  w_freq: 1.359  w_spend: 0.658
Epoch  83/120 — train_loss: 1.0565  val_loss: 0.9706  freq: 1.1993  spend: -0.0323  w_freq: 1.359  w_spend: 0.659
Epoch  84/120 — train_loss: 1.0552  val_loss: 0.9705  freq: 1.1995  spend: -0.0321  w_freq: 1.359  w_spend: 0.659
Epoch  85/120 — train_loss: 1.0578  val_loss: 0.9693  freq: 1.1990  spend: -0.0321  w_freq: 1.359  w_spend: 0.660
Epoch  86/120 — train_loss: 1.0526  val_loss: 0.9683  freq: 1.1989  spend: -0.0325  w_freq: 1.359  w_spend: 0.661
Epoch  87/120 — train_loss: 1.0536  val_loss: 0.9677  freq: 1.1988  spend: -0.0323  w_freq: 1.359  w_spend: 0.661
Epoch  88/120 — train_loss: 1.0550  val_loss: 0.9681  freq: 1.1993  spend: -0.0322  w_freq: 1.359  w_spend: 0.662
Epoch  89/120 — train_loss: 1.0520  val_loss: 0.9669  freq: 1.1988  spend: -0.0322  w_freq: 1.359  w_spend: 0.663
Epoch  90/120 — train_loss: 1.0525  val_loss: 0.9673  freq: 1.1995  spend: -0.0322  w_freq: 1.359  w_spend: 0.663
Epoch  91/120 — train_loss: 1.0517  val_loss: 0.9662  freq: 1.1989  spend: -0.0321  w_freq: 1.359  w_spend: 0.664
Epoch  92/120 — train_loss: 1.0531  val_loss: 0.9661  freq: 1.1991  spend: -0.0322  w_freq: 1.359  w_spend: 0.664
Epoch  93/120 — train_loss: 1.0522  val_loss: 0.9655  freq: 1.1989  spend: -0.0321  w_freq: 1.359  w_spend: 0.665
Epoch  94/120 — train_loss: 1.0518  val_loss: 0.9658  freq: 1.1993  spend: -0.0319  w_freq: 1.359  w_spend: 0.665
Epoch  95/120 — train_loss: 1.0484  val_loss: 0.9651  freq: 1.1991  spend: -0.0321  w_freq: 1.359  w_spend: 0.666
Epoch  96/120 — train_loss: 1.0500  val_loss: 0.9647  freq: 1.1990  spend: -0.0321  w_freq: 1.359  w_spend: 0.666
Epoch  97/120 — train_loss: 1.0494  val_loss: 0.9645  freq: 1.1990  spend: -0.0319  w_freq: 1.359  w_spend: 0.666
Epoch  98/120 — train_loss: 1.0505  val_loss: 0.9642  freq: 1.1990  spend: -0.0320  w_freq: 1.359  w_spend: 0.667
Epoch  99/120 — train_loss: 1.0513  val_loss: 0.9647  freq: 1.1994  spend: -0.0318  w_freq: 1.359  w_spend: 0.667
Epoch 100/120 — train_loss: 1.0505  val_loss: 0.9635  freq: 1.1988  spend: -0.0321  w_freq: 1.359  w_spend: 0.667
Epoch 101/120 — train_loss: 1.0525  val_loss: 0.9640  freq: 1.1992  spend: -0.0319  w_freq: 1.359  w_spend: 0.668
Epoch 102/120 — train_loss: 1.0482  val_loss: 0.9638  freq: 1.1991  spend: -0.0318  w_freq: 1.359  w_spend: 0.668
Epoch 103/120 — train_loss: 1.0490  val_loss: 0.9634  freq: 1.1990  spend: -0.0319  w_freq: 1.359  w_spend: 0.668
Epoch 104/120 — train_loss: 1.0495  val_loss: 0.9635  freq: 1.1992  spend: -0.0318  w_freq: 1.359  w_spend: 0.668
Epoch 105/120 — train_loss: 1.0508  val_loss: 0.9633  freq: 1.1991  spend: -0.0318  w_freq: 1.359  w_spend: 0.668
Epoch 106/120 — train_loss: 1.0506  val_loss: 0.9634  freq: 1.1992  spend: -0.0318  w_freq: 1.359  w_spend: 0.669
Epoch 107/120 — train_loss: 1.0525  val_loss: 0.9630  freq: 1.1990  spend: -0.0319  w_freq: 1.359  w_spend: 0.669
Epoch 108/120 — train_loss: 1.0478  val_loss: 0.9632  freq: 1.1992  spend: -0.0317  w_freq: 1.359  w_spend: 0.669
Epoch 109/120 — train_loss: 1.0494  val_loss: 0.9632  freq: 1.1992  spend: -0.0317  w_freq: 1.359  w_spend: 0.669
Epoch 110/120 — train_loss: 1.0480  val_loss: 0.9631  freq: 1.1992  spend: -0.0317  w_freq: 1.359  w_spend: 0.669
Epoch 111/120 — train_loss: 1.0505  val_loss: 0.9631  freq: 1.1992  spend: -0.0317  w_freq: 1.359  w_spend: 0.669
Epoch 112/120 — train_loss: 1.0492  val_loss: 0.9633  freq: 1.1993  spend: -0.0317  w_freq: 1.359  w_spend: 0.669
Epoch 113/120 — train_loss: 1.0525  val_loss: 0.9632  freq: 1.1993  spend: -0.0316  w_freq: 1.359  w_spend: 0.669
Epoch 114/120 — train_loss: 1.0512  val_loss: 0.9632  freq: 1.1993  spend: -0.0316  w_freq: 1.359  w_spend: 0.669
Epoch 115/120 — train_loss: 1.0492  val_loss: 0.9633  freq: 1.1993  spend: -0.0316  w_freq: 1.359  w_spend: 0.669
Epoch 116/120 — train_loss: 1.0507  val_loss: 0.9633  freq: 1.1993  spend: -0.0316  w_freq: 1.359  w_spend: 0.669
Epoch 117/120 — train_loss: 1.0513  val_loss: 0.9633  freq: 1.1993  spend: -0.0316  w_freq: 1.359  w_spend: 0.669
Epoch 118/120 — train_loss: 1.0494  val_loss: 0.9633  freq: 1.1993  spend: -0.0316  w_freq: 1.359  w_spend: 0.669
Epoch 119/120 — train_loss: 1.0513  val_loss: 0.9633  freq: 1.1993  spend: -0.0316  w_freq: 1.359  w_spend: 0.669
Epoch 120/120 — train_loss: 1.0522  val_loss: 0.9633  freq: 1.1993  spend: -0.0316  w_freq: 1.359  w_spend: 0.669

Checkpoint saved: /kaggle/working/results/checkpoints/extension3_transformer_dynamic_dunnhumby_v8_seed7_sample.pt
Validation-fitted softmax temperature: 0.9000

Duan's smearing factor (val): 1.4656
Validation aggregate calibration: freq_factor=1.0397, spend_factor=0.9853

Running autoregressive inference on holdout period ...
  inference mode: sample  n_scenarios: 30  temperature: 0.9000

=== Prediction Diagnostics ===
  Mean predicted freq/week:    1.1511
  Mean actual freq/week:       1.1882
  Over-prediction ratio:       0.969x
  Customers predicted as zero total:  0.090
  Customers actually zero total:      0.188
  Non-zero rate (pred, avg > 0.05):  0.949
  Non-zero rate (true):               0.542

Metrics saved: /kaggle/working/results/tables/extension3_transformer_dynamic_dunnhumby_v8_seed7_sample_metrics.json
Array artifacts saved: /kaggle/working/results/tables/extension3_transformer_dynamic_dunnhumby_v8_seed7_sample_arrays.npz

=== Holdout Evaluation ===
  metric_definition_version: valendin_aggregate_mape_v1
  freq_rmse: 3.3173
  freq_mae: 2.0509
  freq_normalized_gini: 0.8491
  freq_calibration_factor: 1.0397
  freq_horizon_abs_bias_pct: 0.7252
  bias_pct: 0.7252
  freq_weekly_mae: 27.8346
  freq_weekly_total_true: 11872.0000
  freq_weekly_total_pred: 11958.0989
  freq_valendin_mape: 0.9378
  freq_horizon_bias_pct: 0.7252
  freq_weekly_mean_pct_mape: 0.9491
  freq_weekly_mean_pct_bias_pct: 0.7394
  freq_weekly_bias_pct: 0.7252
  freq_weekly_mape: 0.9378
  freq_mape: 0.9378
  freq_mase: 0.9894
  freq_mase_scale: 0.8235
  smearing_factor: 1.4656
  spend_calibration_factor: 0.9853
  spend_mae_raw: 65.1973
  spend_rmse_raw: 104.3916
  spend_normalized_gini: 0.8248
  spend_mae_log: 1.0398
  spend_rmse_log: 1.5056
  spend_r2_log: 0.4851
  spend_bias_pct: -5.2220
  spend_weekly_mae: 4531.6966
  spend_weekly_total_true: 347125.7605
  spend_weekly_total_pred: 328998.9741
  spend_valendin_mape: 5.2220
  spend_horizon_abs_bias_pct: 5.2220
  spend_horizon_bias_pct: -5.2220
  spend_weekly_mean_pct_mape: 5.1056
  spend_weekly_mean_pct_bias_pct: -5.1056
  spend_weekly_bias_pct: -5.2220
  spend_weekly_mape: 5.2220
  spend_mase: 0.9780
  spend_mase_scale: 27.5152
  clv_mae: 65.0248
  clv_rmse: 104.1106
  clv_spearman: 0.7868
  clv_decile_lift: 3.3791
  clv_normalized_gini: 0.8248
  clv_total_true: 346205.2188
  clv_total_pred: 328126.3750
  calibration_temperature_source: rolling_origin_autoregressive
  validation_temperature: 0.9000
  smearing_source: rolling_origin_autoregressive
  calibration_source: rolling_origin_autoregressive
  validation_freq_true_total: 2215.0000
  validation_freq_pred_total: 1911.5813
  validation_spend_true_total: 63355.4414
  validation_spend_pred_total: 67327.3672
  validation_freq_calibration_factor: 1.0397
  validation_spend_calibration_factor: 0.9853
  validation_rolling_origin_count: 2
  protocol_name: dunnhumby_configured_80x4
  cohort_size: 2498
  calibration_weeks: 80
  holdout_weeks: 4
  inference_mode: sample
  n_scenarios: 30
  final_manifest_version: 2026-05-29-v7-v8-extension3-sweep
  final_manifest_run_name: extension3_transformer_dynamic_dunnhumby_v8_seed7_sample
  final_manifest_config: experiments/configs/extension3_transformer_dynamic_dunnhumby_v8.yaml
  final_manifest_config_hash: fdb76913027c
  final_manifest_actual_config_hash: 349d50cb30e4
  final_manifest_seed: 7
  final_manifest_epochs: 120
  final_manifest_inference_mode: sample
  final_manifest_n_scenarios: 30
  run_valid: True
  run_invalid_reason: 
  run_warning: 
  epochs_completed: 120
  max_epochs_configured: 120
History saved: /kaggle/working/results/tables/extension3_transformer_dynamic_dunnhumby_v8_seed7_sample_history.json
