[Kaggle] raw_dir  → /kaggle/working/input/dunnhumby
[Kaggle] results  → /kaggle/working/results
Config: experiments/configs/extension3_lstm_static_dunnhumby_v8.yaml
Run: extension3_lstm_static_dunnhumby_v8_seed2024_sample
Device: cuda
Loading dataset: dunnhumby ...
[pipeline] freq_cap=10 (auto q=0.99) → freq_bins=[0, 1, 2, 3]... (n_classes=11)
  Train customers: 2249, Val: 249, Inference: 2498
[dunnhumby] Customers with 0 calibration transactions: 0 / 2498
  top-bin decode: class_values[-1] = 13.099 (max_trans = 10)
Model: lstm — 103,697 parameters

Training for up to 120 epochs ...
/kaggle/working/thesis-code/src/training/trainer.py:135: FutureWarning: `torch.cuda.amp.GradScaler(args...)` is deprecated. Please use `torch.amp.GradScaler('cuda', args...)` instead.
  self.scaler = torch.cuda.amp.GradScaler(enabled=self.amp_enabled)
[Kendall] log_vars frozen for 5 warm-up epochs.
Epoch   1/120 — train_loss: 3.7964  val_loss: 3.8338  freq: 3.1793  spend: 0.0253  w_freq: 1.359  w_spend: 0.500
Epoch   2/120 — train_loss: 3.7284  val_loss: 3.7222  freq: 3.0973  spend: 0.0249  w_freq: 1.359  w_spend: 0.500
Epoch   3/120 — train_loss: 3.5800  val_loss: 3.4968  freq: 2.9318  spend: 0.0241  w_freq: 1.359  w_spend: 0.500
Epoch   4/120 — train_loss: 3.2574  val_loss: 2.9516  freq: 2.5316  spend: 0.0215  w_freq: 1.359  w_spend: 0.500
Epoch   5/120 — train_loss: 2.4610  val_loss: 1.8585  freq: 1.7293  spend: 0.0164  w_freq: 1.359  w_spend: 0.500
[Kendall] log_vars unfrozen at epoch 6.
[spend-norm] frozen at 0.2351 (absolute val-loss magnitude shifts accordingly; early stopping is relative so this is safe)
Epoch   6/120 — train_loss: 1.8539  val_loss: 1.5419  freq: 1.4800  spend: 0.0645  w_freq: 1.359  w_spend: 0.501
Epoch   7/120 — train_loss: 1.5977  val_loss: 1.4230  freq: 1.3958  spend: 0.0597  w_freq: 1.359  w_spend: 0.503
Epoch   8/120 — train_loss: 1.4621  val_loss: 1.3173  freq: 1.3234  spend: 0.0503  w_freq: 1.359  w_spend: 0.505
Epoch   9/120 — train_loss: 1.3771  val_loss: 1.2710  freq: 1.2948  spend: 0.0405  w_freq: 1.359  w_spend: 0.508
Epoch  10/120 — train_loss: 1.3460  val_loss: 1.2462  freq: 1.2804  spend: 0.0353  w_freq: 1.359  w_spend: 0.511
Epoch  11/120 — train_loss: 1.3280  val_loss: 1.2356  freq: 1.2751  spend: 0.0336  w_freq: 1.359  w_spend: 0.513
Epoch  12/120 — train_loss: 1.3106  val_loss: 1.2173  freq: 1.2653  spend: 0.0289  w_freq: 1.359  w_spend: 0.516
Epoch  13/120 — train_loss: 1.3002  val_loss: 1.2068  freq: 1.2598  spend: 0.0278  w_freq: 1.359  w_spend: 0.519
Epoch  14/120 — train_loss: 1.2851  val_loss: 1.2049  freq: 1.2602  spend: 0.0281  w_freq: 1.359  w_spend: 0.522
Epoch  15/120 — train_loss: 1.2815  val_loss: 1.1949  freq: 1.2554  spend: 0.0262  w_freq: 1.359  w_spend: 0.524
Epoch  16/120 — train_loss: 1.2723  val_loss: 1.1838  freq: 1.2494  spend: 0.0253  w_freq: 1.359  w_spend: 0.527
Epoch  17/120 — train_loss: 1.2632  val_loss: 1.1743  freq: 1.2448  spend: 0.0239  w_freq: 1.359  w_spend: 0.530
Epoch  18/120 — train_loss: 1.2574  val_loss: 1.1688  freq: 1.2429  spend: 0.0232  w_freq: 1.359  w_spend: 0.532
Epoch  19/120 — train_loss: 1.2505  val_loss: 1.1571  freq: 1.2375  spend: 0.0194  w_freq: 1.359  w_spend: 0.535
Epoch  20/120 — train_loss: 1.2387  val_loss: 1.1527  freq: 1.2374  spend: 0.0160  w_freq: 1.359  w_spend: 0.538
Epoch  21/120 — train_loss: 1.2327  val_loss: 1.1420  freq: 1.2328  spend: 0.0120  w_freq: 1.359  w_spend: 0.540
Epoch  22/120 — train_loss: 1.2245  val_loss: 1.1380  freq: 1.2329  spend: 0.0085  w_freq: 1.359  w_spend: 0.543
Epoch  23/120 — train_loss: 1.2206  val_loss: 1.1407  freq: 1.2382  spend: 0.0040  w_freq: 1.359  w_spend: 0.545
Epoch  24/120 — train_loss: 1.2160  val_loss: 1.1227  freq: 1.2272  spend: 0.0016  w_freq: 1.359  w_spend: 0.547
Epoch  25/120 — train_loss: 1.2057  val_loss: 1.1282  freq: 1.2337  spend: -0.0011  w_freq: 1.359  w_spend: 0.549
Epoch  26/120 — train_loss: 1.2036  val_loss: 1.1208  freq: 1.2300  spend: -0.0023  w_freq: 1.359  w_spend: 0.551
Epoch  27/120 — train_loss: 1.1964  val_loss: 1.1054  freq: 1.2229  spend: -0.0098  w_freq: 1.359  w_spend: 0.553
Epoch  28/120 — train_loss: 1.1887  val_loss: 1.1000  freq: 1.2218  spend: -0.0133  w_freq: 1.359  w_spend: 0.555
Epoch  29/120 — train_loss: 1.1828  val_loss: 1.0952  freq: 1.2202  spend: -0.0146  w_freq: 1.359  w_spend: 0.557
Epoch  30/120 — train_loss: 1.1777  val_loss: 1.0894  freq: 1.2188  spend: -0.0178  w_freq: 1.359  w_spend: 0.559
Epoch  31/120 — train_loss: 1.1725  val_loss: 1.0853  freq: 1.2178  spend: -0.0191  w_freq: 1.359  w_spend: 0.562
Epoch  32/120 — train_loss: 1.1717  val_loss: 1.0815  freq: 1.2173  spend: -0.0210  w_freq: 1.359  w_spend: 0.564
Epoch  33/120 — train_loss: 1.1672  val_loss: 1.0823  freq: 1.2192  spend: -0.0212  w_freq: 1.359  w_spend: 0.566
Epoch  34/120 — train_loss: 1.1655  val_loss: 1.0762  freq: 1.2155  spend: -0.0199  w_freq: 1.359  w_spend: 0.568
Epoch  35/120 — train_loss: 1.1611  val_loss: 1.0719  freq: 1.2151  spend: -0.0235  w_freq: 1.359  w_spend: 0.570
Epoch  36/120 — train_loss: 1.1567  val_loss: 1.0712  freq: 1.2155  spend: -0.0224  w_freq: 1.359  w_spend: 0.572
Epoch  37/120 — train_loss: 1.1548  val_loss: 1.0661  freq: 1.2134  spend: -0.0226  w_freq: 1.359  w_spend: 0.574
Epoch  38/120 — train_loss: 1.1509  val_loss: 1.0627  freq: 1.2129  spend: -0.0242  w_freq: 1.359  w_spend: 0.576
Epoch  39/120 — train_loss: 1.1490  val_loss: 1.0607  freq: 1.2125  spend: -0.0233  w_freq: 1.359  w_spend: 0.578
Epoch  40/120 — train_loss: 1.1469  val_loss: 1.0581  freq: 1.2128  spend: -0.0251  w_freq: 1.359  w_spend: 0.580
Epoch  41/120 — train_loss: 1.1425  val_loss: 1.0547  freq: 1.2116  spend: -0.0251  w_freq: 1.359  w_spend: 0.583
Epoch  42/120 — train_loss: 1.1373  val_loss: 1.0526  freq: 1.2116  spend: -0.0253  w_freq: 1.359  w_spend: 0.585
Epoch  43/120 — train_loss: 1.1385  val_loss: 1.0497  freq: 1.2113  spend: -0.0262  w_freq: 1.359  w_spend: 0.587
Epoch  44/120 — train_loss: 1.1349  val_loss: 1.0453  freq: 1.2094  spend: -0.0263  w_freq: 1.359  w_spend: 0.589
Epoch  45/120 — train_loss: 1.1306  val_loss: 1.0424  freq: 1.2089  spend: -0.0271  w_freq: 1.359  w_spend: 0.591
Epoch  46/120 — train_loss: 1.1326  val_loss: 1.0405  freq: 1.2083  spend: -0.0257  w_freq: 1.359  w_spend: 0.593
Epoch  47/120 — train_loss: 1.1299  val_loss: 1.0381  freq: 1.2082  spend: -0.0267  w_freq: 1.359  w_spend: 0.595
Epoch  48/120 — train_loss: 1.1268  val_loss: 1.0359  freq: 1.2081  spend: -0.0273  w_freq: 1.359  w_spend: 0.597
Epoch  49/120 — train_loss: 1.1234  val_loss: 1.0348  freq: 1.2086  spend: -0.0273  w_freq: 1.359  w_spend: 0.599
Epoch  50/120 — train_loss: 1.1207  val_loss: 1.0320  freq: 1.2077  spend: -0.0273  w_freq: 1.359  w_spend: 0.601
Epoch  51/120 — train_loss: 1.1206  val_loss: 1.0300  freq: 1.2074  spend: -0.0271  w_freq: 1.359  w_spend: 0.603
Epoch  52/120 — train_loss: 1.1185  val_loss: 1.0273  freq: 1.2068  spend: -0.0278  w_freq: 1.359  w_spend: 0.605
Epoch  53/120 — train_loss: 1.1160  val_loss: 1.0248  freq: 1.2057  spend: -0.0270  w_freq: 1.359  w_spend: 0.607
Epoch  54/120 — train_loss: 1.1164  val_loss: 1.0226  freq: 1.2054  spend: -0.0282  w_freq: 1.359  w_spend: 0.608
Epoch  55/120 — train_loss: 1.1143  val_loss: 1.0224  freq: 1.2060  spend: -0.0279  w_freq: 1.359  w_spend: 0.610
Epoch  56/120 — train_loss: 1.1161  val_loss: 1.0197  freq: 1.2052  spend: -0.0287  w_freq: 1.359  w_spend: 0.611
Epoch  57/120 — train_loss: 1.1153  val_loss: 1.0181  freq: 1.2043  spend: -0.0273  w_freq: 1.359  w_spend: 0.612
Epoch  58/120 — train_loss: 1.1105  val_loss: 1.0177  freq: 1.2050  spend: -0.0275  w_freq: 1.359  w_spend: 0.614
Epoch  59/120 — train_loss: 1.1095  val_loss: 1.0144  freq: 1.2039  spend: -0.0282  w_freq: 1.359  w_spend: 0.615
Epoch  60/120 — train_loss: 1.1078  val_loss: 1.0114  freq: 1.2030  spend: -0.0287  w_freq: 1.359  w_spend: 0.617
Epoch  61/120 — train_loss: 1.1023  val_loss: 1.0145  freq: 1.2060  spend: -0.0282  w_freq: 1.359  w_spend: 0.619
Epoch  62/120 — train_loss: 1.1041  val_loss: 1.0099  freq: 1.2036  spend: -0.0281  w_freq: 1.359  w_spend: 0.620
Epoch  63/120 — train_loss: 1.1035  val_loss: 1.0068  freq: 1.2024  spend: -0.0287  w_freq: 1.359  w_spend: 0.622
Epoch  64/120 — train_loss: 1.1028  val_loss: 1.0068  freq: 1.2033  spend: -0.0289  w_freq: 1.359  w_spend: 0.623
Epoch  65/120 — train_loss: 1.1020  val_loss: 1.0082  freq: 1.2052  spend: -0.0291  w_freq: 1.359  w_spend: 0.624
Epoch  66/120 — train_loss: 1.1010  val_loss: 1.0051  freq: 1.2034  spend: -0.0285  w_freq: 1.359  w_spend: 0.626
Epoch  67/120 — train_loss: 1.0976  val_loss: 1.0061  freq: 1.2048  spend: -0.0282  w_freq: 1.359  w_spend: 0.627
Epoch  68/120 — train_loss: 1.0994  val_loss: 1.0010  freq: 1.2024  spend: -0.0296  w_freq: 1.359  w_spend: 0.628
Epoch  69/120 — train_loss: 1.0964  val_loss: 1.0008  freq: 1.2028  spend: -0.0290  w_freq: 1.359  w_spend: 0.629
Epoch  70/120 — train_loss: 1.0943  val_loss: 1.0005  freq: 1.2028  spend: -0.0281  w_freq: 1.359  w_spend: 0.631
Epoch  71/120 — train_loss: 1.0911  val_loss: 0.9978  freq: 1.2016  spend: -0.0281  w_freq: 1.359  w_spend: 0.632
Epoch  72/120 — train_loss: 1.0929  val_loss: 0.9973  freq: 1.2019  spend: -0.0281  w_freq: 1.359  w_spend: 0.633
Epoch  73/120 — train_loss: 1.0931  val_loss: 0.9950  freq: 1.2011  spend: -0.0286  w_freq: 1.359  w_spend: 0.634
Epoch  74/120 — train_loss: 1.0939  val_loss: 0.9956  freq: 1.2025  spend: -0.0291  w_freq: 1.359  w_spend: 0.635
Epoch  75/120 — train_loss: 1.0929  val_loss: 0.9959  freq: 1.2031  spend: -0.0285  w_freq: 1.359  w_spend: 0.636
Epoch  76/120 — train_loss: 1.0903  val_loss: 0.9927  freq: 1.2016  spend: -0.0291  w_freq: 1.359  w_spend: 0.637
Epoch  77/120 — train_loss: 1.0910  val_loss: 0.9922  freq: 1.2018  spend: -0.0291  w_freq: 1.359  w_spend: 0.638
Epoch  78/120 — train_loss: 1.0905  val_loss: 0.9916  freq: 1.2015  spend: -0.0280  w_freq: 1.359  w_spend: 0.639
Epoch  79/120 — train_loss: 1.0914  val_loss: 0.9904  freq: 1.2011  spend: -0.0279  w_freq: 1.359  w_spend: 0.640
Epoch  80/120 — train_loss: 1.0900  val_loss: 0.9898  freq: 1.2015  spend: -0.0286  w_freq: 1.359  w_spend: 0.641
Epoch  81/120 — train_loss: 1.0891  val_loss: 0.9886  freq: 1.2011  spend: -0.0286  w_freq: 1.359  w_spend: 0.642
Epoch  82/120 — train_loss: 1.0874  val_loss: 0.9875  freq: 1.2007  spend: -0.0283  w_freq: 1.359  w_spend: 0.643
Epoch  83/120 — train_loss: 1.0865  val_loss: 0.9883  freq: 1.2016  spend: -0.0280  w_freq: 1.359  w_spend: 0.644
Epoch  84/120 — train_loss: 1.0893  val_loss: 0.9871  freq: 1.2012  spend: -0.0281  w_freq: 1.359  w_spend: 0.645
Epoch  85/120 — train_loss: 1.0910  val_loss: 0.9845  freq: 1.2005  spend: -0.0301  w_freq: 1.359  w_spend: 0.645
Epoch  86/120 — train_loss: 1.0881  val_loss: 0.9850  freq: 1.2010  spend: -0.0294  w_freq: 1.359  w_spend: 0.646
Epoch  87/120 — train_loss: 1.0873  val_loss: 0.9841  freq: 1.2003  spend: -0.0285  w_freq: 1.359  w_spend: 0.647
Epoch  88/120 — train_loss: 1.0884  val_loss: 0.9850  freq: 1.2011  spend: -0.0281  w_freq: 1.359  w_spend: 0.647
Epoch  89/120 — train_loss: 1.0883  val_loss: 0.9833  freq: 1.2003  spend: -0.0284  w_freq: 1.359  w_spend: 0.648
Epoch  90/120 — train_loss: 1.0852  val_loss: 0.9825  freq: 1.2002  spend: -0.0288  w_freq: 1.359  w_spend: 0.648
Epoch  91/120 — train_loss: 1.0892  val_loss: 0.9832  freq: 1.2009  spend: -0.0285  w_freq: 1.359  w_spend: 0.649
Epoch  92/120 — train_loss: 1.0887  val_loss: 0.9824  freq: 1.2007  spend: -0.0288  w_freq: 1.359  w_spend: 0.649
Epoch  93/120 — train_loss: 1.0897  val_loss: 0.9817  freq: 1.2005  spend: -0.0290  w_freq: 1.359  w_spend: 0.650
Epoch  94/120 — train_loss: 1.0873  val_loss: 0.9812  freq: 1.2002  spend: -0.0284  w_freq: 1.359  w_spend: 0.650
Epoch  95/120 — train_loss: 1.0890  val_loss: 0.9805  freq: 1.2001  spend: -0.0289  w_freq: 1.359  w_spend: 0.651
Epoch  96/120 — train_loss: 1.0893  val_loss: 0.9808  freq: 1.2004  spend: -0.0286  w_freq: 1.359  w_spend: 0.651
Epoch  97/120 — train_loss: 1.0882  val_loss: 0.9801  freq: 1.2002  spend: -0.0287  w_freq: 1.359  w_spend: 0.651
Epoch  98/120 — train_loss: 1.0879  val_loss: 0.9808  freq: 1.2008  spend: -0.0286  w_freq: 1.359  w_spend: 0.652
Epoch  99/120 — train_loss: 1.0888  val_loss: 0.9804  freq: 1.2006  spend: -0.0285  w_freq: 1.359  w_spend: 0.652
Epoch 100/120 — train_loss: 1.0877  val_loss: 0.9804  freq: 1.2006  spend: -0.0281  w_freq: 1.359  w_spend: 0.652
Epoch 101/120 — train_loss: 1.0881  val_loss: 0.9795  freq: 1.2001  spend: -0.0282  w_freq: 1.359  w_spend: 0.652
Epoch 102/120 — train_loss: 1.0892  val_loss: 0.9803  freq: 1.2007  spend: -0.0281  w_freq: 1.359  w_spend: 0.653
Epoch 103/120 — train_loss: 1.0932  val_loss: 0.9796  freq: 1.2005  spend: -0.0284  w_freq: 1.359  w_spend: 0.653
Epoch 104/120 — train_loss: 1.0882  val_loss: 0.9800  freq: 1.2004  spend: -0.0275  w_freq: 1.359  w_spend: 0.653
Epoch 105/120 — train_loss: 1.0905  val_loss: 0.9791  freq: 1.2003  spend: -0.0285  w_freq: 1.359  w_spend: 0.653
Epoch 106/120 — train_loss: 1.0925  val_loss: 0.9797  freq: 1.2005  spend: -0.0280  w_freq: 1.359  w_spend: 0.653
Epoch 107/120 — train_loss: 1.0923  val_loss: 0.9798  freq: 1.2007  spend: -0.0279  w_freq: 1.359  w_spend: 0.653
Epoch 108/120 — train_loss: 1.0915  val_loss: 0.9794  freq: 1.2005  spend: -0.0281  w_freq: 1.359  w_spend: 0.654
Epoch 109/120 — train_loss: 1.0952  val_loss: 0.9801  freq: 1.2010  spend: -0.0278  w_freq: 1.359  w_spend: 0.654
Epoch 110/120 — train_loss: 1.0947  val_loss: 0.9796  freq: 1.2007  spend: -0.0279  w_freq: 1.359  w_spend: 0.654
Epoch 111/120 — train_loss: 1.0925  val_loss: 0.9794  freq: 1.2005  spend: -0.0279  w_freq: 1.359  w_spend: 0.654
Epoch 112/120 — train_loss: 1.0943  val_loss: 0.9796  freq: 1.2007  spend: -0.0278  w_freq: 1.359  w_spend: 0.654
Epoch 113/120 — train_loss: 1.0947  val_loss: 0.9797  freq: 1.2008  spend: -0.0278  w_freq: 1.359  w_spend: 0.654
Epoch 114/120 — train_loss: 1.0960  val_loss: 0.9797  freq: 1.2007  spend: -0.0276  w_freq: 1.359  w_spend: 0.654
Epoch 115/120 — train_loss: 1.0972  val_loss: 0.9796  freq: 1.2006  spend: -0.0276  w_freq: 1.359  w_spend: 0.654
Epoch 116/120 — train_loss: 1.0960  val_loss: 0.9796  freq: 1.2006  spend: -0.0276  w_freq: 1.359  w_spend: 0.654
Epoch 117/120 — train_loss: 1.0983  val_loss: 0.9796  freq: 1.2007  spend: -0.0276  w_freq: 1.359  w_spend: 0.654
Epoch 118/120 — train_loss: 1.0961  val_loss: 0.9797  freq: 1.2007  spend: -0.0276  w_freq: 1.359  w_spend: 0.654
Epoch 119/120 — train_loss: 1.1003  val_loss: 0.9797  freq: 1.2007  spend: -0.0276  w_freq: 1.359  w_spend: 0.654
Epoch 120/120 — train_loss: 1.1009  val_loss: 0.9797  freq: 1.2007  spend: -0.0276  w_freq: 1.359  w_spend: 0.654

Checkpoint saved: /kaggle/working/results/checkpoints/extension3_lstm_static_dunnhumby_v8_seed2024_sample.pt
Validation-fitted softmax temperature: 0.9000

Duan's smearing factor (val): 1.4867
Validation aggregate calibration: freq_factor=1.0416, spend_factor=0.9856

Running autoregressive inference on holdout period ...
  inference mode: sample  n_scenarios: 30  temperature: 0.9000

=== Prediction Diagnostics ===
  Mean predicted freq/week:    1.1018
  Mean actual freq/week:       1.1882
  Over-prediction ratio:       0.927x
  Customers predicted as zero total:  0.099
  Customers actually zero total:      0.188
  Non-zero rate (pred, avg > 0.05):  0.954
  Non-zero rate (true):               0.542

Metrics saved: /kaggle/working/results/tables/extension3_lstm_static_dunnhumby_v8_seed2024_sample_metrics.json
Array artifacts saved: /kaggle/working/results/tables/extension3_lstm_static_dunnhumby_v8_seed2024_sample_arrays.npz

=== Holdout Evaluation ===
  metric_definition_version: valendin_aggregate_mape_v1
  freq_rmse: 3.2892
  freq_mae: 2.0166
  freq_normalized_gini: 0.8533
  freq_calibration_factor: 1.0416
  freq_horizon_abs_bias_pct: 3.4147
  bias_pct: -3.4147
  freq_weekly_mae: 101.3497
  freq_weekly_total_true: 11872.0000
  freq_weekly_total_pred: 11466.6011
  freq_valendin_mape: 3.4147
  freq_horizon_bias_pct: -3.4147
  freq_weekly_mean_pct_mape: 3.4028
  freq_weekly_mean_pct_bias_pct: -3.4028
  freq_weekly_bias_pct: -3.4147
  freq_weekly_mape: 3.4147
  freq_mape: 3.4147
  freq_mase: 0.9719
  freq_mase_scale: 0.8235
  smearing_factor: 1.4867
  spend_calibration_factor: 0.9856
  spend_mae_raw: 65.8304
  spend_rmse_raw: 105.0969
  spend_normalized_gini: 0.8313
  spend_mae_log: 1.0572
  spend_rmse_log: 1.5063
  spend_r2_log: 0.4846
  spend_bias_pct: 2.4722
  spend_weekly_mae: 2696.9191
  spend_weekly_total_true: 347125.7605
  spend_weekly_total_pred: 355707.3062
  spend_valendin_mape: 3.1077
  spend_horizon_abs_bias_pct: 2.4722
  spend_horizon_bias_pct: 2.4722
  spend_weekly_mean_pct_mape: 3.1607
  spend_weekly_mean_pct_bias_pct: 2.5645
  spend_weekly_bias_pct: 2.4722
  spend_weekly_mape: 3.1077
  spend_mase: 0.9890
  spend_mase_scale: 27.5152
  clv_mae: 65.6530
  clv_rmse: 104.8144
  clv_spearman: 0.7942
  clv_decile_lift: 3.3564
  clv_normalized_gini: 0.8313
  clv_total_true: 346205.2188
  clv_total_pred: 354754.6250
  calibration_temperature_source: rolling_origin_autoregressive
  validation_temperature: 0.9000
  smearing_source: rolling_origin_autoregressive
  calibration_source: rolling_origin_autoregressive
  validation_freq_true_total: 2215.0000
  validation_freq_pred_total: 1899.1024
  validation_spend_true_total: 63355.4414
  validation_spend_pred_total: 67232.8750
  validation_freq_calibration_factor: 1.0416
  validation_spend_calibration_factor: 0.9856
  validation_rolling_origin_count: 2
  protocol_name: dunnhumby_configured_80x4
  cohort_size: 2498
  calibration_weeks: 80
  holdout_weeks: 4
  inference_mode: sample
  n_scenarios: 30
  final_manifest_version: 2026-05-29-v7-v8-extension3-sweep
  final_manifest_run_name: extension3_lstm_static_dunnhumby_v8_seed2024_sample
  final_manifest_config: experiments/configs/extension3_lstm_static_dunnhumby_v8.yaml
  final_manifest_config_hash: 79b1e70de16f
  final_manifest_actual_config_hash: 8d91c6607263
  final_manifest_seed: 2024
  final_manifest_epochs: 120
  final_manifest_inference_mode: sample
  final_manifest_n_scenarios: 30
  run_valid: True
  run_invalid_reason: 
  run_warning: 
  epochs_completed: 120
  max_epochs_configured: 120
History saved: /kaggle/working/results/tables/extension3_lstm_static_dunnhumby_v8_seed2024_sample_history.json
