[Kaggle] raw_dir  → /kaggle/working/input/dunnhumby
[Kaggle] results  → /kaggle/working/results
Config: experiments/configs/extension3_lstm_static_dunnhumby_v8.yaml
Run: extension3_lstm_static_dunnhumby_v8_seed7_sample
Device: cuda
Loading dataset: dunnhumby ...
[pipeline] freq_cap=10 (auto q=0.99) → freq_bins=[0, 1, 2, 3]... (n_classes=11)
  Train customers: 2249, Val: 249, Inference: 2498
[dunnhumby] Customers with 0 calibration transactions: 0 / 2498
  top-bin decode: class_values[-1] = 13.099 (max_trans = 10)
Model: lstm — 103,697 parameters

Training for up to 120 epochs ...
/kaggle/working/thesis-code/src/training/trainer.py:135: FutureWarning: `torch.cuda.amp.GradScaler(args...)` is deprecated. Please use `torch.amp.GradScaler('cuda', args...)` instead.
  self.scaler = torch.cuda.amp.GradScaler(enabled=self.amp_enabled)
[Kendall] log_vars frozen for 5 warm-up epochs.
Epoch   1/120 — train_loss: 3.8015  val_loss: 3.8453  freq: 3.1879  spend: 0.0251  w_freq: 1.359  w_spend: 0.500
Epoch   2/120 — train_loss: 3.7497  val_loss: 3.7644  freq: 3.1284  spend: 0.0249  w_freq: 1.359  w_spend: 0.500
Epoch   3/120 — train_loss: 3.6415  val_loss: 3.6061  freq: 3.0121  spend: 0.0244  w_freq: 1.359  w_spend: 0.500
Epoch   4/120 — train_loss: 3.4173  val_loss: 3.2321  freq: 2.7376  spend: 0.0228  w_freq: 1.359  w_spend: 0.500
Epoch   5/120 — train_loss: 2.8084  val_loss: 2.0964  freq: 1.9043  spend: 0.0163  w_freq: 1.359  w_spend: 0.500
[Kendall] log_vars unfrozen at epoch 6.
[spend-norm] frozen at 0.2384 (absolute val-loss magnitude shifts accordingly; early stopping is relative so this is safe)
Epoch   6/120 — train_loss: 1.9629  val_loss: 1.6087  freq: 1.5312  spend: 0.0590  w_freq: 1.359  w_spend: 0.501
Epoch   7/120 — train_loss: 1.5943  val_loss: 1.4462  freq: 1.4113  spend: 0.0639  w_freq: 1.359  w_spend: 0.503
Epoch   8/120 — train_loss: 1.4587  val_loss: 1.3291  freq: 1.3331  spend: 0.0474  w_freq: 1.359  w_spend: 0.505
Epoch   9/120 — train_loss: 1.3864  val_loss: 1.2851  freq: 1.3056  spend: 0.0394  w_freq: 1.359  w_spend: 0.508
Epoch  10/120 — train_loss: 1.3541  val_loss: 1.2587  freq: 1.2893  spend: 0.0364  w_freq: 1.359  w_spend: 0.511
Epoch  11/120 — train_loss: 1.3318  val_loss: 1.2460  freq: 1.2822  spend: 0.0358  w_freq: 1.359  w_spend: 0.514
Epoch  12/120 — train_loss: 1.3152  val_loss: 1.2257  freq: 1.2702  spend: 0.0325  w_freq: 1.359  w_spend: 0.516
Epoch  13/120 — train_loss: 1.2995  val_loss: 1.2149  freq: 1.2643  spend: 0.0319  w_freq: 1.359  w_spend: 0.519
Epoch  14/120 — train_loss: 1.2854  val_loss: 1.1966  freq: 1.2539  spend: 0.0287  w_freq: 1.359  w_spend: 0.522
Epoch  15/120 — train_loss: 1.2730  val_loss: 1.1831  freq: 1.2475  spend: 0.0248  w_freq: 1.359  w_spend: 0.524
Epoch  16/120 — train_loss: 1.2576  val_loss: 1.1683  freq: 1.2413  spend: 0.0178  w_freq: 1.359  w_spend: 0.527
Epoch  17/120 — train_loss: 1.2414  val_loss: 1.1575  freq: 1.2385  spend: 0.0096  w_freq: 1.359  w_spend: 0.530
Epoch  18/120 — train_loss: 1.2299  val_loss: 1.1457  freq: 1.2342  spend: 0.0032  w_freq: 1.359  w_spend: 0.533
Epoch  19/120 — train_loss: 1.2203  val_loss: 1.1335  freq: 1.2298  spend: -0.0039  w_freq: 1.359  w_spend: 0.536
Epoch  20/120 — train_loss: 1.2115  val_loss: 1.1236  freq: 1.2272  spend: -0.0106  w_freq: 1.359  w_spend: 0.539
Epoch  21/120 — train_loss: 1.1998  val_loss: 1.1132  freq: 1.2230  spend: -0.0145  w_freq: 1.359  w_spend: 0.541
Epoch  22/120 — train_loss: 1.1941  val_loss: 1.1056  freq: 1.2202  spend: -0.0169  w_freq: 1.359  w_spend: 0.544
Epoch  23/120 — train_loss: 1.1858  val_loss: 1.0990  freq: 1.2176  spend: -0.0184  w_freq: 1.359  w_spend: 0.547
Epoch  24/120 — train_loss: 1.1813  val_loss: 1.0962  freq: 1.2174  spend: -0.0193  w_freq: 1.359  w_spend: 0.549
Epoch  25/120 — train_loss: 1.1761  val_loss: 1.0892  freq: 1.2142  spend: -0.0203  w_freq: 1.359  w_spend: 0.551
Epoch  26/120 — train_loss: 1.1711  val_loss: 1.0868  freq: 1.2145  spend: -0.0212  w_freq: 1.359  w_spend: 0.554
Epoch  27/120 — train_loss: 1.1650  val_loss: 1.0805  freq: 1.2116  spend: -0.0214  w_freq: 1.359  w_spend: 0.556
Epoch  28/120 — train_loss: 1.1581  val_loss: 1.0761  freq: 1.2105  spend: -0.0227  w_freq: 1.359  w_spend: 0.559
Epoch  29/120 — train_loss: 1.1570  val_loss: 1.0747  freq: 1.2111  spend: -0.0224  w_freq: 1.359  w_spend: 0.561
Epoch  30/120 — train_loss: 1.1585  val_loss: 1.0696  freq: 1.2086  spend: -0.0222  w_freq: 1.359  w_spend: 0.563
Epoch  31/120 — train_loss: 1.1522  val_loss: 1.0668  freq: 1.2085  spend: -0.0238  w_freq: 1.359  w_spend: 0.565
Epoch  32/120 — train_loss: 1.1512  val_loss: 1.0669  freq: 1.2097  spend: -0.0234  w_freq: 1.359  w_spend: 0.567
Epoch  33/120 — train_loss: 1.1466  val_loss: 1.0606  freq: 1.2071  spend: -0.0248  w_freq: 1.359  w_spend: 0.569
Epoch  34/120 — train_loss: 1.1439  val_loss: 1.0577  freq: 1.2064  spend: -0.0248  w_freq: 1.359  w_spend: 0.571
Epoch  35/120 — train_loss: 1.1387  val_loss: 1.0563  freq: 1.2067  spend: -0.0243  w_freq: 1.359  w_spend: 0.574
Epoch  36/120 — train_loss: 1.1371  val_loss: 1.0512  freq: 1.2050  spend: -0.0254  w_freq: 1.359  w_spend: 0.576
Epoch  37/120 — train_loss: 1.1315  val_loss: 1.0485  freq: 1.2044  spend: -0.0251  w_freq: 1.359  w_spend: 0.578
Epoch  38/120 — train_loss: 1.1332  val_loss: 1.0449  freq: 1.2037  spend: -0.0261  w_freq: 1.359  w_spend: 0.581
Epoch  39/120 — train_loss: 1.1280  val_loss: 1.0419  freq: 1.2032  spend: -0.0266  w_freq: 1.359  w_spend: 0.583
Epoch  40/120 — train_loss: 1.1239  val_loss: 1.0389  freq: 1.2027  spend: -0.0270  w_freq: 1.359  w_spend: 0.585
Epoch  41/120 — train_loss: 1.1227  val_loss: 1.0363  freq: 1.2024  spend: -0.0273  w_freq: 1.359  w_spend: 0.588
Epoch  42/120 — train_loss: 1.1204  val_loss: 1.0336  freq: 1.2021  spend: -0.0276  w_freq: 1.359  w_spend: 0.590
Epoch  43/120 — train_loss: 1.1179  val_loss: 1.0308  freq: 1.2017  spend: -0.0282  w_freq: 1.359  w_spend: 0.592
Epoch  44/120 — train_loss: 1.1142  val_loss: 1.0282  freq: 1.2012  spend: -0.0281  w_freq: 1.359  w_spend: 0.595
Epoch  45/120 — train_loss: 1.1137  val_loss: 1.0257  freq: 1.2010  spend: -0.0286  w_freq: 1.359  w_spend: 0.597
Epoch  46/120 — train_loss: 1.1141  val_loss: 1.0238  freq: 1.2011  spend: -0.0290  w_freq: 1.359  w_spend: 0.599
Epoch  47/120 — train_loss: 1.1064  val_loss: 1.0206  freq: 1.2000  spend: -0.0290  w_freq: 1.359  w_spend: 0.601
Epoch  48/120 — train_loss: 1.1067  val_loss: 1.0197  freq: 1.2007  spend: -0.0291  w_freq: 1.359  w_spend: 0.603
Epoch  49/120 — train_loss: 1.1074  val_loss: 1.0180  freq: 1.2007  spend: -0.0291  w_freq: 1.359  w_spend: 0.605
Epoch  50/120 — train_loss: 1.1031  val_loss: 1.0151  freq: 1.1997  spend: -0.0290  w_freq: 1.359  w_spend: 0.607
Epoch  51/120 — train_loss: 1.1021  val_loss: 1.0128  freq: 1.1994  spend: -0.0295  w_freq: 1.359  w_spend: 0.609
Epoch  52/120 — train_loss: 1.0972  val_loss: 1.0117  freq: 1.1998  spend: -0.0296  w_freq: 1.359  w_spend: 0.611
Epoch  53/120 — train_loss: 1.0984  val_loss: 1.0091  freq: 1.1988  spend: -0.0293  w_freq: 1.359  w_spend: 0.613
Epoch  54/120 — train_loss: 1.0970  val_loss: 1.0069  freq: 1.1986  spend: -0.0302  w_freq: 1.359  w_spend: 0.614
Epoch  55/120 — train_loss: 1.0940  val_loss: 1.0061  freq: 1.1985  spend: -0.0290  w_freq: 1.359  w_spend: 0.616
Epoch  56/120 — train_loss: 1.0939  val_loss: 1.0034  freq: 1.1981  spend: -0.0303  w_freq: 1.359  w_spend: 0.618
Epoch  57/120 — train_loss: 1.0922  val_loss: 1.0026  freq: 1.1983  spend: -0.0297  w_freq: 1.359  w_spend: 0.619
Epoch  58/120 — train_loss: 1.0871  val_loss: 1.0006  freq: 1.1980  spend: -0.0301  w_freq: 1.359  w_spend: 0.621
Epoch  59/120 — train_loss: 1.0900  val_loss: 0.9996  freq: 1.1984  spend: -0.0304  w_freq: 1.359  w_spend: 0.622
Epoch  60/120 — train_loss: 1.0886  val_loss: 1.0001  freq: 1.1993  spend: -0.0297  w_freq: 1.359  w_spend: 0.624
Epoch  61/120 — train_loss: 1.0865  val_loss: 0.9975  freq: 1.1981  spend: -0.0295  w_freq: 1.359  w_spend: 0.625
Epoch  62/120 — train_loss: 1.0839  val_loss: 0.9956  freq: 1.1976  spend: -0.0293  w_freq: 1.359  w_spend: 0.627
Epoch  63/120 — train_loss: 1.0858  val_loss: 0.9933  freq: 1.1974  spend: -0.0305  w_freq: 1.359  w_spend: 0.628
Epoch  64/120 — train_loss: 1.0846  val_loss: 0.9943  freq: 1.1988  spend: -0.0300  w_freq: 1.359  w_spend: 0.630
Epoch  65/120 — train_loss: 1.0837  val_loss: 0.9911  freq: 1.1973  spend: -0.0304  w_freq: 1.359  w_spend: 0.631
Epoch  66/120 — train_loss: 1.0807  val_loss: 0.9894  freq: 1.1970  spend: -0.0308  w_freq: 1.359  w_spend: 0.632
Epoch  67/120 — train_loss: 1.0805  val_loss: 0.9880  freq: 1.1968  spend: -0.0308  w_freq: 1.359  w_spend: 0.634
Epoch  68/120 — train_loss: 1.0806  val_loss: 0.9878  freq: 1.1974  spend: -0.0309  w_freq: 1.359  w_spend: 0.635
Epoch  69/120 — train_loss: 1.0800  val_loss: 0.9863  freq: 1.1969  spend: -0.0305  w_freq: 1.359  w_spend: 0.636
Epoch  70/120 — train_loss: 1.0794  val_loss: 0.9858  freq: 1.1970  spend: -0.0301  w_freq: 1.359  w_spend: 0.637
Epoch  71/120 — train_loss: 1.0777  val_loss: 0.9840  freq: 1.1967  spend: -0.0306  w_freq: 1.359  w_spend: 0.639
Epoch  72/120 — train_loss: 1.0790  val_loss: 0.9823  freq: 1.1965  spend: -0.0312  w_freq: 1.359  w_spend: 0.640
Epoch  73/120 — train_loss: 1.0780  val_loss: 0.9827  freq: 1.1970  spend: -0.0303  w_freq: 1.359  w_spend: 0.641
Epoch  74/120 — train_loss: 1.0775  val_loss: 0.9822  freq: 1.1966  spend: -0.0289  w_freq: 1.359  w_spend: 0.642
Epoch  75/120 — train_loss: 1.0761  val_loss: 0.9810  freq: 1.1969  spend: -0.0304  w_freq: 1.359  w_spend: 0.643
Epoch  76/120 — train_loss: 1.0758  val_loss: 0.9806  freq: 1.1967  spend: -0.0294  w_freq: 1.359  w_spend: 0.644
Epoch  77/120 — train_loss: 1.0714  val_loss: 0.9791  freq: 1.1964  spend: -0.0299  w_freq: 1.359  w_spend: 0.645
Epoch  78/120 — train_loss: 1.0723  val_loss: 0.9780  freq: 1.1965  spend: -0.0306  w_freq: 1.359  w_spend: 0.646
Epoch  79/120 — train_loss: 1.0745  val_loss: 0.9770  freq: 1.1963  spend: -0.0308  w_freq: 1.359  w_spend: 0.647
Epoch  80/120 — train_loss: 1.0717  val_loss: 0.9769  freq: 1.1967  spend: -0.0307  w_freq: 1.359  w_spend: 0.648
Epoch  81/120 — train_loss: 1.0748  val_loss: 0.9763  freq: 1.1965  spend: -0.0302  w_freq: 1.359  w_spend: 0.648
Epoch  82/120 — train_loss: 1.0758  val_loss: 0.9766  freq: 1.1969  spend: -0.0297  w_freq: 1.359  w_spend: 0.649
Epoch  83/120 — train_loss: 1.0731  val_loss: 0.9759  freq: 1.1968  spend: -0.0297  w_freq: 1.359  w_spend: 0.650
Epoch  84/120 — train_loss: 1.0745  val_loss: 0.9747  freq: 1.1965  spend: -0.0301  w_freq: 1.359  w_spend: 0.651
Epoch  85/120 — train_loss: 1.0743  val_loss: 0.9741  freq: 1.1966  spend: -0.0303  w_freq: 1.359  w_spend: 0.651
Epoch  86/120 — train_loss: 1.0691  val_loss: 0.9722  freq: 1.1960  spend: -0.0311  w_freq: 1.359  w_spend: 0.652
Epoch  87/120 — train_loss: 1.0742  val_loss: 0.9719  freq: 1.1960  spend: -0.0310  w_freq: 1.359  w_spend: 0.653
Epoch  88/120 — train_loss: 1.0706  val_loss: 0.9715  freq: 1.1961  spend: -0.0309  w_freq: 1.359  w_spend: 0.653
Epoch  89/120 — train_loss: 1.0701  val_loss: 0.9713  freq: 1.1960  spend: -0.0304  w_freq: 1.359  w_spend: 0.654
Epoch  90/120 — train_loss: 1.0703  val_loss: 0.9709  freq: 1.1961  spend: -0.0306  w_freq: 1.359  w_spend: 0.654
Epoch  91/120 — train_loss: 1.0684  val_loss: 0.9701  freq: 1.1960  spend: -0.0310  w_freq: 1.359  w_spend: 0.655
Epoch  92/120 — train_loss: 1.0697  val_loss: 0.9700  freq: 1.1960  spend: -0.0305  w_freq: 1.359  w_spend: 0.655
Epoch  93/120 — train_loss: 1.0721  val_loss: 0.9700  freq: 1.1962  spend: -0.0303  w_freq: 1.359  w_spend: 0.656
Epoch  94/120 — train_loss: 1.0706  val_loss: 0.9691  freq: 1.1959  spend: -0.0307  w_freq: 1.359  w_spend: 0.656
Epoch  95/120 — train_loss: 1.0711  val_loss: 0.9689  freq: 1.1960  spend: -0.0307  w_freq: 1.359  w_spend: 0.657
Epoch  96/120 — train_loss: 1.0708  val_loss: 0.9690  freq: 1.1960  spend: -0.0300  w_freq: 1.359  w_spend: 0.657
Epoch  97/120 — train_loss: 1.0710  val_loss: 0.9692  freq: 1.1965  spend: -0.0304  w_freq: 1.359  w_spend: 0.657
Epoch  98/120 — train_loss: 1.0723  val_loss: 0.9686  freq: 1.1961  spend: -0.0301  w_freq: 1.359  w_spend: 0.658
Epoch  99/120 — train_loss: 1.0735  val_loss: 0.9679  freq: 1.1960  spend: -0.0306  w_freq: 1.359  w_spend: 0.658
Epoch 100/120 — train_loss: 1.0715  val_loss: 0.9680  freq: 1.1960  spend: -0.0300  w_freq: 1.359  w_spend: 0.658
Epoch 101/120 — train_loss: 1.0767  val_loss: 0.9677  freq: 1.1960  spend: -0.0303  w_freq: 1.359  w_spend: 0.659
Epoch 102/120 — train_loss: 1.0730  val_loss: 0.9682  freq: 1.1962  spend: -0.0297  w_freq: 1.359  w_spend: 0.659
Epoch 103/120 — train_loss: 1.0746  val_loss: 0.9673  freq: 1.1960  spend: -0.0304  w_freq: 1.359  w_spend: 0.659
Epoch 104/120 — train_loss: 1.0768  val_loss: 0.9678  freq: 1.1962  spend: -0.0300  w_freq: 1.359  w_spend: 0.659
Epoch 105/120 — train_loss: 1.0739  val_loss: 0.9674  freq: 1.1961  spend: -0.0301  w_freq: 1.359  w_spend: 0.659
Epoch 106/120 — train_loss: 1.0769  val_loss: 0.9676  freq: 1.1962  spend: -0.0301  w_freq: 1.359  w_spend: 0.659
Epoch 107/120 — train_loss: 1.0739  val_loss: 0.9674  freq: 1.1961  spend: -0.0299  w_freq: 1.359  w_spend: 0.660
Epoch 108/120 — train_loss: 1.0742  val_loss: 0.9678  freq: 1.1963  spend: -0.0296  w_freq: 1.359  w_spend: 0.660
Epoch 109/120 — train_loss: 1.0767  val_loss: 0.9676  freq: 1.1963  spend: -0.0299  w_freq: 1.359  w_spend: 0.660
Epoch 110/120 — train_loss: 1.0767  val_loss: 0.9676  freq: 1.1963  spend: -0.0298  w_freq: 1.359  w_spend: 0.660
Epoch 111/120 — train_loss: 1.0802  val_loss: 0.9677  freq: 1.1963  spend: -0.0295  w_freq: 1.359  w_spend: 0.660
Epoch 112/120 — train_loss: 1.0768  val_loss: 0.9676  freq: 1.1963  spend: -0.0295  w_freq: 1.359  w_spend: 0.660
Epoch 113/120 — train_loss: 1.0758  val_loss: 0.9676  freq: 1.1963  spend: -0.0296  w_freq: 1.359  w_spend: 0.660
Epoch 114/120 — train_loss: 1.0790  val_loss: 0.9676  freq: 1.1963  spend: -0.0296  w_freq: 1.359  w_spend: 0.660
Epoch 115/120 — train_loss: 1.0828  val_loss: 0.9676  freq: 1.1963  spend: -0.0295  w_freq: 1.359  w_spend: 0.660
Epoch 116/120 — train_loss: 1.0782  val_loss: 0.9676  freq: 1.1963  spend: -0.0295  w_freq: 1.359  w_spend: 0.660
Epoch 117/120 — train_loss: 1.0812  val_loss: 0.9676  freq: 1.1963  spend: -0.0294  w_freq: 1.359  w_spend: 0.660
Epoch 118/120 — train_loss: 1.0831  val_loss: 0.9676  freq: 1.1963  spend: -0.0294  w_freq: 1.359  w_spend: 0.660
Epoch 119/120 — train_loss: 1.0849  val_loss: 0.9676  freq: 1.1963  spend: -0.0294  w_freq: 1.359  w_spend: 0.660
Epoch 120/120 — train_loss: 1.0858  val_loss: 0.9676  freq: 1.1963  spend: -0.0294  w_freq: 1.359  w_spend: 0.660

Checkpoint saved: /kaggle/working/results/checkpoints/extension3_lstm_static_dunnhumby_v8_seed7_sample.pt
Validation-fitted softmax temperature: 0.9000

Duan's smearing factor (val): 1.4529
Validation aggregate calibration: freq_factor=1.0582, spend_factor=0.9903

Running autoregressive inference on holdout period ...
  inference mode: sample  n_scenarios: 30  temperature: 0.9000

=== Prediction Diagnostics ===
  Mean predicted freq/week:    1.1056
  Mean actual freq/week:       1.1882
  Over-prediction ratio:       0.931x
  Customers predicted as zero total:  0.089
  Customers actually zero total:      0.188
  Non-zero rate (pred, avg > 0.05):  0.958
  Non-zero rate (true):               0.542

Metrics saved: /kaggle/working/results/tables/extension3_lstm_static_dunnhumby_v8_seed7_sample_metrics.json
Array artifacts saved: /kaggle/working/results/tables/extension3_lstm_static_dunnhumby_v8_seed7_sample_arrays.npz

=== Holdout Evaluation ===
  metric_definition_version: valendin_aggregate_mape_v1
  freq_rmse: 3.2213
  freq_mae: 1.9861
  freq_normalized_gini: 0.8548
  freq_calibration_factor: 1.0582
  freq_horizon_abs_bias_pct: 1.5291
  bias_pct: -1.5291
  freq_weekly_mae: 62.2755
  freq_weekly_total_true: 11872.0000
  freq_weekly_total_pred: 11690.4606
  freq_valendin_mape: 2.0982
  freq_horizon_bias_pct: -1.5291
  freq_weekly_mean_pct_mape: 2.0931
  freq_weekly_mean_pct_bias_pct: -1.5120
  freq_weekly_bias_pct: -1.5291
  freq_weekly_mape: 2.0982
  freq_mape: 2.0982
  freq_mase: 0.9723
  freq_mase_scale: 0.8235
  smearing_factor: 1.4529
  spend_calibration_factor: 0.9903
  spend_mae_raw: 66.1745
  spend_rmse_raw: 106.3213
  spend_normalized_gini: 0.8292
  spend_mae_log: 1.0648
  spend_rmse_log: 1.5253
  spend_r2_log: 0.4716
  spend_bias_pct: 3.0512
  spend_weekly_mae: 3842.2397
  spend_weekly_total_true: 347125.7605
  spend_weekly_total_pred: 357717.0707
  spend_valendin_mape: 4.4275
  spend_horizon_abs_bias_pct: 3.0511
  spend_horizon_bias_pct: 3.0511
  spend_weekly_mean_pct_mape: 4.4987
  spend_weekly_mean_pct_bias_pct: 3.2075
  spend_weekly_bias_pct: 3.0511
  spend_weekly_mape: 4.4275
  spend_mase: 0.9918
  spend_mase_scale: 27.5152
  clv_mae: 65.9958
  clv_rmse: 106.0354
  clv_spearman: 0.7922
  clv_decile_lift: 3.3804
  clv_normalized_gini: 0.8292
  clv_total_true: 346205.2188
  clv_total_pred: 356757.9375
  calibration_temperature_source: rolling_origin_autoregressive
  validation_temperature: 0.9000
  smearing_source: rolling_origin_autoregressive
  calibration_source: rolling_origin_autoregressive
  validation_freq_true_total: 2215.0000
  validation_freq_pred_total: 1796.7383
  validation_spend_true_total: 63355.4414
  validation_spend_pred_total: 65902.0938
  validation_freq_calibration_factor: 1.0582
  validation_spend_calibration_factor: 0.9903
  validation_rolling_origin_count: 2
  protocol_name: dunnhumby_configured_80x4
  cohort_size: 2498
  calibration_weeks: 80
  holdout_weeks: 4
  inference_mode: sample
  n_scenarios: 30
  final_manifest_version: 2026-05-29-v7-v8-extension3-sweep
  final_manifest_run_name: extension3_lstm_static_dunnhumby_v8_seed7_sample
  final_manifest_config: experiments/configs/extension3_lstm_static_dunnhumby_v8.yaml
  final_manifest_config_hash: 79b1e70de16f
  final_manifest_actual_config_hash: 8cfbe661bc1e
  final_manifest_seed: 7
  final_manifest_epochs: 120
  final_manifest_inference_mode: sample
  final_manifest_n_scenarios: 30
  run_valid: True
  run_invalid_reason: 
  run_warning: 
  epochs_completed: 120
  max_epochs_configured: 120
History saved: /kaggle/working/results/tables/extension3_lstm_static_dunnhumby_v8_seed7_sample_history.json
