[Kaggle] raw_dir  → /kaggle/working/input/dunnhumby
[Kaggle] results  → /kaggle/working/results
Config: experiments/configs/lstm_joint_dunnhumby_v7_twostage.yaml
Run: lstm_joint_dunnhumby_v7_twostage_seed42_sample
Device: cuda
Loading dataset: dunnhumby ...
[pipeline] freq_cap=10 (auto q=0.99) → freq_bins=[0, 1, 2, 3]... (n_classes=11)
  Train customers: 2249, Val: 249, Inference: 2498
[dunnhumby] Customers with 0 calibration transactions: 0 / 2498
  top-bin decode: class_values[-1] = 13.099 (max_trans = 10)
Model: lstm — 99,577 parameters

Training for up to 120 epochs ...
/kaggle/working/thesis-code/src/training/trainer.py:135: FutureWarning: `torch.cuda.amp.GradScaler(args...)` is deprecated. Please use `torch.amp.GradScaler('cuda', args...)` instead.
  self.scaler = torch.cuda.amp.GradScaler(enabled=self.amp_enabled)

[two-stage] Stage 1: frequency-only for up to 60 epochs (patience=15) ...
[Kendall] log_vars frozen for 5 warm-up epochs.
Epoch   1/60 — train_loss: 3.1504  val_loss: 3.1817  freq: 3.1817  spend: 0.2497  w_freq: 1.000  w_spend: 0.000
Epoch   2/60 — train_loss: 3.1096  val_loss: 3.1119  freq: 3.1119  spend: 0.2495  w_freq: 1.000  w_spend: 0.000
Epoch   3/60 — train_loss: 3.0121  val_loss: 2.9652  freq: 2.9652  spend: 0.2485  w_freq: 1.000  w_spend: 0.000
Epoch   4/60 — train_loss: 2.7951  val_loss: 2.5813  freq: 2.5813  spend: 0.2455  w_freq: 1.000  w_spend: 0.000
Epoch   5/60 — train_loss: 2.1716  val_loss: 1.6959  freq: 1.6959  spend: 0.2349  w_freq: 1.000  w_spend: 0.000
[Kendall] log_vars unfrozen at epoch 6.
[spend-norm] frozen at 0.2468 (absolute val-loss magnitude shifts accordingly; early stopping is relative so this is safe)
Epoch   6/60 — train_loss: 1.7404  val_loss: 1.5487  freq: 1.5487  spend: 0.9650  w_freq: 1.000  w_spend: 0.000
Epoch   7/60 — train_loss: 1.6091  val_loss: 1.5282  freq: 1.5282  spend: 0.9903  w_freq: 1.000  w_spend: 0.000
Epoch   8/60 — train_loss: 1.5470  val_loss: 1.4381  freq: 1.4381  spend: 0.9800  w_freq: 1.000  w_spend: 0.000
Epoch   9/60 — train_loss: 1.4749  val_loss: 1.3619  freq: 1.3619  spend: 0.9796  w_freq: 1.000  w_spend: 0.000
Epoch  10/60 — train_loss: 1.4069  val_loss: 1.3213  freq: 1.3213  spend: 0.9519  w_freq: 1.000  w_spend: 0.000
Epoch  11/60 — train_loss: 1.3721  val_loss: 1.2963  freq: 1.2963  spend: 0.9402  w_freq: 1.000  w_spend: 0.000
Epoch  12/60 — train_loss: 1.3519  val_loss: 1.2836  freq: 1.2836  spend: 0.9376  w_freq: 1.000  w_spend: 0.000
Epoch  13/60 — train_loss: 1.3392  val_loss: 1.2750  freq: 1.2750  spend: 0.9357  w_freq: 1.000  w_spend: 0.000
Epoch  14/60 — train_loss: 1.3319  val_loss: 1.2619  freq: 1.2619  spend: 0.9333  w_freq: 1.000  w_spend: 0.000
Epoch  15/60 — train_loss: 1.3230  val_loss: 1.2583  freq: 1.2583  spend: 0.9372  w_freq: 1.000  w_spend: 0.000
Epoch  16/60 — train_loss: 1.3211  val_loss: 1.2518  freq: 1.2518  spend: 0.9366  w_freq: 1.000  w_spend: 0.000
Epoch  17/60 — train_loss: 1.3152  val_loss: 1.2477  freq: 1.2477  spend: 0.9383  w_freq: 1.000  w_spend: 0.000
Epoch  18/60 — train_loss: 1.3150  val_loss: 1.2467  freq: 1.2467  spend: 0.9372  w_freq: 1.000  w_spend: 0.000
Epoch  19/60 — train_loss: 1.3173  val_loss: 1.2449  freq: 1.2449  spend: 0.9392  w_freq: 1.000  w_spend: 0.000
Epoch  20/60 — train_loss: 1.3091  val_loss: 1.2421  freq: 1.2421  spend: 0.9415  w_freq: 1.000  w_spend: 0.000
Epoch  21/60 — train_loss: 1.3058  val_loss: 1.2394  freq: 1.2394  spend: 0.9424  w_freq: 1.000  w_spend: 0.000
Epoch  22/60 — train_loss: 1.3056  val_loss: 1.2375  freq: 1.2375  spend: 0.9475  w_freq: 1.000  w_spend: 0.000
Epoch  23/60 — train_loss: 1.3034  val_loss: 1.2353  freq: 1.2353  spend: 0.9493  w_freq: 1.000  w_spend: 0.000
Epoch  24/60 — train_loss: 1.3007  val_loss: 1.2305  freq: 1.2305  spend: 0.9499  w_freq: 1.000  w_spend: 0.000
Epoch  25/60 — train_loss: 1.2969  val_loss: 1.2288  freq: 1.2288  spend: 0.9541  w_freq: 1.000  w_spend: 0.000
Epoch  26/60 — train_loss: 1.2936  val_loss: 1.2290  freq: 1.2290  spend: 0.9590  w_freq: 1.000  w_spend: 0.000
Epoch  27/60 — train_loss: 1.2939  val_loss: 1.2238  freq: 1.2238  spend: 0.9577  w_freq: 1.000  w_spend: 0.000
Epoch  28/60 — train_loss: 1.2918  val_loss: 1.2214  freq: 1.2214  spend: 0.9576  w_freq: 1.000  w_spend: 0.000
Epoch  29/60 — train_loss: 1.2873  val_loss: 1.2201  freq: 1.2201  spend: 0.9609  w_freq: 1.000  w_spend: 0.000
Epoch  30/60 — train_loss: 1.2894  val_loss: 1.2186  freq: 1.2186  spend: 0.9643  w_freq: 1.000  w_spend: 0.000
Epoch  31/60 — train_loss: 1.2870  val_loss: 1.2181  freq: 1.2181  spend: 0.9662  w_freq: 1.000  w_spend: 0.000
Epoch  32/60 — train_loss: 1.2887  val_loss: 1.2185  freq: 1.2185  spend: 0.9709  w_freq: 1.000  w_spend: 0.000
Epoch  33/60 — train_loss: 1.2875  val_loss: 1.2149  freq: 1.2149  spend: 0.9685  w_freq: 1.000  w_spend: 0.000
Epoch  34/60 — train_loss: 1.2865  val_loss: 1.2192  freq: 1.2192  spend: 0.9744  w_freq: 1.000  w_spend: 0.000
Epoch  35/60 — train_loss: 1.2899  val_loss: 1.2215  freq: 1.2215  spend: 0.9768  w_freq: 1.000  w_spend: 0.000
Epoch  36/60 — train_loss: 1.2859  val_loss: 1.2135  freq: 1.2135  spend: 0.9721  w_freq: 1.000  w_spend: 0.000
Epoch  37/60 — train_loss: 1.2846  val_loss: 1.2135  freq: 1.2135  spend: 0.9725  w_freq: 1.000  w_spend: 0.000
Epoch  38/60 — train_loss: 1.2848  val_loss: 1.2122  freq: 1.2122  spend: 0.9732  w_freq: 1.000  w_spend: 0.000
Epoch  39/60 — train_loss: 1.2848  val_loss: 1.2118  freq: 1.2118  spend: 0.9706  w_freq: 1.000  w_spend: 0.000
Epoch  40/60 — train_loss: 1.2867  val_loss: 1.2118  freq: 1.2118  spend: 0.9753  w_freq: 1.000  w_spend: 0.000
Epoch  41/60 — train_loss: 1.2857  val_loss: 1.2126  freq: 1.2126  spend: 0.9769  w_freq: 1.000  w_spend: 0.000
Epoch  42/60 — train_loss: 1.2865  val_loss: 1.2089  freq: 1.2089  spend: 0.9734  w_freq: 1.000  w_spend: 0.000
Epoch  43/60 — train_loss: 1.2852  val_loss: 1.2087  freq: 1.2087  spend: 0.9762  w_freq: 1.000  w_spend: 0.000
Epoch  44/60 — train_loss: 1.2841  val_loss: 1.2098  freq: 1.2098  spend: 0.9758  w_freq: 1.000  w_spend: 0.000
Epoch  45/60 — train_loss: 1.2846  val_loss: 1.2087  freq: 1.2087  spend: 0.9717  w_freq: 1.000  w_spend: 0.000
Epoch  46/60 — train_loss: 1.2836  val_loss: 1.2083  freq: 1.2083  spend: 0.9750  w_freq: 1.000  w_spend: 0.000
Epoch  47/60 — train_loss: 1.2825  val_loss: 1.2078  freq: 1.2078  spend: 0.9717  w_freq: 1.000  w_spend: 0.000
Epoch  48/60 — train_loss: 1.2857  val_loss: 1.2077  freq: 1.2077  spend: 0.9732  w_freq: 1.000  w_spend: 0.000
Epoch  49/60 — train_loss: 1.2834  val_loss: 1.2073  freq: 1.2073  spend: 0.9721  w_freq: 1.000  w_spend: 0.000
Epoch  50/60 — train_loss: 1.2878  val_loss: 1.2065  freq: 1.2065  spend: 0.9752  w_freq: 1.000  w_spend: 0.000
Epoch  51/60 — train_loss: 1.2872  val_loss: 1.2070  freq: 1.2070  spend: 0.9748  w_freq: 1.000  w_spend: 0.000
Epoch  52/60 — train_loss: 1.2864  val_loss: 1.2060  freq: 1.2060  spend: 0.9720  w_freq: 1.000  w_spend: 0.000
Epoch  53/60 — train_loss: 1.2877  val_loss: 1.2073  freq: 1.2073  spend: 0.9769  w_freq: 1.000  w_spend: 0.000
Epoch  54/60 — train_loss: 1.2886  val_loss: 1.2062  freq: 1.2062  spend: 0.9737  w_freq: 1.000  w_spend: 0.000
Epoch  55/60 — train_loss: 1.2870  val_loss: 1.2060  freq: 1.2060  spend: 0.9739  w_freq: 1.000  w_spend: 0.000
Epoch  56/60 — train_loss: 1.2908  val_loss: 1.2052  freq: 1.2052  spend: 0.9743  w_freq: 1.000  w_spend: 0.000
Epoch  57/60 — train_loss: 1.2886  val_loss: 1.2063  freq: 1.2063  spend: 0.9707  w_freq: 1.000  w_spend: 0.000
Epoch  58/60 — train_loss: 1.2894  val_loss: 1.2068  freq: 1.2068  spend: 0.9738  w_freq: 1.000  w_spend: 0.000
Epoch  59/60 — train_loss: 1.2911  val_loss: 1.2055  freq: 1.2055  spend: 0.9724  w_freq: 1.000  w_spend: 0.000
Epoch  60/60 — train_loss: 1.2887  val_loss: 1.2073  freq: 1.2073  spend: 0.9717  w_freq: 1.000  w_spend: 0.000
[two-stage] Stage 1 complete.
/kaggle/working/thesis-code/src/training/trainer.py:788: FutureWarning: `torch.cuda.amp.GradScaler(args...)` is deprecated. Please use `torch.amp.GradScaler('cuda', args...)` instead.
  self.scaler = torch.cuda.amp.GradScaler(enabled=self.amp_enabled)
[two-stage] Stage 2 transition: froze 14 backbone params, training 2 spend-head params.

[two-stage] Stage 2: spend-only, backbone frozen, for up to 60 epochs (patience=15) ...
[Kendall] log_vars frozen for 5 warm-up epochs.
Epoch   1/60 — train_loss: 0.7418  val_loss: 0.6995  freq: 1.2052  spend: 0.1939  w_freq: 0.500  w_spend: 0.500
Epoch   2/60 — train_loss: 0.7208  val_loss: 0.6803  freq: 1.2052  spend: 0.1554  w_freq: 0.500  w_spend: 0.500
Epoch   3/60 — train_loss: 0.7055  val_loss: 0.6646  freq: 1.2052  spend: 0.1239  w_freq: 0.500  w_spend: 0.500
Epoch   4/60 — train_loss: 0.6924  val_loss: 0.6529  freq: 1.2052  spend: 0.1006  w_freq: 0.500  w_spend: 0.500
Epoch   5/60 — train_loss: 0.6848  val_loss: 0.6471  freq: 1.2052  spend: 0.0889  w_freq: 0.500  w_spend: 0.500
[Kendall] log_vars unfrozen at epoch 6.
[spend-norm] frozen at 0.1581 (absolute val-loss magnitude shifts accordingly; early stopping is relative so this is safe)
Epoch   6/60 — train_loss: 0.9505  val_loss: 0.8602  freq: 1.2052  spend: 0.5168  w_freq: 0.499  w_spend: 0.501
Epoch   7/60 — train_loss: 0.9267  val_loss: 0.8428  freq: 1.2052  spend: 0.4837  w_freq: 0.498  w_spend: 0.502
Epoch   8/60 — train_loss: 0.9084  val_loss: 0.8300  freq: 1.2052  spend: 0.4599  w_freq: 0.497  w_spend: 0.503
Epoch   9/60 — train_loss: 0.8914  val_loss: 0.8187  freq: 1.2052  spend: 0.4394  w_freq: 0.496  w_spend: 0.504
Epoch  10/60 — train_loss: 0.8797  val_loss: 0.8088  freq: 1.2052  spend: 0.4218  w_freq: 0.495  w_spend: 0.505
Epoch  11/60 — train_loss: 0.8700  val_loss: 0.8017  freq: 1.2052  spend: 0.4095  w_freq: 0.494  w_spend: 0.507
Epoch  12/60 — train_loss: 0.8586  val_loss: 0.7978  freq: 1.2052  spend: 0.4037  w_freq: 0.493  w_spend: 0.508
Epoch  13/60 — train_loss: 0.8540  val_loss: 0.7923  freq: 1.2052  spend: 0.3951  w_freq: 0.491  w_spend: 0.509
Epoch  14/60 — train_loss: 0.8479  val_loss: 0.7867  freq: 1.2052  spend: 0.3862  w_freq: 0.490  w_spend: 0.511
Epoch  15/60 — train_loss: 0.8448  val_loss: 0.7872  freq: 1.2052  spend: 0.3892  w_freq: 0.489  w_spend: 0.512
Epoch  16/60 — train_loss: 0.8447  val_loss: 0.7800  freq: 1.2052  spend: 0.3769  w_freq: 0.488  w_spend: 0.514
Epoch  17/60 — train_loss: 0.8377  val_loss: 0.7790  freq: 1.2052  spend: 0.3769  w_freq: 0.487  w_spend: 0.515
Epoch  18/60 — train_loss: 0.8351  val_loss: 0.7753  freq: 1.2052  spend: 0.3714  w_freq: 0.486  w_spend: 0.516
Epoch  19/60 — train_loss: 0.8309  val_loss: 0.7725  freq: 1.2052  spend: 0.3679  w_freq: 0.485  w_spend: 0.517
Epoch  20/60 — train_loss: 0.8316  val_loss: 0.7685  freq: 1.2052  spend: 0.3621  w_freq: 0.484  w_spend: 0.519
Early stopping triggered at epoch 20.
[two-stage] Stage 2 complete.

Checkpoint saved: /kaggle/working/results/checkpoints/lstm_joint_dunnhumby_v7_twostage_seed42_sample.pt
Validation-fitted softmax temperature: 0.9000

Duan's smearing factor (val): 1.5334
Validation aggregate calibration: freq_factor=1.1331, spend_factor=1.0532

Running autoregressive inference on holdout period ...
  inference mode: sample  n_scenarios: 30  temperature: 0.9000

=== Prediction Diagnostics ===
  Mean predicted freq/week:    1.1135
  Mean actual freq/week:       1.1882
  Over-prediction ratio:       0.937x
  Customers predicted as zero total:  0.089
  Customers actually zero total:      0.188
  Non-zero rate (pred, avg > 0.05):  0.960
  Non-zero rate (true):               0.542

Metrics saved: /kaggle/working/results/tables/lstm_joint_dunnhumby_v7_twostage_seed42_sample_metrics.json
Array artifacts saved: /kaggle/working/results/tables/lstm_joint_dunnhumby_v7_twostage_seed42_sample_arrays.npz

=== Holdout Evaluation ===
  metric_definition_version: valendin_aggregate_mape_v1
  freq_rmse: 3.2574
  freq_mae: 2.0325
  freq_normalized_gini: 0.8522
  freq_calibration_factor: 1.1331
  freq_horizon_abs_bias_pct: 6.1863
  bias_pct: 6.1863
  freq_weekly_mae: 183.6105
  freq_weekly_total_true: 11872.0000
  freq_weekly_total_pred: 12606.4421
  freq_valendin_mape: 6.1863
  freq_horizon_bias_pct: 6.1863
  freq_weekly_mean_pct_mape: 6.2042
  freq_weekly_mean_pct_bias_pct: 6.2042
  freq_weekly_bias_pct: 6.1863
  freq_weekly_mape: 6.1863
  freq_mape: 6.1863
  freq_mase: 0.9911
  freq_mase_scale: 0.8235
  smearing_factor: 1.5334
  spend_calibration_factor: 1.0532
  spend_mae_raw: 85.2453
  spend_rmse_raw: 133.6034
  spend_normalized_gini: 0.7370
  spend_mae_log: 1.2089
  spend_rmse_log: 1.6672
  spend_r2_log: 0.3687
  spend_bias_pct: 2.4019
  spend_weekly_mae: 2890.3220
  spend_weekly_total_true: 347125.7605
  spend_weekly_total_pred: 355463.4587
  spend_valendin_mape: 3.3306
  spend_horizon_abs_bias_pct: 2.4019
  spend_horizon_bias_pct: 2.4019
  spend_weekly_mean_pct_mape: 3.4002
  spend_weekly_mean_pct_bias_pct: 2.5290
  spend_weekly_bias_pct: 2.4019
  spend_weekly_mape: 3.3306
  spend_mase: 1.1306
  spend_mase_scale: 27.5152
  clv_mae: 85.0185
  clv_rmse: 133.2481
  clv_spearman: 0.7335
  clv_decile_lift: 2.8077
  clv_normalized_gini: 0.7370
  clv_total_true: 346205.2188
  clv_total_pred: 354516.5312
  calibration_temperature_source: rolling_origin_autoregressive
  validation_temperature: 0.9000
  smearing_source: rolling_origin_autoregressive
  calibration_source: rolling_origin_autoregressive
  validation_freq_true_total: 2215.0000
  validation_freq_pred_total: 1954.8717
  validation_spend_true_total: 63355.4414
  validation_spend_pred_total: 60152.3711
  validation_freq_calibration_factor: 1.1331
  validation_spend_calibration_factor: 1.0532
  validation_rolling_origin_count: 2
  protocol_name: dunnhumby_configured_80x4
  cohort_size: 2498
  calibration_weeks: 80
  holdout_weeks: 4
  inference_mode: sample
  n_scenarios: 30
  final_manifest_version: 2026-05-29-v7-v8-extension3-sweep
  final_manifest_run_name: lstm_joint_dunnhumby_v7_twostage_seed42_sample
  final_manifest_config: experiments/configs/lstm_joint_dunnhumby_v7_twostage.yaml
  final_manifest_config_hash: b1f3dabe9f50
  final_manifest_actual_config_hash: d46bac805eaa
  final_manifest_seed: 42
  final_manifest_epochs: 120
  final_manifest_inference_mode: sample
  final_manifest_n_scenarios: 30
  run_valid: True
  run_invalid_reason: 
  run_warning: 
  epochs_completed: 80
  max_epochs_configured: 120
History saved: /kaggle/working/results/tables/lstm_joint_dunnhumby_v7_twostage_seed42_sample_history.json
