[Kaggle] raw_dir  → /kaggle/working/input/tafeng-dataset
[Kaggle] results  → /kaggle/working/results
Config: experiments/configs/lstm_joint_tafeng_v6b.yaml
Run: lstm_joint_tafeng_v6b_seed7_sample
Device: cuda
Loading dataset: tafeng ...
[pipeline] freq_cap=4 (auto q=0.99) → freq_bins=[0, 1, 2, 3]... (n_classes=5)
  Train customers: 25029, Val: 2780, Inference: 27809
[tafeng] Customers with 0 calibration transactions: 0 / 27809
  top-bin decode: class_values[-1] = 4.473 (max_trans = 4)
Model: lstm — 98,262 parameters

Training for up to 100 epochs ...
/kaggle/working/thesis-code/src/training/trainer.py:135: FutureWarning: `torch.cuda.amp.GradScaler(args...)` is deprecated. Please use `torch.amp.GradScaler('cuda', args...)` instead.
  self.scaler = torch.cuda.amp.GradScaler(enabled=self.amp_enabled)
[Kendall] log_vars frozen for 10 warm-up epochs.
Epoch   1/100 — train_loss: 1.4249  val_loss: 1.3371  freq: 2.3932  spend: 0.2809  w_freq: 0.500  w_spend: 0.500
Epoch   2/100 — train_loss: 0.9870  val_loss: 0.5131  freq: 0.7928  spend: 0.2333  w_freq: 0.500  w_spend: 0.500
Epoch   3/100 — train_loss: 0.4762  val_loss: 0.4468  freq: 0.6727  spend: 0.2208  w_freq: 0.500  w_spend: 0.500
Epoch   4/100 — train_loss: 0.4516  val_loss: 0.4333  freq: 0.6542  spend: 0.2124  w_freq: 0.500  w_spend: 0.500
Epoch   5/100 — train_loss: 0.4255  val_loss: 0.3902  freq: 0.6324  spend: 0.1480  w_freq: 0.500  w_spend: 0.500
Epoch   6/100 — train_loss: 0.3847  val_loss: 0.3661  freq: 0.6170  spend: 0.1153  w_freq: 0.500  w_spend: 0.500
Epoch   7/100 — train_loss: 0.3666  val_loss: 0.3551  freq: 0.6008  spend: 0.1095  w_freq: 0.500  w_spend: 0.500
Epoch   8/100 — train_loss: 0.3600  val_loss: 0.3558  freq: 0.6000  spend: 0.1117  w_freq: 0.500  w_spend: 0.500
Epoch   9/100 — train_loss: 0.3541  val_loss: 0.3447  freq: 0.5896  spend: 0.0998  w_freq: 0.500  w_spend: 0.500
Epoch  10/100 — train_loss: 0.3506  val_loss: 0.3439  freq: 0.5857  spend: 0.1021  w_freq: 0.500  w_spend: 0.500
[Kendall] log_vars unfrozen at epoch 11.
[spend-norm] frozen at 0.1858 (absolute val-loss magnitude shifts accordingly; early stopping is relative so this is safe)
Epoch  11/100 — train_loss: 0.5785  val_loss: 0.5727  freq: 0.5849  spend: 0.5770  w_freq: 0.505  w_spend: 0.505
Epoch  12/100 — train_loss: 0.5772  val_loss: 0.5387  freq: 0.5856  spend: 0.5222  w_freq: 0.514  w_spend: 0.513
Epoch  13/100 — train_loss: 0.5563  val_loss: 0.5253  freq: 0.5848  spend: 0.5128  w_freq: 0.524  w_spend: 0.522
Epoch  14/100 — train_loss: 0.5452  val_loss: 0.5268  freq: 0.5856  spend: 0.5299  w_freq: 0.534  w_spend: 0.531
Epoch  15/100 — train_loss: 0.5359  val_loss: 0.5399  freq: 0.5845  spend: 0.5690  w_freq: 0.544  w_spend: 0.541
Epoch  16/100 — train_loss: 0.5249  val_loss: 0.5075  freq: 0.5835  spend: 0.5239  w_freq: 0.556  w_spend: 0.552
Epoch  17/100 — train_loss: 0.5163  val_loss: 0.4860  freq: 0.5832  spend: 0.4984  w_freq: 0.566  w_spend: 0.562
Epoch  18/100 — train_loss: 0.5061  val_loss: 0.4745  freq: 0.5869  spend: 0.4849  w_freq: 0.576  w_spend: 0.571
Epoch  19/100 — train_loss: 0.5041  val_loss: 0.4694  freq: 0.5900  spend: 0.4837  w_freq: 0.586  w_spend: 0.581
Epoch  20/100 — train_loss: 0.4861  val_loss: 0.4597  freq: 0.5813  spend: 0.4876  w_freq: 0.596  w_spend: 0.591
Epoch  21/100 — train_loss: 0.4801  val_loss: 0.4505  freq: 0.5813  spend: 0.4837  w_freq: 0.609  w_spend: 0.602
Epoch  22/100 — train_loss: 0.4743  val_loss: 0.4488  freq: 0.5804  spend: 0.4911  w_freq: 0.620  w_spend: 0.613
Epoch  23/100 — train_loss: 0.4698  val_loss: 0.4483  freq: 0.5815  spend: 0.4965  w_freq: 0.629  w_spend: 0.622
Epoch  24/100 — train_loss: 0.4557  val_loss: 0.4306  freq: 0.5808  spend: 0.4786  w_freq: 0.638  w_spend: 0.633
Epoch  25/100 — train_loss: 0.4594  val_loss: 0.4287  freq: 0.5815  spend: 0.4825  w_freq: 0.650  w_spend: 0.645
Epoch  26/100 — train_loss: 0.4403  val_loss: 0.4187  freq: 0.5808  spend: 0.4753  w_freq: 0.659  w_spend: 0.654
Epoch  27/100 — train_loss: 0.4411  val_loss: 0.4188  freq: 0.5807  spend: 0.4822  w_freq: 0.669  w_spend: 0.666
Epoch  28/100 — train_loss: 0.4330  val_loss: 0.4111  freq: 0.5828  spend: 0.4743  w_freq: 0.678  w_spend: 0.675
Epoch  29/100 — train_loss: 0.4325  val_loss: 0.4644  freq: 0.5818  spend: 0.5576  w_freq: 0.686  w_spend: 0.684
Epoch  30/100 — train_loss: 0.4261  val_loss: 0.4037  freq: 0.5802  spend: 0.4757  w_freq: 0.694  w_spend: 0.692
Early stopping triggered at epoch 30.

Checkpoint saved: /kaggle/working/results/checkpoints/lstm_joint_tafeng_v6b_seed7_sample.pt
Validation-fitted softmax temperature: 0.7500

Duan's smearing factor (val): 2.0673
Validation aggregate calibration: freq_factor=2.0903, spend_factor=1.8171

Running autoregressive inference on holdout period ...
  inference mode: sample  n_scenarios: 30  temperature: 0.7500

=== Prediction Diagnostics ===
  Mean predicted freq/week:    0.2269
  Mean actual freq/week:       0.2167
  Over-prediction ratio:       1.047x
  Customers predicted as zero total:  0.343
  Customers actually zero total:      0.504
  Non-zero rate (pred, avg > 0.05):  0.830
  Non-zero rate (true):               0.175

Metrics saved: /kaggle/working/results/tables/lstm_joint_tafeng_v6b_seed7_sample_metrics.json
Array artifacts saved: /kaggle/working/results/tables/lstm_joint_tafeng_v6b_seed7_sample_arrays.npz

=== Holdout Evaluation ===
  metric_definition_version: valendin_aggregate_mape_v1
  freq_rmse: 2.7251
  freq_mae: 1.6616
  freq_normalized_gini: 0.6053
  freq_calibration_factor: 2.0903
  freq_horizon_abs_bias_pct: 118.9201
  bias_pct: 118.9201
  freq_weekly_mae: 7165.4103
  freq_weekly_total_true: 30127.0000
  freq_weekly_total_pred: 65954.0514
  freq_valendin_mape: 118.9201
  freq_horizon_bias_pct: 118.9201
  freq_weekly_mean_pct_mape: 120.4377
  freq_weekly_mean_pct_bias_pct: 120.4377
  freq_weekly_bias_pct: 118.9201
  freq_weekly_mape: 118.9201
  freq_mape: 118.9201
  freq_mase: 1.2824
  freq_mase_scale: 0.3519
  smearing_factor: 2.0673
  spend_calibration_factor: 1.8171
  spend_mae_raw: 2444.8054
  spend_rmse_raw: 4592.9668
  spend_normalized_gini: 0.5387
  spend_mae_log: 4.2851
  spend_rmse_log: 5.3272
  spend_r2_log: -1.2768
  spend_bias_pct: 256.2130
  spend_weekly_mae: 12048921.4911
  spend_weekly_total_true: 23513493.8879
  spend_weekly_total_pred: 83758101.3433
  spend_valendin_mape: 256.2129
  spend_horizon_abs_bias_pct: 256.2129
  spend_horizon_bias_pct: 256.2129
  spend_weekly_mean_pct_mape: 254.6406
  spend_weekly_mean_pct_bias_pct: 254.6406
  spend_weekly_bias_pct: 256.2129
  spend_weekly_mape: 256.2129
  spend_mase: 2.0253
  spend_mase_scale: 289.2989
  clv_mae: 2444.8054
  clv_rmse: 4592.9668
  clv_spearman: 0.3649
  clv_decile_lift: 3.4844
  clv_normalized_gini: 0.5387
  clv_total_true: 23513494.0000
  clv_total_pred: 83758112.0000
  calibration_temperature_source: rolling_origin_autoregressive
  validation_temperature: 0.7500
  smearing_source: rolling_origin_autoregressive
  calibration_source: rolling_origin_autoregressive
  validation_freq_true_total: 2897.0000
  validation_freq_pred_total: 1385.9353
  validation_spend_true_total: 3010621.0000
  validation_spend_pred_total: 1656814.4375
  validation_freq_calibration_factor: 2.0903
  validation_spend_calibration_factor: 1.8171
  validation_rolling_origin_count: 2
  protocol_name: tafeng_configured_12x5
  cohort_size: 27809
  calibration_weeks: 12
  holdout_weeks: 5
  inference_mode: sample
  n_scenarios: 30
  final_manifest_version: 2026-05-29-v7-v8-extension3-sweep
  final_manifest_run_name: lstm_joint_tafeng_v6b_seed7_sample
  final_manifest_config: experiments/configs/lstm_joint_tafeng_v6b.yaml
  final_manifest_config_hash: 5eae91b88c96
  final_manifest_actual_config_hash: 275fc9ba0b53
  final_manifest_seed: 7
  final_manifest_epochs: 100
  final_manifest_inference_mode: sample
  final_manifest_n_scenarios: 30
  run_valid: False
  run_invalid_reason: absolute frequency bias 118.9% exceeds 15.0%; absolute spend bias 256.2% exceeds 50.0%
  run_warning: large frequency bias (118.9%); large spend bias (256.2%)
  epochs_completed: 30
  max_epochs_configured: 100
History saved: /kaggle/working/results/tables/lstm_joint_tafeng_v6b_seed7_sample_history.json
