[Kaggle] raw_dir  → /kaggle/working/input/cdnow-dataset
[Kaggle] results  → /kaggle/working/results
Config: experiments/configs/lstm_joint_cdnow_v8.yaml
Run: lstm_joint_cdnow_v8_seed2024_sample
Device: cuda
Loading dataset: cdnow ...
[pipeline] freq_bins from config: [0, 1, 2, 3]
  Train customers: 2115, Val: 234, Inference: 2349
[cdnow] Customers with 0 calibration transactions: 0 / 2349
  top-bin decode: class_values[-1] = 4.071 (max_trans = 3)
Model: lstm — 97,614 parameters

Training for up to 120 epochs ...
/kaggle/working/thesis-code/src/training/trainer.py:135: FutureWarning: `torch.cuda.amp.GradScaler(args...)` is deprecated. Please use `torch.amp.GradScaler('cuda', args...)` instead.
  self.scaler = torch.cuda.amp.GradScaler(enabled=self.amp_enabled)
[Kendall] log_vars frozen for 10 warm-up epochs.
Epoch   1/120 — train_loss: 9.0141  val_loss: 8.5063  freq: 6.6183  spend: 0.0221  w_freq: 1.359  w_spend: 0.500
Epoch   2/120 — train_loss: 8.1087  val_loss: 7.6470  freq: 5.9862  spend: 0.0218  w_freq: 1.359  w_spend: 0.500
Epoch   3/120 — train_loss: 7.0541  val_loss: 6.2708  freq: 4.9740  spend: 0.0210  w_freq: 1.359  w_spend: 0.500
Epoch   4/120 — train_loss: 5.3761  val_loss: 3.9205  freq: 3.2457  spend: 0.0184  w_freq: 1.359  w_spend: 0.500
Epoch   5/120 — train_loss: 2.4674  val_loss: 0.7746  freq: 0.9337  spend: 0.0111  w_freq: 1.359  w_spend: 0.500
Epoch   6/120 — train_loss: 0.1085  val_loss: -0.2444  freq: 0.1847  spend: 0.0091  w_freq: 1.359  w_spend: 0.500
Epoch   7/120 — train_loss: -0.2099  val_loss: -0.2311  freq: 0.1943  spend: 0.0096  w_freq: 1.359  w_spend: 0.500
Epoch   8/120 — train_loss: -0.2620  val_loss: -0.2347  freq: 0.1915  spend: 0.0100  w_freq: 1.359  w_spend: 0.500
Epoch   9/120 — train_loss: -0.2285  val_loss: -0.2998  freq: 0.1440  spend: 0.0089  w_freq: 1.359  w_spend: 0.500
Epoch  10/120 — train_loss: -0.2890  val_loss: -0.2899  freq: 0.1514  spend: 0.0086  w_freq: 1.359  w_spend: 0.500
[Kendall] log_vars unfrozen at epoch 11.
[spend-norm] frozen at 0.1964 (absolute val-loss magnitude shifts accordingly; early stopping is relative so this is safe)
Epoch  11/120 — train_loss: -0.2585  val_loss: -0.2945  freq: 0.1373  spend: 0.0418  w_freq: 1.359  w_spend: 0.501
Epoch  12/120 — train_loss: -0.2682  val_loss: -0.2964  freq: 0.1357  spend: 0.0463  w_freq: 1.359  w_spend: 0.503
Epoch  13/120 — train_loss: -0.2718  val_loss: -0.3021  freq: 0.1345  spend: 0.0422  w_freq: 1.359  w_spend: 0.505
Epoch  14/120 — train_loss: -0.2581  val_loss: -0.3049  freq: 0.1339  spend: 0.0419  w_freq: 1.359  w_spend: 0.507
Epoch  15/120 — train_loss: -0.2805  val_loss: -0.3050  freq: 0.1349  spend: 0.0428  w_freq: 1.359  w_spend: 0.509
Epoch  16/120 — train_loss: -0.2867  val_loss: -0.3110  freq: 0.1318  spend: 0.0432  w_freq: 1.359  w_spend: 0.511
Epoch  17/120 — train_loss: -0.2762  val_loss: -0.3120  freq: 0.1337  spend: 0.0403  w_freq: 1.359  w_spend: 0.513
Epoch  18/120 — train_loss: -0.2830  val_loss: -0.3167  freq: 0.1308  spend: 0.0428  w_freq: 1.359  w_spend: 0.516
Epoch  19/120 — train_loss: -0.2949  val_loss: -0.3184  freq: 0.1309  spend: 0.0435  w_freq: 1.359  w_spend: 0.518
Epoch  20/120 — train_loss: -0.2976  val_loss: -0.3235  freq: 0.1303  spend: 0.0394  w_freq: 1.359  w_spend: 0.520
Epoch  21/120 — train_loss: -0.3006  val_loss: -0.3237  freq: 0.1293  spend: 0.0459  w_freq: 1.359  w_spend: 0.523
Epoch  22/120 — train_loss: -0.3053  val_loss: -0.3268  freq: 0.1309  spend: 0.0400  w_freq: 1.359  w_spend: 0.525
Epoch  23/120 — train_loss: -0.2859  val_loss: -0.3310  freq: 0.1288  spend: 0.0414  w_freq: 1.359  w_spend: 0.527
Epoch  24/120 — train_loss: -0.3091  val_loss: -0.3317  freq: 0.1300  spend: 0.0406  w_freq: 1.359  w_spend: 0.530
Epoch  25/120 — train_loss: -0.3009  val_loss: -0.3346  freq: 0.1293  spend: 0.0406  w_freq: 1.359  w_spend: 0.532
Epoch  26/120 — train_loss: -0.3149  val_loss: -0.3393  freq: 0.1279  spend: 0.0387  w_freq: 1.359  w_spend: 0.534
Epoch  27/120 — train_loss: -0.3165  val_loss: -0.3341  freq: 0.1332  spend: 0.0382  w_freq: 1.359  w_spend: 0.536
Epoch  28/120 — train_loss: -0.3139  val_loss: -0.3371  freq: 0.1315  spend: 0.0403  w_freq: 1.359  w_spend: 0.538
Epoch  29/120 — train_loss: -0.3181  val_loss: -0.3368  freq: 0.1343  spend: 0.0369  w_freq: 1.359  w_spend: 0.540
Epoch  30/120 — train_loss: -0.3124  val_loss: -0.3430  freq: 0.1312  spend: 0.0369  w_freq: 1.359  w_spend: 0.542
Epoch  31/120 — train_loss: -0.3241  val_loss: -0.3460  freq: 0.1315  spend: 0.0338  w_freq: 1.359  w_spend: 0.544
Epoch  32/120 — train_loss: -0.3219  val_loss: -0.3509  freq: 0.1287  spend: 0.0351  w_freq: 1.359  w_spend: 0.546
Epoch  33/120 — train_loss: -0.3223  val_loss: -0.3456  freq: 0.1343  spend: 0.0339  w_freq: 1.359  w_spend: 0.548
Epoch  34/120 — train_loss: -0.3110  val_loss: -0.3591  freq: 0.1268  spend: 0.0306  w_freq: 1.359  w_spend: 0.550
Epoch  35/120 — train_loss: -0.3256  val_loss: -0.3524  freq: 0.1319  spend: 0.0329  w_freq: 1.359  w_spend: 0.551
Epoch  36/120 — train_loss: -0.3288  val_loss: -0.3619  freq: 0.1299  spend: 0.0236  w_freq: 1.359  w_spend: 0.553
Epoch  37/120 — train_loss: -0.3280  val_loss: -0.3572  freq: 0.1328  spend: 0.0278  w_freq: 1.359  w_spend: 0.555
Epoch  38/120 — train_loss: -0.3452  val_loss: -0.3689  freq: 0.1281  spend: 0.0215  w_freq: 1.359  w_spend: 0.557
Epoch  39/120 — train_loss: -0.3483  val_loss: -0.3775  freq: 0.1271  spend: 0.0116  w_freq: 1.359  w_spend: 0.559
Epoch  40/120 — train_loss: -0.3499  val_loss: -0.3831  freq: 0.1264  spend: 0.0062  w_freq: 1.359  w_spend: 0.561
Epoch  41/120 — train_loss: -0.3563  val_loss: -0.3815  freq: 0.1267  spend: 0.0108  w_freq: 1.359  w_spend: 0.563
Epoch  42/120 — train_loss: -0.3556  val_loss: -0.3881  freq: 0.1262  spend: 0.0030  w_freq: 1.359  w_spend: 0.564
Epoch  43/120 — train_loss: -0.3623  val_loss: -0.3884  freq: 0.1272  spend: 0.0021  w_freq: 1.359  w_spend: 0.566
Epoch  44/120 — train_loss: -0.3637  val_loss: -0.3943  freq: 0.1259  spend: -0.0031  w_freq: 1.359  w_spend: 0.567
Epoch  45/120 — train_loss: -0.3639  val_loss: -0.3910  freq: 0.1304  spend: -0.0059  w_freq: 1.359  w_spend: 0.569
Epoch  46/120 — train_loss: -0.3571  val_loss: -0.3890  freq: 0.1265  spend: 0.0087  w_freq: 1.359  w_spend: 0.570
Epoch  47/120 — train_loss: -0.3683  val_loss: -0.3947  freq: 0.1259  spend: 0.0018  w_freq: 1.359  w_spend: 0.571
Epoch  48/120 — train_loss: -0.3677  val_loss: -0.4020  freq: 0.1258  spend: -0.0086  w_freq: 1.359  w_spend: 0.572
Epoch  49/120 — train_loss: -0.3706  val_loss: -0.4032  freq: 0.1259  spend: -0.0086  w_freq: 1.359  w_spend: 0.574
Epoch  50/120 — train_loss: -0.3792  val_loss: -0.4069  freq: 0.1260  spend: -0.0133  w_freq: 1.359  w_spend: 0.575
Epoch  51/120 — train_loss: -0.3839  val_loss: -0.4043  freq: 0.1302  spend: -0.0163  w_freq: 1.359  w_spend: 0.576
Epoch  52/120 — train_loss: -0.3775  val_loss: -0.4111  freq: 0.1257  spend: -0.0156  w_freq: 1.359  w_spend: 0.578
Epoch  53/120 — train_loss: -0.3894  val_loss: -0.4121  freq: 0.1258  spend: -0.0156  w_freq: 1.359  w_spend: 0.579
Epoch  54/120 — train_loss: -0.3891  val_loss: -0.4082  freq: 0.1263  spend: -0.0079  w_freq: 1.359  w_spend: 0.580
Epoch  55/120 — train_loss: -0.3894  val_loss: -0.4168  freq: 0.1257  spend: -0.0191  w_freq: 1.359  w_spend: 0.582
Epoch  56/120 — train_loss: -0.3842  val_loss: -0.4158  freq: 0.1261  spend: -0.0165  w_freq: 1.359  w_spend: 0.583
Epoch  57/120 — train_loss: -0.3926  val_loss: -0.4098  freq: 0.1277  spend: -0.0082  w_freq: 1.359  w_spend: 0.584
Epoch  58/120 — train_loss: -0.3893  val_loss: -0.4183  freq: 0.1257  spend: -0.0161  w_freq: 1.359  w_spend: 0.586
Epoch  59/120 — train_loss: -0.3984  val_loss: -0.4209  freq: 0.1255  spend: -0.0183  w_freq: 1.359  w_spend: 0.587
Epoch  60/120 — train_loss: -0.3861  val_loss: -0.4224  freq: 0.1256  spend: -0.0190  w_freq: 1.359  w_spend: 0.588
Epoch  61/120 — train_loss: -0.3961  val_loss: -0.4212  freq: 0.1257  spend: -0.0154  w_freq: 1.359  w_spend: 0.590
Epoch  62/120 — train_loss: -0.3960  val_loss: -0.4176  freq: 0.1256  spend: -0.0073  w_freq: 1.359  w_spend: 0.591
Epoch  63/120 — train_loss: -0.3942  val_loss: -0.4278  freq: 0.1256  spend: -0.0230  w_freq: 1.359  w_spend: 0.592
Epoch  64/120 — train_loss: -0.3973  val_loss: -0.4282  freq: 0.1256  spend: -0.0219  w_freq: 1.359  w_spend: 0.593
Epoch  65/120 — train_loss: -0.4015  val_loss: -0.4218  freq: 0.1255  spend: -0.0094  w_freq: 1.359  w_spend: 0.594
Epoch  66/120 — train_loss: -0.4043  val_loss: -0.4322  freq: 0.1254  spend: -0.0252  w_freq: 1.359  w_spend: 0.595
Epoch  67/120 — train_loss: -0.3998  val_loss: -0.4315  freq: 0.1254  spend: -0.0227  w_freq: 1.359  w_spend: 0.596
Epoch  68/120 — train_loss: -0.4014  val_loss: -0.4299  freq: 0.1271  spend: -0.0223  w_freq: 1.359  w_spend: 0.597
Epoch  69/120 — train_loss: -0.4004  val_loss: -0.4159  freq: 0.1284  spend: -0.0006  w_freq: 1.359  w_spend: 0.598
Epoch  70/120 — train_loss: -0.4039  val_loss: -0.4330  freq: 0.1253  spend: -0.0209  w_freq: 1.359  w_spend: 0.599
Epoch  71/120 — train_loss: -0.3984  val_loss: -0.4347  freq: 0.1253  spend: -0.0224  w_freq: 1.359  w_spend: 0.600
Epoch  72/120 — train_loss: -0.3951  val_loss: -0.4337  freq: 0.1260  spend: -0.0212  w_freq: 1.359  w_spend: 0.601
Epoch  73/120 — train_loss: -0.4080  val_loss: -0.4331  freq: 0.1254  spend: -0.0177  w_freq: 1.359  w_spend: 0.602
Epoch  74/120 — train_loss: -0.4020  val_loss: -0.4352  freq: 0.1261  spend: -0.0217  w_freq: 1.359  w_spend: 0.602
Epoch  75/120 — train_loss: -0.4111  val_loss: -0.4350  freq: 0.1269  spend: -0.0218  w_freq: 1.359  w_spend: 0.603
Epoch  76/120 — train_loss: -0.4087  val_loss: -0.4392  freq: 0.1259  spend: -0.0254  w_freq: 1.359  w_spend: 0.604
Epoch  77/120 — train_loss: -0.4152  val_loss: -0.4319  freq: 0.1254  spend: -0.0113  w_freq: 1.359  w_spend: 0.605
Epoch  78/120 — train_loss: -0.4109  val_loss: -0.4403  freq: 0.1253  spend: -0.0236  w_freq: 1.359  w_spend: 0.606
Epoch  79/120 — train_loss: -0.4112  val_loss: -0.4334  freq: 0.1254  spend: -0.0115  w_freq: 1.359  w_spend: 0.606
Epoch  80/120 — train_loss: -0.4143  val_loss: -0.4417  freq: 0.1252  spend: -0.0240  w_freq: 1.359  w_spend: 0.607
Epoch  81/120 — train_loss: -0.4112  val_loss: -0.4413  freq: 0.1254  spend: -0.0228  w_freq: 1.359  w_spend: 0.608
Epoch  82/120 — train_loss: -0.4213  val_loss: -0.4430  freq: 0.1253  spend: -0.0246  w_freq: 1.359  w_spend: 0.608
Epoch  83/120 — train_loss: -0.4174  val_loss: -0.4434  freq: 0.1254  spend: -0.0243  w_freq: 1.359  w_spend: 0.609
Epoch  84/120 — train_loss: -0.4137  val_loss: -0.4433  freq: 0.1253  spend: -0.0231  w_freq: 1.359  w_spend: 0.610
Epoch  85/120 — train_loss: -0.4074  val_loss: -0.4420  freq: 0.1258  spend: -0.0213  w_freq: 1.359  w_spend: 0.610
Epoch  86/120 — train_loss: -0.4184  val_loss: -0.4458  freq: 0.1253  spend: -0.0256  w_freq: 1.359  w_spend: 0.611
Epoch  87/120 — train_loss: -0.4183  val_loss: -0.4452  freq: 0.1253  spend: -0.0241  w_freq: 1.359  w_spend: 0.611
Epoch  88/120 — train_loss: -0.4217  val_loss: -0.4455  freq: 0.1252  spend: -0.0236  w_freq: 1.359  w_spend: 0.612
Epoch  89/120 — train_loss: -0.4205  val_loss: -0.4457  freq: 0.1254  spend: -0.0237  w_freq: 1.359  w_spend: 0.612
Epoch  90/120 — train_loss: -0.4200  val_loss: -0.4479  freq: 0.1253  spend: -0.0266  w_freq: 1.359  w_spend: 0.613
Epoch  91/120 — train_loss: -0.4160  val_loss: -0.4470  freq: 0.1253  spend: -0.0244  w_freq: 1.359  w_spend: 0.613
Epoch  92/120 — train_loss: -0.4114  val_loss: -0.4469  freq: 0.1253  spend: -0.0239  w_freq: 1.359  w_spend: 0.614
Epoch  93/120 — train_loss: -0.4192  val_loss: -0.4477  freq: 0.1253  spend: -0.0248  w_freq: 1.359  w_spend: 0.614
Epoch  94/120 — train_loss: -0.4152  val_loss: -0.4472  freq: 0.1252  spend: -0.0234  w_freq: 1.359  w_spend: 0.614
Epoch  95/120 — train_loss: -0.4184  val_loss: -0.4469  freq: 0.1257  spend: -0.0233  w_freq: 1.359  w_spend: 0.615
Epoch  96/120 — train_loss: -0.4266  val_loss: -0.4475  freq: 0.1252  spend: -0.0229  w_freq: 1.359  w_spend: 0.615
Epoch  97/120 — train_loss: -0.4250  val_loss: -0.4480  freq: 0.1252  spend: -0.0233  w_freq: 1.359  w_spend: 0.615
Epoch  98/120 — train_loss: -0.4203  val_loss: -0.4484  freq: 0.1252  spend: -0.0236  w_freq: 1.359  w_spend: 0.616
Epoch  99/120 — train_loss: -0.4231  val_loss: -0.4483  freq: 0.1253  spend: -0.0232  w_freq: 1.359  w_spend: 0.616
Epoch 100/120 — train_loss: -0.4315  val_loss: -0.4468  freq: 0.1256  spend: -0.0212  w_freq: 1.359  w_spend: 0.616
Epoch 101/120 — train_loss: -0.4116  val_loss: -0.4493  freq: 0.1252  spend: -0.0240  w_freq: 1.359  w_spend: 0.616
Epoch 102/120 — train_loss: -0.4202  val_loss: -0.4488  freq: 0.1252  spend: -0.0231  w_freq: 1.359  w_spend: 0.616
Epoch 103/120 — train_loss: -0.4164  val_loss: -0.4489  freq: 0.1256  spend: -0.0239  w_freq: 1.359  w_spend: 0.617
Epoch 104/120 — train_loss: -0.4161  val_loss: -0.4484  freq: 0.1253  spend: -0.0222  w_freq: 1.359  w_spend: 0.617
Epoch 105/120 — train_loss: -0.4185  val_loss: -0.4493  freq: 0.1252  spend: -0.0234  w_freq: 1.359  w_spend: 0.617
Epoch 106/120 — train_loss: -0.4214  val_loss: -0.4495  freq: 0.1252  spend: -0.0236  w_freq: 1.359  w_spend: 0.617
Epoch 107/120 — train_loss: -0.4189  val_loss: -0.4493  freq: 0.1252  spend: -0.0230  w_freq: 1.359  w_spend: 0.617
Epoch 108/120 — train_loss: -0.4228  val_loss: -0.4499  freq: 0.1252  spend: -0.0239  w_freq: 1.359  w_spend: 0.617
Epoch 109/120 — train_loss: -0.4166  val_loss: -0.4500  freq: 0.1252  spend: -0.0240  w_freq: 1.359  w_spend: 0.617
Epoch 110/120 — train_loss: -0.4230  val_loss: -0.4498  freq: 0.1252  spend: -0.0237  w_freq: 1.359  w_spend: 0.617
Epoch 111/120 — train_loss: -0.4154  val_loss: -0.4497  freq: 0.1252  spend: -0.0233  w_freq: 1.359  w_spend: 0.617
Epoch 112/120 — train_loss: -0.4279  val_loss: -0.4496  freq: 0.1252  spend: -0.0231  w_freq: 1.359  w_spend: 0.617
Epoch 113/120 — train_loss: -0.4155  val_loss: -0.4496  freq: 0.1252  spend: -0.0231  w_freq: 1.359  w_spend: 0.617
Epoch 114/120 — train_loss: -0.4211  val_loss: -0.4497  freq: 0.1252  spend: -0.0233  w_freq: 1.359  w_spend: 0.617
Epoch 115/120 — train_loss: -0.4102  val_loss: -0.4498  freq: 0.1252  spend: -0.0233  w_freq: 1.359  w_spend: 0.618
Epoch 116/120 — train_loss: -0.4211  val_loss: -0.4498  freq: 0.1252  spend: -0.0234  w_freq: 1.359  w_spend: 0.618
Epoch 117/120 — train_loss: -0.4156  val_loss: -0.4497  freq: 0.1252  spend: -0.0233  w_freq: 1.359  w_spend: 0.618
Epoch 118/120 — train_loss: -0.4238  val_loss: -0.4497  freq: 0.1252  spend: -0.0232  w_freq: 1.359  w_spend: 0.618
Epoch 119/120 — train_loss: -0.4187  val_loss: -0.4497  freq: 0.1252  spend: -0.0232  w_freq: 1.359  w_spend: 0.618
Epoch 120/120 — train_loss: -0.4215  val_loss: -0.4497  freq: 0.1252  spend: -0.0232  w_freq: 1.359  w_spend: 0.618

Checkpoint saved: /kaggle/working/results/checkpoints/lstm_joint_cdnow_v8_seed2024_sample.pt
Validation-fitted softmax temperature: 0.7500

Duan's smearing factor (val): 1.2735
Validation aggregate calibration: freq_factor=3.6106, spend_factor=3.0578

Running autoregressive inference on holdout period ...
  inference mode: sample  n_scenarios: 30  temperature: 0.7500

=== Prediction Diagnostics ===
  Mean predicted freq/week:    0.0025
  Mean actual freq/week:       0.0196
  Over-prediction ratio:       0.130x
  Customers predicted as zero total:  0.980
  Customers actually zero total:      0.781
  Non-zero rate (pred, avg > 0.05):  0.009
  Non-zero rate (true):               0.018

Metrics saved: /kaggle/working/results/tables/lstm_joint_cdnow_v8_seed2024_sample_metrics.json
Array artifacts saved: /kaggle/working/results/tables/lstm_joint_cdnow_v8_seed2024_sample_arrays.npz

=== Holdout Evaluation ===
  metric_definition_version: valendin_aggregate_mape_v1
  freq_rmse: 1.2840
  freq_mae: 0.5152
  freq_normalized_gini: 0.5184
  freq_calibration_factor: 3.6106
  freq_horizon_abs_bias_pct: 53.1746
  bias_pct: -53.1746
  freq_weekly_mae: 26.0141
  freq_weekly_total_true: 1196.0000
  freq_weekly_total_pred: 560.0314
  freq_valendin_mape: 56.5523
  freq_horizon_bias_pct: -53.1746
  freq_weekly_mean_pct_mape: 54.1698
  freq_weekly_mean_pct_bias_pct: -51.0259
  freq_weekly_bias_pct: -53.1746
  freq_weekly_mape: 56.5523
  freq_mape: 56.5523
  freq_mase: 0.3275
  freq_mase_scale: 0.0834
  smearing_factor: 1.2735
  spend_calibration_factor: 3.0578
  spend_mae_raw: 18.3696
  spend_rmse_raw: 51.7664
  spend_normalized_gini: 0.5772
  spend_mae_log: 1.2751
  spend_rmse_log: 1.7437
  spend_r2_log: -0.0489
  spend_bias_pct: -57.1118
  spend_weekly_mae: 970.5931
  spend_weekly_total_true: 43103.4400
  spend_weekly_total_pred: 18486.2720
  spend_valendin_mape: 58.5462
  spend_horizon_abs_bias_pct: 57.1118
  spend_horizon_bias_pct: -57.1118
  spend_weekly_mean_pct_mape: 55.4331
  spend_weekly_mean_pct_bias_pct: -54.0246
  spend_weekly_bias_pct: -57.1118
  spend_weekly_mape: 58.5462
  spend_mase: 0.5440
  spend_mase_scale: 1.7675
  clv_mae: 17.9823
  clv_rmse: 50.6801
  clv_spearman: 0.3012
  clv_decile_lift: 4.7114
  clv_normalized_gini: 0.5782
  clv_total_true: 42218.7344
  clv_total_pred: 18172.8145
  calibration_temperature_source: rolling_origin_autoregressive
  validation_temperature: 0.7500
  smearing_source: rolling_origin_autoregressive
  calibration_source: rolling_origin_autoregressive
  validation_freq_true_total: 120.0000
  validation_freq_pred_total: 33.2354
  validation_spend_true_total: 4587.6401
  validation_spend_pred_total: 1500.2983
  validation_freq_calibration_factor: 3.6106
  validation_spend_calibration_factor: 3.0578
  validation_rolling_origin_count: 2
  protocol_name: cdnow_sample_52x26
  cohort_size: 2349
  calibration_weeks: 52
  holdout_weeks: 26
  inference_mode: sample
  n_scenarios: 30
  final_manifest_version: 2026-05-29-v7-v8-extension3-sweep
  final_manifest_run_name: lstm_joint_cdnow_v8_seed2024_sample
  final_manifest_config: experiments/configs/lstm_joint_cdnow_v8.yaml
  final_manifest_config_hash: e83cfad5cee4
  final_manifest_actual_config_hash: 0308dd8a6ba1
  final_manifest_seed: 2024
  final_manifest_epochs: 120
  final_manifest_inference_mode: sample
  final_manifest_n_scenarios: 30
  run_valid: False
  run_invalid_reason: absolute frequency bias -53.2% exceeds 15.0%; absolute spend bias -57.1% exceeds 50.0%
  run_warning: large frequency bias (-53.2%); large spend bias (-57.1%)
  epochs_completed: 120
  max_epochs_configured: 120
History saved: /kaggle/working/results/tables/lstm_joint_cdnow_v8_seed2024_sample_history.json
