[Kaggle] raw_dir  → /kaggle/working/input/cdnow-dataset
[Kaggle] results  → /kaggle/working/results
Config: experiments/configs/lstm_joint_cdnow_v7_twostage.yaml
Run: lstm_joint_cdnow_v7_twostage_seed42_sample
Device: cuda
Loading dataset: cdnow ...
[pipeline] freq_bins from config: [0, 1, 2, 3]
  Train customers: 2115, Val: 234, Inference: 2349
[cdnow] Customers with 0 calibration transactions: 0 / 2349
  top-bin decode: class_values[-1] = 4.071 (max_trans = 3)
Model: lstm — 97,614 parameters

Training for up to 120 epochs ...
/kaggle/working/thesis-code/src/training/trainer.py:135: FutureWarning: `torch.cuda.amp.GradScaler(args...)` is deprecated. Please use `torch.amp.GradScaler('cuda', args...)` instead.
  self.scaler = torch.cuda.amp.GradScaler(enabled=self.amp_enabled)

[two-stage] Stage 1: frequency-only for up to 60 epochs (patience=15) ...
[Kendall] log_vars frozen for 5 warm-up epochs.
Epoch   1/60 — train_loss: 6.9699  val_loss: 6.9836  freq: 6.9836  spend: 0.2204  w_freq: 1.000  w_spend: 0.000
Epoch   2/60 — train_loss: 6.6163  val_loss: 6.3265  freq: 6.3265  spend: 0.2198  w_freq: 1.000  w_spend: 0.000
Epoch   3/60 — train_loss: 5.9730  val_loss: 5.1815  freq: 5.1815  spend: 0.2178  w_freq: 1.000  w_spend: 0.000
Epoch   4/60 — train_loss: 4.3442  val_loss: 3.1402  freq: 3.1402  spend: 0.2141  w_freq: 1.000  w_spend: 0.000
Epoch   5/60 — train_loss: 1.9765  val_loss: 0.7266  freq: 0.7266  spend: 0.2102  w_freq: 1.000  w_spend: 0.000
[Kendall] log_vars unfrozen at epoch 6.
[spend-norm] frozen at 0.2502 (absolute val-loss magnitude shifts accordingly; early stopping is relative so this is safe)
Epoch   6/60 — train_loss: 0.3511  val_loss: 0.2156  freq: 0.2156  spend: 0.8407  w_freq: 1.000  w_spend: 0.000
Epoch   7/60 — train_loss: 0.2006  val_loss: 0.1581  freq: 0.1581  spend: 0.8623  w_freq: 1.000  w_spend: 0.000
Epoch   8/60 — train_loss: 0.1710  val_loss: 0.1471  freq: 0.1471  spend: 0.8738  w_freq: 1.000  w_spend: 0.000
Epoch   9/60 — train_loss: 0.1540  val_loss: 0.1414  freq: 0.1414  spend: 0.8824  w_freq: 1.000  w_spend: 0.000
Epoch  10/60 — train_loss: 0.1596  val_loss: 0.1370  freq: 0.1370  spend: 0.8905  w_freq: 1.000  w_spend: 0.000
Epoch  11/60 — train_loss: 0.1398  val_loss: 0.1370  freq: 0.1370  spend: 0.8926  w_freq: 1.000  w_spend: 0.000
Epoch  12/60 — train_loss: 0.1384  val_loss: 0.1321  freq: 0.1321  spend: 0.8993  w_freq: 1.000  w_spend: 0.000
Epoch  13/60 — train_loss: 0.1416  val_loss: 0.1337  freq: 0.1337  spend: 0.8996  w_freq: 1.000  w_spend: 0.000
Epoch  14/60 — train_loss: 0.1408  val_loss: 0.1303  freq: 0.1303  spend: 0.9031  w_freq: 1.000  w_spend: 0.000
Epoch  15/60 — train_loss: 0.1370  val_loss: 0.1311  freq: 0.1311  spend: 0.9063  w_freq: 1.000  w_spend: 0.000
Epoch  16/60 — train_loss: 0.1423  val_loss: 0.1403  freq: 0.1403  spend: 0.9014  w_freq: 1.000  w_spend: 0.000
Epoch  17/60 — train_loss: 0.1394  val_loss: 0.1343  freq: 0.1343  spend: 0.9076  w_freq: 1.000  w_spend: 0.000
Epoch  18/60 — train_loss: 0.1458  val_loss: 0.1299  freq: 0.1299  spend: 0.9049  w_freq: 1.000  w_spend: 0.000
Epoch  19/60 — train_loss: 0.1391  val_loss: 0.1307  freq: 0.1307  spend: 0.9013  w_freq: 1.000  w_spend: 0.000
Epoch  20/60 — train_loss: 0.1349  val_loss: 0.1288  freq: 0.1288  spend: 0.9023  w_freq: 1.000  w_spend: 0.000
Epoch  21/60 — train_loss: 0.1380  val_loss: 0.1363  freq: 0.1363  spend: 0.8984  w_freq: 1.000  w_spend: 0.000
Epoch  22/60 — train_loss: 0.1399  val_loss: 0.1293  freq: 0.1293  spend: 0.9029  w_freq: 1.000  w_spend: 0.000
Epoch  23/60 — train_loss: 0.1428  val_loss: 0.1283  freq: 0.1283  spend: 0.9030  w_freq: 1.000  w_spend: 0.000
Epoch  24/60 — train_loss: 0.1482  val_loss: 0.1290  freq: 0.1290  spend: 0.9027  w_freq: 1.000  w_spend: 0.000
Epoch  25/60 — train_loss: 0.1343  val_loss: 0.1311  freq: 0.1311  spend: 0.9025  w_freq: 1.000  w_spend: 0.000
Epoch  26/60 — train_loss: 0.1347  val_loss: 0.1289  freq: 0.1289  spend: 0.9039  w_freq: 1.000  w_spend: 0.000
Epoch  27/60 — train_loss: 0.1342  val_loss: 0.1302  freq: 0.1302  spend: 0.9074  w_freq: 1.000  w_spend: 0.000
Epoch  28/60 — train_loss: 0.1352  val_loss: 0.1424  freq: 0.1424  spend: 0.9029  w_freq: 1.000  w_spend: 0.000
Epoch  29/60 — train_loss: 0.1381  val_loss: 0.1333  freq: 0.1333  spend: 0.9080  w_freq: 1.000  w_spend: 0.000
Epoch  30/60 — train_loss: 0.1338  val_loss: 0.1338  freq: 0.1338  spend: 0.9039  w_freq: 1.000  w_spend: 0.000
Epoch  31/60 — train_loss: 0.1365  val_loss: 0.1319  freq: 0.1319  spend: 0.9069  w_freq: 1.000  w_spend: 0.000
Epoch  32/60 — train_loss: 0.1355  val_loss: 0.1333  freq: 0.1333  spend: 0.9032  w_freq: 1.000  w_spend: 0.000
Epoch  33/60 — train_loss: 0.1364  val_loss: 0.1277  freq: 0.1277  spend: 0.9046  w_freq: 1.000  w_spend: 0.000
Epoch  34/60 — train_loss: 0.1330  val_loss: 0.1287  freq: 0.1287  spend: 0.9042  w_freq: 1.000  w_spend: 0.000
Epoch  35/60 — train_loss: 0.1357  val_loss: 0.1272  freq: 0.1272  spend: 0.9058  w_freq: 1.000  w_spend: 0.000
Epoch  36/60 — train_loss: 0.1315  val_loss: 0.1276  freq: 0.1276  spend: 0.9050  w_freq: 1.000  w_spend: 0.000
Epoch  37/60 — train_loss: 0.1348  val_loss: 0.1289  freq: 0.1289  spend: 0.9042  w_freq: 1.000  w_spend: 0.000
Epoch  38/60 — train_loss: 0.1339  val_loss: 0.1278  freq: 0.1278  spend: 0.9042  w_freq: 1.000  w_spend: 0.000
Epoch  39/60 — train_loss: 0.1309  val_loss: 0.1324  freq: 0.1324  spend: 0.9061  w_freq: 1.000  w_spend: 0.000
Epoch  40/60 — train_loss: 0.1410  val_loss: 0.1288  freq: 0.1288  spend: 0.9038  w_freq: 1.000  w_spend: 0.000
Epoch  41/60 — train_loss: 0.1361  val_loss: 0.1315  freq: 0.1315  spend: 0.9053  w_freq: 1.000  w_spend: 0.000
Epoch  42/60 — train_loss: 0.1343  val_loss: 0.1265  freq: 0.1265  spend: 0.9044  w_freq: 1.000  w_spend: 0.000
Epoch  43/60 — train_loss: 0.1354  val_loss: 0.1273  freq: 0.1273  spend: 0.9046  w_freq: 1.000  w_spend: 0.000
Epoch  44/60 — train_loss: 0.1325  val_loss: 0.1294  freq: 0.1294  spend: 0.9048  w_freq: 1.000  w_spend: 0.000
Epoch  45/60 — train_loss: 0.1364  val_loss: 0.1414  freq: 0.1414  spend: 0.9066  w_freq: 1.000  w_spend: 0.000
Epoch  46/60 — train_loss: 0.1482  val_loss: 0.1307  freq: 0.1307  spend: 0.9035  w_freq: 1.000  w_spend: 0.000
Epoch  47/60 — train_loss: 0.1365  val_loss: 0.1280  freq: 0.1280  spend: 0.9050  w_freq: 1.000  w_spend: 0.000
Epoch  48/60 — train_loss: 0.1359  val_loss: 0.1318  freq: 0.1318  spend: 0.9031  w_freq: 1.000  w_spend: 0.000
Epoch  49/60 — train_loss: 0.1324  val_loss: 0.1340  freq: 0.1340  spend: 0.9057  w_freq: 1.000  w_spend: 0.000
Epoch  50/60 — train_loss: 0.1381  val_loss: 0.1311  freq: 0.1311  spend: 0.9028  w_freq: 1.000  w_spend: 0.000
Epoch  51/60 — train_loss: 0.1356  val_loss: 0.1290  freq: 0.1290  spend: 0.9037  w_freq: 1.000  w_spend: 0.000
Epoch  52/60 — train_loss: 0.1308  val_loss: 0.1282  freq: 0.1282  spend: 0.9022  w_freq: 1.000  w_spend: 0.000
Epoch  53/60 — train_loss: 0.1289  val_loss: 0.1269  freq: 0.1269  spend: 0.9032  w_freq: 1.000  w_spend: 0.000
Epoch  54/60 — train_loss: 0.1320  val_loss: 0.1275  freq: 0.1275  spend: 0.9041  w_freq: 1.000  w_spend: 0.000
Epoch  55/60 — train_loss: 0.1383  val_loss: 0.1268  freq: 0.1268  spend: 0.9031  w_freq: 1.000  w_spend: 0.000
Epoch  56/60 — train_loss: 0.1325  val_loss: 0.1265  freq: 0.1265  spend: 0.9029  w_freq: 1.000  w_spend: 0.000
Epoch  57/60 — train_loss: 0.1322  val_loss: 0.1262  freq: 0.1262  spend: 0.9033  w_freq: 1.000  w_spend: 0.000
Epoch  58/60 — train_loss: 0.1301  val_loss: 0.1286  freq: 0.1286  spend: 0.9037  w_freq: 1.000  w_spend: 0.000
Epoch  59/60 — train_loss: 0.1381  val_loss: 0.1274  freq: 0.1274  spend: 0.9045  w_freq: 1.000  w_spend: 0.000
Epoch  60/60 — train_loss: 0.1358  val_loss: 0.1267  freq: 0.1267  spend: 0.9045  w_freq: 1.000  w_spend: 0.000
[two-stage] Stage 1 complete.
/kaggle/working/thesis-code/src/training/trainer.py:788: FutureWarning: `torch.cuda.amp.GradScaler(args...)` is deprecated. Please use `torch.amp.GradScaler('cuda', args...)` instead.
  self.scaler = torch.cuda.amp.GradScaler(enabled=self.amp_enabled)
[two-stage] Stage 2 transition: froze 14 backbone params, training 2 spend-head params.

[two-stage] Stage 2: spend-only, backbone frozen, for up to 60 epochs (patience=15) ...
[Kendall] log_vars frozen for 5 warm-up epochs.
Epoch   1/60 — train_loss: 0.1794  val_loss: 0.1455  freq: 0.1262  spend: 0.1648  w_freq: 0.500  w_spend: 0.500
Epoch   2/60 — train_loss: 0.1611  val_loss: 0.1270  freq: 0.1262  spend: 0.1278  w_freq: 0.500  w_spend: 0.500
Epoch   3/60 — train_loss: 0.1504  val_loss: 0.1159  freq: 0.1262  spend: 0.1057  w_freq: 0.500  w_spend: 0.500
Epoch   4/60 — train_loss: 0.1392  val_loss: 0.1098  freq: 0.1262  spend: 0.0934  w_freq: 0.500  w_spend: 0.500
Epoch   5/60 — train_loss: 0.1332  val_loss: 0.1077  freq: 0.1262  spend: 0.0892  w_freq: 0.500  w_spend: 0.500
[Kendall] log_vars unfrozen at epoch 6.
[spend-norm] frozen at 0.1745 (absolute val-loss magnitude shifts accordingly; early stopping is relative so this is safe)
Epoch   6/60 — train_loss: 0.5667  val_loss: 0.3205  freq: 0.1262  spend: 0.5175  w_freq: 0.500  w_spend: 0.500
Epoch   7/60 — train_loss: 0.4762  val_loss: 0.3187  freq: 0.1262  spend: 0.5161  w_freq: 0.502  w_spend: 0.501
Epoch   8/60 — train_loss: 0.4813  val_loss: 0.3257  freq: 0.1262  spend: 0.5325  w_freq: 0.503  w_spend: 0.501
Epoch   9/60 — train_loss: 0.4972  val_loss: 0.3215  freq: 0.1262  spend: 0.5266  w_freq: 0.504  w_spend: 0.502
Epoch  10/60 — train_loss: 0.4650  val_loss: 0.3086  freq: 0.1262  spend: 0.5033  w_freq: 0.505  w_spend: 0.502
Epoch  11/60 — train_loss: 0.5046  val_loss: 0.3072  freq: 0.1262  spend: 0.5029  w_freq: 0.506  w_spend: 0.503
Epoch  12/60 — train_loss: 0.5300  val_loss: 0.3118  freq: 0.1262  spend: 0.5148  w_freq: 0.507  w_spend: 0.503
Epoch  13/60 — train_loss: 0.4367  val_loss: 0.3039  freq: 0.1262  spend: 0.5018  w_freq: 0.508  w_spend: 0.504
Epoch  14/60 — train_loss: 0.4841  val_loss: 0.3028  freq: 0.1262  spend: 0.5020  w_freq: 0.510  w_spend: 0.505
Epoch  15/60 — train_loss: 0.4888  val_loss: 0.2999  freq: 0.1262  spend: 0.4986  w_freq: 0.511  w_spend: 0.505
Epoch  16/60 — train_loss: 0.4496  val_loss: 0.2970  freq: 0.1262  spend: 0.4951  w_freq: 0.512  w_spend: 0.506
Epoch  17/60 — train_loss: 0.4615  val_loss: 0.2923  freq: 0.1262  spend: 0.4885  w_freq: 0.513  w_spend: 0.507
Epoch  18/60 — train_loss: 0.4806  val_loss: 0.2911  freq: 0.1262  spend: 0.4881  w_freq: 0.514  w_spend: 0.507
Epoch  19/60 — train_loss: 0.5452  val_loss: 0.2863  freq: 0.1262  spend: 0.4810  w_freq: 0.515  w_spend: 0.508
Epoch  20/60 — train_loss: 0.5095  val_loss: 0.2927  freq: 0.1262  spend: 0.4958  w_freq: 0.516  w_spend: 0.508
Early stopping triggered at epoch 20.
[two-stage] Stage 2 complete.

Checkpoint saved: /kaggle/working/results/checkpoints/lstm_joint_cdnow_v7_twostage_seed42_sample.pt
Validation-fitted softmax temperature: 0.7500

Duan's smearing factor (val): 1.3981
Validation aggregate calibration: freq_factor=3.6140, spend_factor=3.6478

Running autoregressive inference on holdout period ...
  inference mode: sample  n_scenarios: 30  temperature: 0.7500

=== Prediction Diagnostics ===
  Mean predicted freq/week:    0.0025
  Mean actual freq/week:       0.0196
  Over-prediction ratio:       0.126x
  Customers predicted as zero total:  0.980
  Customers actually zero total:      0.781
  Non-zero rate (pred, avg > 0.05):  0.009
  Non-zero rate (true):               0.018

Metrics saved: /kaggle/working/results/tables/lstm_joint_cdnow_v7_twostage_seed42_sample_metrics.json
Array artifacts saved: /kaggle/working/results/tables/lstm_joint_cdnow_v7_twostage_seed42_sample_arrays.npz

=== Holdout Evaluation ===
  metric_definition_version: valendin_aggregate_mape_v1
  freq_rmse: 1.2865
  freq_mae: 0.5218
  freq_normalized_gini: 0.4827
  freq_calibration_factor: 3.6140
  freq_horizon_abs_bias_pct: 54.3008
  bias_pct: -54.3008
  freq_weekly_mae: 28.2385
  freq_weekly_total_true: 1196.0000
  freq_weekly_total_pred: 546.5621
  freq_valendin_mape: 61.3880
  freq_horizon_bias_pct: -54.3008
  freq_weekly_mean_pct_mape: 60.3772
  freq_weekly_mean_pct_bias_pct: -52.1930
  freq_weekly_bias_pct: -54.3008
  freq_weekly_mape: 61.3880
  freq_mape: 61.3880
  freq_mase: 0.3244
  freq_mase_scale: 0.0834
  smearing_factor: 1.3981
  spend_calibration_factor: 3.6478
  spend_mae_raw: 19.5716
  spend_rmse_raw: 52.8529
  spend_normalized_gini: 0.4595
  spend_mae_log: 1.3947
  spend_rmse_log: 1.8803
  spend_r2_log: -0.2197
  spend_bias_pct: -50.2559
  spend_weekly_mae: 963.1183
  spend_weekly_total_true: 43103.4400
  spend_weekly_total_pred: 21441.4098
  spend_valendin_mape: 58.0953
  spend_horizon_abs_bias_pct: 50.2559
  spend_horizon_bias_pct: -50.2559
  spend_weekly_mean_pct_mape: 57.0862
  spend_weekly_mean_pct_bias_pct: -46.6646
  spend_weekly_bias_pct: -50.2559
  spend_weekly_mape: 58.0953
  spend_mase: 0.5689
  spend_mase_scale: 1.7675
  clv_mae: 19.1633
  clv_rmse: 51.7288
  clv_spearman: 0.2940
  clv_decile_lift: 4.3120
  clv_normalized_gini: 0.4732
  clv_total_true: 42218.7344
  clv_total_pred: 21122.0098
  calibration_temperature_source: rolling_origin_autoregressive
  validation_temperature: 0.7500
  smearing_source: rolling_origin_autoregressive
  calibration_source: rolling_origin_autoregressive
  validation_freq_true_total: 120.0000
  validation_freq_pred_total: 33.2039
  validation_spend_true_total: 4587.6401
  validation_spend_pred_total: 1257.6605
  validation_freq_calibration_factor: 3.6140
  validation_spend_calibration_factor: 3.6478
  validation_rolling_origin_count: 2
  protocol_name: cdnow_sample_52x26
  cohort_size: 2349
  calibration_weeks: 52
  holdout_weeks: 26
  inference_mode: sample
  n_scenarios: 30
  final_manifest_version: 2026-05-29-v7-v8-extension3-sweep
  final_manifest_run_name: lstm_joint_cdnow_v7_twostage_seed42_sample
  final_manifest_config: experiments/configs/lstm_joint_cdnow_v7_twostage.yaml
  final_manifest_config_hash: d40fa6c03917
  final_manifest_actual_config_hash: e6986e208cba
  final_manifest_seed: 42
  final_manifest_epochs: 120
  final_manifest_inference_mode: sample
  final_manifest_n_scenarios: 30
  run_valid: False
  run_invalid_reason: absolute frequency bias -54.3% exceeds 15.0%; absolute spend bias -50.3% exceeds 50.0%
  run_warning: large frequency bias (-54.3%); large spend bias (-50.3%)
  epochs_completed: 80
  max_epochs_configured: 120
History saved: /kaggle/working/results/tables/lstm_joint_cdnow_v7_twostage_seed42_sample_history.json
