[Kaggle] raw_dir  → /kaggle/working/input/dunnhumby
[Kaggle] results  → /kaggle/working/results
Config: experiments/configs/lstm_joint_dunnhumby_v7.yaml
Run: lstm_joint_dunnhumby_v7_seed42_sample
Device: cuda
Loading dataset: dunnhumby ...
[pipeline] freq_cap=10 (auto q=0.99) → freq_bins=[0, 1, 2, 3]... (n_classes=11)
  Train customers: 2249, Val: 249, Inference: 2498
[dunnhumby] Customers with 0 calibration transactions: 0 / 2498
  top-bin decode: class_values[-1] = 13.099 (max_trans = 10)
Model: lstm — 99,577 parameters

Training for up to 120 epochs ...
/kaggle/working/thesis-code/src/training/trainer.py:135: FutureWarning: `torch.cuda.amp.GradScaler(args...)` is deprecated. Please use `torch.amp.GradScaler('cuda', args...)` instead.
  self.scaler = torch.cuda.amp.GradScaler(enabled=self.amp_enabled)
[Kendall] log_vars frozen for 5 warm-up epochs.
Epoch   1/120 — train_loss: 1.6994  val_loss: 1.7153  freq: 3.1816  spend: 0.2490  w_freq: 0.500  w_spend: 0.500
Epoch   2/120 — train_loss: 1.6784  val_loss: 1.6790  freq: 3.1116  spend: 0.2465  w_freq: 0.500  w_spend: 0.500
Epoch   3/120 — train_loss: 1.6275  val_loss: 1.6017  freq: 2.9634  spend: 0.2400  w_freq: 0.500  w_spend: 0.500
Epoch   4/120 — train_loss: 1.5124  val_loss: 1.3954  freq: 2.5732  spend: 0.2177  w_freq: 0.500  w_spend: 0.500
Epoch   5/120 — train_loss: 1.1814  val_loss: 0.9338  freq: 1.6943  spend: 0.1734  w_freq: 0.500  w_spend: 0.500
[Kendall] log_vars unfrozen at epoch 6.
[spend-norm] frozen at 0.2351 (absolute val-loss magnitude shifts accordingly; early stopping is relative so this is safe)
Epoch   6/120 — train_loss: 1.2798  val_loss: 1.1992  freq: 1.6927  spend: 0.7096  w_freq: 0.499  w_spend: 0.501
Epoch   7/120 — train_loss: 1.1787  val_loss: 1.0759  freq: 1.5326  spend: 0.6269  w_freq: 0.497  w_spend: 0.503
Epoch   8/120 — train_loss: 1.1139  val_loss: 1.0528  freq: 1.5030  spend: 0.6143  w_freq: 0.495  w_spend: 0.505
Epoch   9/120 — train_loss: 1.0784  val_loss: 1.0020  freq: 1.4668  spend: 0.5536  w_freq: 0.492  w_spend: 0.508
Epoch  10/120 — train_loss: 1.0132  val_loss: 0.8871  freq: 1.4045  spend: 0.3931  w_freq: 0.490  w_spend: 0.510
Epoch  11/120 — train_loss: 0.9050  val_loss: 0.8141  freq: 1.3634  spend: 0.2943  w_freq: 0.488  w_spend: 0.513
Epoch  12/120 — train_loss: 0.8225  val_loss: 0.7029  freq: 1.3562  spend: 0.0906  w_freq: 0.486  w_spend: 0.516
Epoch  13/120 — train_loss: 0.7365  val_loss: 0.6306  freq: 1.3533  spend: -0.0393  w_freq: 0.484  w_spend: 0.519
Epoch  14/120 — train_loss: 0.6859  val_loss: 0.6351  freq: 1.3763  spend: -0.0454  w_freq: 0.483  w_spend: 0.522
Epoch  15/120 — train_loss: 0.6569  val_loss: 0.5787  freq: 1.3558  spend: -0.1293  w_freq: 0.482  w_spend: 0.524
Epoch  16/120 — train_loss: 0.6326  val_loss: 0.5556  freq: 1.3555  spend: -0.1666  w_freq: 0.481  w_spend: 0.527
Epoch  17/120 — train_loss: 0.6167  val_loss: 0.5458  freq: 1.3571  spend: -0.1806  w_freq: 0.479  w_spend: 0.529
Epoch  18/120 — train_loss: 0.6022  val_loss: 0.5328  freq: 1.3487  spend: -0.1913  w_freq: 0.478  w_spend: 0.532
Epoch  19/120 — train_loss: 0.5998  val_loss: 0.5324  freq: 1.3443  spend: -0.1826  w_freq: 0.477  w_spend: 0.534
Epoch  20/120 — train_loss: 0.5956  val_loss: 0.5320  freq: 1.3350  spend: -0.1707  w_freq: 0.476  w_spend: 0.536
Epoch  21/120 — train_loss: 0.6014  val_loss: 0.5532  freq: 1.3302  spend: -0.1237  w_freq: 0.475  w_spend: 0.538
Epoch  22/120 — train_loss: 0.5898  val_loss: 0.5080  freq: 1.3270  spend: -0.2019  w_freq: 0.475  w_spend: 0.540
Epoch  23/120 — train_loss: 0.5607  val_loss: 0.4911  freq: 1.3257  spend: -0.2265  w_freq: 0.474  w_spend: 0.541
Epoch  24/120 — train_loss: 0.5558  val_loss: 0.4828  freq: 1.3195  spend: -0.2300  w_freq: 0.473  w_spend: 0.544
Epoch  25/120 — train_loss: 0.5436  val_loss: 0.4749  freq: 1.3140  spend: -0.2328  w_freq: 0.471  w_spend: 0.547
Epoch  26/120 — train_loss: 0.5317  val_loss: 0.4660  freq: 1.3044  spend: -0.2336  w_freq: 0.470  w_spend: 0.550
Epoch  27/120 — train_loss: 0.5220  val_loss: 0.4637  freq: 1.3017  spend: -0.2287  w_freq: 0.469  w_spend: 0.553
Epoch  28/120 — train_loss: 0.5239  val_loss: 0.4520  freq: 1.2944  spend: -0.2382  w_freq: 0.467  w_spend: 0.556
Epoch  29/120 — train_loss: 0.5092  val_loss: 0.4446  freq: 1.2938  spend: -0.2462  w_freq: 0.466  w_spend: 0.558
Epoch  30/120 — train_loss: 0.5032  val_loss: 0.4335  freq: 1.2885  spend: -0.2568  w_freq: 0.465  w_spend: 0.560
Epoch  31/120 — train_loss: 0.4973  val_loss: 0.4359  freq: 1.2969  spend: -0.2542  w_freq: 0.465  w_spend: 0.562
Epoch  32/120 — train_loss: 0.4940  val_loss: 0.4237  freq: 1.2849  spend: -0.2612  w_freq: 0.464  w_spend: 0.565
Epoch  33/120 — train_loss: 0.4866  val_loss: 0.4178  freq: 1.2811  spend: -0.2641  w_freq: 0.463  w_spend: 0.567
Epoch  34/120 — train_loss: 0.4802  val_loss: 0.4162  freq: 1.2825  spend: -0.2629  w_freq: 0.462  w_spend: 0.569
Epoch  35/120 — train_loss: 0.4813  val_loss: 0.4077  freq: 1.2776  spend: -0.2688  w_freq: 0.461  w_spend: 0.571
Epoch  36/120 — train_loss: 0.4766  val_loss: 0.4012  freq: 1.2700  spend: -0.2697  w_freq: 0.460  w_spend: 0.574
Epoch  37/120 — train_loss: 0.4691  val_loss: 0.4001  freq: 1.2718  spend: -0.2691  w_freq: 0.459  w_spend: 0.576
Epoch  38/120 — train_loss: 0.4640  val_loss: 0.3936  freq: 1.2674  spend: -0.2724  w_freq: 0.458  w_spend: 0.578
Epoch  39/120 — train_loss: 0.4655  val_loss: 0.3941  freq: 1.2635  spend: -0.2641  w_freq: 0.457  w_spend: 0.580
Epoch  40/120 — train_loss: 0.4602  val_loss: 0.3884  freq: 1.2627  spend: -0.2693  w_freq: 0.457  w_spend: 0.582
Epoch  41/120 — train_loss: 0.4603  val_loss: 0.3953  freq: 1.2660  spend: -0.2568  w_freq: 0.456  w_spend: 0.583
Epoch  42/120 — train_loss: 0.4517  val_loss: 0.3831  freq: 1.2601  spend: -0.2694  w_freq: 0.455  w_spend: 0.585
Epoch  43/120 — train_loss: 0.4516  val_loss: 0.3776  freq: 1.2583  spend: -0.2737  w_freq: 0.455  w_spend: 0.587
Epoch  44/120 — train_loss: 0.4513  val_loss: 0.3800  freq: 1.2616  spend: -0.2680  w_freq: 0.454  w_spend: 0.589
Epoch  45/120 — train_loss: 0.4468  val_loss: 0.3776  freq: 1.2549  spend: -0.2630  w_freq: 0.453  w_spend: 0.591
Epoch  46/120 — train_loss: 0.4469  val_loss: 0.3713  freq: 1.2579  spend: -0.2731  w_freq: 0.453  w_spend: 0.593
Epoch  47/120 — train_loss: 0.4349  val_loss: 0.3708  freq: 1.2543  spend: -0.2676  w_freq: 0.452  w_spend: 0.594
Epoch  48/120 — train_loss: 0.4420  val_loss: 0.3573  freq: 1.2513  spend: -0.2846  w_freq: 0.451  w_spend: 0.596
Epoch  49/120 — train_loss: 0.4302  val_loss: 0.3531  freq: 1.2510  spend: -0.2878  w_freq: 0.451  w_spend: 0.598
Epoch  50/120 — train_loss: 0.4361  val_loss: 0.3570  freq: 1.2489  spend: -0.2759  w_freq: 0.450  w_spend: 0.600
Epoch  51/120 — train_loss: 0.4301  val_loss: 0.3518  freq: 1.2505  spend: -0.2828  w_freq: 0.449  w_spend: 0.602
Epoch  52/120 — train_loss: 0.4305  val_loss: 0.3457  freq: 1.2480  spend: -0.2879  w_freq: 0.449  w_spend: 0.603
Epoch  53/120 — train_loss: 0.4247  val_loss: 0.3489  freq: 1.2481  spend: -0.2802  w_freq: 0.448  w_spend: 0.605
Epoch  54/120 — train_loss: 0.4309  val_loss: 0.3506  freq: 1.2497  spend: -0.2761  w_freq: 0.448  w_spend: 0.606
Epoch  55/120 — train_loss: 0.4311  val_loss: 0.3453  freq: 1.2497  spend: -0.2830  w_freq: 0.447  w_spend: 0.607
Epoch  56/120 — train_loss: 0.4202  val_loss: 0.3487  freq: 1.2478  spend: -0.2737  w_freq: 0.447  w_spend: 0.608
Epoch  57/120 — train_loss: 0.4154  val_loss: 0.3367  freq: 1.2461  spend: -0.2895  w_freq: 0.447  w_spend: 0.609
Epoch  58/120 — train_loss: 0.4205  val_loss: 0.3388  freq: 1.2464  spend: -0.2837  w_freq: 0.446  w_spend: 0.611
Epoch  59/120 — train_loss: 0.4178  val_loss: 0.3525  freq: 1.2494  spend: -0.2610  w_freq: 0.446  w_spend: 0.612
Epoch  60/120 — train_loss: 0.4345  val_loss: 0.3372  freq: 1.2448  spend: -0.2809  w_freq: 0.445  w_spend: 0.613
Epoch  61/120 — train_loss: 0.4178  val_loss: 0.3320  freq: 1.2464  spend: -0.2889  w_freq: 0.445  w_spend: 0.614
Epoch  62/120 — train_loss: 0.4082  val_loss: 0.3487  freq: 1.2472  spend: -0.2606  w_freq: 0.445  w_spend: 0.615
Epoch  63/120 — train_loss: 0.4139  val_loss: 0.3429  freq: 1.2442  spend: -0.2662  w_freq: 0.444  w_spend: 0.616
Epoch  64/120 — train_loss: 0.4152  val_loss: 0.3476  freq: 1.2459  spend: -0.2583  w_freq: 0.444  w_spend: 0.617
Epoch  65/120 — train_loss: 0.4130  val_loss: 0.3343  freq: 1.2428  spend: -0.2763  w_freq: 0.444  w_spend: 0.618
Epoch  66/120 — train_loss: 0.4118  val_loss: 0.3304  freq: 1.2454  spend: -0.2828  w_freq: 0.443  w_spend: 0.619
Epoch  67/120 — train_loss: 0.4122  val_loss: 0.3249  freq: 1.2437  spend: -0.2889  w_freq: 0.443  w_spend: 0.619
Epoch  68/120 — train_loss: 0.4062  val_loss: 0.3232  freq: 1.2446  spend: -0.2906  w_freq: 0.443  w_spend: 0.620
Epoch  69/120 — train_loss: 0.4054  val_loss: 0.3291  freq: 1.2444  spend: -0.2789  w_freq: 0.442  w_spend: 0.621
Epoch  70/120 — train_loss: 0.4041  val_loss: 0.3206  freq: 1.2412  spend: -0.2872  w_freq: 0.442  w_spend: 0.623
Epoch  71/120 — train_loss: 0.4003  val_loss: 0.3210  freq: 1.2420  spend: -0.2840  w_freq: 0.441  w_spend: 0.624
Epoch  72/120 — train_loss: 0.3976  val_loss: 0.3247  freq: 1.2420  spend: -0.2751  w_freq: 0.441  w_spend: 0.626
Epoch  73/120 — train_loss: 0.4007  val_loss: 0.3196  freq: 1.2422  spend: -0.2805  w_freq: 0.440  w_spend: 0.628
Epoch  74/120 — train_loss: 0.3962  val_loss: 0.3201  freq: 1.2415  spend: -0.2770  w_freq: 0.440  w_spend: 0.629
Epoch  75/120 — train_loss: 0.3964  val_loss: 0.3139  freq: 1.2410  spend: -0.2843  w_freq: 0.439  w_spend: 0.631
Epoch  76/120 — train_loss: 0.3987  val_loss: 0.3064  freq: 1.2391  spend: -0.2934  w_freq: 0.439  w_spend: 0.632
Epoch  77/120 — train_loss: 0.3964  val_loss: 0.3102  freq: 1.2401  spend: -0.2867  w_freq: 0.439  w_spend: 0.632
Epoch  78/120 — train_loss: 0.3913  val_loss: 0.3125  freq: 1.2406  spend: -0.2822  w_freq: 0.438  w_spend: 0.633
Epoch  79/120 — train_loss: 0.3916  val_loss: 0.3176  freq: 1.2402  spend: -0.2722  w_freq: 0.438  w_spend: 0.634
Epoch  80/120 — train_loss: 0.3930  val_loss: 0.3060  freq: 1.2390  spend: -0.2881  w_freq: 0.438  w_spend: 0.635
Epoch  81/120 — train_loss: 0.3887  val_loss: 0.3094  freq: 1.2394  spend: -0.2816  w_freq: 0.437  w_spend: 0.636
Epoch  82/120 — train_loss: 0.3900  val_loss: 0.3065  freq: 1.2382  spend: -0.2837  w_freq: 0.437  w_spend: 0.637
Epoch  83/120 — train_loss: 0.3894  val_loss: 0.3072  freq: 1.2394  spend: -0.2818  w_freq: 0.437  w_spend: 0.638
Epoch  84/120 — train_loss: 0.3886  val_loss: 0.2994  freq: 1.2382  spend: -0.2919  w_freq: 0.437  w_spend: 0.638
Epoch  85/120 — train_loss: 0.3914  val_loss: 0.3041  freq: 1.2381  spend: -0.2834  w_freq: 0.436  w_spend: 0.639
Epoch  86/120 — train_loss: 0.3912  val_loss: 0.3067  freq: 1.2392  spend: -0.2792  w_freq: 0.436  w_spend: 0.640
Epoch  87/120 — train_loss: 0.3880  val_loss: 0.3152  freq: 1.2371  spend: -0.2636  w_freq: 0.436  w_spend: 0.640
Epoch  88/120 — train_loss: 0.3872  val_loss: 0.3085  freq: 1.2406  spend: -0.2757  w_freq: 0.436  w_spend: 0.641
Epoch  89/120 — train_loss: 0.3896  val_loss: 0.3047  freq: 1.2374  spend: -0.2786  w_freq: 0.436  w_spend: 0.641
Epoch  90/120 — train_loss: 0.3895  val_loss: 0.3126  freq: 1.2396  spend: -0.2671  w_freq: 0.435  w_spend: 0.642
Epoch  91/120 — train_loss: 0.3867  val_loss: 0.3058  freq: 1.2386  spend: -0.2761  w_freq: 0.435  w_spend: 0.642
Epoch  92/120 — train_loss: 0.3836  val_loss: 0.3033  freq: 1.2370  spend: -0.2781  w_freq: 0.435  w_spend: 0.643
Epoch  93/120 — train_loss: 0.3878  val_loss: 0.3027  freq: 1.2375  spend: -0.2784  w_freq: 0.435  w_spend: 0.643
Epoch  94/120 — train_loss: 0.3864  val_loss: 0.3004  freq: 1.2370  spend: -0.2810  w_freq: 0.435  w_spend: 0.644
Epoch  95/120 — train_loss: 0.3919  val_loss: 0.3021  freq: 1.2390  spend: -0.2787  w_freq: 0.435  w_spend: 0.644
Epoch  96/120 — train_loss: 0.3839  val_loss: 0.3062  freq: 1.2372  spend: -0.2705  w_freq: 0.434  w_spend: 0.645
Epoch  97/120 — train_loss: 0.3848  val_loss: 0.3045  freq: 1.2382  spend: -0.2730  w_freq: 0.434  w_spend: 0.645
Epoch  98/120 — train_loss: 0.3792  val_loss: 0.3007  freq: 1.2373  spend: -0.2778  w_freq: 0.434  w_spend: 0.645
Epoch  99/120 — train_loss: 0.3888  val_loss: 0.3036  freq: 1.2368  spend: -0.2723  w_freq: 0.434  w_spend: 0.646
Epoch 100/120 — train_loss: 0.3895  val_loss: 0.3038  freq: 1.2377  spend: -0.2722  w_freq: 0.434  w_spend: 0.646
Epoch 101/120 — train_loss: 0.3836  val_loss: 0.3035  freq: 1.2378  spend: -0.2723  w_freq: 0.434  w_spend: 0.646
Epoch 102/120 — train_loss: 0.3886  val_loss: 0.3021  freq: 1.2367  spend: -0.2733  w_freq: 0.434  w_spend: 0.647
Epoch 103/120 — train_loss: 0.3865  val_loss: 0.3032  freq: 1.2373  spend: -0.2716  w_freq: 0.434  w_spend: 0.647
Epoch 104/120 — train_loss: 0.3889  val_loss: 0.3019  freq: 1.2367  spend: -0.2729  w_freq: 0.433  w_spend: 0.647
Early stopping triggered at epoch 104.

Checkpoint saved: /kaggle/working/results/checkpoints/lstm_joint_dunnhumby_v7_seed42_sample.pt
Validation-fitted softmax temperature: 0.9000

Duan's smearing factor (val): 1.3977
Validation aggregate calibration: freq_factor=1.1477, spend_factor=0.9256

Running autoregressive inference on holdout period ...
  inference mode: sample  n_scenarios: 30  temperature: 0.9000

=== Prediction Diagnostics ===
  Mean predicted freq/week:    1.0797
  Mean actual freq/week:       1.1882
  Over-prediction ratio:       0.909x
  Customers predicted as zero total:  0.080
  Customers actually zero total:      0.188
  Non-zero rate (pred, avg > 0.05):  0.967
  Non-zero rate (true):               0.542

Metrics saved: /kaggle/working/results/tables/lstm_joint_dunnhumby_v7_seed42_sample_metrics.json
Array artifacts saved: /kaggle/working/results/tables/lstm_joint_dunnhumby_v7_seed42_sample_arrays.npz

=== Holdout Evaluation ===
  metric_definition_version: valendin_aggregate_mape_v1
  freq_rmse: 3.7700
  freq_mae: 2.2066
  freq_normalized_gini: 0.8370
  freq_calibration_factor: 1.1477
  freq_horizon_abs_bias_pct: 4.2900
  bias_pct: 4.2900
  freq_weekly_mae: 127.3272
  freq_weekly_total_true: 11872.0000
  freq_weekly_total_pred: 12381.3087
  freq_valendin_mape: 4.2900
  freq_horizon_bias_pct: 4.2900
  freq_weekly_mean_pct_mape: 4.3064
  freq_weekly_mean_pct_bias_pct: 4.3064
  freq_weekly_bias_pct: 4.2900
  freq_weekly_mape: 4.2900
  freq_mape: 4.2900
  freq_mase: 1.0340
  freq_mase_scale: 0.8235
  smearing_factor: 1.3977
  spend_calibration_factor: 0.9256
  spend_mae_raw: 63.4070
  spend_rmse_raw: 101.6724
  spend_normalized_gini: 0.8286
  spend_mae_log: 1.0664
  spend_rmse_log: 1.5378
  spend_r2_log: 0.4629
  spend_bias_pct: -5.0327
  spend_weekly_mae: 4367.4501
  spend_weekly_total_true: 347125.7605
  spend_weekly_total_pred: 329655.9603
  spend_valendin_mape: 5.0327
  spend_horizon_abs_bias_pct: 5.0327
  spend_horizon_bias_pct: -5.0327
  spend_weekly_mean_pct_mape: 4.8770
  spend_weekly_mean_pct_bias_pct: -4.8770
  spend_weekly_bias_pct: -5.0327
  spend_weekly_mape: 5.0327
  spend_mase: 0.9739
  spend_mase_scale: 27.5152
  clv_mae: 63.2395
  clv_rmse: 101.3968
  clv_spearman: 0.7883
  clv_decile_lift: 3.4156
  clv_normalized_gini: 0.8286
  clv_total_true: 346205.2188
  clv_total_pred: 328762.5312
  calibration_temperature_source: rolling_origin_autoregressive
  validation_temperature: 0.9000
  smearing_source: rolling_origin_autoregressive
  calibration_source: rolling_origin_autoregressive
  validation_freq_true_total: 2215.0000
  validation_freq_pred_total: 1929.9988
  validation_spend_true_total: 63355.4414
  validation_spend_pred_total: 68446.0352
  validation_freq_calibration_factor: 1.1477
  validation_spend_calibration_factor: 0.9256
  validation_rolling_origin_count: 2
  protocol_name: dunnhumby_configured_80x4
  cohort_size: 2498
  calibration_weeks: 80
  holdout_weeks: 4
  inference_mode: sample
  n_scenarios: 30
  final_manifest_version: 2026-05-29-v7-v8-extension3-sweep
  final_manifest_run_name: lstm_joint_dunnhumby_v7_seed42_sample
  final_manifest_config: experiments/configs/lstm_joint_dunnhumby_v7.yaml
  final_manifest_config_hash: c88179f736ba
  final_manifest_actual_config_hash: 01b2e3ef4faf
  final_manifest_seed: 42
  final_manifest_epochs: 120
  final_manifest_inference_mode: sample
  final_manifest_n_scenarios: 30
  run_valid: True
  run_invalid_reason: 
  run_warning: 
  epochs_completed: 104
  max_epochs_configured: 120
History saved: /kaggle/working/results/tables/lstm_joint_dunnhumby_v7_seed42_sample_history.json
