[Kaggle] raw_dir  → /kaggle/working/input/cdnow-dataset
[Kaggle] results  → /kaggle/working/results
Config: experiments/configs/lstm_joint_cdnow_v8.yaml
Run: lstm_joint_cdnow_v8_seed42_sample
Device: cuda
Loading dataset: cdnow ...
[pipeline] freq_bins from config: [0, 1, 2, 3]
  Train customers: 2115, Val: 234, Inference: 2349
[cdnow] Customers with 0 calibration transactions: 0 / 2349
  top-bin decode: class_values[-1] = 4.071 (max_trans = 3)
Model: lstm — 97,614 parameters

Training for up to 120 epochs ...
/kaggle/working/thesis-code/src/training/trainer.py:135: FutureWarning: `torch.cuda.amp.GradScaler(args...)` is deprecated. Please use `torch.amp.GradScaler('cuda', args...)` instead.
  self.scaler = torch.cuda.amp.GradScaler(enabled=self.amp_enabled)
[Kendall] log_vars frozen for 10 warm-up epochs.
Epoch   1/120 — train_loss: 8.9868  val_loss: 9.0027  freq: 6.9836  spend: 0.0219  w_freq: 1.359  w_spend: 0.500
Epoch   2/120 — train_loss: 8.5049  val_loss: 8.1092  freq: 6.3264  spend: 0.0214  w_freq: 1.359  w_spend: 0.500
Epoch   3/120 — train_loss: 7.6297  val_loss: 6.5524  freq: 5.1814  spend: 0.0202  w_freq: 1.359  w_spend: 0.500
Epoch   4/120 — train_loss: 5.4152  val_loss: 3.7762  freq: 3.1400  spend: 0.0171  w_freq: 1.359  w_spend: 0.500
Epoch   5/120 — train_loss: 2.1952  val_loss: 0.4924  freq: 0.7264  spend: 0.0101  w_freq: 1.359  w_spend: 0.500
Epoch   6/120 — train_loss: -0.0154  val_loss: -0.2061  freq: 0.2131  spend: 0.0084  w_freq: 1.359  w_spend: 0.500
Epoch   7/120 — train_loss: -0.2231  val_loss: -0.2824  freq: 0.1562  spend: 0.0105  w_freq: 1.359  w_spend: 0.500
Epoch   8/120 — train_loss: -0.2618  val_loss: -0.2983  freq: 0.1447  spend: 0.0100  w_freq: 1.359  w_spend: 0.500
Epoch   9/120 — train_loss: -0.2870  val_loss: -0.3074  freq: 0.1382  spend: 0.0095  w_freq: 1.359  w_spend: 0.500
Epoch  10/120 — train_loss: -0.2745  val_loss: -0.3114  freq: 0.1356  spend: 0.0085  w_freq: 1.359  w_spend: 0.500
[Kendall] log_vars unfrozen at epoch 11.
[spend-norm] frozen at 0.1948 (absolute val-loss magnitude shifts accordingly; early stopping is relative so this is safe)
Epoch  11/120 — train_loss: -0.2702  val_loss: -0.2932  freq: 0.1357  spend: 0.0488  w_freq: 1.359  w_spend: 0.501
Epoch  12/120 — train_loss: -0.2811  val_loss: -0.3036  freq: 0.1317  spend: 0.0432  w_freq: 1.359  w_spend: 0.503
Epoch  13/120 — train_loss: -0.2718  val_loss: -0.3031  freq: 0.1333  spend: 0.0437  w_freq: 1.359  w_spend: 0.505
Epoch  14/120 — train_loss: -0.2798  val_loss: -0.3086  freq: 0.1302  spend: 0.0449  w_freq: 1.359  w_spend: 0.507
Epoch  15/120 — train_loss: -0.2826  val_loss: -0.3094  freq: 0.1306  spend: 0.0462  w_freq: 1.359  w_spend: 0.509
Epoch  16/120 — train_loss: -0.2796  val_loss: -0.2970  freq: 0.1403  spend: 0.0480  w_freq: 1.359  w_spend: 0.511
Epoch  17/120 — train_loss: -0.2649  val_loss: -0.3121  freq: 0.1326  spend: 0.0421  w_freq: 1.359  w_spend: 0.513
Epoch  18/120 — train_loss: -0.2755  val_loss: -0.3165  freq: 0.1295  spend: 0.0447  w_freq: 1.359  w_spend: 0.515
Epoch  19/120 — train_loss: -0.2911  val_loss: -0.3142  freq: 0.1312  spend: 0.0481  w_freq: 1.359  w_spend: 0.517
Epoch  20/120 — train_loss: -0.2959  val_loss: -0.3231  freq: 0.1289  spend: 0.0405  w_freq: 1.359  w_spend: 0.519
Epoch  21/120 — train_loss: -0.2983  val_loss: -0.3144  freq: 0.1360  spend: 0.0427  w_freq: 1.359  w_spend: 0.521
Epoch  22/120 — train_loss: -0.2916  val_loss: -0.3247  freq: 0.1298  spend: 0.0427  w_freq: 1.359  w_spend: 0.523
Epoch  23/120 — train_loss: -0.2916  val_loss: -0.3285  freq: 0.1288  spend: 0.0413  w_freq: 1.359  w_spend: 0.525
Epoch  24/120 — train_loss: -0.2799  val_loss: -0.3275  freq: 0.1298  spend: 0.0441  w_freq: 1.359  w_spend: 0.527
Epoch  25/120 — train_loss: -0.3070  val_loss: -0.3292  freq: 0.1307  spend: 0.0420  w_freq: 1.359  w_spend: 0.529
Epoch  26/120 — train_loss: -0.3031  val_loss: -0.3342  freq: 0.1280  spend: 0.0427  w_freq: 1.359  w_spend: 0.531
Epoch  27/120 — train_loss: -0.3127  val_loss: -0.3345  freq: 0.1292  spend: 0.0431  w_freq: 1.359  w_spend: 0.533
Epoch  28/120 — train_loss: -0.3130  val_loss: -0.3212  freq: 0.1420  spend: 0.0393  w_freq: 1.359  w_spend: 0.535
Epoch  29/120 — train_loss: -0.3092  val_loss: -0.3337  freq: 0.1335  spend: 0.0413  w_freq: 1.359  w_spend: 0.538
Epoch  30/120 — train_loss: -0.3125  val_loss: -0.3323  freq: 0.1347  spend: 0.0442  w_freq: 1.359  w_spend: 0.540
Epoch  31/120 — train_loss: -0.3202  val_loss: -0.3398  freq: 0.1320  spend: 0.0403  w_freq: 1.359  w_spend: 0.542
Epoch  32/120 — train_loss: -0.3138  val_loss: -0.3391  freq: 0.1335  spend: 0.0409  w_freq: 1.359  w_spend: 0.544
Epoch  33/120 — train_loss: -0.3155  val_loss: -0.3488  freq: 0.1275  spend: 0.0410  w_freq: 1.359  w_spend: 0.546
Epoch  34/120 — train_loss: -0.3288  val_loss: -0.3455  freq: 0.1312  spend: 0.0405  w_freq: 1.359  w_spend: 0.547
Epoch  35/120 — train_loss: -0.3203  val_loss: -0.3529  freq: 0.1275  spend: 0.0394  w_freq: 1.359  w_spend: 0.549
Epoch  36/120 — train_loss: -0.3306  val_loss: -0.3571  freq: 0.1267  spend: 0.0366  w_freq: 1.359  w_spend: 0.551
Epoch  37/120 — train_loss: -0.3319  val_loss: -0.3499  freq: 0.1328  spend: 0.0383  w_freq: 1.359  w_spend: 0.553
Epoch  38/120 — train_loss: -0.3314  val_loss: -0.3545  freq: 0.1306  spend: 0.0385  w_freq: 1.359  w_spend: 0.555
Epoch  39/120 — train_loss: -0.3389  val_loss: -0.3585  freq: 0.1304  spend: 0.0352  w_freq: 1.359  w_spend: 0.557
Epoch  40/120 — train_loss: -0.3286  val_loss: -0.3638  freq: 0.1286  spend: 0.0328  w_freq: 1.359  w_spend: 0.559
Epoch  41/120 — train_loss: -0.3442  val_loss: -0.3647  freq: 0.1295  spend: 0.0316  w_freq: 1.359  w_spend: 0.561
Epoch  42/120 — train_loss: -0.3445  val_loss: -0.3712  freq: 0.1277  spend: 0.0269  w_freq: 1.359  w_spend: 0.563
Epoch  43/120 — train_loss: -0.3414  val_loss: -0.3762  freq: 0.1264  spend: 0.0237  w_freq: 1.359  w_spend: 0.564
Epoch  44/120 — train_loss: -0.3437  val_loss: -0.3557  freq: 0.1362  spend: 0.0387  w_freq: 1.359  w_spend: 0.566
Epoch  45/120 — train_loss: -0.3416  val_loss: -0.3628  freq: 0.1365  spend: 0.0279  w_freq: 1.359  w_spend: 0.568
Epoch  46/120 — train_loss: -0.3366  val_loss: -0.3741  freq: 0.1303  spend: 0.0253  w_freq: 1.359  w_spend: 0.569
Epoch  47/120 — train_loss: -0.3558  val_loss: -0.3802  freq: 0.1264  spend: 0.0262  w_freq: 1.359  w_spend: 0.571
Epoch  48/120 — train_loss: -0.3505  val_loss: -0.3891  freq: 0.1278  spend: 0.0098  w_freq: 1.359  w_spend: 0.572
Epoch  49/120 — train_loss: -0.3700  val_loss: -0.3888  freq: 0.1279  spend: 0.0125  w_freq: 1.359  w_spend: 0.574
Epoch  50/120 — train_loss: -0.3653  val_loss: -0.3847  freq: 0.1299  spend: 0.0169  w_freq: 1.359  w_spend: 0.576
Epoch  51/120 — train_loss: -0.3627  val_loss: -0.3929  freq: 0.1275  spend: 0.0102  w_freq: 1.359  w_spend: 0.577
Epoch  52/120 — train_loss: -0.3771  val_loss: -0.3865  freq: 0.1291  spend: 0.0194  w_freq: 1.359  w_spend: 0.578
Epoch  53/120 — train_loss: -0.3744  val_loss: -0.3934  freq: 0.1266  spend: 0.0151  w_freq: 1.359  w_spend: 0.579
Epoch  54/120 — train_loss: -0.3805  val_loss: -0.3996  freq: 0.1266  spend: 0.0061  w_freq: 1.359  w_spend: 0.581
Epoch  55/120 — train_loss: -0.3795  val_loss: -0.4114  freq: 0.1259  spend: -0.0107  w_freq: 1.359  w_spend: 0.582
Epoch  56/120 — train_loss: -0.3830  val_loss: -0.3997  freq: 0.1262  spend: 0.0102  w_freq: 1.359  w_spend: 0.583
Epoch  57/120 — train_loss: -0.3883  val_loss: -0.4138  freq: 0.1259  spend: -0.0119  w_freq: 1.359  w_spend: 0.584
Epoch  58/120 — train_loss: -0.3874  val_loss: -0.4128  freq: 0.1264  spend: -0.0092  w_freq: 1.359  w_spend: 0.585
Epoch  59/120 — train_loss: -0.3844  val_loss: -0.4140  freq: 0.1258  spend: -0.0084  w_freq: 1.359  w_spend: 0.586
Epoch  60/120 — train_loss: -0.3885  val_loss: -0.4167  freq: 0.1273  spend: -0.0149  w_freq: 1.359  w_spend: 0.587
Epoch  61/120 — train_loss: -0.3847  val_loss: -0.4201  freq: 0.1261  spend: -0.0164  w_freq: 1.359  w_spend: 0.588
Epoch  62/120 — train_loss: -0.3863  val_loss: -0.4204  freq: 0.1260  spend: -0.0157  w_freq: 1.359  w_spend: 0.589
Epoch  63/120 — train_loss: -0.3896  val_loss: -0.4222  freq: 0.1256  spend: -0.0163  w_freq: 1.359  w_spend: 0.590
Epoch  64/120 — train_loss: -0.3794  val_loss: -0.4140  freq: 0.1260  spend: -0.0022  w_freq: 1.359  w_spend: 0.591
Epoch  65/120 — train_loss: -0.3962  val_loss: -0.4145  freq: 0.1286  spend: -0.0079  w_freq: 1.359  w_spend: 0.592
Epoch  66/120 — train_loss: -0.3894  val_loss: -0.4227  freq: 0.1295  spend: -0.0223  w_freq: 1.359  w_spend: 0.593
Epoch  67/120 — train_loss: -0.3926  val_loss: -0.4257  freq: 0.1257  spend: -0.0175  w_freq: 1.359  w_spend: 0.594
Epoch  68/120 — train_loss: -0.3932  val_loss: -0.4161  freq: 0.1259  spend: -0.0006  w_freq: 1.359  w_spend: 0.594
Epoch  69/120 — train_loss: -0.3972  val_loss: -0.4201  freq: 0.1287  spend: -0.0128  w_freq: 1.359  w_spend: 0.595
Epoch  70/120 — train_loss: -0.3978  val_loss: -0.4264  freq: 0.1264  spend: -0.0171  w_freq: 1.359  w_spend: 0.596
Epoch  71/120 — train_loss: -0.3945  val_loss: -0.4284  freq: 0.1256  spend: -0.0173  w_freq: 1.359  w_spend: 0.597
Epoch  72/120 — train_loss: -0.4038  val_loss: -0.4296  freq: 0.1257  spend: -0.0184  w_freq: 1.359  w_spend: 0.597
Epoch  73/120 — train_loss: -0.4092  val_loss: -0.4298  freq: 0.1258  spend: -0.0175  w_freq: 1.359  w_spend: 0.598
Epoch  74/120 — train_loss: -0.3999  val_loss: -0.4245  freq: 0.1263  spend: -0.0087  w_freq: 1.359  w_spend: 0.599
Epoch  75/120 — train_loss: -0.4052  val_loss: -0.4322  freq: 0.1256  spend: -0.0189  w_freq: 1.359  w_spend: 0.600
Epoch  76/120 — train_loss: -0.4030  val_loss: -0.4351  freq: 0.1256  spend: -0.0225  w_freq: 1.359  w_spend: 0.601
Epoch  77/120 — train_loss: -0.4044  val_loss: -0.4251  freq: 0.1256  spend: -0.0051  w_freq: 1.359  w_spend: 0.602
Epoch  78/120 — train_loss: -0.4023  val_loss: -0.4316  freq: 0.1267  spend: -0.0173  w_freq: 1.359  w_spend: 0.602
Epoch  79/120 — train_loss: -0.4028  val_loss: -0.4336  freq: 0.1269  spend: -0.0202  w_freq: 1.359  w_spend: 0.603
Epoch  80/120 — train_loss: -0.4037  val_loss: -0.4345  freq: 0.1254  spend: -0.0176  w_freq: 1.359  w_spend: 0.603
Epoch  81/120 — train_loss: -0.4053  val_loss: -0.4328  freq: 0.1254  spend: -0.0139  w_freq: 1.359  w_spend: 0.604
Epoch  82/120 — train_loss: -0.4090  val_loss: -0.4330  freq: 0.1256  spend: -0.0135  w_freq: 1.359  w_spend: 0.605
Epoch  83/120 — train_loss: -0.4158  val_loss: -0.4367  freq: 0.1258  spend: -0.0194  w_freq: 1.359  w_spend: 0.605
Epoch  84/120 — train_loss: -0.4190  val_loss: -0.4374  freq: 0.1254  spend: -0.0191  w_freq: 1.359  w_spend: 0.606
Epoch  85/120 — train_loss: -0.4085  val_loss: -0.4342  freq: 0.1262  spend: -0.0147  w_freq: 1.359  w_spend: 0.606
Epoch  86/120 — train_loss: -0.4141  val_loss: -0.4384  freq: 0.1261  spend: -0.0205  w_freq: 1.359  w_spend: 0.607
Epoch  87/120 — train_loss: -0.4216  val_loss: -0.4380  freq: 0.1257  spend: -0.0184  w_freq: 1.359  w_spend: 0.608
Epoch  88/120 — train_loss: -0.4011  val_loss: -0.4403  freq: 0.1260  spend: -0.0221  w_freq: 1.359  w_spend: 0.608
Epoch  89/120 — train_loss: -0.4111  val_loss: -0.4393  freq: 0.1254  spend: -0.0185  w_freq: 1.359  w_spend: 0.609
Epoch  90/120 — train_loss: -0.4177  val_loss: -0.4398  freq: 0.1254  spend: -0.0187  w_freq: 1.359  w_spend: 0.609
Epoch  91/120 — train_loss: -0.4047  val_loss: -0.4409  freq: 0.1254  spend: -0.0201  w_freq: 1.359  w_spend: 0.610
Epoch  92/120 — train_loss: -0.4140  val_loss: -0.4392  freq: 0.1254  spend: -0.0167  w_freq: 1.359  w_spend: 0.610
Epoch  93/120 — train_loss: -0.4139  val_loss: -0.4409  freq: 0.1257  spend: -0.0196  w_freq: 1.359  w_spend: 0.610
Epoch  94/120 — train_loss: -0.4072  val_loss: -0.4413  freq: 0.1254  spend: -0.0192  w_freq: 1.359  w_spend: 0.611
Epoch  95/120 — train_loss: -0.4185  val_loss: -0.4393  freq: 0.1254  spend: -0.0154  w_freq: 1.359  w_spend: 0.611
Epoch  96/120 — train_loss: -0.4131  val_loss: -0.4425  freq: 0.1256  spend: -0.0206  w_freq: 1.359  w_spend: 0.611
Epoch  97/120 — train_loss: -0.4170  val_loss: -0.4402  freq: 0.1255  spend: -0.0163  w_freq: 1.359  w_spend: 0.611
Epoch  98/120 — train_loss: -0.4109  val_loss: -0.4432  freq: 0.1254  spend: -0.0209  w_freq: 1.359  w_spend: 0.612
Epoch  99/120 — train_loss: -0.4122  val_loss: -0.4422  freq: 0.1254  spend: -0.0188  w_freq: 1.359  w_spend: 0.612
Epoch 100/120 — train_loss: -0.4103  val_loss: -0.4407  freq: 0.1254  spend: -0.0163  w_freq: 1.359  w_spend: 0.612
Epoch 101/120 — train_loss: -0.4154  val_loss: -0.4430  freq: 0.1255  spend: -0.0200  w_freq: 1.359  w_spend: 0.612
Epoch 102/120 — train_loss: -0.4146  val_loss: -0.4429  freq: 0.1255  spend: -0.0195  w_freq: 1.359  w_spend: 0.612
Epoch 103/120 — train_loss: -0.4205  val_loss: -0.4422  freq: 0.1255  spend: -0.0181  w_freq: 1.359  w_spend: 0.613
Epoch 104/120 — train_loss: -0.4054  val_loss: -0.4425  freq: 0.1255  spend: -0.0185  w_freq: 1.359  w_spend: 0.613
Epoch 105/120 — train_loss: -0.4178  val_loss: -0.4437  freq: 0.1254  spend: -0.0200  w_freq: 1.359  w_spend: 0.613
Epoch 106/120 — train_loss: -0.4219  val_loss: -0.4439  freq: 0.1254  spend: -0.0203  w_freq: 1.359  w_spend: 0.613
Epoch 107/120 — train_loss: -0.4185  val_loss: -0.4435  freq: 0.1254  spend: -0.0194  w_freq: 1.359  w_spend: 0.613
Epoch 108/120 — train_loss: -0.4157  val_loss: -0.4441  freq: 0.1254  spend: -0.0203  w_freq: 1.359  w_spend: 0.613
Epoch 109/120 — train_loss: -0.4164  val_loss: -0.4437  freq: 0.1254  spend: -0.0196  w_freq: 1.359  w_spend: 0.613
Epoch 110/120 — train_loss: -0.4163  val_loss: -0.4433  freq: 0.1254  spend: -0.0188  w_freq: 1.359  w_spend: 0.613
Epoch 111/120 — train_loss: -0.4054  val_loss: -0.4434  freq: 0.1254  spend: -0.0190  w_freq: 1.359  w_spend: 0.613
Epoch 112/120 — train_loss: -0.4143  val_loss: -0.4437  freq: 0.1254  spend: -0.0193  w_freq: 1.359  w_spend: 0.613
Epoch 113/120 — train_loss: -0.4109  val_loss: -0.4436  freq: 0.1254  spend: -0.0192  w_freq: 1.359  w_spend: 0.613
Epoch 114/120 — train_loss: -0.4158  val_loss: -0.4435  freq: 0.1254  spend: -0.0190  w_freq: 1.359  w_spend: 0.614
Epoch 115/120 — train_loss: -0.4216  val_loss: -0.4435  freq: 0.1254  spend: -0.0189  w_freq: 1.359  w_spend: 0.614
Epoch 116/120 — train_loss: -0.4179  val_loss: -0.4435  freq: 0.1254  spend: -0.0190  w_freq: 1.359  w_spend: 0.614
Epoch 117/120 — train_loss: -0.4067  val_loss: -0.4435  freq: 0.1254  spend: -0.0189  w_freq: 1.359  w_spend: 0.614
Epoch 118/120 — train_loss: -0.4054  val_loss: -0.4436  freq: 0.1254  spend: -0.0190  w_freq: 1.359  w_spend: 0.614
Epoch 119/120 — train_loss: -0.4154  val_loss: -0.4436  freq: 0.1254  spend: -0.0191  w_freq: 1.359  w_spend: 0.614
Epoch 120/120 — train_loss: -0.4064  val_loss: -0.4436  freq: 0.1254  spend: -0.0191  w_freq: 1.359  w_spend: 0.614

Checkpoint saved: /kaggle/working/results/checkpoints/lstm_joint_cdnow_v8_seed42_sample.pt
Validation-fitted softmax temperature: 0.7500

Duan's smearing factor (val): 1.2414
Validation aggregate calibration: freq_factor=3.3681, spend_factor=2.8812

Running autoregressive inference on holdout period ...
  inference mode: sample  n_scenarios: 30  temperature: 0.7500

=== Prediction Diagnostics ===
  Mean predicted freq/week:    0.0030
  Mean actual freq/week:       0.0196
  Over-prediction ratio:       0.153x
  Customers predicted as zero total:  0.970
  Customers actually zero total:      0.781
  Non-zero rate (pred, avg > 0.05):  0.013
  Non-zero rate (true):               0.018

Metrics saved: /kaggle/working/results/tables/lstm_joint_cdnow_v8_seed42_sample_metrics.json
Array artifacts saved: /kaggle/working/results/tables/lstm_joint_cdnow_v8_seed42_sample_arrays.npz

=== Holdout Evaluation ===
  metric_definition_version: valendin_aggregate_mape_v1
  freq_rmse: 1.2696
  freq_mae: 0.5187
  freq_normalized_gini: 0.5212
  freq_calibration_factor: 3.3681
  freq_horizon_abs_bias_pct: 48.3597
  bias_pct: -48.3597
  freq_weekly_mae: 26.5589
  freq_weekly_total_true: 1196.0000
  freq_weekly_total_pred: 617.6177
  freq_valendin_mape: 57.7367
  freq_horizon_bias_pct: -48.3597
  freq_weekly_mean_pct_mape: 56.6702
  freq_weekly_mean_pct_bias_pct: -46.0383
  freq_weekly_bias_pct: -48.3597
  freq_weekly_mape: 57.7367
  freq_mape: 57.7367
  freq_mase: 0.3351
  freq_mase_scale: 0.0834
  smearing_factor: 1.2414
  spend_calibration_factor: 2.8812
  spend_mae_raw: 18.3095
  spend_rmse_raw: 51.0707
  spend_normalized_gini: 0.5653
  spend_mae_log: 1.2767
  spend_rmse_log: 1.7484
  spend_r2_log: -0.0545
  spend_bias_pct: -54.1327
  spend_weekly_mae: 996.9880
  spend_weekly_total_true: 43103.4400
  spend_weekly_total_pred: 19770.3759
  spend_valendin_mape: 60.1383
  spend_horizon_abs_bias_pct: 54.1327
  spend_horizon_bias_pct: -54.1327
  spend_weekly_mean_pct_mape: 59.2917
  spend_weekly_mean_pct_bias_pct: -50.9839
  spend_weekly_bias_pct: -54.1327
  spend_weekly_mape: 60.1383
  spend_mase: 0.5490
  spend_mase_scale: 1.7675
  clv_mae: 17.9242
  clv_rmse: 49.9720
  clv_spearman: 0.3122
  clv_decile_lift: 4.9466
  clv_normalized_gini: 0.5664
  clv_total_true: 42218.7344
  clv_total_pred: 19483.6133
  calibration_temperature_source: rolling_origin_autoregressive
  validation_temperature: 0.7500
  smearing_source: rolling_origin_autoregressive
  calibration_source: rolling_origin_autoregressive
  validation_freq_true_total: 120.0000
  validation_freq_pred_total: 35.6286
  validation_spend_true_total: 4587.6401
  validation_spend_pred_total: 1592.2818
  validation_freq_calibration_factor: 3.3681
  validation_spend_calibration_factor: 2.8812
  validation_rolling_origin_count: 2
  protocol_name: cdnow_sample_52x26
  cohort_size: 2349
  calibration_weeks: 52
  holdout_weeks: 26
  inference_mode: sample
  n_scenarios: 30
  final_manifest_version: 2026-05-29-v7-v8-extension3-sweep
  final_manifest_run_name: lstm_joint_cdnow_v8_seed42_sample
  final_manifest_config: experiments/configs/lstm_joint_cdnow_v8.yaml
  final_manifest_config_hash: e83cfad5cee4
  final_manifest_actual_config_hash: 31bcec1f2ee0
  final_manifest_seed: 42
  final_manifest_epochs: 120
  final_manifest_inference_mode: sample
  final_manifest_n_scenarios: 30
  run_valid: False
  run_invalid_reason: absolute frequency bias -48.4% exceeds 15.0%; absolute spend bias -54.1% exceeds 50.0%
  run_warning: large frequency bias (-48.4%); large spend bias (-54.1%)
  epochs_completed: 120
  max_epochs_configured: 120
History saved: /kaggle/working/results/tables/lstm_joint_cdnow_v8_seed42_sample_history.json
