[Kaggle] raw_dir  → /kaggle/working/input/cdnow-dataset
[Kaggle] results  → /kaggle/working/results
Config: experiments/configs/lstm_joint_cdnow_v7.yaml
Run: lstm_joint_cdnow_v7_seed7_sample
Device: cuda
Loading dataset: cdnow ...
[pipeline] freq_bins from config: [0, 1, 2, 3]
  Train customers: 2115, Val: 234, Inference: 2349
[cdnow] Customers with 0 calibration transactions: 0 / 2349
  top-bin decode: class_values[-1] = 4.071 (max_trans = 3)
Model: lstm — 97,614 parameters

Training for up to 120 epochs ...
/kaggle/working/thesis-code/src/training/trainer.py:135: FutureWarning: `torch.cuda.amp.GradScaler(args...)` is deprecated. Please use `torch.amp.GradScaler('cuda', args...)` instead.
  self.scaler = torch.cuda.amp.GradScaler(enabled=self.amp_enabled)
[Kendall] log_vars frozen for 5 warm-up epochs.
Epoch   1/120 — train_loss: 3.6782  val_loss: 3.5661  freq: 7.1103  spend: 0.0219  w_freq: 0.500  w_spend: 0.500
Epoch   2/120 — train_loss: 3.5828  val_loss: 3.2563  freq: 6.4910  spend: 0.0217  w_freq: 0.500  w_spend: 0.500
Epoch   3/120 — train_loss: 3.0233  val_loss: 2.7309  freq: 5.4408  spend: 0.0209  w_freq: 0.500  w_spend: 0.500
Epoch   4/120 — train_loss: 2.4567  val_loss: 1.8212  freq: 3.6239  spend: 0.0184  w_freq: 0.500  w_spend: 0.500
Epoch   5/120 — train_loss: 1.1982  val_loss: 0.4909  freq: 0.9707  spend: 0.0112  w_freq: 0.500  w_spend: 0.500
[Kendall] log_vars unfrozen at epoch 6.
[spend-norm] frozen at 0.2362 (absolute val-loss magnitude shifts accordingly; early stopping is relative so this is safe)
Epoch   6/120 — train_loss: 0.2684  val_loss: 0.1167  freq: 0.2058  spend: 0.0335  w_freq: 0.500  w_spend: 0.501
Epoch   7/120 — train_loss: 0.1457  val_loss: 0.1235  freq: 0.2172  spend: 0.0436  w_freq: 0.502  w_spend: 0.503
Epoch   8/120 — train_loss: 0.1155  val_loss: 0.0818  freq: 0.1435  spend: 0.0432  w_freq: 0.505  w_spend: 0.505
Epoch   9/120 — train_loss: 0.0943  val_loss: 0.0725  freq: 0.1417  spend: 0.0352  w_freq: 0.507  w_spend: 0.508
Epoch  10/120 — train_loss: 0.0863  val_loss: 0.0671  freq: 0.1404  spend: 0.0348  w_freq: 0.510  w_spend: 0.510
Epoch  11/120 — train_loss: 0.0774  val_loss: 0.0604  freq: 0.1372  spend: 0.0340  w_freq: 0.512  w_spend: 0.513
Epoch  12/120 — train_loss: 0.0769  val_loss: 0.0574  freq: 0.1361  spend: 0.0379  w_freq: 0.515  w_spend: 0.515
Epoch  13/120 — train_loss: 0.0824  val_loss: 0.0520  freq: 0.1361  spend: 0.0355  w_freq: 0.517  w_spend: 0.518
Epoch  14/120 — train_loss: 0.0705  val_loss: 0.0470  freq: 0.1337  spend: 0.0359  w_freq: 0.520  w_spend: 0.520
Epoch  15/120 — train_loss: 0.0633  val_loss: 0.0423  freq: 0.1325  spend: 0.0361  w_freq: 0.522  w_spend: 0.522
Epoch  16/120 — train_loss: 0.0593  val_loss: 0.0376  freq: 0.1334  spend: 0.0341  w_freq: 0.524  w_spend: 0.525
Epoch  17/120 — train_loss: 0.0564  val_loss: 0.0338  freq: 0.1310  spend: 0.0370  w_freq: 0.527  w_spend: 0.527
Epoch  18/120 — train_loss: 0.0535  val_loss: 0.0303  freq: 0.1320  spend: 0.0371  w_freq: 0.529  w_spend: 0.529
Epoch  19/120 — train_loss: 0.0454  val_loss: 0.0251  freq: 0.1325  spend: 0.0343  w_freq: 0.531  w_spend: 0.532
Epoch  20/120 — train_loss: 0.0399  val_loss: 0.0206  freq: 0.1297  spend: 0.0366  w_freq: 0.534  w_spend: 0.534
Epoch  21/120 — train_loss: 0.0352  val_loss: 0.0150  freq: 0.1294  spend: 0.0342  w_freq: 0.536  w_spend: 0.537
Epoch  22/120 — train_loss: 0.0305  val_loss: 0.0133  freq: 0.1329  spend: 0.0350  w_freq: 0.539  w_spend: 0.539
Epoch  23/120 — train_loss: 0.0269  val_loss: 0.0083  freq: 0.1309  spend: 0.0351  w_freq: 0.541  w_spend: 0.541
Epoch  24/120 — train_loss: 0.0263  val_loss: 0.0030  freq: 0.1305  spend: 0.0329  w_freq: 0.544  w_spend: 0.544
Epoch  25/120 — train_loss: 0.0193  val_loss: -0.0001  freq: 0.1307  spend: 0.0339  w_freq: 0.546  w_spend: 0.546
Epoch  26/120 — train_loss: 0.0227  val_loss: -0.0049  freq: 0.1287  spend: 0.0338  w_freq: 0.548  w_spend: 0.548
Epoch  27/120 — train_loss: 0.0177  val_loss: -0.0081  freq: 0.1296  spend: 0.0337  w_freq: 0.550  w_spend: 0.550
Epoch  28/120 — train_loss: 0.0035  val_loss: -0.0136  freq: 0.1281  spend: 0.0321  w_freq: 0.553  w_spend: 0.553
Epoch  29/120 — train_loss: -0.0004  val_loss: -0.0182  freq: 0.1280  spend: 0.0308  w_freq: 0.555  w_spend: 0.555
Epoch  30/120 — train_loss: 0.0007  val_loss: -0.0221  freq: 0.1279  spend: 0.0307  w_freq: 0.557  w_spend: 0.557
Epoch  31/120 — train_loss: -0.0073  val_loss: -0.0251  freq: 0.1277  spend: 0.0320  w_freq: 0.559  w_spend: 0.560
Epoch  32/120 — train_loss: -0.0132  val_loss: -0.0279  freq: 0.1335  spend: 0.0279  w_freq: 0.562  w_spend: 0.562
Epoch  33/120 — train_loss: -0.0146  val_loss: -0.0360  freq: 0.1279  spend: 0.0256  w_freq: 0.564  w_spend: 0.564
Epoch  34/120 — train_loss: -0.0238  val_loss: -0.0420  freq: 0.1273  spend: 0.0219  w_freq: 0.566  w_spend: 0.566
Epoch  35/120 — train_loss: -0.0229  val_loss: -0.0504  freq: 0.1271  spend: 0.0136  w_freq: 0.568  w_spend: 0.569
Epoch  36/120 — train_loss: -0.0298  val_loss: -0.0596  freq: 0.1264  spend: 0.0036  w_freq: 0.570  w_spend: 0.571
Epoch  37/120 — train_loss: -0.0371  val_loss: -0.0589  freq: 0.1262  spend: 0.0096  w_freq: 0.572  w_spend: 0.573
Epoch  38/120 — train_loss: -0.0505  val_loss: -0.0590  freq: 0.1288  spend: 0.0111  w_freq: 0.574  w_spend: 0.574
Epoch  39/120 — train_loss: -0.0497  val_loss: -0.0683  freq: 0.1264  spend: 0.0020  w_freq: 0.575  w_spend: 0.576
Epoch  40/120 — train_loss: -0.0479  val_loss: -0.0722  freq: 0.1263  spend: -0.0005  w_freq: 0.577  w_spend: 0.577
Epoch  41/120 — train_loss: -0.0581  val_loss: -0.0730  freq: 0.1311  spend: -0.0022  w_freq: 0.578  w_spend: 0.579
Epoch  42/120 — train_loss: -0.0550  val_loss: -0.0839  freq: 0.1266  spend: -0.0126  w_freq: 0.580  w_spend: 0.580
Epoch  43/120 — train_loss: -0.0630  val_loss: -0.0786  freq: 0.1276  spend: -0.0006  w_freq: 0.581  w_spend: 0.582
Epoch  44/120 — train_loss: -0.0667  val_loss: -0.0850  freq: 0.1283  spend: -0.0084  w_freq: 0.583  w_spend: 0.583
Epoch  45/120 — train_loss: -0.0656  val_loss: -0.0898  freq: 0.1262  spend: -0.0108  w_freq: 0.584  w_spend: 0.585
Epoch  46/120 — train_loss: -0.0770  val_loss: -0.0805  freq: 0.1288  spend: 0.0061  w_freq: 0.585  w_spend: 0.586
Epoch  47/120 — train_loss: -0.0617  val_loss: -0.0883  freq: 0.1258  spend: -0.0008  w_freq: 0.587  w_spend: 0.588
Epoch  48/120 — train_loss: -0.0732  val_loss: -0.0949  freq: 0.1288  spend: -0.0122  w_freq: 0.588  w_spend: 0.589
Epoch  49/120 — train_loss: -0.0785  val_loss: -0.0991  freq: 0.1278  spend: -0.0150  w_freq: 0.589  w_spend: 0.590
Epoch  50/120 — train_loss: -0.0793  val_loss: -0.1021  freq: 0.1263  spend: -0.0149  w_freq: 0.590  w_spend: 0.591
Epoch  51/120 — train_loss: -0.0839  val_loss: -0.0930  freq: 0.1279  spend: 0.0027  w_freq: 0.592  w_spend: 0.593
Epoch  52/120 — train_loss: -0.0799  val_loss: -0.0945  freq: 0.1355  spend: -0.0042  w_freq: 0.593  w_spend: 0.594
Epoch  53/120 — train_loss: -0.0839  val_loss: -0.0984  freq: 0.1264  spend: 0.0011  w_freq: 0.594  w_spend: 0.595
Epoch  54/120 — train_loss: -0.0843  val_loss: -0.1097  freq: 0.1255  spend: -0.0143  w_freq: 0.595  w_spend: 0.596
Epoch  55/120 — train_loss: -0.0854  val_loss: -0.1104  freq: 0.1255  spend: -0.0127  w_freq: 0.596  w_spend: 0.597
Epoch  56/120 — train_loss: -0.0922  val_loss: -0.1141  freq: 0.1254  spend: -0.0159  w_freq: 0.597  w_spend: 0.598
Epoch  57/120 — train_loss: -0.0948  val_loss: -0.1116  freq: 0.1271  spend: -0.0102  w_freq: 0.598  w_spend: 0.600
Epoch  58/120 — train_loss: -0.0876  val_loss: -0.1162  freq: 0.1276  spend: -0.0155  w_freq: 0.599  w_spend: 0.601
Epoch  59/120 — train_loss: -0.0955  val_loss: -0.1191  freq: 0.1254  spend: -0.0155  w_freq: 0.600  w_spend: 0.602
Epoch  60/120 — train_loss: -0.0974  val_loss: -0.1195  freq: 0.1264  spend: -0.0141  w_freq: 0.601  w_spend: 0.603
Epoch  61/120 — train_loss: -0.0986  val_loss: -0.1234  freq: 0.1261  spend: -0.0173  w_freq: 0.603  w_spend: 0.604
Epoch  62/120 — train_loss: -0.1011  val_loss: -0.1254  freq: 0.1253  spend: -0.0168  w_freq: 0.604  w_spend: 0.605
Epoch  63/120 — train_loss: -0.1036  val_loss: -0.1274  freq: 0.1257  spend: -0.0174  w_freq: 0.605  w_spend: 0.607
Epoch  64/120 — train_loss: -0.1125  val_loss: -0.1291  freq: 0.1259  spend: -0.0173  w_freq: 0.606  w_spend: 0.608
Epoch  65/120 — train_loss: -0.1141  val_loss: -0.1315  freq: 0.1256  spend: -0.0180  w_freq: 0.607  w_spend: 0.609
Epoch  66/120 — train_loss: -0.1149  val_loss: -0.1339  freq: 0.1252  spend: -0.0186  w_freq: 0.608  w_spend: 0.610
Epoch  67/120 — train_loss: -0.1166  val_loss: -0.1343  freq: 0.1256  spend: -0.0169  w_freq: 0.610  w_spend: 0.611
Epoch  68/120 — train_loss: -0.1088  val_loss: -0.1358  freq: 0.1254  spend: -0.0166  w_freq: 0.611  w_spend: 0.613
Epoch  69/120 — train_loss: -0.1174  val_loss: -0.1363  freq: 0.1254  spend: -0.0151  w_freq: 0.611  w_spend: 0.613
Epoch  70/120 — train_loss: -0.1113  val_loss: -0.1370  freq: 0.1258  spend: -0.0143  w_freq: 0.612  w_spend: 0.614
Epoch  71/120 — train_loss: -0.1221  val_loss: -0.1388  freq: 0.1269  spend: -0.0164  w_freq: 0.613  w_spend: 0.615
Epoch  72/120 — train_loss: -0.1244  val_loss: -0.1409  freq: 0.1257  spend: -0.0166  w_freq: 0.614  w_spend: 0.616
Epoch  73/120 — train_loss: -0.1182  val_loss: -0.1439  freq: 0.1254  spend: -0.0188  w_freq: 0.615  w_spend: 0.617
Epoch  74/120 — train_loss: -0.1250  val_loss: -0.1445  freq: 0.1264  spend: -0.0186  w_freq: 0.616  w_spend: 0.618
Epoch  75/120 — train_loss: -0.1227  val_loss: -0.1445  freq: 0.1256  spend: -0.0156  w_freq: 0.617  w_spend: 0.619
Epoch  76/120 — train_loss: -0.1227  val_loss: -0.1458  freq: 0.1252  spend: -0.0152  w_freq: 0.618  w_spend: 0.620
Epoch  77/120 — train_loss: -0.1298  val_loss: -0.1475  freq: 0.1256  spend: -0.0164  w_freq: 0.618  w_spend: 0.621
Epoch  78/120 — train_loss: -0.1270  val_loss: -0.1464  freq: 0.1267  spend: -0.0138  w_freq: 0.619  w_spend: 0.621
Epoch  79/120 — train_loss: -0.1308  val_loss: -0.1463  freq: 0.1250  spend: -0.0106  w_freq: 0.620  w_spend: 0.622
Epoch  80/120 — train_loss: -0.1300  val_loss: -0.1499  freq: 0.1250  spend: -0.0148  w_freq: 0.620  w_spend: 0.623
Epoch  81/120 — train_loss: -0.1309  val_loss: -0.1511  freq: 0.1255  spend: -0.0160  w_freq: 0.621  w_spend: 0.623
Epoch  82/120 — train_loss: -0.1326  val_loss: -0.1465  freq: 0.1251  spend: -0.0071  w_freq: 0.621  w_spend: 0.624
Epoch  83/120 — train_loss: -0.1299  val_loss: -0.1536  freq: 0.1249  spend: -0.0169  w_freq: 0.622  w_spend: 0.624
Epoch  84/120 — train_loss: -0.1337  val_loss: -0.1543  freq: 0.1250  spend: -0.0169  w_freq: 0.622  w_spend: 0.625
Epoch  85/120 — train_loss: -0.1359  val_loss: -0.1535  freq: 0.1252  spend: -0.0148  w_freq: 0.623  w_spend: 0.625
Epoch  86/120 — train_loss: -0.1300  val_loss: -0.1558  freq: 0.1250  spend: -0.0170  w_freq: 0.623  w_spend: 0.626
Epoch  87/120 — train_loss: -0.1335  val_loss: -0.1563  freq: 0.1251  spend: -0.0166  w_freq: 0.624  w_spend: 0.627
Epoch  88/120 — train_loss: -0.1372  val_loss: -0.1554  freq: 0.1253  spend: -0.0141  w_freq: 0.625  w_spend: 0.627
Epoch  89/120 — train_loss: -0.1316  val_loss: -0.1579  freq: 0.1256  spend: -0.0173  w_freq: 0.625  w_spend: 0.628
Epoch  90/120 — train_loss: -0.1397  val_loss: -0.1577  freq: 0.1252  spend: -0.0156  w_freq: 0.625  w_spend: 0.628
Epoch  91/120 — train_loss: -0.1388  val_loss: -0.1596  freq: 0.1251  spend: -0.0176  w_freq: 0.626  w_spend: 0.628
Epoch  92/120 — train_loss: -0.1401  val_loss: -0.1603  freq: 0.1251  spend: -0.0177  w_freq: 0.626  w_spend: 0.629
Epoch  93/120 — train_loss: -0.1411  val_loss: -0.1614  freq: 0.1250  spend: -0.0183  w_freq: 0.627  w_spend: 0.629
Epoch  94/120 — train_loss: -0.1407  val_loss: -0.1623  freq: 0.1252  spend: -0.0190  w_freq: 0.627  w_spend: 0.630
Epoch  95/120 — train_loss: -0.1400  val_loss: -0.1630  freq: 0.1253  spend: -0.0195  w_freq: 0.627  w_spend: 0.630
Epoch  96/120 — train_loss: -0.1403  val_loss: -0.1629  freq: 0.1250  spend: -0.0183  w_freq: 0.628  w_spend: 0.630
Epoch  97/120 — train_loss: -0.1449  val_loss: -0.1636  freq: 0.1250  spend: -0.0187  w_freq: 0.628  w_spend: 0.631
Epoch  98/120 — train_loss: -0.1321  val_loss: -0.1641  freq: 0.1248  spend: -0.0188  w_freq: 0.628  w_spend: 0.631
Epoch  99/120 — train_loss: -0.1446  val_loss: -0.1647  freq: 0.1249  spend: -0.0192  w_freq: 0.629  w_spend: 0.631
Epoch 100/120 — train_loss: -0.1439  val_loss: -0.1643  freq: 0.1249  spend: -0.0181  w_freq: 0.629  w_spend: 0.631
Epoch 101/120 — train_loss: -0.1434  val_loss: -0.1651  freq: 0.1249  spend: -0.0188  w_freq: 0.629  w_spend: 0.632
Epoch 102/120 — train_loss: -0.1461  val_loss: -0.1648  freq: 0.1249  spend: -0.0180  w_freq: 0.629  w_spend: 0.632
Epoch 103/120 — train_loss: -0.1441  val_loss: -0.1656  freq: 0.1248  spend: -0.0187  w_freq: 0.629  w_spend: 0.632
Epoch 104/120 — train_loss: -0.1436  val_loss: -0.1659  freq: 0.1251  spend: -0.0192  w_freq: 0.629  w_spend: 0.632
Epoch 105/120 — train_loss: -0.1405  val_loss: -0.1654  freq: 0.1252  spend: -0.0182  w_freq: 0.630  w_spend: 0.632
Epoch 106/120 — train_loss: -0.1484  val_loss: -0.1657  freq: 0.1252  spend: -0.0185  w_freq: 0.630  w_spend: 0.632
Epoch 107/120 — train_loss: -0.1453  val_loss: -0.1659  freq: 0.1251  spend: -0.0183  w_freq: 0.630  w_spend: 0.633
Epoch 108/120 — train_loss: -0.1438  val_loss: -0.1661  freq: 0.1253  spend: -0.0187  w_freq: 0.630  w_spend: 0.633
Epoch 109/120 — train_loss: -0.1396  val_loss: -0.1662  freq: 0.1251  spend: -0.0185  w_freq: 0.630  w_spend: 0.633
Epoch 110/120 — train_loss: -0.1456  val_loss: -0.1662  freq: 0.1252  spend: -0.0186  w_freq: 0.630  w_spend: 0.633
Epoch 111/120 — train_loss: -0.1470  val_loss: -0.1664  freq: 0.1252  spend: -0.0187  w_freq: 0.630  w_spend: 0.633
Epoch 112/120 — train_loss: -0.1398  val_loss: -0.1665  freq: 0.1251  spend: -0.0187  w_freq: 0.630  w_spend: 0.633
Epoch 113/120 — train_loss: -0.1458  val_loss: -0.1666  freq: 0.1251  spend: -0.0187  w_freq: 0.630  w_spend: 0.633
Epoch 114/120 — train_loss: -0.1459  val_loss: -0.1666  freq: 0.1251  spend: -0.0187  w_freq: 0.630  w_spend: 0.633
Epoch 115/120 — train_loss: -0.1406  val_loss: -0.1667  freq: 0.1251  spend: -0.0188  w_freq: 0.630  w_spend: 0.633
Epoch 116/120 — train_loss: -0.1406  val_loss: -0.1668  freq: 0.1251  spend: -0.0189  w_freq: 0.630  w_spend: 0.633
Epoch 117/120 — train_loss: -0.1454  val_loss: -0.1668  freq: 0.1251  spend: -0.0189  w_freq: 0.630  w_spend: 0.633
Epoch 118/120 — train_loss: -0.1425  val_loss: -0.1668  freq: 0.1251  spend: -0.0189  w_freq: 0.630  w_spend: 0.633
Epoch 119/120 — train_loss: -0.1478  val_loss: -0.1668  freq: 0.1251  spend: -0.0189  w_freq: 0.630  w_spend: 0.633
Epoch 120/120 — train_loss: -0.1433  val_loss: -0.1668  freq: 0.1251  spend: -0.0189  w_freq: 0.630  w_spend: 0.633

Checkpoint saved: /kaggle/working/results/checkpoints/lstm_joint_cdnow_v7_seed7_sample.pt
Validation-fitted softmax temperature: 0.7500

Duan's smearing factor (val): 1.2675
Validation aggregate calibration: freq_factor=4.3822, spend_factor=3.7424

Running autoregressive inference on holdout period ...
  inference mode: sample  n_scenarios: 30  temperature: 0.7500

=== Prediction Diagnostics ===
  Mean predicted freq/week:    0.0023
  Mean actual freq/week:       0.0196
  Over-prediction ratio:       0.117x
  Customers predicted as zero total:  0.985
  Customers actually zero total:      0.781
  Non-zero rate (pred, avg > 0.05):  0.008
  Non-zero rate (true):               0.018

Metrics saved: /kaggle/working/results/tables/lstm_joint_cdnow_v7_seed7_sample_metrics.json
Array artifacts saved: /kaggle/working/results/tables/lstm_joint_cdnow_v7_seed7_sample_arrays.npz

=== Holdout Evaluation ===
  metric_definition_version: valendin_aggregate_mape_v1
  freq_rmse: 1.3243
  freq_mae: 0.5465
  freq_normalized_gini: 0.5198
  freq_calibration_factor: 4.3822
  freq_horizon_abs_bias_pct: 48.8859
  bias_pct: -48.8859
  freq_weekly_mae: 24.7963
  freq_weekly_total_true: 1196.0000
  freq_weekly_total_pred: 611.3242
  freq_valendin_mape: 53.9051
  freq_horizon_bias_pct: -48.8859
  freq_weekly_mean_pct_mape: 53.3509
  freq_weekly_mean_pct_bias_pct: -46.4302
  freq_weekly_bias_pct: -48.8859
  freq_weekly_mape: 53.9051
  freq_mape: 53.9051
  freq_mase: 0.3405
  freq_mase_scale: 0.0834
  smearing_factor: 1.2675
  spend_calibration_factor: 3.7424
  spend_mae_raw: 19.3971
  spend_rmse_raw: 52.7640
  spend_normalized_gini: 0.5727
  spend_mae_log: 1.3891
  spend_rmse_log: 1.8314
  spend_r2_log: -0.1571
  spend_bias_pct: -51.8868
  spend_weekly_mae: 938.6796
  spend_weekly_total_true: 43103.4400
  spend_weekly_total_pred: 20738.4576
  spend_valendin_mape: 56.6212
  spend_horizon_abs_bias_pct: 51.8868
  spend_horizon_bias_pct: -51.8868
  spend_weekly_mean_pct_mape: 56.4611
  spend_weekly_mean_pct_bias_pct: -47.8157
  spend_weekly_bias_pct: -51.8868
  spend_weekly_mape: 56.6212
  spend_mase: 0.5682
  spend_mase_scale: 1.7675
  clv_mae: 18.9927
  clv_rmse: 51.6528
  clv_spearman: 0.2844
  clv_decile_lift: 4.7047
  clv_normalized_gini: 0.5732
  clv_total_true: 42218.7344
  clv_total_pred: 20407.7969
  calibration_temperature_source: rolling_origin_autoregressive
  validation_temperature: 0.7500
  smearing_source: rolling_origin_autoregressive
  calibration_source: rolling_origin_autoregressive
  validation_freq_true_total: 120.0000
  validation_freq_pred_total: 27.3836
  validation_spend_true_total: 4587.6401
  validation_spend_pred_total: 1225.8488
  validation_freq_calibration_factor: 4.3822
  validation_spend_calibration_factor: 3.7424
  validation_rolling_origin_count: 2
  protocol_name: cdnow_sample_52x26
  cohort_size: 2349
  calibration_weeks: 52
  holdout_weeks: 26
  inference_mode: sample
  n_scenarios: 30
  final_manifest_version: 2026-05-29-v7-v8-extension3-sweep
  final_manifest_run_name: lstm_joint_cdnow_v7_seed7_sample
  final_manifest_config: experiments/configs/lstm_joint_cdnow_v7.yaml
  final_manifest_config_hash: 58dba097329f
  final_manifest_actual_config_hash: ce6790f432aa
  final_manifest_seed: 7
  final_manifest_epochs: 120
  final_manifest_inference_mode: sample
  final_manifest_n_scenarios: 30
  run_valid: False
  run_invalid_reason: absolute frequency bias -48.9% exceeds 15.0%; absolute spend bias -51.9% exceeds 50.0%
  run_warning: large frequency bias (-48.9%); large spend bias (-51.9%)
  epochs_completed: 120
  max_epochs_configured: 120
History saved: /kaggle/working/results/tables/lstm_joint_cdnow_v7_seed7_sample_history.json
