[Kaggle] raw_dir  → /kaggle/working/input/dunnhumby
[Kaggle] results  → /kaggle/working/results
Config: experiments/configs/lstm_joint_dunnhumby_v7.yaml
Run: lstm_joint_dunnhumby_v7_seed7_sample
Device: cuda
Loading dataset: dunnhumby ...
[pipeline] freq_cap=10 (auto q=0.99) → freq_bins=[0, 1, 2, 3]... (n_classes=11)
  Train customers: 2249, Val: 249, Inference: 2498
[dunnhumby] Customers with 0 calibration transactions: 0 / 2498
  top-bin decode: class_values[-1] = 13.099 (max_trans = 10)
Model: lstm — 99,577 parameters

Training for up to 120 epochs ...
/kaggle/working/thesis-code/src/training/trainer.py:135: FutureWarning: `torch.cuda.amp.GradScaler(args...)` is deprecated. Please use `torch.amp.GradScaler('cuda', args...)` instead.
  self.scaler = torch.cuda.amp.GradScaler(enabled=self.amp_enabled)
[Kendall] log_vars frozen for 5 warm-up epochs.
Epoch   1/120 — train_loss: 1.6841  val_loss: 1.7001  freq: 3.1508  spend: 0.2494  w_freq: 0.500  w_spend: 0.500
Epoch   2/120 — train_loss: 1.6617  val_loss: 1.6635  freq: 3.0798  spend: 0.2471  w_freq: 0.500  w_spend: 0.500
Epoch   3/120 — train_loss: 1.6132  val_loss: 1.5902  freq: 2.9390  spend: 0.2413  w_freq: 0.500  w_spend: 0.500
Epoch   4/120 — train_loss: 1.5086  val_loss: 1.4109  freq: 2.5994  spend: 0.2224  w_freq: 0.500  w_spend: 0.500
Epoch   5/120 — train_loss: 1.2095  val_loss: 0.8783  freq: 1.6044  spend: 0.1521  w_freq: 0.500  w_spend: 0.500
[Kendall] log_vars unfrozen at epoch 6.
[spend-norm] frozen at 0.2348 (absolute val-loss magnitude shifts accordingly; early stopping is relative so this is safe)
Epoch   6/120 — train_loss: 1.2016  val_loss: 1.0464  freq: 1.5179  spend: 0.5780  w_freq: 0.499  w_spend: 0.501
Epoch   7/120 — train_loss: 1.0886  val_loss: 0.9936  freq: 1.3876  spend: 0.6052  w_freq: 0.497  w_spend: 0.502
Epoch   8/120 — train_loss: 1.0009  val_loss: 0.8920  freq: 1.3494  spend: 0.4452  w_freq: 0.495  w_spend: 0.504
Epoch   9/120 — train_loss: 0.9271  val_loss: 0.8081  freq: 1.3419  spend: 0.2920  w_freq: 0.493  w_spend: 0.507
Epoch  10/120 — train_loss: 0.8338  val_loss: 0.7157  freq: 1.3390  spend: 0.1198  w_freq: 0.490  w_spend: 0.510
Epoch  11/120 — train_loss: 0.7362  val_loss: 0.6433  freq: 1.3469  spend: -0.0220  w_freq: 0.488  w_spend: 0.513
Epoch  12/120 — train_loss: 0.6775  val_loss: 0.5962  freq: 1.3492  spend: -0.1072  w_freq: 0.486  w_spend: 0.516
Epoch  13/120 — train_loss: 0.6367  val_loss: 0.5622  freq: 1.3582  spend: -0.1723  w_freq: 0.483  w_spend: 0.519
Epoch  14/120 — train_loss: 0.6150  val_loss: 0.5431  freq: 1.3553  spend: -0.1987  w_freq: 0.481  w_spend: 0.523
Epoch  15/120 — train_loss: 0.5994  val_loss: 0.5267  freq: 1.3428  spend: -0.2116  w_freq: 0.479  w_spend: 0.525
Epoch  16/120 — train_loss: 0.5846  val_loss: 0.5111  freq: 1.3305  spend: -0.2230  w_freq: 0.477  w_spend: 0.528
Epoch  17/120 — train_loss: 0.5674  val_loss: 0.5039  freq: 1.3184  spend: -0.2183  w_freq: 0.475  w_spend: 0.531
Epoch  18/120 — train_loss: 0.5560  val_loss: 0.4897  freq: 1.3079  spend: -0.2286  w_freq: 0.473  w_spend: 0.534
Epoch  19/120 — train_loss: 0.5467  val_loss: 0.4835  freq: 1.3005  spend: -0.2286  w_freq: 0.471  w_spend: 0.536
Epoch  20/120 — train_loss: 0.5367  val_loss: 0.4737  freq: 1.2961  spend: -0.2381  w_freq: 0.470  w_spend: 0.538
Epoch  21/120 — train_loss: 0.5236  val_loss: 0.4657  freq: 1.2936  spend: -0.2442  w_freq: 0.469  w_spend: 0.541
Epoch  22/120 — train_loss: 0.5206  val_loss: 0.4604  freq: 1.2926  spend: -0.2469  w_freq: 0.467  w_spend: 0.543
Epoch  23/120 — train_loss: 0.5098  val_loss: 0.4528  freq: 1.2843  spend: -0.2481  w_freq: 0.466  w_spend: 0.546
Epoch  24/120 — train_loss: 0.5019  val_loss: 0.4439  freq: 1.2766  spend: -0.2522  w_freq: 0.465  w_spend: 0.548
Epoch  25/120 — train_loss: 0.4969  val_loss: 0.4367  freq: 1.2730  spend: -0.2574  w_freq: 0.463  w_spend: 0.550
Epoch  26/120 — train_loss: 0.4914  val_loss: 0.4334  freq: 1.2696  spend: -0.2554  w_freq: 0.462  w_spend: 0.553
Epoch  27/120 — train_loss: 0.4860  val_loss: 0.4238  freq: 1.2670  spend: -0.2655  w_freq: 0.461  w_spend: 0.555
Epoch  28/120 — train_loss: 0.4815  val_loss: 0.4224  freq: 1.2639  spend: -0.2606  w_freq: 0.460  w_spend: 0.557
Epoch  29/120 — train_loss: 0.4770  val_loss: 0.4129  freq: 1.2605  spend: -0.2699  w_freq: 0.459  w_spend: 0.559
Epoch  30/120 — train_loss: 0.4661  val_loss: 0.4071  freq: 1.2580  spend: -0.2725  w_freq: 0.458  w_spend: 0.562
Epoch  31/120 — train_loss: 0.4619  val_loss: 0.4077  freq: 1.2538  spend: -0.2628  w_freq: 0.457  w_spend: 0.564
Epoch  32/120 — train_loss: 0.4671  val_loss: 0.4025  freq: 1.2548  spend: -0.2683  w_freq: 0.455  w_spend: 0.566
Epoch  33/120 — train_loss: 0.4584  val_loss: 0.3942  freq: 1.2514  spend: -0.2769  w_freq: 0.455  w_spend: 0.568
Epoch  34/120 — train_loss: 0.4530  val_loss: 0.3920  freq: 1.2523  spend: -0.2772  w_freq: 0.454  w_spend: 0.570
Epoch  35/120 — train_loss: 0.4452  val_loss: 0.3851  freq: 1.2486  spend: -0.2813  w_freq: 0.453  w_spend: 0.572
Epoch  36/120 — train_loss: 0.4458  val_loss: 0.3798  freq: 1.2458  spend: -0.2840  w_freq: 0.452  w_spend: 0.574
Epoch  37/120 — train_loss: 0.4365  val_loss: 0.3763  freq: 1.2445  spend: -0.2849  w_freq: 0.451  w_spend: 0.576
Epoch  38/120 — train_loss: 0.4381  val_loss: 0.3732  freq: 1.2453  spend: -0.2868  w_freq: 0.450  w_spend: 0.578
Epoch  39/120 — train_loss: 0.4374  val_loss: 0.3732  freq: 1.2448  spend: -0.2828  w_freq: 0.449  w_spend: 0.580
Epoch  40/120 — train_loss: 0.4295  val_loss: 0.3671  freq: 1.2431  spend: -0.2886  w_freq: 0.449  w_spend: 0.582
Epoch  41/120 — train_loss: 0.4270  val_loss: 0.3621  freq: 1.2416  spend: -0.2916  w_freq: 0.448  w_spend: 0.584
Epoch  42/120 — train_loss: 0.4218  val_loss: 0.3623  freq: 1.2403  spend: -0.2860  w_freq: 0.447  w_spend: 0.586
Epoch  43/120 — train_loss: 0.4173  val_loss: 0.3529  freq: 1.2389  spend: -0.2970  w_freq: 0.446  w_spend: 0.588
Epoch  44/120 — train_loss: 0.4150  val_loss: 0.3528  freq: 1.2388  spend: -0.2924  w_freq: 0.445  w_spend: 0.590
Epoch  45/120 — train_loss: 0.4117  val_loss: 0.3455  freq: 1.2389  spend: -0.3006  w_freq: 0.445  w_spend: 0.592
Epoch  46/120 — train_loss: 0.4086  val_loss: 0.3442  freq: 1.2393  spend: -0.2987  w_freq: 0.444  w_spend: 0.594
Epoch  47/120 — train_loss: 0.4056  val_loss: 0.3395  freq: 1.2381  spend: -0.3019  w_freq: 0.443  w_spend: 0.596
Epoch  48/120 — train_loss: 0.4029  val_loss: 0.3344  freq: 1.2349  spend: -0.3045  w_freq: 0.442  w_spend: 0.598
Epoch  49/120 — train_loss: 0.4012  val_loss: 0.3323  freq: 1.2336  spend: -0.3034  w_freq: 0.441  w_spend: 0.600
Epoch  50/120 — train_loss: 0.3982  val_loss: 0.3329  freq: 1.2337  spend: -0.2986  w_freq: 0.441  w_spend: 0.602
Epoch  51/120 — train_loss: 0.3950  val_loss: 0.3269  freq: 1.2338  spend: -0.3051  w_freq: 0.440  w_spend: 0.604
Epoch  52/120 — train_loss: 0.3954  val_loss: 0.3275  freq: 1.2338  spend: -0.3011  w_freq: 0.439  w_spend: 0.606
Epoch  53/120 — train_loss: 0.3922  val_loss: 0.3309  freq: 1.2328  spend: -0.2917  w_freq: 0.439  w_spend: 0.607
Epoch  54/120 — train_loss: 0.3892  val_loss: 0.3295  freq: 1.2343  spend: -0.2922  w_freq: 0.438  w_spend: 0.609
Epoch  55/120 — train_loss: 0.3862  val_loss: 0.3174  freq: 1.2325  spend: -0.3077  w_freq: 0.438  w_spend: 0.610
Epoch  56/120 — train_loss: 0.3834  val_loss: 0.3187  freq: 1.2333  spend: -0.3031  w_freq: 0.437  w_spend: 0.612
Epoch  57/120 — train_loss: 0.3837  val_loss: 0.3143  freq: 1.2308  spend: -0.3060  w_freq: 0.437  w_spend: 0.614
Epoch  58/120 — train_loss: 0.3866  val_loss: 0.3092  freq: 1.2299  spend: -0.3114  w_freq: 0.436  w_spend: 0.615
Epoch  59/120 — train_loss: 0.3798  val_loss: 0.3096  freq: 1.2310  spend: -0.3091  w_freq: 0.436  w_spend: 0.616
Epoch  60/120 — train_loss: 0.3797  val_loss: 0.3061  freq: 1.2297  spend: -0.3111  w_freq: 0.435  w_spend: 0.617
Epoch  61/120 — train_loss: 0.3742  val_loss: 0.3108  freq: 1.2293  spend: -0.3002  w_freq: 0.435  w_spend: 0.619
Epoch  62/120 — train_loss: 0.3761  val_loss: 0.3037  freq: 1.2296  spend: -0.3089  w_freq: 0.434  w_spend: 0.621
Epoch  63/120 — train_loss: 0.3720  val_loss: 0.2996  freq: 1.2297  spend: -0.3126  w_freq: 0.434  w_spend: 0.622
Epoch  64/120 — train_loss: 0.3669  val_loss: 0.2964  freq: 1.2280  spend: -0.3136  w_freq: 0.433  w_spend: 0.624
Epoch  65/120 — train_loss: 0.3662  val_loss: 0.2987  freq: 1.2284  spend: -0.3074  w_freq: 0.433  w_spend: 0.625
Epoch  66/120 — train_loss: 0.3661  val_loss: 0.2953  freq: 1.2271  spend: -0.3095  w_freq: 0.432  w_spend: 0.627
Epoch  67/120 — train_loss: 0.3672  val_loss: 0.2898  freq: 1.2279  spend: -0.3165  w_freq: 0.432  w_spend: 0.628
Epoch  68/120 — train_loss: 0.3622  val_loss: 0.2881  freq: 1.2273  spend: -0.3167  w_freq: 0.431  w_spend: 0.629
Epoch  69/120 — train_loss: 0.3590  val_loss: 0.3006  freq: 1.2287  spend: -0.2959  w_freq: 0.431  w_spend: 0.631
Epoch  70/120 — train_loss: 0.3577  val_loss: 0.2933  freq: 1.2276  spend: -0.3048  w_freq: 0.431  w_spend: 0.632
Epoch  71/120 — train_loss: 0.3568  val_loss: 0.2858  freq: 1.2305  spend: -0.3167  w_freq: 0.430  w_spend: 0.633
Epoch  72/120 — train_loss: 0.3585  val_loss: 0.2864  freq: 1.2269  spend: -0.3112  w_freq: 0.430  w_spend: 0.634
Epoch  73/120 — train_loss: 0.3568  val_loss: 0.2947  freq: 1.2269  spend: -0.2961  w_freq: 0.430  w_spend: 0.635
Epoch  74/120 — train_loss: 0.3626  val_loss: 0.2873  freq: 1.2268  spend: -0.3059  w_freq: 0.429  w_spend: 0.636
Epoch  75/120 — train_loss: 0.3579  val_loss: 0.2832  freq: 1.2248  spend: -0.3094  w_freq: 0.429  w_spend: 0.637
Epoch  76/120 — train_loss: 0.3567  val_loss: 0.2879  freq: 1.2294  spend: -0.3038  w_freq: 0.429  w_spend: 0.638
Epoch  77/120 — train_loss: 0.3545  val_loss: 0.2805  freq: 1.2253  spend: -0.3111  w_freq: 0.428  w_spend: 0.639
Epoch  78/120 — train_loss: 0.3514  val_loss: 0.2776  freq: 1.2247  spend: -0.3136  w_freq: 0.428  w_spend: 0.640
Epoch  79/120 — train_loss: 0.3550  val_loss: 0.2772  freq: 1.2267  spend: -0.3140  w_freq: 0.428  w_spend: 0.641
Epoch  80/120 — train_loss: 0.3535  val_loss: 0.2833  freq: 1.2249  spend: -0.3022  w_freq: 0.428  w_spend: 0.641
Epoch  81/120 — train_loss: 0.3545  val_loss: 0.2782  freq: 1.2247  spend: -0.3087  w_freq: 0.427  w_spend: 0.642
Epoch  82/120 — train_loss: 0.3552  val_loss: 0.2847  freq: 1.2262  spend: -0.2985  w_freq: 0.427  w_spend: 0.643
Epoch  83/120 — train_loss: 0.3520  val_loss: 0.2835  freq: 1.2261  spend: -0.2991  w_freq: 0.427  w_spend: 0.643
Epoch  84/120 — train_loss: 0.3542  val_loss: 0.2743  freq: 1.2249  spend: -0.3115  w_freq: 0.427  w_spend: 0.644
Epoch  85/120 — train_loss: 0.3538  val_loss: 0.2748  freq: 1.2252  spend: -0.3098  w_freq: 0.426  w_spend: 0.645
Epoch  86/120 — train_loss: 0.3479  val_loss: 0.2750  freq: 1.2258  spend: -0.3088  w_freq: 0.426  w_spend: 0.645
Epoch  87/120 — train_loss: 0.3500  val_loss: 0.2762  freq: 1.2250  spend: -0.3055  w_freq: 0.426  w_spend: 0.646
Epoch  88/120 — train_loss: 0.3472  val_loss: 0.2770  freq: 1.2252  spend: -0.3034  w_freq: 0.426  w_spend: 0.647
Epoch  89/120 — train_loss: 0.3535  val_loss: 0.2786  freq: 1.2248  spend: -0.3000  w_freq: 0.426  w_spend: 0.647
Epoch  90/120 — train_loss: 0.3543  val_loss: 0.2786  freq: 1.2252  spend: -0.2996  w_freq: 0.426  w_spend: 0.647
Epoch  91/120 — train_loss: 0.3510  val_loss: 0.2685  freq: 1.2246  spend: -0.3141  w_freq: 0.425  w_spend: 0.648
Epoch  92/120 — train_loss: 0.3511  val_loss: 0.2826  freq: 1.2258  spend: -0.2923  w_freq: 0.425  w_spend: 0.648
Epoch  93/120 — train_loss: 0.3461  val_loss: 0.2715  freq: 1.2240  spend: -0.3075  w_freq: 0.425  w_spend: 0.649
Epoch  94/120 — train_loss: 0.3486  val_loss: 0.2747  freq: 1.2261  spend: -0.3032  w_freq: 0.425  w_spend: 0.649
Epoch  95/120 — train_loss: 0.3509  val_loss: 0.2746  freq: 1.2245  spend: -0.3017  w_freq: 0.425  w_spend: 0.650
Epoch  96/120 — train_loss: 0.3483  val_loss: 0.2746  freq: 1.2247  spend: -0.3011  w_freq: 0.425  w_spend: 0.650
Epoch  97/120 — train_loss: 0.3462  val_loss: 0.2735  freq: 1.2248  spend: -0.3023  w_freq: 0.425  w_spend: 0.650
Epoch  98/120 — train_loss: 0.3417  val_loss: 0.2715  freq: 1.2243  spend: -0.3044  w_freq: 0.425  w_spend: 0.651
Epoch  99/120 — train_loss: 0.3475  val_loss: 0.2737  freq: 1.2246  spend: -0.3007  w_freq: 0.424  w_spend: 0.651
Epoch 100/120 — train_loss: 0.3496  val_loss: 0.2754  freq: 1.2248  spend: -0.2978  w_freq: 0.424  w_spend: 0.651
Epoch 101/120 — train_loss: 0.3548  val_loss: 0.2759  freq: 1.2248  spend: -0.2966  w_freq: 0.424  w_spend: 0.652
Epoch 102/120 — train_loss: 0.3512  val_loss: 0.2708  freq: 1.2252  spend: -0.3045  w_freq: 0.424  w_spend: 0.652
Epoch 103/120 — train_loss: 0.3508  val_loss: 0.2760  freq: 1.2246  spend: -0.2958  w_freq: 0.424  w_spend: 0.652
Epoch 104/120 — train_loss: 0.3495  val_loss: 0.2716  freq: 1.2248  spend: -0.3024  w_freq: 0.424  w_spend: 0.652
Epoch 105/120 — train_loss: 0.3510  val_loss: 0.2746  freq: 1.2248  spend: -0.2976  w_freq: 0.424  w_spend: 0.652
Epoch 106/120 — train_loss: 0.3519  val_loss: 0.2735  freq: 1.2250  spend: -0.2991  w_freq: 0.424  w_spend: 0.652
Epoch 107/120 — train_loss: 0.3522  val_loss: 0.2774  freq: 1.2249  spend: -0.2929  w_freq: 0.424  w_spend: 0.653
Epoch 108/120 — train_loss: 0.3509  val_loss: 0.2759  freq: 1.2254  spend: -0.2954  w_freq: 0.424  w_spend: 0.653
Epoch 109/120 — train_loss: 0.3540  val_loss: 0.2743  freq: 1.2251  spend: -0.2975  w_freq: 0.424  w_spend: 0.653
Epoch 110/120 — train_loss: 0.3541  val_loss: 0.2753  freq: 1.2250  spend: -0.2957  w_freq: 0.424  w_spend: 0.653
Epoch 111/120 — train_loss: 0.3571  val_loss: 0.2773  freq: 1.2251  spend: -0.2927  w_freq: 0.424  w_spend: 0.653
Early stopping triggered at epoch 111.

Checkpoint saved: /kaggle/working/results/checkpoints/lstm_joint_dunnhumby_v7_seed7_sample.pt
Validation-fitted softmax temperature: 0.7500

Duan's smearing factor (val): 1.4700
Validation aggregate calibration: freq_factor=1.3122, spend_factor=0.9524

Running autoregressive inference on holdout period ...
  inference mode: sample  n_scenarios: 30  temperature: 0.7500

=== Prediction Diagnostics ===
  Mean predicted freq/week:    1.0202
  Mean actual freq/week:       1.1882
  Over-prediction ratio:       0.859x
  Customers predicted as zero total:  0.149
  Customers actually zero total:      0.188
  Non-zero rate (pred, avg > 0.05):  0.925
  Non-zero rate (true):               0.542

Metrics saved: /kaggle/working/results/tables/lstm_joint_dunnhumby_v7_seed7_sample_metrics.json
Array artifacts saved: /kaggle/working/results/tables/lstm_joint_dunnhumby_v7_seed7_sample_arrays.npz

=== Holdout Evaluation ===
  metric_definition_version: valendin_aggregate_mape_v1
  freq_rmse: 3.8206
  freq_mae: 2.2845
  freq_normalized_gini: 0.8409
  freq_calibration_factor: 1.3122
  freq_horizon_abs_bias_pct: 12.6741
  bias_pct: 12.6741
  freq_weekly_mae: 376.1684
  freq_weekly_total_true: 11872.0000
  freq_weekly_total_pred: 13376.6735
  freq_valendin_mape: 12.6741
  freq_horizon_bias_pct: 12.6741
  freq_weekly_mean_pct_mape: 12.6998
  freq_weekly_mean_pct_bias_pct: 12.6998
  freq_weekly_bias_pct: 12.6741
  freq_weekly_mape: 12.6741
  freq_mape: 12.6741
  freq_mase: 1.0460
  freq_mase_scale: 0.8235
  smearing_factor: 1.4700
  spend_calibration_factor: 0.9524
  spend_mae_raw: 64.5018
  spend_rmse_raw: 104.0684
  spend_normalized_gini: 0.8270
  spend_mae_log: 1.0253
  spend_rmse_log: 1.4539
  spend_r2_log: 0.5199
  spend_bias_pct: -0.9548
  spend_weekly_mae: 2781.1312
  spend_weekly_total_true: 347125.7605
  spend_weekly_total_pred: 343811.3026
  spend_valendin_mape: 3.2048
  spend_horizon_abs_bias_pct: 0.9548
  spend_horizon_bias_pct: -0.9548
  spend_weekly_mean_pct_mape: 3.1701
  spend_weekly_mean_pct_bias_pct: -0.8195
  spend_weekly_bias_pct: -0.9548
  spend_weekly_mape: 3.2048
  spend_mase: 0.9729
  spend_mase_scale: 27.5152
  clv_mae: 64.3266
  clv_rmse: 103.7854
  clv_spearman: 0.7913
  clv_decile_lift: 3.3645
  clv_normalized_gini: 0.8270
  clv_total_true: 346205.2188
  clv_total_pred: 342895.7500
  calibration_temperature_source: rolling_origin_autoregressive
  validation_temperature: 0.7500
  smearing_source: rolling_origin_autoregressive
  calibration_source: rolling_origin_autoregressive
  validation_freq_true_total: 2215.0000
  validation_freq_pred_total: 1688.0278
  validation_spend_true_total: 63355.4414
  validation_spend_pred_total: 66520.4453
  validation_freq_calibration_factor: 1.3122
  validation_spend_calibration_factor: 0.9524
  validation_rolling_origin_count: 2
  protocol_name: dunnhumby_configured_80x4
  cohort_size: 2498
  calibration_weeks: 80
  holdout_weeks: 4
  inference_mode: sample
  n_scenarios: 30
  final_manifest_version: 2026-05-29-v7-v8-extension3-sweep
  final_manifest_run_name: lstm_joint_dunnhumby_v7_seed7_sample
  final_manifest_config: experiments/configs/lstm_joint_dunnhumby_v7.yaml
  final_manifest_config_hash: c88179f736ba
  final_manifest_actual_config_hash: 36a3fd1382e3
  final_manifest_seed: 7
  final_manifest_epochs: 120
  final_manifest_inference_mode: sample
  final_manifest_n_scenarios: 30
  run_valid: True
  run_invalid_reason: 
  run_warning: 
  epochs_completed: 111
  max_epochs_configured: 120
History saved: /kaggle/working/results/tables/lstm_joint_dunnhumby_v7_seed7_sample_history.json
