[Kaggle] raw_dir  → /kaggle/working/input/cdnow-dataset
[Kaggle] results  → /kaggle/working/results
Config: experiments/configs/lstm_joint_cdnow_full.yaml
Run: lstm_joint_cdnow_full_seed42_sample
Device: cuda
Loading dataset: cdnow ...
[pipeline] freq_bins from config: [0, 1, 2, 3]
  Train customers: 21152, Val: 2350, Inference: 23502
[cdnow] Customers with 0 calibration transactions: 0 / 23502
  top-bin decode: class_values[-1] = 3.670 (max_trans = 3)
Model: lstm — 97,614 parameters

Training for up to 120 epochs ...
/kaggle/working/thesis-code/src/training/trainer.py:135: FutureWarning: `torch.cuda.amp.GradScaler(args...)` is deprecated. Please use `torch.amp.GradScaler('cuda', args...)` instead.
  self.scaler = torch.cuda.amp.GradScaler(enabled=self.amp_enabled)
[Kendall] log_vars frozen for 10 warm-up epochs.
Epoch   1/120 — train_loss: 8.0406  val_loss: 6.2845  freq: 4.9836  spend: 0.0221  w_freq: 1.359  w_spend: 0.500
Epoch   2/120 — train_loss: 1.3544  val_loss: -0.2903  freq: 0.1494  spend: 0.0135  w_freq: 1.359  w_spend: 0.500
Epoch   3/120 — train_loss: -0.2964  val_loss: -0.3131  freq: 0.1326  spend: 0.0132  w_freq: 1.359  w_spend: 0.500
Epoch   4/120 — train_loss: -0.3003  val_loss: -0.3178  freq: 0.1292  spend: 0.0131  w_freq: 1.359  w_spend: 0.500
Epoch   5/120 — train_loss: -0.3041  val_loss: -0.3188  freq: 0.1285  spend: 0.0129  w_freq: 1.359  w_spend: 0.500
Epoch   6/120 — train_loss: -0.3075  val_loss: -0.3222  freq: 0.1261  spend: 0.0127  w_freq: 1.359  w_spend: 0.500
Epoch   7/120 — train_loss: -0.3108  val_loss: -0.3263  freq: 0.1233  spend: 0.0124  w_freq: 1.359  w_spend: 0.500
Epoch   8/120 — train_loss: -0.3101  val_loss: -0.3256  freq: 0.1240  spend: 0.0116  w_freq: 1.359  w_spend: 0.500
Epoch   9/120 — train_loss: -0.3137  val_loss: -0.3189  freq: 0.1291  spend: 0.0112  w_freq: 1.359  w_spend: 0.500
Epoch  10/120 — train_loss: -0.3137  val_loss: -0.3263  freq: 0.1241  spend: 0.0100  w_freq: 1.359  w_spend: 0.500
[Kendall] log_vars unfrozen at epoch 11.
[spend-norm] frozen at 0.1385 (absolute val-loss magnitude shifts accordingly; early stopping is relative so this is safe)
Epoch  11/120 — train_loss: -0.3078  val_loss: -0.3264  freq: 0.1293  spend: 0.0304  w_freq: 1.359  w_spend: 0.509
Epoch  12/120 — train_loss: -0.3399  val_loss: -0.3507  freq: 0.1234  spend: 0.0296  w_freq: 1.359  w_spend: 0.527
Epoch  13/120 — train_loss: -0.3652  val_loss: -0.3922  freq: 0.1220  spend: -0.0088  w_freq: 1.359  w_spend: 0.545
Epoch  14/120 — train_loss: -0.3864  val_loss: -0.4057  freq: 0.1237  spend: -0.0011  w_freq: 1.359  w_spend: 0.567
Epoch  15/120 — train_loss: -0.4129  val_loss: -0.4332  freq: 0.1225  spend: -0.0078  w_freq: 1.359  w_spend: 0.591
Epoch  16/120 — train_loss: -0.4327  val_loss: -0.4500  freq: 0.1245  spend: -0.0078  w_freq: 1.359  w_spend: 0.616
Epoch  17/120 — train_loss: -0.4549  val_loss: -0.4724  freq: 0.1220  spend: -0.0052  w_freq: 1.359  w_spend: 0.641
Epoch  18/120 — train_loss: -0.4767  val_loss: -0.4982  freq: 0.1215  spend: -0.0124  w_freq: 1.359  w_spend: 0.668
Epoch  19/120 — train_loss: -0.5007  val_loss: -0.5096  freq: 0.1258  spend: -0.0057  w_freq: 1.359  w_spend: 0.696
Epoch  20/120 — train_loss: -0.5204  val_loss: -0.5426  freq: 0.1220  spend: -0.0152  w_freq: 1.359  w_spend: 0.726
Epoch  21/120 — train_loss: -0.5435  val_loss: -0.5632  freq: 0.1212  spend: -0.0142  w_freq: 1.359  w_spend: 0.757
Epoch  22/120 — train_loss: -0.5621  val_loss: -0.5743  freq: 0.1252  spend: -0.0098  w_freq: 1.359  w_spend: 0.788
Epoch  23/120 — train_loss: -0.5836  val_loss: -0.5982  freq: 0.1247  spend: -0.0151  w_freq: 1.359  w_spend: 0.817
Epoch  24/120 — train_loss: -0.6017  val_loss: -0.6220  freq: 0.1213  spend: -0.0152  w_freq: 1.359  w_spend: 0.848
Epoch  25/120 — train_loss: -0.6224  val_loss: -0.6292  freq: 0.1249  spend: -0.0067  w_freq: 1.359  w_spend: 0.881
Epoch  26/120 — train_loss: -0.6432  val_loss: -0.6607  freq: 0.1209  spend: -0.0145  w_freq: 1.359  w_spend: 0.915
Epoch  27/120 — train_loss: -0.6628  val_loss: -0.6747  freq: 0.1225  spend: -0.0120  w_freq: 1.359  w_spend: 0.949
Epoch  28/120 — train_loss: -0.6808  val_loss: -0.6945  freq: 0.1208  spend: -0.0112  w_freq: 1.359  w_spend: 0.984
Epoch  29/120 — train_loss: -0.6986  val_loss: -0.7059  freq: 0.1242  spend: -0.0105  w_freq: 1.359  w_spend: 1.018
Epoch  30/120 — train_loss: -0.7151  val_loss: -0.7366  freq: 0.1204  spend: -0.0186  w_freq: 1.359  w_spend: 1.052
Epoch  31/120 — train_loss: -0.7373  val_loss: -0.7521  freq: 0.1214  spend: -0.0158  w_freq: 1.359  w_spend: 1.091
Epoch  32/120 — train_loss: -0.7506  val_loss: -0.7719  freq: 0.1212  spend: -0.0184  w_freq: 1.359  w_spend: 1.130
Epoch  33/120 — train_loss: -0.7734  val_loss: -0.7820  freq: 0.1210  spend: -0.0116  w_freq: 1.359  w_spend: 1.168
Epoch  34/120 — train_loss: -0.7897  val_loss: -0.8027  freq: 0.1211  spend: -0.0146  w_freq: 1.359  w_spend: 1.208
Epoch  35/120 — train_loss: -0.8080  val_loss: -0.8177  freq: 0.1209  spend: -0.0142  w_freq: 1.359  w_spend: 1.246
Epoch  36/120 — train_loss: -0.8252  val_loss: -0.8351  freq: 0.1211  spend: -0.0147  w_freq: 1.359  w_spend: 1.287
Epoch  37/120 — train_loss: -0.8402  val_loss: -0.8539  freq: 0.1221  spend: -0.0172  w_freq: 1.359  w_spend: 1.328
Epoch  38/120 — train_loss: -0.8578  val_loss: -0.8756  freq: 0.1204  spend: -0.0192  w_freq: 1.359  w_spend: 1.373
Epoch  39/120 — train_loss: -0.8747  val_loss: -0.8902  freq: 0.1202  spend: -0.0186  w_freq: 1.359  w_spend: 1.414
Epoch  40/120 — train_loss: -0.8913  val_loss: -0.9107  freq: 0.1201  spend: -0.0215  w_freq: 1.359  w_spend: 1.456
Epoch  41/120 — train_loss: -0.9061  val_loss: -0.9212  freq: 0.1215  spend: -0.0194  w_freq: 1.359  w_spend: 1.501
Epoch  42/120 — train_loss: -0.9251  val_loss: -0.9401  freq: 0.1219  spend: -0.0216  w_freq: 1.359  w_spend: 1.546
Epoch  43/120 — train_loss: -0.9375  val_loss: -0.9437  freq: 0.1244  spend: -0.0168  w_freq: 1.359  w_spend: 1.592
Epoch  44/120 — train_loss: -0.9552  val_loss: -0.9708  freq: 0.1206  spend: -0.0206  w_freq: 1.359  w_spend: 1.637
Epoch  45/120 — train_loss: -0.9699  val_loss: -0.9853  freq: 0.1204  spend: -0.0207  w_freq: 1.359  w_spend: 1.684
Epoch  46/120 — train_loss: -0.9838  val_loss: -0.9968  freq: 0.1207  spend: -0.0197  w_freq: 1.359  w_spend: 1.728
Epoch  47/120 — train_loss: -0.9958  val_loss: -1.0029  freq: 0.1201  spend: -0.0156  w_freq: 1.359  w_spend: 1.770
Epoch  48/120 — train_loss: -1.0109  val_loss: -1.0267  freq: 0.1206  spend: -0.0213  w_freq: 1.359  w_spend: 1.816
Epoch  49/120 — train_loss: -1.0303  val_loss: -1.0326  freq: 0.1200  spend: -0.0169  w_freq: 1.359  w_spend: 1.863
Epoch  50/120 — train_loss: -1.0414  val_loss: -1.0523  freq: 0.1200  spend: -0.0204  w_freq: 1.359  w_spend: 1.909
Epoch  51/120 — train_loss: -1.0526  val_loss: -1.0637  freq: 0.1209  spend: -0.0206  w_freq: 1.359  w_spend: 1.954
Epoch  52/120 — train_loss: -1.0674  val_loss: -1.0740  freq: 0.1224  spend: -0.0210  w_freq: 1.359  w_spend: 1.997
Epoch  53/120 — train_loss: -1.0761  val_loss: -1.0707  freq: 0.1254  spend: -0.0150  w_freq: 1.359  w_spend: 2.044
Epoch  54/120 — train_loss: -1.0897  val_loss: -1.0996  freq: 0.1217  spend: -0.0211  w_freq: 1.359  w_spend: 2.091
Epoch  55/120 — train_loss: -1.1056  val_loss: -1.1073  freq: 0.1205  spend: -0.0179  w_freq: 1.359  w_spend: 2.138
Epoch  56/120 — train_loss: -1.1161  val_loss: -1.1311  freq: 0.1196  spend: -0.0232  w_freq: 1.359  w_spend: 2.185
Epoch  57/120 — train_loss: -1.1308  val_loss: -1.1336  freq: 0.1200  spend: -0.0194  w_freq: 1.359  w_spend: 2.230
Epoch  58/120 — train_loss: -1.1418  val_loss: -1.1427  freq: 0.1195  spend: -0.0184  w_freq: 1.359  w_spend: 2.277
Epoch  59/120 — train_loss: -1.1474  val_loss: -1.1488  freq: 0.1196  spend: -0.0169  w_freq: 1.359  w_spend: 2.320
Epoch  60/120 — train_loss: -1.1610  val_loss: -1.1659  freq: 0.1198  spend: -0.0198  w_freq: 1.359  w_spend: 2.363
Epoch  61/120 — train_loss: -1.1736  val_loss: -1.1731  freq: 0.1197  spend: -0.0184  w_freq: 1.359  w_spend: 2.411
Epoch  62/120 — train_loss: -1.1856  val_loss: -1.1834  freq: 0.1203  spend: -0.0190  w_freq: 1.359  w_spend: 2.454
Epoch  63/120 — train_loss: -1.1956  val_loss: -1.1994  freq: 0.1197  spend: -0.0211  w_freq: 1.359  w_spend: 2.499
Epoch  64/120 — train_loss: -1.2073  val_loss: -1.2043  freq: 0.1247  spend: -0.0222  w_freq: 1.359  w_spend: 2.541
Epoch  65/120 — train_loss: -1.2114  val_loss: -1.2187  freq: 0.1197  spend: -0.0217  w_freq: 1.359  w_spend: 2.583
Epoch  66/120 — train_loss: -1.2250  val_loss: -1.2224  freq: 0.1226  spend: -0.0212  w_freq: 1.359  w_spend: 2.624
Epoch  67/120 — train_loss: -1.2363  val_loss: -1.2285  freq: 0.1205  spend: -0.0190  w_freq: 1.359  w_spend: 2.667
Epoch  68/120 — train_loss: -1.2412  val_loss: -1.2423  freq: 0.1196  spend: -0.0206  w_freq: 1.359  w_spend: 2.709
Epoch  69/120 — train_loss: -1.2438  val_loss: -1.2503  freq: 0.1196  spend: -0.0205  w_freq: 1.359  w_spend: 2.749
Epoch  70/120 — train_loss: -1.2567  val_loss: -1.2491  freq: 0.1197  spend: -0.0175  w_freq: 1.359  w_spend: 2.787
Epoch  71/120 — train_loss: -1.2637  val_loss: -1.2687  freq: 0.1197  spend: -0.0217  w_freq: 1.359  w_spend: 2.827
Epoch  72/120 — train_loss: -1.2721  val_loss: -1.2755  freq: 0.1194  spend: -0.0214  w_freq: 1.359  w_spend: 2.865
Epoch  73/120 — train_loss: -1.2762  val_loss: -1.2814  freq: 0.1197  spend: -0.0212  w_freq: 1.359  w_spend: 2.901
Epoch  74/120 — train_loss: -1.2897  val_loss: -1.2862  freq: 0.1200  spend: -0.0206  w_freq: 1.359  w_spend: 2.938
Epoch  75/120 — train_loss: -1.2901  val_loss: -1.2969  freq: 0.1198  spend: -0.0218  w_freq: 1.359  w_spend: 2.974
Epoch  76/120 — train_loss: -1.3076  val_loss: -1.2928  freq: 0.1202  spend: -0.0185  w_freq: 1.359  w_spend: 3.009
Epoch  77/120 — train_loss: -1.3141  val_loss: -1.3106  freq: 0.1193  spend: -0.0219  w_freq: 1.359  w_spend: 3.042
Epoch  78/120 — train_loss: -1.3203  val_loss: -1.3102  freq: 0.1193  spend: -0.0197  w_freq: 1.359  w_spend: 3.077
Epoch  79/120 — train_loss: -1.3233  val_loss: -1.3147  freq: 0.1197  spend: -0.0196  w_freq: 1.359  w_spend: 3.109
Epoch  80/120 — train_loss: -1.3182  val_loss: -1.3181  freq: 0.1209  spend: -0.0194  w_freq: 1.359  w_spend: 3.140
Epoch  81/120 — train_loss: -1.3232  val_loss: -1.3297  freq: 0.1201  spend: -0.0211  w_freq: 1.359  w_spend: 3.170
Epoch  82/120 — train_loss: -1.3307  val_loss: -1.3295  freq: 0.1198  spend: -0.0195  w_freq: 1.359  w_spend: 3.197
Epoch  83/120 — train_loss: -1.3367  val_loss: -1.3405  freq: 0.1194  spend: -0.0213  w_freq: 1.359  w_spend: 3.223
Epoch  84/120 — train_loss: -1.3407  val_loss: -1.3426  freq: 0.1196  spend: -0.0206  w_freq: 1.359  w_spend: 3.249
Epoch  85/120 — train_loss: -1.3503  val_loss: -1.3412  freq: 0.1197  spend: -0.0189  w_freq: 1.359  w_spend: 3.276
Epoch  86/120 — train_loss: -1.3494  val_loss: -1.3538  freq: 0.1195  spend: -0.0214  w_freq: 1.359  w_spend: 3.301
Epoch  87/120 — train_loss: -1.3542  val_loss: -1.3574  freq: 0.1194  spend: -0.0213  w_freq: 1.359  w_spend: 3.323
Epoch  88/120 — train_loss: -1.3595  val_loss: -1.3564  freq: 0.1209  spend: -0.0204  w_freq: 1.359  w_spend: 3.346
Epoch  89/120 — train_loss: -1.3745  val_loss: -1.3645  freq: 0.1195  spend: -0.0212  w_freq: 1.359  w_spend: 3.368
Epoch  90/120 — train_loss: -1.3522  val_loss: -1.3626  freq: 0.1202  spend: -0.0199  w_freq: 1.359  w_spend: 3.389
Epoch  91/120 — train_loss: -1.3659  val_loss: -1.3654  freq: 0.1202  spend: -0.0198  w_freq: 1.359  w_spend: 3.408
Epoch  92/120 — train_loss: -1.3598  val_loss: -1.3702  freq: 0.1198  spend: -0.0203  w_freq: 1.359  w_spend: 3.426
Epoch  93/120 — train_loss: -1.3680  val_loss: -1.3660  freq: 0.1200  spend: -0.0183  w_freq: 1.359  w_spend: 3.443
Epoch  94/120 — train_loss: -1.3695  val_loss: -1.3755  freq: 0.1203  spend: -0.0204  w_freq: 1.359  w_spend: 3.459
Epoch  95/120 — train_loss: -1.3816  val_loss: -1.3824  freq: 0.1194  spend: -0.0214  w_freq: 1.359  w_spend: 3.474
Epoch  96/120 — train_loss: -1.3817  val_loss: -1.3795  freq: 0.1204  spend: -0.0203  w_freq: 1.359  w_spend: 3.488
Epoch  97/120 — train_loss: -1.3786  val_loss: -1.3824  freq: 0.1195  spend: -0.0202  w_freq: 1.359  w_spend: 3.501
Epoch  98/120 — train_loss: -1.3763  val_loss: -1.3840  freq: 0.1197  spend: -0.0201  w_freq: 1.359  w_spend: 3.514
Epoch  99/120 — train_loss: -1.3814  val_loss: -1.3768  freq: 0.1198  spend: -0.0176  w_freq: 1.359  w_spend: 3.525
Epoch 100/120 — train_loss: -1.3850  val_loss: -1.3858  freq: 0.1195  spend: -0.0196  w_freq: 1.359  w_spend: 3.536
Epoch 101/120 — train_loss: -1.3913  val_loss: -1.3842  freq: 0.1209  spend: -0.0193  w_freq: 1.359  w_spend: 3.545
Epoch 102/120 — train_loss: -1.3832  val_loss: -1.3907  freq: 0.1196  spend: -0.0203  w_freq: 1.359  w_spend: 3.554
Epoch 103/120 — train_loss: -1.3778  val_loss: -1.3935  freq: 0.1203  spend: -0.0210  w_freq: 1.359  w_spend: 3.561
Epoch 104/120 — train_loss: -1.3863  val_loss: -1.3942  freq: 0.1201  spend: -0.0208  w_freq: 1.359  w_spend: 3.568
Epoch 105/120 — train_loss: -1.3886  val_loss: -1.3918  freq: 0.1197  spend: -0.0197  w_freq: 1.359  w_spend: 3.575
Epoch 106/120 — train_loss: -1.3880  val_loss: -1.3921  freq: 0.1196  spend: -0.0195  w_freq: 1.359  w_spend: 3.580
Epoch 107/120 — train_loss: -1.3823  val_loss: -1.3909  freq: 0.1198  spend: -0.0191  w_freq: 1.359  w_spend: 3.585
Epoch 108/120 — train_loss: -1.3896  val_loss: -1.3929  freq: 0.1200  spend: -0.0195  w_freq: 1.359  w_spend: 3.590
Epoch 109/120 — train_loss: -1.3663  val_loss: -1.3926  freq: 0.1205  spend: -0.0195  w_freq: 1.359  w_spend: 3.593
Epoch 110/120 — train_loss: -1.3723  val_loss: -1.3939  freq: 0.1206  spend: -0.0197  w_freq: 1.359  w_spend: 3.596
Epoch 111/120 — train_loss: -1.3847  val_loss: -1.3943  freq: 0.1201  spend: -0.0196  w_freq: 1.359  w_spend: 3.599
Epoch 112/120 — train_loss: -1.3721  val_loss: -1.3939  freq: 0.1201  spend: -0.0194  w_freq: 1.359  w_spend: 3.601
Epoch 113/120 — train_loss: -1.3868  val_loss: -1.3937  freq: 0.1201  spend: -0.0193  w_freq: 1.359  w_spend: 3.603
Epoch 114/120 — train_loss: -1.3687  val_loss: -1.3944  freq: 0.1200  spend: -0.0193  w_freq: 1.359  w_spend: 3.604
Epoch 115/120 — train_loss: -1.3729  val_loss: -1.3953  freq: 0.1198  spend: -0.0195  w_freq: 1.359  w_spend: 3.605
Epoch 116/120 — train_loss: -1.3809  val_loss: -1.3948  freq: 0.1199  spend: -0.0194  w_freq: 1.359  w_spend: 3.605
Epoch 117/120 — train_loss: -1.3732  val_loss: -1.3948  freq: 0.1200  spend: -0.0195  w_freq: 1.359  w_spend: 3.606
Epoch 118/120 — train_loss: -1.3765  val_loss: -1.3947  freq: 0.1201  spend: -0.0194  w_freq: 1.359  w_spend: 3.606
Epoch 119/120 — train_loss: -1.3762  val_loss: -1.3947  freq: 0.1201  spend: -0.0194  w_freq: 1.359  w_spend: 3.606
Epoch 120/120 — train_loss: -1.3746  val_loss: -1.3947  freq: 0.1201  spend: -0.0194  w_freq: 1.359  w_spend: 3.606

Final calibration fine-tuning for 5 epochs on 23502 customers (batch_size=1024, lr=5e-05) ...
Fine-tune epoch   1/5 - train_loss: -1.3699  full_loss: -1.4941
Fine-tune epoch   2/5 - train_loss: -1.3618  full_loss: -1.4962
Fine-tune epoch   3/5 - train_loss: -1.3693  full_loss: -1.4970
Fine-tune epoch   4/5 - train_loss: -1.3654  full_loss: -1.4974
Fine-tune epoch   5/5 - train_loss: -1.3692  full_loss: -1.4975

Checkpoint saved: /kaggle/working/results/checkpoints/lstm_joint_cdnow_full_seed42_sample.pt
Validation-fitted softmax temperature: 0.7500

Duan's smearing factor (val): 1.1923
Validation aggregate calibration: freq_factor=3.1973, spend_factor=2.8774

Running autoregressive inference on holdout period ...
  inference mode: sample  n_scenarios: 30  temperature: 0.7500

=== Prediction Diagnostics ===
  Mean predicted freq/week:    0.0053
  Mean actual freq/week:       0.0209
  Over-prediction ratio:       0.251x
  Customers predicted as zero total:  0.943
  Customers actually zero total:      0.771
  Non-zero rate (pred, avg > 0.05):  0.023
  Non-zero rate (true):               0.019

Metrics saved: /kaggle/working/results/tables/lstm_joint_cdnow_full_seed42_sample_metrics.json
Array artifacts saved: /kaggle/working/results/tables/lstm_joint_cdnow_full_seed42_sample_arrays.npz

=== Holdout Evaluation ===
  metric_definition_version: valendin_aggregate_mape_v1
  freq_rmse: 2.7165
  freq_mae: 0.5685
  freq_normalized_gini: 0.6652
  freq_calibration_factor: 3.1973
  freq_horizon_abs_bias_pct: 19.7417
  bias_pct: -19.7417
  freq_weekly_mae: 174.3033
  freq_weekly_total_true: 12798.0000
  freq_weekly_total_pred: 10271.4511
  freq_valendin_mape: 35.4109
  freq_horizon_bias_pct: -19.7417
  freq_weekly_mean_pct_mape: 34.8796
  freq_weekly_mean_pct_bias_pct: -17.7505
  freq_weekly_bias_pct: -19.7417
  freq_weekly_mape: 35.4109
  freq_mape: 35.4109
  freq_mase: 0.4098
  freq_mase_scale: 0.0835
  smearing_factor: 1.1923
  spend_calibration_factor: 2.8774
  spend_mae_raw: 20.6203
  spend_rmse_raw: 92.0579
  spend_normalized_gini: 0.6970
  spend_mae_log: 1.2693
  spend_rmse_log: 1.7621
  spend_r2_log: -0.0444
  spend_bias_pct: -24.5998
  spend_weekly_mae: 6659.6179
  spend_weekly_total_true: 477773.8300
  spend_weekly_total_pred: 360242.2085
  spend_valendin_mape: 36.2410
  spend_horizon_abs_bias_pct: 24.5998
  spend_horizon_bias_pct: -24.5998
  spend_weekly_mean_pct_mape: 35.1424
  spend_weekly_mean_pct_bias_pct: -22.5574
  spend_weekly_bias_pct: -24.5998
  spend_weekly_mape: 36.2410
  spend_mase: 0.6870
  spend_mase_scale: 1.8052
  clv_mae: 20.1778
  clv_rmse: 89.8516
  clv_spearman: 0.4180
  clv_decile_lift: 5.4119
  clv_normalized_gini: 0.6971
  clv_total_true: 467470.6562
  clv_total_pred: 353757.1250
  calibration_temperature_source: rolling_origin_autoregressive
  validation_temperature: 0.7500
  smearing_source: rolling_origin_autoregressive
  calibration_source: rolling_origin_autoregressive
  validation_freq_true_total: 1410.0000
  validation_freq_pred_total: 441.0007
  validation_spend_true_total: 55157.3496
  validation_spend_pred_total: 19169.0137
  validation_freq_calibration_factor: 3.1973
  validation_spend_calibration_factor: 2.8774
  validation_rolling_origin_count: 2
  protocol_name: cdnow_master_52x26
  cohort_size: 23502
  calibration_weeks: 52
  holdout_weeks: 26
  inference_mode: sample
  n_scenarios: 30
  final_finetune_enabled: True
  final_finetune_epochs: 5
  final_finetune_lr_multiplier: 0.1000
  final_finetune_batch_size_multiplier: 4.0000
  run_valid: False
  run_invalid_reason: absolute frequency bias -19.7% exceeds 15.0%
  run_warning: large frequency bias (-19.7%); large spend bias (-24.6%)
  epochs_completed: 125
  max_epochs_configured: 120
History saved: /kaggle/working/results/tables/lstm_joint_cdnow_full_seed42_sample_history.json
