[Kaggle] raw_dir  → /kaggle/working/input/cdnow-dataset
[Kaggle] results  → /kaggle/working/results
Config: experiments/configs/lstm_base_cdnow_replication.yaml
Run: lstm_base_cdnow_replication_seed42_sample
Device: cuda
Loading dataset: cdnow ...
  Cohort filter <= 1997-03-31: 23500 customers
[pipeline] freq_cap=22 (observed max) → freq_bins=[0, 1, 2, 3]... (n_classes=23)
  Train customers: 21150, Val: 2350, Inference: 23500
[cdnow] Customers with 0 calibration transactions: 0 / 23500
  top-bin decode: class_values[-1] = 22.000 (max_trans = 22)
Model: lstm — 93,226 parameters

Training for up to 150 epochs ...
/kaggle/working/thesis-code/src/training/trainer.py:135: FutureWarning: `torch.cuda.amp.GradScaler(args...)` is deprecated. Please use `torch.amp.GradScaler('cuda', args...)` instead.
  self.scaler = torch.cuda.amp.GradScaler(enabled=self.amp_enabled)
Epoch   1/150 — train_loss: 0.6433  val_loss: 0.1460
Epoch   2/150 — train_loss: 0.1450  val_loss: 0.1413
Epoch   3/150 — train_loss: 0.1404  val_loss: 0.1337
Epoch   4/150 — train_loss: 0.1338  val_loss: 0.1368
Epoch   5/150 — train_loss: 0.1300  val_loss: 0.1279
Epoch   6/150 — train_loss: 0.1285  val_loss: 0.1270
Epoch   7/150 — train_loss: 0.1284  val_loss: 0.1256
Epoch   8/150 — train_loss: 0.1273  val_loss: 0.1265
Epoch   9/150 — train_loss: 0.1272  val_loss: 0.1253
Epoch  10/150 — train_loss: 0.1273  val_loss: 0.1252
Epoch  11/150 — train_loss: 0.1268  val_loss: 0.1251
Epoch  12/150 — train_loss: 0.1267  val_loss: 0.1247
Epoch  13/150 — train_loss: 0.1265  val_loss: 0.1248
Epoch  14/150 — train_loss: 0.1266  val_loss: 0.1250
Epoch  15/150 — train_loss: 0.1267  val_loss: 0.1252
Epoch  16/150 — train_loss: 0.1263  val_loss: 0.1246
Epoch  17/150 — train_loss: 0.1266  val_loss: 0.1248
Epoch  18/150 — train_loss: 0.1264  val_loss: 0.1244
Epoch  19/150 — train_loss: 0.1264  val_loss: 0.1253
Epoch  20/150 — train_loss: 0.1261  val_loss: 0.1244
Epoch  21/150 — train_loss: 0.1260  val_loss: 0.1247
Epoch  22/150 — train_loss: 0.1260  val_loss: 0.1243
Epoch  23/150 — train_loss: 0.1263  val_loss: 0.1242
Epoch  24/150 — train_loss: 0.1260  val_loss: 0.1243
Epoch  25/150 — train_loss: 0.1260  val_loss: 0.1248
Epoch  26/150 — train_loss: 0.1261  val_loss: 0.1242
Epoch  27/150 — train_loss: 0.1258  val_loss: 0.1241
Epoch  28/150 — train_loss: 0.1257  val_loss: 0.1241
Epoch  29/150 — train_loss: 0.1256  val_loss: 0.1243
Epoch  30/150 — train_loss: 0.1261  val_loss: 0.1241
Epoch  31/150 — train_loss: 0.1259  val_loss: 0.1247
Epoch  32/150 — train_loss: 0.1259  val_loss: 0.1246
Epoch  33/150 — train_loss: 0.1256  val_loss: 0.1242
Epoch  34/150 — train_loss: 0.1256  val_loss: 0.1243
Epoch  35/150 — train_loss: 0.1257  val_loss: 0.1240
Epoch  36/150 — train_loss: 0.1257  val_loss: 0.1250
Epoch  37/150 — train_loss: 0.1255  val_loss: 0.1245
Epoch  38/150 — train_loss: 0.1256  val_loss: 0.1241
Epoch  39/150 — train_loss: 0.1257  val_loss: 0.1240
Epoch  40/150 — train_loss: 0.1255  val_loss: 0.1241
Early stopping triggered at epoch 40.
  neutralized 13 unseen week-of-year embedding rows 39..51 (calibration_weeks=39)

Checkpoint saved: /kaggle/working/results/checkpoints/lstm_base_cdnow_replication_seed42_sample.pt

Running autoregressive inference on holdout period ...
  inference mode: sample  n_scenarios: 30  temperature: 1.0000

=== Prediction Diagnostics ===
  Mean predicted freq/week:    0.0122
  Mean actual freq/week:       0.0224
  Over-prediction ratio:       0.546x
  Customers predicted as zero total:  0.830
  Customers actually zero total:      0.700
  Non-zero rate (pred, avg > 0.05):  0.063
  Non-zero rate (true):               0.020

Metrics saved: /kaggle/working/results/tables/lstm_base_cdnow_replication_seed42_sample_metrics.json
Array artifacts saved: /kaggle/working/results/tables/lstm_base_cdnow_replication_seed42_sample_arrays.npz

=== Holdout Evaluation ===
  metric_definition_version: valendin_aggregate_mape_v1
  freq_rmse: 2.0828
  freq_mae: 0.8335
  freq_normalized_gini: 0.5916
  freq_horizon_abs_bias_pct: 45.4126
  bias_pct: -45.4126
  freq_weekly_mae: 239.4410
  freq_weekly_total_true: 20563.0000
  freq_weekly_total_pred: 11224.8005
  freq_valendin_mape: 45.4126
  freq_horizon_bias_pct: -45.4126
  freq_weekly_mean_pct_mape: 44.3032
  freq_weekly_mean_pct_bias_pct: -44.3032
  freq_weekly_bias_pct: -45.4126
  freq_weekly_mape: 45.4126
  freq_mape: 45.4126
  freq_mase: 0.3309
  freq_mase_scale: 0.0975
  calibration_temperature_source: config
  calibration_source: none
  protocol_name: valendin_cdnow_master_39x39
  cohort_size: 23500
  calibration_weeks: 39
  holdout_weeks: 39
  inference_mode: sample
  n_scenarios: 30
  run_valid: True
  run_invalid_reason: 
  run_warning: 
  epochs_completed: 40
  max_epochs_configured: 150
History saved: /kaggle/working/results/tables/lstm_base_cdnow_replication_seed42_sample_history.json
