[Kaggle] raw_dir  → /kaggle/working/input/cdnow-dataset
[Kaggle] results  → /kaggle/working/results
Config: experiments/configs/lstm_joint_cdnow_v7_twostage.yaml
Run: lstm_joint_cdnow_v7_twostage_seed7_sample
Device: cuda
Loading dataset: cdnow ...
[pipeline] freq_bins from config: [0, 1, 2, 3]
  Train customers: 2115, Val: 234, Inference: 2349
[cdnow] Customers with 0 calibration transactions: 0 / 2349
  top-bin decode: class_values[-1] = 4.071 (max_trans = 3)
Model: lstm — 97,614 parameters

Training for up to 120 epochs ...
/kaggle/working/thesis-code/src/training/trainer.py:135: FutureWarning: `torch.cuda.amp.GradScaler(args...)` is deprecated. Please use `torch.amp.GradScaler('cuda', args...)` instead.
  self.scaler = torch.cuda.amp.GradScaler(enabled=self.amp_enabled)

[two-stage] Stage 1: frequency-only for up to 60 epochs (patience=15) ...
[Kendall] log_vars frozen for 5 warm-up epochs.
Epoch   1/60 — train_loss: 7.3320  val_loss: 7.1103  freq: 7.1103  spend: 0.2199  w_freq: 1.000  w_spend: 0.000
Epoch   2/60 — train_loss: 7.1410  val_loss: 6.4910  freq: 6.4910  spend: 0.2208  w_freq: 1.000  w_spend: 0.000
Epoch   3/60 — train_loss: 6.0216  val_loss: 5.4410  freq: 5.4410  spend: 0.2218  w_freq: 1.000  w_spend: 0.000
Epoch   4/60 — train_loss: 4.8898  val_loss: 3.6252  freq: 3.6252  spend: 0.2228  w_freq: 1.000  w_spend: 0.000
Epoch   5/60 — train_loss: 2.3782  val_loss: 0.9718  freq: 0.9718  spend: 0.2246  w_freq: 1.000  w_spend: 0.000
[Kendall] log_vars unfrozen at epoch 6.
[spend-norm] frozen at 0.2531 (absolute val-loss magnitude shifts accordingly; early stopping is relative so this is safe)
Epoch   6/60 — train_loss: 0.4535  val_loss: 0.1944  freq: 0.1944  spend: 0.8957  w_freq: 1.000  w_spend: 0.000
Epoch   7/60 — train_loss: 0.1815  val_loss: 0.1456  freq: 0.1456  spend: 0.9037  w_freq: 1.000  w_spend: 0.000
Epoch   8/60 — train_loss: 0.1498  val_loss: 0.1426  freq: 0.1426  spend: 0.9054  w_freq: 1.000  w_spend: 0.000
Epoch   9/60 — train_loss: 0.1442  val_loss: 0.1385  freq: 0.1385  spend: 0.9058  w_freq: 1.000  w_spend: 0.000
Epoch  10/60 — train_loss: 0.1454  val_loss: 0.1425  freq: 0.1425  spend: 0.9057  w_freq: 1.000  w_spend: 0.000
Epoch  11/60 — train_loss: 0.1410  val_loss: 0.1357  freq: 0.1357  spend: 0.9055  w_freq: 1.000  w_spend: 0.000
Epoch  12/60 — train_loss: 0.1416  val_loss: 0.1317  freq: 0.1317  spend: 0.9050  w_freq: 1.000  w_spend: 0.000
Epoch  13/60 — train_loss: 0.1530  val_loss: 0.1324  freq: 0.1324  spend: 0.9049  w_freq: 1.000  w_spend: 0.000
Epoch  14/60 — train_loss: 0.1457  val_loss: 0.1303  freq: 0.1303  spend: 0.9044  w_freq: 1.000  w_spend: 0.000
Epoch  15/60 — train_loss: 0.1368  val_loss: 0.1310  freq: 0.1310  spend: 0.9039  w_freq: 1.000  w_spend: 0.000
Epoch  16/60 — train_loss: 0.1376  val_loss: 0.1324  freq: 0.1324  spend: 0.9029  w_freq: 1.000  w_spend: 0.000
Epoch  17/60 — train_loss: 0.1404  val_loss: 0.1345  freq: 0.1345  spend: 0.9021  w_freq: 1.000  w_spend: 0.000
Epoch  18/60 — train_loss: 0.1473  val_loss: 0.1284  freq: 0.1284  spend: 0.9022  w_freq: 1.000  w_spend: 0.000
Epoch  19/60 — train_loss: 0.1361  val_loss: 0.1295  freq: 0.1295  spend: 0.9018  w_freq: 1.000  w_spend: 0.000
Epoch  20/60 — train_loss: 0.1379  val_loss: 0.1279  freq: 0.1279  spend: 0.9010  w_freq: 1.000  w_spend: 0.000
Epoch  21/60 — train_loss: 0.1348  val_loss: 0.1279  freq: 0.1279  spend: 0.9005  w_freq: 1.000  w_spend: 0.000
Epoch  22/60 — train_loss: 0.1322  val_loss: 0.1323  freq: 0.1323  spend: 0.8993  w_freq: 1.000  w_spend: 0.000
Epoch  23/60 — train_loss: 0.1351  val_loss: 0.1328  freq: 0.1328  spend: 0.8993  w_freq: 1.000  w_spend: 0.000
Epoch  24/60 — train_loss: 0.1393  val_loss: 0.1288  freq: 0.1288  spend: 0.8990  w_freq: 1.000  w_spend: 0.000
Epoch  25/60 — train_loss: 0.1438  val_loss: 0.1274  freq: 0.1274  spend: 0.8995  w_freq: 1.000  w_spend: 0.000
Epoch  26/60 — train_loss: 0.1428  val_loss: 0.1284  freq: 0.1284  spend: 0.8997  w_freq: 1.000  w_spend: 0.000
Epoch  27/60 — train_loss: 0.1439  val_loss: 0.1299  freq: 0.1299  spend: 0.9001  w_freq: 1.000  w_spend: 0.000
Epoch  28/60 — train_loss: 0.1358  val_loss: 0.1329  freq: 0.1329  spend: 0.9005  w_freq: 1.000  w_spend: 0.000
Epoch  29/60 — train_loss: 0.1356  val_loss: 0.1275  freq: 0.1275  spend: 0.8997  w_freq: 1.000  w_spend: 0.000
Epoch  30/60 — train_loss: 0.1350  val_loss: 0.1281  freq: 0.1281  spend: 0.8997  w_freq: 1.000  w_spend: 0.000
Epoch  31/60 — train_loss: 0.1331  val_loss: 0.1267  freq: 0.1267  spend: 0.8991  w_freq: 1.000  w_spend: 0.000
Epoch  32/60 — train_loss: 0.1329  val_loss: 0.1284  freq: 0.1284  spend: 0.8979  w_freq: 1.000  w_spend: 0.000
Epoch  33/60 — train_loss: 0.1353  val_loss: 0.1266  freq: 0.1266  spend: 0.8981  w_freq: 1.000  w_spend: 0.000
Epoch  34/60 — train_loss: 0.1339  val_loss: 0.1260  freq: 0.1260  spend: 0.8982  w_freq: 1.000  w_spend: 0.000
Epoch  35/60 — train_loss: 0.1313  val_loss: 0.1278  freq: 0.1278  spend: 0.8954  w_freq: 1.000  w_spend: 0.000
Epoch  36/60 — train_loss: 0.1359  val_loss: 0.1292  freq: 0.1292  spend: 0.8990  w_freq: 1.000  w_spend: 0.000
Epoch  37/60 — train_loss: 0.1330  val_loss: 0.1292  freq: 0.1292  spend: 0.8946  w_freq: 1.000  w_spend: 0.000
Epoch  38/60 — train_loss: 0.1383  val_loss: 0.1262  freq: 0.1262  spend: 0.8960  w_freq: 1.000  w_spend: 0.000
Epoch  39/60 — train_loss: 0.1339  val_loss: 0.1259  freq: 0.1259  spend: 0.8953  w_freq: 1.000  w_spend: 0.000
Epoch  40/60 — train_loss: 0.1351  val_loss: 0.1279  freq: 0.1279  spend: 0.8960  w_freq: 1.000  w_spend: 0.000
Epoch  41/60 — train_loss: 0.1336  val_loss: 0.1276  freq: 0.1276  spend: 0.8948  w_freq: 1.000  w_spend: 0.000
Epoch  42/60 — train_loss: 0.1357  val_loss: 0.1323  freq: 0.1323  spend: 0.8990  w_freq: 1.000  w_spend: 0.000
Epoch  43/60 — train_loss: 0.1347  val_loss: 0.1267  freq: 0.1267  spend: 0.8957  w_freq: 1.000  w_spend: 0.000
Epoch  44/60 — train_loss: 0.1337  val_loss: 0.1256  freq: 0.1256  spend: 0.8970  w_freq: 1.000  w_spend: 0.000
Epoch  45/60 — train_loss: 0.1383  val_loss: 0.1258  freq: 0.1258  spend: 0.8957  w_freq: 1.000  w_spend: 0.000
Epoch  46/60 — train_loss: 0.1303  val_loss: 0.1252  freq: 0.1252  spend: 0.8965  w_freq: 1.000  w_spend: 0.000
Epoch  47/60 — train_loss: 0.1372  val_loss: 0.1253  freq: 0.1253  spend: 0.8952  w_freq: 1.000  w_spend: 0.000
Epoch  48/60 — train_loss: 0.1336  val_loss: 0.1331  freq: 0.1331  spend: 0.8975  w_freq: 1.000  w_spend: 0.000
Epoch  49/60 — train_loss: 0.1341  val_loss: 0.1255  freq: 0.1255  spend: 0.8948  w_freq: 1.000  w_spend: 0.000
Epoch  50/60 — train_loss: 0.1304  val_loss: 0.1252  freq: 0.1252  spend: 0.8959  w_freq: 1.000  w_spend: 0.000
Epoch  51/60 — train_loss: 0.1288  val_loss: 0.1256  freq: 0.1256  spend: 0.8953  w_freq: 1.000  w_spend: 0.000
Epoch  52/60 — train_loss: 0.1330  val_loss: 0.1257  freq: 0.1257  spend: 0.8968  w_freq: 1.000  w_spend: 0.000
Epoch  53/60 — train_loss: 0.1309  val_loss: 0.1252  freq: 0.1252  spend: 0.8957  w_freq: 1.000  w_spend: 0.000
Epoch  54/60 — train_loss: 0.1311  val_loss: 0.1258  freq: 0.1258  spend: 0.8969  w_freq: 1.000  w_spend: 0.000
Epoch  55/60 — train_loss: 0.1295  val_loss: 0.1249  freq: 0.1249  spend: 0.8963  w_freq: 1.000  w_spend: 0.000
Epoch  56/60 — train_loss: 0.1306  val_loss: 0.1327  freq: 0.1327  spend: 0.8996  w_freq: 1.000  w_spend: 0.000
Epoch  57/60 — train_loss: 0.1307  val_loss: 0.1249  freq: 0.1249  spend: 0.8974  w_freq: 1.000  w_spend: 0.000
Epoch  58/60 — train_loss: 0.1365  val_loss: 0.1320  freq: 0.1320  spend: 0.8988  w_freq: 1.000  w_spend: 0.000
Epoch  59/60 — train_loss: 0.1343  val_loss: 0.1272  freq: 0.1272  spend: 0.8937  w_freq: 1.000  w_spend: 0.000
Epoch  60/60 — train_loss: 0.1307  val_loss: 0.1447  freq: 0.1447  spend: 0.8982  w_freq: 1.000  w_spend: 0.000
[two-stage] Stage 1 complete.
/kaggle/working/thesis-code/src/training/trainer.py:788: FutureWarning: `torch.cuda.amp.GradScaler(args...)` is deprecated. Please use `torch.amp.GradScaler('cuda', args...)` instead.
  self.scaler = torch.cuda.amp.GradScaler(enabled=self.amp_enabled)
[two-stage] Stage 2 transition: froze 14 backbone params, training 2 spend-head params.

[two-stage] Stage 2: spend-only, backbone frozen, for up to 60 epochs (patience=15) ...
[Kendall] log_vars frozen for 5 warm-up epochs.
Epoch   1/60 — train_loss: 0.1891  val_loss: 0.1518  freq: 0.1249  spend: 0.1788  w_freq: 0.500  w_spend: 0.500
Epoch   2/60 — train_loss: 0.1660  val_loss: 0.1323  freq: 0.1249  spend: 0.1398  w_freq: 0.500  w_spend: 0.500
Epoch   3/60 — train_loss: 0.1495  val_loss: 0.1180  freq: 0.1249  spend: 0.1110  w_freq: 0.500  w_spend: 0.500
Epoch   4/60 — train_loss: 0.1355  val_loss: 0.1097  freq: 0.1249  spend: 0.0945  w_freq: 0.500  w_spend: 0.500
Epoch   5/60 — train_loss: 0.1390  val_loss: 0.1079  freq: 0.1249  spend: 0.0909  w_freq: 0.500  w_spend: 0.500
[Kendall] log_vars unfrozen at epoch 6.
[spend-norm] frozen at 0.1825 (absolute val-loss magnitude shifts accordingly; early stopping is relative so this is safe)
Epoch   6/60 — train_loss: 0.4570  val_loss: 0.2969  freq: 0.1249  spend: 0.4714  w_freq: 0.501  w_spend: 0.500
Epoch   7/60 — train_loss: 0.4546  val_loss: 0.3015  freq: 0.1249  spend: 0.4831  w_freq: 0.502  w_spend: 0.501
Epoch   8/60 — train_loss: 0.4999  val_loss: 0.3007  freq: 0.1249  spend: 0.4840  w_freq: 0.503  w_spend: 0.501
Epoch   9/60 — train_loss: 0.4733  val_loss: 0.3024  freq: 0.1249  spend: 0.4903  w_freq: 0.504  w_spend: 0.502
Epoch  10/60 — train_loss: 0.4410  val_loss: 0.2996  freq: 0.1249  spend: 0.4873  w_freq: 0.505  w_spend: 0.503
Epoch  11/60 — train_loss: 0.4198  val_loss: 0.2906  freq: 0.1249  spend: 0.4716  w_freq: 0.506  w_spend: 0.503
Epoch  12/60 — train_loss: 0.4044  val_loss: 0.2983  freq: 0.1249  spend: 0.4891  w_freq: 0.507  w_spend: 0.504
Epoch  13/60 — train_loss: 0.4455  val_loss: 0.2967  freq: 0.1249  spend: 0.4880  w_freq: 0.508  w_spend: 0.504
Epoch  14/60 — train_loss: 0.4512  val_loss: 0.2815  freq: 0.1249  spend: 0.4607  w_freq: 0.509  w_spend: 0.505
Epoch  15/60 — train_loss: 0.4925  val_loss: 0.2781  freq: 0.1249  spend: 0.4566  w_freq: 0.510  w_spend: 0.506
Epoch  16/60 — train_loss: 0.4498  val_loss: 0.2829  freq: 0.1249  spend: 0.4685  w_freq: 0.511  w_spend: 0.507
Epoch  17/60 — train_loss: 0.4232  val_loss: 0.2751  freq: 0.1249  spend: 0.4558  w_freq: 0.512  w_spend: 0.507
Epoch  18/60 — train_loss: 0.4525  val_loss: 0.2770  freq: 0.1249  spend: 0.4620  w_freq: 0.513  w_spend: 0.508
Epoch  19/60 — train_loss: 0.4710  val_loss: 0.2750  freq: 0.1249  spend: 0.4603  w_freq: 0.514  w_spend: 0.509
Epoch  20/60 — train_loss: 0.4191  val_loss: 0.2730  freq: 0.1249  spend: 0.4586  w_freq: 0.515  w_spend: 0.509
Early stopping triggered at epoch 20.
[two-stage] Stage 2 complete.

Checkpoint saved: /kaggle/working/results/checkpoints/lstm_joint_cdnow_v7_twostage_seed7_sample.pt
Validation-fitted softmax temperature: 0.7500

Duan's smearing factor (val): 1.4421
Validation aggregate calibration: freq_factor=3.3936, spend_factor=3.3900

Running autoregressive inference on holdout period ...
  inference mode: sample  n_scenarios: 30  temperature: 0.7500

=== Prediction Diagnostics ===
  Mean predicted freq/week:    0.0024
  Mean actual freq/week:       0.0196
  Over-prediction ratio:       0.125x
  Customers predicted as zero total:  0.980
  Customers actually zero total:      0.781
  Non-zero rate (pred, avg > 0.05):  0.009
  Non-zero rate (true):               0.018

Metrics saved: /kaggle/working/results/tables/lstm_joint_cdnow_v7_twostage_seed7_sample_metrics.json
Array artifacts saved: /kaggle/working/results/tables/lstm_joint_cdnow_v7_twostage_seed7_sample_arrays.npz

=== Holdout Evaluation ===
  metric_definition_version: valendin_aggregate_mape_v1
  freq_rmse: 1.2978
  freq_mae: 0.5205
  freq_normalized_gini: 0.5227
  freq_calibration_factor: 3.3936
  freq_horizon_abs_bias_pct: 57.6635
  bias_pct: -57.6635
  freq_weekly_mae: 27.4523
  freq_weekly_total_true: 1196.0000
  freq_weekly_total_pred: 506.3449
  freq_valendin_mape: 59.6789
  freq_horizon_bias_pct: -57.6635
  freq_weekly_mean_pct_mape: 58.7947
  freq_weekly_mean_pct_bias_pct: -55.4837
  freq_weekly_bias_pct: -57.6635
  freq_weekly_mape: 59.6789
  freq_mape: 59.6789
  freq_mase: 0.3192
  freq_mase_scale: 0.0834
  smearing_factor: 1.4421
  spend_calibration_factor: 3.3900
  spend_mae_raw: 19.3811
  spend_rmse_raw: 53.0120
  spend_normalized_gini: 0.5367
  spend_mae_log: 1.4001
  spend_rmse_log: 1.8598
  spend_r2_log: -0.1932
  spend_bias_pct: -53.9447
  spend_weekly_mae: 962.5322
  spend_weekly_total_true: 43103.4400
  spend_weekly_total_pred: 19851.4138
  spend_valendin_mape: 58.0600
  spend_horizon_abs_bias_pct: 53.9447
  spend_horizon_bias_pct: -53.9447
  spend_weekly_mean_pct_mape: 57.4672
  spend_weekly_mean_pct_bias_pct: -50.0733
  spend_weekly_bias_pct: -53.9447
  spend_weekly_mape: 58.0600
  spend_mase: 0.5575
  spend_mase_scale: 1.7675
  clv_mae: 18.9758
  clv_rmse: 51.8895
  clv_spearman: 0.2887
  clv_decile_lift: 4.3243
  clv_normalized_gini: 0.5222
  clv_total_true: 42218.7344
  clv_total_pred: 19541.4102
  calibration_temperature_source: rolling_origin_autoregressive
  validation_temperature: 0.7500
  smearing_source: rolling_origin_autoregressive
  calibration_source: rolling_origin_autoregressive
  validation_freq_true_total: 120.0000
  validation_freq_pred_total: 35.3610
  validation_spend_true_total: 4587.6401
  validation_spend_pred_total: 1353.2913
  validation_freq_calibration_factor: 3.3936
  validation_spend_calibration_factor: 3.3900
  validation_rolling_origin_count: 2
  protocol_name: cdnow_sample_52x26
  cohort_size: 2349
  calibration_weeks: 52
  holdout_weeks: 26
  inference_mode: sample
  n_scenarios: 30
  final_manifest_version: 2026-05-29-v7-v8-extension3-sweep
  final_manifest_run_name: lstm_joint_cdnow_v7_twostage_seed7_sample
  final_manifest_config: experiments/configs/lstm_joint_cdnow_v7_twostage.yaml
  final_manifest_config_hash: d40fa6c03917
  final_manifest_actual_config_hash: c19c92500dc0
  final_manifest_seed: 7
  final_manifest_epochs: 120
  final_manifest_inference_mode: sample
  final_manifest_n_scenarios: 30
  run_valid: False
  run_invalid_reason: absolute frequency bias -57.7% exceeds 15.0%; absolute spend bias -53.9% exceeds 50.0%
  run_warning: large frequency bias (-57.7%); large spend bias (-53.9%)
  epochs_completed: 80
  max_epochs_configured: 120
History saved: /kaggle/working/results/tables/lstm_joint_cdnow_v7_twostage_seed7_sample_history.json
