[Kaggle] raw_dir  → /kaggle/working/input/cdnow-dataset
[Kaggle] results  → /kaggle/working/results
Config: experiments/configs/lstm_joint_cdnow_v8.yaml
Run: lstm_joint_cdnow_v8_seed7_sample
Device: cuda
Loading dataset: cdnow ...
[pipeline] freq_bins from config: [0, 1, 2, 3]
  Train customers: 2115, Val: 234, Inference: 2349
[cdnow] Customers with 0 calibration transactions: 0 / 2349
  top-bin decode: class_values[-1] = 4.071 (max_trans = 3)
Model: lstm — 97,614 parameters

Training for up to 120 epochs ...
/kaggle/working/thesis-code/src/training/trainer.py:135: FutureWarning: `torch.cuda.amp.GradScaler(args...)` is deprecated. Please use `torch.amp.GradScaler('cuda', args...)` instead.
  self.scaler = torch.cuda.amp.GradScaler(enabled=self.amp_enabled)
[Kendall] log_vars frozen for 10 warm-up epochs.
Epoch   1/120 — train_loss: 9.4774  val_loss: 9.1748  freq: 7.1103  spend: 0.0219  w_freq: 1.359  w_spend: 0.500
Epoch   2/120 — train_loss: 9.2179  val_loss: 8.3330  freq: 6.4910  spend: 0.0217  w_freq: 1.359  w_spend: 0.500
Epoch   3/120 — train_loss: 7.6967  val_loss: 6.9054  freq: 5.4409  spend: 0.0209  w_freq: 1.359  w_spend: 0.500
Epoch   4/120 — train_loss: 6.1577  val_loss: 4.4357  freq: 3.6247  spend: 0.0184  w_freq: 1.359  w_spend: 0.500
Epoch   5/120 — train_loss: 2.7414  val_loss: 0.8257  freq: 0.9713  spend: 0.0112  w_freq: 1.359  w_spend: 0.500
Epoch   6/120 — train_loss: 0.1256  val_loss: -0.2372  freq: 0.1904  spend: 0.0081  w_freq: 1.359  w_spend: 0.500
Epoch   7/120 — train_loss: -0.2497  val_loss: -0.2965  freq: 0.1459  spend: 0.0104  w_freq: 1.359  w_spend: 0.500
Epoch   8/120 — train_loss: -0.2893  val_loss: -0.3042  freq: 0.1406  spend: 0.0094  w_freq: 1.359  w_spend: 0.500
Epoch   9/120 — train_loss: -0.2995  val_loss: -0.3107  freq: 0.1360  spend: 0.0089  w_freq: 1.359  w_spend: 0.500
Epoch  10/120 — train_loss: -0.2989  val_loss: -0.3077  freq: 0.1385  spend: 0.0080  w_freq: 1.359  w_spend: 0.500
[Kendall] log_vars unfrozen at epoch 11.
[spend-norm] frozen at 0.2011 (absolute val-loss magnitude shifts accordingly; early stopping is relative so this is safe)
Epoch  11/120 — train_loss: -0.2788  val_loss: -0.3003  freq: 0.1328  spend: 0.0425  w_freq: 1.359  w_spend: 0.501
Epoch  12/120 — train_loss: -0.2755  val_loss: -0.3015  freq: 0.1305  spend: 0.0500  w_freq: 1.359  w_spend: 0.503
Epoch  13/120 — train_loss: -0.2521  val_loss: -0.3084  freq: 0.1302  spend: 0.0407  w_freq: 1.359  w_spend: 0.505
Epoch  14/120 — train_loss: -0.2728  val_loss: -0.3081  freq: 0.1307  spend: 0.0433  w_freq: 1.359  w_spend: 0.507
Epoch  15/120 — train_loss: -0.2846  val_loss: -0.3113  freq: 0.1303  spend: 0.0421  w_freq: 1.359  w_spend: 0.509
Epoch  16/120 — train_loss: -0.2862  val_loss: -0.3124  freq: 0.1316  spend: 0.0403  w_freq: 1.359  w_spend: 0.511
Epoch  17/120 — train_loss: -0.2850  val_loss: -0.3108  freq: 0.1322  spend: 0.0461  w_freq: 1.359  w_spend: 0.513
Epoch  18/120 — train_loss: -0.2797  val_loss: -0.3199  freq: 0.1282  spend: 0.0425  w_freq: 1.359  w_spend: 0.515
Epoch  19/120 — train_loss: -0.2937  val_loss: -0.3182  freq: 0.1320  spend: 0.0396  w_freq: 1.359  w_spend: 0.517
Epoch  20/120 — train_loss: -0.2952  val_loss: -0.3229  freq: 0.1289  spend: 0.0424  w_freq: 1.359  w_spend: 0.519
Epoch  21/120 — train_loss: -0.3009  val_loss: -0.3277  freq: 0.1276  spend: 0.0407  w_freq: 1.359  w_spend: 0.522
Epoch  22/120 — train_loss: -0.3063  val_loss: -0.3201  freq: 0.1348  spend: 0.0406  w_freq: 1.359  w_spend: 0.524
Epoch  23/120 — train_loss: -0.3025  val_loss: -0.3259  freq: 0.1325  spend: 0.0394  w_freq: 1.359  w_spend: 0.526
Epoch  24/120 — train_loss: -0.2998  val_loss: -0.3333  freq: 0.1287  spend: 0.0385  w_freq: 1.359  w_spend: 0.528
Epoch  25/120 — train_loss: -0.3037  val_loss: -0.3357  freq: 0.1275  spend: 0.0404  w_freq: 1.359  w_spend: 0.530
Epoch  26/120 — train_loss: -0.2961  val_loss: -0.3370  freq: 0.1280  spend: 0.0396  w_freq: 1.359  w_spend: 0.532
Epoch  27/120 — train_loss: -0.2977  val_loss: -0.3370  freq: 0.1293  spend: 0.0393  w_freq: 1.359  w_spend: 0.534
Epoch  28/120 — train_loss: -0.3190  val_loss: -0.3405  freq: 0.1289  spend: 0.0373  w_freq: 1.359  w_spend: 0.536
Epoch  29/120 — train_loss: -0.3214  val_loss: -0.3455  freq: 0.1270  spend: 0.0365  w_freq: 1.359  w_spend: 0.538
Epoch  30/120 — train_loss: -0.3192  val_loss: -0.3480  freq: 0.1272  spend: 0.0352  w_freq: 1.359  w_spend: 0.540
Epoch  31/120 — train_loss: -0.3266  val_loss: -0.3514  freq: 0.1266  spend: 0.0338  w_freq: 1.359  w_spend: 0.542
Epoch  32/120 — train_loss: -0.3332  val_loss: -0.3459  freq: 0.1311  spend: 0.0362  w_freq: 1.359  w_spend: 0.545
Epoch  33/120 — train_loss: -0.3262  val_loss: -0.3570  freq: 0.1267  spend: 0.0299  w_freq: 1.359  w_spend: 0.547
Epoch  34/120 — train_loss: -0.3372  val_loss: -0.3635  freq: 0.1254  spend: 0.0245  w_freq: 1.359  w_spend: 0.549
Epoch  35/120 — train_loss: -0.3357  val_loss: -0.3585  freq: 0.1305  spend: 0.0244  w_freq: 1.359  w_spend: 0.551
Epoch  36/120 — train_loss: -0.3335  val_loss: -0.3587  freq: 0.1335  spend: 0.0193  w_freq: 1.359  w_spend: 0.553
Epoch  37/120 — train_loss: -0.3436  val_loss: -0.3731  freq: 0.1261  spend: 0.0132  w_freq: 1.359  w_spend: 0.554
Epoch  38/120 — train_loss: -0.3605  val_loss: -0.3761  freq: 0.1263  spend: 0.0096  w_freq: 1.359  w_spend: 0.555
Epoch  39/120 — train_loss: -0.3574  val_loss: -0.3734  freq: 0.1257  spend: 0.0183  w_freq: 1.359  w_spend: 0.557
Epoch  40/120 — train_loss: -0.3379  val_loss: -0.3661  freq: 0.1312  spend: 0.0204  w_freq: 1.359  w_spend: 0.558
Epoch  41/120 — train_loss: -0.3481  val_loss: -0.3759  freq: 0.1253  spend: 0.0193  w_freq: 1.359  w_spend: 0.560
Epoch  42/120 — train_loss: -0.3525  val_loss: -0.3805  freq: 0.1255  spend: 0.0128  w_freq: 1.359  w_spend: 0.561
Epoch  43/120 — train_loss: -0.3654  val_loss: -0.3818  freq: 0.1282  spend: 0.0067  w_freq: 1.359  w_spend: 0.563
Epoch  44/120 — train_loss: -0.3603  val_loss: -0.3974  freq: 0.1259  spend: -0.0130  w_freq: 1.359  w_spend: 0.564
Epoch  45/120 — train_loss: -0.3570  val_loss: -0.3905  freq: 0.1255  spend: 0.0022  w_freq: 1.359  w_spend: 0.566
Epoch  46/120 — train_loss: -0.3685  val_loss: -0.3873  freq: 0.1256  spend: 0.0093  w_freq: 1.359  w_spend: 0.567
Epoch  47/120 — train_loss: -0.3598  val_loss: -0.3964  freq: 0.1253  spend: -0.0038  w_freq: 1.359  w_spend: 0.568
Epoch  48/120 — train_loss: -0.3694  val_loss: -0.4030  freq: 0.1248  spend: -0.0119  w_freq: 1.359  w_spend: 0.570
Epoch  49/120 — train_loss: -0.3725  val_loss: -0.4010  freq: 0.1276  spend: -0.0130  w_freq: 1.359  w_spend: 0.571
Epoch  50/120 — train_loss: -0.3778  val_loss: -0.4028  freq: 0.1265  spend: -0.0115  w_freq: 1.359  w_spend: 0.572
Epoch  51/120 — train_loss: -0.3737  val_loss: -0.4088  freq: 0.1248  spend: -0.0158  w_freq: 1.359  w_spend: 0.574
Epoch  52/120 — train_loss: -0.3770  val_loss: -0.4087  freq: 0.1246  spend: -0.0135  w_freq: 1.359  w_spend: 0.575
Epoch  53/120 — train_loss: -0.3781  val_loss: -0.4073  freq: 0.1263  spend: -0.0132  w_freq: 1.359  w_spend: 0.576
Epoch  54/120 — train_loss: -0.3817  val_loss: -0.4095  freq: 0.1249  spend: -0.0120  w_freq: 1.359  w_spend: 0.577
Epoch  55/120 — train_loss: -0.3796  val_loss: -0.4089  freq: 0.1247  spend: -0.0085  w_freq: 1.359  w_spend: 0.578
Epoch  56/120 — train_loss: -0.3867  val_loss: -0.4148  freq: 0.1245  spend: -0.0164  w_freq: 1.359  w_spend: 0.580
Epoch  57/120 — train_loss: -0.3881  val_loss: -0.4156  freq: 0.1258  spend: -0.0189  w_freq: 1.359  w_spend: 0.581
Epoch  58/120 — train_loss: -0.3782  val_loss: -0.4115  freq: 0.1272  spend: -0.0132  w_freq: 1.359  w_spend: 0.582
Epoch  59/120 — train_loss: -0.3864  val_loss: -0.4188  freq: 0.1246  spend: -0.0182  w_freq: 1.359  w_spend: 0.583
Epoch  60/120 — train_loss: -0.3864  val_loss: -0.4184  freq: 0.1249  spend: -0.0170  w_freq: 1.359  w_spend: 0.584
Epoch  61/120 — train_loss: -0.3904  val_loss: -0.4190  freq: 0.1244  spend: -0.0151  w_freq: 1.359  w_spend: 0.585
Epoch  62/120 — train_loss: -0.3886  val_loss: -0.4232  freq: 0.1244  spend: -0.0202  w_freq: 1.359  w_spend: 0.586
Epoch  63/120 — train_loss: -0.3928  val_loss: -0.4246  freq: 0.1243  spend: -0.0206  w_freq: 1.359  w_spend: 0.588
Epoch  64/120 — train_loss: -0.4039  val_loss: -0.4264  freq: 0.1243  spend: -0.0217  w_freq: 1.359  w_spend: 0.589
Epoch  65/120 — train_loss: -0.4006  val_loss: -0.4271  freq: 0.1242  spend: -0.0212  w_freq: 1.359  w_spend: 0.590
Epoch  66/120 — train_loss: -0.4048  val_loss: -0.4250  freq: 0.1244  spend: -0.0166  w_freq: 1.359  w_spend: 0.591
Epoch  67/120 — train_loss: -0.4077  val_loss: -0.4291  freq: 0.1245  spend: -0.0219  w_freq: 1.359  w_spend: 0.592
Epoch  68/120 — train_loss: -0.3950  val_loss: -0.4288  freq: 0.1242  spend: -0.0195  w_freq: 1.359  w_spend: 0.593
Epoch  69/120 — train_loss: -0.4046  val_loss: -0.4280  freq: 0.1242  spend: -0.0166  w_freq: 1.359  w_spend: 0.594
Epoch  70/120 — train_loss: -0.3906  val_loss: -0.4280  freq: 0.1245  spend: -0.0162  w_freq: 1.359  w_spend: 0.595
Epoch  71/120 — train_loss: -0.4072  val_loss: -0.4270  freq: 0.1253  spend: -0.0152  w_freq: 1.359  w_spend: 0.596
Epoch  72/120 — train_loss: -0.4099  val_loss: -0.4260  freq: 0.1257  spend: -0.0135  w_freq: 1.359  w_spend: 0.597
Epoch  73/120 — train_loss: -0.3993  val_loss: -0.4335  freq: 0.1245  spend: -0.0223  w_freq: 1.359  w_spend: 0.597
Epoch  74/120 — train_loss: -0.4054  val_loss: -0.4311  freq: 0.1252  spend: -0.0189  w_freq: 1.359  w_spend: 0.598
Epoch  75/120 — train_loss: -0.4036  val_loss: -0.4316  freq: 0.1245  spend: -0.0168  w_freq: 1.359  w_spend: 0.599
Epoch  76/120 — train_loss: -0.4013  val_loss: -0.4281  freq: 0.1242  spend: -0.0094  w_freq: 1.359  w_spend: 0.600
Epoch  77/120 — train_loss: -0.4066  val_loss: -0.4356  freq: 0.1243  spend: -0.0211  w_freq: 1.359  w_spend: 0.601
Epoch  78/120 — train_loss: -0.4043  val_loss: -0.4341  freq: 0.1257  spend: -0.0209  w_freq: 1.359  w_spend: 0.601
Epoch  79/120 — train_loss: -0.4132  val_loss: -0.4291  freq: 0.1245  spend: -0.0091  w_freq: 1.359  w_spend: 0.602
Epoch  80/120 — train_loss: -0.4071  val_loss: -0.4364  freq: 0.1244  spend: -0.0201  w_freq: 1.359  w_spend: 0.602
Epoch  81/120 — train_loss: -0.4098  val_loss: -0.4363  freq: 0.1246  spend: -0.0197  w_freq: 1.359  w_spend: 0.603
Epoch  82/120 — train_loss: -0.4129  val_loss: -0.4337  freq: 0.1242  spend: -0.0137  w_freq: 1.359  w_spend: 0.603
Epoch  83/120 — train_loss: -0.4074  val_loss: -0.4388  freq: 0.1241  spend: -0.0210  w_freq: 1.359  w_spend: 0.604
Epoch  84/120 — train_loss: -0.4137  val_loss: -0.4382  freq: 0.1253  spend: -0.0219  w_freq: 1.359  w_spend: 0.605
Epoch  85/120 — train_loss: -0.4143  val_loss: -0.4374  freq: 0.1245  spend: -0.0180  w_freq: 1.359  w_spend: 0.605
Epoch  86/120 — train_loss: -0.4060  val_loss: -0.4394  freq: 0.1251  spend: -0.0217  w_freq: 1.359  w_spend: 0.606
Epoch  87/120 — train_loss: -0.4104  val_loss: -0.4399  freq: 0.1242  spend: -0.0199  w_freq: 1.359  w_spend: 0.606
Epoch  88/120 — train_loss: -0.4150  val_loss: -0.4393  freq: 0.1242  spend: -0.0184  w_freq: 1.359  w_spend: 0.607
Epoch  89/120 — train_loss: -0.4087  val_loss: -0.4408  freq: 0.1247  spend: -0.0214  w_freq: 1.359  w_spend: 0.607
Epoch  90/120 — train_loss: -0.4152  val_loss: -0.4410  freq: 0.1241  spend: -0.0198  w_freq: 1.359  w_spend: 0.608
Epoch  91/120 — train_loss: -0.4155  val_loss: -0.4420  freq: 0.1247  spend: -0.0223  w_freq: 1.359  w_spend: 0.608
Epoch  92/120 — train_loss: -0.4160  val_loss: -0.4423  freq: 0.1242  spend: -0.0211  w_freq: 1.359  w_spend: 0.608
Epoch  93/120 — train_loss: -0.4169  val_loss: -0.4451  freq: 0.1242  spend: -0.0251  w_freq: 1.359  w_spend: 0.609
Epoch  94/120 — train_loss: -0.4159  val_loss: -0.4442  freq: 0.1250  spend: -0.0249  w_freq: 1.359  w_spend: 0.609
Epoch  95/120 — train_loss: -0.4145  val_loss: -0.4441  freq: 0.1251  spend: -0.0245  w_freq: 1.359  w_spend: 0.609
Epoch  96/120 — train_loss: -0.4141  val_loss: -0.4448  freq: 0.1243  spend: -0.0234  w_freq: 1.359  w_spend: 0.610
Epoch  97/120 — train_loss: -0.4195  val_loss: -0.4450  freq: 0.1246  spend: -0.0241  w_freq: 1.359  w_spend: 0.610
Epoch  98/120 — train_loss: -0.4028  val_loss: -0.4451  freq: 0.1240  spend: -0.0227  w_freq: 1.359  w_spend: 0.610
Epoch  99/120 — train_loss: -0.4196  val_loss: -0.4453  freq: 0.1248  spend: -0.0243  w_freq: 1.359  w_spend: 0.611
Epoch 100/120 — train_loss: -0.4201  val_loss: -0.4442  freq: 0.1244  spend: -0.0213  w_freq: 1.359  w_spend: 0.611
Epoch 101/120 — train_loss: -0.4183  val_loss: -0.4459  freq: 0.1242  spend: -0.0235  w_freq: 1.359  w_spend: 0.611
Epoch 102/120 — train_loss: -0.4208  val_loss: -0.4457  freq: 0.1243  spend: -0.0231  w_freq: 1.359  w_spend: 0.611
Epoch 103/120 — train_loss: -0.4154  val_loss: -0.4452  freq: 0.1241  spend: -0.0218  w_freq: 1.359  w_spend: 0.611
Epoch 104/120 — train_loss: -0.4144  val_loss: -0.4453  freq: 0.1251  spend: -0.0240  w_freq: 1.359  w_spend: 0.611
Epoch 105/120 — train_loss: -0.4127  val_loss: -0.4447  freq: 0.1250  spend: -0.0226  w_freq: 1.359  w_spend: 0.612
Epoch 106/120 — train_loss: -0.4220  val_loss: -0.4454  freq: 0.1245  spend: -0.0225  w_freq: 1.359  w_spend: 0.612
Epoch 107/120 — train_loss: -0.4181  val_loss: -0.4457  freq: 0.1244  spend: -0.0228  w_freq: 1.359  w_spend: 0.612
Epoch 108/120 — train_loss: -0.4159  val_loss: -0.4459  freq: 0.1249  spend: -0.0240  w_freq: 1.359  w_spend: 0.612
Epoch 109/120 — train_loss: -0.4083  val_loss: -0.4460  freq: 0.1247  spend: -0.0237  w_freq: 1.359  w_spend: 0.612
Epoch 110/120 — train_loss: -0.4178  val_loss: -0.4456  freq: 0.1249  spend: -0.0232  w_freq: 1.359  w_spend: 0.612
Epoch 111/120 — train_loss: -0.4199  val_loss: -0.4457  freq: 0.1248  spend: -0.0231  w_freq: 1.359  w_spend: 0.612
Epoch 112/120 — train_loss: -0.4124  val_loss: -0.4458  freq: 0.1248  spend: -0.0232  w_freq: 1.359  w_spend: 0.612
Epoch 113/120 — train_loss: -0.4190  val_loss: -0.4460  freq: 0.1246  spend: -0.0232  w_freq: 1.359  w_spend: 0.612
Epoch 114/120 — train_loss: -0.4193  val_loss: -0.4462  freq: 0.1246  spend: -0.0234  w_freq: 1.359  w_spend: 0.612
Epoch 115/120 — train_loss: -0.4120  val_loss: -0.4463  freq: 0.1246  spend: -0.0235  w_freq: 1.359  w_spend: 0.612
Epoch 116/120 — train_loss: -0.4147  val_loss: -0.4463  freq: 0.1247  spend: -0.0237  w_freq: 1.359  w_spend: 0.612
Epoch 117/120 — train_loss: -0.4172  val_loss: -0.4463  freq: 0.1247  spend: -0.0236  w_freq: 1.359  w_spend: 0.612
Epoch 118/120 — train_loss: -0.4157  val_loss: -0.4463  freq: 0.1247  spend: -0.0236  w_freq: 1.359  w_spend: 0.612
Epoch 119/120 — train_loss: -0.4210  val_loss: -0.4463  freq: 0.1247  spend: -0.0236  w_freq: 1.359  w_spend: 0.612
Epoch 120/120 — train_loss: -0.4154  val_loss: -0.4463  freq: 0.1247  spend: -0.0236  w_freq: 1.359  w_spend: 0.612

Checkpoint saved: /kaggle/working/results/checkpoints/lstm_joint_cdnow_v8_seed7_sample.pt
Validation-fitted softmax temperature: 0.7500

Duan's smearing factor (val): 1.2551
Validation aggregate calibration: freq_factor=3.1855, spend_factor=2.7324

Running autoregressive inference on holdout period ...
  inference mode: sample  n_scenarios: 30  temperature: 0.7500

=== Prediction Diagnostics ===
  Mean predicted freq/week:    0.0024
  Mean actual freq/week:       0.0196
  Over-prediction ratio:       0.125x
  Customers predicted as zero total:  0.980
  Customers actually zero total:      0.781
  Non-zero rate (pred, avg > 0.05):  0.009
  Non-zero rate (true):               0.018

Metrics saved: /kaggle/working/results/tables/lstm_joint_cdnow_v8_seed7_sample_metrics.json
Array artifacts saved: /kaggle/working/results/tables/lstm_joint_cdnow_v8_seed7_sample_arrays.npz

=== Holdout Evaluation ===
  metric_definition_version: valendin_aggregate_mape_v1
  freq_rmse: 1.2830
  freq_mae: 0.5069
  freq_normalized_gini: 0.5671
  freq_calibration_factor: 3.1855
  freq_horizon_abs_bias_pct: 60.1709
  bias_pct: -60.1709
  freq_weekly_mae: 28.6205
  freq_weekly_total_true: 1196.0000
  freq_weekly_total_pred: 476.3556
  freq_valendin_mape: 62.2184
  freq_horizon_bias_pct: -60.1709
  freq_weekly_mean_pct_mape: 61.7627
  freq_weekly_mean_pct_bias_pct: -58.3990
  freq_weekly_bias_pct: -60.1709
  freq_weekly_mape: 62.2184
  freq_mape: 62.2184
  freq_mase: 0.3136
  freq_mase_scale: 0.0834
  smearing_factor: 1.2551
  spend_calibration_factor: 2.7324
  spend_mae_raw: 18.1588
  spend_rmse_raw: 52.2858
  spend_normalized_gini: 0.6158
  spend_mae_log: 1.2472
  spend_rmse_log: 1.6862
  spend_r2_log: 0.0191
  spend_bias_pct: -64.0750
  spend_weekly_mae: 1104.2454
  spend_weekly_total_true: 43103.4400
  spend_weekly_total_pred: 15484.9141
  spend_valendin_mape: 66.6081
  spend_horizon_abs_bias_pct: 64.0750
  spend_horizon_bias_pct: -64.0750
  spend_weekly_mean_pct_mape: 66.2063
  spend_weekly_mean_pct_bias_pct: -61.1946
  spend_weekly_bias_pct: -64.0750
  spend_weekly_mape: 66.6081
  spend_mase: 0.5211
  spend_mase_scale: 1.7675
  clv_mae: 17.7734
  clv_rmse: 51.1659
  clv_spearman: 0.3060
  clv_decile_lift: 5.0642
  clv_normalized_gini: 0.6163
  clv_total_true: 42218.7344
  clv_total_pred: 15252.6953
  calibration_temperature_source: rolling_origin_autoregressive
  validation_temperature: 0.7500
  smearing_source: rolling_origin_autoregressive
  calibration_source: rolling_origin_autoregressive
  validation_freq_true_total: 120.0000
  validation_freq_pred_total: 37.6705
  validation_spend_true_total: 4587.6401
  validation_spend_pred_total: 1678.9869
  validation_freq_calibration_factor: 3.1855
  validation_spend_calibration_factor: 2.7324
  validation_rolling_origin_count: 2
  protocol_name: cdnow_sample_52x26
  cohort_size: 2349
  calibration_weeks: 52
  holdout_weeks: 26
  inference_mode: sample
  n_scenarios: 30
  final_manifest_version: 2026-05-29-v7-v8-extension3-sweep
  final_manifest_run_name: lstm_joint_cdnow_v8_seed7_sample
  final_manifest_config: experiments/configs/lstm_joint_cdnow_v8.yaml
  final_manifest_config_hash: e83cfad5cee4
  final_manifest_actual_config_hash: 6617b9403a66
  final_manifest_seed: 7
  final_manifest_epochs: 120
  final_manifest_inference_mode: sample
  final_manifest_n_scenarios: 30
  run_valid: False
  run_invalid_reason: absolute frequency bias -60.2% exceeds 15.0%; absolute spend bias -64.1% exceeds 50.0%
  run_warning: large frequency bias (-60.2%); large spend bias (-64.1%)
  epochs_completed: 120
  max_epochs_configured: 120
History saved: /kaggle/working/results/tables/lstm_joint_cdnow_v8_seed7_sample_history.json
