[Kaggle] raw_dir  → /kaggle/working/input/dunnhumby
[Kaggle] results  → /kaggle/working/results
Config: experiments/configs/transformer_joint_dunnhumby_v7_twostage.yaml
Run: transformer_joint_dunnhumby_v7_twostage_seed42_sample
Device: cuda
Loading dataset: dunnhumby ...
[pipeline] freq_cap=10 (auto q=0.99) → freq_bins=[0, 1, 2, 3]... (n_classes=11)
  Train customers: 2249, Val: 249, Inference: 2498
[dunnhumby] Customers with 0 calibration transactions: 0 / 2498
  top-bin decode: class_values[-1] = 13.099 (max_trans = 10)
Model: transformer — 102,569 parameters

Training for up to 120 epochs ...
/kaggle/working/thesis-code/src/training/trainer.py:135: FutureWarning: `torch.cuda.amp.GradScaler(args...)` is deprecated. Please use `torch.amp.GradScaler('cuda', args...)` instead.
  self.scaler = torch.cuda.amp.GradScaler(enabled=self.amp_enabled)

[two-stage] Stage 1: frequency-only for up to 60 epochs (patience=15) ...
[Kendall] log_vars frozen for 5 warm-up epochs.
Epoch   1/60 — train_loss: 5.9809  val_loss: 5.4641  freq: 5.4641  spend: 0.2301  w_freq: 1.000  w_spend: 0.000
Epoch   2/60 — train_loss: 5.3264  val_loss: 4.4323  freq: 4.4323  spend: 0.2270  w_freq: 1.000  w_spend: 0.000
Epoch   3/60 — train_loss: 4.1746  val_loss: 3.0941  freq: 3.0941  spend: 0.2276  w_freq: 1.000  w_spend: 0.000
Epoch   4/60 — train_loss: 2.9696  val_loss: 2.0926  freq: 2.0926  spend: 0.2340  w_freq: 1.000  w_spend: 0.000
Epoch   5/60 — train_loss: 2.0724  val_loss: 1.5751  freq: 1.5751  spend: 0.2432  w_freq: 1.000  w_spend: 0.000
[Kendall] log_vars unfrozen at epoch 6.
[spend-norm] frozen at 0.2370 (absolute val-loss magnitude shifts accordingly; early stopping is relative so this is safe)
Epoch   6/60 — train_loss: 1.6374  val_loss: 1.4160  freq: 1.4160  spend: 1.0865  w_freq: 1.000  w_spend: 0.000
Epoch   7/60 — train_loss: 1.4755  val_loss: 1.3487  freq: 1.3487  spend: 1.0870  w_freq: 1.000  w_spend: 0.000
Epoch   8/60 — train_loss: 1.4267  val_loss: 1.3200  freq: 1.3200  spend: 1.1378  w_freq: 1.000  w_spend: 0.000
Epoch   9/60 — train_loss: 1.3970  val_loss: 1.2916  freq: 1.2916  spend: 1.1578  w_freq: 1.000  w_spend: 0.000
Epoch  10/60 — train_loss: 1.3767  val_loss: 1.2787  freq: 1.2787  spend: 1.1975  w_freq: 1.000  w_spend: 0.000
Epoch  11/60 — train_loss: 1.3575  val_loss: 1.2706  freq: 1.2706  spend: 1.2228  w_freq: 1.000  w_spend: 0.000
Epoch  12/60 — train_loss: 1.3429  val_loss: 1.2568  freq: 1.2568  spend: 1.2115  w_freq: 1.000  w_spend: 0.000
Epoch  13/60 — train_loss: 1.3303  val_loss: 1.2478  freq: 1.2478  spend: 1.2161  w_freq: 1.000  w_spend: 0.000
Epoch  14/60 — train_loss: 1.3227  val_loss: 1.2442  freq: 1.2442  spend: 1.2224  w_freq: 1.000  w_spend: 0.000
Epoch  15/60 — train_loss: 1.3155  val_loss: 1.2377  freq: 1.2377  spend: 1.2461  w_freq: 1.000  w_spend: 0.000
Epoch  16/60 — train_loss: 1.3113  val_loss: 1.2315  freq: 1.2315  spend: 1.2272  w_freq: 1.000  w_spend: 0.000
Epoch  17/60 — train_loss: 1.3049  val_loss: 1.2278  freq: 1.2278  spend: 1.2386  w_freq: 1.000  w_spend: 0.000
Epoch  18/60 — train_loss: 1.3007  val_loss: 1.2287  freq: 1.2287  spend: 1.2244  w_freq: 1.000  w_spend: 0.000
Epoch  19/60 — train_loss: 1.2973  val_loss: 1.2217  freq: 1.2217  spend: 1.2261  w_freq: 1.000  w_spend: 0.000
Epoch  20/60 — train_loss: 1.2950  val_loss: 1.2230  freq: 1.2230  spend: 1.2237  w_freq: 1.000  w_spend: 0.000
Epoch  21/60 — train_loss: 1.2900  val_loss: 1.2152  freq: 1.2152  spend: 1.2335  w_freq: 1.000  w_spend: 0.000
Epoch  22/60 — train_loss: 1.2875  val_loss: 1.2138  freq: 1.2138  spend: 1.2393  w_freq: 1.000  w_spend: 0.000
Epoch  23/60 — train_loss: 1.2858  val_loss: 1.2125  freq: 1.2125  spend: 1.2241  w_freq: 1.000  w_spend: 0.000
Epoch  24/60 — train_loss: 1.2806  val_loss: 1.2127  freq: 1.2127  spend: 1.2366  w_freq: 1.000  w_spend: 0.000
Epoch  25/60 — train_loss: 1.2835  val_loss: 1.2135  freq: 1.2135  spend: 1.2210  w_freq: 1.000  w_spend: 0.000
Epoch  26/60 — train_loss: 1.2808  val_loss: 1.2130  freq: 1.2130  spend: 1.2108  w_freq: 1.000  w_spend: 0.000
Epoch  27/60 — train_loss: 1.2812  val_loss: 1.2161  freq: 1.2161  spend: 1.2081  w_freq: 1.000  w_spend: 0.000
Epoch  28/60 — train_loss: 1.2789  val_loss: 1.2076  freq: 1.2076  spend: 1.2344  w_freq: 1.000  w_spend: 0.000
Epoch  29/60 — train_loss: 1.2777  val_loss: 1.2075  freq: 1.2075  spend: 1.2195  w_freq: 1.000  w_spend: 0.000
Epoch  30/60 — train_loss: 1.2757  val_loss: 1.2079  freq: 1.2079  spend: 1.2159  w_freq: 1.000  w_spend: 0.000
Epoch  31/60 — train_loss: 1.2762  val_loss: 1.2053  freq: 1.2053  spend: 1.2221  w_freq: 1.000  w_spend: 0.000
Epoch  32/60 — train_loss: 1.2737  val_loss: 1.2060  freq: 1.2060  spend: 1.2320  w_freq: 1.000  w_spend: 0.000
Epoch  33/60 — train_loss: 1.2741  val_loss: 1.2051  freq: 1.2051  spend: 1.2120  w_freq: 1.000  w_spend: 0.000
Epoch  34/60 — train_loss: 1.2729  val_loss: 1.2057  freq: 1.2057  spend: 1.2177  w_freq: 1.000  w_spend: 0.000
Epoch  35/60 — train_loss: 1.2710  val_loss: 1.2047  freq: 1.2047  spend: 1.2216  w_freq: 1.000  w_spend: 0.000
Epoch  36/60 — train_loss: 1.2702  val_loss: 1.2034  freq: 1.2034  spend: 1.2248  w_freq: 1.000  w_spend: 0.000
Epoch  37/60 — train_loss: 1.2690  val_loss: 1.2037  freq: 1.2037  spend: 1.2208  w_freq: 1.000  w_spend: 0.000
Epoch  38/60 — train_loss: 1.2683  val_loss: 1.2028  freq: 1.2028  spend: 1.2155  w_freq: 1.000  w_spend: 0.000
Epoch  39/60 — train_loss: 1.2710  val_loss: 1.2017  freq: 1.2017  spend: 1.2131  w_freq: 1.000  w_spend: 0.000
Epoch  40/60 — train_loss: 1.2688  val_loss: 1.2031  freq: 1.2031  spend: 1.2171  w_freq: 1.000  w_spend: 0.000
Epoch  41/60 — train_loss: 1.2680  val_loss: 1.2031  freq: 1.2031  spend: 1.2055  w_freq: 1.000  w_spend: 0.000
Epoch  42/60 — train_loss: 1.2669  val_loss: 1.2030  freq: 1.2030  spend: 1.2040  w_freq: 1.000  w_spend: 0.000
Epoch  43/60 — train_loss: 1.2666  val_loss: 1.2018  freq: 1.2018  spend: 1.2169  w_freq: 1.000  w_spend: 0.000
Epoch  44/60 — train_loss: 1.2643  val_loss: 1.2023  freq: 1.2023  spend: 1.2064  w_freq: 1.000  w_spend: 0.000
Epoch  45/60 — train_loss: 1.2668  val_loss: 1.2008  freq: 1.2008  spend: 1.2114  w_freq: 1.000  w_spend: 0.000
Epoch  46/60 — train_loss: 1.2653  val_loss: 1.2012  freq: 1.2012  spend: 1.2203  w_freq: 1.000  w_spend: 0.000
Epoch  47/60 — train_loss: 1.2665  val_loss: 1.2001  freq: 1.2001  spend: 1.2148  w_freq: 1.000  w_spend: 0.000
Epoch  48/60 — train_loss: 1.2645  val_loss: 1.2009  freq: 1.2009  spend: 1.2110  w_freq: 1.000  w_spend: 0.000
Epoch  49/60 — train_loss: 1.2644  val_loss: 1.2024  freq: 1.2024  spend: 1.2065  w_freq: 1.000  w_spend: 0.000
Epoch  50/60 — train_loss: 1.2636  val_loss: 1.2013  freq: 1.2013  spend: 1.2053  w_freq: 1.000  w_spend: 0.000
Epoch  51/60 — train_loss: 1.2650  val_loss: 1.2009  freq: 1.2009  spend: 1.1976  w_freq: 1.000  w_spend: 0.000
Epoch  52/60 — train_loss: 1.2639  val_loss: 1.1995  freq: 1.1995  spend: 1.2101  w_freq: 1.000  w_spend: 0.000
Epoch  53/60 — train_loss: 1.2647  val_loss: 1.2009  freq: 1.2009  spend: 1.2109  w_freq: 1.000  w_spend: 0.000
Epoch  54/60 — train_loss: 1.2654  val_loss: 1.2008  freq: 1.2008  spend: 1.1948  w_freq: 1.000  w_spend: 0.000
Epoch  55/60 — train_loss: 1.2627  val_loss: 1.2001  freq: 1.2001  spend: 1.2015  w_freq: 1.000  w_spend: 0.000
Epoch  56/60 — train_loss: 1.2621  val_loss: 1.2004  freq: 1.2004  spend: 1.1978  w_freq: 1.000  w_spend: 0.000
Epoch  57/60 — train_loss: 1.2618  val_loss: 1.2005  freq: 1.2005  spend: 1.1964  w_freq: 1.000  w_spend: 0.000
Epoch  58/60 — train_loss: 1.2636  val_loss: 1.2008  freq: 1.2008  spend: 1.2016  w_freq: 1.000  w_spend: 0.000
Epoch  59/60 — train_loss: 1.2633  val_loss: 1.2018  freq: 1.2018  spend: 1.1942  w_freq: 1.000  w_spend: 0.000
Epoch  60/60 — train_loss: 1.2622  val_loss: 1.2008  freq: 1.2008  spend: 1.1981  w_freq: 1.000  w_spend: 0.000
[two-stage] Stage 1 complete.
/kaggle/working/thesis-code/src/training/trainer.py:788: FutureWarning: `torch.cuda.amp.GradScaler(args...)` is deprecated. Please use `torch.amp.GradScaler('cuda', args...)` instead.
  self.scaler = torch.cuda.amp.GradScaler(enabled=self.amp_enabled)
[two-stage] Stage 2 transition: froze 38 backbone params, training 2 spend-head params.

[two-stage] Stage 2: spend-only, backbone frozen, for up to 60 epochs (patience=15) ...
[Kendall] log_vars frozen for 5 warm-up epochs.
Epoch   1/60 — train_loss: 0.7491  val_loss: 0.6947  freq: 1.1995  spend: 0.1898  w_freq: 0.500  w_spend: 0.500
Epoch   2/60 — train_loss: 0.7152  val_loss: 0.6658  freq: 1.1995  spend: 0.1320  w_freq: 0.500  w_spend: 0.500
Epoch   3/60 — train_loss: 0.6970  val_loss: 0.6502  freq: 1.1995  spend: 0.1008  w_freq: 0.500  w_spend: 0.500
Epoch   4/60 — train_loss: 0.6852  val_loss: 0.6408  freq: 1.1995  spend: 0.0820  w_freq: 0.500  w_spend: 0.500
Epoch   5/60 — train_loss: 0.6764  val_loss: 0.6331  freq: 1.1995  spend: 0.0668  w_freq: 0.500  w_spend: 0.500
[Kendall] log_vars unfrozen at epoch 6.
[spend-norm] frozen at 0.1521 (absolute val-loss magnitude shifts accordingly; early stopping is relative so this is safe)
Epoch   6/60 — train_loss: 0.8976  val_loss: 0.7812  freq: 1.1995  spend: 0.3648  w_freq: 0.499  w_spend: 0.501
Epoch   7/60 — train_loss: 0.8615  val_loss: 0.7457  freq: 1.1995  spend: 0.2961  w_freq: 0.498  w_spend: 0.502
Epoch   8/60 — train_loss: 0.8334  val_loss: 0.7178  freq: 1.1995  spend: 0.2432  w_freq: 0.497  w_spend: 0.503
Epoch   9/60 — train_loss: 0.8049  val_loss: 0.6958  freq: 1.1995  spend: 0.2021  w_freq: 0.496  w_spend: 0.504
Epoch  10/60 — train_loss: 0.7855  val_loss: 0.6775  freq: 1.1995  spend: 0.1683  w_freq: 0.495  w_spend: 0.506
Epoch  11/60 — train_loss: 0.7692  val_loss: 0.6662  freq: 1.1995  spend: 0.1485  w_freq: 0.493  w_spend: 0.507
Epoch  12/60 — train_loss: 0.7593  val_loss: 0.6532  freq: 1.1995  spend: 0.1258  w_freq: 0.492  w_spend: 0.508
Epoch  13/60 — train_loss: 0.7537  val_loss: 0.6420  freq: 1.1995  spend: 0.1068  w_freq: 0.491  w_spend: 0.510
Epoch  14/60 — train_loss: 0.7400  val_loss: 0.6297  freq: 1.1995  spend: 0.0860  w_freq: 0.490  w_spend: 0.511
Epoch  15/60 — train_loss: 0.7385  val_loss: 0.6273  freq: 1.1995  spend: 0.0841  w_freq: 0.488  w_spend: 0.513
Epoch  16/60 — train_loss: 0.7295  val_loss: 0.6157  freq: 1.1995  spend: 0.0647  w_freq: 0.487  w_spend: 0.514
Epoch  17/60 — train_loss: 0.7288  val_loss: 0.6086  freq: 1.1995  spend: 0.0541  w_freq: 0.486  w_spend: 0.516
Epoch  18/60 — train_loss: 0.7233  val_loss: 0.6087  freq: 1.1995  spend: 0.0571  w_freq: 0.485  w_spend: 0.517
Epoch  19/60 — train_loss: 0.7130  val_loss: 0.5979  freq: 1.1995  spend: 0.0395  w_freq: 0.483  w_spend: 0.519
Epoch  20/60 — train_loss: 0.7166  val_loss: 0.5972  freq: 1.1995  spend: 0.0406  w_freq: 0.482  w_spend: 0.520
Epoch  21/60 — train_loss: 0.7141  val_loss: 0.5944  freq: 1.1995  spend: 0.0378  w_freq: 0.481  w_spend: 0.521
Epoch  22/60 — train_loss: 0.7152  val_loss: 0.5914  freq: 1.1995  spend: 0.0342  w_freq: 0.480  w_spend: 0.523
Epoch  23/60 — train_loss: 0.7080  val_loss: 0.5895  freq: 1.1995  spend: 0.0330  w_freq: 0.479  w_spend: 0.524
Epoch  24/60 — train_loss: 0.7078  val_loss: 0.5812  freq: 1.1995  spend: 0.0199  w_freq: 0.478  w_spend: 0.525
Epoch  25/60 — train_loss: 0.7137  val_loss: 0.5849  freq: 1.1995  spend: 0.0295  w_freq: 0.477  w_spend: 0.526
Epoch  26/60 — train_loss: 0.7068  val_loss: 0.5783  freq: 1.1995  spend: 0.0198  w_freq: 0.476  w_spend: 0.528
Epoch  27/60 — train_loss: 0.7022  val_loss: 0.5730  freq: 1.1995  spend: 0.0125  w_freq: 0.475  w_spend: 0.529
Epoch  28/60 — train_loss: 0.7030  val_loss: 0.5723  freq: 1.1995  spend: 0.0137  w_freq: 0.474  w_spend: 0.530
Epoch  29/60 — train_loss: 0.7016  val_loss: 0.5712  freq: 1.1995  spend: 0.0144  w_freq: 0.473  w_spend: 0.532
Epoch  30/60 — train_loss: 0.7018  val_loss: 0.5651  freq: 1.1995  spend: 0.0057  w_freq: 0.472  w_spend: 0.533
Epoch  31/60 — train_loss: 0.7032  val_loss: 0.5641  freq: 1.1995  spend: 0.0063  w_freq: 0.471  w_spend: 0.535
Epoch  32/60 — train_loss: 0.6989  val_loss: 0.5600  freq: 1.1995  spend: 0.0013  w_freq: 0.470  w_spend: 0.536
Epoch  33/60 — train_loss: 0.7014  val_loss: 0.5619  freq: 1.1995  spend: 0.0070  w_freq: 0.469  w_spend: 0.537
Epoch  34/60 — train_loss: 0.6975  val_loss: 0.5581  freq: 1.1995  spend: 0.0024  w_freq: 0.468  w_spend: 0.538
Epoch  35/60 — train_loss: 0.7027  val_loss: 0.5586  freq: 1.1995  spend: 0.0056  w_freq: 0.467  w_spend: 0.540
Epoch  36/60 — train_loss: 0.7005  val_loss: 0.5515  freq: 1.1995  spend: -0.0050  w_freq: 0.467  w_spend: 0.541
Epoch  37/60 — train_loss: 0.7041  val_loss: 0.5521  freq: 1.1995  spend: -0.0017  w_freq: 0.466  w_spend: 0.542
Epoch  38/60 — train_loss: 0.7019  val_loss: 0.5463  freq: 1.1995  spend: -0.0099  w_freq: 0.465  w_spend: 0.543
Epoch  39/60 — train_loss: 0.6922  val_loss: 0.5501  freq: 1.1995  spend: -0.0004  w_freq: 0.464  w_spend: 0.545
Epoch  40/60 — train_loss: 0.6998  val_loss: 0.5448  freq: 1.1995  spend: -0.0075  w_freq: 0.463  w_spend: 0.546
Epoch  41/60 — train_loss: 0.7005  val_loss: 0.5433  freq: 1.1995  spend: -0.0075  w_freq: 0.462  w_spend: 0.548
Epoch  42/60 — train_loss: 0.7014  val_loss: 0.5417  freq: 1.1995  spend: -0.0079  w_freq: 0.461  w_spend: 0.549
Epoch  43/60 — train_loss: 0.6901  val_loss: 0.5413  freq: 1.1995  spend: -0.0062  w_freq: 0.460  w_spend: 0.550
Epoch  44/60 — train_loss: 0.6962  val_loss: 0.5399  freq: 1.1995  spend: -0.0064  w_freq: 0.459  w_spend: 0.552
Epoch  45/60 — train_loss: 0.6939  val_loss: 0.5310  freq: 1.1995  spend: -0.0198  w_freq: 0.458  w_spend: 0.553
Epoch  46/60 — train_loss: 0.6948  val_loss: 0.5409  freq: 1.1995  spend: 0.0005  w_freq: 0.457  w_spend: 0.555
Epoch  47/60 — train_loss: 0.6906  val_loss: 0.5274  freq: 1.1995  spend: -0.0215  w_freq: 0.456  w_spend: 0.556
Epoch  48/60 — train_loss: 0.6952  val_loss: 0.5333  freq: 1.1995  spend: -0.0088  w_freq: 0.456  w_spend: 0.557
Epoch  49/60 — train_loss: 0.6905  val_loss: 0.5257  freq: 1.1995  spend: -0.0200  w_freq: 0.455  w_spend: 0.558
Epoch  50/60 — train_loss: 0.6911  val_loss: 0.5265  freq: 1.1995  spend: -0.0163  w_freq: 0.454  w_spend: 0.560
Epoch  51/60 — train_loss: 0.6947  val_loss: 0.5240  freq: 1.1995  spend: -0.0187  w_freq: 0.453  w_spend: 0.561
Epoch  52/60 — train_loss: 0.6924  val_loss: 0.5238  freq: 1.1995  spend: -0.0170  w_freq: 0.452  w_spend: 0.562
Epoch  53/60 — train_loss: 0.6956  val_loss: 0.5270  freq: 1.1995  spend: -0.0094  w_freq: 0.452  w_spend: 0.563
Epoch  54/60 — train_loss: 0.6960  val_loss: 0.5219  freq: 1.1995  spend: -0.0167  w_freq: 0.451  w_spend: 0.564
Epoch  55/60 — train_loss: 0.6938  val_loss: 0.5195  freq: 1.1995  spend: -0.0191  w_freq: 0.450  w_spend: 0.566
Epoch  56/60 — train_loss: 0.6972  val_loss: 0.5190  freq: 1.1995  spend: -0.0181  w_freq: 0.450  w_spend: 0.567
Epoch  57/60 — train_loss: 0.6975  val_loss: 0.5198  freq: 1.1995  spend: -0.0146  w_freq: 0.449  w_spend: 0.568
Epoch  58/60 — train_loss: 0.6933  val_loss: 0.5192  freq: 1.1995  spend: -0.0138  w_freq: 0.448  w_spend: 0.569
Epoch  59/60 — train_loss: 0.6945  val_loss: 0.5181  freq: 1.1995  spend: -0.0138  w_freq: 0.448  w_spend: 0.570
Epoch  60/60 — train_loss: 0.6994  val_loss: 0.5140  freq: 1.1995  spend: -0.0193  w_freq: 0.447  w_spend: 0.571
[two-stage] Stage 2 complete.

Checkpoint saved: /kaggle/working/results/checkpoints/transformer_joint_dunnhumby_v7_twostage_seed42_sample.pt
Validation-fitted softmax temperature: 0.7500

Duan's smearing factor (val): 1.3852
Validation aggregate calibration: freq_factor=1.1876, spend_factor=1.0501

Running autoregressive inference on holdout period ...
  inference mode: sample  n_scenarios: 30  temperature: 0.7500

=== Prediction Diagnostics ===
  Mean predicted freq/week:    1.0616
  Mean actual freq/week:       1.1882
  Over-prediction ratio:       0.894x
  Customers predicted as zero total:  0.158
  Customers actually zero total:      0.188
  Non-zero rate (pred, avg > 0.05):  0.899
  Non-zero rate (true):               0.542

Metrics saved: /kaggle/working/results/tables/transformer_joint_dunnhumby_v7_twostage_seed42_sample_metrics.json
Array artifacts saved: /kaggle/working/results/tables/transformer_joint_dunnhumby_v7_twostage_seed42_sample_arrays.npz

=== Holdout Evaluation ===
  metric_definition_version: valendin_aggregate_mape_v1
  freq_rmse: 3.7158
  freq_mae: 2.1962
  freq_normalized_gini: 0.8439
  freq_calibration_factor: 1.1876
  freq_horizon_abs_bias_pct: 6.1175
  bias_pct: 6.1175
  freq_weekly_mae: 181.5664
  freq_weekly_total_true: 11872.0000
  freq_weekly_total_pred: 12598.2654
  freq_valendin_mape: 6.1175
  freq_horizon_bias_pct: 6.1175
  freq_weekly_mean_pct_mape: 6.1468
  freq_weekly_mean_pct_bias_pct: 6.1468
  freq_weekly_bias_pct: 6.1175
  freq_weekly_mape: 6.1175
  freq_mape: 6.1175
  freq_mase: 1.0080
  freq_mase_scale: 0.8235
  smearing_factor: 1.3852
  spend_calibration_factor: 1.0501
  spend_mae_raw: 73.7769
  spend_rmse_raw: 118.3926
  spend_normalized_gini: 0.7784
  spend_mae_log: 1.0485
  spend_rmse_log: 1.4711
  spend_r2_log: 0.5084
  spend_bias_pct: -2.6100
  spend_weekly_mae: 6943.5168
  spend_weekly_total_true: 347125.7605
  spend_weekly_total_pred: 338065.9128
  spend_valendin_mape: 8.0012
  spend_horizon_abs_bias_pct: 2.6100
  spend_horizon_bias_pct: -2.6100
  spend_weekly_mean_pct_mape: 7.6789
  spend_weekly_mean_pct_bias_pct: -2.2758
  spend_weekly_bias_pct: -2.6100
  spend_weekly_mape: 8.0012
  spend_mase: 1.0344
  spend_mase_scale: 27.5152
  clv_mae: 73.5760
  clv_rmse: 118.0760
  clv_spearman: 0.7605
  clv_decile_lift: 3.2035
  clv_normalized_gini: 0.7784
  clv_total_true: 346205.2188
  clv_total_pred: 337096.6250
  calibration_temperature_source: rolling_origin_autoregressive
  validation_temperature: 0.7500
  smearing_source: rolling_origin_autoregressive
  calibration_source: rolling_origin_autoregressive
  validation_freq_true_total: 2215.0000
  validation_freq_pred_total: 1865.0681
  validation_spend_true_total: 63355.4414
  validation_spend_pred_total: 60332.2891
  validation_freq_calibration_factor: 1.1876
  validation_spend_calibration_factor: 1.0501
  validation_rolling_origin_count: 2
  protocol_name: dunnhumby_configured_80x4
  cohort_size: 2498
  calibration_weeks: 80
  holdout_weeks: 4
  inference_mode: sample
  n_scenarios: 30
  final_manifest_version: 2026-05-29-v7-v8-extension3-sweep
  final_manifest_run_name: transformer_joint_dunnhumby_v7_twostage_seed42_sample
  final_manifest_config: experiments/configs/transformer_joint_dunnhumby_v7_twostage.yaml
  final_manifest_config_hash: 79da3c4dbb92
  final_manifest_actual_config_hash: d1920a2d2ea9
  final_manifest_seed: 42
  final_manifest_epochs: 120
  final_manifest_inference_mode: sample
  final_manifest_n_scenarios: 30
  run_valid: True
  run_invalid_reason: 
  run_warning: 
  epochs_completed: 120
  max_epochs_configured: 120
History saved: /kaggle/working/results/tables/transformer_joint_dunnhumby_v7_twostage_seed42_sample_history.json
