[Kaggle] raw_dir  → /kaggle/working/input/cdnow-dataset
[Kaggle] results  → /kaggle/working/results
Config: experiments/configs/transformer_joint_cdnow_v7_twostage.yaml
Run: transformer_joint_cdnow_v7_twostage_seed2024_sample
Device: cuda
Loading dataset: cdnow ...
[pipeline] freq_bins from config: [0, 1, 2, 3]
  Train customers: 2115, Val: 234, Inference: 2349
[cdnow] Customers with 0 calibration transactions: 0 / 2349
  top-bin decode: class_values[-1] = 4.071 (max_trans = 3)
Model: transformer — 101,950 parameters

Training for up to 120 epochs ...
/kaggle/working/thesis-code/src/training/trainer.py:135: FutureWarning: `torch.cuda.amp.GradScaler(args...)` is deprecated. Please use `torch.amp.GradScaler('cuda', args...)` instead.
  self.scaler = torch.cuda.amp.GradScaler(enabled=self.amp_enabled)

[two-stage] Stage 1: frequency-only for up to 60 epochs (patience=15) ...
[Kendall] log_vars frozen for 5 warm-up epochs.
Epoch   1/60 — train_loss: 21.9961  val_loss: 20.5472  freq: 20.5472  spend: 0.2986  w_freq: 1.000  w_spend: 0.000
Epoch   2/60 — train_loss: 18.4412  val_loss: 16.0644  freq: 16.0644  spend: 0.2947  w_freq: 1.000  w_spend: 0.000
Epoch   3/60 — train_loss: 12.1517  val_loss: 5.6829  freq: 5.6829  spend: 0.2932  w_freq: 1.000  w_spend: 0.000
Epoch   4/60 — train_loss: 3.9108  val_loss: 0.2317  freq: 0.2317  spend: 0.3092  w_freq: 1.000  w_spend: 0.000
Epoch   5/60 — train_loss: 0.3435  val_loss: 0.2354  freq: 0.2354  spend: 0.3183  w_freq: 1.000  w_spend: 0.000
[Kendall] log_vars unfrozen at epoch 6.
[spend-norm] frozen at 0.3485 (absolute val-loss magnitude shifts accordingly; early stopping is relative so this is safe)
Epoch   6/60 — train_loss: 0.2055  val_loss: 0.1781  freq: 0.1781  spend: 0.8604  w_freq: 1.000  w_spend: 0.000
Epoch   7/60 — train_loss: 0.1899  val_loss: 0.1783  freq: 0.1783  spend: 0.8499  w_freq: 1.000  w_spend: 0.000
Epoch   8/60 — train_loss: 0.1801  val_loss: 0.1729  freq: 0.1729  spend: 0.8445  w_freq: 1.000  w_spend: 0.000
Epoch   9/60 — train_loss: 0.1930  val_loss: 0.1493  freq: 0.1493  spend: 0.8362  w_freq: 1.000  w_spend: 0.000
Epoch  10/60 — train_loss: 0.1733  val_loss: 0.1604  freq: 0.1604  spend: 0.8400  w_freq: 1.000  w_spend: 0.000
Epoch  11/60 — train_loss: 0.1708  val_loss: 0.1491  freq: 0.1491  spend: 0.8408  w_freq: 1.000  w_spend: 0.000
Epoch  12/60 — train_loss: 0.1875  val_loss: 0.1907  freq: 0.1907  spend: 0.8572  w_freq: 1.000  w_spend: 0.000
Epoch  13/60 — train_loss: 0.1723  val_loss: 0.1905  freq: 0.1905  spend: 0.8593  w_freq: 1.000  w_spend: 0.000
Epoch  14/60 — train_loss: 0.1803  val_loss: 0.1404  freq: 0.1404  spend: 0.8392  w_freq: 1.000  w_spend: 0.000
Epoch  15/60 — train_loss: 0.1824  val_loss: 0.1699  freq: 0.1699  spend: 0.8570  w_freq: 1.000  w_spend: 0.000
Epoch  16/60 — train_loss: 0.1673  val_loss: 0.1620  freq: 0.1620  spend: 0.8565  w_freq: 1.000  w_spend: 0.000
Epoch  17/60 — train_loss: 0.1767  val_loss: 0.1705  freq: 0.1705  spend: 0.8603  w_freq: 1.000  w_spend: 0.000
Epoch  18/60 — train_loss: 0.1704  val_loss: 0.1447  freq: 0.1447  spend: 0.8541  w_freq: 1.000  w_spend: 0.000
Epoch  19/60 — train_loss: 0.1640  val_loss: 0.1427  freq: 0.1427  spend: 0.8561  w_freq: 1.000  w_spend: 0.000
Epoch  20/60 — train_loss: 0.1646  val_loss: 0.1511  freq: 0.1511  spend: 0.8616  w_freq: 1.000  w_spend: 0.000
Epoch  21/60 — train_loss: 0.1590  val_loss: 0.1513  freq: 0.1513  spend: 0.8630  w_freq: 1.000  w_spend: 0.000
Epoch  22/60 — train_loss: 0.1695  val_loss: 0.1667  freq: 0.1667  spend: 0.8680  w_freq: 1.000  w_spend: 0.000
Epoch  23/60 — train_loss: 0.1754  val_loss: 0.1555  freq: 0.1555  spend: 0.8652  w_freq: 1.000  w_spend: 0.000
Epoch  24/60 — train_loss: 0.1634  val_loss: 0.1348  freq: 0.1348  spend: 0.8560  w_freq: 1.000  w_spend: 0.000
Epoch  25/60 — train_loss: 0.1603  val_loss: 0.1526  freq: 0.1526  spend: 0.8691  w_freq: 1.000  w_spend: 0.000
Epoch  26/60 — train_loss: 0.1538  val_loss: 0.1427  freq: 0.1427  spend: 0.8690  w_freq: 1.000  w_spend: 0.000
Epoch  27/60 — train_loss: 0.1543  val_loss: 0.1389  freq: 0.1389  spend: 0.8703  w_freq: 1.000  w_spend: 0.000
Epoch  28/60 — train_loss: 0.1536  val_loss: 0.1507  freq: 0.1507  spend: 0.8767  w_freq: 1.000  w_spend: 0.000
Epoch  29/60 — train_loss: 0.1516  val_loss: 0.1400  freq: 0.1400  spend: 0.8750  w_freq: 1.000  w_spend: 0.000
Epoch  30/60 — train_loss: 0.1583  val_loss: 0.1690  freq: 0.1690  spend: 0.8859  w_freq: 1.000  w_spend: 0.000
Epoch  31/60 — train_loss: 0.1607  val_loss: 0.1554  freq: 0.1554  spend: 0.8849  w_freq: 1.000  w_spend: 0.000
Epoch  32/60 — train_loss: 0.1580  val_loss: 0.1373  freq: 0.1373  spend: 0.8819  w_freq: 1.000  w_spend: 0.000
Epoch  33/60 — train_loss: 0.1552  val_loss: 0.1360  freq: 0.1360  spend: 0.8811  w_freq: 1.000  w_spend: 0.000
Epoch  34/60 — train_loss: 0.1614  val_loss: 0.1303  freq: 0.1303  spend: 0.8794  w_freq: 1.000  w_spend: 0.000
Epoch  35/60 — train_loss: 0.1562  val_loss: 0.1313  freq: 0.1313  spend: 0.8818  w_freq: 1.000  w_spend: 0.000
Epoch  36/60 — train_loss: 0.1523  val_loss: 0.1304  freq: 0.1304  spend: 0.8820  w_freq: 1.000  w_spend: 0.000
Epoch  37/60 — train_loss: 0.1601  val_loss: 0.1635  freq: 0.1635  spend: 0.8962  w_freq: 1.000  w_spend: 0.000
Epoch  38/60 — train_loss: 0.1662  val_loss: 0.1321  freq: 0.1321  spend: 0.8887  w_freq: 1.000  w_spend: 0.000
Epoch  39/60 — train_loss: 0.1612  val_loss: 0.1374  freq: 0.1374  spend: 0.8922  w_freq: 1.000  w_spend: 0.000
Epoch  40/60 — train_loss: 0.1693  val_loss: 0.1461  freq: 0.1461  spend: 0.8963  w_freq: 1.000  w_spend: 0.000
Epoch  41/60 — train_loss: 0.1486  val_loss: 0.1295  freq: 0.1295  spend: 0.8856  w_freq: 1.000  w_spend: 0.000
Epoch  42/60 — train_loss: 0.1627  val_loss: 0.1613  freq: 0.1613  spend: 0.8999  w_freq: 1.000  w_spend: 0.000
Epoch  43/60 — train_loss: 0.1599  val_loss: 0.1317  freq: 0.1317  spend: 0.8894  w_freq: 1.000  w_spend: 0.000
Epoch  44/60 — train_loss: 0.1475  val_loss: 0.1327  freq: 0.1327  spend: 0.8948  w_freq: 1.000  w_spend: 0.000
Epoch  45/60 — train_loss: 0.1561  val_loss: 0.1467  freq: 0.1467  spend: 0.8986  w_freq: 1.000  w_spend: 0.000
Epoch  46/60 — train_loss: 0.1433  val_loss: 0.1385  freq: 0.1385  spend: 0.8982  w_freq: 1.000  w_spend: 0.000
Epoch  47/60 — train_loss: 0.1448  val_loss: 0.1301  freq: 0.1301  spend: 0.8959  w_freq: 1.000  w_spend: 0.000
Epoch  48/60 — train_loss: 0.1453  val_loss: 0.1289  freq: 0.1289  spend: 0.8956  w_freq: 1.000  w_spend: 0.000
Epoch  49/60 — train_loss: 0.1765  val_loss: 0.1327  freq: 0.1327  spend: 0.8994  w_freq: 1.000  w_spend: 0.000
Epoch  50/60 — train_loss: 0.1420  val_loss: 0.1378  freq: 0.1378  spend: 0.9000  w_freq: 1.000  w_spend: 0.000
Epoch  51/60 — train_loss: 0.1425  val_loss: 0.1355  freq: 0.1355  spend: 0.8987  w_freq: 1.000  w_spend: 0.000
Epoch  52/60 — train_loss: 0.1413  val_loss: 0.1313  freq: 0.1313  spend: 0.8985  w_freq: 1.000  w_spend: 0.000
Epoch  53/60 — train_loss: 0.1465  val_loss: 0.1298  freq: 0.1298  spend: 0.8993  w_freq: 1.000  w_spend: 0.000
Epoch  54/60 — train_loss: 0.1380  val_loss: 0.1276  freq: 0.1276  spend: 0.8985  w_freq: 1.000  w_spend: 0.000
Epoch  55/60 — train_loss: 0.1430  val_loss: 0.1275  freq: 0.1275  spend: 0.8989  w_freq: 1.000  w_spend: 0.000
Epoch  56/60 — train_loss: 0.1382  val_loss: 0.1278  freq: 0.1278  spend: 0.8997  w_freq: 1.000  w_spend: 0.000
Epoch  57/60 — train_loss: 0.1401  val_loss: 0.1284  freq: 0.1284  spend: 0.8984  w_freq: 1.000  w_spend: 0.000
Epoch  58/60 — train_loss: 0.1510  val_loss: 0.1356  freq: 0.1356  spend: 0.9025  w_freq: 1.000  w_spend: 0.000
Epoch  59/60 — train_loss: 0.1408  val_loss: 0.1275  freq: 0.1275  spend: 0.8992  w_freq: 1.000  w_spend: 0.000
Epoch  60/60 — train_loss: 0.1367  val_loss: 0.1283  freq: 0.1283  spend: 0.9009  w_freq: 1.000  w_spend: 0.000
[two-stage] Stage 1 complete.
/kaggle/working/thesis-code/src/training/trainer.py:788: FutureWarning: `torch.cuda.amp.GradScaler(args...)` is deprecated. Please use `torch.amp.GradScaler('cuda', args...)` instead.
  self.scaler = torch.cuda.amp.GradScaler(enabled=self.amp_enabled)
[two-stage] Stage 2 transition: froze 38 backbone params, training 2 spend-head params.

[two-stage] Stage 2: spend-only, backbone frozen, for up to 60 epochs (patience=15) ...
[Kendall] log_vars frozen for 5 warm-up epochs.
Epoch   1/60 — train_loss: 0.2181  val_loss: 0.1655  freq: 0.1275  spend: 0.2035  w_freq: 0.500  w_spend: 0.500
Epoch   2/60 — train_loss: 0.2006  val_loss: 0.1551  freq: 0.1275  spend: 0.1827  w_freq: 0.500  w_spend: 0.500
Epoch   3/60 — train_loss: 0.1881  val_loss: 0.1476  freq: 0.1275  spend: 0.1678  w_freq: 0.500  w_spend: 0.500
Epoch   4/60 — train_loss: 0.1693  val_loss: 0.1322  freq: 0.1275  spend: 0.1369  w_freq: 0.500  w_spend: 0.500
Epoch   5/60 — train_loss: 0.1701  val_loss: 0.1268  freq: 0.1275  spend: 0.1261  w_freq: 0.500  w_spend: 0.500
[Kendall] log_vars unfrozen at epoch 6.
[spend-norm] frozen at 0.2400 (absolute val-loss magnitude shifts accordingly; early stopping is relative so this is safe)
Epoch   6/60 — train_loss: 0.4296  val_loss: 0.2898  freq: 0.1275  spend: 0.4548  w_freq: 0.501  w_spend: 0.500
Epoch   7/60 — train_loss: 0.4553  val_loss: 0.2786  freq: 0.1275  spend: 0.4356  w_freq: 0.502  w_spend: 0.501
Epoch   8/60 — train_loss: 0.3786  val_loss: 0.2446  freq: 0.1275  spend: 0.3706  w_freq: 0.503  w_spend: 0.502
Epoch   9/60 — train_loss: 0.3501  val_loss: 0.2355  freq: 0.1275  spend: 0.3557  w_freq: 0.504  w_spend: 0.503
Epoch  10/60 — train_loss: 0.3894  val_loss: 0.2219  freq: 0.1275  spend: 0.3318  w_freq: 0.505  w_spend: 0.504
Epoch  11/60 — train_loss: 0.3549  val_loss: 0.2090  freq: 0.1275  spend: 0.3097  w_freq: 0.506  w_spend: 0.505
Epoch  12/60 — train_loss: 0.3328  val_loss: 0.2060  freq: 0.1275  spend: 0.3071  w_freq: 0.507  w_spend: 0.506
Epoch  13/60 — train_loss: 0.3420  val_loss: 0.1969  freq: 0.1275  spend: 0.2926  w_freq: 0.508  w_spend: 0.507
Epoch  14/60 — train_loss: 0.3312  val_loss: 0.1957  freq: 0.1275  spend: 0.2938  w_freq: 0.509  w_spend: 0.508
Epoch  15/60 — train_loss: 0.3875  val_loss: 0.1876  freq: 0.1275  spend: 0.2812  w_freq: 0.511  w_spend: 0.509
Epoch  16/60 — train_loss: 0.3349  val_loss: 0.1937  freq: 0.1275  spend: 0.2966  w_freq: 0.512  w_spend: 0.511
Epoch  17/60 — train_loss: 0.3032  val_loss: 0.1801  freq: 0.1275  spend: 0.2735  w_freq: 0.513  w_spend: 0.512
Epoch  18/60 — train_loss: 0.3360  val_loss: 0.1780  freq: 0.1275  spend: 0.2725  w_freq: 0.514  w_spend: 0.513
Epoch  19/60 — train_loss: 0.3522  val_loss: 0.1919  freq: 0.1275  spend: 0.3025  w_freq: 0.515  w_spend: 0.514
Epoch  20/60 — train_loss: 0.3403  val_loss: 0.1730  freq: 0.1275  spend: 0.2693  w_freq: 0.516  w_spend: 0.515
Early stopping triggered at epoch 20.
[two-stage] Stage 2 complete.

Checkpoint saved: /kaggle/working/results/checkpoints/transformer_joint_cdnow_v7_twostage_seed2024_sample.pt
Validation-fitted softmax temperature: 0.7500

Duan's smearing factor (val): 1.5338
Validation aggregate calibration: freq_factor=2.6444, spend_factor=2.4317

Running autoregressive inference on holdout period ...
  inference mode: sample  n_scenarios: 30  temperature: 0.7500

=== Prediction Diagnostics ===
  Mean predicted freq/week:    0.0029
  Mean actual freq/week:       0.0196
  Over-prediction ratio:       0.147x
  Customers predicted as zero total:  0.948
  Customers actually zero total:      0.781
  Non-zero rate (pred, avg > 0.05):  0.019
  Non-zero rate (true):               0.018

Metrics saved: /kaggle/working/results/tables/transformer_joint_cdnow_v7_twostage_seed2024_sample_metrics.json
Array artifacts saved: /kaggle/working/results/tables/transformer_joint_cdnow_v7_twostage_seed2024_sample_arrays.npz

=== Holdout Evaluation ===
  metric_definition_version: valendin_aggregate_mape_v1
  freq_rmse: 1.2144
  freq_mae: 0.4413
  freq_normalized_gini: 0.5886
  freq_calibration_factor: 2.6444
  freq_horizon_abs_bias_pct: 61.0767
  bias_pct: -61.0767
  freq_weekly_mae: 28.6876
  freq_weekly_total_true: 1196.0000
  freq_weekly_total_pred: 465.5230
  freq_valendin_mape: 62.3643
  freq_horizon_bias_pct: -61.0767
  freq_weekly_mean_pct_mape: 61.8941
  freq_weekly_mean_pct_bias_pct: -59.7787
  freq_weekly_bias_pct: -61.0767
  freq_weekly_mape: 62.3643
  freq_mape: 62.3643
  freq_mase: 0.3038
  freq_mase_scale: 0.0834
  smearing_factor: 1.5338
  spend_calibration_factor: 2.4317
  spend_mae_raw: 16.2102
  spend_rmse_raw: 48.6568
  spend_normalized_gini: 0.6023
  spend_mae_log: 0.7619
  spend_rmse_log: 1.5509
  spend_r2_log: 0.1702
  spend_bias_pct: -59.0194
  spend_weekly_mae: 1021.5304
  spend_weekly_total_true: 43103.4400
  spend_weekly_total_pred: 17664.0597
  spend_valendin_mape: 61.6187
  spend_horizon_abs_bias_pct: 59.0194
  spend_horizon_bias_pct: -59.0194
  spend_weekly_mean_pct_mape: 61.7725
  spend_weekly_mean_pct_bias_pct: -56.6296
  spend_weekly_bias_pct: -59.0194
  spend_weekly_mape: 61.6187
  spend_mase: 0.5237
  spend_mase_scale: 1.7675
  clv_mae: 15.8816
  clv_rmse: 47.6387
  clv_spearman: 0.4669
  clv_decile_lift: 5.1437
  clv_normalized_gini: 0.6028
  clv_total_true: 42218.7344
  clv_total_pred: 17399.8027
  calibration_temperature_source: rolling_origin_autoregressive
  validation_temperature: 0.7500
  smearing_source: rolling_origin_autoregressive
  calibration_source: rolling_origin_autoregressive
  validation_freq_true_total: 120.0000
  validation_freq_pred_total: 45.3782
  validation_spend_true_total: 4587.6401
  validation_spend_pred_total: 1886.5968
  validation_freq_calibration_factor: 2.6444
  validation_spend_calibration_factor: 2.4317
  validation_rolling_origin_count: 2
  protocol_name: cdnow_sample_52x26
  cohort_size: 2349
  calibration_weeks: 52
  holdout_weeks: 26
  inference_mode: sample
  n_scenarios: 30
  final_manifest_version: 2026-05-29-v7-v8-extension3-sweep
  final_manifest_run_name: transformer_joint_cdnow_v7_twostage_seed2024_sample
  final_manifest_config: experiments/configs/transformer_joint_cdnow_v7_twostage.yaml
  final_manifest_config_hash: 4152a80ae183
  final_manifest_actual_config_hash: b388c8c9ae97
  final_manifest_seed: 2024
  final_manifest_epochs: 120
  final_manifest_inference_mode: sample
  final_manifest_n_scenarios: 30
  run_valid: False
  run_invalid_reason: absolute frequency bias -61.1% exceeds 15.0%; absolute spend bias -59.0% exceeds 50.0%
  run_warning: large frequency bias (-61.1%); large spend bias (-59.0%)
  epochs_completed: 80
  max_epochs_configured: 120
History saved: /kaggle/working/results/tables/transformer_joint_cdnow_v7_twostage_seed2024_sample_history.json
