[Kaggle] raw_dir  → /kaggle/working/input/dunnhumby
[Kaggle] results  → /kaggle/working/results
Config: experiments/configs/transformer_joint_dunnhumby_v6.yaml
Run: transformer_joint_dunnhumby_v6_seed42_sample
Device: cuda
Loading dataset: dunnhumby ...
[pipeline] freq_cap=10 (auto q=0.99) → freq_bins=[0, 1, 2, 3]... (n_classes=11)
  Train customers: 2249, Val: 249, Inference: 2498
[dunnhumby] Customers with 0 calibration transactions: 0 / 2498
  top-bin decode: class_values[-1] = 13.099 (max_trans = 10)
Model: transformer — 102,569 parameters

Training for up to 100 epochs ...
/kaggle/working/thesis-code/src/training/trainer.py:135: FutureWarning: `torch.cuda.amp.GradScaler(args...)` is deprecated. Please use `torch.amp.GradScaler('cuda', args...)` instead.
  self.scaler = torch.cuda.amp.GradScaler(enabled=self.amp_enabled)
[Kendall] log_vars frozen for 5 warm-up epochs.
Epoch   1/100 — train_loss: 3.0990  val_loss: 2.8033  freq: 5.3854  spend: 0.2212  w_freq: 0.500  w_spend: 0.500
Epoch   2/100 — train_loss: 2.7000  val_loss: 2.1903  freq: 4.1805  spend: 0.2001  w_freq: 0.500  w_spend: 0.500
Epoch   3/100 — train_loss: 2.0315  val_loss: 1.4512  freq: 2.7382  spend: 0.1641  w_freq: 0.500  w_spend: 0.500
Epoch   4/100 — train_loss: 1.4000  val_loss: 0.9995  freq: 1.8852  spend: 0.1137  w_freq: 0.500  w_spend: 0.500
Epoch   5/100 — train_loss: 0.9808  val_loss: 0.8136  freq: 1.5412  spend: 0.0860  w_freq: 0.500  w_spend: 0.500
[Kendall] log_vars unfrozen at epoch 6.
[spend-norm] frozen at 0.1815 (absolute val-loss magnitude shifts accordingly; early stopping is relative so this is safe)
Epoch   6/100 — train_loss: 1.0155  val_loss: 0.8193  freq: 1.4262  spend: 0.2177  w_freq: 0.499  w_spend: 0.501
Epoch   7/100 — train_loss: 0.8722  val_loss: 0.6956  freq: 1.3712  spend: 0.0317  w_freq: 0.497  w_spend: 0.503
Epoch   8/100 — train_loss: 0.7825  val_loss: 0.6090  freq: 1.3611  spend: -0.1242  w_freq: 0.495  w_spend: 0.505
Epoch   9/100 — train_loss: 0.7135  val_loss: 0.5679  freq: 1.3552  spend: -0.1936  w_freq: 0.493  w_spend: 0.508
Epoch  10/100 — train_loss: 0.6748  val_loss: 0.5412  freq: 1.3406  spend: -0.2252  w_freq: 0.492  w_spend: 0.510
Epoch  11/100 — train_loss: 0.6450  val_loss: 0.5135  freq: 1.3255  spend: -0.2576  w_freq: 0.490  w_spend: 0.512
Epoch  12/100 — train_loss: 0.6232  val_loss: 0.4891  freq: 1.3138  spend: -0.2868  w_freq: 0.488  w_spend: 0.515
Epoch  13/100 — train_loss: 0.6018  val_loss: 0.4748  freq: 1.3043  spend: -0.2989  w_freq: 0.487  w_spend: 0.517
Epoch  14/100 — train_loss: 0.5814  val_loss: 0.4583  freq: 1.2954  spend: -0.3140  w_freq: 0.485  w_spend: 0.520
Epoch  15/100 — train_loss: 0.5644  val_loss: 0.4412  freq: 1.2873  spend: -0.3308  w_freq: 0.483  w_spend: 0.523
Epoch  16/100 — train_loss: 0.5442  val_loss: 0.4269  freq: 1.2808  spend: -0.3444  w_freq: 0.481  w_spend: 0.526
Epoch  17/100 — train_loss: 0.5264  val_loss: 0.4089  freq: 1.2723  spend: -0.3628  w_freq: 0.479  w_spend: 0.529
Epoch  18/100 — train_loss: 0.5111  val_loss: 0.4002  freq: 1.2683  spend: -0.3677  w_freq: 0.477  w_spend: 0.531
Epoch  19/100 — train_loss: 0.4983  val_loss: 0.3830  freq: 1.2659  spend: -0.3900  w_freq: 0.475  w_spend: 0.534
Epoch  20/100 — train_loss: 0.4844  val_loss: 0.3745  freq: 1.2603  spend: -0.3940  w_freq: 0.473  w_spend: 0.537
Epoch  21/100 — train_loss: 0.4712  val_loss: 0.3652  freq: 1.2592  spend: -0.4039  w_freq: 0.472  w_spend: 0.540
Epoch  22/100 — train_loss: 0.4650  val_loss: 0.3561  freq: 1.2553  spend: -0.4108  w_freq: 0.471  w_spend: 0.542
Epoch  23/100 — train_loss: 0.4534  val_loss: 0.3374  freq: 1.2537  spend: -0.4369  w_freq: 0.469  w_spend: 0.545
Epoch  24/100 — train_loss: 0.4444  val_loss: 0.3346  freq: 1.2526  spend: -0.4345  w_freq: 0.468  w_spend: 0.547
Epoch  25/100 — train_loss: 0.4322  val_loss: 0.3296  freq: 1.2501  spend: -0.4343  w_freq: 0.466  w_spend: 0.550
Epoch  26/100 — train_loss: 0.4254  val_loss: 0.3191  freq: 1.2473  spend: -0.4437  w_freq: 0.465  w_spend: 0.552
Epoch  27/100 — train_loss: 0.4140  val_loss: 0.3208  freq: 1.2469  spend: -0.4337  w_freq: 0.463  w_spend: 0.555
Epoch  28/100 — train_loss: 0.4138  val_loss: 0.3093  freq: 1.2453  spend: -0.4464  w_freq: 0.462  w_spend: 0.558
Epoch  29/100 — train_loss: 0.4026  val_loss: 0.3105  freq: 1.2459  spend: -0.4391  w_freq: 0.461  w_spend: 0.560
Epoch  30/100 — train_loss: 0.3959  val_loss: 0.3035  freq: 1.2429  spend: -0.4438  w_freq: 0.459  w_spend: 0.562
Epoch  31/100 — train_loss: 0.3945  val_loss: 0.3071  freq: 1.2434  spend: -0.4328  w_freq: 0.458  w_spend: 0.564
Epoch  32/100 — train_loss: 0.3898  val_loss: 0.3019  freq: 1.2415  spend: -0.4355  w_freq: 0.457  w_spend: 0.566
Epoch  33/100 — train_loss: 0.3853  val_loss: 0.3015  freq: 1.2425  spend: -0.4327  w_freq: 0.456  w_spend: 0.568
Epoch  34/100 — train_loss: 0.3782  val_loss: 0.2888  freq: 1.2400  spend: -0.4488  w_freq: 0.456  w_spend: 0.570
Epoch  35/100 — train_loss: 0.3780  val_loss: 0.2863  freq: 1.2407  spend: -0.4489  w_freq: 0.455  w_spend: 0.572
Epoch  36/100 — train_loss: 0.3710  val_loss: 0.2858  freq: 1.2393  spend: -0.4440  w_freq: 0.454  w_spend: 0.574
Epoch  37/100 — train_loss: 0.3665  val_loss: 0.2832  freq: 1.2401  spend: -0.4439  w_freq: 0.453  w_spend: 0.576
Epoch  38/100 — train_loss: 0.3661  val_loss: 0.2809  freq: 1.2400  spend: -0.4433  w_freq: 0.452  w_spend: 0.578
Epoch  39/100 — train_loss: 0.3600  val_loss: 0.2764  freq: 1.2368  spend: -0.4446  w_freq: 0.451  w_spend: 0.580
Epoch  40/100 — train_loss: 0.3530  val_loss: 0.2702  freq: 1.2364  spend: -0.4505  w_freq: 0.450  w_spend: 0.581
Epoch  41/100 — train_loss: 0.3539  val_loss: 0.2691  freq: 1.2356  spend: -0.4468  w_freq: 0.449  w_spend: 0.584
Epoch  42/100 — train_loss: 0.3494  val_loss: 0.2668  freq: 1.2350  spend: -0.4457  w_freq: 0.448  w_spend: 0.586
Epoch  43/100 — train_loss: 0.3458  val_loss: 0.2688  freq: 1.2352  spend: -0.4385  w_freq: 0.448  w_spend: 0.587
Epoch  44/100 — train_loss: 0.3386  val_loss: 0.2653  freq: 1.2344  spend: -0.4400  w_freq: 0.447  w_spend: 0.589
Epoch  45/100 — train_loss: 0.3335  val_loss: 0.2614  freq: 1.2348  spend: -0.4426  w_freq: 0.446  w_spend: 0.591
Epoch  46/100 — train_loss: 0.3407  val_loss: 0.2517  freq: 1.2327  spend: -0.4529  w_freq: 0.445  w_spend: 0.593
Epoch  47/100 — train_loss: 0.3327  val_loss: 0.2516  freq: 1.2321  spend: -0.4489  w_freq: 0.445  w_spend: 0.595
Epoch  48/100 — train_loss: 0.3315  val_loss: 0.2530  freq: 1.2331  spend: -0.4437  w_freq: 0.444  w_spend: 0.596
Epoch  49/100 — train_loss: 0.3254  val_loss: 0.2493  freq: 1.2317  spend: -0.4455  w_freq: 0.443  w_spend: 0.598
Epoch  50/100 — train_loss: 0.3262  val_loss: 0.2489  freq: 1.2333  spend: -0.4440  w_freq: 0.443  w_spend: 0.599
Epoch  51/100 — train_loss: 0.3193  val_loss: 0.2437  freq: 1.2311  spend: -0.4478  w_freq: 0.442  w_spend: 0.601
Epoch  52/100 — train_loss: 0.3201  val_loss: 0.2441  freq: 1.2322  spend: -0.4447  w_freq: 0.441  w_spend: 0.602
Epoch  53/100 — train_loss: 0.3144  val_loss: 0.2438  freq: 1.2310  spend: -0.4409  w_freq: 0.441  w_spend: 0.604
Epoch  54/100 — train_loss: 0.3085  val_loss: 0.2400  freq: 1.2308  spend: -0.4439  w_freq: 0.440  w_spend: 0.605
Epoch  55/100 — train_loss: 0.3141  val_loss: 0.2337  freq: 1.2302  spend: -0.4513  w_freq: 0.440  w_spend: 0.607
Epoch  56/100 — train_loss: 0.3107  val_loss: 0.2343  freq: 1.2302  spend: -0.4477  w_freq: 0.439  w_spend: 0.608
Epoch  57/100 — train_loss: 0.3046  val_loss: 0.2368  freq: 1.2293  spend: -0.4404  w_freq: 0.439  w_spend: 0.609
Epoch  58/100 — train_loss: 0.3048  val_loss: 0.2341  freq: 1.2306  spend: -0.4429  w_freq: 0.438  w_spend: 0.610
Epoch  59/100 — train_loss: 0.3057  val_loss: 0.2314  freq: 1.2290  spend: -0.4439  w_freq: 0.438  w_spend: 0.612
Epoch  60/100 — train_loss: 0.2994  val_loss: 0.2287  freq: 1.2288  spend: -0.4457  w_freq: 0.437  w_spend: 0.613
Epoch  61/100 — train_loss: 0.2977  val_loss: 0.2332  freq: 1.2286  spend: -0.4358  w_freq: 0.437  w_spend: 0.614
Epoch  62/100 — train_loss: 0.3069  val_loss: 0.2307  freq: 1.2284  spend: -0.4372  w_freq: 0.436  w_spend: 0.615
Epoch  63/100 — train_loss: 0.3010  val_loss: 0.2224  freq: 1.2276  spend: -0.4480  w_freq: 0.436  w_spend: 0.616
Epoch  64/100 — train_loss: 0.2936  val_loss: 0.2310  freq: 1.2295  spend: -0.4332  w_freq: 0.436  w_spend: 0.617
Epoch  65/100 — train_loss: 0.2970  val_loss: 0.2217  freq: 1.2281  spend: -0.4454  w_freq: 0.435  w_spend: 0.618
Epoch  66/100 — train_loss: 0.2924  val_loss: 0.2228  freq: 1.2277  spend: -0.4415  w_freq: 0.435  w_spend: 0.619
Epoch  67/100 — train_loss: 0.2945  val_loss: 0.2265  freq: 1.2280  spend: -0.4339  w_freq: 0.434  w_spend: 0.620
Epoch  68/100 — train_loss: 0.2989  val_loss: 0.2231  freq: 1.2278  spend: -0.4373  w_freq: 0.434  w_spend: 0.621
Epoch  69/100 — train_loss: 0.2945  val_loss: 0.2228  freq: 1.2277  spend: -0.4361  w_freq: 0.434  w_spend: 0.622
Epoch  70/100 — train_loss: 0.2907  val_loss: 0.2188  freq: 1.2278  spend: -0.4411  w_freq: 0.434  w_spend: 0.623
Epoch  71/100 — train_loss: 0.2913  val_loss: 0.2208  freq: 1.2269  spend: -0.4360  w_freq: 0.433  w_spend: 0.623
Epoch  72/100 — train_loss: 0.2906  val_loss: 0.2207  freq: 1.2265  spend: -0.4347  w_freq: 0.433  w_spend: 0.624
Epoch  73/100 — train_loss: 0.2888  val_loss: 0.2212  freq: 1.2273  spend: -0.4329  w_freq: 0.433  w_spend: 0.625
Epoch  74/100 — train_loss: 0.2905  val_loss: 0.2188  freq: 1.2268  spend: -0.4350  w_freq: 0.432  w_spend: 0.625
Epoch  75/100 — train_loss: 0.2875  val_loss: 0.2191  freq: 1.2278  spend: -0.4340  w_freq: 0.432  w_spend: 0.626
Epoch  76/100 — train_loss: 0.2869  val_loss: 0.2179  freq: 1.2261  spend: -0.4337  w_freq: 0.432  w_spend: 0.627
Epoch  77/100 — train_loss: 0.2881  val_loss: 0.2152  freq: 1.2269  spend: -0.4376  w_freq: 0.432  w_spend: 0.627
Epoch  78/100 — train_loss: 0.2850  val_loss: 0.2189  freq: 1.2269  spend: -0.4307  w_freq: 0.432  w_spend: 0.628
Epoch  79/100 — train_loss: 0.2862  val_loss: 0.2179  freq: 1.2261  spend: -0.4311  w_freq: 0.431  w_spend: 0.628
Epoch  80/100 — train_loss: 0.2930  val_loss: 0.2175  freq: 1.2264  spend: -0.4311  w_freq: 0.431  w_spend: 0.628
Epoch  81/100 — train_loss: 0.2862  val_loss: 0.2197  freq: 1.2267  spend: -0.4272  w_freq: 0.431  w_spend: 0.629
Epoch  82/100 — train_loss: 0.2843  val_loss: 0.2196  freq: 1.2267  spend: -0.4267  w_freq: 0.431  w_spend: 0.629
Epoch  83/100 — train_loss: 0.2869  val_loss: 0.2182  freq: 1.2263  spend: -0.4282  w_freq: 0.431  w_spend: 0.629
Epoch  84/100 — train_loss: 0.2878  val_loss: 0.2175  freq: 1.2266  spend: -0.4291  w_freq: 0.431  w_spend: 0.629
Epoch  85/100 — train_loss: 0.2913  val_loss: 0.2187  freq: 1.2261  spend: -0.4264  w_freq: 0.431  w_spend: 0.630
Epoch  86/100 — train_loss: 0.2882  val_loss: 0.2197  freq: 1.2264  spend: -0.4247  w_freq: 0.431  w_spend: 0.630
Epoch  87/100 — train_loss: 0.2864  val_loss: 0.2177  freq: 1.2262  spend: -0.4274  w_freq: 0.431  w_spend: 0.630
Epoch  88/100 — train_loss: 0.2846  val_loss: 0.2169  freq: 1.2264  spend: -0.4284  w_freq: 0.431  w_spend: 0.630
Epoch  89/100 — train_loss: 0.2838  val_loss: 0.2167  freq: 1.2264  spend: -0.4286  w_freq: 0.430  w_spend: 0.630
Epoch  90/100 — train_loss: 0.2842  val_loss: 0.2165  freq: 1.2262  spend: -0.4285  w_freq: 0.430  w_spend: 0.630
Epoch  91/100 — train_loss: 0.2822  val_loss: 0.2185  freq: 1.2263  spend: -0.4252  w_freq: 0.430  w_spend: 0.631
Epoch  92/100 — train_loss: 0.2924  val_loss: 0.2188  freq: 1.2265  spend: -0.4248  w_freq: 0.430  w_spend: 0.631
Epoch  93/100 — train_loss: 0.2877  val_loss: 0.2198  freq: 1.2265  spend: -0.4232  w_freq: 0.430  w_spend: 0.631
Epoch  94/100 — train_loss: 0.2926  val_loss: 0.2207  freq: 1.2265  spend: -0.4216  w_freq: 0.430  w_spend: 0.631
Epoch  95/100 — train_loss: 0.2927  val_loss: 0.2210  freq: 1.2265  spend: -0.4211  w_freq: 0.430  w_spend: 0.631
Epoch  96/100 — train_loss: 0.2952  val_loss: 0.2211  freq: 1.2265  spend: -0.4209  w_freq: 0.430  w_spend: 0.631
Epoch  97/100 — train_loss: 0.2970  val_loss: 0.2211  freq: 1.2266  spend: -0.4209  w_freq: 0.430  w_spend: 0.631
Early stopping triggered at epoch 97.

Checkpoint saved: /kaggle/working/results/checkpoints/transformer_joint_dunnhumby_v6_seed42_sample.pt
Validation-fitted softmax temperature: 0.9000

Duan's smearing factor (val): 1.4596
Validation aggregate calibration: freq_factor=1.0436, spend_factor=0.9573

Running autoregressive inference on holdout period ...
  inference mode: sample  n_scenarios: 30  temperature: 0.9000

=== Prediction Diagnostics ===
  Mean predicted freq/week:    1.2510
  Mean actual freq/week:       1.1882
  Over-prediction ratio:       1.053x
  Customers predicted as zero total:  0.101
  Customers actually zero total:      0.188
  Non-zero rate (pred, avg > 0.05):  0.930
  Non-zero rate (true):               0.542

Metrics saved: /kaggle/working/results/tables/transformer_joint_dunnhumby_v6_seed42_sample_metrics.json
Array artifacts saved: /kaggle/working/results/tables/transformer_joint_dunnhumby_v6_seed42_sample_arrays.npz

=== Holdout Evaluation ===
  metric_definition_version: valendin_aggregate_mape_v1
  freq_rmse: 3.9696
  freq_mae: 2.3143
  freq_normalized_gini: 0.8380
  freq_calibration_factor: 1.0436
  freq_horizon_abs_bias_pct: 9.8756
  bias_pct: 9.8756
  freq_weekly_mae: 293.1064
  freq_weekly_total_true: 11872.0000
  freq_weekly_total_pred: 13044.4255
  freq_valendin_mape: 9.8756
  freq_horizon_bias_pct: 9.8756
  freq_weekly_mean_pct_mape: 9.9040
  freq_weekly_mean_pct_bias_pct: 9.9040
  freq_weekly_bias_pct: 9.8756
  freq_weekly_mape: 9.8756
  freq_mape: 9.8756
  freq_mase: 1.0596
  freq_mase_scale: 0.8235
  smearing_factor: 1.4596
  spend_calibration_factor: 0.9573
  spend_mae_raw: 66.9083
  spend_rmse_raw: 106.8077
  spend_normalized_gini: 0.8182
  spend_mae_log: 1.0145
  spend_rmse_log: 1.5146
  spend_r2_log: 0.4789
  spend_bias_pct: 1.1960
  spend_weekly_mae: 4916.8003
  spend_weekly_total_true: 347125.7605
  spend_weekly_total_pred: 351277.3961
  spend_valendin_mape: 5.6657
  spend_horizon_abs_bias_pct: 1.1960
  spend_horizon_bias_pct: 1.1960
  spend_weekly_mean_pct_mape: 5.5983
  spend_weekly_mean_pct_bias_pct: 1.4051
  spend_weekly_bias_pct: 1.1960
  spend_weekly_mape: 5.6657
  spend_mase: 1.0007
  spend_mase_scale: 27.5152
  clv_mae: 66.7283
  clv_rmse: 106.5152
  clv_spearman: 0.7802
  clv_decile_lift: 3.3671
  clv_normalized_gini: 0.8182
  clv_total_true: 346205.2188
  clv_total_pred: 350311.9375
  calibration_temperature_source: rolling_origin_autoregressive
  validation_temperature: 0.9000
  smearing_source: rolling_origin_autoregressive
  calibration_source: rolling_origin_autoregressive
  validation_freq_true_total: 2215.0000
  validation_freq_pred_total: 2122.5566
  validation_spend_true_total: 63355.4414
  validation_spend_pred_total: 66183.9668
  validation_freq_calibration_factor: 1.0436
  validation_spend_calibration_factor: 0.9573
  validation_rolling_origin_count: 2
  protocol_name: dunnhumby_configured_80x4
  cohort_size: 2498
  calibration_weeks: 80
  holdout_weeks: 4
  inference_mode: sample
  n_scenarios: 30
  final_manifest_version: 2026-05-29-v7-v8-extension3-sweep
  final_manifest_run_name: transformer_joint_dunnhumby_v6_seed42_sample
  final_manifest_config: experiments/configs/transformer_joint_dunnhumby_v6.yaml
  final_manifest_config_hash: 0bec45addf8e
  final_manifest_actual_config_hash: 6f799cf5beb3
  final_manifest_seed: 42
  final_manifest_epochs: 100
  final_manifest_inference_mode: sample
  final_manifest_n_scenarios: 30
  run_valid: True
  run_invalid_reason: 
  run_warning: 
  epochs_completed: 97
  max_epochs_configured: 100
History saved: /kaggle/working/results/tables/transformer_joint_dunnhumby_v6_seed42_sample_history.json
