[Kaggle] raw_dir  → /kaggle/working/input/cdnow-dataset
[Kaggle] results  → /kaggle/working/results
Config: experiments/configs/transformer_joint_cdnow_v7.yaml
Run: transformer_joint_cdnow_v7_seed2024_sample
Device: cuda
Loading dataset: cdnow ...
[pipeline] freq_bins from config: [0, 1, 2, 3]
  Train customers: 2115, Val: 234, Inference: 2349
[cdnow] Customers with 0 calibration transactions: 0 / 2349
  top-bin decode: class_values[-1] = 4.071 (max_trans = 3)
Model: transformer — 101,950 parameters

Training for up to 120 epochs ...
/kaggle/working/thesis-code/src/training/trainer.py:135: FutureWarning: `torch.cuda.amp.GradScaler(args...)` is deprecated. Please use `torch.amp.GradScaler('cuda', args...)` instead.
  self.scaler = torch.cuda.amp.GradScaler(enabled=self.amp_enabled)
[Kendall] log_vars frozen for 5 warm-up epochs.
Epoch   1/120 — train_loss: 11.0149  val_loss: 10.2865  freq: 20.5473  spend: 0.0258  w_freq: 0.500  w_spend: 0.500
Epoch   2/120 — train_loss: 9.2355  val_loss: 8.0421  freq: 16.0649  spend: 0.0193  w_freq: 0.500  w_spend: 0.500
Epoch   3/120 — train_loss: 6.0893  val_loss: 2.8525  freq: 5.6868  spend: 0.0182  w_freq: 0.500  w_spend: 0.500
Epoch   4/120 — train_loss: 1.9700  val_loss: 0.1262  freq: 0.2323  spend: 0.0202  w_freq: 0.500  w_spend: 0.500
Epoch   5/120 — train_loss: 0.1878  val_loss: 0.1391  freq: 0.2631  spend: 0.0151  w_freq: 0.500  w_spend: 0.500
[Kendall] log_vars unfrozen at epoch 6.
[spend-norm] frozen at 0.2826 (absolute val-loss magnitude shifts accordingly; early stopping is relative so this is safe)
Epoch   6/120 — train_loss: 0.1503  val_loss: 0.1141  freq: 0.1979  spend: 0.0373  w_freq: 0.501  w_spend: 0.501
Epoch   7/120 — train_loss: 0.1271  val_loss: 0.0842  freq: 0.1572  spend: 0.0262  w_freq: 0.503  w_spend: 0.503
Epoch   8/120 — train_loss: 0.1164  val_loss: 0.0926  freq: 0.1793  spend: 0.0283  w_freq: 0.505  w_spend: 0.505
Epoch   9/120 — train_loss: 0.1113  val_loss: 0.0783  freq: 0.1609  spend: 0.0266  w_freq: 0.507  w_spend: 0.507
Epoch  10/120 — train_loss: 0.1043  val_loss: 0.0895  freq: 0.1898  spend: 0.0268  w_freq: 0.510  w_spend: 0.510
Epoch  11/120 — train_loss: 0.0944  val_loss: 0.0913  freq: 0.2017  spend: 0.0250  w_freq: 0.512  w_spend: 0.512
Epoch  12/120 — train_loss: 0.0922  val_loss: 0.0602  freq: 0.1491  spend: 0.0242  w_freq: 0.514  w_spend: 0.513
Epoch  13/120 — train_loss: 0.0849  val_loss: 0.0680  freq: 0.1739  spend: 0.0223  w_freq: 0.516  w_spend: 0.516
Epoch  14/120 — train_loss: 0.0783  val_loss: 0.0580  freq: 0.1627  spend: 0.0231  w_freq: 0.518  w_spend: 0.518
Epoch  15/120 — train_loss: 0.0777  val_loss: 0.0641  freq: 0.1794  spend: 0.0256  w_freq: 0.521  w_spend: 0.521
Epoch  16/120 — train_loss: 0.0705  val_loss: 0.0524  freq: 0.1683  spend: 0.0215  w_freq: 0.523  w_spend: 0.523
Epoch  17/120 — train_loss: 0.0614  val_loss: 0.0478  freq: 0.1663  spend: 0.0216  w_freq: 0.525  w_spend: 0.525
Epoch  18/120 — train_loss: 0.0597  val_loss: 0.0378  freq: 0.1645  spend: 0.0116  w_freq: 0.527  w_spend: 0.527
Epoch  19/120 — train_loss: 0.0462  val_loss: 0.0310  freq: 0.1641  spend: 0.0058  w_freq: 0.529  w_spend: 0.529
Epoch  20/120 — train_loss: 0.0421  val_loss: 0.0142  freq: 0.1462  spend: -0.0013  w_freq: 0.532  w_spend: 0.531
Epoch  21/120 — train_loss: 0.0424  val_loss: 0.0068  freq: 0.1416  spend: -0.0045  w_freq: 0.533  w_spend: 0.533
Epoch  22/120 — train_loss: 0.0470  val_loss: 0.0279  freq: 0.1917  spend: -0.0086  w_freq: 0.535  w_spend: 0.535
Epoch  23/120 — train_loss: 0.0279  val_loss: 0.0116  freq: 0.1669  spend: -0.0074  w_freq: 0.537  w_spend: 0.537
Epoch  24/120 — train_loss: 0.0239  val_loss: -0.0083  freq: 0.1389  spend: -0.0090  w_freq: 0.540  w_spend: 0.540
Epoch  25/120 — train_loss: 0.0162  val_loss: -0.0015  freq: 0.1591  spend: -0.0092  w_freq: 0.542  w_spend: 0.542
Epoch  26/120 — train_loss: 0.0040  val_loss: -0.0134  freq: 0.1455  spend: -0.0092  w_freq: 0.544  w_spend: 0.544
Epoch  27/120 — train_loss: 0.0035  val_loss: -0.0190  freq: 0.1441  spend: -0.0106  w_freq: 0.547  w_spend: 0.547
Epoch  28/120 — train_loss: 0.0018  val_loss: -0.0108  freq: 0.1654  spend: -0.0102  w_freq: 0.549  w_spend: 0.549
Epoch  29/120 — train_loss: -0.0048  val_loss: -0.0170  freq: 0.1539  spend: -0.0035  w_freq: 0.551  w_spend: 0.551
Epoch  30/120 — train_loss: -0.0078  val_loss: -0.0235  freq: 0.1540  spend: -0.0094  w_freq: 0.553  w_spend: 0.554
Epoch  31/120 — train_loss: -0.0122  val_loss: -0.0186  freq: 0.1678  spend: -0.0084  w_freq: 0.556  w_spend: 0.556
Epoch  32/120 — train_loss: -0.0100  val_loss: -0.0393  freq: 0.1398  spend: -0.0117  w_freq: 0.557  w_spend: 0.558
Epoch  33/120 — train_loss: -0.0168  val_loss: -0.0401  freq: 0.1419  spend: -0.0096  w_freq: 0.559  w_spend: 0.560
Epoch  34/120 — train_loss: -0.0198  val_loss: -0.0477  freq: 0.1364  spend: -0.0111  w_freq: 0.561  w_spend: 0.562
Epoch  35/120 — train_loss: -0.0277  val_loss: -0.0529  freq: 0.1328  spend: -0.0110  w_freq: 0.563  w_spend: 0.564
Epoch  36/120 — train_loss: -0.0280  val_loss: -0.0531  freq: 0.1384  spend: -0.0114  w_freq: 0.565  w_spend: 0.566
Epoch  37/120 — train_loss: -0.0368  val_loss: -0.0510  freq: 0.1488  spend: -0.0121  w_freq: 0.567  w_spend: 0.568
Epoch  38/120 — train_loss: -0.0370  val_loss: -0.0425  freq: 0.1688  spend: -0.0113  w_freq: 0.569  w_spend: 0.570
Epoch  39/120 — train_loss: -0.0408  val_loss: -0.0613  freq: 0.1368  spend: -0.0067  w_freq: 0.571  w_spend: 0.572
Epoch  40/120 — train_loss: -0.0491  val_loss: -0.0592  freq: 0.1416  spend: -0.0025  w_freq: 0.573  w_spend: 0.574
Epoch  41/120 — train_loss: -0.0465  val_loss: -0.0646  freq: 0.1429  spend: -0.0085  w_freq: 0.575  w_spend: 0.576
Epoch  42/120 — train_loss: -0.0489  val_loss: -0.0675  freq: 0.1428  spend: -0.0088  w_freq: 0.577  w_spend: 0.577
Epoch  43/120 — train_loss: -0.0524  val_loss: -0.0691  freq: 0.1464  spend: -0.0105  w_freq: 0.578  w_spend: 0.579
Epoch  44/120 — train_loss: -0.0556  val_loss: -0.0707  freq: 0.1477  spend: -0.0100  w_freq: 0.580  w_spend: 0.581
Epoch  45/120 — train_loss: -0.0568  val_loss: -0.0669  freq: 0.1606  spend: -0.0115  w_freq: 0.582  w_spend: 0.582
Epoch  46/120 — train_loss: -0.0665  val_loss: -0.0837  freq: 0.1371  spend: -0.0121  w_freq: 0.584  w_spend: 0.584
Epoch  47/120 — train_loss: -0.0728  val_loss: -0.0853  freq: 0.1391  spend: -0.0120  w_freq: 0.585  w_spend: 0.586
Epoch  48/120 — train_loss: -0.0732  val_loss: -0.0856  freq: 0.1408  spend: -0.0094  w_freq: 0.587  w_spend: 0.588
Epoch  49/120 — train_loss: -0.0752  val_loss: -0.0945  freq: 0.1332  spend: -0.0123  w_freq: 0.589  w_spend: 0.590
Epoch  50/120 — train_loss: -0.0820  val_loss: -0.0855  freq: 0.1522  spend: -0.0115  w_freq: 0.591  w_spend: 0.591
Epoch  51/120 — train_loss: -0.0772  val_loss: -0.0937  freq: 0.1410  spend: -0.0099  w_freq: 0.592  w_spend: 0.593
Epoch  52/120 — train_loss: -0.0855  val_loss: -0.0964  freq: 0.1423  spend: -0.0113  w_freq: 0.594  w_spend: 0.595
Epoch  53/120 — train_loss: -0.0841  val_loss: -0.1012  freq: 0.1380  spend: -0.0106  w_freq: 0.596  w_spend: 0.596
Epoch  54/120 — train_loss: -0.0918  val_loss: -0.1077  freq: 0.1333  spend: -0.0119  w_freq: 0.597  w_spend: 0.598
Epoch  55/120 — train_loss: -0.0910  val_loss: -0.1101  freq: 0.1322  spend: -0.0105  w_freq: 0.599  w_spend: 0.600
Epoch  56/120 — train_loss: -0.0952  val_loss: -0.1128  freq: 0.1312  spend: -0.0098  w_freq: 0.601  w_spend: 0.602
Epoch  57/120 — train_loss: -0.0940  val_loss: -0.1117  freq: 0.1388  spend: -0.0116  w_freq: 0.602  w_spend: 0.603
Epoch  58/120 — train_loss: -0.0963  val_loss: -0.1132  freq: 0.1406  spend: -0.0124  w_freq: 0.604  w_spend: 0.605
Epoch  59/120 — train_loss: -0.1002  val_loss: -0.1143  freq: 0.1414  spend: -0.0113  w_freq: 0.605  w_spend: 0.606
Epoch  60/120 — train_loss: -0.1074  val_loss: -0.1184  freq: 0.1375  spend: -0.0105  w_freq: 0.607  w_spend: 0.608
Epoch  61/120 — train_loss: -0.1082  val_loss: -0.1267  freq: 0.1295  spend: -0.0123  w_freq: 0.608  w_spend: 0.609
Epoch  62/120 — train_loss: -0.1032  val_loss: -0.1229  freq: 0.1391  spend: -0.0127  w_freq: 0.610  w_spend: 0.611
Epoch  63/120 — train_loss: -0.1041  val_loss: -0.1197  freq: 0.1460  spend: -0.0113  w_freq: 0.611  w_spend: 0.612
Epoch  64/120 — train_loss: -0.1149  val_loss: -0.1312  freq: 0.1304  spend: -0.0113  w_freq: 0.612  w_spend: 0.613
Epoch  65/120 — train_loss: -0.1173  val_loss: -0.1314  freq: 0.1341  spend: -0.0122  w_freq: 0.613  w_spend: 0.614
Epoch  66/120 — train_loss: -0.1181  val_loss: -0.1254  freq: 0.1471  spend: -0.0123  w_freq: 0.615  w_spend: 0.616
Epoch  67/120 — train_loss: -0.1212  val_loss: -0.1356  freq: 0.1329  spend: -0.0117  w_freq: 0.616  w_spend: 0.617
Epoch  68/120 — train_loss: -0.1222  val_loss: -0.1382  freq: 0.1318  spend: -0.0118  w_freq: 0.617  w_spend: 0.618
Epoch  69/120 — train_loss: -0.1274  val_loss: -0.1421  freq: 0.1295  spend: -0.0132  w_freq: 0.618  w_spend: 0.619
Epoch  70/120 — train_loss: -0.1263  val_loss: -0.1405  freq: 0.1354  spend: -0.0138  w_freq: 0.619  w_spend: 0.620
Epoch  71/120 — train_loss: -0.1276  val_loss: -0.1466  freq: 0.1287  spend: -0.0140  w_freq: 0.620  w_spend: 0.622
Epoch  72/120 — train_loss: -0.1315  val_loss: -0.1406  freq: 0.1402  spend: -0.0133  w_freq: 0.622  w_spend: 0.623
Epoch  73/120 — train_loss: -0.1293  val_loss: -0.1455  freq: 0.1347  spend: -0.0135  w_freq: 0.623  w_spend: 0.624
Epoch  74/120 — train_loss: -0.1337  val_loss: -0.1498  freq: 0.1291  spend: -0.0127  w_freq: 0.623  w_spend: 0.625
Epoch  75/120 — train_loss: -0.1349  val_loss: -0.1496  freq: 0.1315  spend: -0.0126  w_freq: 0.624  w_spend: 0.626
Epoch  76/120 — train_loss: -0.1394  val_loss: -0.1521  freq: 0.1286  spend: -0.0116  w_freq: 0.625  w_spend: 0.626
Epoch  77/120 — train_loss: -0.1413  val_loss: -0.1461  freq: 0.1408  spend: -0.0121  w_freq: 0.626  w_spend: 0.627
Epoch  78/120 — train_loss: -0.1377  val_loss: -0.1553  freq: 0.1281  spend: -0.0122  w_freq: 0.627  w_spend: 0.628
Epoch  79/120 — train_loss: -0.1382  val_loss: -0.1543  freq: 0.1319  spend: -0.0123  w_freq: 0.628  w_spend: 0.629
Epoch  80/120 — train_loss: -0.1339  val_loss: -0.1563  freq: 0.1312  spend: -0.0129  w_freq: 0.629  w_spend: 0.630
Epoch  81/120 — train_loss: -0.1423  val_loss: -0.1557  freq: 0.1327  spend: -0.0118  w_freq: 0.629  w_spend: 0.631
Epoch  82/120 — train_loss: -0.1439  val_loss: -0.1585  freq: 0.1292  spend: -0.0108  w_freq: 0.630  w_spend: 0.631
Epoch  83/120 — train_loss: -0.1459  val_loss: -0.1561  freq: 0.1353  spend: -0.0115  w_freq: 0.631  w_spend: 0.632
Epoch  84/120 — train_loss: -0.1486  val_loss: -0.1624  freq: 0.1282  spend: -0.0127  w_freq: 0.632  w_spend: 0.633
Epoch  85/120 — train_loss: -0.1465  val_loss: -0.1603  freq: 0.1335  spend: -0.0132  w_freq: 0.632  w_spend: 0.634
Epoch  86/120 — train_loss: -0.1528  val_loss: -0.1633  freq: 0.1302  spend: -0.0128  w_freq: 0.633  w_spend: 0.634
Epoch  87/120 — train_loss: -0.1496  val_loss: -0.1626  freq: 0.1329  spend: -0.0129  w_freq: 0.634  w_spend: 0.635
Epoch  88/120 — train_loss: -0.1543  val_loss: -0.1649  freq: 0.1302  spend: -0.0124  w_freq: 0.634  w_spend: 0.636
Epoch  89/120 — train_loss: -0.1493  val_loss: -0.1663  freq: 0.1300  spend: -0.0132  w_freq: 0.635  w_spend: 0.636
Epoch  90/120 — train_loss: -0.1528  val_loss: -0.1653  freq: 0.1321  spend: -0.0125  w_freq: 0.636  w_spend: 0.637
Epoch  91/120 — train_loss: -0.1526  val_loss: -0.1655  freq: 0.1326  spend: -0.0122  w_freq: 0.636  w_spend: 0.637
Epoch  92/120 — train_loss: -0.1479  val_loss: -0.1689  freq: 0.1287  spend: -0.0128  w_freq: 0.636  w_spend: 0.638
Epoch  93/120 — train_loss: -0.1540  val_loss: -0.1683  freq: 0.1314  spend: -0.0136  w_freq: 0.637  w_spend: 0.638
Epoch  94/120 — train_loss: -0.1553  val_loss: -0.1697  freq: 0.1301  spend: -0.0135  w_freq: 0.637  w_spend: 0.639
Epoch  95/120 — train_loss: -0.1575  val_loss: -0.1711  freq: 0.1292  spend: -0.0140  w_freq: 0.638  w_spend: 0.639
Epoch  96/120 — train_loss: -0.1563  val_loss: -0.1700  freq: 0.1318  spend: -0.0142  w_freq: 0.638  w_spend: 0.639
Epoch  97/120 — train_loss: -0.1588  val_loss: -0.1720  freq: 0.1296  spend: -0.0143  w_freq: 0.638  w_spend: 0.640
Epoch  98/120 — train_loss: -0.1560  val_loss: -0.1716  freq: 0.1310  spend: -0.0144  w_freq: 0.639  w_spend: 0.640
Epoch  99/120 — train_loss: -0.1542  val_loss: -0.1728  freq: 0.1294  spend: -0.0141  w_freq: 0.639  w_spend: 0.640
Epoch 100/120 — train_loss: -0.1535  val_loss: -0.1732  freq: 0.1296  spend: -0.0143  w_freq: 0.639  w_spend: 0.641
Epoch 101/120 — train_loss: -0.1602  val_loss: -0.1737  freq: 0.1291  spend: -0.0142  w_freq: 0.639  w_spend: 0.641
Epoch 102/120 — train_loss: -0.1548  val_loss: -0.1732  freq: 0.1302  spend: -0.0140  w_freq: 0.640  w_spend: 0.641
Epoch 103/120 — train_loss: -0.1581  val_loss: -0.1740  freq: 0.1292  spend: -0.0138  w_freq: 0.640  w_spend: 0.641
Epoch 104/120 — train_loss: -0.1587  val_loss: -0.1735  freq: 0.1304  spend: -0.0139  w_freq: 0.640  w_spend: 0.641
Epoch 105/120 — train_loss: -0.1588  val_loss: -0.1739  freq: 0.1301  spend: -0.0140  w_freq: 0.640  w_spend: 0.641
Epoch 106/120 — train_loss: -0.1573  val_loss: -0.1736  freq: 0.1309  spend: -0.0140  w_freq: 0.640  w_spend: 0.642
Epoch 107/120 — train_loss: -0.1635  val_loss: -0.1743  freq: 0.1300  spend: -0.0139  w_freq: 0.640  w_spend: 0.642
Epoch 108/120 — train_loss: -0.1609  val_loss: -0.1746  freq: 0.1297  spend: -0.0139  w_freq: 0.640  w_spend: 0.642
Epoch 109/120 — train_loss: -0.1591  val_loss: -0.1749  freq: 0.1295  spend: -0.0140  w_freq: 0.641  w_spend: 0.642
Epoch 110/120 — train_loss: -0.1558  val_loss: -0.1750  freq: 0.1295  spend: -0.0140  w_freq: 0.641  w_spend: 0.642
Epoch 111/120 — train_loss: -0.1609  val_loss: -0.1749  freq: 0.1299  spend: -0.0141  w_freq: 0.641  w_spend: 0.642
Epoch 112/120 — train_loss: -0.1565  val_loss: -0.1751  freq: 0.1296  spend: -0.0141  w_freq: 0.641  w_spend: 0.642
Epoch 113/120 — train_loss: -0.1588  val_loss: -0.1753  freq: 0.1293  spend: -0.0141  w_freq: 0.641  w_spend: 0.642
Epoch 114/120 — train_loss: -0.1691  val_loss: -0.1755  freq: 0.1292  spend: -0.0141  w_freq: 0.641  w_spend: 0.642
Epoch 115/120 — train_loss: -0.1614  val_loss: -0.1754  freq: 0.1292  spend: -0.0141  w_freq: 0.641  w_spend: 0.642
Epoch 116/120 — train_loss: -0.1631  val_loss: -0.1754  freq: 0.1293  spend: -0.0141  w_freq: 0.641  w_spend: 0.642
Epoch 117/120 — train_loss: -0.1603  val_loss: -0.1754  freq: 0.1293  spend: -0.0141  w_freq: 0.641  w_spend: 0.642
Epoch 118/120 — train_loss: -0.1616  val_loss: -0.1754  freq: 0.1293  spend: -0.0141  w_freq: 0.641  w_spend: 0.642
Epoch 119/120 — train_loss: -0.1598  val_loss: -0.1754  freq: 0.1293  spend: -0.0141  w_freq: 0.641  w_spend: 0.642
Epoch 120/120 — train_loss: -0.1545  val_loss: -0.1754  freq: 0.1293  spend: -0.0141  w_freq: 0.641  w_spend: 0.642

Checkpoint saved: /kaggle/working/results/checkpoints/transformer_joint_cdnow_v7_seed2024_sample.pt
Validation-fitted softmax temperature: 0.7500

Duan's smearing factor (val): 1.2195
Validation aggregate calibration: freq_factor=3.2770, spend_factor=2.6555

Running autoregressive inference on holdout period ...
  inference mode: sample  n_scenarios: 30  temperature: 0.7500

=== Prediction Diagnostics ===
  Mean predicted freq/week:    0.0026
  Mean actual freq/week:       0.0196
  Over-prediction ratio:       0.133x
  Customers predicted as zero total:  0.955
  Customers actually zero total:      0.781
  Non-zero rate (pred, avg > 0.05):  0.016
  Non-zero rate (true):               0.018

Metrics saved: /kaggle/working/results/tables/transformer_joint_cdnow_v7_seed2024_sample_metrics.json
Array artifacts saved: /kaggle/working/results/tables/transformer_joint_cdnow_v7_seed2024_sample_arrays.npz

=== Holdout Evaluation ===
  metric_definition_version: valendin_aggregate_mape_v1
  freq_rmse: 1.2266
  freq_mae: 0.4463
  freq_normalized_gini: 0.5843
  freq_calibration_factor: 3.2770
  freq_horizon_abs_bias_pct: 56.3545
  bias_pct: -56.3545
  freq_weekly_mae: 27.1312
  freq_weekly_total_true: 1196.0000
  freq_weekly_total_pred: 522.0008
  freq_valendin_mape: 58.9809
  freq_horizon_bias_pct: -56.3545
  freq_weekly_mean_pct_mape: 59.3194
  freq_weekly_mean_pct_bias_pct: -55.4706
  freq_weekly_bias_pct: -56.3545
  freq_weekly_mape: 58.9809
  freq_mape: 58.9809
  freq_mase: 0.3128
  freq_mase_scale: 0.0834
  smearing_factor: 1.2195
  spend_calibration_factor: 2.6555
  spend_mae_raw: 16.1519
  spend_rmse_raw: 48.7220
  spend_normalized_gini: 0.5874
  spend_mae_log: 0.7520
  spend_rmse_log: 1.5581
  spend_r2_log: 0.1625
  spend_bias_pct: -56.7553
  spend_weekly_mae: 979.6171
  spend_weekly_total_true: 43103.4400
  spend_weekly_total_pred: 18639.9700
  spend_valendin_mape: 59.0905
  spend_horizon_abs_bias_pct: 56.7553
  spend_horizon_bias_pct: -56.7553
  spend_weekly_mean_pct_mape: 59.4110
  spend_weekly_mean_pct_bias_pct: -54.7907
  spend_weekly_bias_pct: -56.7553
  spend_weekly_mape: 59.0905
  spend_mase: 0.5295
  spend_mase_scale: 1.7675
  clv_mae: 15.8206
  clv_rmse: 47.6898
  clv_spearman: 0.4588
  clv_decile_lift: 5.1935
  clv_normalized_gini: 0.5880
  clv_total_true: 42218.7344
  clv_total_pred: 18376.0977
  calibration_temperature_source: rolling_origin_autoregressive
  validation_temperature: 0.7500
  smearing_source: rolling_origin_autoregressive
  calibration_source: rolling_origin_autoregressive
  validation_freq_true_total: 120.0000
  validation_freq_pred_total: 36.6185
  validation_spend_true_total: 4587.6401
  validation_spend_pred_total: 1727.6147
  validation_freq_calibration_factor: 3.2770
  validation_spend_calibration_factor: 2.6555
  validation_rolling_origin_count: 2
  protocol_name: cdnow_sample_52x26
  cohort_size: 2349
  calibration_weeks: 52
  holdout_weeks: 26
  inference_mode: sample
  n_scenarios: 30
  final_manifest_version: 2026-05-29-v7-v8-extension3-sweep
  final_manifest_run_name: transformer_joint_cdnow_v7_seed2024_sample
  final_manifest_config: experiments/configs/transformer_joint_cdnow_v7.yaml
  final_manifest_config_hash: 2cbde21da7a6
  final_manifest_actual_config_hash: 23e4a860a7fc
  final_manifest_seed: 2024
  final_manifest_epochs: 120
  final_manifest_inference_mode: sample
  final_manifest_n_scenarios: 30
  run_valid: False
  run_invalid_reason: absolute frequency bias -56.4% exceeds 15.0%; absolute spend bias -56.8% exceeds 50.0%
  run_warning: large frequency bias (-56.4%); large spend bias (-56.8%)
  epochs_completed: 120
  max_epochs_configured: 120
History saved: /kaggle/working/results/tables/transformer_joint_cdnow_v7_seed2024_sample_history.json
