[Kaggle] raw_dir  → /kaggle/working/input/uci-retail
[Kaggle] results  → /kaggle/working/results
Config: experiments/configs/transformer_joint_uci_v7.yaml
Run: transformer_joint_uci_v7_seed7_sample
Device: cuda
Loading dataset: uci ...
[pipeline] freq_cap=4 (auto q=0.99) → freq_bins=[0, 1, 2, 3]... (n_classes=5)
  Train customers: 4437, Val: 493, Inference: 4930
[uci] Customers with 0 calibration transactions: 0 / 4930
  top-bin decode: class_values[-1] = 5.515 (max_trans = 4)
Model: transformer — 102,086 parameters

Training for up to 120 epochs ...
/kaggle/working/thesis-code/src/training/trainer.py:135: FutureWarning: `torch.cuda.amp.GradScaler(args...)` is deprecated. Please use `torch.amp.GradScaler('cuda', args...)` instead.
  self.scaler = torch.cuda.amp.GradScaler(enabled=self.amp_enabled)
[Kendall] log_vars frozen for 5 warm-up epochs.
Epoch   1/120 — train_loss: 7.7381  val_loss: 7.1954  freq: 14.3477  spend: 0.0432  w_freq: 0.500  w_spend: 0.500
Epoch   2/120 — train_loss: 5.5200  val_loss: 3.4863  freq: 6.9271  spend: 0.0456  w_freq: 0.500  w_spend: 0.500
Epoch   3/120 — train_loss: 1.6013  val_loss: 0.3021  freq: 0.5635  spend: 0.0408  w_freq: 0.500  w_spend: 0.500
Epoch   4/120 — train_loss: 0.2817  val_loss: 0.2319  freq: 0.4235  spend: 0.0403  w_freq: 0.500  w_spend: 0.500
Epoch   5/120 — train_loss: 0.2286  val_loss: 0.2016  freq: 0.3611  spend: 0.0422  w_freq: 0.500  w_spend: 0.500
[Kendall] log_vars unfrozen at epoch 6.
[spend-norm] frozen at 0.4862 (absolute val-loss magnitude shifts accordingly; early stopping is relative so this is safe)
Epoch   6/120 — train_loss: 0.2278  val_loss: 0.2217  freq: 0.3776  spend: 0.0782  w_freq: 0.502  w_spend: 0.502
Epoch   7/120 — train_loss: 0.2133  val_loss: 0.1919  freq: 0.3392  spend: 0.0700  w_freq: 0.506  w_spend: 0.506
Epoch   8/120 — train_loss: 0.1927  val_loss: 0.1696  freq: 0.3222  spend: 0.0565  w_freq: 0.510  w_spend: 0.510
Epoch   9/120 — train_loss: 0.1704  val_loss: 0.1522  freq: 0.3159  spend: 0.0435  w_freq: 0.515  w_spend: 0.515
Epoch  10/120 — train_loss: 0.1573  val_loss: 0.1369  freq: 0.3045  spend: 0.0394  w_freq: 0.519  w_spend: 0.519
Epoch  11/120 — train_loss: 0.1457  val_loss: 0.1286  freq: 0.3047  spend: 0.0368  w_freq: 0.524  w_spend: 0.524
Epoch  12/120 — train_loss: 0.1376  val_loss: 0.1302  freq: 0.3178  spend: 0.0383  w_freq: 0.528  w_spend: 0.528
Epoch  13/120 — train_loss: 0.1291  val_loss: 0.1197  freq: 0.3099  spend: 0.0365  w_freq: 0.532  w_spend: 0.532
Epoch  14/120 — train_loss: 0.1149  val_loss: 0.1049  freq: 0.2957  spend: 0.0347  w_freq: 0.536  w_spend: 0.535
Epoch  15/120 — train_loss: 0.1051  val_loss: 0.0984  freq: 0.2968  spend: 0.0338  w_freq: 0.540  w_spend: 0.540
Epoch  16/120 — train_loss: 0.0983  val_loss: 0.0884  freq: 0.2892  spend: 0.0350  w_freq: 0.544  w_spend: 0.544
Epoch  17/120 — train_loss: 0.0900  val_loss: 0.0754  freq: 0.2783  spend: 0.0333  w_freq: 0.548  w_spend: 0.548
Epoch  18/120 — train_loss: 0.0841  val_loss: 0.0646  freq: 0.2690  spend: 0.0334  w_freq: 0.552  w_spend: 0.552
Epoch  19/120 — train_loss: 0.0772  val_loss: 0.0587  freq: 0.2713  spend: 0.0304  w_freq: 0.556  w_spend: 0.556
Epoch  20/120 — train_loss: 0.0677  val_loss: 0.0521  freq: 0.2705  spend: 0.0312  w_freq: 0.560  w_spend: 0.560
Epoch  21/120 — train_loss: 0.0562  val_loss: 0.0429  freq: 0.2665  spend: 0.0316  w_freq: 0.565  w_spend: 0.565
Epoch  22/120 — train_loss: 0.0506  val_loss: 0.0351  freq: 0.2649  spend: 0.0305  w_freq: 0.570  w_spend: 0.569
Epoch  23/120 — train_loss: 0.0429  val_loss: 0.0286  freq: 0.2643  spend: 0.0301  w_freq: 0.574  w_spend: 0.573
Epoch  24/120 — train_loss: 0.0357  val_loss: 0.0213  freq: 0.2641  spend: 0.0289  w_freq: 0.578  w_spend: 0.578
Epoch  25/120 — train_loss: 0.0277  val_loss: 0.0169  freq: 0.2701  spend: 0.0274  w_freq: 0.583  w_spend: 0.582
Epoch  26/120 — train_loss: 0.0160  val_loss: 0.0042  freq: 0.2624  spend: 0.0266  w_freq: 0.588  w_spend: 0.588
Epoch  27/120 — train_loss: 0.0092  val_loss: -0.0040  freq: 0.2605  spend: 0.0263  w_freq: 0.593  w_spend: 0.593
Epoch  28/120 — train_loss: 0.0007  val_loss: -0.0105  freq: 0.2599  spend: 0.0268  w_freq: 0.598  w_spend: 0.598
Epoch  29/120 — train_loss: -0.0053  val_loss: -0.0152  freq: 0.2607  spend: 0.0279  w_freq: 0.602  w_spend: 0.602
Epoch  30/120 — train_loss: -0.0145  val_loss: -0.0235  freq: 0.2600  spend: 0.0255  w_freq: 0.607  w_spend: 0.607
Epoch  31/120 — train_loss: -0.0203  val_loss: -0.0264  freq: 0.2632  spend: 0.0288  w_freq: 0.612  w_spend: 0.612
Epoch  32/120 — train_loss: -0.0216  val_loss: -0.0298  freq: 0.2649  spend: 0.0300  w_freq: 0.616  w_spend: 0.616
Epoch  33/120 — train_loss: -0.0312  val_loss: -0.0305  freq: 0.2725  spend: 0.0295  w_freq: 0.620  w_spend: 0.620
Epoch  34/120 — train_loss: -0.0396  val_loss: -0.0474  freq: 0.2570  spend: 0.0261  w_freq: 0.624  w_spend: 0.624
Epoch  35/120 — train_loss: -0.0456  val_loss: -0.0517  freq: 0.2586  spend: 0.0271  w_freq: 0.628  w_spend: 0.628
Epoch  36/120 — train_loss: -0.0497  val_loss: -0.0563  freq: 0.2589  spend: 0.0273  w_freq: 0.632  w_spend: 0.632
Epoch  37/120 — train_loss: -0.0570  val_loss: -0.0644  freq: 0.2570  spend: 0.0252  w_freq: 0.636  w_spend: 0.636
Epoch  38/120 — train_loss: -0.0618  val_loss: -0.0690  freq: 0.2570  spend: 0.0266  w_freq: 0.640  w_spend: 0.641
Epoch  39/120 — train_loss: -0.0675  val_loss: -0.0756  freq: 0.2583  spend: 0.0237  w_freq: 0.645  w_spend: 0.645
Epoch  40/120 — train_loss: -0.0708  val_loss: -0.0771  freq: 0.2605  spend: 0.0265  w_freq: 0.649  w_spend: 0.649
Epoch  41/120 — train_loss: -0.0765  val_loss: -0.0819  freq: 0.2616  spend: 0.0249  w_freq: 0.652  w_spend: 0.653
Epoch  42/120 — train_loss: -0.0848  val_loss: -0.0928  freq: 0.2544  spend: 0.0240  w_freq: 0.656  w_spend: 0.657
Epoch  43/120 — train_loss: -0.0899  val_loss: -0.0967  freq: 0.2564  spend: 0.0240  w_freq: 0.660  w_spend: 0.662
Epoch  44/120 — train_loss: -0.0988  val_loss: -0.1019  freq: 0.2590  spend: 0.0232  w_freq: 0.665  w_spend: 0.666
Epoch  45/120 — train_loss: -0.1015  val_loss: -0.1084  freq: 0.2565  spend: 0.0244  w_freq: 0.670  w_spend: 0.672
Epoch  46/120 — train_loss: -0.1105  val_loss: -0.1122  freq: 0.2576  spend: 0.0257  w_freq: 0.674  w_spend: 0.676
Epoch  47/120 — train_loss: -0.1179  val_loss: -0.1233  freq: 0.2539  spend: 0.0224  w_freq: 0.679  w_spend: 0.681
Epoch  48/120 — train_loss: -0.1247  val_loss: -0.1278  freq: 0.2533  spend: 0.0245  w_freq: 0.684  w_spend: 0.686
Epoch  49/120 — train_loss: -0.1261  val_loss: -0.1332  freq: 0.2548  spend: 0.0227  w_freq: 0.689  w_spend: 0.691
Epoch  50/120 — train_loss: -0.1317  val_loss: -0.1371  freq: 0.2538  spend: 0.0244  w_freq: 0.693  w_spend: 0.695
Epoch  51/120 — train_loss: -0.1373  val_loss: -0.1398  freq: 0.2547  spend: 0.0256  w_freq: 0.696  w_spend: 0.699
Epoch  52/120 — train_loss: -0.1395  val_loss: -0.1439  freq: 0.2552  spend: 0.0250  w_freq: 0.700  w_spend: 0.702
Epoch  53/120 — train_loss: -0.1466  val_loss: -0.1515  freq: 0.2544  spend: 0.0225  w_freq: 0.703  w_spend: 0.706
Epoch  54/120 — train_loss: -0.1508  val_loss: -0.1556  freq: 0.2548  spend: 0.0230  w_freq: 0.708  w_spend: 0.711
Epoch  55/120 — train_loss: -0.1547  val_loss: -0.1619  freq: 0.2523  spend: 0.0225  w_freq: 0.712  w_spend: 0.715
Epoch  56/120 — train_loss: -0.1610  val_loss: -0.1641  freq: 0.2540  spend: 0.0239  w_freq: 0.715  w_spend: 0.719
Epoch  57/120 — train_loss: -0.1666  val_loss: -0.1667  freq: 0.2568  spend: 0.0240  w_freq: 0.719  w_spend: 0.723
Epoch  58/120 — train_loss: -0.1672  val_loss: -0.1734  freq: 0.2531  spend: 0.0236  w_freq: 0.723  w_spend: 0.727
Epoch  59/120 — train_loss: -0.1765  val_loss: -0.1774  freq: 0.2536  spend: 0.0229  w_freq: 0.726  w_spend: 0.731
Epoch  60/120 — train_loss: -0.1773  val_loss: -0.1791  freq: 0.2557  spend: 0.0237  w_freq: 0.730  w_spend: 0.734
Epoch  61/120 — train_loss: -0.1834  val_loss: -0.1851  freq: 0.2522  spend: 0.0241  w_freq: 0.733  w_spend: 0.738
Epoch  62/120 — train_loss: -0.1870  val_loss: -0.1884  freq: 0.2538  spend: 0.0232  w_freq: 0.736  w_spend: 0.741
Epoch  63/120 — train_loss: -0.1892  val_loss: -0.1913  freq: 0.2525  spend: 0.0250  w_freq: 0.740  w_spend: 0.745
Epoch  64/120 — train_loss: -0.1946  val_loss: -0.1938  freq: 0.2542  spend: 0.0243  w_freq: 0.742  w_spend: 0.748
Epoch  65/120 — train_loss: -0.1983  val_loss: -0.1992  freq: 0.2518  spend: 0.0235  w_freq: 0.745  w_spend: 0.751
Epoch  66/120 — train_loss: -0.1989  val_loss: -0.1966  freq: 0.2561  spend: 0.0266  w_freq: 0.748  w_spend: 0.754
Epoch  67/120 — train_loss: -0.2012  val_loss: -0.2033  freq: 0.2536  spend: 0.0239  w_freq: 0.751  w_spend: 0.757
Epoch  68/120 — train_loss: -0.2030  val_loss: -0.2065  freq: 0.2536  spend: 0.0232  w_freq: 0.753  w_spend: 0.759
Epoch  69/120 — train_loss: -0.2082  val_loss: -0.2089  freq: 0.2543  spend: 0.0235  w_freq: 0.756  w_spend: 0.762
Epoch  70/120 — train_loss: -0.2115  val_loss: -0.2131  freq: 0.2528  spend: 0.0236  w_freq: 0.759  w_spend: 0.765
Epoch  71/120 — train_loss: -0.2141  val_loss: -0.2129  freq: 0.2565  spend: 0.0241  w_freq: 0.762  w_spend: 0.768
Epoch  72/120 — train_loss: -0.2146  val_loss: -0.2140  freq: 0.2590  spend: 0.0235  w_freq: 0.764  w_spend: 0.771
Epoch  73/120 — train_loss: -0.2201  val_loss: -0.2190  freq: 0.2545  spend: 0.0246  w_freq: 0.766  w_spend: 0.774
Epoch  74/120 — train_loss: -0.2236  val_loss: -0.2249  freq: 0.2526  spend: 0.0225  w_freq: 0.769  w_spend: 0.776
Epoch  75/120 — train_loss: -0.2270  val_loss: -0.2178  freq: 0.2636  spend: 0.0239  w_freq: 0.771  w_spend: 0.779
Epoch  76/120 — train_loss: -0.2308  val_loss: -0.2277  freq: 0.2530  spend: 0.0245  w_freq: 0.774  w_spend: 0.781
Epoch  77/120 — train_loss: -0.2312  val_loss: -0.2315  freq: 0.2524  spend: 0.0231  w_freq: 0.776  w_spend: 0.784
Epoch  78/120 — train_loss: -0.2318  val_loss: -0.2327  freq: 0.2528  spend: 0.0239  w_freq: 0.778  w_spend: 0.786
Epoch  79/120 — train_loss: -0.2333  val_loss: -0.2367  freq: 0.2520  spend: 0.0223  w_freq: 0.780  w_spend: 0.788
Epoch  80/120 — train_loss: -0.2366  val_loss: -0.2355  freq: 0.2549  spend: 0.0236  w_freq: 0.782  w_spend: 0.790
Epoch  81/120 — train_loss: -0.2407  val_loss: -0.2363  freq: 0.2559  spend: 0.0242  w_freq: 0.784  w_spend: 0.792
Epoch  82/120 — train_loss: -0.2427  val_loss: -0.2401  freq: 0.2522  spend: 0.0255  w_freq: 0.786  w_spend: 0.794
Epoch  83/120 — train_loss: -0.2421  val_loss: -0.2431  freq: 0.2536  spend: 0.0226  w_freq: 0.788  w_spend: 0.796
Epoch  84/120 — train_loss: -0.2468  val_loss: -0.2449  freq: 0.2525  spend: 0.0238  w_freq: 0.789  w_spend: 0.798
Epoch  85/120 — train_loss: -0.2481  val_loss: -0.2475  freq: 0.2522  spend: 0.0229  w_freq: 0.791  w_spend: 0.800
Epoch  86/120 — train_loss: -0.2511  val_loss: -0.2476  freq: 0.2545  spend: 0.0224  w_freq: 0.793  w_spend: 0.802
Epoch  87/120 — train_loss: -0.2501  val_loss: -0.2487  freq: 0.2548  spend: 0.0229  w_freq: 0.794  w_spend: 0.803
Epoch  88/120 — train_loss: -0.2536  val_loss: -0.2528  freq: 0.2520  spend: 0.0225  w_freq: 0.796  w_spend: 0.805
Epoch  89/120 — train_loss: -0.2523  val_loss: -0.2508  freq: 0.2559  spend: 0.0228  w_freq: 0.797  w_spend: 0.807
Epoch  90/120 — train_loss: -0.2551  val_loss: -0.2517  freq: 0.2546  spend: 0.0243  w_freq: 0.799  w_spend: 0.808
Epoch  91/120 — train_loss: -0.2559  val_loss: -0.2532  freq: 0.2557  spend: 0.0228  w_freq: 0.800  w_spend: 0.809
Epoch  92/120 — train_loss: -0.2601  val_loss: -0.2566  freq: 0.2524  spend: 0.0232  w_freq: 0.801  w_spend: 0.810
Epoch  93/120 — train_loss: -0.2586  val_loss: -0.2559  freq: 0.2542  spend: 0.0235  w_freq: 0.802  w_spend: 0.811
Epoch  94/120 — train_loss: -0.2594  val_loss: -0.2562  freq: 0.2553  spend: 0.0233  w_freq: 0.803  w_spend: 0.813
Epoch  95/120 — train_loss: -0.2603  val_loss: -0.2596  freq: 0.2526  spend: 0.0230  w_freq: 0.804  w_spend: 0.814
Epoch  96/120 — train_loss: -0.2628  val_loss: -0.2594  freq: 0.2538  spend: 0.0231  w_freq: 0.805  w_spend: 0.815
Epoch  97/120 — train_loss: -0.2638  val_loss: -0.2598  freq: 0.2543  spend: 0.0231  w_freq: 0.806  w_spend: 0.815
Epoch  98/120 — train_loss: -0.2625  val_loss: -0.2620  freq: 0.2528  spend: 0.0227  w_freq: 0.806  w_spend: 0.816
Epoch  99/120 — train_loss: -0.2651  val_loss: -0.2592  freq: 0.2564  spend: 0.0234  w_freq: 0.807  w_spend: 0.817
Epoch 100/120 — train_loss: -0.2639  val_loss: -0.2600  freq: 0.2560  spend: 0.0235  w_freq: 0.808  w_spend: 0.818
Epoch 101/120 — train_loss: -0.2662  val_loss: -0.2634  freq: 0.2531  spend: 0.0229  w_freq: 0.808  w_spend: 0.818
Epoch 102/120 — train_loss: -0.2660  val_loss: -0.2631  freq: 0.2536  spend: 0.0234  w_freq: 0.809  w_spend: 0.819
Epoch 103/120 — train_loss: -0.2660  val_loss: -0.2640  freq: 0.2530  spend: 0.0233  w_freq: 0.809  w_spend: 0.819
Epoch 104/120 — train_loss: -0.2676  val_loss: -0.2636  freq: 0.2543  spend: 0.0230  w_freq: 0.810  w_spend: 0.820
Epoch 105/120 — train_loss: -0.2691  val_loss: -0.2644  freq: 0.2534  spend: 0.0234  w_freq: 0.810  w_spend: 0.820
Epoch 106/120 — train_loss: -0.2680  val_loss: -0.2641  freq: 0.2545  spend: 0.0231  w_freq: 0.810  w_spend: 0.821
Epoch 107/120 — train_loss: -0.2662  val_loss: -0.2640  freq: 0.2547  spend: 0.0233  w_freq: 0.811  w_spend: 0.821
Epoch 108/120 — train_loss: -0.2671  val_loss: -0.2640  freq: 0.2550  spend: 0.0233  w_freq: 0.811  w_spend: 0.821
Epoch 109/120 — train_loss: -0.2675  val_loss: -0.2643  freq: 0.2547  spend: 0.0235  w_freq: 0.811  w_spend: 0.821
Epoch 110/120 — train_loss: -0.2696  val_loss: -0.2645  freq: 0.2545  spend: 0.0236  w_freq: 0.811  w_spend: 0.822
Epoch 111/120 — train_loss: -0.2692  val_loss: -0.2641  freq: 0.2554  spend: 0.0234  w_freq: 0.811  w_spend: 0.822
Epoch 112/120 — train_loss: -0.2693  val_loss: -0.2641  freq: 0.2556  spend: 0.0234  w_freq: 0.812  w_spend: 0.822
Epoch 113/120 — train_loss: -0.2677  val_loss: -0.2644  freq: 0.2553  spend: 0.0234  w_freq: 0.812  w_spend: 0.822
Epoch 114/120 — train_loss: -0.2693  val_loss: -0.2644  freq: 0.2553  spend: 0.0234  w_freq: 0.812  w_spend: 0.822
Epoch 115/120 — train_loss: -0.2683  val_loss: -0.2645  freq: 0.2553  spend: 0.0234  w_freq: 0.812  w_spend: 0.822
Epoch 116/120 — train_loss: -0.2675  val_loss: -0.2646  freq: 0.2552  spend: 0.0234  w_freq: 0.812  w_spend: 0.822
Epoch 117/120 — train_loss: -0.2680  val_loss: -0.2644  freq: 0.2556  spend: 0.0233  w_freq: 0.812  w_spend: 0.822
Epoch 118/120 — train_loss: -0.2684  val_loss: -0.2644  freq: 0.2557  spend: 0.0233  w_freq: 0.812  w_spend: 0.822
Epoch 119/120 — train_loss: -0.2674  val_loss: -0.2644  freq: 0.2556  spend: 0.0233  w_freq: 0.812  w_spend: 0.822
Epoch 120/120 — train_loss: -0.2682  val_loss: -0.2644  freq: 0.2556  spend: 0.0233  w_freq: 0.812  w_spend: 0.822

Checkpoint saved: /kaggle/working/results/checkpoints/transformer_joint_uci_v7_seed7_sample.pt
Validation-fitted softmax temperature: 0.7500

Duan's smearing factor (val): 1.2176
Validation aggregate calibration: freq_factor=1.8134, spend_factor=1.5970

Running autoregressive inference on holdout period ...
  inference mode: sample  n_scenarios: 30  temperature: 0.7500

=== Prediction Diagnostics ===
  Mean predicted freq/week:    0.0264
  Mean actual freq/week:       0.0656
  Over-prediction ratio:       0.403x
  Customers predicted as zero total:  0.787
  Customers actually zero total:      0.484
  Non-zero rate (pred, avg > 0.05):  0.113
  Non-zero rate (true):               0.055

Metrics saved: /kaggle/working/results/tables/transformer_joint_uci_v7_seed7_sample_metrics.json
Array artifacts saved: /kaggle/working/results/tables/transformer_joint_uci_v7_seed7_sample_arrays.npz

=== Holdout Evaluation ===
  metric_definition_version: valendin_aggregate_mape_v1
  freq_rmse: 3.0716
  freq_mae: 1.2343
  freq_normalized_gini: 0.7535
  freq_calibration_factor: 1.8134
  freq_horizon_abs_bias_pct: 26.9919
  bias_pct: -26.9919
  freq_weekly_mae: 98.6122
  freq_weekly_total_true: 8413.0000
  freq_weekly_total_pred: 6142.1752
  freq_valendin_mape: 30.4757
  freq_horizon_bias_pct: -26.9919
  freq_weekly_mean_pct_mape: 27.4786
  freq_weekly_mean_pct_bias_pct: -22.8945
  freq_weekly_bias_pct: -26.9919
  freq_weekly_mape: 30.4757
  freq_mape: 30.4757
  freq_mase: 0.7631
  freq_mase_scale: 0.1146
  smearing_factor: 1.2176
  spend_calibration_factor: 1.5970
  spend_mae_raw: 583.4942
  spend_rmse_raw: 3354.1885
  spend_normalized_gini: 0.8245
  spend_mae_log: 1.9982
  spend_rmse_log: 2.9091
  spend_r2_log: 0.2500
  spend_bias_pct: -36.9158
  spend_weekly_mae: 64279.2308
  spend_weekly_total_true: 4266929.6797
  spend_weekly_total_pred: 2691758.6094
  spend_valendin_mape: 39.1677
  spend_horizon_abs_bias_pct: 36.9158
  spend_horizon_bias_pct: -36.9158
  spend_weekly_mean_pct_mape: 35.0848
  spend_weekly_mean_pct_bias_pct: -31.3089
  spend_weekly_bias_pct: -36.9158
  spend_weekly_mape: 39.1677
  spend_mase: 1.1584
  spend_mase_scale: 36.7368
  clv_mae: 568.6473
  clv_rmse: 3271.0452
  clv_spearman: 0.5994
  clv_decile_lift: 6.1574
  clv_normalized_gini: 0.8249
  clv_total_true: 4160751.5000
  clv_total_pred: 2634317.0000
  calibration_temperature_source: rolling_origin_autoregressive
  validation_temperature: 0.7500
  smearing_source: rolling_origin_autoregressive
  calibration_source: rolling_origin_autoregressive
  validation_freq_true_total: 662.0000
  validation_freq_pred_total: 365.0642
  validation_spend_true_total: 287846.2422
  validation_spend_pred_total: 180240.3281
  validation_freq_calibration_factor: 1.8134
  validation_spend_calibration_factor: 1.5970
  validation_rolling_origin_count: 2
  protocol_name: uci_configured_78x26
  cohort_size: 4930
  calibration_weeks: 78
  holdout_weeks: 26
  inference_mode: sample
  n_scenarios: 30
  final_manifest_version: 2026-05-29-v7-v8-extension3-sweep
  final_manifest_run_name: transformer_joint_uci_v7_seed7_sample
  final_manifest_config: experiments/configs/transformer_joint_uci_v7.yaml
  final_manifest_config_hash: 17f7c3d1c885
  final_manifest_actual_config_hash: 11449f16827e
  final_manifest_seed: 7
  final_manifest_epochs: 120
  final_manifest_inference_mode: sample
  final_manifest_n_scenarios: 30
  run_valid: False
  run_invalid_reason: absolute frequency bias -27.0% exceeds 15.0%
  run_warning: large frequency bias (-27.0%); large spend bias (-36.9%)
  epochs_completed: 120
  max_epochs_configured: 120
History saved: /kaggle/working/results/tables/transformer_joint_uci_v7_seed7_sample_history.json
