[Kaggle] raw_dir  → /kaggle/working/input/cdnow-dataset
[Kaggle] results  → /kaggle/working/results
Config: experiments/configs/transformer_joint_cdnow_v7_twostage.yaml
Run: transformer_joint_cdnow_v7_twostage_seed42_sample
Device: cuda
Loading dataset: cdnow ...
[pipeline] freq_bins from config: [0, 1, 2, 3]
  Train customers: 2115, Val: 234, Inference: 2349
[cdnow] Customers with 0 calibration transactions: 0 / 2349
  top-bin decode: class_values[-1] = 4.071 (max_trans = 3)
Model: transformer — 101,950 parameters

Training for up to 120 epochs ...
/kaggle/working/thesis-code/src/training/trainer.py:135: FutureWarning: `torch.cuda.amp.GradScaler(args...)` is deprecated. Please use `torch.amp.GradScaler('cuda', args...)` instead.
  self.scaler = torch.cuda.amp.GradScaler(enabled=self.amp_enabled)

[two-stage] Stage 1: frequency-only for up to 60 epochs (patience=15) ...
[Kendall] log_vars frozen for 5 warm-up epochs.
Epoch   1/60 — train_loss: 7.1136  val_loss: 5.0488  freq: 5.0488  spend: 0.2818  w_freq: 1.000  w_spend: 0.000
Epoch   2/60 — train_loss: 4.6329  val_loss: 1.8419  freq: 1.8419  spend: 0.2810  w_freq: 1.000  w_spend: 0.000
Epoch   3/60 — train_loss: 1.6439  val_loss: 0.5796  freq: 0.5796  spend: 0.2845  w_freq: 1.000  w_spend: 0.000
Epoch   4/60 — train_loss: 0.4320  val_loss: 0.3600  freq: 0.3600  spend: 0.2948  w_freq: 1.000  w_spend: 0.000
Epoch   5/60 — train_loss: 0.3217  val_loss: 0.2084  freq: 0.2084  spend: 0.2864  w_freq: 1.000  w_spend: 0.000
[Kendall] log_vars unfrozen at epoch 6.
[spend-norm] frozen at 0.3623 (absolute val-loss magnitude shifts accordingly; early stopping is relative so this is safe)
Epoch   6/60 — train_loss: 0.2337  val_loss: 0.2255  freq: 0.2255  spend: 0.7923  w_freq: 1.000  w_spend: 0.000
Epoch   7/60 — train_loss: 0.2145  val_loss: 0.1620  freq: 0.1620  spend: 0.7871  w_freq: 1.000  w_spend: 0.000
Epoch   8/60 — train_loss: 0.2166  val_loss: 0.2056  freq: 0.2056  spend: 0.7888  w_freq: 1.000  w_spend: 0.000
Epoch   9/60 — train_loss: 0.1916  val_loss: 0.1699  freq: 0.1699  spend: 0.7832  w_freq: 1.000  w_spend: 0.000
Epoch  10/60 — train_loss: 0.1770  val_loss: 0.1652  freq: 0.1652  spend: 0.7815  w_freq: 1.000  w_spend: 0.000
Epoch  11/60 — train_loss: 0.1754  val_loss: 0.1546  freq: 0.1546  spend: 0.7805  w_freq: 1.000  w_spend: 0.000
Epoch  12/60 — train_loss: 0.1775  val_loss: 0.1707  freq: 0.1707  spend: 0.7813  w_freq: 1.000  w_spend: 0.000
Epoch  13/60 — train_loss: 0.1743  val_loss: 0.1755  freq: 0.1755  spend: 0.7809  w_freq: 1.000  w_spend: 0.000
Epoch  14/60 — train_loss: 0.1646  val_loss: 0.1714  freq: 0.1714  spend: 0.7807  w_freq: 1.000  w_spend: 0.000
Epoch  15/60 — train_loss: 0.1624  val_loss: 0.1426  freq: 0.1426  spend: 0.7788  w_freq: 1.000  w_spend: 0.000
Epoch  16/60 — train_loss: 0.1655  val_loss: 0.1851  freq: 0.1851  spend: 0.7799  w_freq: 1.000  w_spend: 0.000
Epoch  17/60 — train_loss: 0.1812  val_loss: 0.1429  freq: 0.1429  spend: 0.7780  w_freq: 1.000  w_spend: 0.000
Epoch  18/60 — train_loss: 0.1676  val_loss: 0.1463  freq: 0.1463  spend: 0.7781  w_freq: 1.000  w_spend: 0.000
Epoch  19/60 — train_loss: 0.1580  val_loss: 0.1821  freq: 0.1821  spend: 0.7801  w_freq: 1.000  w_spend: 0.000
Epoch  20/60 — train_loss: 0.1832  val_loss: 0.1354  freq: 0.1354  spend: 0.7785  w_freq: 1.000  w_spend: 0.000
Epoch  21/60 — train_loss: 0.1665  val_loss: 0.1609  freq: 0.1609  spend: 0.7784  w_freq: 1.000  w_spend: 0.000
Epoch  22/60 — train_loss: 0.1554  val_loss: 0.1445  freq: 0.1445  spend: 0.7786  w_freq: 1.000  w_spend: 0.000
Epoch  23/60 — train_loss: 0.1777  val_loss: 0.1756  freq: 0.1756  spend: 0.7804  w_freq: 1.000  w_spend: 0.000
Epoch  24/60 — train_loss: 0.1558  val_loss: 0.1448  freq: 0.1448  spend: 0.7799  w_freq: 1.000  w_spend: 0.000
Epoch  25/60 — train_loss: 0.1603  val_loss: 0.1521  freq: 0.1521  spend: 0.7789  w_freq: 1.000  w_spend: 0.000
Epoch  26/60 — train_loss: 0.1534  val_loss: 0.1434  freq: 0.1434  spend: 0.7785  w_freq: 1.000  w_spend: 0.000
Epoch  27/60 — train_loss: 0.1569  val_loss: 0.1754  freq: 0.1754  spend: 0.7783  w_freq: 1.000  w_spend: 0.000
Epoch  28/60 — train_loss: 0.1619  val_loss: 0.1506  freq: 0.1506  spend: 0.7770  w_freq: 1.000  w_spend: 0.000
Epoch  29/60 — train_loss: 0.1493  val_loss: 0.1597  freq: 0.1597  spend: 0.7765  w_freq: 1.000  w_spend: 0.000
Epoch  30/60 — train_loss: 0.1487  val_loss: 0.1491  freq: 0.1491  spend: 0.7758  w_freq: 1.000  w_spend: 0.000
Epoch  31/60 — train_loss: 0.1514  val_loss: 0.1532  freq: 0.1532  spend: 0.7756  w_freq: 1.000  w_spend: 0.000
Epoch  32/60 — train_loss: 0.1548  val_loss: 0.1425  freq: 0.1425  spend: 0.7759  w_freq: 1.000  w_spend: 0.000
Epoch  33/60 — train_loss: 0.1494  val_loss: 0.1625  freq: 0.1625  spend: 0.7757  w_freq: 1.000  w_spend: 0.000
Epoch  34/60 — train_loss: 0.1545  val_loss: 0.1392  freq: 0.1392  spend: 0.7749  w_freq: 1.000  w_spend: 0.000
Epoch  35/60 — train_loss: 0.1444  val_loss: 0.1471  freq: 0.1471  spend: 0.7740  w_freq: 1.000  w_spend: 0.000
Early stopping triggered at epoch 35.
[two-stage] Stage 1 complete.
/kaggle/working/thesis-code/src/training/trainer.py:788: FutureWarning: `torch.cuda.amp.GradScaler(args...)` is deprecated. Please use `torch.amp.GradScaler('cuda', args...)` instead.
  self.scaler = torch.cuda.amp.GradScaler(enabled=self.amp_enabled)
[two-stage] Stage 2 transition: froze 38 backbone params, training 2 spend-head params.

[two-stage] Stage 2: spend-only, backbone frozen, for up to 60 epochs (patience=15) ...
[Kendall] log_vars frozen for 5 warm-up epochs.
Epoch   1/60 — train_loss: 0.2125  val_loss: 0.1518  freq: 0.1354  spend: 0.1682  w_freq: 0.500  w_spend: 0.500
Epoch   2/60 — train_loss: 0.2259  val_loss: 0.1422  freq: 0.1354  spend: 0.1490  w_freq: 0.500  w_spend: 0.500
Epoch   3/60 — train_loss: 0.1961  val_loss: 0.1331  freq: 0.1354  spend: 0.1309  w_freq: 0.500  w_spend: 0.500
Epoch   4/60 — train_loss: 0.1952  val_loss: 0.1169  freq: 0.1354  spend: 0.0983  w_freq: 0.500  w_spend: 0.500
Epoch   5/60 — train_loss: 0.1799  val_loss: 0.1161  freq: 0.1354  spend: 0.0968  w_freq: 0.500  w_spend: 0.500
[Kendall] log_vars unfrozen at epoch 6.
[spend-norm] frozen at 0.2154 (absolute val-loss magnitude shifts accordingly; early stopping is relative so this is safe)
Epoch   6/60 — train_loss: 0.4601  val_loss: 0.2722  freq: 0.1354  spend: 0.4137  w_freq: 0.501  w_spend: 0.501
Epoch   7/60 — train_loss: 0.4851  val_loss: 0.2539  freq: 0.1354  spend: 0.3815  w_freq: 0.502  w_spend: 0.502
Epoch   8/60 — train_loss: 0.4473  val_loss: 0.2658  freq: 0.1354  spend: 0.4098  w_freq: 0.504  w_spend: 0.503
Epoch   9/60 — train_loss: 0.4849  val_loss: 0.2326  freq: 0.1354  spend: 0.3483  w_freq: 0.506  w_spend: 0.505
Epoch  10/60 — train_loss: 0.4881  val_loss: 0.2950  freq: 0.1354  spend: 0.4753  w_freq: 0.507  w_spend: 0.506
Epoch  11/60 — train_loss: 0.4705  val_loss: 0.2296  freq: 0.1354  spend: 0.3499  w_freq: 0.509  w_spend: 0.507
Epoch  12/60 — train_loss: 0.4082  val_loss: 0.2166  freq: 0.1354  spend: 0.3284  w_freq: 0.510  w_spend: 0.508
Epoch  13/60 — train_loss: 0.3734  val_loss: 0.2197  freq: 0.1354  spend: 0.3397  w_freq: 0.512  w_spend: 0.509
Epoch  14/60 — train_loss: 0.3799  val_loss: 0.2442  freq: 0.1354  spend: 0.3927  w_freq: 0.514  w_spend: 0.511
Epoch  15/60 — train_loss: 0.4128  val_loss: 0.2275  freq: 0.1354  spend: 0.3643  w_freq: 0.516  w_spend: 0.512
Epoch  16/60 — train_loss: 0.4218  val_loss: 0.2308  freq: 0.1354  spend: 0.3744  w_freq: 0.517  w_spend: 0.514
Epoch  17/60 — train_loss: 0.3898  val_loss: 0.2091  freq: 0.1354  spend: 0.3365  w_freq: 0.519  w_spend: 0.515
Epoch  18/60 — train_loss: 0.3869  val_loss: 0.1969  freq: 0.1354  spend: 0.3180  w_freq: 0.521  w_spend: 0.516
Epoch  19/60 — train_loss: 0.3772  val_loss: 0.1958  freq: 0.1354  spend: 0.3217  w_freq: 0.523  w_spend: 0.518
Epoch  20/60 — train_loss: 0.4032  val_loss: 0.2155  freq: 0.1354  spend: 0.3649  w_freq: 0.525  w_spend: 0.520
Early stopping triggered at epoch 20.
[two-stage] Stage 2 complete.

Checkpoint saved: /kaggle/working/results/checkpoints/transformer_joint_cdnow_v7_twostage_seed42_sample.pt
Validation-fitted softmax temperature: 0.7500

Duan's smearing factor (val): 1.4066
Validation aggregate calibration: freq_factor=5.9145, spend_factor=5.4544

Running autoregressive inference on holdout period ...
  inference mode: sample  n_scenarios: 30  temperature: 0.7500

=== Prediction Diagnostics ===
  Mean predicted freq/week:    0.0025
  Mean actual freq/week:       0.0196
  Over-prediction ratio:       0.128x
  Customers predicted as zero total:  0.950
  Customers actually zero total:      0.781
  Non-zero rate (pred, avg > 0.05):  0.017
  Non-zero rate (true):               0.018

Metrics saved: /kaggle/working/results/tables/transformer_joint_cdnow_v7_twostage_seed42_sample_metrics.json
Array artifacts saved: /kaggle/working/results/tables/transformer_joint_cdnow_v7_twostage_seed42_sample_arrays.npz

=== Holdout Evaluation ===
  metric_definition_version: valendin_aggregate_mape_v1
  freq_rmse: 1.3798
  freq_mae: 0.5567
  freq_normalized_gini: 0.5001
  freq_calibration_factor: 5.9145
  freq_horizon_abs_bias_pct: 24.4477
  bias_pct: -24.4477
  freq_weekly_mae: 25.3005
  freq_weekly_total_true: 1196.0000
  freq_weekly_total_pred: 903.6059
  freq_valendin_mape: 55.0011
  freq_horizon_bias_pct: -24.4477
  freq_weekly_mean_pct_mape: 59.2891
  freq_weekly_mean_pct_bias_pct: -24.2047
  freq_weekly_bias_pct: -24.4477
  freq_weekly_mape: 55.0011
  freq_mape: 55.0011
  freq_mase: 0.3816
  freq_mase_scale: 0.0834
  smearing_factor: 1.4066
  spend_calibration_factor: 5.4544
  spend_mae_raw: 20.8202
  spend_rmse_raw: 55.5817
  spend_normalized_gini: 0.4928
  spend_mae_log: 0.8410
  spend_rmse_log: 1.7730
  spend_r2_log: -0.0845
  spend_bias_pct: -20.8385
  spend_weekly_mae: 939.1338
  spend_weekly_total_true: 43103.4400
  spend_weekly_total_pred: 34121.3291
  spend_valendin_mape: 56.6486
  spend_horizon_abs_bias_pct: 20.8385
  spend_horizon_bias_pct: -20.8385
  spend_weekly_mean_pct_mape: 63.7029
  spend_weekly_mean_pct_bias_pct: -18.6821
  spend_weekly_bias_pct: -20.8385
  spend_weekly_mape: 56.6486
  spend_mase: 0.6627
  spend_mase_scale: 1.7675
  clv_mae: 20.4483
  clv_rmse: 54.5217
  clv_spearman: 0.4128
  clv_decile_lift: 4.0958
  clv_normalized_gini: 0.4932
  clv_total_true: 42218.7344
  clv_total_pred: 33701.2422
  calibration_temperature_source: rolling_origin_autoregressive
  validation_temperature: 0.7500
  smearing_source: rolling_origin_autoregressive
  calibration_source: rolling_origin_autoregressive
  validation_freq_true_total: 120.0000
  validation_freq_pred_total: 20.2892
  validation_spend_true_total: 4587.6401
  validation_spend_pred_total: 841.0883
  validation_freq_calibration_factor: 5.9145
  validation_spend_calibration_factor: 5.4544
  validation_rolling_origin_count: 2
  protocol_name: cdnow_sample_52x26
  cohort_size: 2349
  calibration_weeks: 52
  holdout_weeks: 26
  inference_mode: sample
  n_scenarios: 30
  final_manifest_version: 2026-05-29-v7-v8-extension3-sweep
  final_manifest_run_name: transformer_joint_cdnow_v7_twostage_seed42_sample
  final_manifest_config: experiments/configs/transformer_joint_cdnow_v7_twostage.yaml
  final_manifest_config_hash: 4152a80ae183
  final_manifest_actual_config_hash: 0f092ce4c0ee
  final_manifest_seed: 42
  final_manifest_epochs: 120
  final_manifest_inference_mode: sample
  final_manifest_n_scenarios: 30
  run_valid: False
  run_invalid_reason: absolute frequency bias -24.4% exceeds 15.0%
  run_warning: large frequency bias (-24.4%); large spend bias (-20.8%)
  epochs_completed: 55
  max_epochs_configured: 120
History saved: /kaggle/working/results/tables/transformer_joint_cdnow_v7_twostage_seed42_sample_history.json
