[Kaggle] raw_dir  → /kaggle/working/input/dunnhumby
[Kaggle] results  → /kaggle/working/results
Config: experiments/configs/transformer_joint_dunnhumby_v7_twostage.yaml
Run: transformer_joint_dunnhumby_v7_twostage_seed7_sample
Device: cuda
Loading dataset: dunnhumby ...
[pipeline] freq_cap=10 (auto q=0.99) → freq_bins=[0, 1, 2, 3]... (n_classes=11)
  Train customers: 2249, Val: 249, Inference: 2498
[dunnhumby] Customers with 0 calibration transactions: 0 / 2498
  top-bin decode: class_values[-1] = 13.099 (max_trans = 10)
Model: transformer — 102,569 parameters

Training for up to 120 epochs ...
/kaggle/working/thesis-code/src/training/trainer.py:135: FutureWarning: `torch.cuda.amp.GradScaler(args...)` is deprecated. Please use `torch.amp.GradScaler('cuda', args...)` instead.
  self.scaler = torch.cuda.amp.GradScaler(enabled=self.amp_enabled)

[two-stage] Stage 1: frequency-only for up to 60 epochs (patience=15) ...
[Kendall] log_vars frozen for 5 warm-up epochs.
Epoch   1/60 — train_loss: 5.0640  val_loss: 4.6397  freq: 4.6397  spend: 0.2840  w_freq: 1.000  w_spend: 0.000
Epoch   2/60 — train_loss: 4.5640  val_loss: 3.8449  freq: 3.8449  spend: 0.2813  w_freq: 1.000  w_spend: 0.000
Epoch   3/60 — train_loss: 3.7281  val_loss: 2.8841  freq: 2.8841  spend: 0.2789  w_freq: 1.000  w_spend: 0.000
Epoch   4/60 — train_loss: 2.8077  val_loss: 2.0463  freq: 2.0463  spend: 0.2714  w_freq: 1.000  w_spend: 0.000
Epoch   5/60 — train_loss: 2.0285  val_loss: 1.6054  freq: 1.6054  spend: 0.2599  w_freq: 1.000  w_spend: 0.000
[Kendall] log_vars unfrozen at epoch 6.
[spend-norm] frozen at 0.2789 (absolute val-loss magnitude shifts accordingly; early stopping is relative so this is safe)
Epoch   6/60 — train_loss: 1.6302  val_loss: 1.3882  freq: 1.3882  spend: 0.9490  w_freq: 1.000  w_spend: 0.000
Epoch   7/60 — train_loss: 1.4753  val_loss: 1.3576  freq: 1.3576  spend: 0.9295  w_freq: 1.000  w_spend: 0.000
Epoch   8/60 — train_loss: 1.4328  val_loss: 1.3385  freq: 1.3385  spend: 0.9233  w_freq: 1.000  w_spend: 0.000
Epoch   9/60 — train_loss: 1.4115  val_loss: 1.3150  freq: 1.3150  spend: 0.9255  w_freq: 1.000  w_spend: 0.000
Epoch  10/60 — train_loss: 1.3827  val_loss: 1.2942  freq: 1.2942  spend: 0.9317  w_freq: 1.000  w_spend: 0.000
Epoch  11/60 — train_loss: 1.3665  val_loss: 1.2825  freq: 1.2825  spend: 0.9356  w_freq: 1.000  w_spend: 0.000
Epoch  12/60 — train_loss: 1.3512  val_loss: 1.2735  freq: 1.2735  spend: 0.9408  w_freq: 1.000  w_spend: 0.000
Epoch  13/60 — train_loss: 1.3402  val_loss: 1.2612  freq: 1.2612  spend: 0.9422  w_freq: 1.000  w_spend: 0.000
Epoch  14/60 — train_loss: 1.3288  val_loss: 1.2506  freq: 1.2506  spend: 0.9497  w_freq: 1.000  w_spend: 0.000
Epoch  15/60 — train_loss: 1.3201  val_loss: 1.2529  freq: 1.2529  spend: 0.9571  w_freq: 1.000  w_spend: 0.000
Epoch  16/60 — train_loss: 1.3143  val_loss: 1.2404  freq: 1.2404  spend: 0.9622  w_freq: 1.000  w_spend: 0.000
Epoch  17/60 — train_loss: 1.3105  val_loss: 1.2408  freq: 1.2408  spend: 0.9609  w_freq: 1.000  w_spend: 0.000
Epoch  18/60 — train_loss: 1.3056  val_loss: 1.2340  freq: 1.2340  spend: 0.9626  w_freq: 1.000  w_spend: 0.000
Epoch  19/60 — train_loss: 1.3025  val_loss: 1.2326  freq: 1.2326  spend: 0.9645  w_freq: 1.000  w_spend: 0.000
Epoch  20/60 — train_loss: 1.2995  val_loss: 1.2277  freq: 1.2277  spend: 0.9618  w_freq: 1.000  w_spend: 0.000
Epoch  21/60 — train_loss: 1.2962  val_loss: 1.2286  freq: 1.2286  spend: 0.9630  w_freq: 1.000  w_spend: 0.000
Epoch  22/60 — train_loss: 1.2934  val_loss: 1.2235  freq: 1.2235  spend: 0.9627  w_freq: 1.000  w_spend: 0.000
Epoch  23/60 — train_loss: 1.2925  val_loss: 1.2222  freq: 1.2222  spend: 0.9666  w_freq: 1.000  w_spend: 0.000
Epoch  24/60 — train_loss: 1.2879  val_loss: 1.2195  freq: 1.2195  spend: 0.9641  w_freq: 1.000  w_spend: 0.000
Epoch  25/60 — train_loss: 1.2856  val_loss: 1.2215  freq: 1.2215  spend: 0.9641  w_freq: 1.000  w_spend: 0.000
Epoch  26/60 — train_loss: 1.2866  val_loss: 1.2157  freq: 1.2157  spend: 0.9655  w_freq: 1.000  w_spend: 0.000
Epoch  27/60 — train_loss: 1.2859  val_loss: 1.2163  freq: 1.2163  spend: 0.9691  w_freq: 1.000  w_spend: 0.000
Epoch  28/60 — train_loss: 1.2820  val_loss: 1.2122  freq: 1.2122  spend: 0.9680  w_freq: 1.000  w_spend: 0.000
Epoch  29/60 — train_loss: 1.2795  val_loss: 1.2119  freq: 1.2119  spend: 0.9673  w_freq: 1.000  w_spend: 0.000
Epoch  30/60 — train_loss: 1.2790  val_loss: 1.2116  freq: 1.2116  spend: 0.9703  w_freq: 1.000  w_spend: 0.000
Epoch  31/60 — train_loss: 1.2799  val_loss: 1.2111  freq: 1.2111  spend: 0.9699  w_freq: 1.000  w_spend: 0.000
Epoch  32/60 — train_loss: 1.2796  val_loss: 1.2104  freq: 1.2104  spend: 0.9696  w_freq: 1.000  w_spend: 0.000
Epoch  33/60 — train_loss: 1.2774  val_loss: 1.2083  freq: 1.2083  spend: 0.9752  w_freq: 1.000  w_spend: 0.000
Epoch  34/60 — train_loss: 1.2751  val_loss: 1.2085  freq: 1.2085  spend: 0.9758  w_freq: 1.000  w_spend: 0.000
Epoch  35/60 — train_loss: 1.2751  val_loss: 1.2088  freq: 1.2088  spend: 0.9761  w_freq: 1.000  w_spend: 0.000
Epoch  36/60 — train_loss: 1.2743  val_loss: 1.2080  freq: 1.2080  spend: 0.9737  w_freq: 1.000  w_spend: 0.000
Epoch  37/60 — train_loss: 1.2718  val_loss: 1.2073  freq: 1.2073  spend: 0.9749  w_freq: 1.000  w_spend: 0.000
Epoch  38/60 — train_loss: 1.2724  val_loss: 1.2073  freq: 1.2073  spend: 0.9759  w_freq: 1.000  w_spend: 0.000
Epoch  39/60 — train_loss: 1.2716  val_loss: 1.2059  freq: 1.2059  spend: 0.9750  w_freq: 1.000  w_spend: 0.000
Epoch  40/60 — train_loss: 1.2705  val_loss: 1.2060  freq: 1.2060  spend: 0.9735  w_freq: 1.000  w_spend: 0.000
Epoch  41/60 — train_loss: 1.2703  val_loss: 1.2048  freq: 1.2048  spend: 0.9756  w_freq: 1.000  w_spend: 0.000
Epoch  42/60 — train_loss: 1.2695  val_loss: 1.2043  freq: 1.2043  spend: 0.9745  w_freq: 1.000  w_spend: 0.000
Epoch  43/60 — train_loss: 1.2704  val_loss: 1.2047  freq: 1.2047  spend: 0.9758  w_freq: 1.000  w_spend: 0.000
Epoch  44/60 — train_loss: 1.2704  val_loss: 1.2059  freq: 1.2059  spend: 0.9779  w_freq: 1.000  w_spend: 0.000
Epoch  45/60 — train_loss: 1.2713  val_loss: 1.2056  freq: 1.2056  spend: 0.9777  w_freq: 1.000  w_spend: 0.000
Epoch  46/60 — train_loss: 1.2699  val_loss: 1.2042  freq: 1.2042  spend: 0.9748  w_freq: 1.000  w_spend: 0.000
Epoch  47/60 — train_loss: 1.2671  val_loss: 1.2033  freq: 1.2033  spend: 0.9771  w_freq: 1.000  w_spend: 0.000
Epoch  48/60 — train_loss: 1.2677  val_loss: 1.2035  freq: 1.2035  spend: 0.9769  w_freq: 1.000  w_spend: 0.000
Epoch  49/60 — train_loss: 1.2681  val_loss: 1.2039  freq: 1.2039  spend: 0.9764  w_freq: 1.000  w_spend: 0.000
Epoch  50/60 — train_loss: 1.2669  val_loss: 1.2035  freq: 1.2035  spend: 0.9796  w_freq: 1.000  w_spend: 0.000
Epoch  51/60 — train_loss: 1.2668  val_loss: 1.2043  freq: 1.2043  spend: 0.9778  w_freq: 1.000  w_spend: 0.000
Epoch  52/60 — train_loss: 1.2682  val_loss: 1.2039  freq: 1.2039  spend: 0.9780  w_freq: 1.000  w_spend: 0.000
Epoch  53/60 — train_loss: 1.2670  val_loss: 1.2028  freq: 1.2028  spend: 0.9772  w_freq: 1.000  w_spend: 0.000
Epoch  54/60 — train_loss: 1.2662  val_loss: 1.2034  freq: 1.2034  spend: 0.9790  w_freq: 1.000  w_spend: 0.000
Epoch  55/60 — train_loss: 1.2658  val_loss: 1.2032  freq: 1.2032  spend: 0.9772  w_freq: 1.000  w_spend: 0.000
Epoch  56/60 — train_loss: 1.2653  val_loss: 1.2029  freq: 1.2029  spend: 0.9813  w_freq: 1.000  w_spend: 0.000
Epoch  57/60 — train_loss: 1.2656  val_loss: 1.2025  freq: 1.2025  spend: 0.9805  w_freq: 1.000  w_spend: 0.000
Epoch  58/60 — train_loss: 1.2648  val_loss: 1.2012  freq: 1.2012  spend: 0.9810  w_freq: 1.000  w_spend: 0.000
Epoch  59/60 — train_loss: 1.2671  val_loss: 1.2016  freq: 1.2016  spend: 0.9813  w_freq: 1.000  w_spend: 0.000
Epoch  60/60 — train_loss: 1.2635  val_loss: 1.2010  freq: 1.2010  spend: 0.9815  w_freq: 1.000  w_spend: 0.000
[two-stage] Stage 1 complete.
/kaggle/working/thesis-code/src/training/trainer.py:788: FutureWarning: `torch.cuda.amp.GradScaler(args...)` is deprecated. Please use `torch.amp.GradScaler('cuda', args...)` instead.
  self.scaler = torch.cuda.amp.GradScaler(enabled=self.amp_enabled)
[two-stage] Stage 2 transition: froze 38 backbone params, training 2 spend-head params.

[two-stage] Stage 2: spend-only, backbone frozen, for up to 60 epochs (patience=15) ...
[Kendall] log_vars frozen for 5 warm-up epochs.
Epoch   1/60 — train_loss: 0.7513  val_loss: 0.7047  freq: 1.2010  spend: 0.2085  w_freq: 0.500  w_spend: 0.500
Epoch   2/60 — train_loss: 0.7283  val_loss: 0.6810  freq: 1.2010  spend: 0.1610  w_freq: 0.500  w_spend: 0.500
Epoch   3/60 — train_loss: 0.7062  val_loss: 0.6614  freq: 1.2010  spend: 0.1219  w_freq: 0.500  w_spend: 0.500
Epoch   4/60 — train_loss: 0.6914  val_loss: 0.6468  freq: 1.2010  spend: 0.0926  w_freq: 0.500  w_spend: 0.500
Epoch   5/60 — train_loss: 0.6782  val_loss: 0.6368  freq: 1.2010  spend: 0.0727  w_freq: 0.500  w_spend: 0.500
[Kendall] log_vars unfrozen at epoch 6.
[spend-norm] frozen at 0.1651 (absolute val-loss magnitude shifts accordingly; early stopping is relative so this is safe)
Epoch   6/60 — train_loss: 0.8812  val_loss: 0.7880  freq: 1.2010  spend: 0.3771  w_freq: 0.499  w_spend: 0.501
Epoch   7/60 — train_loss: 0.8466  val_loss: 0.7594  freq: 1.2010  spend: 0.3220  w_freq: 0.498  w_spend: 0.502
Epoch   8/60 — train_loss: 0.8215  val_loss: 0.7397  freq: 1.2010  spend: 0.2850  w_freq: 0.497  w_spend: 0.503
Epoch   9/60 — train_loss: 0.8010  val_loss: 0.7193  freq: 1.2010  spend: 0.2470  w_freq: 0.496  w_spend: 0.504
Epoch  10/60 — train_loss: 0.7779  val_loss: 0.7010  freq: 1.2010  spend: 0.2134  w_freq: 0.495  w_spend: 0.506
Epoch  11/60 — train_loss: 0.7695  val_loss: 0.6897  freq: 1.2010  spend: 0.1935  w_freq: 0.493  w_spend: 0.507
Epoch  12/60 — train_loss: 0.7581  val_loss: 0.6775  freq: 1.2010  spend: 0.1720  w_freq: 0.492  w_spend: 0.508
Epoch  13/60 — train_loss: 0.7481  val_loss: 0.6675  freq: 1.2010  spend: 0.1551  w_freq: 0.491  w_spend: 0.510
Epoch  14/60 — train_loss: 0.7437  val_loss: 0.6587  freq: 1.2010  spend: 0.1407  w_freq: 0.490  w_spend: 0.511
Epoch  15/60 — train_loss: 0.7291  val_loss: 0.6502  freq: 1.2010  spend: 0.1265  w_freq: 0.489  w_spend: 0.512
Epoch  16/60 — train_loss: 0.7287  val_loss: 0.6428  freq: 1.2010  spend: 0.1149  w_freq: 0.488  w_spend: 0.514
Epoch  17/60 — train_loss: 0.7292  val_loss: 0.6375  freq: 1.2010  spend: 0.1073  w_freq: 0.487  w_spend: 0.515
Epoch  18/60 — train_loss: 0.7195  val_loss: 0.6330  freq: 1.2010  spend: 0.1012  w_freq: 0.485  w_spend: 0.517
Epoch  19/60 — train_loss: 0.7157  val_loss: 0.6234  freq: 1.2010  spend: 0.0854  w_freq: 0.484  w_spend: 0.518
Epoch  20/60 — train_loss: 0.7181  val_loss: 0.6221  freq: 1.2010  spend: 0.0855  w_freq: 0.483  w_spend: 0.519
Epoch  21/60 — train_loss: 0.7083  val_loss: 0.6133  freq: 1.2010  spend: 0.0715  w_freq: 0.482  w_spend: 0.521
Epoch  22/60 — train_loss: 0.7072  val_loss: 0.6110  freq: 1.2010  spend: 0.0699  w_freq: 0.481  w_spend: 0.522
Epoch  23/60 — train_loss: 0.7073  val_loss: 0.6026  freq: 1.2010  spend: 0.0569  w_freq: 0.480  w_spend: 0.524
Epoch  24/60 — train_loss: 0.7081  val_loss: 0.6018  freq: 1.2010  spend: 0.0584  w_freq: 0.479  w_spend: 0.525
Epoch  25/60 — train_loss: 0.7003  val_loss: 0.5940  freq: 1.2010  spend: 0.0466  w_freq: 0.477  w_spend: 0.527
Epoch  26/60 — train_loss: 0.6981  val_loss: 0.5900  freq: 1.2010  spend: 0.0416  w_freq: 0.476  w_spend: 0.528
Epoch  27/60 — train_loss: 0.6992  val_loss: 0.5872  freq: 1.2010  spend: 0.0389  w_freq: 0.475  w_spend: 0.530
Epoch  28/60 — train_loss: 0.6971  val_loss: 0.5831  freq: 1.2010  spend: 0.0335  w_freq: 0.474  w_spend: 0.531
Epoch  29/60 — train_loss: 0.6972  val_loss: 0.5848  freq: 1.2010  spend: 0.0392  w_freq: 0.473  w_spend: 0.532
Epoch  30/60 — train_loss: 0.6932  val_loss: 0.5808  freq: 1.2010  spend: 0.0343  w_freq: 0.472  w_spend: 0.534
Epoch  31/60 — train_loss: 0.6919  val_loss: 0.5746  freq: 1.2010  spend: 0.0254  w_freq: 0.471  w_spend: 0.535
Epoch  32/60 — train_loss: 0.6879  val_loss: 0.5737  freq: 1.2010  spend: 0.0262  w_freq: 0.470  w_spend: 0.536
Epoch  33/60 — train_loss: 0.6914  val_loss: 0.5687  freq: 1.2010  spend: 0.0192  w_freq: 0.469  w_spend: 0.538
Epoch  34/60 — train_loss: 0.6857  val_loss: 0.5680  freq: 1.2010  spend: 0.0204  w_freq: 0.468  w_spend: 0.539
Epoch  35/60 — train_loss: 0.6870  val_loss: 0.5659  freq: 1.2010  spend: 0.0187  w_freq: 0.468  w_spend: 0.540
Epoch  36/60 — train_loss: 0.6847  val_loss: 0.5634  freq: 1.2010  spend: 0.0162  w_freq: 0.467  w_spend: 0.541
Epoch  37/60 — train_loss: 0.6907  val_loss: 0.5597  freq: 1.2010  spend: 0.0116  w_freq: 0.466  w_spend: 0.543
Epoch  38/60 — train_loss: 0.6928  val_loss: 0.5605  freq: 1.2010  spend: 0.0153  w_freq: 0.465  w_spend: 0.544
Epoch  39/60 — train_loss: 0.6881  val_loss: 0.5556  freq: 1.2010  spend: 0.0086  w_freq: 0.464  w_spend: 0.545
Epoch  40/60 — train_loss: 0.6869  val_loss: 0.5547  freq: 1.2010  spend: 0.0094  w_freq: 0.463  w_spend: 0.546
Epoch  41/60 — train_loss: 0.6813  val_loss: 0.5515  freq: 1.2010  spend: 0.0060  w_freq: 0.462  w_spend: 0.548
Epoch  42/60 — train_loss: 0.6811  val_loss: 0.5474  freq: 1.2010  spend: 0.0008  w_freq: 0.462  w_spend: 0.549
Epoch  43/60 — train_loss: 0.6825  val_loss: 0.5445  freq: 1.2010  spend: -0.0020  w_freq: 0.461  w_spend: 0.550
Epoch  44/60 — train_loss: 0.6837  val_loss: 0.5467  freq: 1.2010  spend: 0.0045  w_freq: 0.460  w_spend: 0.552
Epoch  45/60 — train_loss: 0.6826  val_loss: 0.5469  freq: 1.2010  spend: 0.0075  w_freq: 0.459  w_spend: 0.553
Epoch  46/60 — train_loss: 0.6765  val_loss: 0.5384  freq: 1.2010  spend: -0.0054  w_freq: 0.458  w_spend: 0.555
Epoch  47/60 — train_loss: 0.6815  val_loss: 0.5366  freq: 1.2010  spend: -0.0061  w_freq: 0.457  w_spend: 0.556
Epoch  48/60 — train_loss: 0.6806  val_loss: 0.5371  freq: 1.2010  spend: -0.0030  w_freq: 0.456  w_spend: 0.557
Epoch  49/60 — train_loss: 0.6848  val_loss: 0.5334  freq: 1.2010  spend: -0.0076  w_freq: 0.455  w_spend: 0.559
Epoch  50/60 — train_loss: 0.6754  val_loss: 0.5339  freq: 1.2010  spend: -0.0046  w_freq: 0.455  w_spend: 0.560
Epoch  51/60 — train_loss: 0.6819  val_loss: 0.5323  freq: 1.2010  spend: -0.0056  w_freq: 0.454  w_spend: 0.561
Epoch  52/60 — train_loss: 0.6810  val_loss: 0.5330  freq: 1.2010  spend: -0.0024  w_freq: 0.453  w_spend: 0.562
Epoch  53/60 — train_loss: 0.6735  val_loss: 0.5248  freq: 1.2010  spend: -0.0147  w_freq: 0.452  w_spend: 0.563
Epoch  54/60 — train_loss: 0.6749  val_loss: 0.5231  freq: 1.2010  spend: -0.0154  w_freq: 0.452  w_spend: 0.565
Epoch  55/60 — train_loss: 0.6811  val_loss: 0.5255  freq: 1.2010  spend: -0.0091  w_freq: 0.451  w_spend: 0.566
Epoch  56/60 — train_loss: 0.6701  val_loss: 0.5214  freq: 1.2010  spend: -0.0141  w_freq: 0.450  w_spend: 0.567
Epoch  57/60 — train_loss: 0.6739  val_loss: 0.5198  freq: 1.2010  spend: -0.0146  w_freq: 0.449  w_spend: 0.569
Epoch  58/60 — train_loss: 0.6745  val_loss: 0.5181  freq: 1.2010  spend: -0.0153  w_freq: 0.448  w_spend: 0.570
Epoch  59/60 — train_loss: 0.6801  val_loss: 0.5219  freq: 1.2010  spend: -0.0065  w_freq: 0.448  w_spend: 0.571
Epoch  60/60 — train_loss: 0.6801  val_loss: 0.5173  freq: 1.2010  spend: -0.0121  w_freq: 0.447  w_spend: 0.573
[two-stage] Stage 2 complete.

Checkpoint saved: /kaggle/working/results/checkpoints/transformer_joint_dunnhumby_v7_twostage_seed7_sample.pt
Validation-fitted softmax temperature: 0.9000

Duan's smearing factor (val): 1.4908
Validation aggregate calibration: freq_factor=1.1396, spend_factor=1.0094

Running autoregressive inference on holdout period ...
  inference mode: sample  n_scenarios: 30  temperature: 0.9000

=== Prediction Diagnostics ===
  Mean predicted freq/week:    1.1816
  Mean actual freq/week:       1.1882
  Over-prediction ratio:       0.995x
  Customers predicted as zero total:  0.100
  Customers actually zero total:      0.188
  Non-zero rate (pred, avg > 0.05):  0.939
  Non-zero rate (true):               0.542

Metrics saved: /kaggle/working/results/tables/transformer_joint_dunnhumby_v7_twostage_seed7_sample_metrics.json
Array artifacts saved: /kaggle/working/results/tables/transformer_joint_dunnhumby_v7_twostage_seed7_sample_arrays.npz

=== Holdout Evaluation ===
  metric_definition_version: valendin_aggregate_mape_v1
  freq_rmse: 3.5609
  freq_mae: 2.2238
  freq_normalized_gini: 0.8480
  freq_calibration_factor: 1.1396
  freq_horizon_abs_bias_pct: 13.3348
  bias_pct: 13.3348
  freq_weekly_mae: 395.7781
  freq_weekly_total_true: 11872.0000
  freq_weekly_total_pred: 13455.1124
  freq_valendin_mape: 13.3348
  freq_horizon_bias_pct: 13.3348
  freq_weekly_mean_pct_mape: 13.3701
  freq_weekly_mean_pct_bias_pct: 13.3701
  freq_weekly_bias_pct: 13.3348
  freq_weekly_mape: 13.3348
  freq_mape: 13.3348
  freq_mase: 1.0386
  freq_mase_scale: 0.8235
  smearing_factor: 1.4908
  spend_calibration_factor: 1.0094
  spend_mae_raw: 72.2767
  spend_rmse_raw: 119.6069
  spend_normalized_gini: 0.7752
  spend_mae_log: 1.0669
  spend_rmse_log: 1.5118
  spend_r2_log: 0.4809
  spend_bias_pct: -14.4978
  spend_weekly_mae: 12581.3942
  spend_weekly_total_true: 347125.7605
  spend_weekly_total_pred: 296800.1836
  spend_valendin_mape: 14.4978
  spend_horizon_abs_bias_pct: 14.4978
  spend_horizon_bias_pct: -14.4978
  spend_weekly_mean_pct_mape: 14.4198
  spend_weekly_mean_pct_bias_pct: -14.4198
  spend_weekly_bias_pct: -14.4978
  spend_weekly_mape: 14.4978
  spend_mase: 1.0083
  spend_mase_scale: 27.5152
  clv_mae: 72.0843
  clv_rmse: 119.2880
  clv_spearman: 0.7556
  clv_decile_lift: 3.2347
  clv_normalized_gini: 0.7752
  clv_total_true: 346205.2188
  clv_total_pred: 295990.4375
  calibration_temperature_source: rolling_origin_autoregressive
  validation_temperature: 0.9000
  smearing_source: rolling_origin_autoregressive
  calibration_source: rolling_origin_autoregressive
  validation_freq_true_total: 2215.0000
  validation_freq_pred_total: 1943.6461
  validation_spend_true_total: 63355.4414
  validation_spend_pred_total: 62762.5879
  validation_freq_calibration_factor: 1.1396
  validation_spend_calibration_factor: 1.0094
  validation_rolling_origin_count: 2
  protocol_name: dunnhumby_configured_80x4
  cohort_size: 2498
  calibration_weeks: 80
  holdout_weeks: 4
  inference_mode: sample
  n_scenarios: 30
  final_manifest_version: 2026-05-29-v7-v8-extension3-sweep
  final_manifest_run_name: transformer_joint_dunnhumby_v7_twostage_seed7_sample
  final_manifest_config: experiments/configs/transformer_joint_dunnhumby_v7_twostage.yaml
  final_manifest_config_hash: 79da3c4dbb92
  final_manifest_actual_config_hash: 3bd0459510e0
  final_manifest_seed: 7
  final_manifest_epochs: 120
  final_manifest_inference_mode: sample
  final_manifest_n_scenarios: 30
  run_valid: True
  run_invalid_reason: 
  run_warning: 
  epochs_completed: 120
  max_epochs_configured: 120
History saved: /kaggle/working/results/tables/transformer_joint_dunnhumby_v7_twostage_seed7_sample_history.json
