[Kaggle] raw_dir  → /kaggle/working/input/dunnhumby
[Kaggle] results  → /kaggle/working/results
Config: experiments/configs/transformer_joint_dunnhumby_v6.yaml
Run: transformer_joint_dunnhumby_v6_seed2024_sample
Device: cuda
Loading dataset: dunnhumby ...
[pipeline] freq_cap=10 (auto q=0.99) → freq_bins=[0, 1, 2, 3]... (n_classes=11)
  Train customers: 2249, Val: 249, Inference: 2498
[dunnhumby] Customers with 0 calibration transactions: 0 / 2498
  top-bin decode: class_values[-1] = 13.099 (max_trans = 10)
Model: transformer — 102,569 parameters

Training for up to 100 epochs ...
/kaggle/working/thesis-code/src/training/trainer.py:135: FutureWarning: `torch.cuda.amp.GradScaler(args...)` is deprecated. Please use `torch.amp.GradScaler('cuda', args...)` instead.
  self.scaler = torch.cuda.amp.GradScaler(enabled=self.amp_enabled)
[Kendall] log_vars frozen for 5 warm-up epochs.
Epoch   1/100 — train_loss: 2.6171  val_loss: 2.3699  freq: 4.4973  spend: 0.2424  w_freq: 0.500  w_spend: 0.500
Epoch   2/100 — train_loss: 2.2072  val_loss: 1.7576  freq: 3.3179  spend: 0.1973  w_freq: 0.500  w_spend: 0.500
Epoch   3/100 — train_loss: 1.5884  val_loss: 1.1202  freq: 2.0795  spend: 0.1608  w_freq: 0.500  w_spend: 0.500
Epoch   4/100 — train_loss: 1.0631  val_loss: 0.8172  freq: 1.5171  spend: 0.1173  w_freq: 0.500  w_spend: 0.500
Epoch   5/100 — train_loss: 0.8519  val_loss: 0.7323  freq: 1.3880  spend: 0.0766  w_freq: 0.500  w_spend: 0.500
[Kendall] log_vars unfrozen at epoch 6.
[spend-norm] frozen at 0.1865 (absolute val-loss magnitude shifts accordingly; early stopping is relative so this is safe)
Epoch   6/100 — train_loss: 0.9590  val_loss: 0.7998  freq: 1.3616  spend: 0.2428  w_freq: 0.499  w_spend: 0.501
Epoch   7/100 — train_loss: 0.8755  val_loss: 0.7294  freq: 1.3611  spend: 0.1086  w_freq: 0.497  w_spend: 0.503
Epoch   8/100 — train_loss: 0.7992  val_loss: 0.6618  freq: 1.3428  spend: -0.0016  w_freq: 0.495  w_spend: 0.505
Epoch   9/100 — train_loss: 0.7289  val_loss: 0.5942  freq: 1.3384  spend: -0.1247  w_freq: 0.493  w_spend: 0.508
Epoch  10/100 — train_loss: 0.6834  val_loss: 0.5476  freq: 1.3280  spend: -0.1988  w_freq: 0.491  w_spend: 0.510
Epoch  11/100 — train_loss: 0.6442  val_loss: 0.5192  freq: 1.3253  spend: -0.2437  w_freq: 0.489  w_spend: 0.513
Epoch  12/100 — train_loss: 0.6199  val_loss: 0.4996  freq: 1.3142  spend: -0.2627  w_freq: 0.486  w_spend: 0.516
Epoch  13/100 — train_loss: 0.6029  val_loss: 0.4756  freq: 1.3060  spend: -0.2944  w_freq: 0.484  w_spend: 0.519
Epoch  14/100 — train_loss: 0.5791  val_loss: 0.4735  freq: 1.2984  spend: -0.2857  w_freq: 0.483  w_spend: 0.521
Epoch  15/100 — train_loss: 0.5644  val_loss: 0.4606  freq: 1.2959  spend: -0.3014  w_freq: 0.481  w_spend: 0.523
Epoch  16/100 — train_loss: 0.5562  val_loss: 0.4436  freq: 1.2911  spend: -0.3226  w_freq: 0.479  w_spend: 0.525
Epoch  17/100 — train_loss: 0.5341  val_loss: 0.4271  freq: 1.2854  spend: -0.3418  w_freq: 0.477  w_spend: 0.528
Epoch  18/100 — train_loss: 0.5263  val_loss: 0.4154  freq: 1.2831  spend: -0.3544  w_freq: 0.476  w_spend: 0.531
Epoch  19/100 — train_loss: 0.5156  val_loss: 0.4058  freq: 1.2780  spend: -0.3607  w_freq: 0.474  w_spend: 0.533
Epoch  20/100 — train_loss: 0.4988  val_loss: 0.3915  freq: 1.2746  spend: -0.3765  w_freq: 0.472  w_spend: 0.536
Epoch  21/100 — train_loss: 0.4891  val_loss: 0.3869  freq: 1.2723  spend: -0.3758  w_freq: 0.470  w_spend: 0.539
Epoch  22/100 — train_loss: 0.4774  val_loss: 0.3731  freq: 1.2696  spend: -0.3922  w_freq: 0.469  w_spend: 0.541
Epoch  23/100 — train_loss: 0.4643  val_loss: 0.3590  freq: 1.2667  spend: -0.4086  w_freq: 0.467  w_spend: 0.544
Epoch  24/100 — train_loss: 0.4536  val_loss: 0.3522  freq: 1.2647  spend: -0.4128  w_freq: 0.466  w_spend: 0.547
Epoch  25/100 — train_loss: 0.4513  val_loss: 0.3561  freq: 1.2636  spend: -0.3983  w_freq: 0.464  w_spend: 0.549
Epoch  26/100 — train_loss: 0.4444  val_loss: 0.3423  freq: 1.2634  spend: -0.4171  w_freq: 0.463  w_spend: 0.552
Epoch  27/100 — train_loss: 0.4334  val_loss: 0.3365  freq: 1.2596  spend: -0.4186  w_freq: 0.461  w_spend: 0.554
Epoch  28/100 — train_loss: 0.4275  val_loss: 0.3301  freq: 1.2585  spend: -0.4234  w_freq: 0.460  w_spend: 0.556
Epoch  29/100 — train_loss: 0.4190  val_loss: 0.3211  freq: 1.2564  spend: -0.4317  w_freq: 0.459  w_spend: 0.558
Epoch  30/100 — train_loss: 0.4131  val_loss: 0.3175  freq: 1.2558  spend: -0.4308  w_freq: 0.458  w_spend: 0.561
Epoch  31/100 — train_loss: 0.4078  val_loss: 0.3132  freq: 1.2554  spend: -0.4314  w_freq: 0.456  w_spend: 0.564
Epoch  32/100 — train_loss: 0.4027  val_loss: 0.3045  freq: 1.2534  spend: -0.4386  w_freq: 0.455  w_spend: 0.566
Epoch  33/100 — train_loss: 0.4003  val_loss: 0.3074  freq: 1.2541  spend: -0.4281  w_freq: 0.453  w_spend: 0.569
Epoch  34/100 — train_loss: 0.3904  val_loss: 0.3033  freq: 1.2533  spend: -0.4293  w_freq: 0.452  w_spend: 0.571
Epoch  35/100 — train_loss: 0.3865  val_loss: 0.2995  freq: 1.2508  spend: -0.4290  w_freq: 0.451  w_spend: 0.574
Epoch  36/100 — train_loss: 0.3847  val_loss: 0.2909  freq: 1.2503  spend: -0.4391  w_freq: 0.450  w_spend: 0.575
Epoch  37/100 — train_loss: 0.3757  val_loss: 0.2854  freq: 1.2509  spend: -0.4441  w_freq: 0.449  w_spend: 0.577
Epoch  38/100 — train_loss: 0.3746  val_loss: 0.2873  freq: 1.2503  spend: -0.4350  w_freq: 0.448  w_spend: 0.580
Epoch  39/100 — train_loss: 0.3719  val_loss: 0.2787  freq: 1.2491  spend: -0.4445  w_freq: 0.447  w_spend: 0.582
Epoch  40/100 — train_loss: 0.3616  val_loss: 0.2776  freq: 1.2488  spend: -0.4422  w_freq: 0.446  w_spend: 0.583
Epoch  41/100 — train_loss: 0.3634  val_loss: 0.2731  freq: 1.2481  spend: -0.4452  w_freq: 0.445  w_spend: 0.585
Epoch  42/100 — train_loss: 0.3545  val_loss: 0.2674  freq: 1.2470  spend: -0.4498  w_freq: 0.445  w_spend: 0.587
Epoch  43/100 — train_loss: 0.3549  val_loss: 0.2723  freq: 1.2468  spend: -0.4372  w_freq: 0.444  w_spend: 0.589
Epoch  44/100 — train_loss: 0.3454  val_loss: 0.2627  freq: 1.2457  spend: -0.4490  w_freq: 0.443  w_spend: 0.591
Epoch  45/100 — train_loss: 0.3537  val_loss: 0.2608  freq: 1.2461  spend: -0.4488  w_freq: 0.442  w_spend: 0.592
Epoch  46/100 — train_loss: 0.3462  val_loss: 0.2658  freq: 1.2454  spend: -0.4359  w_freq: 0.442  w_spend: 0.594
Epoch  47/100 — train_loss: 0.3476  val_loss: 0.2651  freq: 1.2485  spend: -0.4360  w_freq: 0.441  w_spend: 0.596
Epoch  48/100 — train_loss: 0.3470  val_loss: 0.2603  freq: 1.2484  spend: -0.4408  w_freq: 0.440  w_spend: 0.597
Epoch  49/100 — train_loss: 0.3454  val_loss: 0.2525  freq: 1.2449  spend: -0.4481  w_freq: 0.440  w_spend: 0.599
Epoch  50/100 — train_loss: 0.3380  val_loss: 0.2541  freq: 1.2465  spend: -0.4438  w_freq: 0.439  w_spend: 0.600
Epoch  51/100 — train_loss: 0.3333  val_loss: 0.2537  freq: 1.2463  spend: -0.4416  w_freq: 0.439  w_spend: 0.601
Epoch  52/100 — train_loss: 0.3364  val_loss: 0.2558  freq: 1.2456  spend: -0.4349  w_freq: 0.438  w_spend: 0.602
Epoch  53/100 — train_loss: 0.3294  val_loss: 0.2427  freq: 1.2436  spend: -0.4526  w_freq: 0.438  w_spend: 0.604
Epoch  54/100 — train_loss: 0.3302  val_loss: 0.2423  freq: 1.2444  spend: -0.4509  w_freq: 0.437  w_spend: 0.605
Epoch  55/100 — train_loss: 0.3252  val_loss: 0.2403  freq: 1.2446  spend: -0.4513  w_freq: 0.437  w_spend: 0.606
Epoch  56/100 — train_loss: 0.3295  val_loss: 0.2395  freq: 1.2445  spend: -0.4494  w_freq: 0.436  w_spend: 0.608
Epoch  57/100 — train_loss: 0.3179  val_loss: 0.2388  freq: 1.2436  spend: -0.4469  w_freq: 0.436  w_spend: 0.609
Epoch  58/100 — train_loss: 0.3202  val_loss: 0.2344  freq: 1.2454  spend: -0.4525  w_freq: 0.435  w_spend: 0.610
Epoch  59/100 — train_loss: 0.3223  val_loss: 0.2295  freq: 1.2436  spend: -0.4562  w_freq: 0.434  w_spend: 0.612
Epoch  60/100 — train_loss: 0.3190  val_loss: 0.2306  freq: 1.2433  spend: -0.4515  w_freq: 0.434  w_spend: 0.613
Epoch  61/100 — train_loss: 0.3112  val_loss: 0.2262  freq: 1.2421  spend: -0.4550  w_freq: 0.433  w_spend: 0.615
Epoch  62/100 — train_loss: 0.3145  val_loss: 0.2298  freq: 1.2439  spend: -0.4480  w_freq: 0.433  w_spend: 0.616
Epoch  63/100 — train_loss: 0.3125  val_loss: 0.2252  freq: 1.2425  spend: -0.4524  w_freq: 0.433  w_spend: 0.617
Epoch  64/100 — train_loss: 0.3117  val_loss: 0.2260  freq: 1.2437  spend: -0.4502  w_freq: 0.432  w_spend: 0.618
Epoch  65/100 — train_loss: 0.3096  val_loss: 0.2250  freq: 1.2437  spend: -0.4499  w_freq: 0.432  w_spend: 0.619
Epoch  66/100 — train_loss: 0.3019  val_loss: 0.2195  freq: 1.2414  spend: -0.4554  w_freq: 0.432  w_spend: 0.619
Epoch  67/100 — train_loss: 0.3078  val_loss: 0.2249  freq: 1.2435  spend: -0.4465  w_freq: 0.431  w_spend: 0.620
Epoch  68/100 — train_loss: 0.3083  val_loss: 0.2214  freq: 1.2425  spend: -0.4497  w_freq: 0.431  w_spend: 0.621
Epoch  69/100 — train_loss: 0.3024  val_loss: 0.2218  freq: 1.2432  spend: -0.4478  w_freq: 0.431  w_spend: 0.622
Epoch  70/100 — train_loss: 0.3011  val_loss: 0.2199  freq: 1.2429  spend: -0.4488  w_freq: 0.430  w_spend: 0.623
Epoch  71/100 — train_loss: 0.3035  val_loss: 0.2172  freq: 1.2424  spend: -0.4514  w_freq: 0.430  w_spend: 0.624
Epoch  72/100 — train_loss: 0.3099  val_loss: 0.2184  freq: 1.2427  spend: -0.4483  w_freq: 0.430  w_spend: 0.624
Epoch  73/100 — train_loss: 0.3038  val_loss: 0.2189  freq: 1.2426  spend: -0.4462  w_freq: 0.429  w_spend: 0.625
Epoch  74/100 — train_loss: 0.3020  val_loss: 0.2168  freq: 1.2429  spend: -0.4486  w_freq: 0.429  w_spend: 0.626
Epoch  75/100 — train_loss: 0.3013  val_loss: 0.2162  freq: 1.2426  spend: -0.4481  w_freq: 0.429  w_spend: 0.626
Epoch  76/100 — train_loss: 0.2972  val_loss: 0.2158  freq: 1.2423  spend: -0.4476  w_freq: 0.429  w_spend: 0.627
Epoch  77/100 — train_loss: 0.2983  val_loss: 0.2140  freq: 1.2433  spend: -0.4502  w_freq: 0.429  w_spend: 0.627
Epoch  78/100 — train_loss: 0.2960  val_loss: 0.2149  freq: 1.2422  spend: -0.4470  w_freq: 0.428  w_spend: 0.628
Epoch  79/100 — train_loss: 0.2984  val_loss: 0.2161  freq: 1.2424  spend: -0.4444  w_freq: 0.428  w_spend: 0.628
Epoch  80/100 — train_loss: 0.2987  val_loss: 0.2163  freq: 1.2420  spend: -0.4431  w_freq: 0.428  w_spend: 0.628
Epoch  81/100 — train_loss: 0.3029  val_loss: 0.2140  freq: 1.2434  spend: -0.4468  w_freq: 0.428  w_spend: 0.629
Epoch  82/100 — train_loss: 0.2981  val_loss: 0.2133  freq: 1.2424  spend: -0.4467  w_freq: 0.428  w_spend: 0.629
Epoch  83/100 — train_loss: 0.2994  val_loss: 0.2134  freq: 1.2427  spend: -0.4462  w_freq: 0.428  w_spend: 0.629
Epoch  84/100 — train_loss: 0.2969  val_loss: 0.2140  freq: 1.2425  spend: -0.4445  w_freq: 0.428  w_spend: 0.630
Epoch  85/100 — train_loss: 0.2983  val_loss: 0.2138  freq: 1.2428  spend: -0.4447  w_freq: 0.427  w_spend: 0.630
Epoch  86/100 — train_loss: 0.3013  val_loss: 0.2137  freq: 1.2429  spend: -0.4446  w_freq: 0.427  w_spend: 0.630
Epoch  87/100 — train_loss: 0.2951  val_loss: 0.2148  freq: 1.2431  spend: -0.4426  w_freq: 0.427  w_spend: 0.630
Epoch  88/100 — train_loss: 0.2994  val_loss: 0.2136  freq: 1.2430  spend: -0.4440  w_freq: 0.427  w_spend: 0.631
Epoch  89/100 — train_loss: 0.2972  val_loss: 0.2132  freq: 1.2431  spend: -0.4446  w_freq: 0.427  w_spend: 0.631
Epoch  90/100 — train_loss: 0.2965  val_loss: 0.2141  freq: 1.2429  spend: -0.4429  w_freq: 0.427  w_spend: 0.631
Epoch  91/100 — train_loss: 0.3018  val_loss: 0.2153  freq: 1.2433  spend: -0.4410  w_freq: 0.427  w_spend: 0.631
Epoch  92/100 — train_loss: 0.3005  val_loss: 0.2155  freq: 1.2438  spend: -0.4408  w_freq: 0.427  w_spend: 0.631
Epoch  93/100 — train_loss: 0.2954  val_loss: 0.2149  freq: 1.2436  spend: -0.4415  w_freq: 0.427  w_spend: 0.631
Epoch  94/100 — train_loss: 0.2995  val_loss: 0.2144  freq: 1.2434  spend: -0.4421  w_freq: 0.427  w_spend: 0.631
Epoch  95/100 — train_loss: 0.3055  val_loss: 0.2147  freq: 1.2434  spend: -0.4417  w_freq: 0.427  w_spend: 0.631
Epoch  96/100 — train_loss: 0.3016  val_loss: 0.2151  freq: 1.2435  spend: -0.4410  w_freq: 0.427  w_spend: 0.631
Epoch  97/100 — train_loss: 0.3018  val_loss: 0.2152  freq: 1.2435  spend: -0.4408  w_freq: 0.427  w_spend: 0.631
Epoch  98/100 — train_loss: 0.3036  val_loss: 0.2153  freq: 1.2436  spend: -0.4407  w_freq: 0.427  w_spend: 0.631
Epoch  99/100 — train_loss: 0.3075  val_loss: 0.2153  freq: 1.2436  spend: -0.4407  w_freq: 0.427  w_spend: 0.631
Epoch 100/100 — train_loss: 0.3015  val_loss: 0.2153  freq: 1.2436  spend: -0.4407  w_freq: 0.427  w_spend: 0.631

Checkpoint saved: /kaggle/working/results/checkpoints/transformer_joint_dunnhumby_v6_seed2024_sample.pt
Validation-fitted softmax temperature: 0.7500

Duan's smearing factor (val): 1.4251
Validation aggregate calibration: freq_factor=1.1881, spend_factor=0.9647

Running autoregressive inference on holdout period ...
  inference mode: sample  n_scenarios: 30  temperature: 0.7500

=== Prediction Diagnostics ===
  Mean predicted freq/week:    1.1539
  Mean actual freq/week:       1.1882
  Over-prediction ratio:       0.971x
  Customers predicted as zero total:  0.134
  Customers actually zero total:      0.188
  Non-zero rate (pred, avg > 0.05):  0.904
  Non-zero rate (true):               0.542

Metrics saved: /kaggle/working/results/tables/transformer_joint_dunnhumby_v6_seed2024_sample_metrics.json
Array artifacts saved: /kaggle/working/results/tables/transformer_joint_dunnhumby_v6_seed2024_sample_arrays.npz

=== Holdout Evaluation ===
  metric_definition_version: valendin_aggregate_mape_v1
  freq_rmse: 4.4267
  freq_mae: 2.4625
  freq_normalized_gini: 0.8370
  freq_calibration_factor: 1.1881
  freq_horizon_abs_bias_pct: 15.3855
  bias_pct: 15.3854
  freq_weekly_mae: 456.6402
  freq_weekly_total_true: 11872.0000
  freq_weekly_total_pred: 13698.5609
  freq_valendin_mape: 15.3855
  freq_horizon_bias_pct: 15.3855
  freq_weekly_mean_pct_mape: 15.4181
  freq_weekly_mean_pct_bias_pct: 15.4181
  freq_weekly_bias_pct: 15.3855
  freq_weekly_mape: 15.3855
  freq_mape: 15.3855
  freq_mase: 1.0982
  freq_mase_scale: 0.8235
  smearing_factor: 1.4251
  spend_calibration_factor: 0.9647
  spend_mae_raw: 66.6286
  spend_rmse_raw: 106.4806
  spend_normalized_gini: 0.8229
  spend_mae_log: 0.9855
  spend_rmse_log: 1.4826
  spend_r2_log: 0.5007
  spend_bias_pct: 4.1760
  spend_weekly_mae: 5619.8967
  spend_weekly_total_true: 347125.7605
  spend_weekly_total_pred: 361621.5869
  spend_valendin_mape: 6.4759
  spend_horizon_abs_bias_pct: 4.1760
  spend_horizon_bias_pct: 4.1760
  spend_weekly_mean_pct_mape: 6.5324
  spend_weekly_mean_pct_bias_pct: 4.3747
  spend_weekly_bias_pct: 4.1760
  spend_weekly_mape: 6.4759
  spend_mase: 1.0006
  spend_mase_scale: 27.5152
  clv_mae: 66.4503
  clv_rmse: 106.1937
  clv_spearman: 0.7843
  clv_decile_lift: 3.3971
  clv_normalized_gini: 0.8229
  clv_total_true: 346205.2188
  clv_total_pred: 360636.4688
  calibration_temperature_source: rolling_origin_autoregressive
  validation_temperature: 0.7500
  smearing_source: rolling_origin_autoregressive
  calibration_source: rolling_origin_autoregressive
  validation_freq_true_total: 2215.0000
  validation_freq_pred_total: 1864.2911
  validation_spend_true_total: 63355.4414
  validation_spend_pred_total: 65675.6289
  validation_freq_calibration_factor: 1.1881
  validation_spend_calibration_factor: 0.9647
  validation_rolling_origin_count: 2
  protocol_name: dunnhumby_configured_80x4
  cohort_size: 2498
  calibration_weeks: 80
  holdout_weeks: 4
  inference_mode: sample
  n_scenarios: 30
  final_manifest_version: 2026-05-29-v7-v8-extension3-sweep
  final_manifest_run_name: transformer_joint_dunnhumby_v6_seed2024_sample
  final_manifest_config: experiments/configs/transformer_joint_dunnhumby_v6.yaml
  final_manifest_config_hash: 0bec45addf8e
  final_manifest_actual_config_hash: 268e9a620194
  final_manifest_seed: 2024
  final_manifest_epochs: 100
  final_manifest_inference_mode: sample
  final_manifest_n_scenarios: 30
  run_valid: False
  run_invalid_reason: absolute frequency bias 15.4% exceeds 15.0%
  run_warning: large frequency bias (15.4%)
  epochs_completed: 100
  max_epochs_configured: 100
History saved: /kaggle/working/results/tables/transformer_joint_dunnhumby_v6_seed2024_sample_history.json
