[Kaggle] raw_dir  → /kaggle/working/input/tafeng-dataset
[Kaggle] results  → /kaggle/working/results
Config: experiments/configs/transformer_joint_tafeng_v6b.yaml
Run: transformer_joint_tafeng_v6b_seed7_sample
Device: cuda
Loading dataset: tafeng ...
[pipeline] freq_cap=4 (auto q=0.99) → freq_bins=[0, 1, 2, 3]... (n_classes=5)
  Train customers: 25029, Val: 2780, Inference: 27809
[tafeng] Customers with 0 calibration transactions: 0 / 27809
  top-bin decode: class_values[-1] = 4.473 (max_trans = 4)
Model: transformer — 102,086 parameters

Training for up to 100 epochs ...
/kaggle/working/thesis-code/src/training/trainer.py:135: FutureWarning: `torch.cuda.amp.GradScaler(args...)` is deprecated. Please use `torch.amp.GradScaler('cuda', args...)` instead.
  self.scaler = torch.cuda.amp.GradScaler(enabled=self.amp_enabled)
[Kendall] log_vars frozen for 10 warm-up epochs.
Epoch   1/100 — train_loss: 2.0133  val_loss: 0.8813  freq: 1.5112  spend: 0.2514  w_freq: 0.500  w_spend: 0.500
Epoch   2/100 — train_loss: 0.5328  val_loss: 0.4096  freq: 0.6323  spend: 0.1869  w_freq: 0.500  w_spend: 0.500
Epoch   3/100 — train_loss: 0.4152  val_loss: 0.3729  freq: 0.6112  spend: 0.1346  w_freq: 0.500  w_spend: 0.500
Epoch   4/100 — train_loss: 0.3785  val_loss: 0.3621  freq: 0.6171  spend: 0.1071  w_freq: 0.500  w_spend: 0.500
Epoch   5/100 — train_loss: 0.3643  val_loss: 0.3437  freq: 0.5899  spend: 0.0975  w_freq: 0.500  w_spend: 0.500
Epoch   6/100 — train_loss: 0.3565  val_loss: 0.3405  freq: 0.5861  spend: 0.0949  w_freq: 0.500  w_spend: 0.500
Epoch   7/100 — train_loss: 0.3495  val_loss: 0.3450  freq: 0.5958  spend: 0.0942  w_freq: 0.500  w_spend: 0.500
Epoch   8/100 — train_loss: 0.3472  val_loss: 0.3391  freq: 0.5875  spend: 0.0908  w_freq: 0.500  w_spend: 0.500
Epoch   9/100 — train_loss: 0.3456  val_loss: 0.3336  freq: 0.5808  spend: 0.0864  w_freq: 0.500  w_spend: 0.500
Epoch  10/100 — train_loss: 0.3429  val_loss: 0.3364  freq: 0.5831  spend: 0.0897  w_freq: 0.500  w_spend: 0.500
[Kendall] log_vars unfrozen at epoch 11.
[spend-norm] frozen at 0.1467 (absolute val-loss magnitude shifts accordingly; early stopping is relative so this is safe)
Epoch  11/100 — train_loss: 0.6202  val_loss: 0.5763  freq: 0.5793  spend: 0.5906  w_freq: 0.505  w_spend: 0.505
Epoch  12/100 — train_loss: 0.5985  val_loss: 0.5772  freq: 0.5804  spend: 0.6071  w_freq: 0.517  w_spend: 0.515
Epoch  13/100 — train_loss: 0.5934  val_loss: 0.5701  freq: 0.5794  spend: 0.6083  w_freq: 0.528  w_spend: 0.525
Epoch  14/100 — train_loss: 0.5850  val_loss: 0.5494  freq: 0.5818  spend: 0.5808  w_freq: 0.539  w_spend: 0.535
Epoch  15/100 — train_loss: 0.5751  val_loss: 0.5434  freq: 0.5785  spend: 0.5856  w_freq: 0.550  w_spend: 0.544
Epoch  16/100 — train_loss: 0.5639  val_loss: 0.5269  freq: 0.5810  spend: 0.5659  w_freq: 0.562  w_spend: 0.554
Epoch  17/100 — train_loss: 0.5653  val_loss: 0.5328  freq: 0.5788  spend: 0.5890  w_freq: 0.574  w_spend: 0.563
Epoch  18/100 — train_loss: 0.5550  val_loss: 0.5103  freq: 0.5794  spend: 0.5582  w_freq: 0.584  w_spend: 0.571
Epoch  19/100 — train_loss: 0.5434  val_loss: 0.5309  freq: 0.5789  spend: 0.6037  w_freq: 0.595  w_spend: 0.580
Epoch  20/100 — train_loss: 0.5418  val_loss: 0.5334  freq: 0.5786  spend: 0.6162  w_freq: 0.606  w_spend: 0.589
Epoch  21/100 — train_loss: 0.5359  val_loss: 0.4956  freq: 0.5792  spend: 0.5603  w_freq: 0.615  w_spend: 0.598
Epoch  22/100 — train_loss: 0.5328  val_loss: 0.5062  freq: 0.5786  spend: 0.5847  w_freq: 0.626  w_spend: 0.606
Epoch  23/100 — train_loss: 0.5191  val_loss: 0.4907  freq: 0.5780  spend: 0.5657  w_freq: 0.634  w_spend: 0.613
Epoch  24/100 — train_loss: 0.5169  val_loss: 0.4841  freq: 0.5780  spend: 0.5617  w_freq: 0.644  w_spend: 0.621
Epoch  25/100 — train_loss: 0.5078  val_loss: 0.4696  freq: 0.5779  spend: 0.5449  w_freq: 0.654  w_spend: 0.630
Epoch  26/100 — train_loss: 0.5116  val_loss: 0.4990  freq: 0.5794  spend: 0.5950  w_freq: 0.663  w_spend: 0.638
Epoch  27/100 — train_loss: 0.5210  val_loss: 0.4808  freq: 0.5791  spend: 0.5710  w_freq: 0.673  w_spend: 0.646
Epoch  28/100 — train_loss: 0.5033  val_loss: 0.5015  freq: 0.5786  spend: 0.6065  w_freq: 0.680  w_spend: 0.651
Epoch  29/100 — train_loss: 0.4984  val_loss: 0.4592  freq: 0.5792  spend: 0.5457  w_freq: 0.688  w_spend: 0.658
Early stopping triggered at epoch 29.

Checkpoint saved: /kaggle/working/results/checkpoints/transformer_joint_tafeng_v6b_seed7_sample.pt
Validation-fitted softmax temperature: 0.7500

Duan's smearing factor (val): 1.9031
Validation aggregate calibration: freq_factor=1.7693, spend_factor=1.5364

Running autoregressive inference on holdout period ...
  inference mode: sample  n_scenarios: 30  temperature: 0.7500

=== Prediction Diagnostics ===
  Mean predicted freq/week:    0.1554
  Mean actual freq/week:       0.2167
  Over-prediction ratio:       0.717x
  Customers predicted as zero total:  0.593
  Customers actually zero total:      0.504
  Non-zero rate (pred, avg > 0.05):  0.628
  Non-zero rate (true):               0.175

Metrics saved: /kaggle/working/results/tables/transformer_joint_tafeng_v6b_seed7_sample_metrics.json
Array artifacts saved: /kaggle/working/results/tables/transformer_joint_tafeng_v6b_seed7_sample_arrays.npz

=== Holdout Evaluation ===
  metric_definition_version: valendin_aggregate_mape_v1
  freq_rmse: 1.6810
  freq_mae: 1.0055
  freq_normalized_gini: 0.6335
  freq_calibration_factor: 1.7693
  freq_horizon_abs_bias_pct: 26.8779
  bias_pct: 26.8779
  freq_weekly_mae: 1619.5028
  freq_weekly_total_true: 30127.0000
  freq_weekly_total_pred: 38224.5142
  freq_valendin_mape: 26.8779
  freq_horizon_bias_pct: 26.8779
  freq_weekly_mean_pct_mape: 31.3455
  freq_weekly_mean_pct_bias_pct: 31.3455
  freq_weekly_bias_pct: 26.8779
  freq_weekly_mape: 26.8779
  freq_mape: 26.8779
  freq_mase: 0.8971
  freq_mase_scale: 0.3519
  smearing_factor: 1.9031
  spend_calibration_factor: 1.5364
  spend_mae_raw: 1155.0911
  spend_rmse_raw: 3261.3765
  spend_normalized_gini: 0.5621
  spend_mae_log: 3.6432
  spend_rmse_log: 4.5908
  spend_r2_log: -0.6909
  spend_bias_pct: 68.3570
  spend_weekly_mae: 3214625.9838
  spend_weekly_total_true: 23513493.8879
  spend_weekly_total_pred: 39586623.8069
  spend_valendin_mape: 68.3570
  spend_horizon_abs_bias_pct: 68.3570
  spend_horizon_bias_pct: 68.3570
  spend_weekly_mean_pct_mape: 71.5697
  spend_weekly_mean_pct_bias_pct: 71.5697
  spend_weekly_bias_pct: 68.3570
  spend_weekly_mape: 68.3570
  spend_mase: 1.1254
  spend_mase_scale: 289.2989
  clv_mae: 1155.0911
  clv_rmse: 3261.3765
  clv_spearman: 0.4165
  clv_decile_lift: 3.4166
  clv_normalized_gini: 0.5621
  clv_total_true: 23513494.0000
  clv_total_pred: 39586624.0000
  calibration_temperature_source: rolling_origin_autoregressive
  validation_temperature: 0.7500
  smearing_source: rolling_origin_autoregressive
  calibration_source: rolling_origin_autoregressive
  validation_freq_true_total: 2897.0000
  validation_freq_pred_total: 1637.3530
  validation_spend_true_total: 3010621.0000
  validation_spend_pred_total: 1959478.0625
  validation_freq_calibration_factor: 1.7693
  validation_spend_calibration_factor: 1.5364
  validation_rolling_origin_count: 2
  protocol_name: tafeng_configured_12x5
  cohort_size: 27809
  calibration_weeks: 12
  holdout_weeks: 5
  inference_mode: sample
  n_scenarios: 30
  final_manifest_version: 2026-05-29-v7-v8-extension3-sweep
  final_manifest_run_name: transformer_joint_tafeng_v6b_seed7_sample
  final_manifest_config: experiments/configs/transformer_joint_tafeng_v6b.yaml
  final_manifest_config_hash: 01ad7300cadf
  final_manifest_actual_config_hash: a5b4f9fca713
  final_manifest_seed: 7
  final_manifest_epochs: 100
  final_manifest_inference_mode: sample
  final_manifest_n_scenarios: 30
  run_valid: False
  run_invalid_reason: absolute frequency bias 26.9% exceeds 15.0%; absolute spend bias 68.4% exceeds 50.0%
  run_warning: large frequency bias (26.9%); large spend bias (68.4%)
  epochs_completed: 29
  max_epochs_configured: 100
History saved: /kaggle/working/results/tables/transformer_joint_tafeng_v6b_seed7_sample_history.json
